________Validate build________
________Validate chainspecs________
ethcore/res/authority_round_block_reward_contract.json is valid
ethcore/res/authority_round_empty_steps.json is valid
ethcore/res/authority_round.json is valid
ethcore/res/basic_authority.json is valid
ethcore/res/constructor.json is valid
ethcore/res/instant_seal.json is valid
ethcore/res/null.json is valid
ethcore/res/null_morden.json is valid
ethcore/res/null_morden_with_reward.json is valid
ethcore/res/tendermint.json is valid
ethcore/res/validator_contract.json is valid
ethcore/res/validator_multi.json is valid
ethcore/res/validator_safe_contract.json is valid
ethcore/res/ethereum/byzantium_test.json is valid
________Validate build________
    Finished dev [unoptimized + debuginfo] target(s) in 0.50s
    Finished dev [unoptimized + debuginfo] target(s) in 0.26s
    Finished dev [unoptimized + debuginfo] target(s) in 0.26s
________Validate chainspecs________
    Finished release [optimized] target(s) in 0.28s
ethcore/res/authority_round_block_reward_contract.json is valid
ethcore/res/authority_round_empty_steps.json is valid
ethcore/res/authority_round.json is valid
ethcore/res/basic_authority.json is valid
ethcore/res/constructor.json is valid
ethcore/res/instant_seal.json is valid
ethcore/res/null.json is valid
ethcore/res/null_morden.json is valid
ethcore/res/null_morden_with_reward.json is valid
ethcore/res/tendermint.json is valid
ethcore/res/validator_contract.json is valid
ethcore/res/validator_multi.json is valid
ethcore/res/validator_safe_contract.json is valid
ethcore/res/ethereum/byzantium_test.json is valid
ethcore/res/ethereum/classic.json is valid
ethcore/res/ethereum/constantinople_test.json is valid
ethcore/res/ethereum/easthub.json is valid
ethcore/res/ethereum/eip150_test.json is valid
ethcore/res/ethereum/eip161_test.json is valid
ethcore/res/ethereum/ellaism.json is valid
ethcore/res/ethereum/expanse.json is valid
ethcore/res/ethereum/foundation.json is valid
ethcore/res/ethereum/frontier_like_test.json is valid
ethcore/res/ethereum/frontier_test.json is valid
ethcore/res/ethereum/homestead_test.json is valid
ethcore/res/ethereum/kovan.json is valid
ethcore/res/ethereum/kovan_wasm_test.json is valid
ethcore/res/ethereum/mcip3_test.json is valid
ethcore/res/ethereum/mcip6_byz.json is valid
ethcore/res/ethereum/morden.json is valid
ethcore/res/ethereum/musicoin.json is valid
ethcore/res/ethereum/olympic.json is valid
ethcore/res/ethereum/ropsten.json is valid
ethcore/res/ethereum/social.json is valid
ethcore/res/ethereum/tobalaba.json is valid
ethcore/res/ethereum/transition_test.json is valid
________Running Parity Full Test Suite________
    Finished release [optimized] target(s) in 1.19s
     Running target/release/deps/blooms_db-4b91c8ecc394f627

running 3 tests
test db::tests::test_database ... ok
test db::tests::test_database2 ... ok
test file::tests::test_file ... ok

test result: ok. 3 passed; 0 failed; 0 ignored; 0 measured; 0 filtered out

     Running target/release/deps/chainspec-577106c17778475c

running 0 tests

test result: ok. 0 passed; 0 failed; 0 ignored; 0 measured; 0 filtered out

     Running target/release/deps/common_types-206c2d2b738e6ceb

running 9 tests
test filter::tests::test_bloom_possibilites_multiple_addresses_and_topics ... ok
test filter::tests::test_bloom_possibilities_single_address_and_many_topics ... ok
test filter::tests::test_filter_matches ... ok
test log_entry::tests::test_empty_log_bloom ... ok
test filter::tests::test_bloom_possibilities_single_address_and_topic ... ok
test receipt::tests::test_basic ... ok
test receipt::tests::test_no_state_root ... ok
test receipt::tests::test_status_code ... ok
test filter::tests::test_bloom_possibilities_none ... ok

test result: ok. 9 passed; 0 failed; 0 ignored; 0 measured; 0 filtered out

     Running target/release/deps/dir-675761a8400b8465

running 1 test
test tests::test_default_directories ... ok

test result: ok. 1 passed; 0 failed; 0 ignored; 0 measured; 0 filtered out

     Running target/release/deps/ethash-0b4cdaebf831e0f8

running 10 tests
test compute::test::test_difficulty_test ... ok
test compute::test::test_get_cache_size ... ok
test compute::test::test_get_data_size ... ok
test seed_compute::tests::test_seed_compute_after_newer ... ok
test seed_compute::tests::test_seed_compute_after_older ... ok
test seed_compute::tests::test_seed_compute_zero ... ok
test seed_compute::tests::test_seed_compute_once ... ok
test compute::test::test_light_compute ... ok
test test_lru ... ok
test compute::test::test_drop_old_data ... ok

test result: ok. 10 passed; 0 failed; 0 ignored; 0 measured; 0 filtered out

     Running target/release/deps/ethcore-ca4fae4c9e723cee

running 450 tests
test account_provider::stores::tests::should_maintain_a_map_of_recent_dapps ... ok
test account_provider::stores::tests::should_remove_address ... ok
test account_provider::stores::tests::should_save_and_reload_address_book ... ok
test account_provider::stores::tests::should_save_and_reload_dapps_settings ... ok
test account_provider::stores::tests::should_store_dapps_policy ... ok
test account_provider::tests::should_not_return_blacklisted_account ... ok
test account_provider::tests::should_reset_dapp_addresses_to_default ... ok
test account_provider::tests::should_set_dapps_default_address ... ok
test account_provider::tests::should_set_dapps_policy_and_default_account ... ok
test account_provider::tests::should_sign_and_return_token ... ok
test account_provider::tests::derived_account_nosave ... ok
test account_provider::tests::derived_account_save ... ok
test account_provider::tests::unlock_account_perm ... ok
test block::tests::enact_block ... ok
test block::tests::enact_block_with_uncle ... ok
test block::tests::open_block ... ok
test blockchain::blockchain::tests::basic_blockchain_insert ... ok
test account_provider::tests::unlock_account_temp ... ok
test account_provider::tests::unlock_account_timer ... ok
test blockchain::blockchain::tests::can_contain_arbitrary_block_sequence ... ok
test blockchain::blockchain::tests::can_contain_only_genesis_block ... ok
test blockchain::blockchain::tests::check_ancestry_iter ... ok
test blockchain::blockchain::tests::epoch_transition_for ... ok
test blockchain::blockchain::tests::epoch_transitions_iter ... ok
test blockchain::blockchain::tests::find_transaction_by_hash ... ok
test blockchain::blockchain::tests::should_cache_best_block ... ok
test blockchain::blockchain::tests::can_contain_arbitrary_block_sequence_with_extra ... ok
test blockchain::blockchain::tests::test_best_block_update ... ok
test blockchain::blockchain::tests::test_find_uncles ... ok
test blockchain::blockchain::tests::test_fork_transaction_addresses ... ok
test blockchain::blockchain::tests::test_bloom_filter_simple ... ok
test blockchain::blockchain::tests::test_insert_unordered ... ok
test blockchain::blockchain::tests::test_overwriting_transaction_addresses ... ok
test blockchain::blockchain::tests::test_reopen_blockchain_db ... ok
test blockchain::blockchain::tests::test_small_fork ... ok
test blockchain::extras::tests::encode_block_receipts ... ok
test blockchain::generator::tests::test_block_builder ... ok
test blockchain::blockchain::tests::test_logs ... ok
test blockchain::import_route::tests::import_route_branch ... ok
test blockchain::import_route::tests::import_route_branch_becoming_canon_chain ... ok
test blockchain::import_route::tests::import_route_canon_chain ... ok
test blockchain::import_route::tests::import_route_none ... ok
test builtin::tests::bn128_add ... ok
test builtin::tests::bn128_mul ... ok
test builtin::tests::bn128_pairing_empty ... ok
test builtin::tests::bn128_pairing_fragmented ... ok
test builtin::tests::bn128_pairing_notcurve ... ok
test builtin::tests::ecrecover ... ok
test blockchain::generator::tests::test_block_builder_fork ... ok
test builtin::tests::from_named_linear ... ok
test builtin::tests::from_unknown_linear ... ok
test builtin::tests::identity ... ok
test builtin::tests::is_active ... ok
test builtin::tests::modexp ... ok
test builtin::tests::modexp_func ... ok
test builtin::tests::ripemd160 ... ok
test builtin::tests::sha256 ... ok
test builtin::tests::from_json ... ok
test client::client::tests::should_return_correct_log_index ... ok
test client::config::test::test_default_compaction_profile ... ok
test client::config::test::test_parsing_compaction_profile ... ok
test engines::authority_round::finality::tests::finalize_multiple ... ok
test engines::authority_round::finality::tests::finalize_multiple_signers ... ok
test engines::authority_round::finality::tests::from_ancestry ... ok
test client::client::tests::should_not_cache_details_before_commit ... ok
test engines::authority_round::finality::tests::from_ancestry_multiple_signers ... ok
test engines::authority_round::finality::tests::rejects_unknown_signers ... ok
test engines::authority_round::tests::block_reward_contract ... ok
test account_provider::tests::derived_account_sign ... ok
test engines::authority_round::tests::can_do_signature_verification_fail ... ok
test engines::authority_round::tests::broadcast_empty_step_message ... ok
test engines::authority_round::tests::can_return_schedule ... ok
test engines::authority_round::tests::has_valid_metadata ... ok
test engines::authority_round::tests::checks_difficulty_in_generate_seal ... ok
test engines::authority_round::tests::generates_seal_and_does_not_double_propose ... ok
test blockchain::blockchain::tests::can_collect_garbage ... ok
test engines::authority_round::tests::proposer_switching ... ok
test engines::authority_round::tests::reports_skipped ... ok
test engines::authority_round::tests::rejects_future_block ... ok
test engines::authority_round::tests::rejects_step_backwards ... ok
test engines::authority_round::tests::test_counter_duration_remaining_too_high ... ok
test engines::authority_round::tests::test_counter_increment_too_high ... ok
test engines::authority_round::tests::test_step_duration_zero ... ok
test engines::authority_round::tests::reward_empty_steps ... ok
test engines::authority_round::tests::test_uncles_transition ... ok
test engines::basic_authority::tests::can_do_signature_verification_fail ... ok
test engines::authority_round::tests::seal_empty_block_with_empty_steps ... ok
test engines::authority_round::tests::seal_with_empty_steps ... ok
test engines::basic_authority::tests::can_return_schedule ... ok
test engines::basic_authority::tests::can_generate_seal ... ok
test engines::basic_authority::tests::has_valid_metadata ... ok
test engines::instant_seal::tests::instant_can_seal ... ok
test engines::instant_seal::tests::instant_cant_verify ... ok
test engines::basic_authority::tests::seals_internally ... ok
test engines::tendermint::message::tests::encode_step ... ok
test engines::tendermint::message::tests::encode_decode ... ok
test engines::tendermint::message::tests::proposal_message ... ok
test engines::tendermint::message::tests::step_ordering ... ok
test engines::block_reward::test::block_reward_contract ... ok
test engines::authority_round::tests::verify_seal_empty_steps ... ok
test engines::tendermint::message::tests::generate_and_verify ... ok
test engines::tendermint::tests::can_return_schedule ... ok
test engines::tendermint::tests::can_generate_seal ... ok
test engines::tendermint::tests::can_recognize_proposal ... ok
test engines::tendermint::tests::has_valid_metadata ... ok
test engines::tendermint::tests::allows_correct_proposer ... ok
test engines::tendermint::tests::epoch_verifier_verify_light ... ok
test engines::tendermint::tests::verification_fails_on_short_seal ... ok
test engines::tendermint::tests::relays_messages ... ok
test engines::tendermint::tests::seal_signatures_checking ... ok
test engines::validator_set::contract::tests::fetches_validators ... ok
test engines::validator_set::multi::tests::transition_to_fixed_list_instant ... ok
test engines::validator_set::safe_contract::tests::detects_bloom ... ok
test engines::validator_set::safe_contract::tests::fetches_validators ... ok
test engines::tendermint::tests::seal_submission ... ok
test engines::validator_set::safe_contract::tests::initial_contract_is_signal ... ok
test engines::validator_set::simple_list::tests::simple_list ... ok
test engines::vote_collector::tests::count_votes ... ok
test engines::vote_collector::tests::malicious_authority ... ok
test engines::vote_collector::tests::remove_old ... ok
test engines::vote_collector::tests::seal_retrieval ... ok
test ethereum::ethash::tests::can_do_difficulty_verification_fail ... ok
test engines::validator_set::contract::tests::reports_validators ... ok
test ethereum::ethash::tests::can_do_proof_of_work_verification_fail ... ok
test engines::validator_set::multi::tests::uses_current_set ... ok
test ethereum::ethash::tests::can_do_seal_unordered_verification_fail ... ok
test ethereum::ethash::tests::can_do_seal_unordered_verification_fail2 ... ok
test ethereum::ethash::tests::can_do_seal_verification_fail ... ok
test ethereum::ethash::tests::can_return_schedule ... ok
test ethereum::ethash::tests::can_verify_block_family_difficulty_fail ... ok
test ethereum::ethash::tests::can_verify_block_family_genesis_fail ... ok
test ethereum::ethash::tests::difficulty_classic_bomb_delay ... ok
test engines::validator_set::safe_contract::tests::knows_validators ... ok
test ethereum::ethash::tests::difficulty_homestead ... ok
test ethereum::ethash::tests::difficulty_frontier ... ok
test ethereum::ethash::tests::has_valid_ecip1017_eras_block_reward ... ok
test ethereum::ethash::tests::difficulty_max_timestamp ... ok
test ethereum::ethash::tests::has_valid_metadata ... ok
test ethereum::ethash::tests::has_valid_mcip3_era_block_rewards ... ok
test ethereum::ethash::tests::on_close_block_with_uncle ... ok
test ethereum::ethash::tests::on_close_block ... ok
test ethereum::ethash::tests::test_difficulty_bomb_continue ... ok
test ethereum::ethash::tests::test_difficulty_to_boundary ... ok
test ethereum::ethash::tests::test_extra_info ... ok
test ethereum::tests::ensure_db_good ... ok
test ethereum::tests::morden ... ok
test executive::tests::test_call_to_create ... ok
test executive::tests::test_call_to_precompiled_tracing ... ok
test executive::tests::test_contract_address ... ok
test executive::tests::test_create_contract ... ok
test executive::tests::test_create_contract_out_of_depth_int ... ok
test executive::tests::test_create_contract_value_too_high_int ... ok
test executive::tests::test_create_contract_without_max_depth_int ... ok
test executive::tests::test_keccak_int ... ok
test executive::tests::test_not_enough_cash_int ... ok
test executive::tests::test_revert_int ... ok
test executive::tests::test_sender_balance_int ... ok
test executive::tests::test_trace_reverted_create ... ok
test executive::tests::test_transact_gas_limit_reached_int ... ok
test executive::tests::test_transact_invalid_nonce_int ... ok
test ethereum::tests::frontier ... ok
test executive::tests::wasm_activated_test ... ok
test externalities::tests::can_call_fail_empty ... ok
test externalities::tests::can_log ... ok
test externalities::tests::can_return_block_hash ... ok
test externalities::tests::can_be_created ... ok
test externalities::tests::can_return_block_hash_no_env ... ok
test header::tests::decode_and_encode_header ... ok
test header::tests::test_header_seal_fields ... ok
test externalities::tests::can_suicide ... ok
   - badOpcodes_d3g0v0_Byzantium...ok
   - badOpcodes_d3g0v0_EIP150...ok
   - badOpcodes_d3g0v0_EIP158...ok
   - badOpcodes_d3g0v0_Frontier...ok
   - badOpcodes_d3g0v0_Homestead...ok
   - badOpcodes_d27g0v0_Byzantium...   - ContractCreationSpam_d0g0v0_Byzantium...ok
   - badOpcodes_d27g0v0_EIP150...ok
   - ContractCreationSpam_d0g0v0_EIP150...ok
   - badOpcodes_d27g0v0_EIP158...ok
   - ContractCreationSpam_d0g0v0_EIP158...ok
   - badOpcodes_d27g0v0_Frontier...ok
   - ContractCreationSpam_d0g0v0_Frontier...ok
   - badOpcodes_d27g0v0_Homestead...ok
   - badOpcodes_d116g0v0_Byzantium...ok
   - badOpcodes_d116g0v0_EIP150...ok
   - badOpcodes_d116g0v0_EIP158...ok
   - badOpcodes_d116g0v0_Frontier...ok
   - badOpcodes_d116g0v0_Homestead...ok
   - badOpcodes_d83g0v0_Byzantium...ok
   - badOpcodes_d83g0v0_EIP150...ok
   - badOpcodes_d83g0v0_EIP158...ok
   - badOpcodes_d83g0v0_Frontier...ok
   - badOpcodes_d83g0v0_Homestead...ok
   - ContractCreationSpam_d0g0v0_Homestead...ok
   - badOpcodes_d54g0v0_Byzantium...ok
   - badOpcodes_d54g0v0_EIP150...ok
   - badOpcodes_d54g0v0_EIP158...ok
   - badOpcodes_d54g0v0_Frontier...ok
   - badOpcodes_d54g0v0_Homestead...ok
   - badOpcodes_d43g0v0_Byzantium...ok
   - badOpcodes_d43g0v0_EIP150...ok
   - badOpcodes_d43g0v0_EIP158...ok
   - badOpcodes_d43g0v0_Frontier...ok
   - badOpcodes_d43g0v0_Homestead...ok
   - CrashingTransaction_d0g0v0_Byzantium...ok
   - badOpcodes_d73g0v0_Byzantium...ok
   - CrashingTransaction_d0g0v0_EIP150...ok
   - badOpcodes_d73g0v0_EIP150...ok
   - badOpcodes_d73g0v0_EIP158...ok
   - CrashingTransaction_d0g0v0_EIP158...ok
   - badOpcodes_d73g0v0_Frontier...ok
   - CrashingTransaction_d0g0v0_Frontier...ok
   - badOpcodes_d73g0v0_Homestead...ok
   - CrashingTransaction_d0g0v0_Homestead...ok
   - badOpcodes_d81g0v0_Byzantium...ok
   - badOpcodes_d81g0v0_EIP150...ok
test json_tests::chain::block_tests::BlockchainTests_GeneralStateTest_stAttackTest ... ok
   - callcodecallcodecall_110_OOGMAfter_d0g0v0_Byzantium...ok
   - callcodecallcodecall_110_OOGMAfter_d0g0v0_EIP150...ok
   - badOpcodes_d81g0v0_EIP158...ok
   - callcodecallcodecall_110_OOGMAfter_d0g0v0_EIP158...ok
   - badOpcodes_d81g0v0_Frontier...WARN:ethash: Light cache file write error: No such file or directory (os error 2)
test ethereum::ethash::tests::can_do_seal256_verification_fail ... ok
ok
   - callcodecallcodecall_110_OOGMAfter_d0g0v0_Frontier...   - callcodecallcodecall_110_OOGMAfter_d0g0v0_Byzantium...ok
   - badOpcodes_d81g0v0_Homestead...ok
   - callcodecallcodecall_110_OOGMAfter_d0g0v0_Homestead...ok
   - callcodecallcodecall_110_OOGMAfter_d0g0v0_EIP150...WARN:ethash: Light cache file write error: No such file or directory (os error 2)
test ethereum::ethash::tests::can_do_proof_of_work_unordered_verification_fail ... ok
   - callcodecallcodecall_110_OOGMAfter_d0g0v0_Byzantium...ok
   - badOpcodes_d12g0v0_Byzantium...ok
   - callcallcall_000_OOGMAfter_d0g0v0_Byzantium...ok
   - callcodecallcodecall_110_OOGMAfter_d0g0v0_EIP158...ok
   - callcodecallcodecall_110_OOGMAfter_d0g0v0_EIP150...ok
   - badOpcodes_d12g0v0_EIP150...ok
   - callcallcall_000_OOGMAfter_d0g0v0_EIP150...ok
   - callcodecallcodecall_110_OOGMAfter_d0g0v0_EIP158...ok
   - callcodecallcodecall_110_OOGMAfter_d0g0v0_Frontier...ok
   - callcodecallcodecall_110_OOGMAfter_d0g0v0_Frontier...ok
   - badOpcodes_d12g0v0_EIP158...ok
   - callcodecallcodecall_110_OOGMAfter_d0g0v0_Homestead...ok
   - callcallcall_000_OOGMAfter_d0g0v0_EIP158...ok
   - callcodecallcodecall_110_OOGMAfter_d0g0v0_Homestead...ok
   - badOpcodes_d12g0v0_Frontier...ok
   - callcallcall_000_OOGMAfter_d0g0v0_Frontier...ok
   - callcodecallcodecall_110_OOGE_d0g0v0_Byzantium...ok
   - callcodecallcodecall_110_OOGE_d0g0v0_Byzantium...ok
   - callcallcall_000_OOGMAfter_d0g0v0_Homestead...ok
   - badOpcodes_d12g0v0_Homestead...ok
   - callcodecallcodecall_110_OOGE_d0g0v0_EIP150...ok
   - callcodecallcodecall_110_OOGE_d0g0v0_EIP150...ok
   - callcodecallcodecall_110_OOGE_d0g0v0_Byzantium...ok
   - badOpcodes_d115g0v0_Byzantium...ok
   - callcodecallcodecall_110_OOGE_d0g0v0_EIP158...ok
   - callcodecallcodecall_110_OOGE_d0g0v0_EIP158...ok
   - callcodecallcodecall_110_OOGE_d0g0v0_Frontier...ok
   - badOpcodes_d115g0v0_EIP150...ok
   - callcodecallcodecall_110_OOGE_d0g0v0_Frontier...ok
   - callcodecallcodecall_110_OOGE_d0g0v0_EIP150...ok
   - callcodecallcodecall_110_OOGE_d0g0v0_Homestead...ok
   - badOpcodes_d115g0v0_EIP158...ok
   - callcodecallcodecall_110_OOGE_d0g0v0_Homestead...ok
   - callcodecallcodecall_110_OOGE_d0g0v0_EIP158...ok
   - callcallcodecall_010_OOGMAfter_d0g0v0_Byzantium...ok
   - callcodecallcodecall_110_OOGE_d0g0v0_Frontier...ok
ok
   - badOpcodes_d115g0v0_Frontier...   - callcallcodecall_010_OOGMAfter_d0g0v0_Byzantium...ok
   - callcodecallcodecall_110_OOGE_d0g0v0_Homestead...ok
   - callcallcodecall_010_OOGMAfter_d0g0v0_EIP150...ok
   - callcodeInInitcodeToExisContractWithVTransferNEMoney_d0g0v0_Byzantium...ok
   - callcallcodecall_010_OOGMAfter_d0g0v0_EIP150...ok
   - badOpcodes_d115g0v0_Homestead...ok
   - callcodeInInitcodeToExisContractWithVTransferNEMoney_d0g0v0_EIP150...ok
   - callcallcodecall_010_OOGMAfter_d0g0v0_EIP158...ok
   - callcallcodecall_010_OOGMAfter_d0g0v0_EIP158...ok
   - badOpcodes_d85g0v0_Byzantium...ok
   - callcodeInInitcodeToExisContractWithVTransferNEMoney_d0g0v0_EIP158...ok
   - callcallcodecall_010_OOGMAfter_d0g0v0_Frontier...ok
   - badOpcodes_d85g0v0_EIP150...ok
   - callcodeInInitcodeToExisContractWithVTransferNEMoney_d0g0v0_Frontier...ok
   - callcallcodecall_010_OOGMAfter_d0g0v0_Frontier...ok
   - callcallcodecall_010_OOGMAfter_d0g0v0_Homestead...ok
   - badOpcodes_d85g0v0_EIP158...ok
   - callcodeInInitcodeToExisContractWithVTransferNEMoney_d0g0v0_Homestead...ok
   - callcallcodecall_010_OOGMAfter_d0g0v0_Homestead...ok
   - badOpcodes_d85g0v0_Frontier...ok
   - callcallcallcode_001_SuicideMiddle_d0g0v0_Byzantium...ok
   - callcallcallcode_001_SuicideMiddle_d0g0v0_Byzantium...ok
   - callcall_00_SuicideEnd_d0g0v0_Byzantium...ok
   - callcallcallcode_001_SuicideMiddle_d0g0v0_EIP150...ok
   - badOpcodes_d85g0v0_Homestead...ok
   - badOpcodes_d66g0v0_Byzantium...ok
   - callcall_00_SuicideEnd_d0g0v0_EIP150...ok
   - callcallcallcode_001_SuicideMiddle_d0g0v0_EIP150...ok
   - callcallcallcode_001_SuicideMiddle_d0g0v0_EIP158...ok
   - callcall_00_SuicideEnd_d0g0v0_EIP158...ok
   - badOpcodes_d66g0v0_EIP150...ok
   - callcallcallcode_001_SuicideMiddle_d0g0v0_EIP158...ok
   - badOpcodes_d66g0v0_EIP158...ok
   - callcallcallcode_001_SuicideMiddle_d0g0v0_Frontier...ok
   - callcall_00_SuicideEnd_d0g0v0_Frontier...ok
   - badOpcodes_d66g0v0_Frontier...ok
   - callcallcallcode_001_SuicideMiddle_d0g0v0_Frontier...ok
   - callcallcallcode_001_SuicideMiddle_d0g0v0_Homestead...ok
   - callcall_00_SuicideEnd_d0g0v0_Homestead...ok
   - badOpcodes_d66g0v0_Homestead...ok
   - callcallcallcode_001_SuicideMiddle_d0g0v0_Homestead...ok
   - badOpcodes_d23g0v0_Byzantium...ok
   - callcallcallcode_001_OOGMBefore_d0g0v0_Byzantium...ok
   - callcallcodecall_010_OOGMAfter_d0g0v0_Byzantium...ok
   - callcallcallcode_001_OOGMBefore_d0g0v0_EIP150...ok
   - callcallcodecall_010_OOGMAfter_d0g0v0_EIP150...ok
   - callcallcallcode_001_OOGMBefore_d0g0v0_Byzantium...ok
   - badOpcodes_d23g0v0_EIP150...ok
   - callcallcallcode_001_OOGMBefore_d0g0v0_EIP158...ok
   - callcallcodecall_010_OOGMAfter_d0g0v0_EIP158...ok
   - callcallcallcode_001_OOGMBefore_d0g0v0_EIP150...ok
   - callcallcallcode_001_OOGMBefore_d0g0v0_Frontier...ok
   - callcallcodecall_010_OOGMAfter_d0g0v0_Frontier...ok
   - callcallcallcode_001_OOGMBefore_d0g0v0_EIP158...ok
   - badOpcodes_d23g0v0_EIP158...ok
   - callcallcallcode_001_OOGMBefore_d0g0v0_Homestead...ok
   - callcallcodecall_010_OOGMAfter_d0g0v0_Homestead...ok
   - callcallcallcode_001_OOGMBefore_d0g0v0_Frontier...ok
   - badOpcodes_d23g0v0_Frontier...ok
   - callcallcallcode_001_OOGMBefore_d0g0v0_Homestead...ok
   - callcallcodecall_010_OOGE_d0g0v0_Byzantium...ok
   - badOpcodes_d23g0v0_Homestead...ok
   - callcall_00_OOGE_valueTransfer_d1g0v0_Byzantium...ok
   - callcallcodecall_010_OOGE_d0g0v0_Byzantium...ok
   - callcallcodecall_010_OOGE_d0g0v0_EIP150...ok
   - badOpcodes_d86g0v0_Byzantium...ok
   - callcall_00_OOGE_valueTransfer_d1g0v0_EIP150...ok
   - callcallcodecall_010_OOGE_d0g0v0_EIP150...ok
   - callcallcodecall_010_OOGE_d0g0v0_EIP158...ok
   - badOpcodes_d86g0v0_EIP150...ok
   - callcall_00_OOGE_valueTransfer_d1g0v0_EIP158...ok
   - callcallcodecall_010_OOGE_d0g0v0_EIP158...ok
   - callcallcodecall_010_OOGE_d0g0v0_Frontier...ok
   - badOpcodes_d86g0v0_EIP158...ok
   - callcallcodecall_010_OOGE_d0g0v0_Homestead...ok
   - callcall_00_OOGE_valueTransfer_d1g0v0_Frontier...ok
   - callcallcodecall_010_OOGE_d0g0v0_Frontier...ok
   - badOpcodes_d86g0v0_Frontier...ok
ok
   - badOpcodes_d86g0v0_Homestead...   - callcodecallcode_11_OOGE_d0g0v0_Byzantium...ok
   - callcall_00_OOGE_valueTransfer_d1g0v0_Homestead...ok
   - badOpcodes_d104g0v0_Byzantium...ok
   - callcallcodecall_010_OOGE_d0g0v0_Homestead...ok
   - callcodecallcode_11_OOGE_d0g0v0_EIP150...ok
   - callcallcallcode_001_SuicideMiddle_d0g0v0_Byzantium...ok
   - callcodecallcode_11_OOGE_d0g0v0_EIP158...ok
   - badOpcodes_d104g0v0_EIP150...ok
   - callcodecallcode_11_OOGE_d0g0v0_Byzantium...ok
   - callcodecallcode_11_OOGE_d0g0v0_Frontier...ok
   - callcallcallcode_001_SuicideMiddle_d0g0v0_EIP150...ok
   - badOpcodes_d104g0v0_EIP158...ok
   - callcodecallcode_11_OOGE_d0g0v0_Homestead...ok
   - callcodecallcode_11_OOGE_d0g0v0_EIP150...ok
   - callcallcallcode_001_SuicideMiddle_d0g0v0_EIP158...ok
   - callcodecallcodecall_110_SuicideMiddle_d0g0v0_Byzantium...ok
   - badOpcodes_d104g0v0_Frontier...ok
   - callcodecallcodecall_110_SuicideMiddle_d0g0v0_EIP150...ok
   - callcallcallcode_001_SuicideMiddle_d0g0v0_Frontier...ok
   - badOpcodes_d104g0v0_Homestead...ok
   - callcodecallcode_11_OOGE_d0g0v0_EIP158...ok
   - callcallcallcode_001_SuicideMiddle_d0g0v0_Homestead...ok
   - callcodecallcodecall_110_SuicideMiddle_d0g0v0_EIP158...ok
   - badOpcodes_d32g0v0_Byzantium...ok
ok
   - callcodecallcode_11_OOGE_d0g0v0_Frontier...   - callcallcallcode_001_OOGMBefore_d0g0v0_Byzantium...ok
   - callcodecallcodecall_110_SuicideMiddle_d0g0v0_Frontier...ok
   - callcodecallcode_11_OOGE_d0g0v0_Homestead...ok
   - badOpcodes_d32g0v0_EIP150...ok
   - callcallcallcode_001_OOGMBefore_d0g0v0_EIP150...ok
   - badOpcodes_d32g0v0_EIP158...ok
ok
   - callcodecallcodecall_110_SuicideMiddle_d0g0v0_Homestead...   - callcodecallcodecall_110_SuicideMiddle_d0g0v0_Byzantium...ok
   - callcodecallcodecall_110_SuicideMiddle_d0g0v0_EIP150...ok
   - badOpcodes_d32g0v0_Frontier...ok
   - callcallcallcode_001_OOGE_d0g0v0_Byzantium...ok
   - callcodecallcodecall_110_SuicideMiddle_d0g0v0_EIP158...ok
   - callcallcallcode_001_OOGMBefore_d0g0v0_EIP158...ok
   - badOpcodes_d32g0v0_Homestead...ok
   - callcodecallcodecall_110_SuicideMiddle_d0g0v0_Frontier...ok
   - badOpcodes_d75g0v0_Byzantium...ok
   - callcallcallcode_001_OOGE_d0g0v0_EIP150...ok
   - callcodecallcodecall_110_SuicideMiddle_d0g0v0_Homestead...ok
   - callcallcallcode_001_OOGMBefore_d0g0v0_Frontier...ok
   - callcallcallcode_001_OOGE_d0g0v0_EIP158...ok
   - callcallcallcode_001_OOGE_d0g0v0_Byzantium...ok
   - badOpcodes_d75g0v0_EIP150...ok
   - callcallcallcode_001_OOGE_d0g0v0_EIP150...ok
   - callcallcallcode_001_OOGMBefore_d0g0v0_Homestead...ok
   - badOpcodes_d75g0v0_EIP158...ok
ok
   - callcallcallcode_001_OOGE_d0g0v0_Frontier...   - callcallcodecall_010_OOGE_d0g0v0_Byzantium...ok
   - callcallcallcode_001_OOGE_d0g0v0_EIP158...ok
   - callcallcallcode_001_OOGE_d0g0v0_Homestead...ok
   - callcallcodecall_010_OOGE_d0g0v0_EIP150...ok
   - badOpcodes_d75g0v0_Frontier...ok
   - callcodecallcall_100_OOGMAfter_d0g0v0_Byzantium...ok
   - callcallcallcode_001_OOGE_d0g0v0_Frontier...ok
   - callcallcodecall_010_OOGE_d0g0v0_EIP158...ok
   - badOpcodes_d75g0v0_Homestead...ok
   - callcallcallcode_001_OOGE_d0g0v0_Homestead...ok
   - callcodecallcall_100_OOGMAfter_d0g0v0_EIP150...ok
   - callcodecallcall_100_OOGMAfter_d0g0v0_EIP158...ok
ok
   - callcallcodecall_010_OOGE_d0g0v0_Frontier...   - callcodecallcall_100_OOGMAfter_d0g0v0_Byzantium...ok
   - badOpcodes_d49g0v0_Byzantium...ok
   - callcodecallcall_100_OOGMAfter_d0g0v0_Frontier...ok
   - badOpcodes_d49g0v0_EIP150...ok
   - callcodecallcall_100_OOGMAfter_d0g0v0_Homestead...ok
   - callcodecallcall_100_OOGMAfter_d0g0v0_EIP150...ok
   - callcallcodecall_010_OOGE_d0g0v0_Homestead...ok
   - callcodecallcode_11_OOGE_d0g0v0_Byzantium...ok
ok
   - badOpcodes_d49g0v0_EIP158...   - callcallcode_01_OOGE_d0g0v0_Byzantium...ok
   - callcodecallcall_100_OOGMAfter_d0g0v0_EIP158...ok
   - callcodecallcode_11_OOGE_d0g0v0_EIP150...ok
   - callcallcode_01_OOGE_d0g0v0_EIP150...ok
   - callcodecallcode_11_OOGE_d0g0v0_EIP158...ok
   - badOpcodes_d49g0v0_Frontier...ok
   - callcodecallcall_100_OOGMAfter_d0g0v0_Frontier...ok
   - callcallcode_01_OOGE_d0g0v0_EIP158...ok
   - callcodecallcode_11_OOGE_d0g0v0_Frontier...ok
   - badOpcodes_d49g0v0_Homestead...ok
   - callcallcode_01_OOGE_d0g0v0_Frontier...ok
   - callcodecallcall_100_OOGMAfter_d0g0v0_Homestead...ok
   - callcodecallcode_11_OOGE_d0g0v0_Homestead...ok
   - badOpcodes_d17g0v0_Byzantium...ok
   - callcallcode_01_OOGE_d0g0v0_Byzantium...ok
   - callcallcode_01_OOGE_d0g0v0_Homestead...ok
   - badOpcodes_d17g0v0_EIP150...ok
   - callcodecallcodecall_110_SuicideMiddle_d0g0v0_Byzantium...ok
   - badOpcodes_d17g0v0_EIP158...ok
   - callcallcodecall_ABCB_RECURSIVE_d0g0v0_Byzantium...ok
   - callcodecallcodecall_110_SuicideMiddle_d0g0v0_EIP150...ok
   - callcallcode_01_OOGE_d0g0v0_EIP150...ok
   - badOpcodes_d17g0v0_Frontier...ok
   - callcallcodecall_ABCB_RECURSIVE_d0g0v0_EIP150...ok
   - badOpcodes_d17g0v0_Homestead...ok
   - callcodecallcodecall_110_SuicideMiddle_d0g0v0_EIP158...ok
   - callcallcodecall_ABCB_RECURSIVE_d0g0v0_EIP158...ok
   - callcallcode_01_OOGE_d0g0v0_EIP158...ok
   - callcodecallcodecall_110_SuicideMiddle_d0g0v0_Frontier...ok
   - callcallcodecall_ABCB_RECURSIVE_d0g0v0_Frontier...ok
   - badOpcodes_d38g0v0_Byzantium...ok
   - callcallcodecall_ABCB_RECURSIVE_d0g0v0_Homestead...ok
   - callcallcode_01_OOGE_d0g0v0_Frontier...ok
   - callcodecallcodecall_110_SuicideMiddle_d0g0v0_Homestead...ok
ok
   - badOpcodes_d38g0v0_EIP150...   - callcodecallcodecallcode_ABCB_RECURSIVE_d0g0v0_Byzantium...ok
   - callcallcode_01_OOGE_d0g0v0_Homestead...ok
   - callcodecallcodecallcode_ABCB_RECURSIVE_d0g0v0_EIP150...ok
ok
   - badOpcodes_d38g0v0_EIP158...   - callcallcodecall_ABCB_RECURSIVE_d0g0v0_Byzantium...ok
   - callcallcallcode_001_OOGE_d0g0v0_Byzantium...ok
   - callcallcodecall_ABCB_RECURSIVE_d0g0v0_EIP150...ok
   - callcallcallcode_001_OOGE_d0g0v0_EIP150...ok
   - callcodecallcodecallcode_ABCB_RECURSIVE_d0g0v0_EIP158...ok
   - badOpcodes_d38g0v0_Frontier...ok
   - callcallcallcode_001_OOGE_d0g0v0_EIP158...ok
   - callcallcodecall_ABCB_RECURSIVE_d0g0v0_EIP158...ok
   - badOpcodes_d38g0v0_Homestead...ok
   - callcallcallcode_001_OOGE_d0g0v0_Frontier...ok
   - callcodecallcodecallcode_ABCB_RECURSIVE_d0g0v0_Frontier...ok
   - badOpcodes_d42g0v0_Byzantium...ok
   - callcallcodecall_ABCB_RECURSIVE_d0g0v0_Frontier...ok
   - callcallcallcode_001_OOGE_d0g0v0_Homestead...ok
   - badOpcodes_d42g0v0_EIP150...ok
   - callcallcodecall_ABCB_RECURSIVE_d0g0v0_Homestead...ok
   - callcodecallcodecallcode_ABCB_RECURSIVE_d0g0v0_Homestead...ok
   - badOpcodes_d42g0v0_EIP158...ok
   - callcodecallcall_100_OOGMAfter_d0g0v0_Byzantium...ok
ok
   - badOpcodes_d42g0v0_Frontier...   - callcodecallcodecallcode_ABCB_RECURSIVE_d0g0v0_Byzantium...ok
   - callcallcodecall_010_OOGMBefore_d0g0v0_Byzantium...ok
   - callcodecallcodecallcode_ABCB_RECURSIVE_d0g0v0_EIP150...ok
   - callcodecallcall_100_OOGMAfter_d0g0v0_EIP150...ok
   - badOpcodes_d42g0v0_Homestead...ok
   - callcallcodecall_010_OOGMBefore_d0g0v0_EIP150...ok
   - callcodecallcodecallcode_ABCB_RECURSIVE_d0g0v0_EIP158...ok
   - callcallcodecall_010_OOGMBefore_d0g0v0_EIP158...ok
   - callcodecallcodecallcode_ABCB_RECURSIVE_d0g0v0_Frontier...ok
   - badOpcodes_d9g0v0_Byzantium...ok
   - callcodecallcall_100_OOGMAfter_d0g0v0_EIP158...ok
   - callcallcodecall_010_OOGMBefore_d0g0v0_Frontier...ok
   - badOpcodes_d9g0v0_EIP150...ok
   - callcallcodecall_010_OOGMBefore_d0g0v0_Homestead...ok
   - callcodecallcodecallcode_ABCB_RECURSIVE_d0g0v0_Homestead...ok
   - badOpcodes_d9g0v0_EIP158...ok
   - callcodecallcall_100_OOGMAfter_d0g0v0_Frontier...ok
   - badOpcodes_d9g0v0_Frontier...ok
   - callcodecallcallcode_101_d0g0v0_Byzantium...ok
   - callcodecallcall_100_OOGMAfter_d0g0v0_Homestead...ok
   - badOpcodes_d9g0v0_Homestead...ok
   - callcallcodecall_010_OOGMBefore_d0g0v0_Byzantium...ok
   - callcallcode_01_OOGE_d0g0v0_Byzantium...ok
   - callcodecallcallcode_101_d0g0v0_EIP150...ok
   - callcallcodecall_010_OOGMBefore_d0g0v0_EIP150...ok
   - badOpcodes_d82g0v0_Byzantium...ok
   - callcallcode_01_OOGE_d0g0v0_EIP150...ok
   - callcodecallcallcode_101_d0g0v0_EIP158...ok
   - callcallcodecall_010_OOGMBefore_d0g0v0_EIP158...ok
   - callcodecallcallcode_101_d0g0v0_Frontier...ok
   - badOpcodes_d82g0v0_EIP150...ok
   - callcallcode_01_OOGE_d0g0v0_EIP158...ok
   - callcallcodecall_010_OOGMBefore_d0g0v0_Frontier...ok
   - callcodecallcallcode_101_d0g0v0_Homestead...ok
   - callcallcodecall_010_OOGMBefore_d0g0v0_Homestead...ok
   - badOpcodes_d82g0v0_EIP158...ok
   - callcallcode_01_OOGE_d0g0v0_Frontier...ok
   - callcodecallcallcode_101_d0g0v0_Byzantium...ok
   - badOpcodes_d82g0v0_Frontier...ok
   - callcodecallcodecall_110_OOGMBefore_d0g0v0_Byzantium...ok
   - callcallcode_01_OOGE_d0g0v0_Homestead...ok
   - badOpcodes_d82g0v0_Homestead...ok
ok
   - callcodecallcallcode_101_d0g0v0_EIP150...   - callcodecallcodecall_110_OOGMBefore_d0g0v0_EIP150...ok
   - callcallcodecall_ABCB_RECURSIVE_d0g0v0_Byzantium...ok
   - badOpcodes_d33g0v0_Byzantium...ok
   - callcodecallcallcode_101_d0g0v0_EIP158...ok
   - callcodecallcodecall_110_OOGMBefore_d0g0v0_EIP158...ok
   - badOpcodes_d33g0v0_EIP150...ok
   - callcodecallcallcode_101_d0g0v0_Frontier...ok
   - callcallcodecall_ABCB_RECURSIVE_d0g0v0_EIP150...ok
   - badOpcodes_d33g0v0_EIP158...ok
   - callcodecallcallcode_101_d0g0v0_Homestead...ok
   - callcallcodecall_ABCB_RECURSIVE_d0g0v0_EIP158...ok
   - badOpcodes_d33g0v0_Frontier...ok
   - callcodecallcodecall_110_OOGMBefore_d0g0v0_Byzantium...ok
   - callcodecallcodecall_110_OOGMBefore_d0g0v0_Frontier...ok
   - callcallcodecall_ABCB_RECURSIVE_d0g0v0_Frontier...ok
   - badOpcodes_d33g0v0_Homestead...ok
   - callcodecallcodecall_110_OOGMBefore_d0g0v0_Homestead...ok
   - callcallcodecall_ABCB_RECURSIVE_d0g0v0_Homestead...ok
   - callcodecallcodecall_110_OOGMBefore_d0g0v0_EIP150...ok
   - badOpcodes_d87g0v0_Byzantium...ok
   - callcodecallcodecallcode_ABCB_RECURSIVE_d0g0v0_Byzantium...ok
   - callcodecallcodecall_ABCB_RECURSIVE_d0g0v0_Byzantium...ok
   - badOpcodes_d87g0v0_EIP150...ok
   - callcodecallcodecall_110_OOGMBefore_d0g0v0_EIP158...ok
   - callcodecallcodecallcode_ABCB_RECURSIVE_d0g0v0_EIP150...ok
   - callcodecallcodecall_ABCB_RECURSIVE_d0g0v0_EIP150...ok
   - badOpcodes_d87g0v0_EIP158...ok
   - callcodecallcodecall_110_OOGMBefore_d0g0v0_Frontier...ok
   - callcodecallcodecallcode_ABCB_RECURSIVE_d0g0v0_EIP158...ok
   - badOpcodes_d87g0v0_Frontier...ok
   - callcodecallcodecall_ABCB_RECURSIVE_d0g0v0_EIP158...ok
   - callcodecallcodecall_110_OOGMBefore_d0g0v0_Homestead...ok
   - badOpcodes_d87g0v0_Homestead...ok
   - callcodecallcodecall_ABCB_RECURSIVE_d0g0v0_Byzantium...ok
   - callcodecallcodecallcode_ABCB_RECURSIVE_d0g0v0_Frontier...ok
   - callcodecallcodecall_ABCB_RECURSIVE_d0g0v0_Frontier...ok
ok
   - badOpcodes_d22g0v0_Byzantium...   - callcodecallcodecallcode_ABCB_RECURSIVE_d0g0v0_Homestead...ok
   - callcodecallcodecall_ABCB_RECURSIVE_d0g0v0_Homestead...ok
   - callcodecallcodecall_ABCB_RECURSIVE_d0g0v0_EIP150...ok
   - badOpcodes_d22g0v0_EIP150...ok
   - callcallcodecall_010_OOGMBefore_d0g0v0_Byzantium...ok
   - callcodecallcodecall_ABCB_RECURSIVE_d0g0v0_EIP158...ok
   - callcallcodecallcode_011_OOGE_d0g0v0_Byzantium...ok
   - badOpcodes_d22g0v0_EIP158...ok
   - callcallcodecall_010_OOGMBefore_d0g0v0_EIP150...ok
   - badOpcodes_d22g0v0_Frontier...ok
   - callcallcodecallcode_011_OOGE_d0g0v0_EIP150...ok
   - callcodecallcodecall_ABCB_RECURSIVE_d0g0v0_Frontier...ok
   - callcallcodecall_010_OOGMBefore_d0g0v0_EIP158...ok
   - callcallcodecallcode_011_OOGE_d0g0v0_EIP158...ok
   - callcallcodecall_010_OOGMBefore_d0g0v0_Frontier...ok
   - badOpcodes_d22g0v0_Homestead...ok
   - callcallcodecallcode_011_OOGE_d0g0v0_Frontier...ok
   - badOpcodes_d76g0v0_Byzantium...ok
   - callcodecallcodecall_ABCB_RECURSIVE_d0g0v0_Homestead...ok
   - callcallcodecall_010_OOGMBefore_d0g0v0_Homestead...ok
   - callcallcodecallcode_011_OOGE_d0g0v0_Homestead...ok
   - badOpcodes_d76g0v0_EIP150...ok
ok
   - callcodecallcallcode_101_d0g0v0_Byzantium...   - callcallcodecallcode_011_OOGE_d0g0v0_Byzantium...ok
   - callcodecallcodecallcode_111_SuicideMiddle_d0g0v0_Byzantium...ok
   - badOpcodes_d76g0v0_EIP158...ok
   - callcallcodecallcode_011_OOGE_d0g0v0_EIP150...ok
   - badOpcodes_d76g0v0_Frontier...ok
   - callcodecallcallcode_101_d0g0v0_EIP150...ok
   - callcodecallcodecallcode_111_SuicideMiddle_d0g0v0_EIP150...ok
ok
   - callcallcodecallcode_011_OOGE_d0g0v0_EIP158...   - badOpcodes_d76g0v0_Homestead...ok
   - callcodecallcallcode_101_d0g0v0_EIP158...ok
   - badOpcodes_d98g0v0_Byzantium...ok
   - callcallcodecallcode_011_OOGE_d0g0v0_Frontier...ok
   - callcodecallcodecallcode_111_SuicideMiddle_d0g0v0_EIP158...ok
   - callcodecallcallcode_101_d0g0v0_Frontier...ok
   - badOpcodes_d98g0v0_EIP150...ok
   - callcodecallcodecallcode_111_SuicideMiddle_d0g0v0_Frontier...ok
   - callcallcodecallcode_011_OOGE_d0g0v0_Homestead...ok
   - callcodecallcallcode_101_d0g0v0_Homestead...ok
   - badOpcodes_d98g0v0_EIP158...ok
   - callcodecallcodecallcode_111_SuicideMiddle_d0g0v0_Homestead...ok
   - callcodecallcodecallcode_111_SuicideMiddle_d0g0v0_Byzantium...ok
   - callcodecallcodecall_110_OOGMBefore_d0g0v0_Byzantium...ok
   - badOpcodes_d98g0v0_Frontier...ok
   - badOpcodes_d98g0v0_Homestead...ok
   - callcallcallcode_001_d0g0v0_Byzantium...ok
   - callcodecallcodecallcode_111_SuicideMiddle_d0g0v0_EIP150...ok
   - callcodecallcodecall_110_OOGMBefore_d0g0v0_EIP150...ok
   - badOpcodes_d11g0v0_Byzantium...ok
   - callcodecallcodecallcode_111_SuicideMiddle_d0g0v0_EIP158...ok
   - callcodecallcodecall_110_OOGMBefore_d0g0v0_EIP158...ok
   - callcallcallcode_001_d0g0v0_EIP150...ok
   - callcodecallcodecallcode_111_SuicideMiddle_d0g0v0_Frontier...ok
   - badOpcodes_d11g0v0_EIP150...ok
   - callcodecallcodecall_110_OOGMBefore_d0g0v0_Frontier...ok
   - callcallcallcode_001_d0g0v0_EIP158...ok
   - callcodecallcodecallcode_111_SuicideMiddle_d0g0v0_Homestead...ok
   - callcallcallcode_001_d0g0v0_Frontier...ok
   - callcodecallcodecall_110_OOGMBefore_d0g0v0_Homestead...ok
   - callcallcallcode_001_d0g0v0_Byzantium...ok
   - badOpcodes_d11g0v0_EIP158...ok
   - callcallcallcode_001_d0g0v0_Homestead...ok
   - badOpcodes_d11g0v0_Frontier...ok
   - badOpcodes_d11g0v0_Homestead...ok
ok
   - callcallcallcode_001_d0g0v0_EIP150...   - callcall_00_OOGE_d0g0v0_Byzantium...ok
   - callcodecallcall_100_OOGE_d0g0v0_Byzantium...ok
   - callcallcallcode_001_d0g0v0_EIP158...ok
   - callcall_00_OOGE_d0g0v0_EIP150...ok
   - badOpcodes_d52g0v0_Byzantium...ok
   - callcallcallcode_001_d0g0v0_Frontier...ok
   - callcodecallcall_100_OOGE_d0g0v0_EIP150...ok
   - callcallcallcode_001_d0g0v0_Homestead...ok
   - callcodecallcall_100_OOGE_d0g0v0_EIP158...ok
   - callcall_00_OOGE_d0g0v0_EIP158...ok
   - badOpcodes_d52g0v0_EIP150...ok
   - callcall_00_OOGE_d0g0v0_Frontier...ok
ok
   - callcodecallcall_100_OOGE_d0g0v0_Frontier...   - callcodecallcall_100_OOGE_d0g0v0_Byzantium...ok
   - badOpcodes_d52g0v0_EIP158...ok
   - callcodecallcall_100_OOGE_d0g0v0_EIP150...ok
   - callcall_00_OOGE_d0g0v0_Homestead...ok
   - callcodecallcall_100_OOGE_d0g0v0_Homestead...ok
   - callcodecallcall_100_OOGE_d0g0v0_EIP158...ok
   - badOpcodes_d52g0v0_Frontier...ok
   - callcodecallcodecall_ABCB_RECURSIVE_d0g0v0_Byzantium...ok
   - callcodecall_10_SuicideEnd_d0g0v0_Byzantium...ok
   - callcodecallcall_100_OOGE_d0g0v0_Frontier...ok
   - badOpcodes_d52g0v0_Homestead...ok
   - callcodecall_10_SuicideEnd_d0g0v0_EIP150...ok
   - badOpcodes_d58g0v0_Byzantium...ok
   - callcodecallcall_100_OOGE_d0g0v0_Homestead...ok
   - callcodecallcodecall_ABCB_RECURSIVE_d0g0v0_EIP150...ok
ok
   - callcodecall_10_SuicideEnd_d0g0v0_EIP158...   - callcodecall_10_SuicideEnd_d0g0v0_Byzantium...ok
   - badOpcodes_d58g0v0_EIP150...ok
   - callcodecall_10_SuicideEnd_d0g0v0_EIP150...ok
   - callcodecallcodecall_ABCB_RECURSIVE_d0g0v0_EIP158...ok
   - callcodecall_10_SuicideEnd_d0g0v0_Frontier...ok
ok
   - callcodecall_10_SuicideEnd_d0g0v0_EIP158...   - badOpcodes_d58g0v0_EIP158...ok
   - callcodecallcodecall_ABCB_RECURSIVE_d0g0v0_Frontier...ok
   - badOpcodes_d58g0v0_Frontier...ok
   - callcodecall_10_SuicideEnd_d0g0v0_Frontier...ok
   - callcodecall_10_SuicideEnd_d0g0v0_Homestead...ok
   - callcodecallcodecall_ABCB_RECURSIVE_d0g0v0_Homestead...ok
ok
   - callcodecall_10_SuicideEnd_d0g0v0_Homestead...   - callcodecall_10_d0g0v0_Byzantium...ok
   - badOpcodes_d58g0v0_Homestead...ok
   - callcodecall_10_d0g0v0_Byzantium...ok
   - callcallcodecallcode_011_OOGE_d0g0v0_Byzantium...ok
   - callcodecall_10_d0g0v0_EIP150...ok
   - badOpcodes_d100g0v0_Byzantium...ok
   - callcodecall_10_d0g0v0_EIP158...ok
   - callcodecall_10_d0g0v0_EIP150...ok
   - callcallcodecallcode_011_OOGE_d0g0v0_EIP150...ok
   - callcallcodecallcode_011_OOGE_d0g0v0_EIP158...ok
   - callcodecall_10_d0g0v0_Frontier...ok
   - badOpcodes_d100g0v0_EIP150...ok
   - callcodecall_10_d0g0v0_EIP158...ok
   - badOpcodes_d100g0v0_EIP158...ok
   - callcallcodecallcode_011_OOGE_d0g0v0_Frontier...ok
   - callcodecall_10_d0g0v0_Homestead...ok
   - callcodecall_10_d0g0v0_Frontier...ok
   - badOpcodes_d100g0v0_Frontier...ok
ok
   - callcallcodecallcode_011_OOGE_d0g0v0_Homestead...   - callcodecallcodecallcode_111_d0g0v0_Byzantium...ok
   - callcodecall_10_d0g0v0_Homestead...ok
   - badOpcodes_d100g0v0_Homestead...ok
   - callcodecallcodecallcode_111_SuicideMiddle_d0g0v0_Byzantium...ok
   - callcodecallcodecallcode_111_d0g0v0_EIP150...ok
   - callcodecallcodecallcode_111_d0g0v0_Byzantium...ok
   - badOpcodes_d97g0v0_Byzantium...ok
   - callcodecallcodecallcode_111_d0g0v0_EIP158...ok
   - callcodecallcodecallcode_111_d0g0v0_EIP150...ok
   - callcodecallcodecallcode_111_SuicideMiddle_d0g0v0_EIP150...ok
   - badOpcodes_d97g0v0_EIP150...ok
   - callcodecallcodecallcode_111_d0g0v0_EIP158...ok
   - badOpcodes_d97g0v0_EIP158...ok
   - callcodecallcodecallcode_111_d0g0v0_Frontier...ok
   - callcodecallcodecallcode_111_SuicideMiddle_d0g0v0_EIP158...ok
   - callcodecallcodecallcode_111_d0g0v0_Frontier...ok
   - badOpcodes_d97g0v0_Frontier...ok
   - callcodecallcodecallcode_111_SuicideMiddle_d0g0v0_Frontier...ok
   - callcodecallcodecallcode_111_d0g0v0_Homestead...ok
   - callcodecallcodecallcode_111_d0g0v0_Homestead...ok
   - badOpcodes_d97g0v0_Homestead...ok
   - callcodecallcodecallcode_111_SuicideMiddle_d0g0v0_Homestead...ok
   - callcallcallcode_001_SuicideEnd_d0g0v0_Byzantium...ok
   - callcallcallcode_001_d0g0v0_Byzantium...ok
ok
   - callcallcallcode_001_SuicideEnd_d0g0v0_Byzantium...   - badOpcodes_d88g0v0_Byzantium...ok
   - callcallcallcode_001_SuicideEnd_d0g0v0_EIP150...ok
   - callcallcallcode_001_d0g0v0_EIP150...ok
   - callcallcallcode_001_SuicideEnd_d0g0v0_EIP158...ok
   - badOpcodes_d88g0v0_EIP150...ok
   - callcallcallcode_001_d0g0v0_EIP158...ok
   - callcallcallcode_001_SuicideEnd_d0g0v0_EIP150...ok
   - callcallcallcode_001_SuicideEnd_d0g0v0_Frontier...ok
   - badOpcodes_d88g0v0_EIP158...ok
   - callcallcallcode_001_d0g0v0_Frontier...ok
   - callcallcallcode_001_SuicideEnd_d0g0v0_Homestead...ok
   - callcallcallcode_001_SuicideEnd_d0g0v0_EIP158...ok
   - callcallcodecallcode_011_OOGMAfter_d0g0v0_Byzantium...ok
   - badOpcodes_d88g0v0_Frontier...ok
   - callcallcallcode_001_d0g0v0_Homestead...ok
   - callcallcallcode_001_SuicideEnd_d0g0v0_Frontier...ok
   - callcallcodecallcode_011_OOGMAfter_d0g0v0_EIP150...ok
   - badOpcodes_d88g0v0_Homestead...ok
   - callcodecallcall_100_OOGE_d0g0v0_Byzantium...ok
   - callcallcodecallcode_011_OOGMAfter_d0g0v0_EIP158...ok
   - callcallcallcode_001_SuicideEnd_d0g0v0_Homestead...ok
   - badOpcodes_d37g0v0_Byzantium...ok
   - callcodecallcall_100_OOGE_d0g0v0_EIP150...ok
   - callcallcodecallcode_011_OOGMAfter_d0g0v0_Byzantium...ok
   - callcodecallcall_100_OOGE_d0g0v0_EIP158...ok
   - callcallcodecallcode_011_OOGMAfter_d0g0v0_Frontier...ok
   - badOpcodes_d37g0v0_EIP150...ok
   - callcallcodecallcode_011_OOGMAfter_d0g0v0_Homestead...ok
   - badOpcodes_d37g0v0_EIP158...ok
   - callcallcodecallcode_011_OOGMAfter_d0g0v0_EIP150...ok
   - callcodecallcall_100_OOGE_d0g0v0_Frontier...ok
   - callcallcodecall_010_SuicideMiddle_d0g0v0_Byzantium...ok
   - badOpcodes_d37g0v0_Frontier...ok
   - callcallcodecallcode_011_OOGMAfter_d0g0v0_EIP158...ok
   - callcallcodecall_010_SuicideMiddle_d0g0v0_EIP150...ok
   - callcodecallcall_100_OOGE_d0g0v0_Homestead...ok
   - badOpcodes_d37g0v0_Homestead...ok
   - callcallcodecall_010_SuicideMiddle_d0g0v0_EIP158...ok
   - callcallcodecallcode_011_OOGMAfter_d0g0v0_Frontier...ok
   - callcodecall_10_SuicideEnd_d0g0v0_Byzantium...ok
   - callcallcodecall_010_SuicideMiddle_d0g0v0_Frontier...ok
   - callcallcodecallcode_011_OOGMAfter_d0g0v0_Homestead...ok
   - callcodecall_10_SuicideEnd_d0g0v0_EIP150...ok
   - badOpcodes_d80g0v0_Byzantium...ok
ok
   - callcallcodecall_010_SuicideMiddle_d0g0v0_Homestead...   - callcallcodecall_010_SuicideMiddle_d0g0v0_Byzantium...ok
   - callcodecall_10_SuicideEnd_d0g0v0_EIP158...ok
   - badOpcodes_d80g0v0_EIP150...ok
   - callcallcodecall_010_d0g0v0_Byzantium...ok
   - badOpcodes_d80g0v0_EIP158...ok
   - callcallcodecall_010_SuicideMiddle_d0g0v0_EIP150...ok
   - callcodecall_10_SuicideEnd_d0g0v0_Frontier...ok
   - callcallcodecall_010_d0g0v0_EIP150...ok
   - callcallcodecall_010_d0g0v0_EIP158...ok
   - callcallcodecall_010_SuicideMiddle_d0g0v0_EIP158...ok
   - badOpcodes_d80g0v0_Frontier...ok
   - callcodecall_10_SuicideEnd_d0g0v0_Homestead...ok
   - callcallcodecall_010_d0g0v0_Frontier...ok
   - callcallcall_000_OOGE_d0g0v0_Byzantium...ok
   - callcallcodecall_010_SuicideMiddle_d0g0v0_Frontier...ok
   - badOpcodes_d80g0v0_Homestead...ok
   - callcallcodecall_010_d0g0v0_Homestead...ok
   - callcallcodecall_010_SuicideMiddle_d0g0v0_Homestead...ok
   - callcallcall_000_OOGE_d0g0v0_EIP150...ok
ok
   - callcallcodecall_010_d0g0v0_Byzantium...   - badOpcodes_d114g0v0_Byzantium...ok
   - callcodecallcallcode_101_OOGE_d0g0v0_Byzantium...ok
   - callcallcodecall_010_d0g0v0_EIP150...ok
   - callcodecallcallcode_101_OOGE_d0g0v0_EIP150...ok
   - callcallcall_000_OOGE_d0g0v0_EIP158...ok
   - badOpcodes_d114g0v0_EIP150...ok
   - callcodecallcallcode_101_OOGE_d0g0v0_EIP158...ok
   - callcallcodecall_010_d0g0v0_EIP158...ok
   - callcallcall_000_OOGE_d0g0v0_Frontier...ok
   - badOpcodes_d114g0v0_EIP158...ok
   - callcallcall_000_OOGE_d0g0v0_Homestead...ok
   - callcodecallcallcode_101_OOGE_d0g0v0_Frontier...ok
   - callcallcodecall_010_d0g0v0_Frontier...ok
   - badOpcodes_d114g0v0_Frontier...ok
   - callcallcodecall_010_d0g0v0_Homestead...ok
   - badOpcodes_d114g0v0_Homestead...ok
   - callcodecallcallcode_101_OOGE_d0g0v0_Homestead...ok
   - callcodecall_10_d0g0v0_Byzantium...ok
   - callcallcodecallcode_011_SuicideMiddle_d0g0v0_Byzantium...ok
   - badOpcodes_d67g0v0_Byzantium...ok
   - callcodecall_10_d0g0v0_EIP150...ok
ok
   - callcallcodecallcode_011_SuicideMiddle_d0g0v0_EIP150...   - callcodecallcallcode_101_OOGE_d0g0v0_Byzantium...ok
   - callcallcodecallcode_011_SuicideMiddle_d0g0v0_EIP158...ok
   - badOpcodes_d67g0v0_EIP150...ok
   - callcodecallcallcode_101_OOGE_d0g0v0_EIP150...ok
   - callcodecall_10_d0g0v0_EIP158...ok
   - badOpcodes_d67g0v0_EIP158...ok
   - callcallcodecallcode_011_SuicideMiddle_d0g0v0_Frontier...ok
   - callcodecallcallcode_101_OOGE_d0g0v0_EIP158...ok
   - callcodecall_10_d0g0v0_Frontier...ok
   - callcallcodecallcode_011_SuicideMiddle_d0g0v0_Homestead...ok
   - callcodecall_10_d0g0v0_Homestead...ok
   - badOpcodes_d67g0v0_Frontier...ok
   - callcodecallcallcode_101_OOGE_d0g0v0_Frontier...ok
   - badOpcodes_d67g0v0_Homestead...ok
   - callcodecallcallcode_101_OOGMBefore_d0g0v0_Byzantium...ok
   - callcodecallcodecallcode_111_d0g0v0_Byzantium...ok
   - callcodecallcallcode_101_OOGE_d0g0v0_Homestead...ok
   - callcodecallcodecallcode_111_d0g0v0_EIP150...ok
   - badOpcodes_d70g0v0_Byzantium...ok
ok
   - badOpcodes_d70g0v0_EIP150...   - callcallcodecallcode_011_SuicideMiddle_d0g0v0_Byzantium...ok
   - callcodecallcodecallcode_111_d0g0v0_EIP158...ok
   - callcodecallcallcode_101_OOGMBefore_d0g0v0_EIP150...ok
   - callcallcodecallcode_011_SuicideMiddle_d0g0v0_EIP150...ok
   - callcodecallcallcode_101_OOGMBefore_d0g0v0_EIP158...ok
   - badOpcodes_d70g0v0_EIP158...ok
   - callcodecallcodecallcode_111_d0g0v0_Frontier...ok
   - callcallcodecallcode_011_SuicideMiddle_d0g0v0_EIP158...ok
   - callcodecallcallcode_101_OOGMBefore_d0g0v0_Frontier...ok
   - callcodecallcallcode_101_OOGMBefore_d0g0v0_Homestead...ok
   - callcallcodecallcode_011_SuicideMiddle_d0g0v0_Frontier...ok
   - badOpcodes_d70g0v0_Frontier...ok
   - callcodecallcodecallcode_111_d0g0v0_Homestead...ok
   - badOpcodes_d70g0v0_Homestead...ok
   - callcallcodecallcode_011_d0g0v0_Byzantium...ok
ok
   - callcallcodecallcode_011_SuicideMiddle_d0g0v0_Homestead...   - callcallcallcode_001_SuicideEnd_d0g0v0_Byzantium...ok
   - badOpcodes_d36g0v0_Byzantium...ok
   - callcallcodecallcode_011_d0g0v0_EIP150...ok
   - callcodecallcallcode_101_OOGMBefore_d0g0v0_Byzantium...ok
   - badOpcodes_d36g0v0_EIP150...ok
   - callcallcallcode_001_SuicideEnd_d0g0v0_EIP150...ok
   - callcallcodecallcode_011_d0g0v0_EIP158...ok
   - callcallcodecallcode_011_d0g0v0_Frontier...ok
   - callcodecallcallcode_101_OOGMBefore_d0g0v0_EIP150...ok
   - callcallcallcode_001_SuicideEnd_d0g0v0_EIP158...ok
   - badOpcodes_d36g0v0_EIP158...ok
   - callcodecallcallcode_101_OOGMBefore_d0g0v0_EIP158...ok
   - badOpcodes_d36g0v0_Frontier...ok
   - callcallcodecallcode_011_d0g0v0_Homestead...ok
   - callcodecallcallcode_101_OOGMBefore_d0g0v0_Frontier...ok
   - callcallcallcode_001_SuicideEnd_d0g0v0_Frontier...ok
   - badOpcodes_d36g0v0_Homestead...ok
   - callcodecallcall_ABCB_RECURSIVE_d0g0v0_Byzantium...ok
   - callcodecallcallcode_101_OOGMBefore_d0g0v0_Homestead...ok
   - callcallcallcode_001_SuicideEnd_d0g0v0_Homestead...ok
   - callcodecallcall_ABCB_RECURSIVE_d0g0v0_EIP150...ok
   - callcallcodecallcode_011_d0g0v0_Byzantium...ok
   - badOpcodes_d84g0v0_Byzantium...ok
   - callcallcall_000_d0g0v0_Byzantium...ok
   - callcodecallcall_ABCB_RECURSIVE_d0g0v0_EIP158...ok
   - callcallcall_000_d0g0v0_EIP150...ok
   - callcallcodecallcode_011_d0g0v0_EIP150...ok
   - badOpcodes_d84g0v0_EIP150...ok
   - callcodecallcall_ABCB_RECURSIVE_d0g0v0_Frontier...ok
   - callcallcall_000_d0g0v0_EIP158...ok
   - callcodecallcall_ABCB_RECURSIVE_d0g0v0_Homestead...ok
   - badOpcodes_d84g0v0_EIP158...ok
   - callcallcall_000_d0g0v0_Frontier...ok
   - callcallcodecallcode_011_d0g0v0_EIP158...ok
   - callcodecallcode_11_d0g0v0_Byzantium...ok
   - callcallcodecallcode_011_d0g0v0_Frontier...ok
   - callcallcall_000_d0g0v0_Homestead...ok
   - callcodecallcode_11_d0g0v0_EIP150...ok
   - callcallcodecallcode_011_d0g0v0_Homestead...ok
   - badOpcodes_d84g0v0_Frontier...ok
   - callcodecallcall_ABCB_RECURSIVE_d0g0v0_Byzantium...ok
   - badOpcodes_d84g0v0_Homestead...ok
   - callcodecallcode_11_d0g0v0_EIP158...ok
   - callcode_checkPC_d0g0v0_Byzantium...ok
   - badOpcodes_d21g0v0_Byzantium...ok
   - callcode_checkPC_d0g0v0_EIP150...ok
   - badOpcodes_d21g0v0_EIP150...ok
   - callcodecallcall_ABCB_RECURSIVE_d0g0v0_EIP150...ok
   - callcodecallcode_11_d0g0v0_Frontier...ok
   - callcode_checkPC_d0g0v0_EIP158...ok
   - badOpcodes_d21g0v0_EIP158...ok
   - callcodecallcode_11_d0g0v0_Homestead...ok
   - callcodecallcall_ABCB_RECURSIVE_d0g0v0_EIP158...ok
   - badOpcodes_d21g0v0_Frontier...ok
   - callcode_checkPC_d0g0v0_Frontier...ok
   - callcodecallcall_ABCB_RECURSIVE_d0g0v0_Frontier...ok
   - badOpcodes_d21g0v0_Homestead...ok
   - callcode_checkPC_d0g0v0_Homestead...ok
   - callcodecallcodecallcode_111_OOGMAfter_d0g0v0_Byzantium...ok
   - badOpcodes_d10g0v0_Byzantium...ok
   - callcodecallcall_ABCB_RECURSIVE_d0g0v0_Homestead...ok
   - callcallcodecallcode_011_OOGMAfter_d0g0v0_Byzantium...ok
   - callcodecallcodecallcode_111_OOGMAfter_d0g0v0_EIP150...ok
   - callcodecallcode_11_d0g0v0_Byzantium...ok
   - badOpcodes_d10g0v0_EIP150...ok
   - callcodecallcodecallcode_111_OOGMAfter_d0g0v0_EIP158...ok
   - callcallcodecallcode_011_OOGMAfter_d0g0v0_EIP150...ok
   - callcodecallcode_11_d0g0v0_EIP150...ok
   - badOpcodes_d10g0v0_EIP158...ok
   - callcodecallcodecallcode_111_OOGMAfter_d0g0v0_Frontier...ok
   - callcallcodecallcode_011_OOGMAfter_d0g0v0_EIP158...ok
   - callcallcodecallcode_011_OOGMAfter_d0g0v0_Frontier...ok
   - callcodecallcodecallcode_111_OOGMAfter_d0g0v0_Homestead...ok
   - callcodecallcode_11_d0g0v0_EIP158...ok
   - badOpcodes_d10g0v0_Frontier...ok
   - callcallcodecallcode_011_OOGMAfter_d0g0v0_Homestead...ok
   - callcodecallcode_11_d0g0v0_Frontier...ok
   - callcodecallcall_100_d0g0v0_Byzantium...ok
   - callcallcodecall_010_SuicideMiddle_d0g0v0_Byzantium...ok
   - callcodecallcall_100_d0g0v0_EIP150...ok
   - badOpcodes_d10g0v0_Homestead...ok
   - callcallcodecall_010_SuicideMiddle_d0g0v0_EIP150...ok
   - callcodecallcode_11_d0g0v0_Homestead...ok
   - badOpcodes_d47g0v0_Byzantium...ok
   - callcodecallcodecallcode_111_OOGMAfter_d0g0v0_Byzantium...ok
   - callcodecallcall_100_d0g0v0_EIP158...ok
   - badOpcodes_d47g0v0_EIP150...ok
   - callcallcodecall_010_SuicideMiddle_d0g0v0_EIP158...ok
   - callcodecallcodecallcode_111_OOGMAfter_d0g0v0_EIP150...ok
   - badOpcodes_d47g0v0_EIP158...ok
   - callcodecallcall_100_d0g0v0_Frontier...ok
   - callcallcodecall_010_SuicideMiddle_d0g0v0_Frontier...ok
   - callcodecallcodecallcode_111_OOGMAfter_d0g0v0_EIP158...ok
   - badOpcodes_d47g0v0_Frontier...ok
   - callcodecallcodecallcode_111_OOGMAfter_d0g0v0_Frontier...ok
   - callcodecallcall_100_d0g0v0_Homestead...ok
   - callcallcodecall_010_SuicideMiddle_d0g0v0_Homestead...ok
   - callcodecallcodecallcode_111_OOGMAfter_d0g0v0_Homestead...ok
   - callcallcodecall_010_d0g0v0_Byzantium...ok
   - callcodecallcall_100_OOGMBefore_d0g0v0_Byzantium...ok
ok
   - badOpcodes_d47g0v0_Homestead...   - callcodecallcall_100_d0g0v0_Byzantium...ok
   - callcodecallcall_100_OOGMBefore_d0g0v0_EIP150...ok
   - callcodecallcall_100_d0g0v0_EIP150...ok
   - callcallcodecall_010_d0g0v0_EIP150...ok
   - badOpcodes_d95g0v0_Byzantium...ok
   - callcodecallcall_100_OOGMBefore_d0g0v0_EIP158...ok
   - callcallcodecall_010_d0g0v0_EIP158...ok
   - callcodecallcall_100_d0g0v0_EIP158...ok
   - badOpcodes_d95g0v0_EIP150...ok
   - callcodecallcall_100_OOGMBefore_d0g0v0_Frontier...ok
   - callcodecallcall_100_d0g0v0_Frontier...ok
   - callcodecallcall_100_OOGMBefore_d0g0v0_Homestead...ok
   - badOpcodes_d95g0v0_EIP158...ok
   - callcallcodecall_010_d0g0v0_Frontier...ok
   - callcodecallcall_100_d0g0v0_Homestead...ok
   - badOpcodes_d95g0v0_Frontier...ok
   - callcodecallcall_100_OOGMBefore_d0g0v0_Byzantium...ok
   - badOpcodes_d95g0v0_Homestead...ok
   - callcodecallcall_100_SuicideMiddle_d0g0v0_Byzantium...ok
   - callcallcodecall_010_d0g0v0_Homestead...ok
   - callcodecallcall_100_OOGMBefore_d0g0v0_EIP150...ok
   - badOpcodes_d24g0v0_Byzantium...ok
   - callcodecallcall_100_OOGMBefore_d0g0v0_EIP158...ok
   - callcodecallcall_100_SuicideMiddle_d0g0v0_EIP150...ok
   - callcodeInInitcodeToExistingContractWithValueTransfer_d0g0v0_Byzantium...ok
   - badOpcodes_d24g0v0_EIP150...ok
   - callcodecallcall_100_OOGMBefore_d0g0v0_Frontier...ok
   - callcodeInInitcodeToExistingContractWithValueTransfer_d0g0v0_EIP150...ok
   - callcodecallcall_100_SuicideMiddle_d0g0v0_EIP158...ok
   - callcodecallcall_100_OOGMBefore_d0g0v0_Homestead...ok
   - callcodeInInitcodeToExistingContractWithValueTransfer_d0g0v0_EIP158...ok
   - badOpcodes_d24g0v0_EIP158...ok
   - callcodecallcall_100_SuicideMiddle_d0g0v0_Frontier...ok
   - callcodecallcall_100_SuicideMiddle_d0g0v0_Byzantium...ok
   - callcodeInInitcodeToExistingContractWithValueTransfer_d0g0v0_Frontier...ok
   - badOpcodes_d24g0v0_Frontier...ok
   - callcodecallcall_100_SuicideMiddle_d0g0v0_Homestead...ok
ok
   - callcodeInInitcodeToExistingContractWithValueTransfer_d0g0v0_Homestead...   - callcodecallcall_100_SuicideMiddle_d0g0v0_EIP150...ok
   - callcodecallcall_100_SuicideMiddle_d0g0v0_EIP158...ok
   - callcodecallcallcode_ABCB_RECURSIVE_d0g0v0_Byzantium...ok
   - badOpcodes_d24g0v0_Homestead...ok
   - callcodecallcallcode_101_OOGE_d0g0v0_Byzantium...ok
   - callcodecallcall_100_SuicideMiddle_d0g0v0_Frontier...ok
   - badOpcodes_d2g0v0_Byzantium...ok
   - callcodecallcall_100_SuicideMiddle_d0g0v0_Homestead...ok
   - badOpcodes_d2g0v0_EIP150...ok
   - callcodecallcallcode_ABCB_RECURSIVE_d0g0v0_EIP150...ok
   - callcodecallcallcode_101_OOGE_d0g0v0_EIP150...ok
   - callcodecallcallcode_101_OOGE_d0g0v0_EIP158...ok
   - badOpcodes_d2g0v0_EIP158...ok
   - callcodecallcallcode_ABCB_RECURSIVE_d0g0v0_Byzantium...ok
   - callcodecallcallcode_101_OOGE_d0g0v0_Frontier...ok
   - callcodecallcallcode_ABCB_RECURSIVE_d0g0v0_EIP158...ok
   - badOpcodes_d2g0v0_Frontier...ok
   - callcodecallcallcode_101_OOGE_d0g0v0_Homestead...ok
   - badOpcodes_d2g0v0_Homestead...ok
   - callcodecallcallcode_ABCB_RECURSIVE_d0g0v0_EIP150...ok
   - callcallcodecallcode_011_SuicideMiddle_d0g0v0_Byzantium...ok
   - callcodecallcallcode_ABCB_RECURSIVE_d0g0v0_Frontier...ok
   - badOpcodes_d113g0v0_Byzantium...ok
   - callcallcodecallcode_011_SuicideMiddle_d0g0v0_EIP150...ok
   - callcodecallcallcode_ABCB_RECURSIVE_d0g0v0_EIP158...ok
   - badOpcodes_d113g0v0_EIP150...ok
   - callcallcodecallcode_011_SuicideMiddle_d0g0v0_EIP158...ok
   - callcodecallcallcode_ABCB_RECURSIVE_d0g0v0_Homestead...ok
   - badOpcodes_d113g0v0_EIP158...ok
   - callcodecallcodecall_110_SuicideEnd_d0g0v0_Byzantium...ok
   - callcallcodecallcode_011_SuicideMiddle_d0g0v0_Frontier...ok
ok
   - badOpcodes_d113g0v0_Frontier...   - callcodecallcallcode_ABCB_RECURSIVE_d0g0v0_Frontier...ok
   - callcodecallcodecall_110_SuicideEnd_d0g0v0_EIP150...ok
   - callcallcodecallcode_011_SuicideMiddle_d0g0v0_Homestead...ok
   - badOpcodes_d113g0v0_Homestead...ok
   - callcodecallcallcode_ABCB_RECURSIVE_d0g0v0_Homestead...ok
   - badOpcodes_d7g0v0_Byzantium...ok
   - callcodecallcodecall_110_SuicideEnd_d0g0v0_EIP158...ok
   - badOpcodes_d7g0v0_EIP150...ok
   - callcodecallcallcode_101_OOGMBefore_d0g0v0_Byzantium...ok
   - callcodecallcodecall_110_SuicideEnd_d0g0v0_Byzantium...ok
   - callcodecallcodecall_110_SuicideEnd_d0g0v0_Frontier...ok
   - callcodecallcallcode_101_OOGMBefore_d0g0v0_EIP150...ok
   - badOpcodes_d7g0v0_EIP158...ok
   - callcodecallcallcode_101_OOGMBefore_d0g0v0_EIP158...ok
   - callcodecallcodecall_110_SuicideEnd_d0g0v0_Homestead...ok
   - callcodecallcodecall_110_SuicideEnd_d0g0v0_EIP150...ok
   - callcodecallcallcode_101_OOGMBefore_d0g0v0_Frontier...ok
   - badOpcodes_d7g0v0_Frontier...ok
   - callcodecallcodecallcode_111_SuicideEnd_d0g0v0_Byzantium...ok
   - callcodecallcallcode_101_OOGMBefore_d0g0v0_Homestead...ok
   - callcodecallcodecall_110_SuicideEnd_d0g0v0_EIP158...ok
   - badOpcodes_d7g0v0_Homestead...ok
   - callcall_00_OOGE_valueTransfer_d0g0v0_Byzantium...ok
   - callcodecallcodecall_110_SuicideEnd_d0g0v0_Frontier...ok
   - callcodecallcodecallcode_111_SuicideEnd_d0g0v0_EIP150...ok
   - callcall_00_OOGE_valueTransfer_d0g0v0_EIP150...ok
   - callcodecallcodecall_110_SuicideEnd_d0g0v0_Homestead...ok
   - badOpcodes_d77g0v0_Byzantium...ok
   - callcall_00_OOGE_valueTransfer_d0g0v0_EIP158...ok
   - callcodecallcodecallcode_111_SuicideEnd_d0g0v0_EIP158...ok
   - callcodecallcodecallcode_111_SuicideEnd_d0g0v0_Byzantium...ok
   - badOpcodes_d77g0v0_EIP150...ok
   - callcall_00_OOGE_valueTransfer_d0g0v0_Frontier...ok
   - badOpcodes_d77g0v0_EIP158...ok
   - callcodecallcodecallcode_111_SuicideEnd_d0g0v0_Frontier...ok
   - callcodecallcodecallcode_111_SuicideEnd_d0g0v0_Homestead...ok
   - callcodecallcodecallcode_111_SuicideEnd_d0g0v0_EIP150...ok
   - callcall_00_OOGE_valueTransfer_d0g0v0_Homestead...ok
   - badOpcodes_d77g0v0_Frontier...ok
   - callcodecallcodecallcode_111_SuicideEnd_d0g0v0_EIP158...ok
   - callcallcodecallcode_011_d0g0v0_Byzantium...ok
   - badOpcodes_d77g0v0_Homestead...ok
   - callcodecallcodecallcode_111_SuicideEnd_d0g0v0_Frontier...ok
   - callcodecallcallcode_101_OOGMAfter_d0g0v0_Byzantium...ok
   - callcodecallcodecallcode_111_SuicideEnd_d0g0v0_Homestead...ok
   - callcallcodecallcode_011_d0g0v0_EIP150...ok
ok
   - callcodecallcallcode_101_OOGMAfter_d0g0v0_EIP150...   - badOpcodes_d92g0v0_Byzantium...ok
   - callcodecallcallcode_101_OOGMAfter_d0g0v0_Byzantium...ok
   - callcallcodecallcode_011_d0g0v0_EIP158...ok
   - badOpcodes_d92g0v0_EIP150...ok
   - callcodecallcallcode_101_OOGMAfter_d0g0v0_EIP158...ok
   - callcallcodecallcode_011_d0g0v0_Frontier...ok
   - badOpcodes_d92g0v0_EIP158...ok
   - callcodecallcallcode_101_OOGMAfter_d0g0v0_EIP150...ok
   - callcodecallcallcode_101_OOGMAfter_d0g0v0_Frontier...ok
   - callcallcodecallcode_011_d0g0v0_Homestead...ok
   - badOpcodes_d92g0v0_Frontier...ok
   - callcodecallcallcode_101_OOGMAfter_d0g0v0_Homestead...ok
   - callcodecallcall_ABCB_RECURSIVE_d0g0v0_Byzantium...ok
   - callcodecallcallcode_101_OOGMAfter_d0g0v0_EIP158...ok
   - badOpcodes_d92g0v0_Homestead...ok
   - callcallcodecallcode_ABCB_RECURSIVE_d0g0v0_Byzantium...ok
   - badOpcodes_d5g0v0_Byzantium...ok
   - callcodecallcallcode_101_OOGMAfter_d0g0v0_Frontier...ok
   - callcodecallcall_ABCB_RECURSIVE_d0g0v0_EIP150...ok
   - callcallcodecallcode_ABCB_RECURSIVE_d0g0v0_EIP150...ok
   - badOpcodes_d5g0v0_EIP150...ok
   - callcodecallcall_ABCB_RECURSIVE_d0g0v0_EIP158...ok
   - callcodecallcallcode_101_OOGMAfter_d0g0v0_Homestead...ok
   - badOpcodes_d5g0v0_EIP158...ok
   - callcallcodecallcode_ABCB_RECURSIVE_d0g0v0_EIP158...ok
   - callcodecallcall_ABCB_RECURSIVE_d0g0v0_Frontier...ok
   - callcallcodecallcode_ABCB_RECURSIVE_d0g0v0_Byzantium...ok
   - callcallcodecallcode_ABCB_RECURSIVE_d0g0v0_Frontier...ok
   - badOpcodes_d5g0v0_Frontier...ok
   - callcallcodecallcode_ABCB_RECURSIVE_d0g0v0_EIP150...ok
   - badOpcodes_d5g0v0_Homestead...ok
   - callcodecallcall_ABCB_RECURSIVE_d0g0v0_Homestead...ok
   - callcallcodecallcode_ABCB_RECURSIVE_d0g0v0_Homestead...ok
   - callcallcodecallcode_ABCB_RECURSIVE_d0g0v0_EIP158...ok
   - callcodecallcallcode_101_SuicideMiddle_d0g0v0_Byzantium...ok
ok
   - callcodecallcode_11_d0g0v0_Byzantium...   - badOpcodes_d29g0v0_Byzantium...ok
   - callcodecallcallcode_101_SuicideMiddle_d0g0v0_EIP150...ok
   - callcallcodecallcode_ABCB_RECURSIVE_d0g0v0_Frontier...ok
   - callcodecallcode_11_d0g0v0_EIP150...ok
   - callcodecallcallcode_101_SuicideMiddle_d0g0v0_EIP158...ok
   - badOpcodes_d29g0v0_EIP150...ok
   - callcallcodecallcode_ABCB_RECURSIVE_d0g0v0_Homestead...ok
   - callcodecallcode_11_d0g0v0_EIP158...ok
   - badOpcodes_d29g0v0_EIP158...ok
   - callcodecallcallcode_101_SuicideMiddle_d0g0v0_Frontier...ok
   - badOpcodes_d29g0v0_Frontier...ok
   - callcodecallcode_11_d0g0v0_Frontier...ok
   - callcodecallcallcode_101_SuicideMiddle_d0g0v0_Byzantium...ok
   - badOpcodes_d29g0v0_Homestead...ok
   - callcodecallcallcode_101_SuicideMiddle_d0g0v0_Homestead...ok
   - callcodecallcode_11_d0g0v0_Homestead...ok
   - badOpcodes_d64g0v0_Byzantium...ok
   - callcodecallcallcode_101_SuicideEnd_d0g0v0_Byzantium...ok
   - callcodecallcallcode_101_SuicideMiddle_d0g0v0_EIP150...ok
   - callcallcall_000_SuicideEnd_d0g0v0_Byzantium...ok
   - badOpcodes_d64g0v0_EIP150...ok
   - callcodecallcallcode_101_SuicideEnd_d0g0v0_EIP150...ok
   - callcodecallcallcode_101_SuicideEnd_d0g0v0_EIP158...ok
   - callcodecallcallcode_101_SuicideMiddle_d0g0v0_EIP158...ok
   - badOpcodes_d64g0v0_EIP158...ok
   - callcallcall_000_SuicideEnd_d0g0v0_EIP150...ok
   - callcodecallcallcode_101_SuicideEnd_d0g0v0_Frontier...ok
   - callcodecallcallcode_101_SuicideMiddle_d0g0v0_Frontier...ok
   - badOpcodes_d64g0v0_Frontier...ok
   - callcallcall_000_SuicideEnd_d0g0v0_EIP158...ok
   - callcodecallcallcode_101_SuicideMiddle_d0g0v0_Homestead...ok
   - callcodecallcallcode_101_SuicideEnd_d0g0v0_Homestead...ok
   - badOpcodes_d64g0v0_Homestead...ok
   - callcallcall_000_SuicideEnd_d0g0v0_Frontier...ok
   - callcodecallcallcode_101_SuicideEnd_d0g0v0_Byzantium...ok
   - callcallcall_000_SuicideEnd_d0g0v0_Homestead...ok
   - callcallcallcode_001_OOGMAfter_d0g0v0_Byzantium...ok
   - badOpcodes_d50g0v0_Byzantium...ok
   - callcodecallcallcode_101_SuicideEnd_d0g0v0_EIP150...ok
   - badOpcodes_d50g0v0_EIP150...ok
   - callcallcallcode_001_OOGMAfter_d0g0v0_EIP150...ok
   - callcodecallcodecallcode_111_OOGMAfter_d0g0v0_Byzantium...ok
   - badOpcodes_d50g0v0_EIP158...ok
   - callcodecallcallcode_101_SuicideEnd_d0g0v0_EIP158...ok
   - badOpcodes_d50g0v0_Frontier...ok
   - badOpcodes_d50g0v0_Homestead...ok
   - callcodecallcodecallcode_111_OOGMAfter_d0g0v0_EIP150...ok
   - callcallcallcode_001_OOGMAfter_d0g0v0_EIP158...ok
ok
   - callcodecallcallcode_101_SuicideEnd_d0g0v0_Frontier...   - badOpcodes_d79g0v0_Byzantium...ok
   - callcodecallcodecallcode_111_OOGMAfter_d0g0v0_EIP158...ok
   - badOpcodes_d79g0v0_EIP150...ok
   - callcodecallcallcode_101_SuicideEnd_d0g0v0_Homestead...ok
   - callcodecallcodecallcode_111_OOGMAfter_d0g0v0_Frontier...ok
   - badOpcodes_d79g0v0_EIP158...ok
   - callcallcallcode_001_OOGMAfter_d0g0v0_Frontier...ok
   - callcodecallcodecallcode_111_OOGMAfter_d0g0v0_Homestead...ok
   - callcallcallcode_001_OOGMAfter_d0g0v0_Byzantium...ok
   - callcallcallcode_001_OOGMAfter_d0g0v0_Homestead...ok
   - badOpcodes_d79g0v0_Frontier...ok
   - call_OOG_additionalGasCosts1_d0g0v0_Byzantium...ok
   - callcallcallcode_001_OOGMAfter_d0g0v0_EIP150...ok
   - callcodecallcode_11_SuicideEnd_d0g0v0_Byzantium...ok
   - badOpcodes_d79g0v0_Homestead...ok
   - call_OOG_additionalGasCosts1_d0g0v0_EIP150...ok
   - badOpcodes_d30g0v0_Byzantium...ok
   - callcallcallcode_001_OOGMAfter_d0g0v0_EIP158...ok
   - call_OOG_additionalGasCosts1_d0g0v0_EIP158...ok
   - callcodecallcode_11_SuicideEnd_d0g0v0_EIP150...ok
   - callcallcallcode_001_OOGMAfter_d0g0v0_Frontier...ok
   - badOpcodes_d30g0v0_EIP150...ok
   - callcodecallcode_11_SuicideEnd_d0g0v0_EIP158...ok
   - call_OOG_additionalGasCosts1_d0g0v0_Frontier...ok
   - badOpcodes_d30g0v0_EIP158...ok
   - callcallcallcode_001_OOGMAfter_d0g0v0_Homestead...ok
   - call_OOG_additionalGasCosts1_d0g0v0_Homestead...ok
   - badOpcodes_d30g0v0_Frontier...ok
   - callcodecallcode_11_SuicideEnd_d0g0v0_Frontier...ok
   - callcodeDynamicCode_d0g0v0_Byzantium...ok
   - callcodecallcode_11_SuicideEnd_d0g0v0_Byzantium...ok
   - callcodecallcode_11_SuicideEnd_d0g0v0_Homestead...ok
   - badOpcodes_d30g0v0_Homestead...ok
   - badOpcodes_d63g0v0_Byzantium...ok
   - callcodeDynamicCode_d0g0v0_EIP150...ok
   - callcodecallcodecallcode_111_OOGE_d0g0v0_Byzantium...ok
   - callcodecallcode_11_SuicideEnd_d0g0v0_EIP150...ok
   - badOpcodes_d63g0v0_EIP150...ok
   - callcodeDynamicCode_d0g0v0_EIP158...ok
   - callcodecallcodecallcode_111_OOGE_d0g0v0_EIP150...ok
   - callcodecallcode_11_SuicideEnd_d0g0v0_EIP158...ok
   - badOpcodes_d63g0v0_EIP158...ok
   - callcodecallcode_11_SuicideEnd_d0g0v0_Frontier...ok
   - badOpcodes_d63g0v0_Frontier...ok
   - callcodeDynamicCode_d0g0v0_Frontier...ok
   - callcodecallcodecallcode_111_OOGE_d0g0v0_EIP158...ok
   - badOpcodes_d63g0v0_Homestead...ok
   - callcodecallcode_11_SuicideEnd_d0g0v0_Homestead...ok
   - callcodecallcodecallcode_111_OOGE_d0g0v0_Frontier...ok
   - callcodecallcodecallcode_111_OOGE_d0g0v0_Byzantium...ok
   - callcodeDynamicCode_d0g0v0_Homestead...ok
   - badOpcodes_d60g0v0_Byzantium...ok
   - callcodecallcodecallcode_111_OOGE_d0g0v0_Homestead...ok
   - callcodecallcall_100_d0g0v0_Byzantium...ok
   - badOpcodes_d60g0v0_EIP150...ok
   - callcodecallcodecallcode_111_OOGE_d0g0v0_EIP150...ok
   - callcodecallcall_100_d0g0v0_EIP150...ok
   - badOpcodes_d60g0v0_EIP158...ok
ok
   - callcodecallcall_100_d0g0v0_EIP158...   - callcodecallcodecallcode_111_OOGMBefore_d0g0v0_Byzantium...ok
   - badOpcodes_d60g0v0_Frontier...ok
   - callcodecallcodecallcode_111_OOGE_d0g0v0_EIP158...ok
   - callcodecallcall_100_d0g0v0_Frontier...ok
   - callcodecallcodecallcode_111_OOGMBefore_d0g0v0_EIP150...ok
   - badOpcodes_d60g0v0_Homestead...ok
   - callcodecallcall_100_d0g0v0_Homestead...ok
   - callcodecallcodecallcode_111_OOGE_d0g0v0_Frontier...ok
   - callcodecallcodecallcode_111_OOGMBefore_d0g0v0_EIP158...ok
   - callcodecallcodecallcode_111_OOGMBefore_d0g0v0_Frontier...ok
   - callcodecallcodecallcode_111_OOGE_d0g0v0_Homestead...ok
   - callcodecallcodecallcode_111_OOGMBefore_d0g0v0_Homestead...ok
   - callcodecallcodecallcode_111_OOGMBefore_d0g0v0_Byzantium...ok
   - callcall_00_d0g0v0_Byzantium...ok
   - badOpcodes_d46g0v0_Byzantium...ok
   - callcallcodecallcode_011_SuicideEnd_d0g0v0_Byzantium...ok
   - callcodecallcodecallcode_111_OOGMBefore_d0g0v0_EIP150...ok
   - callcallcodecallcode_011_SuicideEnd_d0g0v0_EIP150...ok
   - badOpcodes_d46g0v0_EIP150...ok
   - callcall_00_d0g0v0_EIP150...ok
   - callcallcodecallcode_011_SuicideEnd_d0g0v0_EIP158...ok
   - badOpcodes_d46g0v0_EIP158...ok
   - callcodecallcodecallcode_111_OOGMBefore_d0g0v0_EIP158...ok
   - callcall_00_d0g0v0_EIP158...ok
   - callcallcodecallcode_011_SuicideEnd_d0g0v0_Frontier...ok
   - badOpcodes_d46g0v0_Frontier...ok
   - callcall_00_d0g0v0_Frontier...ok
   - callcodecallcodecallcode_111_OOGMBefore_d0g0v0_Frontier...ok
   - badOpcodes_d46g0v0_Homestead...ok
   - callcallcodecallcode_011_SuicideEnd_d0g0v0_Homestead...ok
   - badOpcodes_d35g0v0_Byzantium...ok
   - callcall_00_d0g0v0_Homestead...ok
   - callcodecallcodecallcode_111_OOGMBefore_d0g0v0_Homestead...ok
ok
   - badOpcodes_d35g0v0_EIP150...   - callcallcallcode_ABCB_RECURSIVE_d0g0v0_Byzantium...ok
   - callcallcodecallcode_011_SuicideEnd_d0g0v0_Byzantium...ok
ok
   - callcallcallcode_ABCB_RECURSIVE_d0g0v0_EIP150...   - callcodecallcall_100_OOGMBefore_d0g0v0_Byzantium...ok
   - badOpcodes_d35g0v0_EIP158...ok
   - callcodecallcall_100_OOGMBefore_d0g0v0_EIP150...ok
   - callcallcodecallcode_011_SuicideEnd_d0g0v0_EIP150...ok
   - badOpcodes_d35g0v0_Frontier...ok
   - callcallcallcode_ABCB_RECURSIVE_d0g0v0_EIP158...ok
   - callcodecallcall_100_OOGMBefore_d0g0v0_EIP158...ok
   - callcallcodecallcode_011_SuicideEnd_d0g0v0_EIP158...ok
   - badOpcodes_d35g0v0_Homestead...ok
   - callcodecallcall_100_OOGMBefore_d0g0v0_Frontier...ok
   - callcallcallcode_ABCB_RECURSIVE_d0g0v0_Frontier...ok
   - callcallcodecallcode_011_SuicideEnd_d0g0v0_Frontier...ok
   - callcodecallcall_100_OOGMBefore_d0g0v0_Homestead...ok
   - badOpcodes_d51g0v0_Byzantium...ok
   - callcallcallcode_ABCB_RECURSIVE_d0g0v0_Homestead...ok
   - callcodecallcall_100_SuicideMiddle_d0g0v0_Byzantium...ok
   - badOpcodes_d51g0v0_EIP150...ok
   - callcallcodecallcode_011_SuicideEnd_d0g0v0_Homestead...ok
   - badOpcodes_d51g0v0_EIP158...ok
   - callcodecallcall_100_SuicideMiddle_d0g0v0_EIP150...ok
   - callcallcodecall_010_SuicideEnd_d0g0v0_Byzantium...ok
ok
ok
ok
   - badOpcodes_d51g0v0_Frontier...   - callcodecallcall_100_SuicideMiddle_d0g0v0_EIP158...   - callcallcodecall_010_SuicideEnd_d0g0v0_EIP150...   - callcallcallcode_ABCB_RECURSIVE_d0g0v0_Byzantium...ok
   - callcallcodecall_010_SuicideEnd_d0g0v0_EIP158...ok
   - callcodecallcall_100_SuicideMiddle_d0g0v0_Frontier...ok
   - callcallcallcode_ABCB_RECURSIVE_d0g0v0_EIP150...ok
   - badOpcodes_d51g0v0_Homestead...ok
   - callcodecallcall_100_SuicideMiddle_d0g0v0_Homestead...ok
   - callcallcodecall_010_SuicideEnd_d0g0v0_Frontier...ok
   - callcallcallcode_ABCB_RECURSIVE_d0g0v0_EIP158...ok
   - badOpcodes_d106g0v0_Byzantium...ok
   - callcallcall_ABCB_RECURSIVE_d0g0v0_Byzantium...ok
   - callcallcodecall_010_SuicideEnd_d0g0v0_Homestead...ok
   - badOpcodes_d106g0v0_EIP150...ok
   - callcallcode_01_SuicideEnd_d0g0v0_Byzantium...ok
   - callcallcallcode_ABCB_RECURSIVE_d0g0v0_Frontier...ok
   - badOpcodes_d106g0v0_EIP158...ok
   - callcallcode_01_SuicideEnd_d0g0v0_EIP150...ok
   - callcallcall_ABCB_RECURSIVE_d0g0v0_EIP150...ok
   - callcallcallcode_ABCB_RECURSIVE_d0g0v0_Homestead...ok
   - callcallcode_01_SuicideEnd_d0g0v0_EIP158...ok
   - badOpcodes_d106g0v0_Frontier...ok
   - callcallcall_ABCB_RECURSIVE_d0g0v0_EIP158...ok
   - callcallcodecall_010_SuicideEnd_d0g0v0_Byzantium...ok
   - callcallcall_ABCB_RECURSIVE_d0g0v0_Frontier...ok
   - badOpcodes_d106g0v0_Homestead...ok
   - callcallcodecall_010_SuicideEnd_d0g0v0_EIP150...ok
   - callcallcode_01_SuicideEnd_d0g0v0_Frontier...ok
   - callcallcodecall_010_SuicideEnd_d0g0v0_EIP158...ok
ok
   - callcallcall_ABCB_RECURSIVE_d0g0v0_Homestead...   - badOpcodes_d117g0v0_Byzantium...ok
   - callcodecallcallcode_ABCB_RECURSIVE_d0g0v0_Byzantium...ok
   - callcallcode_01_SuicideEnd_d0g0v0_Homestead...ok
   - callcallcodecall_010_SuicideEnd_d0g0v0_Frontier...ok
   - callcodecallcallcode_ABCB_RECURSIVE_d0g0v0_EIP150...ok
ok
   - callcallcodecall_010_SuicideEnd_d0g0v0_Homestead...   - callcodecallcodecall_110_d0g0v0_Byzantium...ok
   - badOpcodes_d117g0v0_EIP150...ok
   - badOpcodes_d117g0v0_EIP158...ok
   - callcodecallcodecall_110_d0g0v0_EIP150...ok
   - badOpcodes_d117g0v0_Frontier...ok
   - callcodecallcallcode_ABCB_RECURSIVE_d0g0v0_EIP158...ok
   - callcodecallcodecall_110_d0g0v0_EIP158...ok
   - badOpcodes_d117g0v0_Homestead...ok
   - callcallcode_01_SuicideEnd_d0g0v0_Byzantium...ok
   - callcodecallcodecall_110_d0g0v0_Frontier...ok
   - badOpcodes_d71g0v0_Byzantium...ok
   - callcodecallcallcode_ABCB_RECURSIVE_d0g0v0_Frontier...ok
   - callcodecallcodecall_110_d0g0v0_Homestead...ok
   - badOpcodes_d71g0v0_EIP150...ok
   - callcodecallcallcode_ABCB_RECURSIVE_d0g0v0_Homestead...ok
   - callcallcode_01_SuicideEnd_d0g0v0_EIP150...ok
   - badOpcodes_d71g0v0_EIP158...ok
ok
   - callcallcode_01_d0g0v0_Byzantium...   - callcodecallcodecall_110_SuicideEnd_d0g0v0_Byzantium...ok
   - callcallcode_01_SuicideEnd_d0g0v0_EIP158...ok
   - badOpcodes_d71g0v0_Frontier...ok
   - callcallcode_01_d0g0v0_EIP150...ok
   - callcodecallcodecall_110_SuicideEnd_d0g0v0_EIP150...ok
   - callcallcode_01_SuicideEnd_d0g0v0_Frontier...ok
   - badOpcodes_d71g0v0_Homestead...ok
   - callcodecallcodecall_110_SuicideEnd_d0g0v0_EIP158...ok
   - callcallcode_01_SuicideEnd_d0g0v0_Homestead...ok
   - callcallcode_01_d0g0v0_EIP158...ok
   - callcodecallcodecall_110_d0g0v0_Byzantium...ok
   - callcodecallcodecall_110_SuicideEnd_d0g0v0_Frontier...ok
   - badOpcodes_d1g0v0_Byzantium...ok
   - callcallcode_01_d0g0v0_Frontier...ok
   - callcodecallcodecall_110_d0g0v0_EIP150...ok
   - callcodecallcodecall_110_SuicideEnd_d0g0v0_Homestead...ok
   - badOpcodes_d1g0v0_EIP150...ok
   - callcodecallcodecall_110_d0g0v0_EIP158...ok
   - callcallcode_01_d0g0v0_Homestead...ok
   - callcodecallcodecallcode_111_SuicideEnd_d0g0v0_Byzantium...ok
   - callcodecallcodecall_110_d0g0v0_Frontier...ok
   - callcodecallcall_100_SuicideEnd_d0g0v0_Byzantium...ok
   - callcodecallcodecallcode_111_SuicideEnd_d0g0v0_EIP150...ok
   - badOpcodes_d1g0v0_EIP158...ok
   - callcodecallcall_100_SuicideEnd_d0g0v0_EIP150...ok
   - callcodecallcodecallcode_111_SuicideEnd_d0g0v0_EIP158...ok
   - callcodecallcodecall_110_d0g0v0_Homestead...ok
   - badOpcodes_d1g0v0_Frontier...ok
   - callcodecallcall_100_SuicideEnd_d0g0v0_EIP158...ok
   - callcodecallcodecallcode_111_SuicideEnd_d0g0v0_Frontier...ok
ok
   - badOpcodes_d1g0v0_Homestead...   - callcallcode_01_d0g0v0_Byzantium...ok
   - callcallcode_01_d0g0v0_EIP150...ok
   - callcodecallcodecallcode_111_SuicideEnd_d0g0v0_Homestead...ok
   - badOpcodes_d61g0v0_Byzantium...ok
   - callcodecallcall_100_SuicideEnd_d0g0v0_Frontier...ok
   - callcallcode_01_d0g0v0_EIP158...ok
   - callcodecallcallcode_101_OOGMAfter_d0g0v0_Byzantium...ok
   - callcodecallcall_100_SuicideEnd_d0g0v0_Homestead...ok
   - badOpcodes_d61g0v0_EIP150...ok
   - callcodecallcallcode_101_OOGMAfter_d0g0v0_EIP150...ok
   - badOpcodes_d61g0v0_EIP158...ok
   - callcodecallcallcode_101_OOGMAfter_d0g0v0_EIP158...ok
   - callcallcode_01_d0g0v0_Frontier...ok
   - callcodecall_10_OOGE_d0g0v0_Byzantium...ok
   - badOpcodes_d61g0v0_Frontier...ok
   - callcodecall_10_OOGE_d0g0v0_EIP150...ok
   - callcallcode_01_d0g0v0_Homestead...ok
   - badOpcodes_d61g0v0_Homestead...ok
   - callcodecallcallcode_101_OOGMAfter_d0g0v0_Frontier...ok
   - callcodecall_10_OOGE_d0g0v0_EIP158...ok
   - callcodecall_10_OOGE_d0g0v0_Frontier...ok
ok
   - badOpcodes_d25g0v0_Byzantium...   - callcodecallcall_100_SuicideEnd_d0g0v0_Byzantium...ok
   - callcodecallcallcode_101_OOGMAfter_d0g0v0_Homestead...ok
   - callcodecall_10_OOGE_d0g0v0_Homestead...ok
   - callcallcodecallcode_ABCB_RECURSIVE_d0g0v0_Byzantium...ok
   - callcallcodecallcode_011_OOGMBefore_d0g0v0_Byzantium...ok
   - callcodecallcall_100_SuicideEnd_d0g0v0_EIP150...ok
   - badOpcodes_d25g0v0_EIP150...ok
   - callcallcodecallcode_ABCB_RECURSIVE_d0g0v0_EIP150...ok
   - badOpcodes_d25g0v0_EIP158...ok
   - callcodecallcall_100_SuicideEnd_d0g0v0_EIP158...ok
   - callcallcodecallcode_011_OOGMBefore_d0g0v0_EIP150...ok
   - callcallcodecallcode_ABCB_RECURSIVE_d0g0v0_EIP158...ok
   - callcodecallcall_100_SuicideEnd_d0g0v0_Frontier...ok
   - badOpcodes_d25g0v0_Frontier...ok
   - callcallcodecallcode_011_OOGMBefore_d0g0v0_EIP158...ok
   - callcallcodecallcode_ABCB_RECURSIVE_d0g0v0_Frontier...ok
   - callcodecallcall_100_SuicideEnd_d0g0v0_Homestead...ok
   - badOpcodes_d25g0v0_Homestead...ok
   - callcallcodecallcode_011_OOGMBefore_d0g0v0_Frontier...ok
   - callcodecall_10_OOGE_d0g0v0_Byzantium...ok
   - callcallcodecallcode_ABCB_RECURSIVE_d0g0v0_Homestead...ok
   - badOpcodes_d69g0v0_Byzantium...ok
   - callcodecall_10_OOGE_d0g0v0_EIP150...ok
   - callcallcodecallcode_011_OOGMBefore_d0g0v0_Homestead...ok
   - callcodeInInitcodeToEmptyContract_d0g0v0_Byzantium...ok
   - callcodecall_10_OOGE_d0g0v0_EIP158...ok
   - callcodeInInitcodeToEmptyContract_d0g0v0_EIP150...ok
test json_tests::chain::block_tests::BlockchainTests_GeneralStateTest_stCallDelegateCodesCallCodeHomestead ... ok
   - callcallcodecall_010_OOGMAfter_3_d0g0v0_Byzantium...ok
   - badOpcodes_d69g0v0_EIP150...ok
   - callcodecall_10_OOGE_d0g0v0_Frontier...ok
ok
   - callcodecall_10_OOGE_d0g0v0_Homestead...   - badOpcodes_d69g0v0_EIP158...ok
   - callcodeInInitcodeToEmptyContract_d0g0v0_EIP158...ok
   - callcallcodecall_010_OOGMAfter_3_d0g0v0_EIP150...ok
   - badOpcodes_d69g0v0_Frontier...ok
   - callcallcodecallcode_011_OOGMBefore_d0g0v0_Byzantium...ok
   - callcodeInInitcodeToEmptyContract_d0g0v0_Frontier...ok
   - badOpcodes_d69g0v0_Homestead...ok
   - callcallcodecallcode_011_OOGMBefore_d0g0v0_EIP150...ok
   - callcallcodecall_010_OOGMAfter_3_d0g0v0_EIP158...ok
   - badOpcodes_d53g0v0_Byzantium...ok
   - callcodeInInitcodeToEmptyContract_d0g0v0_Homestead...ok
   - callcallcodecallcode_011_OOGMBefore_d0g0v0_EIP158...ok
   - callcallcodecall_010_OOGMAfter_3_d0g0v0_Frontier...ok
   - badOpcodes_d53g0v0_EIP150...ok
   - callcodecallcallcode_101_SuicideMiddle_d0g0v0_Byzantium...ok
   - badOpcodes_d53g0v0_EIP158...ok
   - callcallcodecall_010_OOGMAfter_3_d0g0v0_Homestead...ok
   - badOpcodes_d53g0v0_Frontier...ok
   - callcallcodecallcode_011_OOGMBefore_d0g0v0_Frontier...ok
ok
   - callcodecallcallcode_101_SuicideMiddle_d0g0v0_EIP150...   - Callcode1024BalanceTooLow_d0g0v0_Byzantium...ok
   - callcallcodecallcode_011_OOGMBefore_d0g0v0_Homestead...ok
   - badOpcodes_d53g0v0_Homestead...ok
   - callcodecallcallcode_101_SuicideMiddle_d0g0v0_EIP158...ok
   - badOpcodes_d16g0v0_Byzantium...ok
test json_tests::chain::block_tests::BlockchainTests_GeneralStateTest_stCallDelegateCodesHomestead ... ok
ok
   - callcodecallcallcode_101_SuicideMiddle_d0g0v0_Frontier...   - codesizeValid_d0g0v0_Byzantium...ok
   - Callcode1024BalanceTooLow_d0g0v0_EIP150...ok
   - badOpcodes_d16g0v0_EIP150...ok
   - callcodecallcallcode_101_SuicideMiddle_d0g0v0_Homestead...ok
   - codesizeValid_d0g0v0_EIP150...ok
   - badOpcodes_d16g0v0_EIP158...ok
   - badOpcodes_d16g0v0_Frontier...ok
   - callcodeDynamicCode2SelfCall_d0g0v0_Byzantium...ok
   - codesizeValid_d0g0v0_EIP158...ok
   - Callcode1024BalanceTooLow_d0g0v0_EIP158...ok
   - badOpcodes_d16g0v0_Homestead...ok
   - codesizeValid_d0g0v0_Frontier...ok
   - badOpcodes_d102g0v0_Byzantium...ok
   - callcodeDynamicCode2SelfCall_d0g0v0_EIP150...ok
   - codesizeValid_d0g0v0_Homestead...ok
   - Callcode1024BalanceTooLow_d0g0v0_Frontier...ok
ok
   - callcodeDynamicCode2SelfCall_d0g0v0_EIP158...ok
   - badOpcodes_d102g0v0_EIP150...ok
   - Callcode1024BalanceTooLow_d0g0v0_Homestead...   - codesizeOOGInvalidSize_d0g0v0_Byzantium...ok
ok
   - badOpcodes_d102g0v0_EIP158...   - codesizeOOGInvalidSize_d0g0v0_EIP150...ok
   - callcodecallcall_100_OOGMAfter_2_d0g0v0_Byzantium...ok
   - callcodeDynamicCode2SelfCall_d0g0v0_Frontier...ok
   - codesizeOOGInvalidSize_d0g0v0_EIP158...ok
   - callcodeDynamicCode2SelfCall_d0g0v0_Homestead...ok
   - callcodecallcall_100_OOGMAfter_2_d0g0v0_EIP150...ok
   - badOpcodes_d102g0v0_Frontier...ok
   - codesizeOOGInvalidSize_d0g0v0_Frontier...ok
   - callcallcall_000_SuicideMiddle_d0g0v0_Byzantium...ok
   - callcodecallcall_100_OOGMAfter_2_d0g0v0_EIP158...ok
   - badOpcodes_d102g0v0_Homestead...ok
   - codesizeOOGInvalidSize_d0g0v0_Homestead...ok
   - callcallcall_000_SuicideMiddle_d0g0v0_EIP150...ok
   - callcodecallcall_100_OOGMAfter_2_d0g0v0_Frontier...ok
   - badOpcodes_d118g0v0_Byzantium...ok
test json_tests::chain::block_tests::BlockchainTests_GeneralStateTest_stCodeSizeLimit ... ok
   - TransactionCollisionToEmptyButCode_d0g0v0_Byzantium...ok
   - callcodecallcall_100_OOGMAfter_2_d0g0v0_Homestead...ok
   - badOpcodes_d118g0v0_EIP150...ok
   - TransactionCollisionToEmptyButCode_d0g0v0_EIP150...ok
   - callcallcall_000_SuicideMiddle_d0g0v0_EIP158...ok
   - TransactionCollisionToEmptyButCode_d0g0v0_EIP158...ok
   - callcallcall_000_OOGMAfter_d0g0v0_Byzantium...ok
   - TransactionCollisionToEmptyButCode_d0g0v0_Frontier...ok
   - callcallcall_000_SuicideMiddle_d0g0v0_Frontier...ok
   - badOpcodes_d118g0v0_EIP158...ok
   - callcallcall_000_OOGMAfter_d0g0v0_EIP150...ok
   - TransactionCollisionToEmptyButCode_d0g0v0_Homestead...ok
ok
   - callcallcall_000_SuicideMiddle_d0g0v0_Homestead...   - CreateCollisionToEmpty_d2g1v1_Byzantium...ok
   - callcallcall_000_OOGMAfter_d0g0v0_EIP158...ok
   - badOpcodes_d118g0v0_Frontier...ok
   - callcodecallcallcode_101_SuicideEnd_d0g0v0_Byzantium...ok
   - CreateCollisionToEmpty_d2g1v1_EIP150...ok
   - callcallcall_000_OOGMAfter_d0g0v0_Frontier...ok
   - badOpcodes_d118g0v0_Homestead...ok
   - callcodecallcallcode_101_SuicideEnd_d0g0v0_EIP150...ok
   - callcallcall_000_OOGMAfter_d0g0v0_Homestead...ok
   - badOpcodes_d6g0v0_Byzantium...ok
   - CreateCollisionToEmpty_d2g1v1_EIP158...ok
   - callcodecallcallcode_101_SuicideEnd_d0g0v0_EIP158...ok
   - callcallcodecallcode_011_OOGMAfter_1_d0g0v0_Byzantium...ok
   - callcodecallcallcode_101_SuicideEnd_d0g0v0_Frontier...ok
   - CreateCollisionToEmpty_d2g1v1_Frontier...ok
   - callcallcodecallcode_011_OOGMAfter_1_d0g0v0_EIP150...ok
   - badOpcodes_d6g0v0_EIP150...ok
   - CreateCollisionToEmpty_d2g1v1_Homestead...ok
   - badOpcodes_d6g0v0_EIP158...ok
   - callcodecallcallcode_101_SuicideEnd_d0g0v0_Homestead...ok
ok
   - callcallcodecallcode_011_OOGMAfter_1_d0g0v0_EIP158...   - CREATE_EmptyContractWithStorage_d0g0v0_Byzantium...ok
   - callcallcodecallcode_011_OOGMAfter_1_d0g0v0_Frontier...ok
   - badOpcodes_d6g0v0_Frontier...ok
   - CREATE_EmptyContractWithStorage_d0g0v0_EIP150...ok
   - callcallcallcode_001_OOGMAfter_d0g0v0_Byzantium...ok
   - badOpcodes_d6g0v0_Homestead...ok
   - callcallcodecallcode_011_OOGMAfter_1_d0g0v0_Homestead...ok
   - CREATE_EmptyContractWithStorage_d0g0v0_EIP158...ok
   - callcallcallcode_001_OOGMAfter_d0g0v0_EIP150...ok
   - badOpcodes_d96g0v0_Byzantium...ok
   - contractCreationMakeCallThatAskMoreGasThenTransactionProvided_d0g0v0_Byzantium...ok
   - callcallcallcode_001_OOGMAfter_d0g0v0_EIP158...ok
   - badOpcodes_d96g0v0_EIP150...ok
   - CREATE_EmptyContractWithStorage_d0g0v0_Frontier...ok
   - contractCreationMakeCallThatAskMoreGasThenTransactionProvided_d0g0v0_EIP150...ok
   - callcallcallcode_001_OOGMAfter_d0g0v0_Frontier...ok
   - badOpcodes_d96g0v0_EIP158...ok
   - contractCreationMakeCallThatAskMoreGasThenTransactionProvided_d0g0v0_EIP158...ok
   - callcallcallcode_001_OOGMAfter_d0g0v0_Homestead...ok
   - CREATE_EmptyContractWithStorage_d0g0v0_Homestead...ok
   - badOpcodes_d96g0v0_Frontier...ok
   - contractCreationMakeCallThatAskMoreGasThenTransactionProvided_d0g0v0_Frontier...ok
   - callcodeEmptycontract_d0g0v0_Byzantium...ok
   - badOpcodes_d96g0v0_Homestead...ok
   - contractCreationMakeCallThatAskMoreGasThenTransactionProvided_d0g0v0_Homestead...ok
   - CreateCollisionToEmpty_d0g1v0_Byzantium...ok
   - badOpcodes_d14g0v0_Byzantium...ok
   - callcodeEmptycontract_d0g0v0_EIP150...ok
   - callcallcallcode_001_OOGMAfter_1_d0g0v0_Byzantium...ok
   - badOpcodes_d14g0v0_EIP150...ok
   - CreateCollisionToEmpty_d0g1v0_EIP150...ok
   - callcodeEmptycontract_d0g0v0_EIP158...ok
   - badOpcodes_d14g0v0_EIP158...ok
   - callcodeEmptycontract_d0g0v0_Frontier...ok
   - callcallcallcode_001_OOGMAfter_1_d0g0v0_EIP150...ok
   - CreateCollisionToEmpty_d0g1v0_EIP158...ok
   - badOpcodes_d14g0v0_Frontier...ok
   - callcodeEmptycontract_d0g0v0_Homestead...ok
   - CreateCollisionToEmpty_d0g1v0_Frontier...ok
   - callcallcallcode_001_OOGMAfter_1_d0g0v0_EIP158...ok
   - badOpcodes_d14g0v0_Homestead...ok
   - callcodecallcode_11_SuicideEnd_d0g0v0_Byzantium...ok
   - callcallcallcode_001_OOGMAfter_1_d0g0v0_Frontier...ok
   - CreateCollisionToEmpty_d0g1v0_Homestead...ok
   - badOpcodes_d13g0v0_Byzantium...ok
   - CREATE_EContract_ThenCALLToNonExistentAcc_d0g0v0_Byzantium...ok
   - callcallcallcode_001_OOGMAfter_1_d0g0v0_Homestead...ok
   - callcodecallcode_11_SuicideEnd_d0g0v0_EIP150...ok
   - callcodecallcode_11_SuicideEnd_d0g0v0_EIP158...ok
   - badOpcodes_d13g0v0_EIP150...ok
   - CREATE_EContract_ThenCALLToNonExistentAcc_d0g0v0_EIP150...ok
ok
   - callcodecallcode_11_SuicideEnd_d0g0v0_Frontier...   - callcodecallcodecall_110_OOGMAfter_2_d0g0v0_Byzantium...ok
   - badOpcodes_d13g0v0_EIP158...ok
   - CREATE_EContract_ThenCALLToNonExistentAcc_d0g0v0_EIP158...ok
   - callcodecallcode_11_SuicideEnd_d0g0v0_Homestead...ok
   - callcodecallcodecall_110_OOGMAfter_2_d0g0v0_EIP150...ok
   - badOpcodes_d13g0v0_Frontier...ok
   - CREATE_EContract_ThenCALLToNonExistentAcc_d0g0v0_Frontier...ok
   - badOpcodes_d13g0v0_Homestead...ok
   - callcallcall_000_OOGMBefore_d0g0v0_Byzantium...ok
   - callcodecallcodecall_110_OOGMAfter_2_d0g0v0_EIP158...ok
   - badOpcodes_d94g0v0_Byzantium...ok
   - CREATE_EContract_ThenCALLToNonExistentAcc_d0g0v0_Homestead...ok
   - callcallcall_000_OOGMBefore_d0g0v0_EIP150...ok
   - callcodecallcodecall_110_OOGMAfter_2_d0g0v0_Frontier...ok
   - badOpcodes_d94g0v0_EIP150...ok
   - TransactionCollisionToEmpty_d0g0v1_Byzantium...ok
   - callcallcall_000_OOGMBefore_d0g0v0_EIP158...ok
   - callcodecallcodecall_110_OOGMAfter_2_d0g0v0_Homestead...ok
   - badOpcodes_d94g0v0_EIP158...ok
   - callcallcall_000_OOGMBefore_d0g0v0_Frontier...ok
ok
   - TransactionCollisionToEmpty_d0g0v1_EIP150...   - callcallcodecall_010_OOGMAfter_1_d0g0v0_Byzantium...ok
   - badOpcodes_d94g0v0_Frontier...ok
   - callcallcall_000_OOGMBefore_d0g0v0_Homestead...ok
   - badOpcodes_d94g0v0_Homestead...ok
   - callcodecallcodecallcode_111_OOGE_d0g0v0_Byzantium...ok
   - TransactionCollisionToEmpty_d0g0v1_EIP158...ok
   - callcallcodecall_010_OOGMAfter_1_d0g0v0_EIP150...ok
   - badOpcodes_d68g0v0_Byzantium...ok
   - callcallcodecall_010_OOGMAfter_1_d0g0v0_EIP158...ok
   - TransactionCollisionToEmpty_d0g0v1_Frontier...ok
   - badOpcodes_d68g0v0_EIP150...ok
   - callcodecallcodecallcode_111_OOGE_d0g0v0_EIP150...ok
   - callcallcodecall_010_OOGMAfter_1_d0g0v0_Frontier...ok
   - TransactionCollisionToEmpty_d0g0v1_Homestead...ok
   - callcodecallcodecallcode_111_OOGE_d0g0v0_EIP158...ok
   - badOpcodes_d68g0v0_EIP158...ok
   - CreateCollisionToEmpty_d1g1v0_Byzantium...ok
   - callcodecallcodecallcode_111_OOGE_d0g0v0_Frontier...ok
   - callcallcodecall_010_OOGMAfter_1_d0g0v0_Homestead...ok
   - badOpcodes_d68g0v0_Frontier...ok
   - CreateCollisionToEmpty_d1g1v0_EIP150...ok
   - badOpcodes_d68g0v0_Homestead...ok
   - CreateCollisionToEmpty_d1g1v0_EIP158...ok
   - callcodecallcodecallcode_111_OOGE_d0g0v0_Homestead...ok
   - Call1024BalanceTooLow_d0g0v0_Byzantium...ok
   - CreateCollisionToEmpty_d1g1v0_Frontier...ok
   - badOpcodes_d45g0v0_Byzantium...ok
   - call_OOG_additionalGasCosts2_d0g0v0_Byzantium...ok
   - CreateCollisionToEmpty_d1g1v0_Homestead...ok
   - badOpcodes_d45g0v0_EIP150...ok
   - Call1024BalanceTooLow_d0g0v0_EIP150...ok
   - call_OOG_additionalGasCosts2_d0g0v0_EIP150...ok
   - CREATE_AcreateB_BSuicide_BStore_d0g0v0_Byzantium...ok
   - badOpcodes_d45g0v0_EIP158...ok
   - CREATE_AcreateB_BSuicide_BStore_d0g0v0_EIP150...ok
   - CREATE_AcreateB_BSuicide_BStore_d0g0v0_EIP158...ok
   - badOpcodes_d45g0v0_Frontier...ok
   - call_OOG_additionalGasCosts2_d0g0v0_EIP158...ok
   - Call1024BalanceTooLow_d0g0v0_EIP158...ok
   - badOpcodes_d45g0v0_Homestead...ok
   - CREATE_AcreateB_BSuicide_BStore_d0g0v0_Frontier...ok
   - call_OOG_additionalGasCosts2_d0g0v0_Frontier...ok
   - CREATE_AcreateB_BSuicide_BStore_d0g0v0_Homestead...ok
   - badOpcodes_d120g0v0_Byzantium...ok
   - Call1024BalanceTooLow_d0g0v0_Frontier...ok
   - CREATE_EmptyContractWithStorageAndCallIt_0wei_d0g0v0_Byzantium...ok
   - call_OOG_additionalGasCosts2_d0g0v0_Homestead...ok
   - Call1024BalanceTooLow_d0g0v0_Homestead...ok
   - CREATE_EmptyContractWithStorageAndCallIt_0wei_d0g0v0_EIP150...ok
   - badOpcodes_d120g0v0_EIP150...ok
   - callcodecallcodecall_110_OOGMAfter_3_d0g0v0_Byzantium...ok
   - callcodecallcodecallcode_111_OOGMBefore_d0g0v0_Byzantium...ok
   - CREATE_EmptyContractWithStorageAndCallIt_0wei_d0g0v0_EIP158...ok
   - badOpcodes_d120g0v0_EIP158...ok
   - callcodecallcodecallcode_111_OOGMBefore_d0g0v0_EIP150...ok
   - callcodecallcodecall_110_OOGMAfter_3_d0g0v0_EIP150...ok
   - badOpcodes_d120g0v0_Frontier...ok
   - CREATE_EmptyContractWithStorageAndCallIt_0wei_d0g0v0_Frontier...ok
   - callcodecallcodecall_110_OOGMAfter_3_d0g0v0_EIP158...ok
   - badOpcodes_d120g0v0_Homestead...ok
   - callcodecallcodecall_110_OOGMAfter_3_d0g0v0_Frontier...ok
   - callcodecallcodecallcode_111_OOGMBefore_d0g0v0_EIP158...ok
   - badOpcodes_d99g0v0_Byzantium...ok
   - callcodecallcodecall_110_OOGMAfter_3_d0g0v0_Homestead...ok
   - CREATE_EmptyContractWithStorageAndCallIt_0wei_d0g0v0_Homestead...ok
   - badOpcodes_d99g0v0_EIP150...ok
   - callcodecallcodecall_110_OOGMAfter_1_d0g0v0_Byzantium...ok
   - callcodecallcodecallcode_111_OOGMBefore_d0g0v0_Frontier...ok
   - badOpcodes_d99g0v0_EIP158...ok
   - TransactionCollisionToEmptyButNonce_d0g1v0_Byzantium...ok
   - badOpcodes_d99g0v0_Frontier...ok
ok
   - callcodecallcodecall_110_OOGMAfter_1_d0g0v0_EIP150...   - TransactionCollisionToEmptyButNonce_d0g1v0_EIP150...ok
   - callcodecallcodecallcode_111_OOGMBefore_d0g0v0_Homestead...ok
   - badOpcodes_d99g0v0_Homestead...ok
   - callcodeInInitcodeToExistingContract_d0g0v0_Byzantium...ok
   - TransactionCollisionToEmptyButNonce_d0g1v0_EIP158...ok
   - callcodecallcodecall_110_OOGMAfter_1_d0g0v0_EIP158...ok
   - TransactionCollisionToEmptyButNonce_d0g1v0_Frontier...ok
   - callcodecallcodecall_110_OOGMAfter_1_d0g0v0_Frontier...ok
   - badOpcodes_d40g0v0_Byzantium...ok
   - callcodeInInitcodeToExistingContract_d0g0v0_EIP150...ok
   - TransactionCollisionToEmptyButNonce_d0g1v0_Homestead...ok
   - callcodeInInitcodeToExistingContract_d0g0v0_EIP158...ok
   - callcodecallcodecall_110_OOGMAfter_1_d0g0v0_Homestead...ok
   - badOpcodes_d40g0v0_EIP150...ok
   - badOpcodes_d40g0v0_EIP158...ok
ok
   - callcodeInInitcodeToExistingContract_d0g0v0_Frontier...   - callcallcodecall_010_OOGMAfter_2_d0g0v0_Byzantium...ok
   - badOpcodes_d40g0v0_Frontier...ok
   - callcallcodecall_010_OOGMAfter_2_d0g0v0_EIP150...ok
   - CreateCollisionToEmpty_d0g1v1_Byzantium...ok
   - CreateCollisionToEmpty_d0g1v1_EIP150...ok
   - callcodeInInitcodeToExistingContract_d0g0v0_Homestead...ok
   - badOpcodes_d40g0v0_Homestead...ok
   - callcallcodecall_010_OOGMAfter_2_d0g0v0_EIP158...ok
   - badOpcodes_d74g0v0_Byzantium...ok
   - CreateCollisionToEmpty_d0g1v1_EIP158...ok
   - badOpcodes_d74g0v0_EIP150...ok
ok
   - callcallcodecall_010_OOGMAfter_2_d0g0v0_Frontier...   - callcallcodecallcode_011_SuicideEnd_d0g0v0_Byzantium...ok
   - callcallcodecallcode_011_SuicideEnd_d0g0v0_EIP150...ok
   - CreateCollisionToEmpty_d0g1v1_Frontier...ok
   - callcallcodecall_010_OOGMAfter_2_d0g0v0_Homestead...ok
   - badOpcodes_d74g0v0_EIP158...ok
   - CreateCollisionToEmpty_d0g1v1_Homestead...ok
   - callcallcodecallcode_011_SuicideEnd_d0g0v0_EIP158...ok
   - callcodecallcallcode_101_OOGMAfter_2_d0g0v0_Byzantium...ok
   - badOpcodes_d74g0v0_Frontier...ok
   - callcallcodecallcode_011_SuicideEnd_d0g0v0_Frontier...ok
   - callcallcodecallcode_011_SuicideEnd_d0g0v0_Homestead...ok
   - callcodecallcallcode_101_OOGMAfter_2_d0g0v0_EIP150...ok
   - CREATE_ContractSuicideDuringInit_WithValueToItself_d0g0v0_Byzantium...ok
   - badOpcodes_d74g0v0_Homestead...ok
   - callcallcallcode_ABCB_RECURSIVE_d0g0v0_Byzantium...ok
   - callcodecallcallcode_101_OOGMAfter_2_d0g0v0_EIP158...ok
   - CREATE_ContractSuicideDuringInit_WithValueToItself_d0g0v0_EIP150...ok
   - badOpcodes_d108g0v0_Byzantium...ok
   - callcallcallcode_ABCB_RECURSIVE_d0g0v0_EIP150...ok
   - CREATE_ContractSuicideDuringInit_WithValueToItself_d0g0v0_EIP158...ok
   - callcodecallcallcode_101_OOGMAfter_2_d0g0v0_Frontier...ok
   - callcallcallcode_ABCB_RECURSIVE_d0g0v0_EIP158...ok
   - badOpcodes_d108g0v0_EIP150...ok
   - CREATE_ContractSuicideDuringInit_WithValueToItself_d0g0v0_Frontier...ok
   - badOpcodes_d108g0v0_EIP158...ok
   - callcallcallcode_ABCB_RECURSIVE_d0g0v0_Frontier...ok
   - callcodecallcallcode_101_OOGMAfter_2_d0g0v0_Homestead...ok
   - CREATE_ContractSuicideDuringInit_WithValueToItself_d0g0v0_Homestead...ok
   - callcallcallcode_ABCB_RECURSIVE_d0g0v0_Homestead...ok
   - badOpcodes_d108g0v0_Frontier...ok
   - callcallcodecall_010_SuicideEnd_d0g0v0_Byzantium...ok
ok
   - TransactionCollisionToEmptyButNonce_d0g0v0_Byzantium...   - callcodecallcodecallcode_111_OOGMAfter_1_d0g0v0_Byzantium...ok
   - badOpcodes_d108g0v0_Homestead...ok
   - callcodecallcodecallcode_111_OOGMAfter_1_d0g0v0_EIP150...ok
   - callcallcodecall_010_SuicideEnd_d0g0v0_EIP150...ok
   - badOpcodes_d48g0v0_Byzantium...ok
ok
   - callcodecallcodecallcode_111_OOGMAfter_1_d0g0v0_EIP158...   - TransactionCollisionToEmptyButNonce_d0g0v0_EIP150...ok
   - callcodecallcodecallcode_111_OOGMAfter_1_d0g0v0_Frontier...ok
   - callcallcodecall_010_SuicideEnd_d0g0v0_EIP158...ok
   - badOpcodes_d48g0v0_EIP150...ok
   - callcodecallcodecallcode_111_OOGMAfter_1_d0g0v0_Homestead...ok
ok
   - TransactionCollisionToEmptyButNonce_d0g0v0_EIP158...   - callcodecallcodecallcode_111_OOGMAfter_2_d0g0v0_Byzantium...ok
   - callcallcodecall_010_SuicideEnd_d0g0v0_Frontier...ok
   - callcodecallcodecallcode_111_OOGMAfter_2_d0g0v0_EIP150...ok
   - badOpcodes_d48g0v0_EIP158...ok
   - TransactionCollisionToEmptyButNonce_d0g0v0_Frontier...ok
   - callcallcodecall_010_SuicideEnd_d0g0v0_Homestead...ok
   - badOpcodes_d48g0v0_Frontier...ok
   - callcodecallcodecallcode_111_OOGMAfter_2_d0g0v0_EIP158...ok
ok
   - TransactionCollisionToEmptyButNonce_d0g0v0_Homestead...   - callcallcode_01_SuicideEnd_d0g0v0_Byzantium...ok
   - badOpcodes_d48g0v0_Homestead...ok
   - TransactionCollisionToEmptyButCode_d0g1v1_Byzantium...ok
ok
   - callcodecallcodecallcode_111_OOGMAfter_2_d0g0v0_Frontier...   - badOpcodes_d19g0v0_Byzantium...ok
   - callcallcode_01_SuicideEnd_d0g0v0_EIP150...ok
   - callcodecallcodecallcode_111_OOGMAfter_2_d0g0v0_Homestead...ok
   - TransactionCollisionToEmptyButCode_d0g1v1_EIP150...ok
   - callcodecallcodecallcode_111_OOGMAfter_3_d0g0v0_Byzantium...ok
   - callcallcode_01_SuicideEnd_d0g0v0_EIP158...ok
   - badOpcodes_d19g0v0_EIP150...ok
   - callcodecallcodecallcode_111_OOGMAfter_3_d0g0v0_EIP150...ok
   - TransactionCollisionToEmptyButCode_d0g1v1_EIP158...ok
   - callcallcode_01_SuicideEnd_d0g0v0_Frontier...ok
   - callcodecallcodecallcode_111_OOGMAfter_3_d0g0v0_EIP158...ok
   - callcallcode_01_SuicideEnd_d0g0v0_Homestead...ok
   - badOpcodes_d19g0v0_EIP158...ok
   - TransactionCollisionToEmptyButCode_d0g1v1_Frontier...ok
ok
   - callcodecallcodecallcode_111_OOGMAfter_3_d0g0v0_Frontier...   - callcodecallcodecall_110_d0g0v0_Byzantium...ok
   - badOpcodes_d19g0v0_Frontier...ok
   - callcodecallcodecallcode_111_OOGMAfter_3_d0g0v0_Homestead...ok
   - TransactionCollisionToEmptyButCode_d0g1v1_Homestead...ok
   - callcodecallcodecall_110_d0g0v0_EIP150...ok
   - badOpcodes_d19g0v0_Homestead...ok
   - badOpcodes_d119g0v0_Byzantium...ok
   - callcall_00_OOGE_valueTransfer_d0g0v0_Byzantium...ok
ok
   - callcodecallcodecall_110_d0g0v0_EIP158...   - CREATE_EContractCreateEContractInInit_Tr_d0g0v0_Byzantium...ok
   - badOpcodes_d119g0v0_EIP150...ok
   - CREATE_EContractCreateEContractInInit_Tr_d0g0v0_EIP150...ok
   - badOpcodes_d119g0v0_EIP158...ok
   - callcodecallcodecall_110_d0g0v0_Frontier...ok
   - callcall_00_OOGE_valueTransfer_d0g0v0_EIP150...ok
   - CREATE_EContractCreateEContractInInit_Tr_d0g0v0_EIP158...ok
   - callcodecallcodecall_110_d0g0v0_Homestead...ok
   - callcall_00_OOGE_valueTransfer_d0g0v0_EIP158...ok
ok
   - CREATE_EContractCreateEContractInInit_Tr_d0g0v0_Frontier...   - callcallcode_01_d0g0v0_Byzantium...ok
   - badOpcodes_d119g0v0_Frontier...ok
   - CREATE_EContractCreateEContractInInit_Tr_d0g0v0_Homestead...ok
   - callcall_00_OOGE_valueTransfer_d0g0v0_Frontier...ok
   - callcallcode_01_d0g0v0_EIP150...ok
   - badOpcodes_d119g0v0_Homestead...ok
   - CreateCollisionToEmpty_d1g0v1_Byzantium...ok
   - callcall_00_OOGE_valueTransfer_d0g0v0_Homestead...ok
   - CreateCollisionToEmpty_d1g0v1_EIP150...ok
   - callcallcode_01_d0g0v0_EIP158...ok
   - badOpcodes_d121g0v0_Byzantium...ok
   - CreateCollisionToEmpty_d1g0v1_EIP158...ok
   - callcallcode_01_d0g0v0_Frontier...ok
   - callcallcallcode_001_OOGMAfter_3_d0g0v0_Byzantium...ok
   - callcallcode_01_d0g0v0_Homestead...ok
   - badOpcodes_d121g0v0_EIP150...ok
   - CreateCollisionToEmpty_d1g0v1_Frontier...ok
   - callcallcallcode_001_OOGMAfter_3_d0g0v0_EIP150...ok
   - badOpcodes_d121g0v0_EIP158...ok
   - callcodecallcall_100_SuicideEnd_d0g0v0_Byzantium...ok
   - CreateCollisionToEmpty_d1g0v1_Homestead...ok
   - badOpcodes_d121g0v0_Frontier...ok
   - callcallcallcode_001_OOGMAfter_3_d0g0v0_EIP158...ok
   - badOpcodes_d121g0v0_Homestead...ok
   - CreateCollisionToEmpty_d0g0v0_Byzantium...ok
   - callcallcallcode_001_OOGMAfter_3_d0g0v0_Frontier...ok
ok
   - callcodecallcall_100_SuicideEnd_d0g0v0_EIP150...   - badOpcodes_d107g0v0_Byzantium...ok
   - CreateCollisionToEmpty_d0g0v0_EIP150...ok
   - callcallcallcode_001_OOGMAfter_3_d0g0v0_Homestead...ok
   - badOpcodes_d107g0v0_EIP150...ok
   - callcodecallcall_100_SuicideEnd_d0g0v0_EIP158...ok
   - badOpcodes_d107g0v0_EIP158...ok
ok
   - CreateCollisionToEmpty_d0g0v0_EIP158...   - callcodecallcodecallcode_111_OOGMAfter_d0g0v0_Byzantium...ok
   - badOpcodes_d107g0v0_Frontier...ok
   - callcodecallcall_100_SuicideEnd_d0g0v0_Frontier...ok
   - badOpcodes_d107g0v0_Homestead...ok
   - CreateCollisionToEmpty_d0g0v0_Frontier...ok
   - callcodecallcodecallcode_111_OOGMAfter_d0g0v0_EIP150...ok
   - callcodecallcall_100_SuicideEnd_d0g0v0_Homestead...ok
   - badOpcodes_d20g0v0_Byzantium...ok
   - CreateCollisionToEmpty_d0g0v0_Homestead...ok
   - callcodecall_10_OOGE_d0g0v0_Byzantium...ok
   - callcodecallcodecallcode_111_OOGMAfter_d0g0v0_EIP158...ok
   - TransactionCollisionToEmpty_d0g0v0_Byzantium...ok
   - callcodecall_10_OOGE_d0g0v0_EIP150...ok
   - badOpcodes_d20g0v0_EIP150...ok
   - TransactionCollisionToEmpty_d0g0v0_EIP150...ok
   - callcodecallcodecallcode_111_OOGMAfter_d0g0v0_Frontier...ok
   - callcodecall_10_OOGE_d0g0v0_EIP158...ok
   - badOpcodes_d20g0v0_EIP158...ok
   - callcodecallcodecallcode_111_OOGMAfter_d0g0v0_Homestead...ok
   - TransactionCollisionToEmpty_d0g0v0_EIP158...ok
   - callcodecall_10_OOGE_d0g0v0_Frontier...ok
   - badOpcodes_d20g0v0_Frontier...ok
   - callcallcallcode_001_OOGMAfter_2_d0g0v0_Byzantium...ok
   - TransactionCollisionToEmpty_d0g0v0_Frontier...ok
   - TransactionCollisionToEmpty_d0g0v0_Homestead...ok
   - callcallcallcode_001_OOGMAfter_2_d0g0v0_EIP150...ok
   - badOpcodes_d20g0v0_Homestead...ok
   - callcodecall_10_OOGE_d0g0v0_Homestead...ok
   - callcallcallcode_001_OOGMAfter_2_d0g0v0_EIP158...ok
ok
   - badOpcodes_d65g0v0_Byzantium...   - CreateCollisionToEmpty_d1g0v0_Byzantium...ok
   - callcallcodecallcode_011_OOGMBefore_d0g0v0_Byzantium...ok
   - callcallcallcode_001_OOGMAfter_2_d0g0v0_Frontier...ok
   - badOpcodes_d65g0v0_EIP150...ok
   - CreateCollisionToEmpty_d1g0v0_EIP150...ok
   - callcallcodecallcode_011_OOGMBefore_d0g0v0_EIP150...ok
   - callcallcallcode_001_OOGMAfter_2_d0g0v0_Homestead...ok
   - badOpcodes_d65g0v0_EIP158...ok
   - callcallcodecallcode_011_OOGMBefore_d0g0v0_EIP158...ok
   - callcallcodecallcode_011_OOGMAfter_2_d0g0v0_Byzantium...ok
   - badOpcodes_d65g0v0_Frontier...ok
   - CreateCollisionToEmpty_d1g0v0_EIP158...ok
   - callcallcodecallcode_011_OOGMBefore_d0g0v0_Frontier...ok
   - badOpcodes_d65g0v0_Homestead...ok
   - callcallcodecallcode_011_OOGMAfter_2_d0g0v0_EIP150...ok
   - CreateCollisionToEmpty_d1g0v0_Frontier...ok
   - badOpcodes_d110g0v0_Byzantium...ok
   - callcallcodecallcode_011_OOGMBefore_d0g0v0_Homestead...ok
   - callcallcodecallcode_011_OOGMAfter_2_d0g0v0_EIP158...ok
   - badOpcodes_d110g0v0_EIP150...ok
   - CreateCollisionToEmpty_d1g0v0_Homestead...ok
   - callcallcodecallcode_011_OOGMAfter_2_d0g0v0_Frontier...ok
test json_tests::chain::block_tests::BlockchainTests_GeneralStateTest_stCallCodes ... ok
   - callcodeOutput3_d0g0v0_Byzantium...ok
   - badOpcodes_d110g0v0_EIP158...ok
   - callcallcodecallcode_011_OOGMAfter_2_d0g0v0_Homestead...ok
   - callcodeOutput3_d0g0v0_EIP150...ok
   - CREATE_EmptyContractAndCallIt_1wei_d0g0v0_Byzantium...ok
   - badOpcodes_d110g0v0_Frontier...ok
   - CREATE_EmptyContractAndCallIt_1wei_d0g0v0_EIP150...ok
   - callcodeOutput3_d0g0v0_EIP158...ok
   - badOpcodes_d110g0v0_Homestead...ok
ok
   - CREATE_EmptyContractAndCallIt_1wei_d0g0v0_EIP158...   - callcall_00_OOGE_1_d0g0v0_Byzantium...ok
   - callcall_00_OOGE_1_d0g0v0_EIP150...ok
   - badOpcodes_d103g0v0_Byzantium...ok
   - callcodeOutput3_d0g0v0_Frontier...ok
   - CREATE_EmptyContractAndCallIt_1wei_d0g0v0_Frontier...ok
   - badOpcodes_d103g0v0_EIP150...ok
   - callcodeOutput3_d0g0v0_Homestead...ok
   - callcall_00_OOGE_1_d0g0v0_EIP158...ok
   - CREATE_EmptyContractAndCallIt_1wei_d0g0v0_Homestead...ok
   - badOpcodes_d103g0v0_EIP158...ok
   - callOutput3_d0g1v0_Byzantium...ok
   - CREATE_empty000CreateinInitCode_Transaction_d0g0v0_Byzantium...ok
   - callOutput3_d0g1v0_EIP150...ok
ok
   - badOpcodes_d103g0v0_Frontier...   - callcall_00_OOGE_1_d0g0v0_Frontier...ok
   - CREATE_empty000CreateinInitCode_Transaction_d0g0v0_EIP150...ok
   - callcall_00_OOGE_1_d0g0v0_Homestead...ok
   - callOutput3_d0g1v0_EIP158...ok
   - badOpcodes_d103g0v0_Homestead...ok
ok
   - contractCreationMakeCallThatAskMoreGasThenTransactionProvided_d0g1v0_Byzantium...   - CREATE_empty000CreateinInitCode_Transaction_d0g0v0_EIP158...ok
   - badOpcodes_d44g0v0_Byzantium...ok
   - CREATE_empty000CreateinInitCode_Transaction_d0g0v0_Frontier...ok
   - callOutput3_d0g1v0_Frontier...ok
   - badOpcodes_d44g0v0_EIP150...ok
   - contractCreationMakeCallThatAskMoreGasThenTransactionProvided_d0g1v0_EIP150...ok
   - CREATE_empty000CreateinInitCode_Transaction_d0g0v0_Homestead...ok
   - callOutput3_d0g1v0_Homestead...ok
   - badOpcodes_d44g0v0_EIP158...ok
   - contractCreationMakeCallThatAskMoreGasThenTransactionProvided_d0g1v0_EIP158...ok
ok
   - TransactionCollisionToEmptyButCode_d0g1v0_Byzantium...   - callOutput1_d0g0v0_Byzantium...ok
   - contractCreationMakeCallThatAskMoreGasThenTransactionProvided_d0g1v0_Frontier...ok
   - badOpcodes_d44g0v0_Frontier...ok
   - TransactionCollisionToEmptyButCode_d0g1v0_EIP150...ok
   - contractCreationMakeCallThatAskMoreGasThenTransactionProvided_d0g1v0_Homestead...ok
   - callOutput1_d0g0v0_EIP150...ok
   - callOutput1_d0g0v0_EIP158...ok
   - badOpcodes_d44g0v0_Homestead...ok
   - callcodecallcall_100_OOGMAfter_3_d0g0v0_Byzantium...ok
   - TransactionCollisionToEmptyButCode_d0g1v0_EIP158...ok
   - callOutput1_d0g0v0_Frontier...ok
   - badOpcodes_d105g0v0_Byzantium...ok
   - TransactionCollisionToEmptyButCode_d0g1v0_Frontier...ok
   - callOutput1_d0g0v0_Homestead...ok
   - badOpcodes_d105g0v0_EIP150...ok
   - TransactionCollisionToEmptyButCode_d0g1v0_Homestead...ok
   - callcodecallcall_100_OOGMAfter_3_d0g0v0_EIP150...ok
ok
   - CreateCollisionToEmpty_d2g1v0_Byzantium...   - CallLoseGasOOG_d0g0v0_Byzantium...ok
   - callcodecallcall_100_OOGMAfter_3_d0g0v0_EIP158...ok
   - badOpcodes_d105g0v0_EIP158...ok
   - CallLoseGasOOG_d0g0v0_EIP150...ok
   - CreateCollisionToEmpty_d2g1v0_EIP150...ok
   - CallLoseGasOOG_d0g0v0_EIP158...ok
   - callcodecallcall_100_OOGMAfter_3_d0g0v0_Frontier...ok
   - CallLoseGasOOG_d0g0v0_Frontier...ok
   - CreateCollisionToEmpty_d2g1v0_EIP158...ok
   - callcodecallcall_100_OOGMAfter_3_d0g0v0_Homestead...ok
   - badOpcodes_d105g0v0_Frontier...ok
   - CreateCollisionToEmpty_d2g1v0_Frontier...ok
   - badOpcodes_d105g0v0_Homestead...ok
   - callcodecallcall_100_OOGMAfter_1_d0g0v0_Byzantium...ok
   - CallLoseGasOOG_d0g0v0_Homestead...ok
   - badOpcodes_d57g0v0_Byzantium...ok
   - callOutput3partialFail_d0g0v0_Byzantium...ok
   - CreateCollisionToEmpty_d2g1v0_Homestead...ok
   - badOpcodes_d57g0v0_EIP150...ok
   - callcodecallcall_100_OOGMAfter_1_d0g0v0_EIP150...ok
   - badOpcodes_d57g0v0_EIP158...ok
   - CREATE_ContractSuicideDuringInit_d0g0v0_Byzantium...ok
   - callOutput3partialFail_d0g0v0_EIP150...ok
   - CREATE_ContractSuicideDuringInit_d0g0v0_EIP150...ok
   - badOpcodes_d57g0v0_Frontier...ok
   - callcodecallcall_100_OOGMAfter_1_d0g0v0_EIP158...ok
   - callOutput3partialFail_d0g0v0_EIP158...ok
   - badOpcodes_d57g0v0_Homestead...ok
   - CREATE_ContractSuicideDuringInit_d0g0v0_EIP158...ok
   - callOutput3partialFail_d0g0v0_Frontier...ok
   - callOutput3partialFail_d0g0v0_Homestead...ok
   - callcodecallcall_100_OOGMAfter_1_d0g0v0_Frontier...ok
   - delegatecallOOGinCall_d0g0v0_Byzantium...ok
   - badOpcodes_d56g0v0_Byzantium...ok
   - callcodecallcall_100_OOGMAfter_1_d0g0v0_Homestead...ok
   - CREATE_ContractSuicideDuringInit_d0g0v0_Frontier...ok
   - delegatecallOOGinCall_d0g0v0_EIP150...ok
   - badOpcodes_d56g0v0_EIP150...ok
   - CREATE_ContractSuicideDuringInit_d0g0v0_Homestead...ok
   - Call1024PreCalls_d0g0v0_Byzantium...ok
   - badOpcodes_d56g0v0_EIP158...ok
   - TransactionCollisionToEmptyButNonce_d0g1v1_Byzantium...ok
   - badOpcodes_d56g0v0_Frontier...ok
   - delegatecallOOGinCall_d0g0v0_EIP158...ok
   - delegatecallOOGinCall_d0g0v0_Frontier...ok
   - badOpcodes_d56g0v0_Homestead...ok
   - TransactionCollisionToEmptyButNonce_d0g1v1_EIP150...ok
   - badOpcodes_d93g0v0_Byzantium...ok
   - Call1024PreCalls_d0g0v0_EIP150...ok
   - delegatecallOOGinCall_d0g0v0_Homestead...ok
   - badOpcodes_d93g0v0_EIP150...ok
   - TransactionCollisionToEmptyButNonce_d0g1v1_EIP158...ok
   - CallRecursiveBombPreCall_d0g0v0_Byzantium...ok
   - TransactionCollisionToEmptyButNonce_d0g1v1_Frontier...ok
   - badOpcodes_d93g0v0_EIP158...ok
   - TransactionCollisionToEmptyButNonce_d0g1v1_Homestead...ok
   - Call1024PreCalls_d0g0v0_EIP158...ok
   - CREATE_EContractCreateNEContractInInitOOG_Tr_d0g1v0_Byzantium...ok
   - badOpcodes_d93g0v0_Frontier...ok
   - CallRecursiveBombPreCall_d0g0v0_EIP150...ok
   - badOpcodes_d93g0v0_Homestead...ok
   - CREATE_EContractCreateNEContractInInitOOG_Tr_d0g1v0_EIP150...ok
   - badOpcodes_d0g0v0_Byzantium...ok
   - CallRecursiveBombPreCall_d0g0v0_EIP158...ok
   - CREATE_EContractCreateNEContractInInitOOG_Tr_d0g1v0_EIP158...ok
   - badOpcodes_d0g0v0_EIP150...ok
   - Call1024PreCalls_d0g0v0_Frontier...ok
   - badOpcodes_d0g0v0_EIP158...ok
   - CREATE_EContractCreateNEContractInInitOOG_Tr_d0g1v0_Frontier...ok
   - badOpcodes_d0g0v0_Frontier...ok
   - Call1024PreCalls_d0g0v0_Homestead...ok
   - CREATE_EContractCreateNEContractInInitOOG_Tr_d0g1v0_Homestead...ok
   - CallRecursiveBombPreCall_d0g0v0_Frontier...ok
   - callcodecallcallcode_101_OOGMAfter_1_d0g0v0_Byzantium...ok
   - badOpcodes_d0g0v0_Homestead...ok
   - CreateCollisionToEmpty_d0g0v1_Byzantium...ok
   - CallRecursiveBombPreCall_d0g0v0_Homestead...ok
   - badOpcodes_d15g0v0_Byzantium...ok
   - callcodecallcallcode_101_OOGMAfter_1_d0g0v0_EIP150...ok
   - CreateCollisionToEmpty_d0g0v1_EIP150...ok
   - callcodecallcallcode_101_OOGMAfter_1_d0g0v0_EIP158...ok
   - badOpcodes_d15g0v0_EIP150...ok
   - badOpcodes_d15g0v0_EIP158...ok
   - CreateCollisionToEmpty_d0g0v1_EIP158...ok
   - delegatecallValueCheck_d0g0v0_Byzantium...ok
   - callcodecallcallcode_101_OOGMAfter_1_d0g0v0_Frontier...ok
   - badOpcodes_d15g0v0_Frontier...ok
   - delegatecallValueCheck_d0g0v0_EIP150...ok
   - CreateCollisionToEmpty_d0g0v1_Frontier...ok
   - callcodecallcallcode_101_OOGMAfter_1_d0g0v0_Homestead...ok
   - badOpcodes_d15g0v0_Homestead...ok
   - delegatecallValueCheck_d0g0v0_EIP158...ok
   - createInitFail_OOGduringInit_d0g0v0_Byzantium...ok
   - badOpcodes_d91g0v0_Byzantium...ok
   - CreateCollisionToEmpty_d0g0v1_Homestead...ok
   - delegatecallValueCheck_d0g0v0_Frontier...ok
   - createInitFail_OOGduringInit_d0g0v0_EIP150...ok
   - CREATE_EContractCreateNEContractInInit_Tr_d0g0v0_Byzantium...ok
   - createInitFail_OOGduringInit_d0g0v0_EIP158...ok
   - badOpcodes_d91g0v0_EIP150...ok
   - createInitFail_OOGduringInit_d0g0v0_Frontier...ok
   - CREATE_EContractCreateNEContractInInit_Tr_d0g0v0_EIP150...ok
   - delegatecallValueCheck_d0g0v0_Homestead...ok
   - badOpcodes_d91g0v0_EIP158...ok
   - createInitFail_OOGduringInit_d0g0v0_Homestead...ok
   - CREATE_EContractCreateNEContractInInit_Tr_d0g0v0_EIP158...ok
   - callcall_00_OOGE_2_d0g0v0_Byzantium...ok
   - CallcodeLoseGasOOG_d0g0v0_Byzantium...ok
   - badOpcodes_d91g0v0_Frontier...ok
   - callcall_00_OOGE_2_d0g0v0_EIP150...ok
   - CallcodeLoseGasOOG_d0g0v0_EIP150...ok
   - CREATE_EContractCreateNEContractInInit_Tr_d0g0v0_Frontier...ok
   - CREATE_EContractCreateNEContractInInit_Tr_d0g0v0_Homestead...ok
   - badOpcodes_d91g0v0_Homestead...ok
   - CallcodeLoseGasOOG_d0g0v0_EIP158...ok
   - callcall_00_OOGE_2_d0g0v0_EIP158...ok
   - callcall_00_OOGE_2_d0g0v0_Frontier...ok
   - TransactionCollisionToEmptyButCode_d0g0v1_Byzantium...ok
   - CallcodeLoseGasOOG_d0g0v0_Frontier...ok
   - badOpcodes_d109g0v0_Byzantium...ok
   - CallcodeLoseGasOOG_d0g0v0_Homestead...ok
   - callcall_00_OOGE_2_d0g0v0_Homestead...ok
   - TransactionCollisionToEmptyButCode_d0g0v1_EIP150...ok
   - badOpcodes_d109g0v0_EIP150...ok
   - Call1024BalanceTooLow_d0g0v0_Byzantium...ok
   - callcodecallcallcode_101_OOGMAfter_3_d0g0v0_Byzantium...ok
   - badOpcodes_d109g0v0_EIP158...ok
   - TransactionCollisionToEmptyButCode_d0g0v1_EIP158...ok
   - callcodecallcallcode_101_OOGMAfter_3_d0g0v0_EIP150...ok
   - badOpcodes_d109g0v0_Frontier...ok
   - Call1024BalanceTooLow_d0g0v0_EIP150...ok
   - callcodecallcallcode_101_OOGMAfter_3_d0g0v0_EIP158...ok
   - badOpcodes_d109g0v0_Homestead...ok
   - TransactionCollisionToEmptyButCode_d0g0v1_Frontier...ok
ok
   - TransactionCollisionToEmptyButCode_d0g0v1_Homestead...   - badOpcodes_d18g0v0_Byzantium...ok
   - callcodecallcallcode_101_OOGMAfter_3_d0g0v0_Frontier...ok
   - Call1024BalanceTooLow_d0g0v0_EIP158...ok
   - callcodecallcallcode_101_OOGMAfter_3_d0g0v0_Homestead...ok
   - CREATE_EContractCreateNEContractInInitOOG_Tr_d0g0v0_Byzantium...ok
   - badOpcodes_d18g0v0_EIP150...ok
test json_tests::chain::block_tests::BlockchainTests_GeneralStateTest_stChangedEIP150 ... ok
   - CallGoesOOGOnSecondLevel_d0g0v0_Byzantium...ok
   - Call1024BalanceTooLow_d0g0v0_Frontier...ok
   - badOpcodes_d18g0v0_EIP158...ok
   - CREATE_EContractCreateNEContractInInitOOG_Tr_d0g0v0_EIP150...ok
   - CallGoesOOGOnSecondLevel_d0g0v0_EIP150...ok
   - badOpcodes_d18g0v0_Frontier...ok
   - Call1024BalanceTooLow_d0g0v0_Homestead...ok
   - CREATE_EContractCreateNEContractInInitOOG_Tr_d0g0v0_EIP158...ok
   - CallGoesOOGOnSecondLevel_d0g0v0_EIP158...ok
   - badOpcodes_d18g0v0_Homestead...ok
   - delegatecallInInitcodeToExistingContractOOG_d0g0v0_Byzantium...ok
   - CREATE_EContractCreateNEContractInInitOOG_Tr_d0g0v0_Frontier...ok
   - CallGoesOOGOnSecondLevel_d0g0v0_Frontier...ok
   - CREATE_EContractCreateNEContractInInitOOG_Tr_d0g0v0_Homestead...ok
   - delegatecallInInitcodeToExistingContractOOG_d0g0v0_EIP150...ok
   - badOpcodes_d28g0v0_Byzantium...ok
   - CallGoesOOGOnSecondLevel_d0g0v0_Homestead...ok
   - badOpcodes_d28g0v0_EIP150...ok
   - CREATE_EmptyContractWithStorageAndCallIt_1wei_d0g0v0_Byzantium...ok
   - delegatecallInInitcodeToExistingContractOOG_d0g0v0_EIP158...ok
   - NewGasPriceForCodes_d0g0v0_Byzantium...ok
   - badOpcodes_d28g0v0_EIP158...ok
   - NewGasPriceForCodes_d0g0v0_EIP150...ok
   - CREATE_EmptyContractWithStorageAndCallIt_1wei_d0g0v0_EIP150...ok
   - delegatecallInInitcodeToExistingContractOOG_d0g0v0_Frontier...ok
   - badOpcodes_d28g0v0_Frontier...ok
   - delegatecallInInitcodeToExistingContractOOG_d0g0v0_Homestead...ok
   - NewGasPriceForCodes_d0g0v0_EIP158...ok
   - CREATE_EmptyContractWithStorageAndCallIt_1wei_d0g0v0_EIP158...ok
   - badOpcodes_d28g0v0_Homestead...ok
   - callOutput3Fail_d0g0v0_Byzantium...ok
   - NewGasPriceForCodes_d0g0v0_Frontier...ok
   - CREATE_EmptyContractWithStorageAndCallIt_1wei_d0g0v0_Frontier...ok
   - badOpcodes_d39g0v0_Byzantium...ok
   - CREATE_EmptyContractWithStorageAndCallIt_1wei_d0g0v0_Homestead...ok
   - NewGasPriceForCodes_d0g0v0_Homestead...ok
   - badOpcodes_d39g0v0_EIP150...ok
   - callOutput3Fail_d0g0v0_EIP150...ok
   - badOpcodes_d39g0v0_EIP158...ok
   - TransactionCollisionToEmpty_d0g1v0_Byzantium...ok
   - Transaction64Rule_d64p1_d0g0v0_Byzantium...ok
   - callOutput3Fail_d0g0v0_EIP158...ok
   - TransactionCollisionToEmpty_d0g1v0_EIP150...ok
   - badOpcodes_d39g0v0_Frontier...ok
   - Transaction64Rule_d64p1_d0g0v0_EIP150...ok
   - callOutput3Fail_d0g0v0_Frontier...ok
   - badOpcodes_d39g0v0_Homestead...ok
   - TransactionCollisionToEmpty_d0g1v0_EIP158...ok
   - callOutput3Fail_d0g0v0_Homestead...ok
   - badOpcodes_d41g0v0_Byzantium...ok
   - Transaction64Rule_d64p1_d0g0v0_EIP158...ok
   - TransactionCollisionToEmpty_d0g1v0_Frontier...ok
   - badOpcodes_d41g0v0_EIP150...ok
   - callOutput3partialFail_d0g1v0_Byzantium...ok
   - badOpcodes_d41g0v0_EIP158...ok
   - Transaction64Rule_d64p1_d0g0v0_Frontier...ok
   - TransactionCollisionToEmpty_d0g1v0_Homestead...ok
   - callOutput3partialFail_d0g1v0_EIP150...ok
   - CREATE_EmptyContract_d0g0v0_Byzantium...ok
   - Transaction64Rule_d64p1_d0g0v0_Homestead...ok
   - badOpcodes_d41g0v0_Frontier...ok
   - badOpcodes_d41g0v0_Homestead...ok
   - callOutput3partialFail_d0g1v0_EIP158...ok
   - CallGoesOOGOnSecondLevel2_d0g0v0_Byzantium...ok
   - CREATE_EmptyContract_d0g0v0_EIP150...ok
   - CREATE_EmptyContract_d0g0v0_EIP158...ok
   - badOpcodes_d111g0v0_Byzantium...ok
   - CREATE_EmptyContract_d0g0v0_Frontier...ok
ok
   - CallGoesOOGOnSecondLevel2_d0g0v0_EIP150...   - callOutput3partialFail_d0g1v0_Frontier...ok
   - CallGoesOOGOnSecondLevel2_d0g0v0_EIP158...ok
   - badOpcodes_d111g0v0_EIP150...ok
   - CREATE_EmptyContract_d0g0v0_Homestead...ok
   - CallGoesOOGOnSecondLevel2_d0g0v0_Frontier...ok
   - callOutput3partialFail_d0g1v0_Homestead...ok
   - CallGoesOOGOnSecondLevel2_d0g0v0_Homestead...ok
   - badOpcodes_d111g0v0_EIP158...ok
   - CREATE_EmptyContractWithBalance_d0g0v0_Byzantium...ok
   - callcodeOutput3Fail_d0g0v0_Byzantium...ok
   - badOpcodes_d111g0v0_Frontier...ok
   - SuicideToExistingContract_d0g0v0_Byzantium...ok
   - callcodeOutput3Fail_d0g0v0_EIP150...ok
   - CREATE_EmptyContractWithBalance_d0g0v0_EIP150...ok
   - badOpcodes_d111g0v0_Homestead...ok
   - badOpcodes_d89g0v0_Byzantium...ok
   - SuicideToExistingContract_d0g0v0_EIP150...ok
   - CREATE_EmptyContractWithBalance_d0g0v0_EIP158...ok
   - callcodeOutput3Fail_d0g0v0_EIP158...ok
   - SuicideToExistingContract_d0g0v0_EIP158...ok
   - SuicideToExistingContract_d0g0v0_Frontier...ok
   - badOpcodes_d89g0v0_EIP150...ok
   - callcodeOutput3Fail_d0g0v0_Frontier...ok
   - CREATE_EmptyContractWithBalance_d0g0v0_Frontier...ok
   - SuicideToExistingContract_d0g0v0_Homestead...ok
   - CREATE_EmptyContractWithBalance_d0g0v0_Homestead...ok
   - callcodeOutput3Fail_d0g0v0_Homestead...ok
   - badOpcodes_d89g0v0_EIP158...ok
   - Transaction64Rule_d64e0_d0g0v0_Byzantium...ok
   - badOpcodes_d89g0v0_Frontier...ok
   - TransactionCollisionToEmpty_d0g1v1_Byzantium...ok
   - callcodeOutput2_d0g0v0_Byzantium...ok
   - Transaction64Rule_d64e0_d0g0v0_EIP150...ok
   - TransactionCollisionToEmpty_d0g1v1_EIP150...ok
   - callcodeOutput2_d0g0v0_EIP150...ok
   - TransactionCollisionToEmpty_d0g1v1_EIP158...ok
   - badOpcodes_d89g0v0_Homestead...ok
   - Transaction64Rule_d64e0_d0g0v0_EIP158...ok
   - TransactionCollisionToEmpty_d0g1v1_Frontier...ok
   - callcodeOutput2_d0g0v0_EIP158...ok
   - badOpcodes_d101g0v0_Byzantium...ok
   - Transaction64Rule_d64e0_d0g0v0_Frontier...ok
   - callcodeOutput2_d0g0v0_Frontier...ok
   - TransactionCollisionToEmpty_d0g1v1_Homestead...ok
   - badOpcodes_d101g0v0_EIP150...ok
   - callcodeOutput2_d0g0v0_Homestead...ok
   - badOpcodes_d101g0v0_EIP158...ok
   - Transaction64Rule_d64e0_d0g0v0_Homestead...ok
   - CREATE_ContractSuicideDuringInit_WithValue_d0g0v0_Byzantium...ok
   - CREATE_ContractSuicideDuringInit_WithValue_d0g0v0_EIP150...ok
ok
   - badOpcodes_d101g0v0_Frontier...   - CallAskMoreGasOnDepth2ThenTransactionHas_d0g0v0_Byzantium...ok
   - Delegatecall1024OOG_d0g0v0_Byzantium...ok
   - CREATE_ContractSuicideDuringInit_WithValue_d0g0v0_EIP158...ok
   - CallAskMoreGasOnDepth2ThenTransactionHas_d0g0v0_EIP150...ok
   - badOpcodes_d101g0v0_Homestead...ok
   - CREATE_ContractSuicideDuringInit_WithValue_d0g0v0_Frontier...ok
   - CallAskMoreGasOnDepth2ThenTransactionHas_d0g0v0_EIP158...ok
   - Delegatecall1024OOG_d0g0v0_EIP150...ok
   - badOpcodes_d55g0v0_Byzantium...ok
   - CREATE_ContractSuicideDuringInit_WithValue_d0g0v0_Homestead...ok
   - CallAskMoreGasOnDepth2ThenTransactionHas_d0g0v0_Frontier...ok
   - badOpcodes_d55g0v0_EIP150...ok
   - CREATE_EmptyContractAndCallIt_0wei_d0g0v0_Byzantium...ok
   - CallAskMoreGasOnDepth2ThenTransactionHas_d0g0v0_Homestead...ok
   - Delegatecall1024OOG_d0g0v0_EIP158...ok
   - Transaction64Rule_d64m1_d0g0v0_Byzantium...ok
   - CREATE_EmptyContractAndCallIt_0wei_d0g0v0_EIP150...ok
   - badOpcodes_d55g0v0_EIP158...ok
   - Delegatecall1024OOG_d0g0v0_Frontier...ok
   - Transaction64Rule_d64m1_d0g0v0_EIP150...ok
   - CREATE_EmptyContractAndCallIt_0wei_d0g0v0_EIP158...ok
   - Delegatecall1024OOG_d0g0v0_Homestead...ok
   - badOpcodes_d55g0v0_Frontier...ok
   - Transaction64Rule_d64m1_d0g0v0_EIP158...ok
   - CREATE_EmptyContractAndCallIt_0wei_d0g0v0_Frontier...ok
   - Transaction64Rule_d64m1_d0g0v0_Frontier...ok
   - CREATE_EmptyContractAndCallIt_0wei_d0g0v0_Homestead...ok
   - badOpcodes_d55g0v0_Homestead...ok
   - callOutput3_d0g0v0_Byzantium...ok
   - CreateCollisionToEmpty_d2g0v1_Byzantium...ok
   - Transaction64Rule_d64m1_d0g0v0_Homestead...ok
   - ExecuteCallThatAskForeGasThenTrabsactionHas_d0g0v0_Byzantium...ok
   - CreateCollisionToEmpty_d2g0v1_EIP150...ok
   - callOutput3_d0g0v0_EIP150...ok
   - badOpcodes_d112g0v0_Byzantium...ok
   - CreateCollisionToEmpty_d2g0v1_EIP158...ok
   - ExecuteCallThatAskForeGasThenTrabsactionHas_d0g0v0_EIP150...ok
   - badOpcodes_d112g0v0_EIP150...ok
   - callOutput3_d0g0v0_EIP158...ok
   - badOpcodes_d112g0v0_EIP158...ok
   - CreateCollisionToEmpty_d2g0v1_Frontier...ok
   - ExecuteCallThatAskForeGasThenTrabsactionHas_d0g0v0_EIP158...ok
   - callOutput3_d0g0v0_Frontier...ok
   - CreateCollisionToEmpty_d2g0v1_Homestead...ok
   - ExecuteCallThatAskForeGasThenTrabsactionHas_d0g0v0_Frontier...ok
   - badOpcodes_d112g0v0_Frontier...ok
   - callOutput3_d0g0v0_Homestead...ok
   - CreateCollisionToEmpty_d1g1v1_Byzantium...ok
   - ExecuteCallThatAskForeGasThenTrabsactionHas_d0g0v0_Homestead...ok
   - badOpcodes_d112g0v0_Homestead...ok
   - CreateCollisionToEmpty_d1g1v1_EIP150...ok
   - delegatecodeDynamicCode_d0g0v0_Byzantium...ok
   - CreateCollisionToEmpty_d1g1v1_EIP158...ok
   - badOpcodes_d78g0v0_Byzantium...ok
   - delegatecodeDynamicCode_d0g0v0_EIP150...ok
   - SuicideToNotExistingContract_d0g0v0_Byzantium...ok
   - delegatecodeDynamicCode_d0g0v0_EIP158...ok
   - CreateCollisionToEmpty_d1g1v1_Frontier...ok
   - badOpcodes_d78g0v0_EIP150...ok
   - SuicideToNotExistingContract_d0g0v0_EIP150...ok
   - CreateCollisionToEmpty_d1g1v1_Homestead...ok
   - delegatecodeDynamicCode_d0g0v0_Frontier...ok
   - badOpcodes_d78g0v0_EIP158...ok
   - TransactionCollisionToEmptyButNonce_d0g0v1_Byzantium...ok
   - delegatecodeDynamicCode_d0g0v0_Homestead...ok
   - SuicideToNotExistingContract_d0g0v0_EIP158...ok
   - badOpcodes_d78g0v0_Frontier...ok
   - callOutput3partial_d0g1v0_Byzantium...ok
   - callOutput3partial_d0g1v0_EIP150...ok
   - TransactionCollisionToEmptyButNonce_d0g0v1_EIP150...ok
   - callOutput3partial_d0g1v0_EIP158...ok
   - SuicideToNotExistingContract_d0g0v0_Frontier...ok
   - badOpcodes_d78g0v0_Homestead...ok
   - TransactionCollisionToEmptyButNonce_d0g0v1_EIP158...ok
   - callOutput3partial_d0g1v0_Frontier...ok
   - SuicideToNotExistingContract_d0g0v0_Homestead...ok
   - badOpcodes_d59g0v0_Byzantium...ok
   - TransactionCollisionToEmptyButNonce_d0g0v1_Frontier...ok
   - callOutput3partial_d0g1v0_Homestead...ok
   - DelegateCallOnEIP_d0g0v0_Byzantium...ok
   - TransactionCollisionToEmptyButNonce_d0g0v1_Homestead...ok
   - DelegateCallOnEIP_d0g0v0_EIP150...ok
   - badOpcodes_d59g0v0_EIP150...ok
ok
   - callOutput2_d0g1v0_Byzantium...   - CreateCollisionToEmpty_d2g0v0_Byzantium...ok
   - callOutput2_d0g1v0_EIP150...ok
   - DelegateCallOnEIP_d0g0v0_EIP158...ok
   - CreateCollisionToEmpty_d2g0v0_EIP150...ok
   - badOpcodes_d59g0v0_EIP158...ok
   - callOutput2_d0g1v0_EIP158...ok
   - callOutput2_d0g1v0_Frontier...ok
   - CreateCollisionToEmpty_d2g0v0_EIP158...ok
   - badOpcodes_d59g0v0_Frontier...ok
   - DelegateCallOnEIP_d0g0v0_Frontier...ok
   - callOutput2_d0g1v0_Homestead...ok
   - CreateCollisionToEmpty_d2g0v0_Frontier...ok
   - CreateCollisionToEmpty_d2g0v0_Homestead...ok
   - DelegateCallOnEIP_d0g0v0_Homestead...ok
   - badOpcodes_d59g0v0_Homestead...ok
   - deleagateCallAfterValueTransfer_d0g0v0_Byzantium...ok
   - CREATE_ContractSuicideDuringInit_ThenStoreThenReturn_d0g0v0_Byzantium...ok
   - CallAndCallcodeConsumeMoreGasThenTransactionHas_d0g0v0_Byzantium...ok
   - badOpcodes_d34g0v0_Byzantium...ok
   - CREATE_ContractSuicideDuringInit_ThenStoreThenReturn_d0g0v0_EIP150...ok
   - deleagateCallAfterValueTransfer_d0g0v0_EIP150...ok
   - CallAndCallcodeConsumeMoreGasThenTransactionHas_d0g0v0_EIP150...ok
   - badOpcodes_d34g0v0_EIP150...ok
   - CREATE_ContractSuicideDuringInit_ThenStoreThenReturn_d0g0v0_EIP158...ok
   - deleagateCallAfterValueTransfer_d0g0v0_EIP158...ok
   - CREATE_ContractSuicideDuringInit_ThenStoreThenReturn_d0g0v0_Frontier...ok
   - badOpcodes_d34g0v0_EIP158...ok
   - CallAndCallcodeConsumeMoreGasThenTransactionHas_d0g0v0_EIP158...ok
   - CREATE_ContractSuicideDuringInit_ThenStoreThenReturn_d0g0v0_Homestead...ok
   - deleagateCallAfterValueTransfer_d0g0v0_Frontier...ok
   - CREATE_ContractSSTOREDuringInit_d0g0v0_Byzantium...ok
   - CallAndCallcodeConsumeMoreGasThenTransactionHas_d0g0v0_Frontier...ok
   - badOpcodes_d34g0v0_Frontier...ok
   - CallAndCallcodeConsumeMoreGasThenTransactionHas_d0g0v0_Homestead...ok
   - deleagateCallAfterValueTransfer_d0g0v0_Homestead...ok
   - badOpcodes_d34g0v0_Homestead...ok
   - CreateAndGasInsideCreate_d0g0v0_Byzantium...ok
   - CREATE_ContractSSTOREDuringInit_d0g0v0_EIP150...ok
   - CreateAndGasInsideCreate_d0g0v0_EIP150...ok
   - badOpcodes_d26g0v0_Byzantium...ok
   - CREATE_ContractSSTOREDuringInit_d0g0v0_EIP158...ok
   - delegatecallAndOOGatTxLevel_d0g0v0_Byzantium...ok
   - CreateAndGasInsideCreate_d0g0v0_EIP158...ok
   - badOpcodes_d26g0v0_EIP150...ok
   - CreateAndGasInsideCreate_d0g0v0_Frontier...ok
   - delegatecallAndOOGatTxLevel_d0g0v0_EIP150...ok
   - CREATE_ContractSSTOREDuringInit_d0g0v0_Frontier...ok
   - badOpcodes_d26g0v0_EIP158...ok
   - delegatecallAndOOGatTxLevel_d0g0v0_EIP158...ok
   - CreateAndGasInsideCreate_d0g0v0_Homestead...ok
   - CREATE_ContractSSTOREDuringInit_d0g0v0_Homestead...ok
test json_tests::chain::block_tests::BlockchainTests_GeneralStateTest_stCreateTest ... ok
ok
   - delegatecallAndOOGatTxLevel_d0g0v0_Frontier...ok
   - badOpcodes_d26g0v0_Frontier...   - RawCallMemoryGas_d0g0v0_Byzantium...ok
   - delegatecallAndOOGatTxLevel_d0g0v0_Homestead...ok
test json_tests::chain::block_tests::BlockchainTests_GeneralStateTest_stEIP150Specific ... ok
   - EXTCODESIZE_toNonExistent_d0g0v0_Byzantium...ok
   - badOpcodes_d26g0v0_Homestead...ok
   - delegatecallInInitcodeToEmptyContract_d0g0v0_Byzantium...ok
   - EXTCODESIZE_toNonExistent_d0g0v0_EIP150...ok
   - RawCallMemoryGas_d0g0v0_EIP150...ok
   - badOpcodes_d62g0v0_Byzantium...ok
   - delegatecallInInitcodeToEmptyContract_d0g0v0_EIP150...ok
   - RawCallMemoryGas_d0g0v0_EIP158...ok
   - EXTCODESIZE_toNonExistent_d0g0v0_EIP158...ok
ok
   - EXTCODESIZE_toNonExistent_d0g0v0_Frontier...   - delegatecallInInitcodeToEmptyContract_d0g0v0_EIP158...ok
   - RawCallMemoryGas_d0g0v0_Frontier...ok
   - badOpcodes_d62g0v0_EIP150...ok
   - EXTCODESIZE_toNonExistent_d0g0v0_Homestead...ok
   - delegatecallInInitcodeToEmptyContract_d0g0v0_Frontier...ok
   - RawCallMemoryGas_d0g0v0_Homestead...ok
   - EXP_Empty_d0g0v0_Byzantium...ok
   - badOpcodes_d62g0v0_EIP158...ok
   - delegatecallInInitcodeToEmptyContract_d0g0v0_Homestead...ok
   - RawCallGasValueTransferMemory_d0g0v0_Byzantium...ok
   - delegatecodeDynamicCode2SelfCall_d0g0v0_Byzantium...ok
   - badOpcodes_d62g0v0_Frontier...ok
   - EXP_Empty_d0g0v0_EIP150...ok
   - RawCallGasValueTransferMemory_d0g0v0_EIP150...ok
   - EXP_Empty_d0g0v0_EIP158...ok
   - delegatecodeDynamicCode2SelfCall_d0g0v0_EIP150...ok
   - badOpcodes_d62g0v0_Homestead...ok
   - EXP_Empty_d0g0v0_Frontier...ok
   - RawCallGasValueTransferMemory_d0g0v0_EIP158...ok
   - delegatecodeDynamicCode2SelfCall_d0g0v0_EIP158...ok
   - badOpcodes_d90g0v0_Byzantium...ok
   - EXP_Empty_d0g0v0_Homestead...ok
   - RawCallGasValueTransferMemory_d0g0v0_Frontier...ok
   - delegatecodeDynamicCode2SelfCall_d0g0v0_Frontier...ok
   - badOpcodes_d90g0v0_EIP150...ok
   - vitalikTransactionTest_d0g0v0_Byzantium...ok
   - RawCallGasValueTransferMemory_d0g0v0_Homestead...ok
   - vitalikTransactionTest_d0g0v0_EIP150...ok
ok
   - badOpcodes_d90g0v0_EIP158...   - delegatecodeDynamicCode2SelfCall_d0g0v0_Homestead...ok
   - vitalikTransactionTest_d0g0v0_EIP158...ok
   - RawCallCodeGasMemory_d0g0v0_Byzantium...ok
   - vitalikTransactionTest_d0g0v0_Frontier...ok
   - delegatecallBasic_d0g0v0_Byzantium...ok
   - badOpcodes_d90g0v0_Frontier...ok
   - delegatecallBasic_d0g0v0_EIP150...ok
   - RawCallCodeGasMemory_d0g0v0_EIP150...ok
   - vitalikTransactionTest_d0g0v0_Homestead...ok
   - delegatecallBasic_d0g0v0_EIP158...ok
   - badOpcodes_d90g0v0_Homestead...ok
   - RawCallCodeGasMemory_d0g0v0_EIP158...ok
   - CALL_OneVCallSuicide_d0g0v0_Byzantium...ok
   - delegatecallBasic_d0g0v0_Frontier...ok
   - badOpcodes_d4g0v0_Byzantium...ok
   - RawCallCodeGasMemory_d0g0v0_Frontier...ok
   - delegatecallBasic_d0g0v0_Homestead...ok
   - CALL_OneVCallSuicide_d0g0v0_EIP150...ok
   - RawCallCodeGasMemory_d0g0v0_Homestead...ok
   - CALL_OneVCallSuicide_d0g0v0_EIP158...ok
   - callOutput3Fail_d0g1v0_Byzantium...ok
   - badOpcodes_d4g0v0_EIP150...ok
   - badOpcodes_d4g0v0_EIP158...ok
   - RawCallGasValueTransferMemoryAsk_d0g0v0_Byzantium...ok
   - CALL_OneVCallSuicide_d0g0v0_Frontier...ok
   - callOutput3Fail_d0g1v0_EIP150...ok
   - badOpcodes_d4g0v0_Frontier...ok
   - RawCallGasValueTransferMemoryAsk_d0g0v0_EIP150...ok
   - badOpcodes_d4g0v0_Homestead...ok
   - CALL_OneVCallSuicide_d0g0v0_Homestead...ok
   - callOutput3Fail_d0g1v0_EIP158...ok
   - RawCallGasValueTransferMemoryAsk_d0g0v0_EIP158...ok
   - EXTCODESIZE_toEpmty_d0g0v0_Byzantium...ok
   - badOpcodes_d72g0v0_Byzantium...ok
   - EXTCODESIZE_toEpmty_d0g0v0_EIP150...ok
   - callOutput3Fail_d0g1v0_Frontier...ok
   - RawCallGasValueTransferMemoryAsk_d0g0v0_Frontier...ok
   - EXTCODESIZE_toEpmty_d0g0v0_EIP158...ok
   - badOpcodes_d72g0v0_EIP150...ok
   - callOutput3Fail_d0g1v0_Homestead...ok
   - EXTCODESIZE_toEpmty_d0g0v0_Frontier...ok
   - RawCallGasValueTransferMemoryAsk_d0g0v0_Homestead...ok
   - callcodeWithHighValueAndGasOOG_d0g0v0_Byzantium...ok
   - badOpcodes_d72g0v0_EIP158...ok
   - EXTCODESIZE_toEpmty_d0g0v0_Homestead...ok
   - RawExtCodeCopyGas_d0g0v0_Byzantium...ok
   - callcodeWithHighValueAndGasOOG_d0g0v0_EIP150...ok
ok
   - badOpcodes_d72g0v0_Frontier...   - CALL_ZeroVCallSuicide_d0g0v0_Byzantium...ok
   - CALL_ZeroVCallSuicide_d0g0v0_EIP150...ok
   - RawExtCodeCopyGas_d0g0v0_EIP150...ok
   - badOpcodes_d72g0v0_Homestead...ok
   - callcodeWithHighValueAndGasOOG_d0g0v0_EIP158...ok
   - RawExtCodeCopyGas_d0g0v0_EIP158...ok
   - CALL_ZeroVCallSuicide_d0g0v0_EIP158...ok
   - RawExtCodeCopyGas_d0g0v0_Frontier...ok
   - badOpcodes_d31g0v0_Byzantium...ok
   - CALL_ZeroVCallSuicide_d0g0v0_Frontier...ok
   - callcodeWithHighValueAndGasOOG_d0g0v0_Frontier...ok
   - callcodeWithHighValueAndGasOOG_d0g0v0_Homestead...ok
   - RawExtCodeCopyGas_d0g0v0_Homestead...ok
   - callcodeOutput3partial_d0g0v0_Byzantium...ok
   - badOpcodes_d31g0v0_EIP150...ok
   - CALL_ZeroVCallSuicide_d0g0v0_Homestead...ok
   - RawDelegateCallGasMemoryAsk_d0g0v0_Byzantium...ok
   - RawDelegateCallGasMemoryAsk_d0g0v0_EIP150...ok
   - callcodeOutput3partial_d0g0v0_EIP150...ok
   - badOpcodes_d31g0v0_EIP158...ok
   - callcodeOutput3partial_d0g0v0_EIP158...ok
   - badOpcodes_d31g0v0_Frontier...ok
test json_tests::chain::block_tests::BlockchainTests_GeneralStateTest_stEIP158Specific ... ok
   - add11_d0g0v0_Byzantium...ok
   - callcodeOutput3partial_d0g0v0_Frontier...ok
   - RawDelegateCallGasMemoryAsk_d0g0v0_EIP158...ok
ok
   - add11_d0g0v0_EIP150...   - badOpcodes_d31g0v0_Homestead...ok
   - callcodeOutput3partial_d0g0v0_Homestead...ok
   - RawDelegateCallGasMemoryAsk_d0g0v0_Frontier...ok
   - add11_d0g0v0_EIP158...ok
   - badOpcodes_d8g0v0_Byzantium...ok
   - delegatecallEmptycontract_d0g0v0_Byzantium...ok
   - RawDelegateCallGasMemoryAsk_d0g0v0_Homestead...ok
   - add11_d0g0v0_Frontier...ok
   - badOpcodes_d8g0v0_EIP150...ok
   - add11_d0g0v0_Homestead...ok
   - delegatecallEmptycontract_d0g0v0_EIP150...ok
   - badOpcodes_d8g0v0_EIP158...ok
   - RawCallGasValueTransferAsk_d0g0v0_Byzantium...ok
test json_tests::chain::block_tests::BlockchainTests_GeneralStateTest_stExample ... ok
   - createContractViaContract_d0g0v0_Byzantium...ok
   - delegatecallEmptycontract_d0g0v0_EIP158...ok
   - badOpcodes_d8g0v0_Frontier...ok
   - RawCallGasValueTransferAsk_d0g0v0_EIP150...ok
ok
   - delegatecallEmptycontract_d0g0v0_Frontier...   - createContractViaContract_d0g0v0_EIP150...ok
   - RawCallGasValueTransferAsk_d0g0v0_EIP158...ok
   - badOpcodes_d8g0v0_Homestead...ok
   - RawCallGasValueTransferAsk_d0g0v0_Frontier...ok
   - createContractViaContract_d0g0v0_EIP158...ok
   - delegatecallEmptycontract_d0g0v0_Homestead...ok
test json_tests::chain::block_tests::BlockchainTests_GeneralStateTest_stBadOpcodeTest ... ok
ok
   - RawCallGasValueTransferAsk_d0g0v0_Homestead...ok
   - callcodeOutput3partialFail_d0g0v0_Byzantium...   - CallContractToCreateContractOOG_d0g0v0_Byzantium...ok
   - createContractViaContract_d0g0v0_Frontier...ok
   - createContractViaContract_d0g0v0_Homestead...ok
   - CallContractToCreateContractOOG_d0g0v0_EIP150...ok
   - callcodeOutput3partialFail_d0g0v0_EIP150...ok
   - RawBalanceGas_d0g0v0_Byzantium...ok
   - CallContractToCreateContractOOG_d0g0v0_EIP158...ok
   - contractCreationOOGdontLeaveEmptyContractViaTransaction_d0g0v0_Byzantium...ok
   - callcodeOutput3partialFail_d0g0v0_EIP158...ok
   - RawBalanceGas_d0g0v0_EIP150...ok
   - contractCreationOOGdontLeaveEmptyContractViaTransaction_d0g0v0_EIP150...ok
   - RawBalanceGas_d0g0v0_EIP158...ok
   - callcodeOutput3partialFail_d0g0v0_Frontier...ok
   - CallContractToCreateContractOOG_d0g0v0_Frontier...ok
   - contractCreationOOGdontLeaveEmptyContractViaTransaction_d0g0v0_EIP158...ok
   - callcodeOutput3partialFail_d0g0v0_Homestead...ok
   - Delegatecall1024_d0g0v0_Byzantium...ok
   - RawBalanceGas_d0g0v0_Frontier...ok
   - CallContractToCreateContractOOG_d0g0v0_Homestead...ok
   - contractCreationOOGdontLeaveEmptyContractViaTransaction_d0g0v0_Frontier...ok
ok
   - RawBalanceGas_d0g0v0_Homestead...   - OutOfGasPrefundedContractCreation_d0g0v0_Byzantium...ok
   - RawCallCodeGasValueTransfer_d0g0v0_Byzantium...ok
   - Delegatecall1024_d0g0v0_EIP150...ok
   - contractCreationOOGdontLeaveEmptyContractViaTransaction_d0g0v0_Homestead...ok
   - OutOfGasPrefundedContractCreation_d0g0v0_EIP150...ok
   - RawCallCodeGasValueTransfer_d0g0v0_EIP150...ok
   - Delegatecall1024_d0g0v0_EIP158...ok
ok
   - OutOfGasPrefundedContractCreation_d0g0v0_EIP158...   - createContractViaTransactionCost53000_d0g0v0_Byzantium...ok
   - RawCallCodeGasValueTransfer_d0g0v0_EIP158...ok
   - createContractViaTransactionCost53000_d0g0v0_EIP150...ok
   - OutOfGasPrefundedContractCreation_d0g0v0_Frontier...ok
   - RawCallCodeGasValueTransfer_d0g0v0_Frontier...ok
   - createContractViaTransactionCost53000_d0g0v0_EIP158...ok
   - Delegatecall1024_d0g0v0_Frontier...ok
   - OutOfGasPrefundedContractCreation_d0g0v0_Homestead...ok
   - RawCallCodeGasValueTransfer_d0g0v0_Homestead...ok
   - createContractViaTransactionCost53000_d0g0v0_Frontier...ok
   - Delegatecall1024_d0g0v0_Homestead...ok
   - ReturnTest2_d0g0v0_Byzantium...ok
   - RawCallGasValueTransfer_d0g0v0_Byzantium...ok
   - createContractViaTransactionCost53000_d0g0v0_Homestead...ok
   - ReturnTest2_d0g0v0_EIP150...ok
   - delegatecallSenderCheck_d0g0v0_Byzantium...ok
   - ReturnTest2_d0g0v0_EIP158...ok
   - RawCallGasValueTransfer_d0g0v0_EIP150...ok
   - delegatecallSenderCheck_d0g0v0_EIP150...ok
   - contractCreationOOGdontLeaveEmptyContract_d0g0v0_Byzantium...ok
   - ReturnTest2_d0g0v0_Frontier...ok
   - ReturnTest2_d0g0v0_Homestead...ok
   - RawCallGasValueTransfer_d0g0v0_EIP158...ok
   - delegatecallSenderCheck_d0g0v0_EIP158...ok
   - contractCreationOOGdontLeaveEmptyContract_d0g0v0_EIP150...ok
   - delegatecallSenderCheck_d0g0v0_Frontier...ok
   - contractCreationOOGdontLeaveEmptyContract_d0g0v0_EIP158...ok
ok
   - RawCallGasValueTransfer_d0g0v0_Frontier...   - ReturnTest_d0g0v0_Byzantium...ok
   - contractCreationOOGdontLeaveEmptyContract_d0g0v0_Frontier...ok
   - delegatecallSenderCheck_d0g0v0_Homestead...ok
   - contractCreationOOGdontLeaveEmptyContract_d0g0v0_Homestead...ok
   - callOutput1_d0g1v0_Byzantium...ok
   - RawCallGasValueTransfer_d0g0v0_Homestead...ok
   - ReturnTest_d0g0v0_EIP150...ok
   - createContractViaContractOOGInitCode_d0g0v0_Byzantium...ok
   - ReturnTest_d0g0v0_EIP158...ok
   - callOutput1_d0g1v0_EIP150...ok
   - RawCallGasAsk_d0g0v0_Byzantium...ok
   - callOutput1_d0g1v0_EIP158...ok
   - createContractViaContractOOGInitCode_d0g0v0_EIP150...ok
   - ReturnTest_d0g0v0_Frontier...ok
   - RawCallGasAsk_d0g0v0_EIP150...ok
   - createContractViaContractOOGInitCode_d0g0v0_EIP158...ok
   - callOutput1_d0g1v0_Frontier...ok
   - ReturnTest_d0g0v0_Homestead...ok
   - RawCallGasAsk_d0g0v0_EIP158...ok
ok
   - createContractViaContractOOGInitCode_d0g0v0_Frontier...   - TransactionCreateAutoSuicideContract_d0g0v0_Byzantium...ok
   - RawCallGasAsk_d0g0v0_Frontier...ok
   - TransactionCreateAutoSuicideContract_d0g0v0_EIP150...ok
   - createContractViaContractOOGInitCode_d0g0v0_Homestead...ok
   - callOutput1_d0g1v0_Homestead...ok
   - RawCallGasAsk_d0g0v0_Homestead...ok
   - TransactionCreateAutoSuicideContract_d0g0v0_EIP158...ok
   - RawCallCodeGasValueTransferMemory_d0g0v0_Byzantium...ok
   - TransactionCreateAutoSuicideContract_d0g0v0_Frontier...ok
test json_tests::chain::block_tests::BlockchainTests_GeneralStateTest_stHomesteadSpecific ... ok
ok
   - RawCallCodeGasValueTransferMemory_d0g0v0_EIP150...   - log4_nonEmptyMem_logMemSize1_logMemStart31_d0g0v0_Byzantium...ok
   - delegatecallInInitcodeToExistingContract_d0g0v0_Byzantium...ok
   - TransactionCreateAutoSuicideContract_d0g0v0_Homestead...ok
   - log4_nonEmptyMem_logMemSize1_logMemStart31_d0g0v0_EIP150...ok
   - RawCallCodeGasValueTransferMemory_d0g0v0_EIP158...ok
   - CallContractToCreateContractAndCallItOOG_d0g0v0_Byzantium...ok
   - delegatecallInInitcodeToExistingContract_d0g0v0_EIP150...ok
   - log4_nonEmptyMem_logMemSize1_logMemStart31_d0g0v0_EIP158...ok
   - log4_nonEmptyMem_logMemSize1_logMemStart31_d0g0v0_Frontier...ok
   - RawCallCodeGasValueTransferMemory_d0g0v0_Frontier...ok
   - CallContractToCreateContractAndCallItOOG_d0g0v0_EIP150...ok
   - delegatecallInInitcodeToExistingContract_d0g0v0_EIP158...ok
   - RawCallCodeGasValueTransferMemory_d0g0v0_Homestead...ok
   - CallContractToCreateContractAndCallItOOG_d0g0v0_EIP158...ok
   - log4_nonEmptyMem_logMemSize1_logMemStart31_d0g0v0_Homestead...ok
   - RawCallGas_d0g0v0_Byzantium...ok
   - delegatecallInInitcodeToExistingContract_d0g0v0_Frontier...ok
   - CallContractToCreateContractAndCallItOOG_d0g0v0_Frontier...ok
   - log0_logMemsizeTooHigh_d0g0v0_Byzantium...ok
   - delegatecallInInitcodeToExistingContract_d0g0v0_Homestead...ok
   - RawCallGas_d0g0v0_EIP150...ok
   - log0_logMemsizeTooHigh_d0g0v0_EIP150...ok
   - CallContractToCreateContractAndCallItOOG_d0g0v0_Homestead...ok
   - log0_logMemsizeTooHigh_d0g0v0_EIP158...ok
ok
   - RawCallGas_d0g0v0_EIP158...   - Call1024PreCalls_d0g0v0_Byzantium...ok
   - log0_logMemsizeTooHigh_d0g0v0_Frontier...ok
   - TransactionCreateStopInInitcode_d0g0v0_Byzantium...ok
   - log0_logMemsizeTooHigh_d0g0v0_Homestead...ok
   - RawCallGas_d0g0v0_Frontier...ok
   - TransactionCreateStopInInitcode_d0g0v0_EIP150...ok
   - log2_logMemStartTooHigh_d0g0v0_Byzantium...ok
   - RawCallGas_d0g0v0_Homestead...ok
   - TransactionCreateStopInInitcode_d0g0v0_EIP158...ok
   - log2_logMemStartTooHigh_d0g0v0_EIP150...ok
   - RawCallCodeGasValueTransferAsk_d0g0v0_Byzantium...ok
   - Call1024PreCalls_d0g0v0_EIP150...ok
   - log2_logMemStartTooHigh_d0g0v0_EIP158...ok
   - TransactionCreateStopInInitcode_d0g0v0_Frontier...ok
   - TransactionCreateStopInInitcode_d0g0v0_Homestead...ok
   - log2_logMemStartTooHigh_d0g0v0_Frontier...ok
   - OutOfGasContractCreation_d0g0v0_Byzantium...ok
   - RawCallCodeGasValueTransferAsk_d0g0v0_EIP150...ok
   - log2_logMemStartTooHigh_d0g0v0_Homestead...ok
   - OutOfGasContractCreation_d0g0v0_EIP150...ok
   - RawCallCodeGasValueTransferAsk_d0g0v0_EIP158...ok
ok
   - OutOfGasContractCreation_d0g0v0_EIP158...   - log3_MaxTopic_d0g0v0_Byzantium...ok
   - Call1024PreCalls_d0g0v0_EIP158...ok
   - OutOfGasContractCreation_d0g0v0_Frontier...ok
   - log3_MaxTopic_d0g0v0_EIP150...ok
   - RawCallCodeGasValueTransferAsk_d0g0v0_Frontier...ok
   - OutOfGasContractCreation_d0g0v0_Homestead...ok
   - RawCallCodeGasValueTransferAsk_d0g0v0_Homestead...ok
   - log3_MaxTopic_d0g0v0_EIP158...ok
   - CallRecursiveContract_d0g0v0_Byzantium...ok
   - RawDelegateCallGasAsk_d0g0v0_Byzantium...ok
   - CallRecursiveContract_d0g0v0_EIP150...ok
   - Call1024PreCalls_d0g0v0_Frontier...ok
   - log3_MaxTopic_d0g0v0_Frontier...ok
   - RawDelegateCallGasAsk_d0g0v0_EIP150...ok
   - Call1024PreCalls_d0g0v0_Homestead...ok
   - RawDelegateCallGasAsk_d0g0v0_EIP158...ok
   - CallRecursiveContract_d0g0v0_EIP158...ok
   - log3_MaxTopic_d0g0v0_Homestead...ok
   - RawDelegateCallGasAsk_d0g0v0_Frontier...ok
   - Call1024OOG_d0g0v0_Byzantium...ok
   - CallRecursiveContract_d0g0v0_Frontier...ok
   - RawDelegateCallGasAsk_d0g0v0_Homestead...ok
   - log2_nonEmptyMem_d0g0v0_Byzantium...ok
   - RawCallCodeGasMemoryAsk_d0g0v0_Byzantium...ok
   - CallRecursiveContract_d0g0v0_Homestead...ok
   - Call1024OOG_d0g0v0_EIP150...ok
   - RawCallCodeGasMemoryAsk_d0g0v0_EIP150...ok
   - log2_nonEmptyMem_d0g0v0_EIP150...ok
   - RawCallCodeGasMemoryAsk_d0g0v0_EIP158...ok
   - Call1024OOG_d0g0v0_EIP158...ok
   - StackUnderFlowContractCreation_d0g0v0_Byzantium...ok
   - RawCallCodeGasMemoryAsk_d0g0v0_Frontier...ok
   - log2_nonEmptyMem_d0g0v0_EIP158...ok
   - StackUnderFlowContractCreation_d0g0v0_EIP150...ok
   - RawCallCodeGasMemoryAsk_d0g0v0_Homestead...ok
   - StackUnderFlowContractCreation_d0g0v0_EIP158...ok
   - Call1024OOG_d0g0v0_Frontier...ok
   - StackUnderFlowContractCreation_d0g0v0_Frontier...ok
   - RawCallCodeGas_d0g0v0_Byzantium...ok
   - log2_nonEmptyMem_d0g0v0_Frontier...ok
   - StackUnderFlowContractCreation_d0g0v0_Homestead...ok
   - RawCallCodeGas_d0g0v0_EIP150...ok
   - Call1024OOG_d0g0v0_Homestead...ok
   - CallContractToCreateContractWhichWouldCreateContractInInitCode_d0g0v0_Byzantium...ok
   - log2_nonEmptyMem_d0g0v0_Homestead...ok
   - CallContractToCreateContractWhichWouldCreateContractInInitCode_d0g0v0_EIP150...ok
   - RawCallCodeGas_d0g0v0_EIP158...ok
ok
   - CallContractToCreateContractWhichWouldCreateContractInInitCode_d0g0v0_EIP158...   - log3_logMemsizeZero_d0g0v0_Byzantium...ok
   - RawCallCodeGas_d0g0v0_Frontier...ok
   - callcodeOutput1_d0g0v0_Byzantium...ok
   - RawCallCodeGas_d0g0v0_Homestead...ok
   - log3_logMemsizeZero_d0g0v0_EIP150...ok
   - CallContractToCreateContractWhichWouldCreateContractInInitCode_d0g0v0_Frontier...ok
   - callcodeOutput1_d0g0v0_EIP150...ok
   - log3_logMemsizeZero_d0g0v0_EIP158...ok
   - CallContractToCreateContractWhichWouldCreateContractInInitCode_d0g0v0_Homestead...ok
   - callcodeOutput1_d0g0v0_EIP158...ok
   - RawExtCodeCopyMemoryGas_d0g0v0_Byzantium...ok
   - callcodeOutput1_d0g0v0_Frontier...ok
   - RawExtCodeCopyMemoryGas_d0g0v0_EIP150...ok
   - log3_logMemsizeZero_d0g0v0_Frontier...ok
   - CallContractToCreateContractOOGBonusGas_d0g0v0_Byzantium...ok
   - RawExtCodeCopyMemoryGas_d0g0v0_EIP158...ok
   - callcodeOutput1_d0g0v0_Homestead...ok
   - log3_logMemsizeZero_d0g0v0_Homestead...ok
   - RawExtCodeCopyMemoryGas_d0g0v0_Frontier...ok
   - CallContractToCreateContractOOGBonusGas_d0g0v0_EIP150...ok
   - RawExtCodeCopyMemoryGas_d0g0v0_Homestead...ok
   - callWithHighValueAndGasOOG_d0g0v0_Byzantium...ok
   - log1_Caller_d0g0v0_Byzantium...ok
   - RawCreateFailGasValueTransfer2_d0g0v0_Byzantium...ok
   - CallContractToCreateContractOOGBonusGas_d0g0v0_EIP158...ok
   - RawCreateFailGasValueTransfer2_d0g0v0_EIP150...ok
   - callWithHighValueAndGasOOG_d0g0v0_EIP150...ok
   - log1_Caller_d0g0v0_EIP150...ok
   - CallContractToCreateContractOOGBonusGas_d0g0v0_Frontier...ok
   - callWithHighValueAndGasOOG_d0g0v0_EIP158...ok
   - RawCreateFailGasValueTransfer2_d0g0v0_EIP158...ok
   - callWithHighValueAndGasOOG_d0g0v0_Frontier...ok
   - log1_Caller_d0g0v0_EIP158...ok
   - CallContractToCreateContractOOGBonusGas_d0g0v0_Homestead...ok
   - callWithHighValueAndGasOOG_d0g0v0_Homestead...ok
   - RawCreateFailGasValueTransfer2_d0g0v0_Frontier...ok
   - callOutput2_d0g0v0_Byzantium...ok
   - log1_Caller_d0g0v0_Frontier...ok
   - NotEnoughCashContractCreation_d0g0v0_Byzantium...ok
   - RawCreateFailGasValueTransfer2_d0g0v0_Homestead...ok
   - log1_Caller_d0g0v0_Homestead...ok
   - callOutput2_d0g0v0_EIP150...ok
   - NotEnoughCashContractCreation_d0g0v0_EIP150...ok
   - log0_nonEmptyMem_logMemSize1_d0g0v0_Byzantium...ok
   - callOutput2_d0g0v0_EIP158...ok
   - RawDelegateCallGas_d0g0v0_Byzantium...ok
   - log0_nonEmptyMem_logMemSize1_d0g0v0_EIP150...ok
   - NotEnoughCashContractCreation_d0g0v0_EIP158...ok
   - NotEnoughCashContractCreation_d0g0v0_Frontier...ok
   - callOutput2_d0g0v0_Frontier...ok
   - RawDelegateCallGas_d0g0v0_EIP150...ok
   - log0_nonEmptyMem_logMemSize1_d0g0v0_EIP158...ok
   - callOutput2_d0g0v0_Homestead...ok
   - NotEnoughCashContractCreation_d0g0v0_Homestead...ok
   - RawDelegateCallGas_d0g0v0_EIP158...ok
   - log0_nonEmptyMem_logMemSize1_d0g0v0_Frontier...ok
   - RawDelegateCallGas_d0g0v0_Frontier...ok
   - callOutput3partial_d0g0v0_Byzantium...ok
ok
   - RawDelegateCallGas_d0g0v0_Homestead...   - CallContractToCreateContractWhichWouldCreateContractIfCalled_d0g0v0_Byzantium...ok
   - log0_nonEmptyMem_logMemSize1_d0g0v0_Homestead...ok
   - callOutput3partial_d0g0v0_EIP150...ok
ok
   - CallContractToCreateContractWhichWouldCreateContractIfCalled_d0g0v0_EIP150...   - RawCallCodeGasValueTransferMemoryAsk_d0g0v0_Byzantium...ok
   - log4_logMemStartTooHigh_d0g0v0_Byzantium...ok
   - CallContractToCreateContractWhichWouldCreateContractIfCalled_d0g0v0_EIP158...ok
   - RawCallCodeGasValueTransferMemoryAsk_d0g0v0_EIP150...ok
   - callOutput3partial_d0g0v0_EIP158...ok
   - callOutput3partial_d0g0v0_Frontier...ok
   - CallContractToCreateContractWhichWouldCreateContractIfCalled_d0g0v0_Frontier...ok
   - log4_logMemStartTooHigh_d0g0v0_EIP150...ok
   - RawCallCodeGasValueTransferMemoryAsk_d0g0v0_EIP158...ok
   - log4_logMemStartTooHigh_d0g0v0_EIP158...ok
   - CallContractToCreateContractWhichWouldCreateContractIfCalled_d0g0v0_Homestead...ok
   - callOutput3partial_d0g0v0_Homestead...ok
   - RawCallCodeGasValueTransferMemoryAsk_d0g0v0_Frontier...ok
   - log4_logMemStartTooHigh_d0g0v0_Frontier...ok
test json_tests::chain::block_tests::BlockchainTests_GeneralStateTest_stDelegatecallTestHomestead ... ok
   - NewGasPriceForCodesWithMemExpandingCalls_d0g0v0_Byzantium...ok
   - TransactionCreateSuicideInInitcode_d0g0v0_Byzantium...ok
   - RawCallCodeGasValueTransferMemoryAsk_d0g0v0_Homestead...ok
   - log4_logMemStartTooHigh_d0g0v0_Homestead...ok
   - TransactionCreateSuicideInInitcode_d0g0v0_EIP150...ok
   - RawCreateGas_d0g0v0_Byzantium...ok
   - NewGasPriceForCodesWithMemExpandingCalls_d0g0v0_EIP150...ok
   - log2_nonEmptyMem_logMemSize1_logMemStart31_d0g0v0_Byzantium...ok
   - RawCreateGas_d0g0v0_EIP150...ok
   - NewGasPriceForCodesWithMemExpandingCalls_d0g0v0_EIP158...ok
   - RawCreateGas_d0g0v0_EIP158...ok
   - log2_nonEmptyMem_logMemSize1_logMemStart31_d0g0v0_EIP150...ok
   - TransactionCreateSuicideInInitcode_d0g0v0_EIP158...ok
   - RawCreateGas_d0g0v0_Frontier...ok
   - NewGasPriceForCodesWithMemExpandingCalls_d0g0v0_Frontier...ok
   - log2_nonEmptyMem_logMemSize1_logMemStart31_d0g0v0_EIP158...ok
   - TransactionCreateSuicideInInitcode_d0g0v0_Frontier...ok
   - RawCreateGas_d0g0v0_Homestead...ok
   - NewGasPriceForCodesWithMemExpandingCalls_d0g0v0_Homestead...ok
   - log2_nonEmptyMem_logMemSize1_logMemStart31_d0g0v0_Frontier...ok
   - TransactionCreateSuicideInInitcode_d0g0v0_Homestead...ok
   - RawCallCodeGasAsk_d0g0v0_Byzantium...ok
   - CallGoesOOGOnSecondLevelWithMemExpandingCalls_d0g0v0_Byzantium...ok
   - log2_nonEmptyMem_logMemSize1_logMemStart31_d0g0v0_Homestead...ok
   - CallContractToCreateContractNoCash_d0g0v0_Byzantium...ok
   - RawCallCodeGasAsk_d0g0v0_EIP150...ok
   - log3_logMemsizeTooHigh_d0g0v0_Byzantium...ok
   - CallGoesOOGOnSecondLevelWithMemExpandingCalls_d0g0v0_EIP150...ok
   - CallContractToCreateContractNoCash_d0g0v0_EIP150...ok
   - CallContractToCreateContractNoCash_d0g0v0_EIP158...ok
   - CallGoesOOGOnSecondLevelWithMemExpandingCalls_d0g0v0_EIP158...ok
   - RawCallCodeGasAsk_d0g0v0_EIP158...ok
   - CallGoesOOGOnSecondLevelWithMemExpandingCalls_d0g0v0_Frontier...ok
   - CallContractToCreateContractNoCash_d0g0v0_Frontier...ok
   - log3_logMemsizeTooHigh_d0g0v0_EIP150...ok
   - RawCallCodeGasAsk_d0g0v0_Frontier...ok
   - CallContractToCreateContractNoCash_d0g0v0_Homestead...ok
   - log3_logMemsizeTooHigh_d0g0v0_EIP158...ok
   - CallGoesOOGOnSecondLevelWithMemExpandingCalls_d0g0v0_Homestead...ok
   - TransactionCreateRandomInitCode_d0g0v0_Byzantium...ok
   - RawCallCodeGasAsk_d0g0v0_Homestead...ok
   - DelegateCallOnEIPWithMemExpandingCalls_d0g0v0_Byzantium...ok
   - TransactionCreateRandomInitCode_d0g0v0_EIP150...ok
   - log3_logMemsizeTooHigh_d0g0v0_Frontier...ok
   - RawExtCodeSizeGas_d0g0v0_Byzantium...ok
   - TransactionCreateRandomInitCode_d0g0v0_EIP158...ok
   - DelegateCallOnEIPWithMemExpandingCalls_d0g0v0_EIP150...ok
   - log3_logMemsizeTooHigh_d0g0v0_Homestead...ok
   - RawExtCodeSizeGas_d0g0v0_EIP150...ok
   - RawExtCodeSizeGas_d0g0v0_EIP158...ok
   - DelegateCallOnEIPWithMemExpandingCalls_d0g0v0_EIP158...ok
   - TransactionCreateRandomInitCode_d0g0v0_Frontier...ok
   - log4_nonEmptyMem_logMemSize1_d0g0v0_Byzantium...ok
   - TransactionCreateRandomInitCode_d0g0v0_Homestead...ok
   - DelegateCallOnEIPWithMemExpandingCalls_d0g0v0_Frontier...ok
   - RawExtCodeSizeGas_d0g0v0_Frontier...ok
   - log4_nonEmptyMem_logMemSize1_d0g0v0_EIP150...ok
   - log4_nonEmptyMem_logMemSize1_d0g0v0_EIP158...ok
   - CallTheContractToCreateEmptyContract_d0g0v0_Byzantium...ok
   - DelegateCallOnEIPWithMemExpandingCalls_d0g0v0_Homestead...ok
   - RawExtCodeSizeGas_d0g0v0_Homestead...ok
   - log4_nonEmptyMem_logMemSize1_d0g0v0_Frontier...ok
   - CreateAndGasInsideCreateWithMemExpandingCalls_d0g0v0_Byzantium...ok
   - log4_nonEmptyMem_logMemSize1_d0g0v0_Homestead...ok
   - CallTheContractToCreateEmptyContract_d0g0v0_EIP150...ok
   - CallTheContractToCreateEmptyContract_d0g0v0_EIP158...ok
   - RawCreateFailGasValueTransfer_d0g0v0_Byzantium...ok
   - CreateAndGasInsideCreateWithMemExpandingCalls_d0g0v0_EIP150...ok
   - CallTheContractToCreateEmptyContract_d0g0v0_Frontier...ok
   - RawCreateFailGasValueTransfer_d0g0v0_EIP150...ok
   - log4_logMemsizeTooHigh_d0g0v0_Byzantium...ok
   - CreateAndGasInsideCreateWithMemExpandingCalls_d0g0v0_EIP158...ok
   - CallTheContractToCreateEmptyContract_d0g0v0_Homestead...ok
   - RawCreateFailGasValueTransfer_d0g0v0_EIP158...ok
test json_tests::chain::block_tests::BlockchainTests_GeneralStateTest_stInitCodeTest ... ok
ok
   - log4_logMemsizeTooHigh_d0g0v0_EIP150...   - sha3_dejavu_d0g0v0_Byzantium...ok
   - CreateAndGasInsideCreateWithMemExpandingCalls_d0g0v0_Frontier...ok
   - sha3_dejavu_d0g0v0_EIP150...ok
   - RawCreateFailGasValueTransfer_d0g0v0_Frontier...ok
   - CreateAndGasInsideCreateWithMemExpandingCalls_d0g0v0_Homestead...ok
   - log4_logMemsizeTooHigh_d0g0v0_EIP158...ok
   - sha3_dejavu_d0g0v0_EIP158...ok
   - sha3_dejavu_d0g0v0_Frontier...ok
   - log4_logMemsizeTooHigh_d0g0v0_Frontier...ok
ok
   - RawCreateFailGasValueTransfer_d0g0v0_Homestead...   - CallAskMoreGasOnDepth2ThenTransactionHasWithMemExpandingCalls_d0g0v0_Byzantium...ok
   - log4_logMemsizeTooHigh_d0g0v0_Homestead...ok
   - sha3_dejavu_d0g0v0_Homestead...ok
   - RawCreateGasValueTransfer_d0g0v0_Byzantium...ok
   - CallAskMoreGasOnDepth2ThenTransactionHasWithMemExpandingCalls_d0g0v0_EIP150...ok
   - mem32kb_singleByte+1_d0g0v0_Byzantium...ok
   - log4_nonEmptyMem_d0g0v0_Byzantium...ok
   - CallAskMoreGasOnDepth2ThenTransactionHasWithMemExpandingCalls_d0g0v0_EIP158...ok
   - log4_nonEmptyMem_d0g0v0_EIP150...ok
   - RawCreateGasValueTransfer_d0g0v0_EIP150...ok
   - log4_nonEmptyMem_d0g0v0_EIP158...ok
   - mem32kb_singleByte+1_d0g0v0_EIP150...ok
   - RawCreateGasValueTransfer_d0g0v0_EIP158...ok
   - log4_nonEmptyMem_d0g0v0_Frontier...ok
   - mem32kb_singleByte+1_d0g0v0_EIP158...ok
   - CallAskMoreGasOnDepth2ThenTransactionHasWithMemExpandingCalls_d0g0v0_Frontier...ok
   - RawCreateGasValueTransfer_d0g0v0_Frontier...ok
   - log4_nonEmptyMem_d0g0v0_Homestead...ok
   - RawCreateGasValueTransfer_d0g0v0_Homestead...ok
   - mem32kb_singleByte+1_d0g0v0_Frontier...ok
   - CallAskMoreGasOnDepth2ThenTransactionHasWithMemExpandingCalls_d0g0v0_Homestead...ok
   - log4_emptyMem_d0g0v0_Byzantium...ok
   - RawCreateGasMemory_d0g0v0_Byzantium...ok
   - mem32kb_singleByte+1_d0g0v0_Homestead...ok
   - log4_emptyMem_d0g0v0_EIP150...ok
   - RawCreateGasMemory_d0g0v0_EIP150...ok
   - ExecuteCallThatAskMoreGasThenTransactionHasWithMemExpandingCalls_d0g0v0_Byzantium...ok
   - stackLimitGas_1024_d0g0v0_Byzantium...ok
   - stackLimitGas_1024_d0g0v0_EIP150...ok
   - RawCreateGasMemory_d0g0v0_EIP158...ok
   - ExecuteCallThatAskMoreGasThenTransactionHasWithMemExpandingCalls_d0g0v0_EIP150...ok
   - log4_emptyMem_d0g0v0_EIP158...ok
   - RawCreateGasMemory_d0g0v0_Frontier...ok
   - stackLimitGas_1024_d0g0v0_EIP158...ok
   - ExecuteCallThatAskMoreGasThenTransactionHasWithMemExpandingCalls_d0g0v0_EIP158...ok
   - log4_emptyMem_d0g0v0_Frontier...ok
   - RawCreateGasMemory_d0g0v0_Homestead...ok
   - stackLimitGas_1024_d0g0v0_Frontier...ok
   - RawDelegateCallGasMemory_d0g0v0_Byzantium...ok
   - ExecuteCallThatAskMoreGasThenTransactionHasWithMemExpandingCalls_d0g0v0_Frontier...ok
   - log4_emptyMem_d0g0v0_Homestead...ok
   - stackLimitGas_1024_d0g0v0_Homestead...ok
   - RawDelegateCallGasMemory_d0g0v0_EIP150...ok
   - mem32kb+1_d0g0v0_Byzantium...ok
ok
   - ExecuteCallThatAskMoreGasThenTransactionHasWithMemExpandingCalls_d0g0v0_Homestead...   - log2_logMemsizeTooHigh_d0g0v0_Byzantium...ok
   - RawDelegateCallGasMemory_d0g0v0_EIP158...ok
   - CallGoesOOGOnSecondLevel2WithMemExpandingCalls_d0g0v0_Byzantium...ok
   - mem32kb+1_d0g0v0_EIP150...ok
   - log2_logMemsizeTooHigh_d0g0v0_EIP150...ok
   - RawDelegateCallGasMemory_d0g0v0_Frontier...ok
   - CallGoesOOGOnSecondLevel2WithMemExpandingCalls_d0g0v0_EIP150...ok
   - mem32kb+1_d0g0v0_EIP158...ok
   - log2_logMemsizeTooHigh_d0g0v0_EIP158...ok
   - CallGoesOOGOnSecondLevel2WithMemExpandingCalls_d0g0v0_EIP158...ok
   - RawDelegateCallGasMemory_d0g0v0_Homestead...ok
   - mem32kb+1_d0g0v0_Frontier...ok
   - CallGoesOOGOnSecondLevel2WithMemExpandingCalls_d0g0v0_Frontier...ok
ok
   - log2_logMemsizeTooHigh_d0g0v0_Frontier...ok
   - mem32kb+1_d0g0v0_Homestead...   - RawCreateGasValueTransferMemory_d0g0v0_Byzantium...ok
ok
   - RawCreateGasValueTransferMemory_d0g0v0_EIP150...   - stackLimitPush32_1024_d0g0v0_Byzantium...ok
   - CallGoesOOGOnSecondLevel2WithMemExpandingCalls_d0g0v0_Homestead...ok
   - log2_logMemsizeTooHigh_d0g0v0_Homestead...ok
   - RawCreateGasValueTransferMemory_d0g0v0_EIP158...ok
ok
   - log1_logMemStartTooHigh_d0g0v0_Byzantium...   - CallAndCallcodeConsumeMoreGasThenTransactionHasWithMemExpandingCalls_d0g0v0_Byzantium...ok
   - stackLimitPush32_1024_d0g0v0_EIP150...ok
   - stackLimitPush32_1024_d0g0v0_EIP158...ok
   - CallAndCallcodeConsumeMoreGasThenTransactionHasWithMemExpandingCalls_d0g0v0_EIP150...ok
   - log1_logMemStartTooHigh_d0g0v0_EIP150...ok
   - RawCreateGasValueTransferMemory_d0g0v0_Frontier...ok
   - CallAndCallcodeConsumeMoreGasThenTransactionHasWithMemExpandingCalls_d0g0v0_EIP158...ok
   - RawCreateGasValueTransferMemory_d0g0v0_Homestead...ok
   - stackLimitPush32_1024_d0g0v0_Frontier...ok
   - log1_logMemStartTooHigh_d0g0v0_EIP158...ok
   - CallAndCallcodeConsumeMoreGasThenTransactionHasWithMemExpandingCalls_d0g0v0_Frontier...ok
   - stackLimitPush32_1024_d0g0v0_Homestead...ok
ok
   - CallAndCallcodeConsumeMoreGasThenTransactionHasWithMemExpandingCalls_d0g0v0_Homestead...   - RawCallMemoryGasAsk_d0g0v0_Byzantium...ok
   - log1_logMemStartTooHigh_d0g0v0_Frontier...ok
   - memReturn_d0g0v0_Byzantium...ok
test json_tests::chain::block_tests::BlockchainTests_GeneralStateTest_stMemExpandingEIP150Calls ... ok
   - NonZeroValue_CALLCODE_ToNonNonZeroBalance_d0g0v0_Byzantium...ok
   - RawCallMemoryGasAsk_d0g0v0_EIP150...ok
   - memReturn_d0g0v0_EIP150...ok
   - NonZeroValue_CALLCODE_ToNonNonZeroBalance_d0g0v0_EIP150...ok
   - log1_logMemStartTooHigh_d0g0v0_Homestead...ok
   - memReturn_d0g0v0_EIP158...ok
   - NonZeroValue_CALLCODE_ToNonNonZeroBalance_d0g0v0_EIP158...ok
   - RawCallMemoryGasAsk_d0g0v0_EIP158...ok
   - NonZeroValue_CALLCODE_ToNonNonZeroBalance_d0g0v0_Frontier...ok
   - memReturn_d0g0v0_Frontier...ok
   - memReturn_d0g0v0_Homestead...ok
   - log2_nonEmptyMem_logMemSize1_d0g0v0_Byzantium...ok
   - NonZeroValue_CALLCODE_ToNonNonZeroBalance_d0g0v0_Homestead...ok
   - RawCallMemoryGasAsk_d0g0v0_Frontier...ok
   - mem64kb+31_d0g0v0_Byzantium...ok
   - log2_nonEmptyMem_logMemSize1_d0g0v0_EIP150...ok
   - NonZeroValue_CALL_ToOneStorageKey_d0g0v0_Byzantium...ok
   - log2_nonEmptyMem_logMemSize1_d0g0v0_EIP158...ok
   - mem64kb+31_d0g0v0_EIP150...ok
   - RawCallMemoryGasAsk_d0g0v0_Homestead...ok
   - NonZeroValue_CALL_ToOneStorageKey_d0g0v0_EIP150...ok
test json_tests::chain::block_tests::BlockchainTests_GeneralStateTest_stEIP150singleCodeGasPrices ... ok
ok
   - mem64kb+31_d0g0v0_EIP158...ok
   - log2_nonEmptyMem_logMemSize1_d0g0v0_Frontier...   - modexp_1_0_1_25000_d0g3v0_Byzantium...ok
   - NonZeroValue_CALL_ToOneStorageKey_d0g0v0_EIP158...ok
   - log2_nonEmptyMem_logMemSize1_d0g0v0_Homestead...ok
   - mem64kb+31_d0g0v0_Frontier...ok
   - modexp_1_0_1_25000_d0g3v0_EIP150...ok
   - NonZeroValue_CALL_ToOneStorageKey_d0g0v0_Frontier...ok
   - mem64kb+31_d0g0v0_Homestead...ok
   - log0_logMemStartTooHigh_d0g0v0_Byzantium...ok
   - NonZeroValue_CALL_ToOneStorageKey_d0g0v0_Homestead...ok
   - modexp_1_0_1_25000_d0g3v0_EIP158...ok
   - log0_logMemStartTooHigh_d0g0v0_EIP150...ok
   - modexp_1_0_1_25000_d0g3v0_Frontier...ok
   - mem64kb-31_d0g0v0_Byzantium...ok
   - NonZeroValue_TransactionCALL_ToEmpty_d0g0v0_Byzantium...ok
   - modexp_1_0_1_25000_d0g3v0_Homestead...ok
   - log0_logMemStartTooHigh_d0g0v0_EIP158...ok
   - modexp_37120_37111_97_22000_d0g0v0_Byzantium...ok
   - mem64kb-31_d0g0v0_EIP150...ok
   - NonZeroValue_TransactionCALL_ToEmpty_d0g0v0_EIP150...ok
   - log0_logMemStartTooHigh_d0g0v0_Frontier...ok
   - mem64kb-31_d0g0v0_EIP158...ok
   - modexp_37120_37111_97_22000_d0g0v0_EIP150...ok
   - mem64kb-31_d0g0v0_Frontier...ok
   - log0_logMemStartTooHigh_d0g0v0_Homestead...ok
   - NonZeroValue_TransactionCALL_ToEmpty_d0g0v0_EIP158...ok
   - mem64kb-31_d0g0v0_Homestead...ok
   - log2_logMemsizeZero_d0g0v0_Byzantium...ok
   - log2_logMemsizeZero_d0g0v0_EIP150...ok
   - NonZeroValue_TransactionCALL_ToEmpty_d0g0v0_Frontier...ok
   - modexp_37120_37111_97_22000_d0g0v0_EIP158...ok
   - mem64kb+1_d0g0v0_Byzantium...ok
   - log2_logMemsizeZero_d0g0v0_EIP158...ok
   - NonZeroValue_TransactionCALL_ToEmpty_d0g0v0_Homestead...ok
   - modexp_37120_37111_97_22000_d0g0v0_Frontier...ok
   - mem64kb+1_d0g0v0_EIP150...ok
   - log2_logMemsizeZero_d0g0v0_Frontier...ok
   - modexp_37120_37111_97_22000_d0g0v0_Homestead...ok
   - NonZeroValue_TransactionCALLwithData_ToEmpty_d0g0v0_Byzantium...ok
   - mem64kb+1_d0g0v0_EIP158...ok
ok
   - log2_logMemsizeZero_d0g0v0_Homestead...   - modexp_3_09984_39936_25000_d0g2v0_Byzantium...ok
   - NonZeroValue_TransactionCALLwithData_ToEmpty_d0g0v0_EIP150...ok
   - mem64kb+1_d0g0v0_Frontier...ok
ok
   - modexp_3_09984_39936_25000_d0g2v0_EIP150...   - log3_logMemStartTooHigh_d0g0v0_Byzantium...ok
   - NonZeroValue_TransactionCALLwithData_ToEmpty_d0g0v0_EIP158...ok
   - modexp_3_09984_39936_25000_d0g2v0_EIP158...ok
   - mem64kb+1_d0g0v0_Homestead...ok
   - NonZeroValue_TransactionCALLwithData_ToEmpty_d0g0v0_Frontier...ok
   - log3_logMemStartTooHigh_d0g0v0_EIP150...ok
   - modexp_3_09984_39936_25000_d0g2v0_Frontier...ok
   - mem64kb-32_d0g0v0_Byzantium...ok
   - NonZeroValue_TransactionCALLwithData_ToEmpty_d0g0v0_Homestead...ok
   - log3_logMemStartTooHigh_d0g0v0_EIP158...ok
   - modexp_3_09984_39936_25000_d0g2v0_Homestead...ok
   - mem64kb-32_d0g0v0_EIP150...ok
   - NonZeroValue_TransactionCALLwithData_ToNonNonZeroBalance_d0g0v0_Byzantium...ok
ok
   - mem64kb-32_d0g0v0_EIP158...   - modexp_1_1_1_35000_d0g3v0_Byzantium...ok
   - NonZeroValue_TransactionCALLwithData_ToNonNonZeroBalance_d0g0v0_EIP150...ok
   - log3_logMemStartTooHigh_d0g0v0_Frontier...ok
   - modexp_1_1_1_35000_d0g3v0_EIP150...ok
   - mem64kb-32_d0g0v0_Frontier...ok
   - NonZeroValue_TransactionCALLwithData_ToNonNonZeroBalance_d0g0v0_EIP158...ok
   - log3_logMemStartTooHigh_d0g0v0_Homestead...ok
   - modexp_1_1_1_35000_d0g3v0_EIP158...ok
   - log1_nonEmptyMem_d0g0v0_Byzantium...ok
   - NonZeroValue_TransactionCALLwithData_ToNonNonZeroBalance_d0g0v0_Frontier...ok
   - mem64kb-32_d0g0v0_Homestead...ok
   - log1_nonEmptyMem_d0g0v0_EIP150...ok
   - NonZeroValue_TransactionCALLwithData_ToNonNonZeroBalance_d0g0v0_Homestead...ok
   - modexp_1_1_1_35000_d0g3v0_Frontier...ok
   - log1_nonEmptyMem_d0g0v0_EIP158...ok
   - stackLimitGas_1025_d0g0v0_Byzantium...ok
   - modexp_1_1_1_35000_d0g3v0_Homestead...ok
   - stackLimitGas_1025_d0g0v0_EIP150...ok
   - NonZeroValue_DELEGATECALL_ToEmpty_d0g0v0_Byzantium...ok
   - stackLimitGas_1025_d0g0v0_EIP158...ok
   - NonZeroValue_DELEGATECALL_ToEmpty_d0g0v0_EIP150...ok
   - log1_nonEmptyMem_d0g0v0_Frontier...ok
   - modexp_1_0_0_25000_d0g0v0_Byzantium...ok
   - NonZeroValue_DELEGATECALL_ToEmpty_d0g0v0_EIP158...ok
   - NonZeroValue_DELEGATECALL_ToEmpty_d0g0v0_Frontier...ok
   - log1_nonEmptyMem_d0g0v0_Homestead...ok
   - stackLimitGas_1025_d0g0v0_Frontier...ok
   - NonZeroValue_DELEGATECALL_ToEmpty_d0g0v0_Homestead...ok
   - modexp_1_0_0_25000_d0g0v0_EIP150...ok
   - log1_nonEmptyMem_logMemSize1_d0g0v0_Byzantium...ok
   - NonZeroValue_CALLCODE_d0g0v0_Byzantium...ok
   - log1_nonEmptyMem_logMemSize1_d0g0v0_EIP150...ok
   - stackLimitGas_1025_d0g0v0_Homestead...ok
   - modexp_1_0_0_25000_d0g0v0_EIP158...ok
   - NonZeroValue_CALLCODE_d0g0v0_EIP150...ok
   - log1_nonEmptyMem_logMemSize1_d0g0v0_EIP158...ok
   - NonZeroValue_CALLCODE_d0g0v0_EIP158...ok
   - log1_nonEmptyMem_logMemSize1_d0g0v0_Frontier...ok
   - modexp_1_0_0_25000_d0g0v0_Frontier...ok
   - mem64kb_singleByte-31_d0g0v0_Byzantium...ok
   - modexp_1_0_0_25000_d0g0v0_Homestead...ok
   - NonZeroValue_CALLCODE_d0g0v0_Frontier...ok
   - log1_nonEmptyMem_logMemSize1_d0g0v0_Homestead...ok
   - NonZeroValue_CALLCODE_d0g0v0_Homestead...ok
   - mem64kb_singleByte-31_d0g0v0_EIP150...ok
   - CallEcrecover0_gas3000_d0g0v0_Byzantium...ok
   - log3_nonEmptyMem_logMemSize1_logMemStart31_d0g0v0_Byzantium...ok
   - CallEcrecover0_gas3000_d0g0v0_EIP150...ok
   - mem64kb_singleByte-31_d0g0v0_EIP158...ok
   - NonZeroValue_SUICIDE_ToNonNonZeroBalance_d0g0v0_Byzantium...ok
   - log3_nonEmptyMem_logMemSize1_logMemStart31_d0g0v0_EIP150...ok
ok
   - CallEcrecover0_gas3000_d0g0v0_EIP158...   - mem64kb_singleByte-31_d0g0v0_Frontier...ok
   - NonZeroValue_SUICIDE_ToNonNonZeroBalance_d0g0v0_EIP150...ok
ok
   - log3_nonEmptyMem_logMemSize1_logMemStart31_d0g0v0_EIP158...ok
ok
   - CallEcrecover0_gas3000_d0g0v0_Frontier...   - NonZeroValue_SUICIDE_ToNonNonZeroBalance_d0g0v0_EIP158...   - mem64kb_singleByte-31_d0g0v0_Homestead...ok
ok
   - CallEcrecover0_gas3000_d0g0v0_Homestead...   - mstroe8_dejavu_d0g0v0_Byzantium...ok
   - log3_nonEmptyMem_logMemSize1_logMemStart31_d0g0v0_Frontier...ok
   - NonZeroValue_SUICIDE_ToNonNonZeroBalance_d0g0v0_Frontier...ok
   - modexp_d15g2v0_Byzantium...ok
   - mstroe8_dejavu_d0g0v0_EIP150...ok
   - log3_nonEmptyMem_logMemSize1_logMemStart31_d0g0v0_Homestead...ok
   - NonZeroValue_SUICIDE_ToNonNonZeroBalance_d0g0v0_Homestead...ok
   - log0_nonEmptyMem_d0g0v0_Byzantium...ok
   - modexp_d15g2v0_EIP150...ok
ok
   - mstroe8_dejavu_d0g0v0_EIP158...   - NonZeroValue_TransactionCALLwithData_d0g0v0_Byzantium...ok
   - modexp_d15g2v0_EIP158...ok
   - log0_nonEmptyMem_d0g0v0_EIP150...ok
   - modexp_d15g2v0_Frontier...ok
   - NonZeroValue_TransactionCALLwithData_d0g0v0_EIP150...ok
   - mstroe8_dejavu_d0g0v0_Frontier...ok
   - NonZeroValue_TransactionCALLwithData_d0g0v0_EIP158...ok
   - log0_nonEmptyMem_d0g0v0_EIP158...ok
   - modexp_d15g2v0_Homestead...ok
   - mstroe8_dejavu_d0g0v0_Homestead...ok
   - NonZeroValue_TransactionCALLwithData_d0g0v0_Frontier...ok
   - modexp_1_0_0_22000_d0g3v0_Byzantium...ok
   - log0_nonEmptyMem_d0g0v0_Frontier...ok
   - mem32kb-33_d0g0v0_Byzantium...ok
ok
   - modexp_1_0_0_22000_d0g3v0_EIP150...   - NonZeroValue_TransactionCALLwithData_d0g0v0_Homestead...ok
   - mem32kb-33_d0g0v0_EIP150...ok
   - modexp_1_0_0_22000_d0g3v0_EIP158...ok
   - log0_nonEmptyMem_d0g0v0_Homestead...ok
   - NonZeroValue_SUICIDE_ToOneStorageKey_d0g0v0_Byzantium...ok
   - mem32kb-33_d0g0v0_EIP158...ok
   - modexp_1_0_0_22000_d0g3v0_Frontier...ok
   - logInOOG_Call_d0g0v0_Byzantium...ok
   - NonZeroValue_SUICIDE_ToOneStorageKey_d0g0v0_EIP150...ok
   - modexp_1_0_0_22000_d0g3v0_Homestead...ok
   - mem32kb-33_d0g0v0_Frontier...ok
   - NonZeroValue_SUICIDE_ToOneStorageKey_d0g0v0_EIP158...ok
   - logInOOG_Call_d0g0v0_EIP150...ok
   - NonZeroValue_SUICIDE_ToOneStorageKey_d0g0v0_Frontier...ok
   - mem32kb-33_d0g0v0_Homestead...ok
   - modexp_37120_37111_97_35000_d0g3v0_Byzantium...ok
   - logInOOG_Call_d0g0v0_EIP158...ok
   - NonZeroValue_SUICIDE_ToOneStorageKey_d0g0v0_Homestead...ok
   - stackLimitPush31_1023_d0g0v0_Byzantium...ok
   - logInOOG_Call_d0g0v0_Frontier...ok
   - NonZeroValue_CALL_ToEmpty_d0g0v0_Byzantium...ok
   - modexp_37120_37111_97_35000_d0g3v0_EIP150...ok
   - modexp_37120_37111_97_35000_d0g3v0_EIP158...ok
   - stackLimitPush31_1023_d0g0v0_EIP150...ok
   - logInOOG_Call_d0g0v0_Homestead...ok
   - NonZeroValue_CALL_ToEmpty_d0g0v0_EIP150...ok
   - stackLimitPush31_1023_d0g0v0_EIP158...ok
   - modexp_37120_37111_97_35000_d0g3v0_Frontier...ok
   - log3_nonEmptyMem_logMemSize1_d0g0v0_Byzantium...ok
   - NonZeroValue_CALL_ToEmpty_d0g0v0_EIP158...ok
   - log3_nonEmptyMem_logMemSize1_d0g0v0_EIP150...ok
   - modexp_37120_37111_97_35000_d0g3v0_Homestead...ok
   - stackLimitPush31_1023_d0g0v0_Frontier...ok
   - NonZeroValue_CALL_ToEmpty_d0g0v0_Frontier...ok
   - modexp_1_0_0_1000000_d0g3v0_Byzantium...ok
   - log3_nonEmptyMem_logMemSize1_d0g0v0_EIP158...ok
   - stackLimitPush31_1023_d0g0v0_Homestead...ok
   - NonZeroValue_CALL_ToEmpty_d0g0v0_Homestead...ok
   - modexp_1_0_0_1000000_d0g3v0_EIP150...ok
   - log3_nonEmptyMem_logMemSize1_d0g0v0_Frontier...ok
   - modexp_1_0_0_1000000_d0g3v0_EIP158...ok
ok
   - NonZeroValue_CALL_d0g0v0_Byzantium...   - mem32kb_singleByte+31_d0g0v0_Byzantium...ok
   - modexp_1_0_0_1000000_d0g3v0_Frontier...ok
   - log3_nonEmptyMem_logMemSize1_d0g0v0_Homestead...ok
   - NonZeroValue_CALL_d0g0v0_EIP150...ok
ok
   - mem32kb_singleByte+31_d0g0v0_EIP150...   - log1_nonEmptyMem_logMemSize1_logMemStart31_d0g0v0_Byzantium...ok
   - modexp_1_0_0_1000000_d0g3v0_Homestead...ok
   - NonZeroValue_CALL_d0g0v0_EIP158...ok
   - mem32kb_singleByte+31_d0g0v0_EIP158...ok
   - log1_nonEmptyMem_logMemSize1_logMemStart31_d0g0v0_EIP150...ok
   - modexp_1_0_0_20500_d0g3v0_Byzantium...ok
   - NonZeroValue_CALL_d0g0v0_Frontier...ok
   - mem32kb_singleByte+31_d0g0v0_Frontier...ok
   - log1_nonEmptyMem_logMemSize1_logMemStart31_d0g0v0_EIP158...ok
   - modexp_1_0_0_20500_d0g3v0_EIP150...ok
   - NonZeroValue_CALL_d0g0v0_Homestead...ok
   - log1_nonEmptyMem_logMemSize1_logMemStart31_d0g0v0_Frontier...ok
   - mem32kb_singleByte+31_d0g0v0_Homestead...ok
   - modexp_1_0_0_20500_d0g3v0_EIP158...ok
   - mem64kb_singleByte_d0g0v0_Byzantium...ok
   - NonZeroValue_SUICIDE_ToEmpty_d0g0v0_Byzantium...ok
   - log1_nonEmptyMem_logMemSize1_logMemStart31_d0g0v0_Homestead...ok
   - mem64kb_singleByte_d0g0v0_EIP150...ok
   - modexp_1_0_0_20500_d0g3v0_Frontier...ok
ok
   - modexp_1_0_0_20500_d0g3v0_Homestead...ok
   - NonZeroValue_SUICIDE_ToEmpty_d0g0v0_EIP150...   - log2_emptyMem_d0g0v0_Byzantium...ok
   - modexp_d10g3v0_Byzantium...ok
   - NonZeroValue_SUICIDE_ToEmpty_d0g0v0_EIP158...ok
   - log2_emptyMem_d0g0v0_EIP150...ok
   - mem64kb_singleByte_d0g0v0_EIP158...ok
   - modexp_d10g3v0_EIP150...ok
   - mem64kb_singleByte_d0g0v0_Frontier...ok
   - NonZeroValue_SUICIDE_ToEmpty_d0g0v0_Frontier...ok
   - mem64kb_singleByte_d0g0v0_Homestead...ok
   - log2_emptyMem_d0g0v0_EIP158...ok
   - modexp_d10g3v0_EIP158...ok
   - mem32kb-32_d0g0v0_Byzantium...ok
   - NonZeroValue_SUICIDE_ToEmpty_d0g0v0_Homestead...ok
   - mem32kb-32_d0g0v0_EIP150...ok
   - log2_emptyMem_d0g0v0_Frontier...ok
   - modexp_d10g3v0_Frontier...ok
ok
   - mem32kb-32_d0g0v0_EIP158...   - NonZeroValue_CALL_ToNonNonZeroBalance_d0g0v0_Byzantium...ok
   - mem32kb-32_d0g0v0_Frontier...ok
   - modexp_d10g3v0_Homestead...ok
   - NonZeroValue_CALL_ToNonNonZeroBalance_d0g0v0_EIP150...ok
   - log2_emptyMem_d0g0v0_Homestead...ok
   - mem32kb-32_d0g0v0_Homestead...ok
   - NonZeroValue_CALL_ToNonNonZeroBalance_d0g0v0_EIP158...ok
   - log3_emptyMem_d0g0v0_Byzantium...ok
   - CallRipemd160_3_postfixed0_d0g0v0_Byzantium...ok
   - log1_dejavu_d0g0v0_Byzantium...ok
   - NonZeroValue_CALL_ToNonNonZeroBalance_d0g0v0_Frontier...ok
   - CallRipemd160_3_postfixed0_d0g0v0_EIP150...ok
ok
   - log1_dejavu_d0g0v0_EIP150...   - log3_emptyMem_d0g0v0_EIP150...ok
   - NonZeroValue_CALL_ToNonNonZeroBalance_d0g0v0_Homestead...ok
   - log3_emptyMem_d0g0v0_EIP158...ok
   - log1_dejavu_d0g0v0_EIP158...ok
   - CallRipemd160_3_postfixed0_d0g0v0_EIP158...ok
   - NonZeroValue_CALLCODE_ToEmpty_d0g0v0_Byzantium...ok
   - log3_emptyMem_d0g0v0_Frontier...ok
   - CallRipemd160_3_postfixed0_d0g0v0_Frontier...ok
   - log1_dejavu_d0g0v0_Frontier...ok
   - NonZeroValue_CALLCODE_ToEmpty_d0g0v0_EIP150...ok
   - CallRipemd160_3_postfixed0_d0g0v0_Homestead...ok
   - log3_emptyMem_d0g0v0_Homestead...ok
   - log1_dejavu_d0g0v0_Homestead...ok
   - NonZeroValue_CALLCODE_ToEmpty_d0g0v0_EIP158...ok
   - stackLimitPush32_1023_d0g0v0_Byzantium...ok
   - NonZeroValue_CALLCODE_ToEmpty_d0g0v0_Frontier...ok
   - modexp_d12g2v0_Byzantium...ok
   - log1_logMemsizeTooHigh_d0g0v0_Byzantium...ok
   - modexp_d12g2v0_EIP150...ok
   - stackLimitPush32_1023_d0g0v0_EIP150...ok
   - NonZeroValue_CALLCODE_ToEmpty_d0g0v0_Homestead...ok
   - stackLimitPush32_1023_d0g0v0_EIP158...ok
   - modexp_d12g2v0_EIP158...ok
   - log1_logMemsizeTooHigh_d0g0v0_EIP150...ok
   - NonZeroValue_CALLCODE_ToOneStorageKey_d0g0v0_Byzantium...ok
   - log1_logMemsizeTooHigh_d0g0v0_EIP158...ok
   - stackLimitPush32_1023_d0g0v0_Frontier...ok
   - NonZeroValue_CALLCODE_ToOneStorageKey_d0g0v0_EIP150...ok
   - modexp_d12g2v0_Frontier...ok
   - NonZeroValue_CALLCODE_ToOneStorageKey_d0g0v0_EIP158...ok
   - log1_logMemsizeTooHigh_d0g0v0_Frontier...ok
   - stackLimitPush32_1023_d0g0v0_Homestead...ok
   - modexp_d12g2v0_Homestead...ok
   - NonZeroValue_CALLCODE_ToOneStorageKey_d0g0v0_Frontier...ok
   - mem64kb_singleByte-32_d0g0v0_Byzantium...ok
   - log1_logMemsizeTooHigh_d0g0v0_Homestead...ok
   - modexp_1_1_1_155000_d0g2v0_Byzantium...ok
   - mem64kb_singleByte-32_d0g0v0_EIP150...ok
   - NonZeroValue_CALLCODE_ToOneStorageKey_d0g0v0_Homestead...ok
   - log1_emptyMem_d0g0v0_Byzantium...ok
   - mem64kb_singleByte-32_d0g0v0_EIP158...ok
   - modexp_1_1_1_155000_d0g2v0_EIP150...ok
   - mem64kb_singleByte-32_d0g0v0_Frontier...ok
ok
   - log1_emptyMem_d0g0v0_EIP150...   - NonZeroValue_TransactionCALLwithData_ToOneStorageKey_d0g0v0_Byzantium...ok
   - modexp_1_1_1_155000_d0g2v0_EIP158...ok
   - log1_emptyMem_d0g0v0_EIP158...ok
   - mem64kb_singleByte-32_d0g0v0_Homestead...ok
   - NonZeroValue_TransactionCALLwithData_ToOneStorageKey_d0g0v0_EIP150...ok
   - modexp_1_1_1_155000_d0g2v0_Frontier...ok
   - log1_emptyMem_d0g0v0_Frontier...ok
   - mem32kb+31_d0g0v0_Byzantium...ok
   - NonZeroValue_TransactionCALLwithData_ToOneStorageKey_d0g0v0_EIP158...ok
   - log1_emptyMem_d0g0v0_Homestead...ok
   - NonZeroValue_TransactionCALLwithData_ToOneStorageKey_d0g0v0_Frontier...ok
   - modexp_1_1_1_155000_d0g2v0_Homestead...ok
   - log4_MaxTopic_d0g0v0_Byzantium...ok
   - mem32kb+31_d0g0v0_EIP150...ok
   - modexp_55190_55190_42965_20500_d0g3v0_Byzantium...ok
   - log4_MaxTopic_d0g0v0_EIP150...ok
   - NonZeroValue_TransactionCALLwithData_ToOneStorageKey_d0g0v0_Homestead...ok
   - mem32kb+31_d0g0v0_EIP158...ok
   - log4_MaxTopic_d0g0v0_EIP158...ok
   - NonZeroValue_DELEGATECALL_ToNonNonZeroBalance_d0g0v0_Byzantium...ok
   - modexp_55190_55190_42965_20500_d0g3v0_EIP150...ok
   - mem32kb+31_d0g0v0_Frontier...ok
   - log4_MaxTopic_d0g0v0_Frontier...ok
   - NonZeroValue_DELEGATECALL_ToNonNonZeroBalance_d0g0v0_EIP150...ok
   - modexp_55190_55190_42965_20500_d0g3v0_EIP158...ok
   - log4_MaxTopic_d0g0v0_Homestead...ok
   - mem32kb+31_d0g0v0_Homestead...ok
ok
ok
   - NonZeroValue_DELEGATECALL_ToNonNonZeroBalance_d0g0v0_EIP158...   - modexp_55190_55190_42965_20500_d0g3v0_Frontier...ok
   - log2_Caller_d0g0v0_Byzantium...   - mem64kb_singleByte+31_d0g0v0_Byzantium...ok
   - NonZeroValue_DELEGATECALL_ToNonNonZeroBalance_d0g0v0_Frontier...ok
   - log2_Caller_d0g0v0_EIP150...ok
   - mem64kb_singleByte+31_d0g0v0_EIP150...ok
   - modexp_55190_55190_42965_20500_d0g3v0_Homestead...ok
   - log2_Caller_d0g0v0_EIP158...ok
   - mem64kb_singleByte+31_d0g0v0_EIP158...ok
   - NonZeroValue_DELEGATECALL_ToNonNonZeroBalance_d0g0v0_Homestead...ok
   - modexp_3_09984_39936_1000000_d0g2v0_Byzantium...ok
   - log2_Caller_d0g0v0_Frontier...ok
   - mem64kb_singleByte+31_d0g0v0_Frontier...ok
   - NonZeroValue_DELEGATECALL_ToOneStorageKey_d0g0v0_Byzantium...ok
   - modexp_3_09984_39936_1000000_d0g2v0_EIP150...ok
ok
   - log2_Caller_d0g0v0_Homestead...   - NonZeroValue_DELEGATECALL_ToOneStorageKey_d0g0v0_EIP150...ok
   - modexp_3_09984_39936_1000000_d0g2v0_EIP158...ok
   - log4_logMemsizeZero_d0g0v0_Byzantium...ok
   - mem64kb_singleByte+31_d0g0v0_Homestead...ok
   - NonZeroValue_DELEGATECALL_ToOneStorageKey_d0g0v0_EIP158...ok
   - modexp_3_09984_39936_1000000_d0g2v0_Frontier...ok
   - log4_logMemsizeZero_d0g0v0_EIP150...ok
   - stackLimitPush31_1024_d0g0v0_Byzantium...ok
   - NonZeroValue_DELEGATECALL_ToOneStorageKey_d0g0v0_Frontier...ok
   - modexp_3_09984_39936_1000000_d0g2v0_Homestead...ok
   - stackLimitPush31_1024_d0g0v0_EIP150...ok
   - log4_logMemsizeZero_d0g0v0_EIP158...ok
   - NonZeroValue_DELEGATECALL_ToOneStorageKey_d0g0v0_Homestead...ok
   - log4_logMemsizeZero_d0g0v0_Frontier...ok
   - modexp_3_5_100_22000_d0g2v0_Byzantium...ok
   - stackLimitPush31_1024_d0g0v0_EIP158...ok
   - modexp_3_5_100_22000_d0g2v0_EIP150...ok
ok
   - log4_logMemsizeZero_d0g0v0_Homestead...   - NonZeroValue_TransactionCALL_ToOneStorageKey_d0g0v0_Byzantium...ok
   - stackLimitPush31_1024_d0g0v0_Frontier...ok
   - modexp_3_5_100_22000_d0g2v0_EIP158...ok
   - stackLimitPush31_1024_d0g0v0_Homestead...ok
   - NonZeroValue_TransactionCALL_ToOneStorageKey_d0g0v0_EIP150...ok
   - modexp_3_5_100_22000_d0g2v0_Frontier...ok
   - log0_logMemsizeZero_d0g0v0_Byzantium...ok
   - mem32kb+33_d0g0v0_Byzantium...ok
   - modexp_3_5_100_22000_d0g2v0_Homestead...ok
   - NonZeroValue_TransactionCALL_ToOneStorageKey_d0g0v0_EIP158...ok
   - mem32kb+33_d0g0v0_EIP150...ok
   - log0_logMemsizeZero_d0g0v0_EIP150...ok
   - mem32kb+33_d0g0v0_EIP158...ok
   - NonZeroValue_TransactionCALL_ToOneStorageKey_d0g0v0_Frontier...ok
   - modexp_d19g1v0_Byzantium...ok
   - mem32kb+33_d0g0v0_Frontier...ok
   - modexp_d19g1v0_EIP150...ok
   - NonZeroValue_TransactionCALL_ToOneStorageKey_d0g0v0_Homestead...ok
   - mem32kb+33_d0g0v0_Homestead...ok
   - log0_logMemsizeZero_d0g0v0_EIP158...ok
   - modexp_d19g1v0_EIP158...ok
   - NonZeroValue_SUICIDE_d0g0v0_Byzantium...ok
   - modexp_d19g1v0_Frontier...ok
   - log0_logMemsizeZero_d0g0v0_Frontier...ok
   - NonZeroValue_SUICIDE_d0g0v0_EIP150...ok
   - mem32kb_singleByte+32_d0g0v0_Byzantium...ok
   - modexp_d19g1v0_Homestead...ok
   - log0_logMemsizeZero_d0g0v0_Homestead...ok
   - mem32kb_singleByte+32_d0g0v0_EIP150...ok
   - NonZeroValue_SUICIDE_d0g0v0_EIP158...ok
   - modexp_37120_37111_97_20500_d0g1v0_Byzantium...ok
   - log3_PC_d0g0v0_Byzantium...ok
   - mem32kb_singleByte+32_d0g0v0_EIP158...ok
   - modexp_37120_37111_97_20500_d0g1v0_EIP150...ok
   - NonZeroValue_SUICIDE_d0g0v0_Frontier...ok
   - log3_PC_d0g0v0_EIP150...ok
   - mem32kb_singleByte+32_d0g0v0_Frontier...ok
   - mem32kb_singleByte+32_d0g0v0_Homestead...ok
   - modexp_37120_37111_97_20500_d0g1v0_EIP158...ok
   - NonZeroValue_SUICIDE_d0g0v0_Homestead...ok
   - log3_PC_d0g0v0_EIP158...ok
   - extcodecopy_dejavu_d0g0v0_Byzantium...ok
   - NonZeroValue_TransactionCALL_d0g0v0_Byzantium...ok
   - extcodecopy_dejavu_d0g0v0_EIP150...ok
   - modexp_37120_37111_97_20500_d0g1v0_Frontier...ok
   - log3_PC_d0g0v0_Frontier...ok
   - NonZeroValue_TransactionCALL_d0g0v0_EIP150...ok
   - extcodecopy_dejavu_d0g0v0_EIP158...ok
   - log3_PC_d0g0v0_Homestead...ok
   - modexp_37120_37111_97_20500_d0g1v0_Homestead...ok
   - NonZeroValue_TransactionCALL_d0g0v0_EIP158...ok
   - modexp_d7g1v0_Byzantium...ok
   - extcodecopy_dejavu_d0g0v0_Frontier...ok
   - log1_MaxTopic_d0g0v0_Byzantium...ok
   - NonZeroValue_TransactionCALL_d0g0v0_Frontier...ok
   - extcodecopy_dejavu_d0g0v0_Homestead...ok
   - modexp_d7g1v0_EIP150...ok
   - log1_MaxTopic_d0g0v0_EIP150...ok
   - NonZeroValue_TransactionCALL_d0g0v0_Homestead...ok
   - calldatacopy_dejavu2_d0g0v0_Byzantium...ok
   - modexp_d7g1v0_EIP158...ok
   - NonZeroValue_DELEGATECALL_d0g0v0_Byzantium...ok
   - log1_MaxTopic_d0g0v0_EIP158...ok
   - modexp_d7g1v0_Frontier...ok
   - log1_MaxTopic_d0g0v0_Frontier...ok
   - calldatacopy_dejavu2_d0g0v0_EIP150...ok
   - modexp_d7g1v0_Homestead...ok
   - NonZeroValue_DELEGATECALL_d0g0v0_EIP150...ok
   - calldatacopy_dejavu2_d0g0v0_EIP158...ok
   - log1_MaxTopic_d0g0v0_Homestead...ok
   - NonZeroValue_DELEGATECALL_d0g0v0_EIP158...ok
   - log2_MaxTopic_d0g0v0_Byzantium...ok
   - NonZeroValue_DELEGATECALL_d0g0v0_Frontier...ok
ok
   - calldatacopy_dejavu2_d0g0v0_Frontier...   - modexp_3_09984_39936_35000_d0g2v0_Byzantium...ok
   - log2_MaxTopic_d0g0v0_EIP150...ok
   - NonZeroValue_DELEGATECALL_d0g0v0_Homestead...ok
   - modexp_3_09984_39936_35000_d0g2v0_EIP150...ok
   - calldatacopy_dejavu2_d0g0v0_Homestead...ok
   - log2_MaxTopic_d0g0v0_EIP158...ok
   - modexp_3_09984_39936_35000_d0g2v0_EIP158...ok
ok
   - log2_MaxTopic_d0g0v0_Frontier...   - NonZeroValue_TransactionCALL_ToNonNonZeroBalance_d0g0v0_Byzantium...ok
   - modexp_3_09984_39936_35000_d0g2v0_Frontier...ok
   - mem64kb_singleByte+32_d0g0v0_Byzantium...ok
   - mem64kb_singleByte+32_d0g0v0_EIP150...ok
   - log2_MaxTopic_d0g0v0_Homestead...ok
   - modexp_3_09984_39936_35000_d0g2v0_Homestead...ok
   - NonZeroValue_TransactionCALL_ToNonNonZeroBalance_d0g0v0_EIP150...ok
   - log3_Caller_d0g0v0_Byzantium...ok
   - mem64kb_singleByte+32_d0g0v0_EIP158...ok
   - modexp_37120_37111_0_25000_d0g2v0_Byzantium...ok
   - NonZeroValue_TransactionCALL_ToNonNonZeroBalance_d0g0v0_EIP158...ok
   - modexp_37120_37111_0_25000_d0g2v0_EIP150...ok
   - log3_Caller_d0g0v0_EIP150...ok
   - mem64kb_singleByte+32_d0g0v0_Frontier...ok
   - modexp_37120_37111_0_25000_d0g2v0_EIP158...ok
   - NonZeroValue_TransactionCALL_ToNonNonZeroBalance_d0g0v0_Frontier...ok
   - log3_Caller_d0g0v0_EIP158...ok
   - NonZeroValue_TransactionCALL_ToNonNonZeroBalance_d0g0v0_Homestead...ok
   - modexp_37120_37111_0_25000_d0g2v0_Frontier...ok
   - mem64kb_singleByte+32_d0g0v0_Homestead...ok
   - log3_Caller_d0g0v0_Frontier...ok
   - log3_Caller_d0g0v0_Homestead...ok
   - modexp_37120_37111_0_25000_d0g2v0_Homestead...ok
test json_tests::chain::block_tests::BlockchainTests_GeneralStateTest_stNonZeroCallsTest ... ok
   - randomStatetest386_d0g0v0_Byzantium...ok
   - log4_PC_d0g0v0_Byzantium...ok
   - log3_dejavu_d0g0v0_Byzantium...ok
   - randomStatetest386_d0g0v0_EIP150...ok
   - modexp_49_2401_2401_20500_d0g0v0_Byzantium...ok
   - log3_dejavu_d0g0v0_EIP150...ok
   - log4_PC_d0g0v0_EIP150...ok
   - randomStatetest386_d0g0v0_EIP158...ok
   - randomStatetest386_d0g0v0_Frontier...ok
   - log4_PC_d0g0v0_EIP158...ok
   - modexp_49_2401_2401_20500_d0g0v0_EIP150...ok
   - randomStatetest386_d0g0v0_Homestead...ok
   - log3_dejavu_d0g0v0_EIP158...ok
   - log4_PC_d0g0v0_Frontier...ok
   - modexp_49_2401_2401_20500_d0g0v0_EIP158...ok
   - randomStatetest321_d0g0v0_Byzantium...ok
   - log4_PC_d0g0v0_Homestead...ok
   - log3_dejavu_d0g0v0_Frontier...ok
   - randomStatetest321_d0g0v0_EIP150...ok
   - log3_dejavu_d0g0v0_Homestead...ok
   - modexp_49_2401_2401_20500_d0g0v0_Frontier...ok
   - randomStatetest321_d0g0v0_EIP158...ok
   - log0_nonEmptyMem_logMemSize1_logMemStart31_d0g0v0_Byzantium...ok
   - randomStatetest321_d0g0v0_Frontier...ok
   - modexp_49_2401_2401_20500_d0g0v0_Homestead...ok
   - stackLimitPush32_1025_d0g0v0_Byzantium...ok
   - log0_nonEmptyMem_logMemSize1_logMemStart31_d0g0v0_EIP150...ok
   - randomStatetest321_d0g0v0_Homestead...ok
   - log0_nonEmptyMem_logMemSize1_logMemStart31_d0g0v0_EIP158...ok
   - stackLimitPush32_1025_d0g0v0_EIP150...ok
   - modexp_49_2401_2401_1000000_d0g1v0_Byzantium...ok
   - randomStatetest451_d0g0v0_Byzantium...ok
   - log0_nonEmptyMem_logMemSize1_logMemStart31_d0g0v0_Frontier...ok
   - stackLimitPush32_1025_d0g0v0_EIP158...ok
   - randomStatetest451_d0g0v0_EIP150...ok
   - modexp_49_2401_2401_1000000_d0g1v0_EIP150...ok
   - stackLimitPush32_1025_d0g0v0_Frontier...ok
   - log0_nonEmptyMem_logMemSize1_logMemStart31_d0g0v0_Homestead...ok
   - randomStatetest451_d0g0v0_EIP158...ok
   - stackLimitPush32_1025_d0g0v0_Homestead...ok
   - modexp_49_2401_2401_1000000_d0g1v0_EIP158...ok
   - log0_emptyMem_d0g0v0_Byzantium...ok
   - mem33b_singleByte_d0g0v0_Byzantium...ok
   - modexp_49_2401_2401_1000000_d0g1v0_Frontier...ok
   - mem33b_singleByte_d0g0v0_EIP150...ok
   - randomStatetest451_d0g0v0_Frontier...ok
   - log0_emptyMem_d0g0v0_EIP150...ok
   - mem33b_singleByte_d0g0v0_EIP158...ok
   - log0_emptyMem_d0g0v0_EIP158...ok
   - modexp_49_2401_2401_1000000_d0g1v0_Homestead...ok
   - randomStatetest451_d0g0v0_Homestead...ok
   - log0_emptyMem_d0g0v0_Frontier...ok
   - modexp_39936_1_55201_1000000_d0g2v0_Byzantium...ok
   - mem33b_singleByte_d0g0v0_Frontier...ok
   - log0_emptyMem_d0g0v0_Homestead...ok
   - randomStatetest290_d0g0v0_Byzantium...ok
   - modexp_39936_1_55201_1000000_d0g2v0_EIP150...ok
   - mem33b_singleByte_d0g0v0_Homestead...ok
   - log3_nonEmptyMem_d0g0v0_Byzantium...ok
   - modexp_39936_1_55201_1000000_d0g2v0_EIP158...ok
   - log3_nonEmptyMem_d0g0v0_EIP150...ok
   - randomStatetest290_d0g0v0_EIP150...ok
   - mem64kb-33_d0g0v0_Byzantium...ok
   - modexp_39936_1_55201_1000000_d0g2v0_Frontier...ok
   - randomStatetest290_d0g0v0_EIP158...ok
   - mem64kb-33_d0g0v0_EIP150...ok
   - log3_nonEmptyMem_d0g0v0_EIP158...ok
   - modexp_39936_1_55201_1000000_d0g2v0_Homestead...ok
   - randomStatetest290_d0g0v0_Frontier...ok
   - mem64kb-33_d0g0v0_EIP158...ok
   - modexp_3_5_100_1000000_d0g1v0_Byzantium...ok
   - log3_nonEmptyMem_d0g0v0_Frontier...ok
   - randomStatetest290_d0g0v0_Homestead...ok
   - mem64kb-33_d0g0v0_Frontier...ok
   - modexp_3_5_100_1000000_d0g1v0_EIP150...ok
   - log3_nonEmptyMem_d0g0v0_Homestead...ok
   - randomStatetest125_d0g0v0_Byzantium...ok
   - mem64kb-33_d0g0v0_Homestead...ok
   - randomStatetest125_d0g0v0_EIP150...ok
   - modexp_3_5_100_1000000_d0g1v0_EIP158...ok
   - randomStatetest125_d0g0v0_EIP158...ok
   - log1_logMemsizeZero_d0g0v0_Byzantium...ok
   - mload_dejavu_d0g0v0_Byzantium...ok
   - modexp_3_5_100_1000000_d0g1v0_Frontier...ok
   - randomStatetest125_d0g0v0_Frontier...ok
   - mload_dejavu_d0g0v0_EIP150...ok
   - log1_logMemsizeZero_d0g0v0_EIP150...ok
   - modexp_3_5_100_1000000_d0g1v0_Homestead...ok
   - randomStatetest125_d0g0v0_Homestead...ok
   - modexp_d26g1v0_Byzantium...ok
   - mload_dejavu_d0g0v0_EIP158...ok
   - log1_logMemsizeZero_d0g0v0_EIP158...ok
   - randomStatetest212_d0g0v0_Byzantium...ok
   - mload_dejavu_d0g0v0_Frontier...ok
   - log1_logMemsizeZero_d0g0v0_Frontier...ok
   - mload_dejavu_d0g0v0_Homestead...ok
   - randomStatetest212_d0g0v0_EIP150...ok
   - modexp_d26g1v0_EIP150...ok
   - randomStatetest212_d0g0v0_EIP158...ok
   - log1_logMemsizeZero_d0g0v0_Homestead...ok
   - mem64kb_singleByte-1_d0g0v0_Byzantium...ok
   - modexp_d26g1v0_EIP158...ok
   - log4_Caller_d0g0v0_Byzantium...ok
   - mem64kb_singleByte-1_d0g0v0_EIP150...ok
   - mem64kb_singleByte-1_d0g0v0_EIP158...ok
   - randomStatetest212_d0g0v0_Frontier...ok
   - modexp_d26g1v0_Frontier...ok
   - log4_Caller_d0g0v0_EIP150...ok
   - mem64kb_singleByte-1_d0g0v0_Frontier...ok
   - randomStatetest212_d0g0v0_Homestead...ok
   - modexp_d26g1v0_Homestead...ok
   - log4_Caller_d0g0v0_EIP158...ok
   - mem64kb_singleByte-1_d0g0v0_Homestead...ok
   - randomStatetest11_d0g0v0_Byzantium...ok
   - log4_Caller_d0g0v0_Frontier...ok
   - modexp_d11g0v0_Byzantium...ok
   - mem32kb_singleByte_d0g0v0_Byzantium...ok
   - log4_Caller_d0g0v0_Homestead...ok
   - randomStatetest11_d0g0v0_EIP150...ok
   - modexp_d11g0v0_EIP150...ok
test json_tests::chain::block_tests::BlockchainTests_GeneralStateTest_stLogTests ... ok
ok
   - randomStatetest11_d0g0v0_EIP158...   - recursiveCreate_d0g0v0_Byzantium...ok
   - mem32kb_singleByte_d0g0v0_EIP150...ok
   - randomStatetest11_d0g0v0_Frontier...ok
   - modexp_d11g0v0_EIP158...ok
   - mem32kb_singleByte_d0g0v0_EIP158...ok
   - recursiveCreate_d0g0v0_EIP150...ok
   - modexp_d11g0v0_Frontier...ok
   - randomStatetest11_d0g0v0_Homestead...ok
   - mem32kb_singleByte_d0g0v0_Frontier...ok
   - recursiveCreate_d0g0v0_EIP158...ok
   - modexp_d11g0v0_Homestead...ok
   - recursiveCreate_d0g0v0_Frontier...ok
   - randomStatetest339_d0g0v0_Byzantium...ok
   - CallEcrecover0_d0g0v0_Byzantium...ok
   - mem32kb_singleByte_d0g0v0_Homestead...ok
   - recursiveCreate_d0g0v0_Homestead...ok
   - codecopy_dejavu_d0g0v0_Byzantium...ok
   - randomStatetest339_d0g0v0_EIP150...ok
ok
   - CallEcrecover0_d0g0v0_EIP150...ok
   - codecopy_dejavu_d0g0v0_EIP150...ok
   - randomStatetest339_d0g0v0_EIP158...   - recursiveCreateReturnValue_d0g0v0_Byzantium...ok
   - codecopy_dejavu_d0g0v0_EIP158...ok
   - CallEcrecover0_d0g0v0_EIP158...ok
   - randomStatetest339_d0g0v0_Frontier...ok
   - CallEcrecover0_d0g0v0_Frontier...ok
   - randomStatetest339_d0g0v0_Homestead...ok
   - codecopy_dejavu_d0g0v0_Frontier...ok
   - CallEcrecover0_d0g0v0_Homestead...ok
   - codecopy_dejavu_d0g0v0_Homestead...ok
   - randomStatetest260_d0g0v0_Byzantium...ok
   - log4_dejavu_d0g0v0_Byzantium...ok
   - CallEcrecoverCheckLengthWrongV_d0g0v0_Byzantium...ok
   - randomStatetest260_d0g0v0_EIP150...ok
   - CallEcrecoverCheckLengthWrongV_d0g0v0_EIP150...ok
   - randomStatetest260_d0g0v0_EIP158...ok
   - log4_dejavu_d0g0v0_EIP150...ok
   - recursiveCreateReturnValue_d0g0v0_EIP150...ok
   - log4_dejavu_d0g0v0_EIP158...ok
   - CallEcrecoverCheckLengthWrongV_d0g0v0_EIP158...ok
   - randomStatetest260_d0g0v0_Frontier...ok
   - randomStatetest260_d0g0v0_Homestead...ok
   - log4_dejavu_d0g0v0_Frontier...ok
   - CallEcrecoverCheckLengthWrongV_d0g0v0_Frontier...ok
   - randomStatetest179_d0g0v0_Byzantium...ok
   - randomStatetest179_d0g0v0_EIP150...ok
   - log4_dejavu_d0g0v0_Homestead...ok
   - CallEcrecoverCheckLengthWrongV_d0g0v0_Homestead...ok
   - randomStatetest179_d0g0v0_EIP158...ok
ok
   - modexp_1_0_0_25000_d0g2v0_Byzantium...   - mem64kb_singleByte+33_d0g0v0_Byzantium...ok
   - recursiveCreateReturnValue_d0g0v0_EIP158...ok
   - mem64kb_singleByte+33_d0g0v0_EIP150...ok
   - randomStatetest179_d0g0v0_Frontier...ok
   - modexp_1_0_0_25000_d0g2v0_EIP150...ok
   - randomStatetest179_d0g0v0_Homestead...ok
   - mem64kb_singleByte+33_d0g0v0_EIP158...ok
   - randomStatetest509_d0g0v0_Byzantium...ok
   - modexp_1_0_0_25000_d0g2v0_EIP158...ok
   - modexp_1_0_0_25000_d0g2v0_Frontier...ok
   - mem64kb_singleByte+33_d0g0v0_Frontier...ok
   - randomStatetest509_d0g0v0_EIP150...ok
   - modexp_1_0_0_25000_d0g2v0_Homestead...ok
   - randomStatetest509_d0g0v0_EIP158...ok
   - mem64kb_singleByte+33_d0g0v0_Homestead...ok
ok
   - recursiveCreateReturnValue_d0g0v0_Frontier...   - modexp_d22g1v0_Byzantium...ok
   - mem32kb-31_d0g0v0_Byzantium...ok
   - randomStatetest509_d0g0v0_Frontier...ok
   - modexp_d22g1v0_EIP150...ok
   - modexp_d22g1v0_EIP158...ok
   - mem32kb-31_d0g0v0_EIP150...ok
   - randomStatetest509_d0g0v0_Homestead...ok
   - modexp_d22g1v0_Frontier...ok
   - modexp_d22g1v0_Homestead...ok
   - mem32kb-31_d0g0v0_EIP158...ok
   - randomStatetest28_d0g0v0_Byzantium...ok
   - mem32kb-31_d0g0v0_Frontier...ok
   - modexp_1_0_0_155000_d0g2v0_Byzantium...ok
   - randomStatetest28_d0g0v0_EIP150...ok
   - modexp_1_0_0_155000_d0g2v0_EIP150...ok
   - mem32kb-31_d0g0v0_Homestead...ok
   - randomStatetest28_d0g0v0_EIP158...ok
   - modexp_1_0_0_155000_d0g2v0_EIP158...ok
   - mem32kb-1_d0g0v0_Byzantium...ok
ok
   - randomStatetest28_d0g0v0_Frontier...   - modexp_1_0_0_155000_d0g2v0_Frontier...ok
   - mem32kb-1_d0g0v0_EIP150...ok
   - modexp_1_0_0_155000_d0g2v0_Homestead...ok
   - modexp_37120_37111_37111_35000_d0g0v0_Byzantium...ok
   - randomStatetest28_d0g0v0_Homestead...ok
   - mem32kb-1_d0g0v0_EIP158...ok
   - modexp_37120_37111_37111_35000_d0g0v0_EIP150...ok
   - randomStatetest629_d0g0v0_Byzantium...ok
   - modexp_37120_37111_37111_35000_d0g0v0_EIP158...ok
   - mem32kb-1_d0g0v0_Frontier...ok
   - randomStatetest629_d0g0v0_EIP150...ok
   - modexp_37120_37111_37111_35000_d0g0v0_Frontier...ok
   - mem32kb-1_d0g0v0_Homestead...ok
   - randomStatetest629_d0g0v0_EIP158...ok
   - mem64kb+33_d0g0v0_Byzantium...ok
   - modexp_37120_37111_37111_35000_d0g0v0_Homestead...ok
   - randomStatetest629_d0g0v0_Frontier...ok
   - modexp_0_1_0_155000_d0g1v0_Byzantium...ok
   - mem64kb+33_d0g0v0_EIP150...ok
   - mem64kb+33_d0g0v0_EIP158...ok
   - randomStatetest629_d0g0v0_Homestead...ok
   - modexp_0_1_0_155000_d0g1v0_EIP150...ok
   - mem64kb+33_d0g0v0_Frontier...ok
   - randomStatetest535_d0g0v0_Byzantium...ok
   - modexp_0_1_0_155000_d0g1v0_EIP158...ok
   - mem64kb+33_d0g0v0_Homestead...ok
   - mem32kb_singleByte+33_d0g0v0_Byzantium...ok
   - modexp_0_1_0_155000_d0g1v0_Frontier...ok
   - mem32kb_singleByte+33_d0g0v0_EIP150...ok
   - randomStatetest535_d0g0v0_EIP150...ok
   - modexp_0_1_0_155000_d0g1v0_Homestead...ok
   - randomStatetest535_d0g0v0_EIP158...ok
ok
   - randomStatetest535_d0g0v0_Frontier...   - mem32kb_singleByte+33_d0g0v0_EIP158...ok
   - modexp_37120_37111_97_155000_d0g1v0_Byzantium...ok
   - randomStatetest535_d0g0v0_Homestead...ok
   - modexp_37120_37111_97_155000_d0g1v0_EIP150...ok
   - mem32kb_singleByte+33_d0g0v0_Frontier...ok
   - randomStatetest395_d0g0v0_Byzantium...ok
   - modexp_37120_37111_97_155000_d0g1v0_EIP158...ok
   - mem32kb_singleByte+33_d0g0v0_Homestead...ok
   - randomStatetest395_d0g0v0_EIP150...ok
   - modexp_37120_37111_97_155000_d0g1v0_Frontier...ok
   - mem32kb_singleByte-1_d0g0v0_Byzantium...ok
   - randomStatetest395_d0g0v0_EIP158...ok
   - mem32kb_singleByte-1_d0g0v0_EIP150...ok
   - modexp_37120_37111_97_155000_d0g1v0_Homestead...ok
   - randomStatetest395_d0g0v0_Frontier...ok
   - modexp_39936_1_55201_155000_d0g0v0_Byzantium...ok
   - mem32kb_singleByte-1_d0g0v0_EIP158...ok
   - mem32kb_singleByte-1_d0g0v0_Frontier...ok
   - modexp_39936_1_55201_155000_d0g0v0_EIP150...ok
   - randomStatetest395_d0g0v0_Homestead...ok
   - mem32kb_singleByte-1_d0g0v0_Homestead...ok
ok
   - modexp_39936_1_55201_155000_d0g0v0_EIP158...   - randomStatetest366_d0g0v0_Byzantium...ok
   - recursiveCreateReturnValue_d0g0v0_Homestead...ok
   - mload8bitBound_d0g0v0_Byzantium...ok
   - randomStatetest366_d0g0v0_EIP150...ok
   - modexp_39936_1_55201_155000_d0g0v0_Frontier...ok
   - mload8bitBound_d0g0v0_EIP150...ok
   - randomStatetest366_d0g0v0_EIP158...ok
   - mload8bitBound_d0g0v0_EIP158...ok
   - modexp_39936_1_55201_155000_d0g0v0_Homestead...ok
   - randomStatetest366_d0g0v0_Frontier...ok
   - randomStatetest366_d0g0v0_Homestead...ok
   - mload8bitBound_d0g0v0_Frontier...ok
ok
   - modexp_d15g1v0_Byzantium...   - randomStatetest353_d0g0v0_Byzantium...ok
   - mload8bitBound_d0g0v0_Homestead...ok
   - modexp_d15g1v0_EIP150...ok
   - randomStatetest353_d0g0v0_EIP150...ok
   - modexp_d15g1v0_EIP158...ok
   - randomStatetest353_d0g0v0_EIP158...ok
   - mem64kb_d0g0v0_Byzantium...ok
   - randomStatetest353_d0g0v0_Frontier...ok
   - modexp_d15g1v0_Frontier...ok
   - mem64kb_d0g0v0_EIP150...ok
   - randomStatetest353_d0g0v0_Homestead...ok
   - modexp_d15g1v0_Homestead...ok
   - randomStatetest145_d0g0v0_Byzantium...ok
   - mem64kb_d0g0v0_EIP158...ok
   - randomStatetest145_d0g0v0_EIP150...ok
   - mem64kb_d0g0v0_Frontier...ok
   - modexp_3_5_100_20500_d0g3v0_Byzantium...ok
   - randomStatetest145_d0g0v0_EIP158...ok
   - mem64kb_d0g0v0_Homestead...ok
   - randomStatetest145_d0g0v0_Frontier...ok
   - modexp_3_5_100_20500_d0g3v0_EIP150...ok
   - randomStatetest145_d0g0v0_Homestead...ok
   - mem0b_singleByte_d0g0v0_Byzantium...ok
   - modexp_3_5_100_20500_d0g3v0_EIP158...ok
   - mem0b_singleByte_d0g0v0_EIP150...ok
ok
   - modexp_3_5_100_20500_d0g3v0_Frontier...   - randomStatetest429_d0g0v0_Byzantium...ok
   - modexp_3_5_100_20500_d0g3v0_Homestead...ok
   - mem0b_singleByte_d0g0v0_EIP158...ok
   - randomStatetest429_d0g0v0_EIP150...ok
   - randomStatetest429_d0g0v0_EIP158...ok
   - mem0b_singleByte_d0g0v0_Frontier...ok
   - modexp_49_2401_2401_22000_d0g2v0_Byzantium...ok
   - mem0b_singleByte_d0g0v0_Homestead...ok
   - randomStatetest429_d0g0v0_Frontier...ok
   - modexp_49_2401_2401_22000_d0g2v0_EIP150...ok
   - randomStatetest429_d0g0v0_Homestead...ok
   - mem64kb+32_d0g0v0_Byzantium...ok
   - modexp_49_2401_2401_22000_d0g2v0_EIP158...ok
   - mem64kb+32_d0g0v0_EIP150...ok
   - randomStatetest414_d0g0v0_Byzantium...ok
   - modexp_49_2401_2401_22000_d0g2v0_Frontier...ok
   - mem64kb+32_d0g0v0_EIP158...ok
   - randomStatetest414_d0g0v0_EIP150...ok
   - randomStatetest414_d0g0v0_EIP158...ok
   - mem64kb+32_d0g0v0_Frontier...ok
   - modexp_49_2401_2401_22000_d0g2v0_Homestead...ok
   - randomStatetest414_d0g0v0_Frontier...ok
   - mem64kb+32_d0g0v0_Homestead...ok
   - randomStatetest414_d0g0v0_Homestead...ok
   - modexp_37120_37111_37111_22000_d0g0v0_Byzantium...ok
   - stackLimitPush31_1025_d0g0v0_Byzantium...ok
   - randomStatetest637_d0g0v0_Byzantium...ok
   - modexp_37120_37111_37111_22000_d0g0v0_EIP150...ok
   - stackLimitPush31_1025_d0g0v0_EIP150...ok
   - modexp_37120_37111_37111_22000_d0g0v0_EIP158...ok
   - randomStatetest637_d0g0v0_EIP150...ok
   - modexp_37120_37111_37111_22000_d0g0v0_Frontier...ok
   - stackLimitPush31_1025_d0g0v0_EIP158...ok
   - randomStatetest637_d0g0v0_EIP158...ok
   - randomStatetest637_d0g0v0_Frontier...ok
   - modexp_37120_37111_37111_22000_d0g0v0_Homestead...ok
   - stackLimitPush31_1025_d0g0v0_Frontier...ok
   - randomStatetest637_d0g0v0_Homestead...ok
   - stackLimitPush31_1025_d0g0v0_Homestead...ok
   - randomStatetest357_d0g0v0_Byzantium...ok
   - modexp_d29g0v0_Byzantium...ok
   - randomStatetest357_d0g0v0_EIP150...ok
   - modexp_d29g0v0_EIP150...ok
test json_tests::chain::block_tests::BlockchainTests_GeneralStateTest_stRecursiveCreate ... ok
ok
ok
   - randomStatetest357_d0g0v0_EIP158...   - mem64kb-1_d0g0v0_Byzantium...   - refund_getEtherBack_d0g0v0_Byzantium...ok
   - randomStatetest357_d0g0v0_Frontier...ok
   - refund_getEtherBack_d0g0v0_EIP150...ok
   - modexp_d29g0v0_EIP158...ok
   - mem64kb-1_d0g0v0_EIP150...ok
   - randomStatetest357_d0g0v0_Homestead...ok
   - modexp_d29g0v0_Frontier...ok
   - refund_getEtherBack_d0g0v0_EIP158...ok
   - mem64kb-1_d0g0v0_EIP158...ok
   - randomStatetest411_d0g0v0_Byzantium...ok
   - modexp_d29g0v0_Homestead...ok
   - refund_getEtherBack_d0g0v0_Frontier...ok
   - mem64kb-1_d0g0v0_Frontier...ok
   - randomStatetest411_d0g0v0_EIP150...ok
   - modexp_d24g0v0_Byzantium...ok
   - mem64kb-1_d0g0v0_Homestead...ok
   - refund_getEtherBack_d0g0v0_Homestead...ok
ok
   - modexp_d24g0v0_EIP150...   - randomStatetest411_d0g0v0_EIP158...ok
   - refund600_d0g0v0_Byzantium...ok
   - mem32kb+32_d0g0v0_Byzantium...ok
   - randomStatetest411_d0g0v0_Frontier...ok
   - modexp_d24g0v0_EIP158...ok
   - mem32kb+32_d0g0v0_EIP150...ok
   - refund600_d0g0v0_EIP150...ok
   - modexp_d24g0v0_Frontier...ok
   - mem32kb+32_d0g0v0_EIP158...ok
   - randomStatetest411_d0g0v0_Homestead...ok
   - refund600_d0g0v0_EIP158...ok
   - mem32kb+32_d0g0v0_Frontier...ok
   - modexp_d24g0v0_Homestead...ok
   - randomStatetest548_d0g0v0_Byzantium...ok
   - mem32kb+32_d0g0v0_Homestead...ok
   - refund600_d0g0v0_Frontier...ok
   - refund600_d0g0v0_Homestead...ok
   - CALLCODEEcrecoverH_prefixed0_d0g0v0_Byzantium...ok
ok
   - mem32kb_singleByte-33_d0g0v0_Byzantium...   - refund_TxToSuicide_d0g1v0_Byzantium...ok
   - randomStatetest548_d0g0v0_EIP150...ok
   - randomStatetest548_d0g0v0_EIP158...ok
   - CALLCODEEcrecoverH_prefixed0_d0g0v0_EIP150...ok
   - mem32kb_singleByte-33_d0g0v0_EIP150...ok
   - refund_TxToSuicide_d0g1v0_EIP150...ok
   - randomStatetest548_d0g0v0_Frontier...ok
   - randomStatetest548_d0g0v0_Homestead...ok
   - refund_TxToSuicide_d0g1v0_EIP158...ok
   - CALLCODEEcrecoverH_prefixed0_d0g0v0_EIP158...ok
   - mem32kb_singleByte-33_d0g0v0_EIP158...ok
   - CALLCODEEcrecoverH_prefixed0_d0g0v0_Frontier...ok
   - refund_TxToSuicide_d0g1v0_Frontier...ok
   - randomStatetest379_d0g0v0_Byzantium...ok
   - mem32kb_singleByte-33_d0g0v0_Frontier...ok
   - CALLCODEEcrecoverH_prefixed0_d0g0v0_Homestead...ok
   - mem32kb_singleByte-33_d0g0v0_Homestead...ok
   - refund_TxToSuicide_d0g1v0_Homestead...ok
   - randomStatetest379_d0g0v0_EIP150...ok
ok
   - mem31b_singleByte_d0g0v0_Byzantium...   - modexp_9_37111_37111_1000000_d0g1v0_Byzantium...ok
   - refundSuicide50procentCap_d1g0v0_Byzantium...ok
   - modexp_9_37111_37111_1000000_d0g1v0_EIP150...ok
   - randomStatetest379_d0g0v0_EIP158...ok
   - mem31b_singleByte_d0g0v0_EIP150...ok
   - refundSuicide50procentCap_d1g0v0_EIP150...ok
   - randomStatetest379_d0g0v0_Frontier...ok
   - modexp_9_37111_37111_1000000_d0g1v0_EIP158...ok
   - mem31b_singleByte_d0g0v0_EIP158...ok
   - refundSuicide50procentCap_d1g0v0_EIP158...ok
   - modexp_9_37111_37111_1000000_d0g1v0_Frontier...ok
   - randomStatetest379_d0g0v0_Homestead...ok
   - mem31b_singleByte_d0g0v0_Frontier...ok
   - refundSuicide50procentCap_d1g0v0_Frontier...ok
   - modexp_9_37111_37111_1000000_d0g1v0_Homestead...ok
   - randomStatetest587_d0g0v0_Byzantium...ok
   - mem31b_singleByte_d0g0v0_Homestead...ok
   - modexp_49_2401_2401_35000_d0g2v0_Byzantium...ok
   - refundSuicide50procentCap_d1g0v0_Homestead...ok
   - randomStatetest587_d0g0v0_EIP150...ok
   - mem32kb_singleByte-32_d0g0v0_Byzantium...ok
   - mem32kb_singleByte-32_d0g0v0_EIP150...ok
   - refund50_1_d0g0v0_Byzantium...ok
   - randomStatetest587_d0g0v0_EIP158...ok
   - modexp_49_2401_2401_35000_d0g2v0_EIP150...ok
   - randomStatetest587_d0g0v0_Frontier...ok
   - refund50_1_d0g0v0_EIP150...ok
   - mem32kb_singleByte-32_d0g0v0_EIP158...ok
   - refund50_1_d0g0v0_EIP158...ok
   - modexp_49_2401_2401_35000_d0g2v0_EIP158...ok
   - refund50_1_d0g0v0_Frontier...ok
   - randomStatetest587_d0g0v0_Homestead...ok
   - mem32kb_singleByte-32_d0g0v0_Frontier...ok
   - refund50_1_d0g0v0_Homestead...ok
   - modexp_49_2401_2401_35000_d0g2v0_Frontier...ok
   - mem32kb_singleByte-32_d0g0v0_Homestead...ok
   - refund_OOG_d0g0v0_Byzantium...ok
   - randomStatetest589_d0g0v0_Byzantium...ok
   - calldatacopy_dejavu_d0g0v0_Byzantium...ok
   - randomStatetest589_d0g0v0_EIP150...ok
   - modexp_49_2401_2401_35000_d0g2v0_Homestead...ok
   - calldatacopy_dejavu_d0g0v0_EIP150...ok
   - refund_OOG_d0g0v0_EIP150...ok
   - randomStatetest589_d0g0v0_EIP158...ok
   - modexp_37120_37111_1_35000_d0g2v0_Byzantium...ok
   - calldatacopy_dejavu_d0g0v0_EIP158...ok
   - refund_OOG_d0g0v0_EIP158...ok
   - randomStatetest589_d0g0v0_Frontier...ok
   - modexp_37120_37111_1_35000_d0g2v0_EIP150...ok
   - calldatacopy_dejavu_d0g0v0_Frontier...ok
   - refund_OOG_d0g0v0_Frontier...ok
   - refund_OOG_d0g0v0_Homestead...ok
   - randomStatetest589_d0g0v0_Homestead...ok
   - calldatacopy_dejavu_d0g0v0_Homestead...ok
   - modexp_37120_37111_1_35000_d0g2v0_EIP158...ok
   - randomStatetest477_d0g0v0_Byzantium...ok
   - refund_CallA_OOG_d0g0v0_Byzantium...ok
   - log2_dejavu_d0g0v0_Byzantium...ok
   - modexp_37120_37111_1_35000_d0g2v0_Frontier...ok
   - randomStatetest477_d0g0v0_EIP150...ok
   - log2_dejavu_d0g0v0_EIP150...ok
   - refund_CallA_OOG_d0g0v0_EIP150...ok
   - randomStatetest477_d0g0v0_EIP158...ok
   - modexp_37120_37111_1_35000_d0g2v0_Homestead...ok
   - log2_dejavu_d0g0v0_EIP158...ok
   - randomStatetest477_d0g0v0_Frontier...ok
   - refund_CallA_OOG_d0g0v0_EIP158...ok
   - CallEcrecoverV_prefixed0_d0g0v0_Byzantium...ok
   - log2_dejavu_d0g0v0_Frontier...ok
   - randomStatetest477_d0g0v0_Homestead...ok
   - log2_dejavu_d0g0v0_Homestead...ok
   - refund_CallA_OOG_d0g0v0_Frontier...ok
   - randomStatetest584_d0g0v0_Byzantium...ok
   - CallEcrecoverV_prefixed0_d0g0v0_EIP150...ok
   - mload16bitBound_d0g0v0_Byzantium...ok
   - CallEcrecoverV_prefixed0_d0g0v0_EIP158...ok
   - refund_CallA_OOG_d0g0v0_Homestead...ok
   - randomStatetest584_d0g0v0_EIP150...ok
   - mload16bitBound_d0g0v0_EIP150...ok
   - refund_CallToSuicideStorage_d1g0v0_Byzantium...ok
   - mload16bitBound_d0g0v0_EIP158...ok
   - CallEcrecoverV_prefixed0_d0g0v0_Frontier...ok
   - refund_CallToSuicideStorage_d1g0v0_EIP150...ok
   - randomStatetest584_d0g0v0_EIP158...ok
   - randomStatetest584_d0g0v0_Frontier...ok
   - mload16bitBound_d0g0v0_Frontier...ok
   - CallEcrecoverV_prefixed0_d0g0v0_Homestead...ok
   - refund_CallToSuicideStorage_d1g0v0_EIP158...ok
   - mload16bitBound_d0g0v0_Homestead...ok
   - randomStatetest584_d0g0v0_Homestead...ok
   - mstore_dejavu_d0g0v0_Byzantium...ok
   - modexp_0_3_100_155000_d0g0v0_Byzantium...ok
   - mstore_dejavu_d0g0v0_EIP150...ok
   - refund_CallToSuicideStorage_d1g0v0_Frontier...ok
   - randomStatetest458_d0g0v0_Byzantium...ok
   - mstore_dejavu_d0g0v0_EIP158...ok
   - modexp_0_3_100_155000_d0g0v0_EIP150...ok
   - refund_CallToSuicideStorage_d1g0v0_Homestead...ok
   - refund_TxToSuicideOOG_d0g0v0_Byzantium...ok
   - mstore_dejavu_d0g0v0_Frontier...ok
   - modexp_0_3_100_155000_d0g0v0_EIP158...ok
   - refund_TxToSuicideOOG_d0g0v0_EIP150...ok
   - randomStatetest458_d0g0v0_EIP150...ok
   - mstore_dejavu_d0g0v0_Homestead...ok
   - modexp_0_3_100_155000_d0g0v0_Frontier...ok
   - refund_TxToSuicideOOG_d0g0v0_EIP158...ok
   - mem32kb_singleByte-31_d0g0v0_Byzantium...ok
   - mem32kb_singleByte-31_d0g0v0_EIP150...ok
   - modexp_0_3_100_155000_d0g0v0_Homestead...ok
   - refund_TxToSuicideOOG_d0g0v0_Frontier...ok
   - modexp_1_0_1_155000_d0g1v0_Byzantium...ok
   - randomStatetest458_d0g0v0_EIP158...ok
   - mem32kb_singleByte-31_d0g0v0_EIP158...ok
   - refund_TxToSuicideOOG_d0g0v0_Homestead...ok
   - mem32kb_singleByte-31_d0g0v0_Frontier...ok
   - modexp_1_0_1_155000_d0g1v0_EIP150...ok
   - refund_CallToSuicideNoStorage_d0g0v0_Byzantium...ok
   - randomStatetest458_d0g0v0_Frontier...ok
   - refund_CallToSuicideNoStorage_d0g0v0_EIP150...ok
   - mem32kb_singleByte-31_d0g0v0_Homestead...ok
   - modexp_1_0_1_155000_d0g1v0_EIP158...ok
   - mem32kb_d0g0v0_Byzantium...ok
   - randomStatetest458_d0g0v0_Homestead...ok
   - modexp_1_0_1_155000_d0g1v0_Frontier...ok
   - refund_CallToSuicideNoStorage_d0g0v0_EIP158...ok
   - mem32kb_d0g0v0_EIP150...ok
   - randomStatetest465_d0g0v0_Byzantium...ok
   - modexp_1_0_1_155000_d0g1v0_Homestead...ok
   - refund_CallToSuicideNoStorage_d0g0v0_Frontier...ok
   - mem32kb_d0g0v0_EIP158...ok
   - refund_CallToSuicideNoStorage_d0g0v0_Homestead...ok
ok
   - randomStatetest465_d0g0v0_EIP150...   - modexp_3_5_100_22000_d0g0v0_Byzantium...ok
   - mem32kb_d0g0v0_Frontier...ok
   - randomStatetest465_d0g0v0_EIP158...ok
   - modexp_3_5_100_22000_d0g0v0_EIP150...ok
ok
   - mem32kb_d0g0v0_Homestead...   - refund_singleSuicide_d0g0v0_Byzantium...ok
   - mem64kb_singleByte-33_d0g0v0_Byzantium...ok
   - randomStatetest465_d0g0v0_Frontier...ok
   - refund_singleSuicide_d0g0v0_EIP150...ok
   - modexp_3_5_100_22000_d0g0v0_EIP158...ok
   - randomStatetest465_d0g0v0_Homestead...ok
   - mem64kb_singleByte-33_d0g0v0_EIP150...ok
ok
   - refund_singleSuicide_d0g0v0_EIP158...   - randomStatetest499_d0g0v0_Byzantium...ok
   - modexp_3_5_100_22000_d0g0v0_Frontier...ok
   - randomStatetest499_d0g0v0_EIP150...ok
   - mem64kb_singleByte-33_d0g0v0_EIP158...ok
   - refund_singleSuicide_d0g0v0_Frontier...ok
   - randomStatetest499_d0g0v0_EIP158...ok
   - modexp_3_5_100_22000_d0g0v0_Homestead...ok
   - mem64kb_singleByte-33_d0g0v0_Frontier...ok
   - randomStatetest499_d0g0v0_Frontier...ok
   - refund_singleSuicide_d0g0v0_Homestead...ok
   - modexp_0_1_0_155000_d0g2v0_Byzantium...ok
   - mem64kb_singleByte-33_d0g0v0_Homestead...ok
   - refund_CallToSuicideTwice_d1g0v0_Byzantium...ok
   - modexp_0_1_0_155000_d0g2v0_EIP150...ok
   - randomStatetest499_d0g0v0_Homestead...ok
   - modexp_0_1_0_155000_d0g2v0_EIP158...ok
   - codecopy_dejavu2_d0g0v0_Byzantium...ok
   - refund_CallToSuicideTwice_d1g0v0_EIP150...ok
   - codecopy_dejavu2_d0g0v0_EIP150...ok
   - modexp_0_1_0_155000_d0g2v0_Frontier...ok
   - randomStatetest488_d0g0v0_Byzantium...ok
   - refund_CallToSuicideTwice_d1g0v0_EIP158...ok
   - modexp_0_1_0_155000_d0g2v0_Homestead...ok
   - refund_CallToSuicideTwice_d1g0v0_Frontier...ok
ok
   - codecopy_dejavu2_d0g0v0_EIP158...   - modexp_d3g3v0_Byzantium...ok
   - randomStatetest488_d0g0v0_EIP150...ok
   - refund_CallToSuicideTwice_d1g0v0_Homestead...ok
   - codecopy_dejavu2_d0g0v0_Frontier...ok
   - randomStatetest488_d0g0v0_EIP158...ok
   - modexp_d3g3v0_EIP150...ok
   - modexp_d3g3v0_EIP158...ok
   - refund_NoOOG_1_d0g0v0_Byzantium...ok
   - randomStatetest488_d0g0v0_Frontier...ok
   - codecopy_dejavu2_d0g0v0_Homestead...ok
   - refund_NoOOG_1_d0g0v0_EIP150...ok
   - randomStatetest488_d0g0v0_Homestead...ok
   - modexp_d3g3v0_Frontier...ok
ok
   - refund_NoOOG_1_d0g0v0_EIP158...   - mem64kb_singleByte+1_d0g0v0_Byzantium...ok
   - mem64kb_singleByte+1_d0g0v0_EIP150...ok
   - refund_NoOOG_1_d0g0v0_Frontier...ok
   - modexp_d3g3v0_Homestead...ok
ok
   - mem64kb_singleByte+1_d0g0v0_EIP158...   - randomStatetest450_d0g0v0_Byzantium...ok
   - refund_NoOOG_1_d0g0v0_Homestead...ok
   - modexp_0_0_0_25000_d0g0v0_Byzantium...ok
   - randomStatetest450_d0g0v0_EIP150...ok
   - mem64kb_singleByte+1_d0g0v0_Frontier...ok
   - refund50percentCap_d0g0v0_Byzantium...ok
   - mem64kb_singleByte+1_d0g0v0_Homestead...ok
   - randomStatetest450_d0g0v0_EIP158...ok
   - modexp_0_0_0_25000_d0g0v0_EIP150...ok
   - refund50percentCap_d0g0v0_EIP150...ok
   - refund50percentCap_d0g0v0_EIP158...ok
   - randomStatetest450_d0g0v0_Frontier...ok
   - mem32b_singleByte_d0g0v0_Byzantium...ok
   - refund50percentCap_d0g0v0_Frontier...ok
   - modexp_0_0_0_25000_d0g0v0_EIP158...ok
   - randomStatetest450_d0g0v0_Homestead...ok
   - mem32b_singleByte_d0g0v0_EIP150...ok
   - refund50percentCap_d0g0v0_Homestead...ok
   - modexp_0_0_0_25000_d0g0v0_Frontier...ok
   - modexp_0_0_0_25000_d0g0v0_Homestead...ok
ok
   - randomStatetest507_d0g0v0_Byzantium...   - refund50_2_d0g0v0_Byzantium...ok
   - mem32b_singleByte_d0g0v0_EIP158...ok
   - modexp_d17g3v0_Byzantium...ok
   - mem32b_singleByte_d0g0v0_Frontier...ok
   - refund50_2_d0g0v0_EIP150...ok
   - randomStatetest507_d0g0v0_EIP150...ok
   - modexp_d17g3v0_EIP150...ok
   - randomStatetest507_d0g0v0_EIP158...ok
   - mem32b_singleByte_d0g0v0_Homestead...ok
   - refund50_2_d0g0v0_EIP158...ok
   - randomStatetest507_d0g0v0_Frontier...ok
   - refund50_2_d0g0v0_Frontier...ok
   - stackLimitGas_1023_d0g0v0_Byzantium...ok
   - randomStatetest507_d0g0v0_Homestead...ok
   - modexp_d17g3v0_EIP158...ok
   - stackLimitGas_1023_d0g0v0_EIP150...ok
   - refund50_2_d0g0v0_Homestead...ok
   - randomStatetest318_d0g0v0_Byzantium...ok
   - stackLimitGas_1023_d0g0v0_EIP158...ok
   - modexp_d17g3v0_Frontier...ok
   - refund_CallA_notEnoughGasInCall_d0g0v0_Byzantium...ok
   - randomStatetest318_d0g0v0_EIP150...ok
   - stackLimitGas_1023_d0g0v0_Frontier...ok
   - randomStatetest318_d0g0v0_EIP158...ok
   - modexp_d17g3v0_Homestead...ok
   - refund_CallA_notEnoughGasInCall_d0g0v0_EIP150...ok
   - randomStatetest318_d0g0v0_Frontier...ok
   - modexp_3_5_100_25000_d0g0v0_Byzantium...ok
   - stackLimitGas_1023_d0g0v0_Homestead...ok
   - randomStatetest318_d0g0v0_Homestead...ok
   - refund_CallA_notEnoughGasInCall_d0g0v0_EIP158...ok
   - modexp_3_5_100_25000_d0g0v0_EIP150...ok
   - modexp_3_5_100_25000_d0g0v0_EIP158...ok
   - refund_CallA_notEnoughGasInCall_d0g0v0_Frontier...ok
   - randomStatetest59_d0g0v0_Byzantium...ok
test json_tests::chain::block_tests::BlockchainTests_GeneralStateTest_stMemoryTest ... ok
   - returndatacopy_0_0_following_successful_create_d0g0v0_Byzantium...ok
   - randomStatetest59_d0g0v0_EIP150...ok
   - modexp_3_5_100_25000_d0g0v0_Frontier...ok
   - refund_CallA_notEnoughGasInCall_d0g0v0_Homestead...ok
   - returndatacopy_0_0_following_successful_create_d0g0v0_EIP150...ok
   - randomStatetest59_d0g0v0_EIP158...ok
   - returndatacopy_0_0_following_successful_create_d0g0v0_EIP158...ok
   - modexp_3_5_100_25000_d0g0v0_Homestead...ok
   - refundSuicide50procentCap_d0g0v0_Byzantium...ok
   - returndatacopy_0_0_following_successful_create_d0g0v0_Frontier...ok
ok
   - randomStatetest59_d0g0v0_Frontier...   - modexp_37120_37111_0_35000_d0g3v0_Byzantium...ok
   - refundSuicide50procentCap_d0g0v0_EIP150...ok
   - returndatacopy_0_0_following_successful_create_d0g0v0_Homestead...ok
   - modexp_37120_37111_0_35000_d0g3v0_EIP150...ok
   - modexp_37120_37111_0_35000_d0g3v0_EIP158...ok
   - randomStatetest59_d0g0v0_Homestead...ok
   - refundSuicide50procentCap_d0g0v0_EIP158...ok
   - modexp_37120_37111_0_35000_d0g3v0_Frontier...ok
   - returndatacopy_after_successful_delegatecall_d0g0v0_Byzantium...ok
   - refundSuicide50procentCap_d0g0v0_Frontier...ok
   - randomStatetest299_d0g0v0_Byzantium...ok
   - modexp_37120_37111_0_35000_d0g3v0_Homestead...ok
   - returndatacopy_after_successful_delegatecall_d0g0v0_EIP150...ok
   - refundSuicide50procentCap_d0g0v0_Homestead...ok
   - randomStatetest299_d0g0v0_EIP150...ok
   - returndatacopy_after_successful_delegatecall_d0g0v0_EIP158...ok
   - modexp_39936_1_55201_35000_d0g2v0_Byzantium...ok
   - refund_CallA_d0g0v0_Byzantium...ok
   - returndatacopy_after_successful_delegatecall_d0g0v0_Frontier...ok
   - modexp_39936_1_55201_35000_d0g2v0_EIP150...ok
   - randomStatetest299_d0g0v0_EIP158...ok
   - refund_CallA_d0g0v0_EIP150...ok
   - modexp_39936_1_55201_35000_d0g2v0_EIP158...ok
   - returndatacopy_after_successful_delegatecall_d0g0v0_Homestead...ok
   - randomStatetest299_d0g0v0_Frontier...ok
   - refund_CallA_d0g0v0_EIP158...ok
   - refund_CallA_d0g0v0_Frontier...ok
   - returndatasize_after_failing_callcode_d0g0v0_Byzantium...ok
   - modexp_39936_1_55201_35000_d0g2v0_Frontier...ok
   - randomStatetest299_d0g0v0_Homestead...ok
   - returndatasize_after_failing_callcode_d0g0v0_EIP150...ok
   - randomStatetest43_d0g0v0_Byzantium...ok
   - modexp_39936_1_55201_35000_d0g2v0_Homestead...ok
   - refund_CallA_d0g0v0_Homestead...ok
   - returndatasize_after_failing_callcode_d0g0v0_EIP158...ok
   - randomStatetest43_d0g0v0_EIP150...ok
   - refund_CallToSuicideNoStorage_d1g0v0_Byzantium...ok
   - modexp_d24g3v0_Byzantium...ok
   - returndatasize_after_failing_callcode_d0g0v0_Frontier...ok
   - randomStatetest43_d0g0v0_EIP158...ok
   - refund_CallToSuicideNoStorage_d1g0v0_EIP150...ok
   - randomStatetest43_d0g0v0_Frontier...ok
   - modexp_d24g3v0_EIP150...ok
   - returndatasize_after_failing_callcode_d0g0v0_Homestead...ok
   - randomStatetest43_d0g0v0_Homestead...ok
   - refund_CallToSuicideNoStorage_d1g0v0_EIP158...ok
   - modexp_d24g3v0_EIP158...ok
   - returndatacopy_after_successful_callcode_d0g0v0_Byzantium...ok
   - randomStatetest340_d0g0v0_Byzantium...ok
   - refund_CallToSuicideNoStorage_d1g0v0_Frontier...ok
   - returndatacopy_after_successful_callcode_d0g0v0_EIP150...ok
   - randomStatetest340_d0g0v0_EIP150...ok
   - modexp_d24g3v0_Frontier...ok
   - refund_CallToSuicideNoStorage_d1g0v0_Homestead...ok
ok
   - returndatacopy_after_successful_callcode_d0g0v0_EIP158...   - refund_CallToSuicideStorage_d0g0v0_Byzantium...ok
   - modexp_d24g3v0_Homestead...ok
   - randomStatetest340_d0g0v0_EIP158...ok
   - modexp_d34g3v0_Byzantium...ok
   - refund_CallToSuicideStorage_d0g0v0_EIP150...ok
   - randomStatetest340_d0g0v0_Frontier...ok
   - modexp_d34g3v0_EIP150...ok
   - returndatacopy_after_successful_callcode_d0g0v0_Frontier...ok
   - randomStatetest340_d0g0v0_Homestead...ok
   - refund_CallToSuicideStorage_d0g0v0_EIP158...ok
   - returndatacopy_after_successful_callcode_d0g0v0_Homestead...ok
   - modexp_d34g3v0_EIP158...ok
   - call_outsize_then_create_successful_then_returndatasize_d0g0v0_Byzantium...ok
   - refund_CallToSuicideStorage_d0g0v0_Frontier...ok
   - randomStatetest1_d0g0v0_Byzantium...ok
   - modexp_d34g3v0_Frontier...ok
   - call_outsize_then_create_successful_then_returndatasize_d0g0v0_EIP150...ok
   - call_outsize_then_create_successful_then_returndatasize_d0g0v0_EIP158...ok
   - refund_CallToSuicideStorage_d0g0v0_Homestead...ok
   - randomStatetest1_d0g0v0_EIP150...ok
   - call_outsize_then_create_successful_then_returndatasize_d0g0v0_Frontier...ok
   - modexp_d34g3v0_Homestead...ok
   - randomStatetest1_d0g0v0_EIP158...ok
   - call_outsize_then_create_successful_then_returndatasize_d0g0v0_Homestead...ok
   - randomStatetest1_d0g0v0_Frontier...ok
ok
   - modexp_d21g3v0_Byzantium...   - refund_changeNonZeroStorage_d0g0v0_Byzantium...ok
   - randomStatetest1_d0g0v0_Homestead...ok
   - call_then_create_successful_then_returndatasize_d0g0v0_Byzantium...ok
   - modexp_d21g3v0_EIP150...ok
   - randomStatetest301_d0g0v0_Byzantium...ok
   - refund_changeNonZeroStorage_d0g0v0_EIP150...ok
   - call_then_create_successful_then_returndatasize_d0g0v0_EIP150...ok
   - randomStatetest301_d0g0v0_EIP150...ok
   - refund_changeNonZeroStorage_d0g0v0_EIP158...ok
   - modexp_d21g3v0_EIP158...ok
   - call_then_create_successful_then_returndatasize_d0g0v0_EIP158...ok
   - randomStatetest301_d0g0v0_EIP158...ok
   - refund_changeNonZeroStorage_d0g0v0_Frontier...ok
   - modexp_d21g3v0_Frontier...ok
   - call_then_create_successful_then_returndatasize_d0g0v0_Frontier...ok
   - refund_changeNonZeroStorage_d0g0v0_Homestead...ok
   - randomStatetest301_d0g0v0_Frontier...ok
   - call_then_create_successful_then_returndatasize_d0g0v0_Homestead...ok
   - modexp_d21g3v0_Homestead...ok
   - randomStatetest301_d0g0v0_Homestead...ok
   - returndatacopy_after_successful_staticcall_d0g0v0_Byzantium...ok
   - refund_TxToSuicide_d0g0v0_Byzantium...ok
   - modexp_d29g3v0_Byzantium...ok
   - returndatacopy_after_successful_staticcall_d0g0v0_EIP150...ok
   - randomStatetest171_d0g0v0_Byzantium...ok
   - modexp_d29g3v0_EIP150...ok
   - refund_TxToSuicide_d0g0v0_EIP150...ok
   - modexp_d29g3v0_EIP158...ok
   - returndatacopy_after_successful_staticcall_d0g0v0_EIP158...ok
   - randomStatetest171_d0g0v0_EIP150...ok
   - refund_TxToSuicide_d0g0v0_EIP158...ok
   - returndatacopy_after_successful_staticcall_d0g0v0_Frontier...ok
   - modexp_d29g3v0_Frontier...ok
   - refund_TxToSuicide_d0g0v0_Frontier...ok
   - randomStatetest171_d0g0v0_EIP158...ok
   - returndatacopy_after_successful_staticcall_d0g0v0_Homestead...ok
   - randomStatetest171_d0g0v0_Frontier...ok
   - refund_TxToSuicide_d0g0v0_Homestead...ok
   - modexp_d29g3v0_Homestead...ok
   - returndatasize_after_failing_delegatecall_d0g0v0_Byzantium...ok
   - refund_multimpleSuicide_d0g0v0_Byzantium...ok
   - CallSha256_4_gas99_d0g0v0_Byzantium...ok
   - randomStatetest171_d0g0v0_Homestead...ok
   - returndatasize_after_failing_delegatecall_d0g0v0_EIP150...ok
   - refund_multimpleSuicide_d0g0v0_EIP150...ok
   - CallSha256_4_gas99_d0g0v0_EIP150...ok
   - returndatasize_after_failing_delegatecall_d0g0v0_EIP158...ok
   - randomStatetest220_d0g0v0_Byzantium...ok
   - CallSha256_4_gas99_d0g0v0_EIP158...ok
   - refund_multimpleSuicide_d0g0v0_EIP158...ok
   - returndatasize_after_failing_delegatecall_d0g0v0_Frontier...ok
   - randomStatetest220_d0g0v0_EIP150...ok
   - refund_multimpleSuicide_d0g0v0_Frontier...ok
   - CallSha256_4_gas99_d0g0v0_Frontier...ok
   - returndatasize_after_failing_delegatecall_d0g0v0_Homestead...ok
   - randomStatetest220_d0g0v0_EIP158...ok
   - CallSha256_4_gas99_d0g0v0_Homestead...ok
   - refund_multimpleSuicide_d0g0v0_Homestead...ok
   - returndatacopy_initial_big_sum_d0g0v0_Byzantium...ok
   - modexp_37120_37111_37111_20500_d0g0v0_Byzantium...ok
   - modexp_37120_37111_37111_20500_d0g0v0_EIP150...ok
   - returndatacopy_initial_big_sum_d0g0v0_EIP150...ok
   - randomStatetest220_d0g0v0_Frontier...ok
   - refund_CallToSuicideTwice_d0g0v0_Byzantium...ok
   - modexp_37120_37111_37111_20500_d0g0v0_EIP158...ok
   - randomStatetest220_d0g0v0_Homestead...ok
   - returndatacopy_initial_big_sum_d0g0v0_EIP158...ok
   - refund_CallToSuicideTwice_d0g0v0_EIP150...ok
   - returndatacopy_initial_big_sum_d0g0v0_Frontier...ok
   - randomStatetest524_d0g0v0_Byzantium...ok
   - modexp_37120_37111_37111_20500_d0g0v0_Frontier...ok
   - refund_CallToSuicideTwice_d0g0v0_EIP158...ok
   - modexp_37120_37111_37111_20500_d0g0v0_Homestead...ok
   - randomStatetest524_d0g0v0_EIP150...ok
   - returndatacopy_initial_big_sum_d0g0v0_Homestead...ok
   - refund_CallToSuicideTwice_d0g0v0_Frontier...ok
   - modexp_55190_55190_42965_155000_d0g3v0_Byzantium...ok
   - refund_CallToSuicideTwice_d0g0v0_Homestead...ok
   - randomStatetest524_d0g0v0_EIP158...ok
   - modexp_55190_55190_42965_155000_d0g3v0_EIP150...ok
   - returndatacopy_after_failing_delegatecall_d0g0v0_Byzantium...ok
test json_tests::chain::block_tests::BlockchainTests_GeneralStateTest_stRefundTest ... ok
   - RevertSubCallStorageOOG_d0g0v1_Byzantium...ok
   - modexp_55190_55190_42965_155000_d0g3v0_EIP158...ok
   - randomStatetest524_d0g0v0_Frontier...ok
   - modexp_55190_55190_42965_155000_d0g3v0_Frontier...ok
   - returndatacopy_after_failing_delegatecall_d0g0v0_EIP150...ok
   - RevertSubCallStorageOOG_d0g0v1_EIP150...ok
   - modexp_55190_55190_42965_155000_d0g3v0_Homestead...ok
   - returndatacopy_after_failing_delegatecall_d0g0v0_EIP158...ok
   - RevertSubCallStorageOOG_d0g0v1_EIP158...ok
   - randomStatetest524_d0g0v0_Homestead...ok
   - modexp_d13g3v0_Byzantium...ok
   - randomStatetest435_d0g0v0_Byzantium...ok
   - RevertSubCallStorageOOG_d0g0v1_Frontier...ok
   - modexp_d13g3v0_EIP150...ok
   - returndatacopy_after_failing_delegatecall_d0g0v0_Frontier...ok
   - randomStatetest435_d0g0v0_EIP150...ok
   - modexp_d13g3v0_EIP158...ok
   - returndatacopy_after_failing_delegatecall_d0g0v0_Homestead...ok
   - RevertSubCallStorageOOG_d0g0v1_Homestead...ok
   - modexp_d13g3v0_Frontier...ok
   - randomStatetest435_d0g0v0_EIP158...ok
   - modexp_d13g3v0_Homestead...ok
   - randomStatetest435_d0g0v0_Frontier...ok
   - RevertDepthCreateOOG_d0g0v1_Byzantium...ok
ok
   - returndatacopy_following_failing_call_d0g0v0_Byzantium...   - modexp_49_2401_2401_25000_d0g1v0_Byzantium...ok
   - randomStatetest435_d0g0v0_Homestead...ok
   - RevertDepthCreateOOG_d0g0v1_EIP150...ok
   - randomStatetest582_d0g0v0_Byzantium...ok
   - RevertDepthCreateOOG_d0g0v1_EIP158...ok
   - modexp_49_2401_2401_25000_d0g1v0_EIP150...ok
   - returndatacopy_following_failing_call_d0g0v0_EIP150...ok
   - randomStatetest582_d0g0v0_EIP150...ok
   - returndatacopy_following_failing_call_d0g0v0_EIP158...ok
   - RevertDepthCreateOOG_d0g0v1_Frontier...ok
   - modexp_49_2401_2401_25000_d0g1v0_EIP158...ok
   - returndatacopy_following_failing_call_d0g0v0_Frontier...ok
   - randomStatetest582_d0g0v0_EIP158...ok
   - RevertDepthCreateOOG_d0g0v1_Homestead...ok
   - returndatacopy_following_failing_call_d0g0v0_Homestead...ok
   - modexp_49_2401_2401_25000_d0g1v0_Frontier...ok
   - returndatacopy_following_revert_d0g0v0_Byzantium...ok
   - randomStatetest582_d0g0v0_Frontier...ok
   - RevertOpcodeInCallsOnNonEmptyReturnData_d2g1v0_Byzantium...ok
   - returndatacopy_following_revert_d0g0v0_EIP150...ok
   - randomStatetest582_d0g0v0_Homestead...ok
   - modexp_49_2401_2401_25000_d0g1v0_Homestead...ok
   - RevertOpcodeInCallsOnNonEmptyReturnData_d2g1v0_EIP150...ok
   - randomStatetest389_d0g0v0_Byzantium...ok
   - returndatacopy_following_revert_d0g0v0_EIP158...ok
   - modexp_d29g1v0_Byzantium...ok
   - RevertOpcodeInCallsOnNonEmptyReturnData_d2g1v0_EIP158...ok
   - returndatacopy_following_revert_d0g0v0_Frontier...ok
   - randomStatetest389_d0g0v0_EIP150...ok
   - RevertOpcodeInCallsOnNonEmptyReturnData_d2g1v0_Frontier...ok
   - modexp_d29g1v0_EIP150...ok
   - randomStatetest389_d0g0v0_EIP158...ok
   - returndatacopy_following_revert_d0g0v0_Homestead...ok
   - RevertOpcodeInCallsOnNonEmptyReturnData_d2g1v0_Homestead...ok
   - modexp_d29g1v0_EIP158...ok
   - returndatacopy_initial_d0g0v0_Byzantium...ok
   - randomStatetest389_d0g0v0_Frontier...ok
   - modexp_d29g1v0_Frontier...ok
   - RevertOpcodeReturn_d2g0v0_Byzantium...ok
   - returndatacopy_initial_d0g0v0_EIP150...ok
   - RevertOpcodeReturn_d2g0v0_EIP150...ok
   - modexp_d29g1v0_Homestead...ok
   - randomStatetest389_d0g0v0_Homestead...ok
   - RevertOpcodeReturn_d2g0v0_EIP158...ok
ok
   - randomStatetest54_d0g0v0_Byzantium...   - modexp_0_3_100_22000_d0g0v0_Byzantium...ok
   - returndatacopy_initial_d0g0v0_EIP158...ok
   - RevertOpcodeReturn_d2g0v0_Frontier...ok
   - modexp_0_3_100_22000_d0g0v0_EIP150...ok
   - returndatacopy_initial_d0g0v0_Frontier...ok
   - randomStatetest54_d0g0v0_EIP150...ok
   - modexp_0_3_100_22000_d0g0v0_EIP158...ok
   - RevertOpcodeReturn_d2g0v0_Homestead...ok
   - returndatacopy_initial_d0g0v0_Homestead...ok
   - returndatasize_after_successful_callcode_d0g0v0_Byzantium...ok
   - RevertPrecompiledTouchCC_d0g0v0_Byzantium...ok
   - modexp_0_3_100_22000_d0g0v0_Frontier...ok
   - randomStatetest54_d0g0v0_EIP158...ok
   - returndatasize_after_successful_callcode_d0g0v0_EIP150...ok
   - randomStatetest54_d0g0v0_Frontier...ok
   - modexp_0_3_100_22000_d0g0v0_Homestead...ok
   - returndatasize_after_successful_callcode_d0g0v0_EIP158...ok
   - RevertPrecompiledTouchCC_d0g0v0_EIP150...ok
   - CallIdentity_4_d0g0v0_Byzantium...ok
   - RevertPrecompiledTouchCC_d0g0v0_EIP158...ok
   - randomStatetest54_d0g0v0_Homestead...ok
   - returndatasize_after_successful_callcode_d0g0v0_Frontier...ok
   - CallIdentity_4_d0g0v0_EIP150...ok
   - randomStatetest251_d0g0v0_Byzantium...ok
   - RevertPrecompiledTouchCC_d0g0v0_Frontier...ok
   - returndatasize_after_successful_callcode_d0g0v0_Homestead...ok
   - CallIdentity_4_d0g0v0_EIP158...ok
   - randomStatetest251_d0g0v0_EIP150...ok
   - CallIdentity_4_d0g0v0_Frontier...ok
   - RevertPrecompiledTouchCC_d0g0v0_Homestead...ok
   - returndatasize_initial_zero_read_d0g0v0_Byzantium...ok
   - randomStatetest251_d0g0v0_EIP158...ok
   - CallIdentity_4_d0g0v0_Homestead...ok
   - randomStatetest251_d0g0v0_Frontier...ok
   - returndatasize_initial_zero_read_d0g0v0_EIP150...ok
   - RevertSubCallStorageOOG2_d0g1v0_Byzantium...ok
   - randomStatetest251_d0g0v0_Homestead...ok
   - modexp_1_0_1_20500_d0g1v0_Byzantium...ok
   - randomStatetest405_d0g0v0_Byzantium...ok
   - RevertSubCallStorageOOG2_d0g1v0_EIP150...ok
   - returndatasize_initial_zero_read_d0g0v0_EIP158...ok
   - modexp_1_0_1_20500_d0g1v0_EIP150...ok
   - returndatasize_initial_zero_read_d0g0v0_Frontier...ok
   - randomStatetest405_d0g0v0_EIP150...ok
   - RevertSubCallStorageOOG2_d0g1v0_EIP158...ok
   - modexp_1_0_1_20500_d0g1v0_EIP158...ok
   - returndatasize_initial_zero_read_d0g0v0_Homestead...ok
   - randomStatetest405_d0g0v0_EIP158...ok
   - RevertSubCallStorageOOG2_d0g1v0_Frontier...ok
   - modexp_1_0_1_20500_d0g1v0_Frontier...ok
   - returndatacopy_following_create_d0g0v0_Byzantium...ok
   - randomStatetest405_d0g0v0_Frontier...ok
   - RevertSubCallStorageOOG2_d0g1v0_Homestead...ok
   - modexp_1_0_1_20500_d0g1v0_Homestead...ok
   - randomStatetest405_d0g0v0_Homestead...ok
ok
   - returndatacopy_following_create_d0g0v0_EIP150...   - RevertDepthCreateAddressCollision_d1g1v0_Byzantium...ok
   - modexp_1_0_1_25000_d0g2v0_Byzantium...ok
   - returndatacopy_following_create_d0g0v0_EIP158...ok
   - modexp_1_0_1_25000_d0g2v0_EIP150...ok
   - RevertDepthCreateAddressCollision_d1g1v0_EIP150...ok
   - randomStatetest615_d0g0v0_Byzantium...ok
   - returndatacopy_following_create_d0g0v0_Frontier...ok
   - randomStatetest615_d0g0v0_EIP150...ok
   - returndatacopy_following_create_d0g0v0_Homestead...ok
   - modexp_1_0_1_25000_d0g2v0_EIP158...ok
   - RevertDepthCreateAddressCollision_d1g1v0_EIP158...ok
   - RevertDepthCreateAddressCollision_d1g1v0_Frontier...ok
   - returndatacopy_initial_256_d2g0v0_Byzantium...ok
   - randomStatetest615_d0g0v0_EIP158...ok
   - modexp_1_0_1_25000_d0g2v0_Frontier...ok
   - RevertDepthCreateAddressCollision_d1g1v0_Homestead...ok
   - returndatacopy_initial_256_d2g0v0_EIP150...ok
   - RevertDepthCreateOOG_d1g1v1_Byzantium...ok
   - returndatacopy_initial_256_d2g0v0_EIP158...ok
   - modexp_1_0_1_25000_d0g2v0_Homestead...ok
   - randomStatetest615_d0g0v0_Frontier...ok
   - returndatacopy_initial_256_d2g0v0_Frontier...ok
   - RevertDepthCreateOOG_d1g1v1_EIP150...ok
ok
   - randomStatetest615_d0g0v0_Homestead...   - modexp_0_0_0_1000000_d0g0v0_Byzantium...ok
   - RevertDepthCreateOOG_d1g1v1_EIP158...ok
   - returndatacopy_initial_256_d2g0v0_Homestead...ok
   - modexp_0_0_0_1000000_d0g0v0_EIP150...ok
   - returndatacopy_initial_256_d0g0v0_Byzantium...ok
ok
   - RevertDepthCreateOOG_d1g1v1_Frontier...   - randomStatetest460_d0g0v0_Byzantium...ok
   - modexp_0_0_0_1000000_d0g0v0_EIP158...ok
   - returndatacopy_initial_256_d0g0v0_EIP150...ok
   - randomStatetest460_d0g0v0_EIP150...ok
   - RevertDepthCreateOOG_d1g1v1_Homestead...ok
   - modexp_0_0_0_1000000_d0g0v0_Frontier...ok
   - returndatacopy_initial_256_d0g0v0_EIP158...ok
   - RevertOpcode_d0g1v0_Byzantium...ok
   - randomStatetest460_d0g0v0_EIP158...ok
   - returndatacopy_initial_256_d0g0v0_Frontier...ok
   - RevertOpcode_d0g1v0_EIP150...ok
   - randomStatetest460_d0g0v0_Frontier...ok
   - modexp_0_0_0_1000000_d0g0v0_Homestead...ok
   - randomStatetest460_d0g0v0_Homestead...ok
   - RevertOpcode_d0g1v0_EIP158...ok
   - CALLCODERipemd160_3_prefixed0_d0g0v0_Byzantium...ok
   - randomStatetest333_d0g0v0_Byzantium...ok
   - returndatacopy_initial_256_d0g0v0_Homestead...ok
   - RevertOpcode_d0g1v0_Frontier...ok
   - returndatacopy_following_call_d0g0v0_Byzantium...ok
   - CALLCODERipemd160_3_prefixed0_d0g0v0_EIP150...ok
   - randomStatetest333_d0g0v0_EIP150...ok
   - returndatacopy_following_call_d0g0v0_EIP150...ok
   - CALLCODERipemd160_3_prefixed0_d0g0v0_EIP158...ok
   - RevertOpcode_d0g1v0_Homestead...ok
   - randomStatetest333_d0g0v0_EIP158...ok
   - returndatacopy_following_call_d0g0v0_EIP158...ok
   - RevertDepthCreateOOG_d1g0v1_Byzantium...ok
   - CALLCODERipemd160_3_prefixed0_d0g0v0_Frontier...ok
   - randomStatetest333_d0g0v0_Frontier...ok
   - RevertDepthCreateOOG_d1g0v1_EIP150...ok
   - CALLCODERipemd160_3_prefixed0_d0g0v0_Homestead...ok
   - randomStatetest333_d0g0v0_Homestead...ok
   - returndatacopy_following_call_d0g0v0_Frontier...ok
   - modexp_37120_37111_1_35000_d0g1v0_Byzantium...ok
   - RevertDepthCreateOOG_d1g0v1_EIP158...ok
   - returndatacopy_following_call_d0g0v0_Homestead...ok
ok
   - create_callprecompile_returndatasize_d0g0v0_Byzantium...   - randomStatetest163_d0g0v0_Byzantium...ok
   - RevertDepthCreateOOG_d1g0v1_Frontier...ok
   - create_callprecompile_returndatasize_d0g0v0_EIP150...ok
   - modexp_37120_37111_1_35000_d0g1v0_EIP150...ok
   - create_callprecompile_returndatasize_d0g0v0_EIP158...ok
   - modexp_37120_37111_1_35000_d0g1v0_EIP158...ok
   - RevertDepthCreateOOG_d1g0v1_Homestead...ok
   - create_callprecompile_returndatasize_d0g0v0_Frontier...ok
   - modexp_37120_37111_1_35000_d0g1v0_Frontier...ok
   - create_callprecompile_returndatasize_d0g0v0_Homestead...ok
   - NashatyrevSuicideRevert_d0g0v0_Byzantium...ok
   - modexp_37120_37111_1_35000_d0g1v0_Homestead...ok
   - NashatyrevSuicideRevert_d0g0v0_EIP150...ok
   - returndatacopy_initial_256_d1g0v0_Byzantium...ok
   - NashatyrevSuicideRevert_d0g0v0_EIP158...ok
   - randomStatetest163_d0g0v0_EIP150...ok
   - returndatacopy_initial_256_d1g0v0_EIP150...ok
   - modexp_0_1_0_25000_d0g0v0_Byzantium...ok
   - NashatyrevSuicideRevert_d0g0v0_Frontier...ok
   - returndatacopy_initial_256_d1g0v0_EIP158...ok
   - returndatacopy_initial_256_d1g0v0_Frontier...ok
   - modexp_0_1_0_25000_d0g0v0_EIP150...ok
   - returndatacopy_initial_256_d1g0v0_Homestead...ok
   - NashatyrevSuicideRevert_d0g0v0_Homestead...ok
   - modexp_0_1_0_25000_d0g0v0_EIP158...ok
   - returndatasize_following_successful_create_d0g0v0_Byzantium...ok
   - RevertOpcodeMultipleSubCalls_d1g1v0_Byzantium...ok
   - modexp_0_1_0_25000_d0g0v0_Frontier...ok
   - returndatasize_following_successful_create_d0g0v0_EIP150...ok
   - RevertOpcodeMultipleSubCalls_d1g1v0_EIP150...ok
   - randomStatetest163_d0g0v0_EIP158...ok
   - modexp_0_1_0_25000_d0g0v0_Homestead...ok
   - returndatasize_following_successful_create_d0g0v0_EIP158...ok
   - RevertOpcodeMultipleSubCalls_d1g1v0_EIP158...ok
   - returndatasize_following_successful_create_d0g0v0_Frontier...ok
   - modexp_3_5_100_35000_d0g1v0_Byzantium...ok
   - returndatasize_following_successful_create_d0g0v0_Homestead...ok
   - RevertOpcodeMultipleSubCalls_d1g1v0_Frontier...ok
   - modexp_3_5_100_35000_d0g1v0_EIP150...ok
   - modexp_3_5_100_35000_d0g1v0_EIP158...ok
   - returndatasize_initial_zero_read_d1g0v0_Byzantium...ok
   - RevertOpcodeMultipleSubCalls_d1g1v0_Homestead...ok
   - returndatasize_initial_zero_read_d1g0v0_EIP150...ok
   - modexp_3_5_100_35000_d0g1v0_Frontier...ok
   - RevertDepthCreateAddressCollision_d0g1v0_Byzantium...ok
   - returndatasize_initial_zero_read_d1g0v0_EIP158...ok
   - randomStatetest163_d0g0v0_Frontier...ok
   - modexp_3_5_100_35000_d0g1v0_Homestead...ok
   - returndatasize_initial_zero_read_d1g0v0_Frontier...ok
   - RevertDepthCreateAddressCollision_d0g1v0_EIP150...ok
   - returndatasize_initial_zero_read_d1g0v0_Homestead...ok
   - modexp_3_5_100_155000_d0g3v0_Byzantium...ok
   - modexp_3_5_100_155000_d0g3v0_EIP150...ok
   - returndatacopy_after_failing_callcode_d0g0v0_Byzantium...ok
   - RevertDepthCreateAddressCollision_d0g1v0_EIP158...ok
   - modexp_3_5_100_155000_d0g3v0_EIP158...ok
   - returndatacopy_after_failing_callcode_d0g0v0_EIP150...ok
   - RevertDepthCreateAddressCollision_d0g1v0_Frontier...ok
   - modexp_3_5_100_155000_d0g3v0_Frontier...ok
   - randomStatetest163_d0g0v0_Homestead...ok
   - returndatacopy_after_failing_callcode_d0g0v0_EIP158...ok
   - modexp_3_5_100_155000_d0g3v0_Homestead...ok
   - RevertDepthCreateAddressCollision_d0g1v0_Homestead...ok
   - modexp_37120_37111_0_155000_d0g2v0_Byzantium...ok
   - returndatacopy_after_failing_callcode_d0g0v0_Frontier...ok
   - modexp_37120_37111_0_155000_d0g2v0_EIP150...ok
   - returndatacopy_after_failing_callcode_d0g0v0_Homestead...ok
   - RevertOpcode_d0g0v1_Byzantium...ok
   - returndatacopy_after_failing_staticcall_d0g0v0_Byzantium...ok
   - modexp_37120_37111_0_155000_d0g2v0_EIP158...ok
   - returndatacopy_after_failing_staticcall_d0g0v0_EIP150...ok
   - RevertOpcode_d0g0v1_EIP150...ok
   - returndatacopy_after_failing_staticcall_d0g0v0_EIP158...ok
ok
   - RevertOpcode_d0g0v1_EIP158...ok
   - modexp_37120_37111_0_155000_d0g2v0_Frontier...   - randomStatetest455_d0g0v0_Byzantium...ok
   - returndatacopy_after_failing_staticcall_d0g0v0_Frontier...ok
   - returndatacopy_after_failing_staticcall_d0g0v0_Homestead...ok
   - modexp_37120_37111_0_155000_d0g2v0_Homestead...ok
   - RevertOpcode_d0g0v1_Frontier...ok
   - randomStatetest455_d0g0v0_EIP150...ok
   - returndatacopy_following_too_big_transfer_d0g0v0_Byzantium...ok
   - RevertOpcode_d0g0v1_Homestead...ok
   - CALLCODEIdentity_4_d0g0v0_Byzantium...ok
   - randomStatetest455_d0g0v0_EIP158...ok
   - returndatacopy_following_too_big_transfer_d0g0v0_EIP150...ok
   - RevertDepthCreateAddressCollision_d1g1v1_Byzantium...ok
   - CALLCODEIdentity_4_d0g0v0_EIP150...ok
   - returndatacopy_following_too_big_transfer_d0g0v0_EIP158...ok
   - CALLCODEIdentity_4_d0g0v0_EIP158...ok
   - randomStatetest455_d0g0v0_Frontier...ok
   - randomStatetest455_d0g0v0_Homestead...ok
   - RevertDepthCreateAddressCollision_d1g1v1_EIP150...ok
   - CALLCODEIdentity_4_d0g0v0_Frontier...ok
   - RevertDepthCreateAddressCollision_d1g1v1_EIP158...ok
   - returndatacopy_following_too_big_transfer_d0g0v0_Frontier...ok
   - randomStatetest481_d0g0v0_Byzantium...ok
   - CALLCODEIdentity_4_d0g0v0_Homestead...ok
   - returndatacopy_following_too_big_transfer_d0g0v0_Homestead...ok
   - RevertDepthCreateAddressCollision_d1g1v1_Frontier...ok
   - randomStatetest481_d0g0v0_EIP150...ok
   - RevertDepthCreateAddressCollision_d1g1v1_Homestead...ok
   - returndatacopy_overrun_d0g0v0_Byzantium...ok
   - modexp_37120_37111_97_25000_d0g2v0_Byzantium...ok
   - RevertOpcodeMultipleSubCalls_d3g0v0_Byzantium...ok
   - randomStatetest481_d0g0v0_EIP158...ok
   - returndatacopy_overrun_d0g0v0_EIP150...ok
   - RevertOpcodeMultipleSubCalls_d3g0v0_EIP150...ok
   - modexp_37120_37111_97_25000_d0g2v0_EIP150...ok
   - randomStatetest481_d0g0v0_Frontier...ok
   - RevertOpcodeMultipleSubCalls_d3g0v0_EIP158...ok
   - returndatacopy_overrun_d0g0v0_EIP158...ok
   - modexp_37120_37111_97_25000_d0g2v0_EIP158...ok
   - randomStatetest481_d0g0v0_Homestead...ok
   - RevertOpcodeMultipleSubCalls_d3g0v0_Frontier...ok
   - modexp_37120_37111_97_25000_d0g2v0_Frontier...ok
   - randomStatetest356_d0g0v0_Byzantium...ok
   - returndatacopy_overrun_d0g0v0_Frontier...ok
   - RevertOpcodeMultipleSubCalls_d3g0v0_Homestead...ok
   - modexp_37120_37111_97_25000_d0g2v0_Homestead...ok
   - randomStatetest356_d0g0v0_EIP150...ok
   - returndatacopy_overrun_d0g0v0_Homestead...ok
   - modexp_37120_37111_1_1000000_d0g1v0_Byzantium...ok
   - returndatasize_after_successful_delegatecall_d0g0v0_Byzantium...ok
   - RevertDepthCreateAddressCollision_d0g1v1_Byzantium...ok
   - modexp_37120_37111_1_1000000_d0g1v0_EIP150...ok
   - randomStatetest356_d0g0v0_EIP158...ok
   - returndatasize_after_successful_delegatecall_d0g0v0_EIP150...ok
   - RevertDepthCreateAddressCollision_d0g1v1_EIP150...ok
   - randomStatetest356_d0g0v0_Frontier...ok
   - RevertDepthCreateAddressCollision_d0g1v1_EIP158...ok
   - randomStatetest356_d0g0v0_Homestead...ok
   - modexp_37120_37111_1_1000000_d0g1v0_EIP158...ok
   - returndatasize_after_successful_delegatecall_d0g0v0_EIP158...ok
   - modexp_37120_37111_1_1000000_d0g1v0_Frontier...ok
   - returndatasize_after_successful_delegatecall_d0g0v0_Frontier...ok
   - modexp_37120_37111_1_1000000_d0g1v0_Homestead...ok
   - RevertDepthCreateAddressCollision_d0g1v1_Frontier...ok
   - returndatasize_after_successful_delegatecall_d0g0v0_Homestead...ok
   - randomStatetest396_d0g0v0_Byzantium...ok
   - modexp_d23g2v0_Byzantium...ok
   - randomStatetest396_d0g0v0_EIP150...ok
   - returndatasize_after_successful_staticcall_d0g0v0_Byzantium...ok
   - RevertDepthCreateAddressCollision_d0g1v1_Homestead...ok
   - modexp_d23g2v0_EIP150...ok
   - modexp_d23g2v0_EIP158...ok
ok
   - randomStatetest396_d0g0v0_EIP158...   - RevertOpcodeDirectCall_d0g1v0_Byzantium...ok
   - returndatasize_after_successful_staticcall_d0g0v0_EIP150...ok
   - modexp_d23g2v0_Frontier...ok
   - randomStatetest396_d0g0v0_Frontier...ok
   - RevertOpcodeDirectCall_d0g1v0_EIP150...ok
   - returndatasize_after_successful_staticcall_d0g0v0_EIP158...ok
   - modexp_d23g2v0_Homestead...ok
   - RevertOpcodeDirectCall_d0g1v0_EIP158...ok
   - randomStatetest396_d0g0v0_Homestead...ok
   - RevertOpcodeDirectCall_d0g1v0_Frontier...ok
   - returndatasize_after_successful_staticcall_d0g0v0_Frontier...ok
   - modexp_d34g1v0_Byzantium...ok
   - randomStatetest592_d0g0v0_Byzantium...ok
   - RevertOpcodeDirectCall_d0g1v0_Homestead...ok
   - returndatasize_after_successful_staticcall_d0g0v0_Homestead...ok
   - randomStatetest592_d0g0v0_EIP150...ok
   - modexp_d34g1v0_EIP150...ok
   - returndatasize_after_failing_staticcall_d0g0v0_Byzantium...ok
ok
   - modexp_d34g1v0_EIP158...   - RevertOpcodeReturn_d0g0v0_Byzantium...ok
   - randomStatetest592_d0g0v0_EIP158...ok
   - returndatasize_after_failing_staticcall_d0g0v0_EIP150...ok
   - modexp_d34g1v0_Frontier...ok
   - RevertOpcodeReturn_d0g0v0_EIP150...ok
   - randomStatetest592_d0g0v0_Frontier...ok
   - returndatasize_after_failing_staticcall_d0g0v0_EIP158...ok
   - modexp_d34g1v0_Homestead...ok
   - RevertOpcodeReturn_d0g0v0_EIP158...ok
   - randomStatetest592_d0g0v0_Homestead...ok
   - returndatasize_after_failing_staticcall_d0g0v0_Frontier...ok
   - randomStatetest97_d0g0v0_Byzantium...ok
   - modexp_d35g3v0_Byzantium...ok
   - RevertOpcodeReturn_d0g0v0_Frontier...ok
   - randomStatetest97_d0g0v0_EIP150...ok
   - returndatasize_after_failing_staticcall_d0g0v0_Homestead...ok
   - randomStatetest97_d0g0v0_EIP158...ok
ok
   - RevertOpcodeReturn_d0g0v0_Homestead...   - modexp_d35g3v0_EIP150...ok
ok
   - modexp_d35g3v0_EIP158...   - returndatasize_initial_d0g0v0_Byzantium...ok
   - randomStatetest97_d0g0v0_Frontier...ok
   - RevertSubCallStorageOOG2_d0g0v0_Byzantium...ok
   - returndatasize_initial_d0g0v0_EIP150...ok
   - modexp_d35g3v0_Frontier...ok
   - randomStatetest97_d0g0v0_Homestead...ok
   - returndatasize_initial_d0g0v0_EIP158...ok
   - modexp_d35g3v0_Homestead...ok
   - RevertSubCallStorageOOG2_d0g0v0_EIP150...ok
   - returndatasize_initial_d0g0v0_Frontier...ok
   - RevertSubCallStorageOOG2_d0g0v0_EIP158...ok
   - modexp_55190_55190_42965_1000000_d0g1v0_Byzantium...ok
   - RevertSubCallStorageOOG2_d0g0v0_Frontier...ok
   - randomStatetest412_d0g0v0_Byzantium...ok
   - RevertSubCallStorageOOG2_d0g0v0_Homestead...ok
   - returndatasize_initial_d0g0v0_Homestead...ok
   - randomStatetest412_d0g0v0_EIP150...ok
   - modexp_55190_55190_42965_1000000_d0g1v0_EIP150...ok
   - returndatacopy_following_successful_create_d0g0v0_Byzantium...ok
   - randomStatetest412_d0g0v0_EIP158...ok
   - RevertDepth2_d0g0v0_Byzantium...ok
   - modexp_55190_55190_42965_1000000_d0g1v0_EIP158...ok
   - returndatacopy_following_successful_create_d0g0v0_EIP150...ok
   - modexp_55190_55190_42965_1000000_d0g1v0_Frontier...ok
   - randomStatetest412_d0g0v0_Frontier...ok
   - RevertDepth2_d0g0v0_EIP150...ok
   - modexp_55190_55190_42965_1000000_d0g1v0_Homestead...ok
   - returndatacopy_following_successful_create_d0g0v0_EIP158...ok
   - randomStatetest412_d0g0v0_Homestead...ok
   - returndatacopy_following_successful_create_d0g0v0_Frontier...ok
   - RevertDepth2_d0g0v0_EIP158...ok
   - modexp_37120_37111_37111_22000_d0g2v0_Byzantium...ok
   - randomStatetest226_d0g0v0_Byzantium...ok
   - returndatacopy_following_successful_create_d0g0v0_Homestead...ok
   - RevertDepth2_d0g0v0_Frontier...ok
   - modexp_37120_37111_37111_22000_d0g2v0_EIP150...ok
   - randomStatetest226_d0g0v0_EIP150...ok
   - call_then_call_value_fail_then_returndatasize_d0g0v0_Byzantium...ok
   - RevertDepth2_d0g0v0_Homestead...ok
   - randomStatetest226_d0g0v0_EIP158...ok
ok
   - modexp_37120_37111_37111_22000_d0g2v0_EIP158...   - RevertOpcodeMultipleSubCalls_d2g3v0_Byzantium...ok
   - call_then_call_value_fail_then_returndatasize_d0g0v0_EIP150...ok
   - randomStatetest226_d0g0v0_Frontier...ok
   - RevertOpcodeMultipleSubCalls_d2g3v0_EIP150...ok
   - modexp_37120_37111_37111_22000_d0g2v0_Frontier...ok
   - RevertOpcodeMultipleSubCalls_d2g3v0_EIP158...ok
   - call_then_call_value_fail_then_returndatasize_d0g0v0_EIP158...ok
   - randomStatetest226_d0g0v0_Homestead...ok
   - modexp_37120_37111_37111_22000_d0g2v0_Homestead...ok
   - RevertOpcodeMultipleSubCalls_d2g3v0_Frontier...ok
   - modexp_1_1_1_35000_d0g2v0_Byzantium...ok
   - call_then_call_value_fail_then_returndatasize_d0g0v0_Frontier...ok
   - randomStatetest89_d0g0v0_Byzantium...ok
   - modexp_1_1_1_35000_d0g2v0_EIP150...ok
   - RevertOpcodeMultipleSubCalls_d2g3v0_Homestead...ok
   - call_then_call_value_fail_then_returndatasize_d0g0v0_Homestead...ok
   - randomStatetest89_d0g0v0_EIP150...ok
   - modexp_1_1_1_35000_d0g2v0_EIP158...ok
   - RevertRemoteSubCallStorageOOG2_d0g0v0_Byzantium...ok
test json_tests::chain::block_tests::BlockchainTests_GeneralStateTest_stReturnDataTest ... ok
   - TestKeywords_d0g0v0_Byzantium...ok
   - RevertRemoteSubCallStorageOOG2_d0g0v0_EIP150...ok
   - randomStatetest89_d0g0v0_EIP158...ok
   - modexp_1_1_1_35000_d0g2v0_Frontier...ok
   - RevertRemoteSubCallStorageOOG2_d0g0v0_EIP158...ok
   - randomStatetest89_d0g0v0_Frontier...ok
   - RevertRemoteSubCallStorageOOG2_d0g0v0_Frontier...ok
   - TestKeywords_d0g0v0_EIP150...ok
   - randomStatetest89_d0g0v0_Homestead...ok
   - modexp_1_1_1_35000_d0g2v0_Homestead...ok
   - randomStatetest620_d0g0v0_Byzantium...ok
   - RevertRemoteSubCallStorageOOG2_d0g0v0_Homestead...ok
   - modexp_37120_37111_37111_1000000_d0g2v0_Byzantium...ok
   - TestKeywords_d0g0v0_EIP158...ok
   - RevertOpcodeMultipleSubCalls_d2g2v1_Byzantium...ok
   - randomStatetest620_d0g0v0_EIP150...ok
   - modexp_37120_37111_37111_1000000_d0g2v0_EIP150...ok
   - RevertOpcodeMultipleSubCalls_d2g2v1_EIP150...ok
   - TestKeywords_d0g0v0_Frontier...ok
   - modexp_37120_37111_37111_1000000_d0g2v0_EIP158...ok
   - RevertOpcodeMultipleSubCalls_d2g2v1_EIP158...ok
   - randomStatetest620_d0g0v0_EIP158...ok
   - TestKeywords_d0g0v0_Homestead...ok
   - modexp_37120_37111_37111_1000000_d0g2v0_Frontier...ok
   - CallLowLevelCreatesSolidity_d0g0v0_Byzantium...ok
   - randomStatetest620_d0g0v0_Frontier...ok
   - RevertOpcodeMultipleSubCalls_d2g2v1_Frontier...ok
   - CallLowLevelCreatesSolidity_d0g0v0_EIP150...ok
   - modexp_37120_37111_37111_1000000_d0g2v0_Homestead...ok
   - RevertOpcodeMultipleSubCalls_d2g2v1_Homestead...ok
   - randomStatetest620_d0g0v0_Homestead...ok
   - CallLowLevelCreatesSolidity_d0g0v0_EIP158...ok
   - modexp_1_1_1_20500_d0g0v0_Byzantium...ok
   - CallLowLevelCreatesSolidity_d0g0v0_Frontier...ok
ok
   - RevertOpcodeWithBigOutputInInit_d0g1v0_Byzantium...   - randomStatetest377_d0g0v0_Byzantium...ok
   - modexp_1_1_1_20500_d0g0v0_EIP150...ok
   - CallLowLevelCreatesSolidity_d0g0v0_Homestead...ok
   - RevertOpcodeWithBigOutputInInit_d0g1v0_EIP150...ok
   - randomStatetest377_d0g0v0_EIP150...ok
   - modexp_1_1_1_20500_d0g0v0_EIP158...ok
   - RevertOpcodeWithBigOutputInInit_d0g1v0_EIP158...ok
   - TestContractInteraction_d0g0v0_Byzantium...ok
   - modexp_1_1_1_20500_d0g0v0_Frontier...ok
   - randomStatetest377_d0g0v0_EIP158...ok
   - modexp_1_1_1_20500_d0g0v0_Homestead...ok
   - TestContractInteraction_d0g0v0_EIP150...ok
   - RevertOpcodeWithBigOutputInInit_d0g1v0_Frontier...ok
   - randomStatetest377_d0g0v0_Frontier...ok
   - modexp_d5g3v0_Byzantium...ok
   - RevertOpcodeWithBigOutputInInit_d0g1v0_Homestead...ok
   - TestContractInteraction_d0g0v0_EIP158...ok
   - randomStatetest377_d0g0v0_Homestead...ok
   - modexp_d5g3v0_EIP150...ok
   - RevertPrefoundEmpty_d0g0v0_Byzantium...ok
   - modexp_d5g3v0_EIP158...ok
   - TestContractInteraction_d0g0v0_Frontier...ok
   - randomStatetest257_d0g0v0_Byzantium...ok
   - RevertPrefoundEmpty_d0g0v0_EIP150...ok
   - randomStatetest257_d0g0v0_EIP150...ok
   - modexp_d5g3v0_Frontier...ok
   - TestContractInteraction_d0g0v0_Homestead...ok
   - RevertPrefoundEmpty_d0g0v0_EIP158...ok
   - randomStatetest257_d0g0v0_EIP158...ok
   - modexp_d5g3v0_Homestead...ok
   - TestCryptographicFunctions_d0g0v0_Byzantium...ok
   - RevertPrefoundEmpty_d0g0v0_Frontier...ok
   - modexp_1_1_1_1000000_d0g0v0_Byzantium...ok
   - randomStatetest257_d0g0v0_Frontier...ok
   - RevertPrefoundEmpty_d0g0v0_Homestead...ok
   - TestCryptographicFunctions_d0g0v0_EIP150...ok
   - randomStatetest257_d0g0v0_Homestead...ok
   - TestCryptographicFunctions_d0g0v0_EIP158...ok
ok
   - RevertDepthCreateAddressCollision_d1g0v0_Byzantium...   - randomStatetest62_d0g0v0_Byzantium...ok
   - modexp_1_1_1_1000000_d0g0v0_EIP150...ok
   - randomStatetest62_d0g0v0_EIP150...ok
   - RevertDepthCreateAddressCollision_d1g0v0_EIP150...ok
   - modexp_1_1_1_1000000_d0g0v0_EIP158...ok
   - TestCryptographicFunctions_d0g0v0_Frontier...ok
   - randomStatetest62_d0g0v0_EIP158...ok
   - RevertDepthCreateAddressCollision_d1g0v0_EIP158...ok
   - modexp_1_1_1_1000000_d0g0v0_Frontier...ok
   - TestCryptographicFunctions_d0g0v0_Homestead...ok
   - modexp_1_1_1_1000000_d0g0v0_Homestead...ok
ok
   - randomStatetest62_d0g0v0_Frontier...   - CallRecursiveMethods_d0g0v0_Byzantium...ok
   - RevertDepthCreateAddressCollision_d1g0v0_Frontier...ok
   - modexp_d10g0v0_Byzantium...ok
   - randomStatetest62_d0g0v0_Homestead...ok
   - CallRecursiveMethods_d0g0v0_EIP150...ok
   - modexp_d10g0v0_EIP150...ok
   - RevertDepthCreateAddressCollision_d1g0v0_Homestead...ok
   - randomStatetest343_d0g0v0_Byzantium...ok
   - modexp_d10g0v0_EIP158...ok
ok
   - CallRecursiveMethods_d0g0v0_EIP158...   - RevertOpcodeMultipleSubCalls_d0g2v0_Byzantium...ok
   - CallRecursiveMethods_d0g0v0_Frontier...ok
   - randomStatetest343_d0g0v0_EIP150...ok
   - modexp_d10g0v0_Frontier...ok
   - RevertOpcodeMultipleSubCalls_d0g2v0_EIP150...ok
   - modexp_d10g0v0_Homestead...ok
   - randomStatetest343_d0g0v0_EIP158...ok
   - CallRecursiveMethods_d0g0v0_Homestead...ok
   - RevertOpcodeMultipleSubCalls_d0g2v0_EIP158...ok
   - modexp_37120_37111_97_155000_d0g0v0_Byzantium...ok
   - randomStatetest343_d0g0v0_Frontier...ok
   - modexp_37120_37111_97_155000_d0g0v0_EIP150...ok
   - TestContractSuicide_d0g0v0_Byzantium...ok
   - RevertOpcodeMultipleSubCalls_d0g2v0_Frontier...ok
   - randomStatetest343_d0g0v0_Homestead...ok
   - RevertOpcodeMultipleSubCalls_d0g2v0_Homestead...ok
   - TestContractSuicide_d0g0v0_EIP150...ok
   - modexp_37120_37111_97_155000_d0g0v0_EIP158...ok
   - RevertOpcodeMultipleSubCalls_d0g3v1_Byzantium...ok
   - randomStatetest170_d0g0v0_Byzantium...ok
   - modexp_37120_37111_97_155000_d0g0v0_Frontier...ok
   - TestContractSuicide_d0g0v0_EIP158...ok
   - randomStatetest170_d0g0v0_EIP150...ok
   - modexp_37120_37111_97_155000_d0g0v0_Homestead...ok
   - RevertOpcodeMultipleSubCalls_d0g3v1_EIP150...ok
   - randomStatetest170_d0g0v0_EIP158...ok
   - TestContractSuicide_d0g0v0_Frontier...ok
   - modexp_49_2401_2401_155000_d0g3v0_Byzantium...ok
   - randomStatetest170_d0g0v0_Frontier...ok
   - RevertOpcodeMultipleSubCalls_d0g3v1_EIP158...ok
   - modexp_49_2401_2401_155000_d0g3v0_EIP150...ok
   - RevertOpcodeMultipleSubCalls_d0g3v1_Frontier...ok
   - TestContractSuicide_d0g0v0_Homestead...ok
   - randomStatetest170_d0g0v0_Homestead...ok
   - RevertOpcodeMultipleSubCalls_d0g3v1_Homestead...ok
   - modexp_49_2401_2401_155000_d0g3v0_EIP158...ok
   - TestStructuresAndVariabless_d0g0v0_Byzantium...ok
   - randomStatetest588_d0g0v0_Byzantium...ok
   - RevertOpcodeMultipleSubCalls_d0g1v1_Byzantium...ok
   - RevertOpcodeMultipleSubCalls_d0g1v1_EIP150...ok
   - modexp_49_2401_2401_155000_d0g3v0_Frontier...ok
   - TestStructuresAndVariabless_d0g0v0_EIP150...ok
   - randomStatetest588_d0g0v0_EIP150...ok
   - modexp_49_2401_2401_155000_d0g3v0_Homestead...ok
   - RevertOpcodeMultipleSubCalls_d0g1v1_EIP158...ok
   - TestStructuresAndVariabless_d0g0v0_EIP158...ok
   - modexp_37120_37111_97_1000000_d0g1v0_Byzantium...ok
   - randomStatetest588_d0g0v0_EIP158...ok
   - RevertOpcodeMultipleSubCalls_d0g1v1_Frontier...ok
   - randomStatetest588_d0g0v0_Frontier...ok
   - modexp_37120_37111_97_1000000_d0g1v0_EIP150...ok
   - TestStructuresAndVariabless_d0g0v0_Frontier...ok
   - RevertOpcodeMultipleSubCalls_d0g1v1_Homestead...ok
   - randomStatetest588_d0g0v0_Homestead...ok
   - TestStructuresAndVariabless_d0g0v0_Homestead...ok
ok
   - modexp_37120_37111_97_1000000_d0g1v0_EIP158...   - RevertOpcodeMultipleSubCalls_d2g0v0_Byzantium...ok
   - randomStatetest151_d0g0v0_Byzantium...ok
   - CallInfiniteLoop_d0g0v0_Byzantium...ok
   - modexp_37120_37111_97_1000000_d0g1v0_Frontier...ok
   - randomStatetest151_d0g0v0_EIP150...ok
   - modexp_37120_37111_97_1000000_d0g1v0_Homestead...ok
   - RevertOpcodeMultipleSubCalls_d2g0v0_EIP150...ok
   - randomStatetest151_d0g0v0_EIP158...ok
   - RevertOpcodeMultipleSubCalls_d2g0v0_EIP158...ok
   - CallInfiniteLoop_d0g0v0_EIP150...ok
   - CallEcrecoverS_prefixed0_d0g0v0_Byzantium...ok
   - CallInfiniteLoop_d0g0v0_EIP158...ok
   - randomStatetest151_d0g0v0_Frontier...ok
   - RevertOpcodeMultipleSubCalls_d2g0v0_Frontier...ok
   - CallEcrecoverS_prefixed0_d0g0v0_EIP150...ok
   - CallInfiniteLoop_d0g0v0_Frontier...ok
   - randomStatetest151_d0g0v0_Homestead...ok
   - CallEcrecoverS_prefixed0_d0g0v0_EIP158...ok
   - RevertOpcodeMultipleSubCalls_d2g0v0_Homestead...ok
   - CallEcrecoverS_prefixed0_d0g0v0_Frontier...ok
ok
   - CallInfiniteLoop_d0g0v0_Homestead...   - randomStatetest77_d0g0v0_Byzantium...ok
   - RevertOpcodeReturn_d0g1v0_Byzantium...ok
   - CallEcrecoverS_prefixed0_d0g0v0_Homestead...ok
   - randomStatetest77_d0g0v0_EIP150...ok
   - TestStoreGasPrices_d0g0v0_Byzantium...ok
   - modexp_d35g1v0_Byzantium...ok
   - RevertOpcodeReturn_d0g1v0_EIP150...ok
   - randomStatetest77_d0g0v0_EIP158...ok
   - modexp_d35g1v0_EIP150...ok
   - randomStatetest77_d0g0v0_Frontier...ok
   - modexp_d35g1v0_EIP158...ok
   - TestStoreGasPrices_d0g0v0_EIP150...ok
   - RevertOpcodeReturn_d0g1v0_EIP158...ok
   - RevertOpcodeReturn_d0g1v0_Frontier...ok
   - randomStatetest77_d0g0v0_Homestead...ok
   - modexp_d35g1v0_Frontier...ok
   - TestStoreGasPrices_d0g0v0_EIP158...ok
   - modexp_d35g1v0_Homestead...ok
   - RevertOpcodeReturn_d0g1v0_Homestead...ok
   - TestStoreGasPrices_d0g0v0_Frontier...ok
   - randomStatetest45_d0g0v0_Byzantium...ok
ok
   - modexp_3_28948_11579_20500_d0g0v0_Byzantium...   - RevertRemoteSubCallStorageOOG_d0g2v0_Byzantium...ok
   - TestStoreGasPrices_d0g0v0_Homestead...ok
   - TestBlockAndTransactionProperties_d0g0v0_Byzantium...ok
   - modexp_3_28948_11579_20500_d0g0v0_EIP150...ok
   - randomStatetest45_d0g0v0_EIP150...ok
   - RevertRemoteSubCallStorageOOG_d0g2v0_EIP150...ok
   - TestBlockAndTransactionProperties_d0g0v0_EIP150...ok
   - modexp_3_28948_11579_20500_d0g0v0_EIP158...ok
   - RevertRemoteSubCallStorageOOG_d0g2v0_EIP158...ok
   - randomStatetest45_d0g0v0_EIP158...ok
   - TestBlockAndTransactionProperties_d0g0v0_EIP158...ok
   - modexp_3_28948_11579_20500_d0g0v0_Frontier...ok
   - RevertRemoteSubCallStorageOOG_d0g2v0_Frontier...ok
   - TestBlockAndTransactionProperties_d0g0v0_Frontier...ok
   - randomStatetest45_d0g0v0_Frontier...ok
   - modexp_3_28948_11579_20500_d0g0v0_Homestead...ok
   - RevertRemoteSubCallStorageOOG_d0g2v0_Homestead...ok
   - TestBlockAndTransactionProperties_d0g0v0_Homestead...ok
   - randomStatetest45_d0g0v0_Homestead...ok
ok
   - modexp_1_1_1_1000000_d0g1v0_Byzantium...   - RevertOpcodeReturn_d5g1v0_Byzantium...ok
   - randomStatetest406_d0g0v0_Byzantium...ok
   - RecursiveCreateContracts_d0g0v0_Byzantium...ok
   - RevertOpcodeReturn_d5g1v0_EIP150...ok
   - randomStatetest406_d0g0v0_EIP150...ok
   - modexp_1_1_1_1000000_d0g1v0_EIP150...ok
   - RevertOpcodeReturn_d5g1v0_EIP158...ok
   - RecursiveCreateContracts_d0g0v0_EIP150...ok
   - randomStatetest406_d0g0v0_EIP158...ok
   - RevertOpcodeReturn_d5g1v0_Frontier...ok
   - modexp_1_1_1_1000000_d0g1v0_EIP158...ok
   - RevertOpcodeReturn_d5g1v0_Homestead...ok
   - modexp_1_1_1_1000000_d0g1v0_Frontier...ok
   - RecursiveCreateContracts_d0g0v0_EIP158...ok
   - randomStatetest406_d0g0v0_Frontier...ok
   - RecursiveCreateContracts_d0g0v0_Frontier...ok
   - RevertOpcodeReturn_d3g0v0_Byzantium...ok
   - randomStatetest406_d0g0v0_Homestead...ok
   - modexp_1_1_1_1000000_d0g1v0_Homestead...ok
   - RecursiveCreateContracts_d0g0v0_Homestead...ok
   - RevertOpcodeReturn_d3g0v0_EIP150...ok
   - randomStatetest609_d0g0v0_Byzantium...ok
   - CALLCODEIdentity_2_d0g0v0_Byzantium...ok
   - RecursiveCreateContractsCreate4Contracts_d0g0v0_Byzantium...ok
   - RevertOpcodeReturn_d3g0v0_EIP158...ok
   - randomStatetest609_d0g0v0_EIP150...ok
   - RecursiveCreateContractsCreate4Contracts_d0g0v0_EIP150...ok
   - RevertOpcodeReturn_d3g0v0_Frontier...ok
   - CALLCODEIdentity_2_d0g0v0_EIP150...ok
   - randomStatetest609_d0g0v0_EIP158...ok
   - RecursiveCreateContractsCreate4Contracts_d0g0v0_EIP158...ok
   - CALLCODEIdentity_2_d0g0v0_EIP158...ok
   - randomStatetest609_d0g0v0_Frontier...ok
   - RevertOpcodeReturn_d3g0v0_Homestead...ok
   - CALLCODEIdentity_2_d0g0v0_Frontier...ok
   - RecursiveCreateContractsCreate4Contracts_d0g0v0_Frontier...ok
   - CALLCODEIdentity_2_d0g0v0_Homestead...ok
   - randomStatetest609_d0g0v0_Homestead...ok
   - RecursiveCreateContractsCreate4Contracts_d0g0v0_Homestead...ok
ok
   - RevertOpcodeMultipleSubCalls_d2g1v0_Byzantium...ok
   - randomStatetest227_d0g0v0_Byzantium...   - modexp_37120_37111_97_25000_d0g0v0_Byzantium...ok
   - randomStatetest227_d0g0v0_EIP150...ok
   - RevertOpcodeMultipleSubCalls_d2g1v0_EIP150...ok
   - modexp_37120_37111_97_25000_d0g0v0_EIP150...ok
   - CreateContractFromMethod_d0g0v0_Byzantium...ok
   - randomStatetest227_d0g0v0_EIP158...ok
   - RevertOpcodeMultipleSubCalls_d2g1v0_EIP158...ok
   - modexp_37120_37111_97_25000_d0g0v0_EIP158...ok
   - randomStatetest227_d0g0v0_Frontier...ok
   - CreateContractFromMethod_d0g0v0_EIP150...ok
   - RevertOpcodeMultipleSubCalls_d2g1v0_Frontier...ok
   - randomStatetest227_d0g0v0_Homestead...ok
   - RevertOpcodeMultipleSubCalls_d2g1v0_Homestead...ok
   - randomStatetest646_d0g0v0_Byzantium...ok
   - modexp_37120_37111_97_25000_d0g0v0_Frontier...ok
ok
   - CreateContractFromMethod_d0g0v0_EIP158...   - RevertOpcodeMultipleSubCalls_d3g1v1_Byzantium...ok
   - modexp_37120_37111_97_25000_d0g0v0_Homestead...ok
   - randomStatetest646_d0g0v0_EIP150...ok
   - modexp_3_09984_39936_155000_d0g1v0_Byzantium...ok
   - RevertOpcodeMultipleSubCalls_d3g1v1_EIP150...ok
   - CreateContractFromMethod_d0g0v0_Frontier...ok
   - modexp_3_09984_39936_155000_d0g1v0_EIP150...ok
   - randomStatetest646_d0g0v0_EIP158...ok
   - CreateContractFromMethod_d0g0v0_Homestead...ok
   - modexp_3_09984_39936_155000_d0g1v0_EIP158...ok
   - RevertOpcodeMultipleSubCalls_d3g1v1_EIP158...ok
   - randomStatetest646_d0g0v0_Frontier...ok
   - TestOverflow_d0g0v0_Byzantium...ok
   - modexp_3_09984_39936_155000_d0g1v0_Frontier...ok
   - RevertOpcodeMultipleSubCalls_d3g1v1_Frontier...ok
   - TestOverflow_d0g0v0_EIP150...ok
   - randomStatetest646_d0g0v0_Homestead...ok
   - modexp_3_09984_39936_155000_d0g1v0_Homestead...ok
   - RevertOpcodeMultipleSubCalls_d3g1v1_Homestead...ok
   - modexp_37120_37111_37111_35000_d0g2v0_Byzantium...ok
   - TestOverflow_d0g0v0_EIP158...ok
   - randomStatetest349_d0g0v0_Byzantium...ok
   - modexp_37120_37111_37111_35000_d0g2v0_EIP150...ok
   - TestOverflow_d0g0v0_Frontier...ok
   - RevertInCallCode_d0g0v0_Byzantium...ok
   - randomStatetest349_d0g0v0_EIP150...ok
   - modexp_37120_37111_37111_35000_d0g2v0_EIP158...ok
   - TestOverflow_d0g0v0_Homestead...ok
   - AmbiguousMethod_d0g0v0_Byzantium...ok
   - randomStatetest349_d0g0v0_EIP158...ok
   - RevertInCallCode_d0g0v0_EIP150...ok
   - modexp_37120_37111_37111_35000_d0g2v0_Frontier...ok
   - AmbiguousMethod_d0g0v0_EIP150...ok
   - RevertInCallCode_d0g0v0_EIP158...ok
   - randomStatetest349_d0g0v0_Frontier...ok
   - modexp_37120_37111_37111_35000_d0g2v0_Homestead...ok
   - AmbiguousMethod_d0g0v0_EIP158...ok
   - randomStatetest349_d0g0v0_Homestead...ok
   - RevertInCallCode_d0g0v0_Frontier...ok
   - modexp_37120_37111_0_22000_d0g1v0_Byzantium...ok
   - AmbiguousMethod_d0g0v0_Frontier...ok
   - randomStatetest462_d0g0v0_Byzantium...ok
   - RevertInCallCode_d0g0v0_Homestead...ok
   - randomStatetest462_d0g0v0_EIP150...ok
   - AmbiguousMethod_d0g0v0_Homestead...ok
   - modexp_37120_37111_0_22000_d0g1v0_EIP150...ok
   - RevertOpcodeInInit_d0g0v0_Byzantium...ok
   - randomStatetest462_d0g0v0_EIP158...ok
   - ContractInheritance_d0g0v0_Byzantium...ok
   - modexp_37120_37111_0_22000_d0g1v0_EIP158...ok
   - randomStatetest462_d0g0v0_Frontier...ok
   - ContractInheritance_d0g0v0_EIP150...ok
   - RevertOpcodeInInit_d0g0v0_EIP150...ok
   - modexp_37120_37111_0_22000_d0g1v0_Frontier...ok
   - randomStatetest462_d0g0v0_Homestead...ok
   - ContractInheritance_d0g0v0_EIP158...ok
   - RevertOpcodeInInit_d0g0v0_EIP158...ok
   - ContractInheritance_d0g0v0_Frontier...ok
   - modexp_37120_37111_0_22000_d0g1v0_Homestead...ok
   - randomStatetest27_d0g0v0_Byzantium...ok
   - RevertOpcodeInInit_d0g0v0_Frontier...ok
   - modexp_3_09984_39936_35000_d0g1v0_Byzantium...ok
   - randomStatetest27_d0g0v0_EIP150...ok
   - ContractInheritance_d0g0v0_Homestead...ok
   - modexp_3_09984_39936_35000_d0g1v0_EIP150...ok
   - RevertOpcodeInInit_d0g0v0_Homestead...ok
test json_tests::chain::block_tests::BlockchainTests_GeneralStateTest_stSolidityTest ... ok
ok
   - modexp_3_09984_39936_35000_d0g1v0_EIP158...   - failed_tx_xcf416c53_d0g0v0_Byzantium...ok
   - randomStatetest27_d0g0v0_EIP158...ok
   - RevertOpcode_d0g0v0_Byzantium...ok
   - RevertOpcode_d0g0v0_EIP150...ok
   - randomStatetest27_d0g0v0_Frontier...ok
   - failed_tx_xcf416c53_d0g0v0_EIP150...ok
   - RevertOpcode_d0g0v0_EIP158...ok
   - randomStatetest27_d0g0v0_Homestead...ok
   - modexp_3_09984_39936_35000_d0g1v0_Frontier...ok
   - RevertOpcode_d0g0v0_Frontier...ok
   - failed_tx_xcf416c53_d0g0v0_EIP158...ok
ok
   - modexp_3_09984_39936_35000_d0g1v0_Homestead...   - randomStatetest303_d0g0v0_Byzantium...ok
   - RevertOpcode_d0g0v0_Homestead...ok
ok
   - RevertPrefoundCallOOG_d0g0v0_Byzantium...ok
   - randomStatetest303_d0g0v0_EIP150...   - modexp_0_1_0_20500_d0g3v0_Byzantium...ok
   - failed_tx_xcf416c53_d0g0v0_Frontier...ok
   - RevertPrefoundCallOOG_d0g0v0_EIP150...ok
   - modexp_0_1_0_20500_d0g3v0_EIP150...ok
   - randomStatetest303_d0g0v0_EIP158...ok
   - failed_tx_xcf416c53_d0g0v0_Homestead...ok
   - modexp_0_1_0_20500_d0g3v0_EIP158...ok
   - RevertPrefoundCallOOG_d0g0v0_EIP158...ok
   - RevertPrefoundCallOOG_d0g0v0_Frontier...ok
   - modexp_0_1_0_20500_d0g3v0_Frontier...ok
   - randomStatetest303_d0g0v0_Frontier...ok
   - gasPrice0_d0g0v0_Byzantium...ok
   - RevertPrefoundCallOOG_d0g0v0_Homestead...ok
   - gasPrice0_d0g0v0_EIP150...ok
   - modexp_0_1_0_20500_d0g3v0_Homestead...ok
   - randomStatetest303_d0g0v0_Homestead...ok
   - RevertOpcodeCalls_d1g0v0_Byzantium...ok
   - randomStatetest100_d0g0v0_Byzantium...ok
   - modexp_3_09984_39936_25000_d0g1v0_Byzantium...ok
   - RevertOpcodeCalls_d1g0v0_EIP150...ok
   - gasPrice0_d0g0v0_EIP158...ok
   - randomStatetest100_d0g0v0_EIP150...ok
   - modexp_3_09984_39936_25000_d0g1v0_EIP150...ok
   - randomStatetest100_d0g0v0_EIP158...ok
   - RevertOpcodeCalls_d1g0v0_EIP158...ok
   - gasPrice0_d0g0v0_Frontier...ok
   - RevertOpcodeCalls_d1g0v0_Frontier...ok
   - randomStatetest100_d0g0v0_Frontier...ok
   - modexp_3_09984_39936_25000_d0g1v0_EIP158...ok
   - gasPrice0_d0g0v0_Homestead...ok
   - modexp_3_09984_39936_25000_d0g1v0_Frontier...ok
ok
   - RevertOpcodeCalls_d1g0v0_Homestead...   - deploymentError_d0g0v0_Byzantium...ok
   - randomStatetest100_d0g0v0_Homestead...ok
   - modexp_3_09984_39936_25000_d0g1v0_Homestead...ok
   - randomStatetest585_d0g0v0_Byzantium...ok
   - RevertOpcodeMultipleSubCalls_d3g0v1_Byzantium...ok
   - randomStatetest585_d0g0v0_EIP150...ok
   - CALLCODEEcrecoverR_prefixed0_d0g0v0_Byzantium...ok
   - RevertOpcodeMultipleSubCalls_d3g0v1_EIP150...ok
   - deploymentError_d0g0v0_EIP150...ok
   - CALLCODEEcrecoverR_prefixed0_d0g0v0_EIP150...ok
   - randomStatetest585_d0g0v0_EIP158...ok
   - CALLCODEEcrecoverR_prefixed0_d0g0v0_EIP158...ok
   - RevertOpcodeMultipleSubCalls_d3g0v1_EIP158...ok
   - CALLCODEEcrecoverR_prefixed0_d0g0v0_Frontier...ok
   - deploymentError_d0g0v0_EIP158...ok
   - randomStatetest585_d0g0v0_Frontier...ok
   - RevertOpcodeMultipleSubCalls_d3g0v1_Frontier...ok
   - CALLCODEEcrecoverR_prefixed0_d0g0v0_Homestead...ok
   - deploymentError_d0g0v0_Frontier...ok
   - randomStatetest585_d0g0v0_Homestead...ok
   - RevertOpcodeMultipleSubCalls_d3g0v1_Homestead...ok
   - modexp_1_0_1_22000_d0g1v0_Byzantium...ok
   - randomStatetest129_d0g0v0_Byzantium...ok
   - deploymentError_d0g0v0_Homestead...ok
   - RevertOpcodeCalls_d2g1v0_Byzantium...ok
ok
   - randomStatetest129_d0g0v0_EIP150...ok
   - modexp_1_0_1_22000_d0g1v0_EIP150...   - JUMPDEST_AttackwithJump_d0g0v0_Byzantium...ok
   - randomStatetest129_d0g0v0_EIP158...ok
   - RevertOpcodeCalls_d2g1v0_EIP150...ok
   - modexp_1_0_1_22000_d0g1v0_EIP158...ok
   - RevertOpcodeCalls_d2g1v0_EIP158...ok
   - randomStatetest129_d0g0v0_Frontier...ok
   - modexp_1_0_1_22000_d0g1v0_Frontier...ok
   - JUMPDEST_AttackwithJump_d0g0v0_EIP150...ok
   - randomStatetest129_d0g0v0_Homestead...ok
   - RevertOpcodeCalls_d2g1v0_Frontier...ok
   - RevertOpcodeCalls_d2g1v0_Homestead...ok
   - modexp_1_0_1_22000_d0g1v0_Homestead...ok
   - JUMPDEST_AttackwithJump_d0g0v0_EIP158...ok
ok
   - randomStatetest345_d0g0v0_Byzantium...   - RevertOpcodeMultipleSubCalls_d0g1v0_Byzantium...ok
   - sec80_d0g0v0_Byzantium...ok
   - RevertOpcodeMultipleSubCalls_d0g1v0_EIP150...ok
   - JUMPDEST_AttackwithJump_d0g0v0_Frontier...ok
   - randomStatetest345_d0g0v0_EIP150...ok
   - RevertOpcodeMultipleSubCalls_d0g1v0_EIP158...ok
   - sec80_d0g0v0_EIP150...ok
   - randomStatetest345_d0g0v0_EIP158...ok
   - RevertOpcodeMultipleSubCalls_d0g1v0_Frontier...ok
   - JUMPDEST_AttackwithJump_d0g0v0_Homestead...ok
   - sec80_d0g0v0_EIP158...ok
   - randomStatetest345_d0g0v0_Frontier...ok
   - RevertOpcodeMultipleSubCalls_d0g1v0_Homestead...ok
   - randomStatetest345_d0g0v0_Homestead...ok
   - sec80_d0g0v0_Frontier...ok
ok
   - RevertOpcodeMultipleSubCalls_d3g3v0_Byzantium...   - sha3_deja_d0g0v0_Byzantium...ok
   - sec80_d0g0v0_Homestead...ok
   - randomStatetest348_d0g0v0_Byzantium...ok
   - RevertOpcodeMultipleSubCalls_d3g3v0_EIP150...ok
   - modexp_55190_55190_42965_35000_d0g2v0_Byzantium...ok
   - sha3_deja_d0g0v0_EIP150...ok
   - randomStatetest348_d0g0v0_EIP150...ok
   - RevertOpcodeMultipleSubCalls_d3g3v0_EIP158...ok
   - modexp_55190_55190_42965_35000_d0g2v0_EIP150...ok
   - sha3_deja_d0g0v0_EIP158...ok
   - RevertOpcodeMultipleSubCalls_d3g3v0_Frontier...ok
   - randomStatetest348_d0g0v0_EIP158...ok
   - modexp_55190_55190_42965_35000_d0g2v0_EIP158...ok
   - sha3_deja_d0g0v0_Frontier...ok
   - RevertOpcodeMultipleSubCalls_d3g3v0_Homestead...ok
   - randomStatetest348_d0g0v0_Frontier...ok
   - modexp_55190_55190_42965_35000_d0g2v0_Frontier...ok
   - sha3_deja_d0g0v0_Homestead...ok
   - RevertOpcodeMultipleSubCalls_d1g0v0_Byzantium...ok
ok
   - randomStatetest348_d0g0v0_Homestead...   - JUMPDEST_Attack_d0g0v0_Byzantium...ok
   - modexp_55190_55190_42965_35000_d0g2v0_Homestead...ok
   - RevertOpcodeMultipleSubCalls_d1g0v0_EIP150...ok
   - randomStatetest47_d0g0v0_Byzantium...ok
   - randomStatetest47_d0g0v0_EIP150...ok
   - RevertOpcodeMultipleSubCalls_d1g0v0_EIP158...ok
   - modexp_1_0_1_22000_d0g0v0_Byzantium...ok
   - randomStatetest47_d0g0v0_EIP158...ok
   - JUMPDEST_Attack_d0g0v0_EIP150...ok
   - RevertOpcodeMultipleSubCalls_d1g0v0_Frontier...ok
   - randomStatetest47_d0g0v0_Frontier...ok
   - modexp_1_0_1_22000_d0g0v0_EIP150...ok
   - RevertOpcodeMultipleSubCalls_d1g0v0_Homestead...ok
   - JUMPDEST_Attack_d0g0v0_EIP158...ok
   - randomStatetest47_d0g0v0_Homestead...ok
   - RevertOpcodeMultipleSubCalls_d1g2v0_Byzantium...ok
   - modexp_1_0_1_22000_d0g0v0_EIP158...ok
   - RevertOpcodeMultipleSubCalls_d1g2v0_EIP150...ok
   - randomStatetest552_d0g0v0_Byzantium...ok
ok
   - modexp_1_0_1_22000_d0g0v0_Frontier...   - JUMPDEST_Attack_d0g0v0_Frontier...ok
   - RevertOpcodeMultipleSubCalls_d1g2v0_EIP158...ok
   - JUMPDEST_Attack_d0g0v0_Homestead...ok
   - modexp_1_0_1_22000_d0g0v0_Homestead...ok
   - RevertOpcodeMultipleSubCalls_d1g2v0_Frontier...ok
   - randomStatetest552_d0g0v0_EIP150...ok
   - modexp_9_37111_37111_35000_d0g1v0_Byzantium...ok
   - randomStatetest552_d0g0v0_EIP158...ok
   - RevertOpcodeMultipleSubCalls_d1g2v0_Homestead...ok
   - randomStatetest552_d0g0v0_Frontier...ok
   - modexp_9_37111_37111_35000_d0g1v0_EIP150...ok
   - StackDepthLimitSEC_d0g0v0_Byzantium...ok
   - modexp_9_37111_37111_35000_d0g1v0_EIP158...ok
   - RevertOpcodeMultipleSubCalls_d2g2v0_Byzantium...ok
   - randomStatetest552_d0g0v0_Homestead...ok
   - StackDepthLimitSEC_d0g0v0_EIP150...ok
   - modexp_9_37111_37111_35000_d0g1v0_Frontier...ok
   - randomStatetest457_d0g0v0_Byzantium...ok
   - RevertOpcodeMultipleSubCalls_d2g2v0_EIP150...ok
   - modexp_9_37111_37111_35000_d0g1v0_Homestead...ok
   - StackDepthLimitSEC_d0g0v0_EIP158...ok
   - randomStatetest457_d0g0v0_EIP150...ok
   - RevertOpcodeMultipleSubCalls_d2g2v0_EIP158...ok
   - modexp_d24g1v0_Byzantium...ok
   - randomStatetest457_d0g0v0_EIP158...ok
   - StackDepthLimitSEC_d0g0v0_Frontier...ok
   - randomStatetest457_d0g0v0_Frontier...ok
   - RevertOpcodeMultipleSubCalls_d2g2v0_Frontier...ok
   - StackDepthLimitSEC_d0g0v0_Homestead...ok
   - RevertOpcodeMultipleSubCalls_d2g2v0_Homestead...ok
   - randomStatetest457_d0g0v0_Homestead...ok
   - modexp_d24g1v0_EIP150...ok
   - randomStatetest46_d0g0v0_Byzantium...ok
   - RevertDepthCreateOOG_d1g0v0_Byzantium...ok
   - OverflowGasMakeMoney_d0g0v0_Byzantium...ok
   - modexp_d24g1v0_EIP158...ok
   - randomStatetest46_d0g0v0_EIP150...ok
   - RevertDepthCreateOOG_d1g0v0_EIP150...ok
   - modexp_d24g1v0_Frontier...ok
   - OverflowGasMakeMoney_d0g0v0_EIP150...ok
   - randomStatetest46_d0g0v0_EIP158...ok
   - modexp_d24g1v0_Homestead...ok
   - RevertDepthCreateOOG_d1g0v0_EIP158...ok
   - OverflowGasMakeMoney_d0g0v0_EIP158...ok
   - randomStatetest46_d0g0v0_Frontier...ok
   - RevertDepthCreateOOG_d1g0v0_Frontier...ok
   - modexp_d8g2v0_Byzantium...ok
   - OverflowGasMakeMoney_d0g0v0_Frontier...ok
   - RevertDepthCreateOOG_d1g0v0_Homestead...ok
   - randomStatetest46_d0g0v0_Homestead...ok
   - modexp_d8g2v0_EIP150...ok
   - RevertOpcodeCalls_d0g0v0_Byzantium...ok
   - OverflowGasMakeMoney_d0g0v0_Homestead...ok
   - randomStatetest117_d0g0v0_Byzantium...ok
   - RevertOpcodeCalls_d0g0v0_EIP150...ok
   - modexp_d8g2v0_EIP158...ok
   - txCost-sec73_d0g0v0_Byzantium...ok
   - RevertOpcodeCalls_d0g0v0_EIP158...ok
   - randomStatetest117_d0g0v0_EIP150...ok
   - txCost-sec73_d0g0v0_EIP150...ok
   - RevertOpcodeCalls_d0g0v0_Frontier...ok
   - modexp_d8g2v0_Frontier...ok
   - modexp_d8g2v0_Homestead...ok
   - randomStatetest117_d0g0v0_EIP158...ok
   - txCost-sec73_d0g0v0_EIP158...ok
   - RevertOpcodeCalls_d0g0v0_Homestead...ok
   - randomStatetest117_d0g0v0_Frontier...ok
ok
   - RevertSubCallStorageOOG_d0g1v1_Byzantium...   - modexp_d11g1v0_Byzantium...ok
   - txCost-sec73_d0g0v0_Frontier...ok
   - randomStatetest117_d0g0v0_Homestead...ok
   - RevertSubCallStorageOOG_d0g1v1_EIP150...ok
   - modexp_d11g1v0_EIP150...ok
   - txCost-sec73_d0g0v0_Homestead...ok
   - randomStatetest571_d0g0v0_Byzantium...ok
   - modexp_d11g1v0_EIP158...ok
ok
   - RevertSubCallStorageOOG_d0g1v1_EIP158...   - block504980_d0g0v0_Byzantium...ok
   - randomStatetest571_d0g0v0_EIP150...ok
   - modexp_d11g1v0_Frontier...ok
   - RevertSubCallStorageOOG_d0g1v1_Frontier...ok
   - randomStatetest571_d0g0v0_EIP158...ok
   - modexp_d11g1v0_Homestead...ok
   - block504980_d0g0v0_EIP150...ok
   - RevertSubCallStorageOOG_d0g1v1_Homestead...ok
   - block504980_d0g0v0_EIP158...ok
   - randomStatetest571_d0g0v0_Frontier...ok
   - modexp_d28g0v0_Byzantium...ok
   - randomStatetest571_d0g0v0_Homestead...ok
   - RevertOpcodeReturn_d3g1v0_Byzantium...ok
   - randomStatetest106_d0g0v0_Byzantium...ok
   - block504980_d0g0v0_Frontier...ok
   - modexp_d28g0v0_EIP150...ok
   - RevertOpcodeReturn_d3g1v0_EIP150...ok
   - randomStatetest106_d0g0v0_EIP150...ok
   - block504980_d0g0v0_Homestead...ok
   - modexp_d28g0v0_EIP158...ok
   - RevertOpcodeReturn_d3g1v0_EIP158...ok
   - modexp_d28g0v0_Frontier...ok
   - randomStatetest106_d0g0v0_EIP158...ok
   - makeMoney_d0g0v0_Byzantium...ok
   - modexp_d28g0v0_Homestead...ok
   - RevertOpcodeReturn_d3g1v0_Frontier...ok
   - randomStatetest106_d0g0v0_Frontier...ok
   - CallSha256_5_d0g0v0_Byzantium...ok
   - makeMoney_d0g0v0_EIP150...ok
   - RevertOpcodeReturn_d3g1v0_Homestead...ok
   - CallSha256_5_d0g0v0_EIP150...ok
   - randomStatetest106_d0g0v0_Homestead...ok
   - makeMoney_d0g0v0_EIP158...ok
   - randomStatetest157_d0g0v0_Byzantium...ok
   - RevertOpcodeMultipleSubCalls_d0g3v0_Byzantium...ok
   - CallSha256_5_d0g0v0_EIP158...ok
   - makeMoney_d0g0v0_Frontier...ok
   - RevertOpcodeMultipleSubCalls_d0g3v0_EIP150...ok
   - randomStatetest157_d0g0v0_EIP150...ok
   - RevertOpcodeMultipleSubCalls_d0g3v0_EIP158...ok
   - makeMoney_d0g0v0_Homestead...ok
   - CallSha256_5_d0g0v0_Frontier...ok
   - randomStatetest157_d0g0v0_EIP158...ok
   - RevertOpcodeMultipleSubCalls_d0g3v0_Frontier...ok
   - CallSha256_5_d0g0v0_Homestead...ok
   - tx_e1c174e2_d0g0v0_Byzantium...ok
   - modexp_1_1_1_20500_d0g1v0_Byzantium...ok
   - RevertOpcodeMultipleSubCalls_d0g3v0_Homestead...ok
   - randomStatetest157_d0g0v0_Frontier...ok
   - tx_e1c174e2_d0g0v0_EIP150...ok
   - modexp_1_1_1_20500_d0g1v0_EIP150...ok
   - RevertDepthCreateOOG_d0g0v0_Byzantium...ok
   - tx_e1c174e2_d0g0v0_EIP158...ok
   - randomStatetest157_d0g0v0_Homestead...ok
   - modexp_1_1_1_20500_d0g1v0_EIP158...ok
   - RevertDepthCreateOOG_d0g0v0_EIP150...ok
   - modexp_1_1_1_20500_d0g1v0_Frontier...ok
   - tx_e1c174e2_d0g0v0_Frontier...ok
   - randomStatetest378_d0g0v0_Byzantium...ok
   - randomStatetest378_d0g0v0_EIP150...ok
   - modexp_1_1_1_20500_d0g1v0_Homestead...ok
   - RevertDepthCreateOOG_d0g0v0_EIP158...ok
   - tx_e1c174e2_d0g0v0_Homestead...ok
   - randomStatetest378_d0g0v0_EIP158...ok
   - modexp_d12g3v0_Byzantium...ok
test json_tests::chain::block_tests::BlockchainTests_GeneralStateTest_stSpecialTest ... ok
ok
   - RevertDepthCreateOOG_d0g0v0_Frontier...ok
   - randomStatetest378_d0g0v0_Frontier...ok
   - modexp_d12g3v0_EIP150...   - stackOverflowM1PUSH_d30g0v0_Byzantium...ok
   - stackOverflowM1PUSH_d30g0v0_EIP150...ok
   - modexp_d12g3v0_EIP158...ok
   - RevertDepthCreateOOG_d0g0v0_Homestead...ok
   - stackOverflowM1PUSH_d30g0v0_EIP158...ok
   - randomStatetest378_d0g0v0_Homestead...ok
   - modexp_d12g3v0_Frontier...ok
   - TouchToEmptyAccountRevert3_d0g0v0_Byzantium...ok
   - randomStatetest37_d0g0v0_Byzantium...ok
   - stackOverflowM1PUSH_d30g0v0_Frontier...ok
   - modexp_d12g3v0_Homestead...ok
   - TouchToEmptyAccountRevert3_d0g0v0_EIP150...ok
   - randomStatetest37_d0g0v0_EIP150...ok
   - stackOverflowM1PUSH_d30g0v0_Homestead...ok
   - modexp_d8g0v0_Byzantium...ok
   - TouchToEmptyAccountRevert3_d0g0v0_EIP158...ok
   - TouchToEmptyAccountRevert3_d0g0v0_Frontier...ok
   - randomStatetest37_d0g0v0_EIP158...ok
   - modexp_d8g0v0_EIP150...ok
   - shallowStack_d36g0v0_Byzantium...ok
   - shallowStack_d36g0v0_EIP150...ok
   - TouchToEmptyAccountRevert3_d0g0v0_Homestead...ok
   - randomStatetest37_d0g0v0_Frontier...ok
ok
   - modexp_d8g0v0_EIP158...   - RevertOpcodeMultipleSubCalls_d3g2v0_Byzantium...ok
   - shallowStack_d36g0v0_EIP158...ok
   - modexp_d8g0v0_Frontier...ok
   - randomStatetest37_d0g0v0_Homestead...ok
   - RevertOpcodeMultipleSubCalls_d3g2v0_EIP150...ok
   - shallowStack_d36g0v0_Frontier...ok
   - RevertOpcodeMultipleSubCalls_d3g2v0_EIP158...ok
   - modexp_d8g0v0_Homestead...ok
   - randomStatetest178_d0g0v0_Byzantium...ok
   - shallowStack_d36g0v0_Homestead...ok
   - RevertOpcodeMultipleSubCalls_d3g2v0_Frontier...ok
   - modexp_0_0_0_25000_d0g1v0_Byzantium...ok
   - shallowStack_d30g0v0_Byzantium...ok
   - RevertOpcodeMultipleSubCalls_d3g2v0_Homestead...ok
   - randomStatetest178_d0g0v0_EIP150...ok
   - shallowStack_d30g0v0_EIP150...ok
   - modexp_0_0_0_25000_d0g1v0_EIP150...ok
   - RevertSubCallStorageOOG_d0g0v0_Byzantium...ok
   - RevertSubCallStorageOOG_d0g0v0_EIP150...ok
   - modexp_0_0_0_25000_d0g1v0_EIP158...ok
   - randomStatetest178_d0g0v0_EIP158...ok
   - shallowStack_d30g0v0_EIP158...ok
   - RevertSubCallStorageOOG_d0g0v0_EIP158...ok
   - modexp_0_0_0_25000_d0g1v0_Frontier...ok
   - shallowStack_d30g0v0_Frontier...ok
   - RevertSubCallStorageOOG_d0g0v0_Frontier...ok
   - modexp_0_0_0_25000_d0g1v0_Homestead...ok
   - randomStatetest178_d0g0v0_Frontier...ok
   - shallowStack_d30g0v0_Homestead...ok
   - modexp_d8g1v0_Byzantium...ok
   - modexp_d8g1v0_EIP150...ok
   - randomStatetest178_d0g0v0_Homestead...ok
   - RevertSubCallStorageOOG_d0g0v0_Homestead...ok
   - shallowStack_d68g0v0_Byzantium...ok
   - modexp_d8g1v0_EIP158...ok
   - shallowStack_d68g0v0_EIP150...ok
   - randomStatetest183_d0g0v0_Byzantium...ok
   - shallowStack_d68g0v0_EIP158...ok
   - randomStatetest183_d0g0v0_EIP150...ok
ok
   - modexp_d8g1v0_Frontier...   - RevertOpcodeCreate_d0g0v0_Byzantium...ok
   - randomStatetest183_d0g0v0_EIP158...ok
   - shallowStack_d68g0v0_Frontier...ok
   - RevertOpcodeCreate_d0g0v0_EIP150...ok
   - modexp_d8g1v0_Homestead...ok
   - randomStatetest183_d0g0v0_Frontier...ok
   - RevertOpcodeCreate_d0g0v0_EIP158...ok
   - shallowStack_d68g0v0_Homestead...ok
   - modexp_d27g2v0_Byzantium...ok
   - randomStatetest183_d0g0v0_Homestead...ok
   - shallowStack_d7g0v0_Byzantium...ok
   - modexp_d27g2v0_EIP150...ok
   - RevertOpcodeCreate_d0g0v0_Frontier...ok
   - randomStatetest297_d0g0v0_Byzantium...ok
   - modexp_d27g2v0_EIP158...ok
   - RevertOpcodeCreate_d0g0v0_Homestead...ok
   - randomStatetest297_d0g0v0_EIP150...ok
   - shallowStack_d7g0v0_EIP150...ok
   - modexp_d27g2v0_Frontier...ok
   - RevertPrefoundEmptyCallOOG_d0g0v0_Byzantium...ok
   - shallowStack_d7g0v0_EIP158...ok
   - randomStatetest297_d0g0v0_EIP158...ok
   - modexp_d27g2v0_Homestead...ok
   - RevertPrefoundEmptyCallOOG_d0g0v0_EIP150...ok
   - shallowStack_d7g0v0_Frontier...ok
   - randomStatetest297_d0g0v0_Frontier...ok
   - shallowStack_d7g0v0_Homestead...ok
   - modexp_37120_37111_0_35000_d0g1v0_Byzantium...ok
   - RevertPrefoundEmptyCallOOG_d0g0v0_EIP158...ok
   - modexp_37120_37111_0_35000_d0g1v0_EIP150...ok
   - randomStatetest297_d0g0v0_Homestead...ok
   - shallowStack_d24g0v0_Byzantium...ok
   - RevertPrefoundEmptyCallOOG_d0g0v0_Frontier...ok
   - shallowStack_d24g0v0_EIP150...ok
   - modexp_37120_37111_0_35000_d0g1v0_EIP158...ok
   - randomStatetest354_d0g0v0_Byzantium...ok
   - RevertPrefoundEmptyCallOOG_d0g0v0_Homestead...ok
   - modexp_37120_37111_0_35000_d0g1v0_Frontier...ok
   - shallowStack_d24g0v0_EIP158...ok
   - randomStatetest354_d0g0v0_EIP150...ok
   - shallowStack_d24g0v0_Frontier...ok
   - RevertOpcodeMultipleSubCalls_d3g3v1_Byzantium...ok
   - modexp_37120_37111_0_35000_d0g1v0_Homestead...ok
   - randomStatetest354_d0g0v0_EIP158...ok
   - shallowStack_d24g0v0_Homestead...ok
   - RevertOpcodeMultipleSubCalls_d3g3v1_EIP150...ok
   - modexp_1_0_1_22000_d0g2v0_Byzantium...ok
   - randomStatetest354_d0g0v0_Frontier...ok
   - RevertOpcodeMultipleSubCalls_d3g3v1_EIP158...ok
   - shallowStack_d79g0v0_Byzantium...ok
   - randomStatetest354_d0g0v0_Homestead...ok
   - modexp_1_0_1_22000_d0g2v0_EIP150...ok
   - shallowStack_d79g0v0_EIP150...ok
   - RevertOpcodeMultipleSubCalls_d3g3v1_Frontier...ok
   - randomStatetest192_d0g0v0_Byzantium...ok
   - shallowStack_d79g0v0_EIP158...ok
   - modexp_1_0_1_22000_d0g2v0_EIP158...ok
   - randomStatetest192_d0g0v0_EIP150...ok
   - RevertOpcodeMultipleSubCalls_d3g3v1_Homestead...ok
   - shallowStack_d79g0v0_Frontier...ok
   - randomStatetest192_d0g0v0_EIP158...ok
   - RevertOpcodeWithBigOutputInInit_d0g1v1_Byzantium...ok
   - shallowStack_d79g0v0_Homestead...ok
   - randomStatetest192_d0g0v0_Frontier...ok
   - modexp_1_0_1_22000_d0g2v0_Frontier...ok
ok
   - RevertOpcodeWithBigOutputInInit_d0g1v1_EIP150...   - stackOverflowDUP_d9g0v0_Byzantium...ok
   - stackOverflowDUP_d9g0v0_EIP150...ok
   - modexp_1_0_1_22000_d0g2v0_Homestead...ok
   - RevertOpcodeWithBigOutputInInit_d0g1v1_EIP158...ok
   - randomStatetest192_d0g0v0_Homestead...ok
   - stackOverflowDUP_d9g0v0_EIP158...ok
ok
   - CALLCODESha256_2_d0g0v0_Byzantium...   - randomStatetest475_d0g0v0_Byzantium...ok
   - RevertOpcodeWithBigOutputInInit_d0g1v1_Frontier...ok
   - stackOverflowDUP_d9g0v0_Frontier...ok
   - RevertOpcodeWithBigOutputInInit_d0g1v1_Homestead...ok
   - CALLCODESha256_2_d0g0v0_EIP150...ok
   - stackOverflowDUP_d9g0v0_Homestead...ok
   - randomStatetest475_d0g0v0_EIP150...ok
   - randomStatetest475_d0g0v0_EIP158...ok
   - CALLCODESha256_2_d0g0v0_EIP158...ok
   - RevertOpcodeReturn_d4g0v0_Byzantium...ok
   - stackOverflow_d11g0v0_Byzantium...ok
   - randomStatetest475_d0g0v0_Frontier...ok
   - stackOverflow_d11g0v0_EIP150...ok
   - CALLCODESha256_2_d0g0v0_Frontier...ok
   - randomStatetest475_d0g0v0_Homestead...ok
   - RevertOpcodeReturn_d4g0v0_EIP150...ok
   - stackOverflow_d11g0v0_EIP158...ok
   - randomStatetest628_d0g0v0_Byzantium...ok
   - CALLCODESha256_2_d0g0v0_Homestead...ok
   - RevertOpcodeReturn_d4g0v0_EIP158...ok
   - stackOverflow_d11g0v0_Frontier...ok
   - modexp_1_0_1_20500_d0g0v0_Byzantium...ok
   - RevertOpcodeReturn_d4g0v0_Frontier...ok
   - randomStatetest628_d0g0v0_EIP150...ok
   - stackOverflow_d11g0v0_Homestead...ok
   - modexp_1_0_1_20500_d0g0v0_EIP150...ok
   - modexp_1_0_1_20500_d0g0v0_EIP158...ok
   - RevertOpcodeReturn_d4g0v0_Homestead...ok
   - modexp_1_0_1_20500_d0g0v0_Frontier...ok
   - modexp_1_0_1_20500_d0g0v0_Homestead...ok
   - shallowStack_d13g0v0_Byzantium...ok
   - randomStatetest628_d0g0v0_EIP158...ok
   - RevertPrecompiledTouch_d0g0v0_Byzantium...ok
   - randomStatetest628_d0g0v0_Frontier...ok
ok
   - shallowStack_d13g0v0_EIP150...   - modexp_3_5_100_155000_d0g0v0_Byzantium...ok
   - randomStatetest628_d0g0v0_Homestead...ok
   - RevertPrecompiledTouch_d0g0v0_EIP150...ok
   - modexp_3_5_100_155000_d0g0v0_EIP150...ok
   - shallowStack_d13g0v0_EIP158...ok
   - randomStatetest480_d0g0v0_Byzantium...ok
   - RevertPrecompiledTouch_d0g0v0_EIP158...ok
   - modexp_3_5_100_155000_d0g0v0_EIP158...ok
   - RevertPrecompiledTouch_d0g0v0_Frontier...ok
   - shallowStack_d13g0v0_Frontier...ok
   - randomStatetest480_d0g0v0_EIP150...ok
   - RevertPrecompiledTouch_d0g0v0_Homestead...ok
   - modexp_3_5_100_155000_d0g0v0_Frontier...ok
   - shallowStack_d13g0v0_Homestead...ok
   - RevertOpcodeCalls_d0g1v0_Byzantium...ok
   - modexp_3_5_100_155000_d0g0v0_Homestead...ok
   - RevertOpcodeCalls_d0g1v0_EIP150...ok
   - randomStatetest480_d0g0v0_EIP158...ok
   - shallowStack_d44g0v0_Byzantium...ok
   - RevertOpcodeCalls_d0g1v0_EIP158...ok
ok
   - randomStatetest480_d0g0v0_Frontier...   - modexp_d33g1v0_Byzantium...ok
   - shallowStack_d44g0v0_EIP150...ok
   - modexp_d33g1v0_EIP150...ok
   - RevertOpcodeCalls_d0g1v0_Frontier...ok
   - randomStatetest480_d0g0v0_Homestead...ok
   - shallowStack_d44g0v0_EIP158...ok
   - RevertOpcodeCalls_d0g1v0_Homestead...ok
   - modexp_d33g1v0_EIP158...ok
   - randomStatetest275_d0g0v0_Byzantium...ok
   - shallowStack_d44g0v0_Frontier...ok
   - LoopCallsThenRevert_d0g0v0_Byzantium...ok
   - modexp_d33g1v0_Frontier...ok
   - randomStatetest275_d0g0v0_EIP150...ok
   - modexp_d33g1v0_Homestead...ok
   - LoopCallsThenRevert_d0g0v0_EIP150...ok
   - shallowStack_d44g0v0_Homestead...ok
   - randomStatetest275_d0g0v0_EIP158...ok
   - modexp_3_5_100_155000_d0g2v0_Byzantium...ok
   - modexp_3_5_100_155000_d0g2v0_EIP150...ok
   - LoopCallsThenRevert_d0g0v0_EIP158...ok
   - randomStatetest275_d0g0v0_Frontier...ok
   - stackOverflowPUSH_d4g0v0_Byzantium...ok
   - randomStatetest275_d0g0v0_Homestead...ok
   - modexp_3_5_100_155000_d0g2v0_EIP158...ok
   - LoopCallsThenRevert_d0g0v0_Frontier...ok
ok
   - stackOverflowPUSH_d4g0v0_EIP150...   - randomStatetest489_d0g0v0_Byzantium...ok
   - LoopCallsThenRevert_d0g0v0_Homestead...ok
   - stackOverflowPUSH_d4g0v0_EIP158...ok
   - modexp_3_5_100_155000_d0g2v0_Frontier...ok
   - randomStatetest489_d0g0v0_EIP150...ok
   - RevertInStaticCall_d0g0v0_Byzantium...ok
   - modexp_3_5_100_155000_d0g2v0_Homestead...ok
   - stackOverflowPUSH_d4g0v0_Frontier...ok
   - randomStatetest489_d0g0v0_EIP158...ok
ok
   - stackOverflowPUSH_d4g0v0_Homestead...   - modexp_1_0_0_155000_d0g1v0_Byzantium...ok
   - RevertInStaticCall_d0g0v0_EIP150...ok
   - randomStatetest489_d0g0v0_Frontier...ok
ok
   - RevertInStaticCall_d0g0v0_EIP158...   - stackOverflowPUSH_d3g0v0_Byzantium...ok
   - modexp_1_0_0_155000_d0g1v0_EIP150...ok
   - RevertInStaticCall_d0g0v0_Frontier...ok
   - stackOverflowPUSH_d3g0v0_EIP150...ok
   - randomStatetest489_d0g0v0_Homestead...ok
   - RevertInStaticCall_d0g0v0_Homestead...ok
   - modexp_1_0_0_155000_d0g1v0_EIP158...ok
   - RevertDepthCreateOOG_d0g1v1_Byzantium...ok
   - randomStatetest101_d0g0v0_Byzantium...ok
   - stackOverflowPUSH_d3g0v0_EIP158...ok
   - modexp_1_0_0_155000_d0g1v0_Frontier...ok
   - RevertDepthCreateOOG_d0g1v1_EIP150...ok
   - randomStatetest101_d0g0v0_EIP150...ok
   - stackOverflowPUSH_d3g0v0_Frontier...ok
   - modexp_1_0_0_155000_d0g1v0_Homestead...ok
   - RevertDepthCreateOOG_d0g1v1_EIP158...ok
   - randomStatetest101_d0g0v0_EIP158...ok
   - modexp_d31g0v0_Byzantium...ok
   - stackOverflowPUSH_d3g0v0_Homestead...ok
ok
   - randomStatetest101_d0g0v0_Frontier...   - shallowStack_d37g0v0_Byzantium...ok
   - RevertDepthCreateOOG_d0g1v1_Frontier...ok
   - shallowStack_d37g0v0_EIP150...ok
   - modexp_d31g0v0_EIP150...ok
   - randomStatetest101_d0g0v0_Homestead...ok
   - shallowStack_d37g0v0_EIP158...ok
   - RevertDepthCreateOOG_d0g1v1_Homestead...ok
   - modexp_d31g0v0_EIP158...ok
   - shallowStack_d37g0v0_Frontier...ok
   - RevertDepthCreateAddressCollision_d0g0v1_Byzantium...ok
   - randomStatetest639_d0g0v0_Byzantium...ok
   - shallowStack_d37g0v0_Homestead...ok
   - RevertDepthCreateAddressCollision_d0g0v1_EIP150...ok
   - modexp_d31g0v0_Frontier...ok
   - RevertDepthCreateAddressCollision_d0g0v1_EIP158...ok
   - shallowStack_d3g0v0_Byzantium...ok
   - modexp_d31g0v0_Homestead...ok
   - RevertDepthCreateAddressCollision_d0g0v1_Frontier...ok
   - randomStatetest639_d0g0v0_EIP150...ok
   - modexp_d31g1v0_Byzantium...ok
   - RevertDepthCreateAddressCollision_d0g0v1_Homestead...ok
   - shallowStack_d3g0v0_EIP150...ok
   - modexp_d31g1v0_EIP150...ok
   - modexp_d31g1v0_EIP158...ok
   - RevertOpcodeInInit_d0g1v0_Byzantium...ok
   - shallowStack_d3g0v0_EIP158...ok
   - randomStatetest639_d0g0v0_EIP158...ok
   - shallowStack_d3g0v0_Frontier...ok
   - RevertOpcodeInInit_d0g1v0_EIP150...ok
   - modexp_d31g1v0_Frontier...ok
   - shallowStack_d3g0v0_Homestead...ok
   - RevertOpcodeInInit_d0g1v0_EIP158...ok
   - modexp_d31g1v0_Homestead...ok
   - CallRipemd160_4_gas719_d0g0v0_Byzantium...ok
   - RevertOpcodeInInit_d0g1v0_Frontier...ok
ok
   - randomStatetest639_d0g0v0_Frontier...   - stackOverflowM1PUSH_d13g0v0_Byzantium...ok
   - stackOverflowM1PUSH_d13g0v0_EIP150...ok
   - CallRipemd160_4_gas719_d0g0v0_EIP150...ok
   - RevertOpcodeInInit_d0g1v0_Homestead...ok
   - stackOverflowM1PUSH_d13g0v0_EIP158...ok
   - randomStatetest639_d0g0v0_Homestead...ok
   - CallRipemd160_4_gas719_d0g0v0_EIP158...ok
   - RevertOpcode_d0g1v1_Byzantium...ok
   - CallRipemd160_4_gas719_d0g0v0_Frontier...ok
   - stackOverflowM1PUSH_d13g0v0_Frontier...ok
   - randomStatetest111_d0g0v0_Byzantium...ok
   - RevertOpcode_d0g1v1_EIP150...ok
   - stackOverflowM1PUSH_d13g0v0_Homestead...ok
   - stackOverflowM1PUSH_d1g0v0_Byzantium...ok
   - RevertOpcode_d0g1v1_EIP158...ok
   - CallRipemd160_4_gas719_d0g0v0_Homestead...ok
   - randomStatetest111_d0g0v0_EIP150...ok
   - stackOverflowM1PUSH_d1g0v0_EIP150...ok
   - stackOverflowM1PUSH_d1g0v0_EIP158...ok
   - RevertOpcode_d0g1v1_Frontier...ok
   - modexp_3_5_100_155000_d0g1v0_Byzantium...ok
   - stackOverflowM1PUSH_d1g0v0_Frontier...ok
   - randomStatetest111_d0g0v0_EIP158...ok
   - stackOverflowM1PUSH_d1g0v0_Homestead...ok
   - modexp_3_5_100_155000_d0g1v0_EIP150...ok
   - randomStatetest111_d0g0v0_Frontier...ok
   - RevertOpcode_d0g1v1_Homestead...ok
   - modexp_3_5_100_155000_d0g1v0_EIP158...ok
   - RevertOpcodeWithBigOutputInInit_d0g0v1_Byzantium...ok
   - modexp_3_5_100_155000_d0g1v0_Frontier...ok
   - randomStatetest111_d0g0v0_Homestead...ok
   - RevertOpcodeWithBigOutputInInit_d0g0v1_EIP150...ok
   - shallowStack_d51g0v0_Byzantium...ok
   - RevertOpcodeWithBigOutputInInit_d0g0v1_EIP158...ok
   - randomStatetest441_d0g0v0_Byzantium...ok
   - randomStatetest441_d0g0v0_EIP150...ok
   - RevertOpcodeWithBigOutputInInit_d0g0v1_Frontier...ok
   - shallowStack_d51g0v0_EIP150...ok
   - modexp_3_5_100_155000_d0g1v0_Homestead...ok
   - randomStatetest441_d0g0v0_EIP158...ok
   - shallowStack_d51g0v0_EIP158...ok
   - randomStatetest441_d0g0v0_Frontier...ok
   - RevertOpcodeWithBigOutputInInit_d0g0v1_Homestead...ok
   - modexp_d0g3v0_Byzantium...ok
   - shallowStack_d51g0v0_Frontier...ok
   - randomStatetest441_d0g0v0_Homestead...ok
   - modexp_d0g3v0_EIP150...ok
   - RevertOpcodeMultipleSubCalls_d2g0v1_Byzantium...ok
   - randomStatetest630_d0g0v0_Byzantium...ok
   - randomStatetest630_d0g0v0_EIP150...ok
   - shallowStack_d51g0v0_Homestead...ok
   - RevertOpcodeMultipleSubCalls_d2g0v1_EIP150...ok
   - modexp_d0g3v0_EIP158...ok
   - randomStatetest630_d0g0v0_EIP158...ok
   - stackOverflowM1PUSH_d19g0v0_Byzantium...ok
   - RevertOpcodeMultipleSubCalls_d2g0v1_EIP158...ok
   - modexp_d0g3v0_Frontier...ok
   - randomStatetest630_d0g0v0_Frontier...ok
   - stackOverflowM1PUSH_d19g0v0_EIP150...ok
   - randomStatetest630_d0g0v0_Homestead...ok
   - RevertOpcodeMultipleSubCalls_d2g0v1_Frontier...ok
   - stackOverflowM1PUSH_d19g0v0_EIP158...ok
   - modexp_d0g3v0_Homestead...ok
   - randomStatetest525_d0g0v0_Byzantium...ok
   - stackOverflowM1PUSH_d19g0v0_Frontier...ok
   - RevertOpcodeMultipleSubCalls_d2g0v1_Homestead...ok
   - randomStatetest525_d0g0v0_EIP150...ok
   - modexp_49_2401_2401_155000_d0g2v0_Byzantium...ok
   - RevertOpcodeCalls_d1g1v0_Byzantium...ok
   - stackOverflowM1PUSH_d19g0v0_Homestead...ok
   - randomStatetest525_d0g0v0_EIP158...ok
   - modexp_49_2401_2401_155000_d0g2v0_EIP150...ok
   - RevertOpcodeCalls_d1g1v0_EIP150...ok
   - randomStatetest525_d0g0v0_Frontier...ok
   - RevertOpcodeCalls_d1g1v0_EIP158...ok
   - shallowStack_d55g0v0_Byzantium...ok
   - modexp_49_2401_2401_155000_d0g2v0_EIP158...ok
   - RevertOpcodeCalls_d1g1v0_Frontier...ok
   - shallowStack_d55g0v0_EIP150...ok
   - RevertOpcodeCalls_d1g1v0_Homestead...ok
   - randomStatetest525_d0g0v0_Homestead...ok
   - modexp_49_2401_2401_155000_d0g2v0_Frontier...ok
   - shallowStack_d55g0v0_EIP158...ok
   - shallowStack_d55g0v0_Frontier...ok
ok
   - modexp_49_2401_2401_155000_d0g2v0_Homestead...ok
   - randomStatetest448_d0g0v0_Byzantium...   - RevertOpcodeMultipleSubCalls_d2g3v1_Byzantium...ok
   - shallowStack_d55g0v0_Homestead...ok
   - modexp_0_0_0_35000_d0g1v0_Byzantium...ok
   - randomStatetest448_d0g0v0_EIP150...ok
   - RevertOpcodeMultipleSubCalls_d2g3v1_EIP150...ok
   - stackOverflowDUP_d5g0v0_Byzantium...ok
   - modexp_0_0_0_35000_d0g1v0_EIP150...ok
   - randomStatetest448_d0g0v0_EIP158...ok
   - modexp_0_0_0_35000_d0g1v0_EIP158...ok
   - randomStatetest448_d0g0v0_Frontier...ok
   - stackOverflowDUP_d5g0v0_EIP150...ok
   - modexp_0_0_0_35000_d0g1v0_Frontier...ok
   - RevertOpcodeMultipleSubCalls_d2g3v1_EIP158...ok
   - randomStatetest448_d0g0v0_Homestead...ok
   - modexp_0_0_0_35000_d0g1v0_Homestead...ok
   - stackOverflowDUP_d5g0v0_EIP158...ok
ok
   - RevertOpcodeMultipleSubCalls_d2g3v1_Frontier...   - randomStatetest126_d0g0v0_Byzantium...ok
   - RevertOpcodeMultipleSubCalls_d2g3v1_Homestead...ok
   - stackOverflowDUP_d5g0v0_Frontier...ok
ok
   - randomStatetest126_d0g0v0_EIP150...   - modexp_0_3_100_1000000_d0g2v0_Byzantium...ok
   - RevertOpcodeMultipleSubCalls_d2g1v1_Byzantium...ok
   - randomStatetest126_d0g0v0_EIP158...ok
   - stackOverflowDUP_d5g0v0_Homestead...ok
ok
   - modexp_0_3_100_1000000_d0g2v0_EIP150...   - shallowStack_d35g0v0_Byzantium...ok
   - randomStatetest126_d0g0v0_Frontier...ok
   - RevertOpcodeMultipleSubCalls_d2g1v1_EIP150...ok
   - modexp_0_3_100_1000000_d0g2v0_EIP158...ok
   - modexp_0_3_100_1000000_d0g2v0_Frontier...ok
   - RevertOpcodeMultipleSubCalls_d2g1v1_EIP158...ok
   - randomStatetest126_d0g0v0_Homestead...ok
   - shallowStack_d35g0v0_EIP150...ok
   - randomStatetest351_d0g0v0_Byzantium...ok
   - modexp_0_3_100_1000000_d0g2v0_Homestead...ok
   - RevertOpcodeMultipleSubCalls_d2g1v1_Frontier...ok
   - shallowStack_d35g0v0_EIP158...ok
   - modexp_9_37111_37111_20500_d0g1v0_Byzantium...ok
   - shallowStack_d35g0v0_Frontier...ok
   - RevertOpcodeMultipleSubCalls_d2g1v1_Homestead...ok
   - modexp_9_37111_37111_20500_d0g1v0_EIP150...ok
   - randomStatetest351_d0g0v0_EIP150...ok
   - RevertRemoteSubCallStorageOOG_d0g0v0_Byzantium...ok
   - randomStatetest351_d0g0v0_EIP158...ok
   - modexp_9_37111_37111_20500_d0g1v0_EIP158...ok
   - RevertRemoteSubCallStorageOOG_d0g0v0_EIP150...ok
   - shallowStack_d35g0v0_Homestead...ok
   - randomStatetest351_d0g0v0_Frontier...ok
   - RevertRemoteSubCallStorageOOG_d0g0v0_EIP158...ok
   - stackOverflowM1DUP_d5g0v0_Byzantium...ok
   - randomStatetest351_d0g0v0_Homestead...ok
   - modexp_9_37111_37111_20500_d0g1v0_Frontier...ok
   - RevertRemoteSubCallStorageOOG_d0g0v0_Frontier...ok
   - stackOverflowM1DUP_d5g0v0_EIP150...ok
   - randomStatetest161_d0g0v0_Byzantium...ok
   - stackOverflowM1DUP_d5g0v0_EIP158...ok
   - RevertRemoteSubCallStorageOOG_d0g0v0_Homestead...ok
   - modexp_9_37111_37111_20500_d0g1v0_Homestead...ok
   - randomStatetest161_d0g0v0_EIP150...ok
   - RevertOpcodeMultipleSubCalls_d1g0v1_Byzantium...ok
   - randomStatetest161_d0g0v0_EIP158...ok
   - stackOverflowM1DUP_d5g0v0_Frontier...ok
ok
   - RevertOpcodeMultipleSubCalls_d1g0v1_EIP150...   - modexp_d19g3v0_Byzantium...ok
   - randomStatetest161_d0g0v0_Frontier...ok
   - stackOverflowM1DUP_d5g0v0_Homestead...ok
   - RevertOpcodeMultipleSubCalls_d1g0v1_EIP158...ok
   - modexp_d19g3v0_EIP150...ok
   - randomStatetest161_d0g0v0_Homestead...ok
   - RevertOpcodeMultipleSubCalls_d1g0v1_Frontier...ok
   - modexp_d19g3v0_EIP158...ok
   - shallowStack_d60g0v0_Byzantium...ok
   - randomStatetest195_d0g0v0_Byzantium...ok
   - RevertOpcodeMultipleSubCalls_d1g0v1_Homestead...ok
   - modexp_d19g3v0_Frontier...ok
   - randomStatetest195_d0g0v0_EIP150...ok
   - shallowStack_d60g0v0_EIP150...ok
ok
   - modexp_d19g3v0_Homestead...ok
   - randomStatetest195_d0g0v0_EIP158...   - RevertOpcodeReturn_d2g1v0_Byzantium...ok
   - shallowStack_d60g0v0_EIP158...ok
   - modexp_1_0_1_155000_d0g3v0_Byzantium...ok
   - shallowStack_d60g0v0_Frontier...ok
   - RevertOpcodeReturn_d2g1v0_EIP150...ok
   - modexp_1_0_1_155000_d0g3v0_EIP150...ok
   - randomStatetest195_d0g0v0_Frontier...ok
   - shallowStack_d60g0v0_Homestead...ok
   - RevertOpcodeReturn_d2g1v0_EIP158...ok
ok
   - modexp_1_0_1_155000_d0g3v0_EIP158...ok
   - randomStatetest195_d0g0v0_Homestead...   - stackOverflowPUSH_d14g0v0_Byzantium...ok
   - RevertOpcodeReturn_d2g1v0_Frontier...ok
ok
   - randomStatetest603_d0g0v0_Byzantium...   - modexp_1_0_1_155000_d0g3v0_Frontier...ok
   - stackOverflowPUSH_d14g0v0_EIP150...ok
   - randomStatetest603_d0g0v0_EIP150...ok
   - RevertOpcodeReturn_d2g1v0_Homestead...ok
   - modexp_1_0_1_155000_d0g3v0_Homestead...ok
   - randomStatetest603_d0g0v0_EIP158...ok
   - stackOverflowPUSH_d14g0v0_EIP158...ok
   - randomStatetest603_d0g0v0_Frontier...ok
   - RevertOpcodeInCallsOnNonEmptyReturnData_d3g0v0_Byzantium...ok
   - stackOverflowPUSH_d14g0v0_Frontier...ok
   - modexp_3_09984_39936_1000000_d0g0v0_Byzantium...ok
   - RevertOpcodeInCallsOnNonEmptyReturnData_d3g0v0_EIP150...ok
   - randomStatetest603_d0g0v0_Homestead...ok
   - randomStatetest199_d0g0v0_Byzantium...ok
   - RevertOpcodeInCallsOnNonEmptyReturnData_d3g0v0_EIP158...ok
   - stackOverflowPUSH_d14g0v0_Homestead...ok
   - modexp_3_09984_39936_1000000_d0g0v0_EIP150...ok
   - randomStatetest199_d0g0v0_EIP150...ok
   - RevertOpcodeInCallsOnNonEmptyReturnData_d3g0v0_Frontier...ok
   - RevertOpcodeInCallsOnNonEmptyReturnData_d3g0v0_Homestead...ok
   - randomStatetest199_d0g0v0_EIP158...ok
   - stackOverflowDUP_d11g0v0_Byzantium...ok
   - modexp_3_09984_39936_1000000_d0g0v0_EIP158...ok
   - RevertPrefoundCall_d0g0v0_Byzantium...ok
   - randomStatetest199_d0g0v0_Frontier...ok
   - RevertPrefoundCall_d0g0v0_EIP150...ok
   - RevertPrefoundCall_d0g0v0_EIP158...ok
   - stackOverflowDUP_d11g0v0_EIP150...ok
   - randomStatetest199_d0g0v0_Homestead...ok
   - modexp_3_09984_39936_1000000_d0g0v0_Frontier...ok
   - randomStatetest580_d0g0v0_Byzantium...ok
   - randomStatetest580_d0g0v0_EIP150...ok
   - modexp_3_09984_39936_1000000_d0g0v0_Homestead...ok
   - RevertPrefoundCall_d0g0v0_Frontier...ok
   - stackOverflowDUP_d11g0v0_EIP158...ok
   - stackOverflowDUP_d11g0v0_Frontier...ok
   - randomStatetest580_d0g0v0_EIP158...ok
   - stackOverflowDUP_d11g0v0_Homestead...ok
   - randomStatetest580_d0g0v0_Frontier...ok
   - RevertPrefoundCall_d0g0v0_Homestead...ok
ok
   - RevertSubCallStorageOOG2_d0g0v1_Byzantium...ok
   - modexp_d16g3v0_Byzantium...   - stackOverflowPUSH_d12g0v0_Byzantium...ok
   - randomStatetest580_d0g0v0_Homestead...ok
   - modexp_d16g3v0_EIP150...ok
   - RevertSubCallStorageOOG2_d0g0v1_EIP150...ok
   - stackOverflowPUSH_d12g0v0_EIP150...ok
   - randomStatetest375_d0g0v0_Byzantium...ok
   - stackOverflowPUSH_d12g0v0_EIP158...ok
   - RevertSubCallStorageOOG2_d0g0v1_EIP158...ok
   - modexp_d16g3v0_EIP158...ok
   - randomStatetest375_d0g0v0_EIP150...ok
   - randomStatetest375_d0g0v0_EIP158...ok
   - stackOverflowPUSH_d12g0v0_Frontier...ok
   - RevertSubCallStorageOOG2_d0g0v1_Frontier...ok
   - randomStatetest375_d0g0v0_Frontier...ok
   - modexp_d16g3v0_Frontier...ok
   - RevertSubCallStorageOOG2_d0g0v1_Homestead...ok
   - stackOverflowPUSH_d12g0v0_Homestead...ok
   - randomStatetest375_d0g0v0_Homestead...ok
   - modexp_d16g3v0_Homestead...ok
   - RevertOpcodeCalls_d3g1v0_Byzantium...ok
   - shallowStack_d12g0v0_Byzantium...ok
   - randomStatetest325_d0g0v0_Byzantium...ok
   - CALLCODESha256_4_gas99_d0g0v0_Byzantium...ok
   - RevertOpcodeCalls_d3g1v0_EIP150...ok
   - CALLCODESha256_4_gas99_d0g0v0_EIP150...ok
   - randomStatetest325_d0g0v0_EIP150...ok
   - RevertOpcodeCalls_d3g1v0_EIP158...ok
   - randomStatetest325_d0g0v0_EIP158...ok
   - RevertOpcodeCalls_d3g1v0_Frontier...ok
   - CALLCODESha256_4_gas99_d0g0v0_EIP158...ok
   - shallowStack_d12g0v0_EIP150...ok
   - CALLCODESha256_4_gas99_d0g0v0_Frontier...ok
   - randomStatetest325_d0g0v0_Frontier...ok
   - shallowStack_d12g0v0_EIP158...ok
   - randomStatetest325_d0g0v0_Homestead...ok
   - RevertOpcodeCalls_d3g1v0_Homestead...ok
ok
   - CALLCODESha256_4_gas99_d0g0v0_Homestead...ok
   - RevertOpcodeReturn_d1g0v0_Byzantium...   - randomStatetest116_d0g0v0_Byzantium...ok
   - shallowStack_d12g0v0_Frontier...ok
   - RevertOpcodeReturn_d1g0v0_EIP150...ok
   - shallowStack_d12g0v0_Homestead...ok
   - modexp_37120_37111_97_22000_d0g2v0_Byzantium...ok
   - RevertOpcodeReturn_d1g0v0_EIP158...ok
   - randomStatetest116_d0g0v0_EIP150...ok
   - modexp_37120_37111_97_22000_d0g2v0_EIP150...ok
ok
   - RevertOpcodeReturn_d1g0v0_Frontier...   - stackOverflowPUSH_d24g0v0_Byzantium...ok
   - RevertOpcodeReturn_d1g0v0_Homestead...ok
   - randomStatetest116_d0g0v0_EIP158...ok
   - RevertPrecompiledTouchDC_d0g0v0_Byzantium...ok
   - stackOverflowPUSH_d24g0v0_EIP150...ok
   - modexp_37120_37111_97_22000_d0g2v0_EIP158...ok
   - RevertPrecompiledTouchDC_d0g0v0_EIP150...ok
   - stackOverflowPUSH_d24g0v0_EIP158...ok
   - randomStatetest116_d0g0v0_Frontier...ok
   - modexp_37120_37111_97_22000_d0g2v0_Frontier...ok
   - RevertPrecompiledTouchDC_d0g0v0_EIP158...ok
   - stackOverflowPUSH_d24g0v0_Frontier...ok
   - RevertPrecompiledTouchDC_d0g0v0_Frontier...ok
   - stackOverflowPUSH_d24g0v0_Homestead...ok
   - randomStatetest116_d0g0v0_Homestead...ok
ok
   - modexp_37120_37111_97_22000_d0g2v0_Homestead...   - stackOverflowM1_d12g0v0_Byzantium...ok
   - RevertPrecompiledTouchDC_d0g0v0_Homestead...ok
ok
   - RevertDepthCreateOOG_d0g1v0_Byzantium...   - modexp_39936_1_55201_155000_d0g2v0_Byzantium...ok
ok
   - stackOverflowM1_d12g0v0_EIP150...   - randomStatetest33_d0g0v0_Byzantium...ok
   - RevertDepthCreateOOG_d0g1v0_EIP150...ok
   - modexp_39936_1_55201_155000_d0g2v0_EIP150...ok
   - randomStatetest33_d0g0v0_EIP150...ok
   - RevertDepthCreateOOG_d0g1v0_EIP158...ok
   - stackOverflowM1_d12g0v0_EIP158...ok
   - RevertDepthCreateOOG_d0g1v0_Frontier...ok
   - modexp_39936_1_55201_155000_d0g2v0_EIP158...ok
   - randomStatetest33_d0g0v0_EIP158...ok
   - RevertDepthCreateOOG_d0g1v0_Homestead...ok
   - modexp_39936_1_55201_155000_d0g2v0_Frontier...ok
   - stackOverflowM1_d12g0v0_Frontier...ok
   - randomStatetest33_d0g0v0_Frontier...ok
   - RevertOpcodeInInit_d0g1v1_Byzantium...ok
   - modexp_39936_1_55201_155000_d0g2v0_Homestead...ok
   - stackOverflowM1_d12g0v0_Homestead...ok
ok
   - randomStatetest33_d0g0v0_Homestead...ok
   - RevertOpcodeInInit_d0g1v1_EIP150...ok
   - modexp_39936_1_55201_25000_d0g2v0_Byzantium...   - stackOverflowPUSH_d22g0v0_Byzantium...ok
   - RevertOpcodeInInit_d0g1v1_EIP158...ok
   - randomStatetest503_d0g0v0_Byzantium...ok
   - RevertOpcodeInInit_d0g1v1_Frontier...ok
   - modexp_39936_1_55201_25000_d0g2v0_EIP150...ok
   - stackOverflowPUSH_d22g0v0_EIP150...ok
   - RevertOpcodeInInit_d0g1v1_Homestead...ok
   - modexp_39936_1_55201_25000_d0g2v0_EIP158...ok
   - randomStatetest503_d0g0v0_EIP150...ok
   - stackOverflowPUSH_d22g0v0_EIP158...ok
   - RevertPrefoundOOG_d0g0v0_Byzantium...ok
   - randomStatetest503_d0g0v0_EIP158...ok
   - RevertPrefoundOOG_d0g0v0_EIP150...ok
   - modexp_39936_1_55201_25000_d0g2v0_Frontier...ok
ok
   - RevertPrefoundOOG_d0g0v0_EIP158...   - randomStatetest503_d0g0v0_Frontier...ok
   - stackOverflowPUSH_d22g0v0_Frontier...ok
   - modexp_39936_1_55201_25000_d0g2v0_Homestead...ok
   - randomStatetest503_d0g0v0_Homestead...ok
   - stackOverflowPUSH_d22g0v0_Homestead...ok
   - RevertPrefoundOOG_d0g0v0_Frontier...ok
ok
   - shallowStack_d19g0v0_Byzantium...ok
   - randomStatetest611_d0g0v0_Byzantium...   - modexp_1_0_0_35000_d0g3v0_Byzantium...ok
   - RevertPrefoundOOG_d0g0v0_Homestead...ok
   - shallowStack_d19g0v0_EIP150...ok
   - modexp_1_0_0_35000_d0g3v0_EIP150...ok
   - randomStatetest611_d0g0v0_EIP150...ok
   - shallowStack_d19g0v0_EIP158...ok
   - randomStatetest611_d0g0v0_EIP158...ok
ok
   - modexp_1_0_0_35000_d0g3v0_EIP158...   - RevertDepthCreateOOG_d1g1v0_Byzantium...ok
   - shallowStack_d19g0v0_Frontier...ok
   - modexp_1_0_0_35000_d0g3v0_Frontier...ok
   - RevertDepthCreateOOG_d1g1v0_EIP150...ok
   - shallowStack_d19g0v0_Homestead...ok
   - randomStatetest611_d0g0v0_Frontier...ok
   - modexp_1_0_0_35000_d0g3v0_Homestead...ok
   - randomStatetest611_d0g0v0_Homestead...ok
   - RevertDepthCreateOOG_d1g1v0_EIP158...ok
   - modexp_d4g1v0_Byzantium...ok
   - shallowStack_d26g0v0_Byzantium...ok
   - randomStatetest96_d0g0v0_Byzantium...ok
   - modexp_d4g1v0_EIP150...ok
   - randomStatetest96_d0g0v0_EIP150...ok
   - RevertDepthCreateOOG_d1g1v0_Frontier...ok
   - shallowStack_d26g0v0_EIP150...ok
   - modexp_d4g1v0_EIP158...ok
   - randomStatetest96_d0g0v0_EIP158...ok
   - modexp_d4g1v0_Frontier...ok
   - RevertDepthCreateOOG_d1g1v0_Homestead...ok
   - shallowStack_d26g0v0_EIP158...ok
   - randomStatetest96_d0g0v0_Frontier...ok
   - modexp_d4g1v0_Homestead...ok
   - shallowStack_d26g0v0_Frontier...ok
   - modexp_1_0_1_35000_d0g0v0_Byzantium...ok
   - randomStatetest96_d0g0v0_Homestead...ok
   - shallowStack_d26g0v0_Homestead...ok
   - RevertOpcodeInInit_d0g0v1_Byzantium...ok
   - modexp_1_0_1_35000_d0g0v0_EIP150...ok
   - randomStatetest518_d0g0v0_Byzantium...ok
   - stackOverflow_d10g0v0_Byzantium...ok
   - RevertOpcodeInInit_d0g0v1_EIP150...ok
   - randomStatetest518_d0g0v0_EIP150...ok
   - randomStatetest518_d0g0v0_EIP158...ok
   - modexp_1_0_1_35000_d0g0v0_EIP158...ok
   - stackOverflow_d10g0v0_EIP150...ok
   - modexp_1_0_1_35000_d0g0v0_Frontier...ok
   - RevertOpcodeInInit_d0g0v1_EIP158...ok
   - randomStatetest518_d0g0v0_Frontier...ok
   - randomStatetest518_d0g0v0_Homestead...ok
   - stackOverflow_d10g0v0_EIP158...ok
   - modexp_1_0_1_35000_d0g0v0_Homestead...ok
   - RevertOpcodeInInit_d0g0v1_Frontier...ok
   - randomStatetest98_d0g0v0_Byzantium...ok
   - stackOverflow_d10g0v0_Frontier...ok
   - randomStatetest98_d0g0v0_EIP150...ok
   - RevertOpcodeInInit_d0g0v1_Homestead...ok
   - modexp_d4g0v0_Byzantium...ok
   - randomStatetest98_d0g0v0_EIP158...ok
   - stackOverflow_d10g0v0_Homestead...ok
   - randomStatetest98_d0g0v0_Frontier...ok
ok
   - randomStatetest98_d0g0v0_Homestead...   - RevertSubCallStorageOOG_d0g1v0_Byzantium...ok
   - stackOverflowM1DUP_d9g0v0_Byzantium...ok
   - modexp_d4g0v0_EIP150...ok
   - modexp_d4g0v0_EIP158...ok
   - randomStatetest6_d0g0v0_Byzantium...ok
   - RevertSubCallStorageOOG_d0g1v0_EIP150...ok
   - modexp_d4g0v0_Frontier...ok
   - stackOverflowM1DUP_d9g0v0_EIP150...ok
   - stackOverflowM1DUP_d9g0v0_EIP158...ok
   - modexp_d4g0v0_Homestead...ok
   - randomStatetest6_d0g0v0_EIP150...ok
   - RevertSubCallStorageOOG_d0g1v0_EIP158...ok
   - stackOverflowM1DUP_d9g0v0_Frontier...ok
   - modexp_0_0_0_22000_d0g2v0_Byzantium...ok
   - stackOverflowM1DUP_d9g0v0_Homestead...ok
   - modexp_0_0_0_22000_d0g2v0_EIP150...ok
   - stackOverflowDUP_d14g0v0_Byzantium...ok
   - randomStatetest6_d0g0v0_EIP158...ok
   - RevertSubCallStorageOOG_d0g1v0_Frontier...ok
   - modexp_0_0_0_22000_d0g2v0_EIP158...ok
   - randomStatetest6_d0g0v0_Frontier...ok
   - stackOverflowDUP_d14g0v0_EIP150...ok
   - modexp_0_0_0_22000_d0g2v0_Frontier...ok
   - RevertSubCallStorageOOG_d0g1v0_Homestead...ok
   - randomStatetest6_d0g0v0_Homestead...ok
   - modexp_0_0_0_22000_d0g2v0_Homestead...ok
   - stackOverflowDUP_d14g0v0_EIP158...ok
   - RevertInDelegateCall_d0g0v0_Byzantium...ok
   - RevertInDelegateCall_d0g0v0_EIP150...ok
   - modexp_d21g0v0_Byzantium...ok
   - stackOverflowDUP_d14g0v0_Frontier...ok
   - RevertInDelegateCall_d0g0v0_EIP158...ok
   - randomStatetest363_d0g0v0_Byzantium...ok
   - modexp_d21g0v0_EIP150...ok
   - randomStatetest363_d0g0v0_EIP150...ok
   - stackOverflowDUP_d14g0v0_Homestead...ok
   - RevertInDelegateCall_d0g0v0_Frontier...ok
   - modexp_d21g0v0_EIP158...ok
   - stackOverflowM1_d9g0v0_Byzantium...ok
   - randomStatetest363_d0g0v0_EIP158...ok
   - stackOverflowM1_d9g0v0_EIP150...ok
   - modexp_d21g0v0_Frontier...ok
   - RevertInDelegateCall_d0g0v0_Homestead...ok
   - stackOverflowM1_d9g0v0_EIP158...ok
   - randomStatetest363_d0g0v0_Frontier...ok
   - modexp_d21g0v0_Homestead...ok
   - TouchToEmptyAccountRevert2_d0g0v0_Byzantium...ok
   - stackOverflowM1_d9g0v0_Frontier...ok
   - randomStatetest363_d0g0v0_Homestead...ok
   - CallEcrecoverCheckLength_d0g0v0_Byzantium...ok
   - TouchToEmptyAccountRevert2_d0g0v0_EIP150...ok
   - randomStatetest501_d0g0v0_Byzantium...ok
   - stackOverflowM1_d9g0v0_Homestead...ok
   - CallEcrecoverCheckLength_d0g0v0_EIP150...ok
   - randomStatetest501_d0g0v0_EIP150...ok
   - TouchToEmptyAccountRevert2_d0g0v0_EIP158...ok
   - randomStatetest501_d0g0v0_EIP158...ok
   - CallEcrecoverCheckLength_d0g0v0_EIP158...ok
ok
   - TouchToEmptyAccountRevert2_d0g0v0_Frontier...ok
   - randomStatetest501_d0g0v0_Frontier...ok
   - CallEcrecoverCheckLength_d0g0v0_Frontier...   - stackOverflowM1PUSH_d25g0v0_Byzantium...ok
   - randomStatetest501_d0g0v0_Homestead...ok
   - CallEcrecoverCheckLength_d0g0v0_Homestead...ok
   - stackOverflowM1PUSH_d25g0v0_EIP150...ok
   - TouchToEmptyAccountRevert2_d0g0v0_Homestead...ok
   - randomStatetest206_d0g0v0_Byzantium...ok
   - modexp_0_1_0_22000_d0g1v0_Byzantium...ok
   - randomStatetest206_d0g0v0_EIP150...ok
   - stackOverflowM1PUSH_d25g0v0_EIP158...ok
   - randomStatetest206_d0g0v0_EIP158...ok
   - modexp_0_1_0_22000_d0g1v0_EIP150...ok
   - RevertOpcodeMultipleSubCalls_d3g2v1_Byzantium...ok
   - randomStatetest206_d0g0v0_Frontier...ok
   - modexp_0_1_0_22000_d0g1v0_EIP158...ok
   - randomStatetest206_d0g0v0_Homestead...ok
   - modexp_0_1_0_22000_d0g1v0_Frontier...ok
   - RevertOpcodeMultipleSubCalls_d3g2v1_EIP150...ok
   - stackOverflowM1PUSH_d25g0v0_Frontier...ok
   - randomStatetest215_d0g0v0_Byzantium...ok
   - modexp_0_1_0_22000_d0g1v0_Homestead...ok
   - stackOverflowM1PUSH_d25g0v0_Homestead...ok
   - RevertOpcodeMultipleSubCalls_d3g2v1_EIP158...ok
ok
   - modexp_d7g0v0_Byzantium...ok
   - RevertOpcodeMultipleSubCalls_d3g2v1_Frontier...   - stackOverflowM1PUSH_d16g0v0_Byzantium...ok
   - modexp_d7g0v0_EIP150...ok
   - randomStatetest215_d0g0v0_EIP150...ok
   - RevertOpcodeMultipleSubCalls_d3g2v1_Homestead...ok
   - stackOverflowM1PUSH_d16g0v0_EIP150...ok
   - randomStatetest215_d0g0v0_EIP158...ok
   - RevertOpcodeInCallsOnNonEmptyReturnData_d0g1v0_Byzantium...ok
   - modexp_d7g0v0_EIP158...ok
   - stackOverflowM1PUSH_d16g0v0_EIP158...ok
   - randomStatetest215_d0g0v0_Frontier...ok
   - modexp_d7g0v0_Frontier...ok
   - stackOverflowM1PUSH_d16g0v0_Frontier...ok
   - randomStatetest215_d0g0v0_Homestead...ok
   - RevertOpcodeInCallsOnNonEmptyReturnData_d0g1v0_EIP150...ok
   - modexp_d7g0v0_Homestead...ok
   - randomStatetest446_d0g0v0_Byzantium...ok
   - RevertOpcodeInCallsOnNonEmptyReturnData_d0g1v0_EIP158...ok
   - stackOverflowM1PUSH_d16g0v0_Homestead...ok
   - modexp_1_0_1_22000_d0g3v0_Byzantium...ok
   - randomStatetest446_d0g0v0_EIP150...ok
   - RevertOpcodeInCallsOnNonEmptyReturnData_d0g1v0_Frontier...ok
   - shallowStack_d0g0v0_Byzantium...ok
   - modexp_1_0_1_22000_d0g3v0_EIP150...ok
   - RevertOpcodeInCallsOnNonEmptyReturnData_d0g1v0_Homestead...ok
   - randomStatetest446_d0g0v0_EIP158...ok
   - shallowStack_d0g0v0_EIP150...ok
   - RevertOpcodeMultipleSubCalls_d0g0v0_Byzantium...ok
   - shallowStack_d0g0v0_EIP158...ok
   - modexp_1_0_1_22000_d0g3v0_EIP158...ok
   - randomStatetest446_d0g0v0_Frontier...ok
   - RevertOpcodeMultipleSubCalls_d0g0v0_EIP150...ok
   - modexp_1_0_1_22000_d0g3v0_Frontier...ok
   - shallowStack_d0g0v0_Frontier...ok
   - randomStatetest446_d0g0v0_Homestead...ok
   - modexp_1_0_1_22000_d0g3v0_Homestead...ok
   - shallowStack_d0g0v0_Homestead...ok
   - RevertOpcodeMultipleSubCalls_d0g0v0_EIP158...ok
   - randomStatetest415_d0g0v0_Byzantium...ok
   - modexp_d17g2v0_Byzantium...ok
   - stackOverflow_d4g0v0_Byzantium...ok
   - RevertOpcodeMultipleSubCalls_d0g0v0_Frontier...ok
   - stackOverflow_d4g0v0_EIP150...ok
   - modexp_d17g2v0_EIP150...ok
   - stackOverflow_d4g0v0_EIP158...ok
   - randomStatetest415_d0g0v0_EIP150...ok
   - RevertOpcodeMultipleSubCalls_d0g0v0_Homestead...ok
   - modexp_d17g2v0_EIP158...ok
   - stackOverflow_d4g0v0_Frontier...ok
ok
   - modexp_d17g2v0_Frontier...   - RevertOpcodeMultipleSubCalls_d0g2v1_Byzantium...ok
   - stackOverflow_d4g0v0_Homestead...ok
   - modexp_d17g2v0_Homestead...ok
   - RevertOpcodeMultipleSubCalls_d0g2v1_EIP150...ok
   - randomStatetest415_d0g0v0_EIP158...ok
   - shallowStack_d9g0v0_Byzantium...ok
   - RevertOpcodeMultipleSubCalls_d0g2v1_EIP158...ok
   - CallEcrecoverR_prefixed0_d0g0v0_Byzantium...ok
   - randomStatetest415_d0g0v0_Frontier...ok
   - shallowStack_d9g0v0_EIP150...ok
   - RevertOpcodeMultipleSubCalls_d0g2v1_Frontier...ok
   - CallEcrecoverR_prefixed0_d0g0v0_EIP150...ok
   - RevertOpcodeMultipleSubCalls_d0g2v1_Homestead...ok
   - shallowStack_d9g0v0_EIP158...ok
   - randomStatetest415_d0g0v0_Homestead...ok
   - CallEcrecoverR_prefixed0_d0g0v0_EIP158...ok
   - RevertOpcodeCalls_d3g0v0_Byzantium...ok
   - randomStatetest644_d0g0v0_Byzantium...ok
   - shallowStack_d9g0v0_Frontier...ok
   - randomStatetest644_d0g0v0_EIP150...ok
   - CallEcrecoverR_prefixed0_d0g0v0_Frontier...ok
   - RevertOpcodeCalls_d3g0v0_EIP150...ok
   - shallowStack_d9g0v0_Homestead...ok
   - randomStatetest644_d0g0v0_EIP158...ok
   - RevertOpcodeCalls_d3g0v0_EIP158...ok
   - stackOverflow_d7g0v0_Byzantium...ok
   - CallEcrecoverR_prefixed0_d0g0v0_Homestead...ok
   - RevertOpcodeCalls_d3g0v0_Frontier...ok
   - randomStatetest644_d0g0v0_Frontier...ok
   - stackOverflow_d7g0v0_EIP150...ok
ok
   - randomStatetest644_d0g0v0_Homestead...   - modexp_d2g1v0_Byzantium...ok
   - RevertOpcodeCalls_d3g0v0_Homestead...ok
   - stackOverflow_d7g0v0_EIP158...ok
ok
   - modexp_d2g1v0_EIP150...   - RevertPrefoundEmptyOOG_d0g0v0_Byzantium...ok
   - randomStatetest402_d0g0v0_Byzantium...ok
   - stackOverflow_d7g0v0_Frontier...ok
   - modexp_d2g1v0_EIP158...ok
   - stackOverflow_d7g0v0_Homestead...ok
   - RevertPrefoundEmptyOOG_d0g0v0_EIP150...ok
   - randomStatetest402_d0g0v0_EIP150...ok
   - modexp_d2g1v0_Frontier...ok
   - RevertPrefoundEmptyOOG_d0g0v0_EIP158...ok
   - modexp_d2g1v0_Homestead...ok
   - shallowStack_d5g0v0_Byzantium...ok
   - randomStatetest402_d0g0v0_EIP158...ok
   - RevertPrefoundEmptyOOG_d0g0v0_Frontier...ok
   - shallowStack_d5g0v0_EIP150...ok
   - modexp_d25g1v0_Byzantium...ok
   - shallowStack_d5g0v0_EIP158...ok
   - RevertPrefoundEmptyOOG_d0g0v0_Homestead...ok
   - randomStatetest402_d0g0v0_Frontier...ok
   - shallowStack_d5g0v0_Frontier...ok
   - modexp_d25g1v0_EIP150...ok
   - randomStatetest402_d0g0v0_Homestead...ok
   - shallowStack_d5g0v0_Homestead...ok
   - RevertDepthCreateAddressCollision_d0g0v0_Byzantium...ok
   - modexp_d25g1v0_EIP158...ok
   - randomStatetest560_d0g0v0_Byzantium...ok
   - stackOverflowM1_d8g0v0_Byzantium...ok
   - modexp_d25g1v0_Frontier...ok
   - RevertDepthCreateAddressCollision_d0g0v0_EIP150...ok
   - randomStatetest560_d0g0v0_EIP150...ok
   - stackOverflowM1_d8g0v0_EIP150...ok
   - modexp_d25g1v0_Homestead...ok
   - RevertDepthCreateAddressCollision_d0g0v0_EIP158...ok
   - randomStatetest560_d0g0v0_EIP158...ok
   - stackOverflowM1_d8g0v0_EIP158...ok
   - modexp_d20g3v0_Byzantium...ok
   - RevertDepthCreateAddressCollision_d0g0v0_Frontier...ok
   - stackOverflowM1_d8g0v0_Frontier...ok
   - RevertDepthCreateAddressCollision_d0g0v0_Homestead...ok
   - randomStatetest560_d0g0v0_Frontier...ok
   - stackOverflowM1_d8g0v0_Homestead...ok
ok
   - randomStatetest560_d0g0v0_Homestead...   - RevertOpcodeMultipleSubCalls_d1g1v1_Byzantium...ok
   - modexp_d20g3v0_EIP150...ok
ok
   - RevertOpcodeMultipleSubCalls_d1g1v1_EIP150...ok
   - modexp_d20g3v0_EIP158...ok
   - randomStatetest169_d0g0v0_Byzantium...   - stackOverflowM1PUSH_d18g0v0_Byzantium...ok
   - stackOverflowM1PUSH_d18g0v0_EIP150...ok
   - modexp_d20g3v0_Frontier...ok
   - RevertOpcodeMultipleSubCalls_d1g1v1_EIP158...ok
ok
   - stackOverflowM1PUSH_d18g0v0_EIP158...   - randomStatetest169_d0g0v0_EIP150...ok
   - modexp_d20g3v0_Homestead...ok
   - randomStatetest169_d0g0v0_EIP158...ok
   - stackOverflowM1PUSH_d18g0v0_Frontier...ok
   - RevertOpcodeMultipleSubCalls_d1g1v1_Frontier...ok
   - modexp_39936_1_55201_1000000_d0g0v0_Byzantium...ok
   - randomStatetest169_d0g0v0_Frontier...ok
   - RevertOpcodeMultipleSubCalls_d1g1v1_Homestead...ok
   - stackOverflowM1PUSH_d18g0v0_Homestead...ok
   - modexp_39936_1_55201_1000000_d0g0v0_EIP150...ok
   - randomStatetest169_d0g0v0_Homestead...ok
   - shallowStack_d61g0v0_Byzantium...ok
ok
   - randomStatetest102_d0g0v0_Byzantium...   - RevertOpcodeReturn_d1g1v0_Byzantium...ok
   - modexp_39936_1_55201_1000000_d0g0v0_EIP158...ok
   - shallowStack_d61g0v0_EIP150...ok
   - modexp_39936_1_55201_1000000_d0g0v0_Frontier...ok
   - randomStatetest102_d0g0v0_EIP150...ok
   - modexp_39936_1_55201_1000000_d0g0v0_Homestead...ok
   - RevertOpcodeReturn_d1g1v0_EIP150...ok
   - shallowStack_d61g0v0_EIP158...ok
   - randomStatetest102_d0g0v0_EIP158...ok
   - shallowStack_d61g0v0_Frontier...ok
ok
   - randomStatetest102_d0g0v0_Frontier...   - modexp_0_1_0_22000_d0g2v0_Byzantium...ok
   - RevertOpcodeReturn_d1g1v0_EIP158...ok
   - modexp_0_1_0_22000_d0g2v0_EIP150...ok
   - shallowStack_d61g0v0_Homestead...ok
   - randomStatetest102_d0g0v0_Homestead...ok
ok
   - randomStatetest478_d0g0v0_Byzantium...ok
   - RevertOpcodeReturn_d1g1v0_Frontier...ok
   - modexp_0_1_0_22000_d0g2v0_EIP158...   - stackOverflowPUSH_d26g0v0_Byzantium...ok
   - RevertOpcodeReturn_d1g1v0_Homestead...ok
   - randomStatetest478_d0g0v0_EIP150...ok
   - modexp_0_1_0_22000_d0g2v0_Frontier...ok
   - stackOverflowPUSH_d26g0v0_EIP150...ok
   - randomStatetest478_d0g0v0_EIP158...ok
   - LoopCallsDepthThenRevert_d0g0v0_Byzantium...ok
   - stackOverflowPUSH_d26g0v0_EIP158...ok
   - randomStatetest478_d0g0v0_Frontier...ok
   - modexp_0_1_0_22000_d0g2v0_Homestead...ok
   - randomStatetest478_d0g0v0_Homestead...ok
   - stackOverflowPUSH_d26g0v0_Frontier...ok
   - LoopCallsDepthThenRevert_d0g0v0_EIP150...ok
   - modexp_3_5_100_22000_d0g3v0_Byzantium...ok
   - randomStatetest74_d0g0v0_Byzantium...ok
   - stackOverflowPUSH_d26g0v0_Homestead...ok
   - LoopCallsDepthThenRevert_d0g0v0_EIP158...ok
   - randomStatetest74_d0g0v0_EIP150...ok
   - modexp_3_5_100_22000_d0g3v0_EIP150...ok
ok
   - LoopCallsDepthThenRevert_d0g0v0_Frontier...   - shallowStack_d29g0v0_Byzantium...ok
   - randomStatetest74_d0g0v0_EIP158...ok
   - LoopCallsDepthThenRevert_d0g0v0_Homestead...ok
   - modexp_3_5_100_22000_d0g3v0_EIP158...ok
   - randomStatetest74_d0g0v0_Frontier...ok
   - RevertOpcodeWithBigOutputInInit_d0g0v0_Byzantium...ok
   - shallowStack_d29g0v0_EIP150...ok
   - modexp_3_5_100_22000_d0g3v0_Frontier...ok
   - RevertOpcodeWithBigOutputInInit_d0g0v0_EIP150...ok
   - randomStatetest74_d0g0v0_Homestead...ok
   - shallowStack_d29g0v0_EIP158...ok
ok
   - RevertOpcodeWithBigOutputInInit_d0g0v0_EIP158...   - randomStatetest276_d0g0v0_Byzantium...ok
   - shallowStack_d29g0v0_Frontier...ok
   - RevertOpcodeWithBigOutputInInit_d0g0v0_Frontier...ok
   - modexp_3_5_100_22000_d0g3v0_Homestead...ok
   - randomStatetest276_d0g0v0_EIP150...ok
   - modexp_37120_22411_22000_d0g3v0_Byzantium...ok
   - RevertOpcodeWithBigOutputInInit_d0g0v0_Homestead...ok
   - shallowStack_d29g0v0_Homestead...ok
   - RevertPrefoundEmptyCall_d0g0v0_Byzantium...ok
ok
   - modexp_37120_22411_22000_d0g3v0_EIP150...   - stackOverflowM1PUSH_d10g0v0_Byzantium...ok
   - randomStatetest276_d0g0v0_EIP158...ok
   - RevertPrefoundEmptyCall_d0g0v0_EIP150...ok
   - stackOverflowM1PUSH_d10g0v0_EIP150...ok
   - randomStatetest276_d0g0v0_Frontier...ok
   - modexp_37120_22411_22000_d0g3v0_EIP158...ok
   - RevertPrefoundEmptyCall_d0g0v0_EIP158...ok
   - randomStatetest276_d0g0v0_Homestead...ok
   - stackOverflowM1PUSH_d10g0v0_EIP158...ok
   - RevertPrefoundEmptyCall_d0g0v0_Frontier...ok
   - randomStatetest88_d0g0v0_Byzantium...ok
   - modexp_37120_22411_22000_d0g3v0_Frontier...ok
   - modexp_37120_22411_22000_d0g3v0_Homestead...ok
   - RevertPrefoundEmptyCall_d0g0v0_Homestead...ok
   - stackOverflowM1PUSH_d10g0v0_Frontier...ok
   - randomStatetest88_d0g0v0_EIP150...ok
   - stackOverflowM1PUSH_d10g0v0_Homestead...ok
   - modexp_55190_55190_42965_22000_d0g3v0_Byzantium...ok
   - RevertOpcodeMultipleSubCalls_d1g2v1_Byzantium...ok
ok
   - randomStatetest88_d0g0v0_EIP158...   - stackOverflowPUSH_d25g0v0_Byzantium...ok
   - modexp_55190_55190_42965_22000_d0g3v0_EIP150...ok
   - RevertOpcodeMultipleSubCalls_d1g2v1_EIP150...ok
   - randomStatetest88_d0g0v0_Frontier...ok
   - modexp_55190_55190_42965_22000_d0g3v0_EIP158...ok
   - randomStatetest88_d0g0v0_Homestead...ok
   - modexp_55190_55190_42965_22000_d0g3v0_Frontier...ok
   - RevertOpcodeMultipleSubCalls_d1g2v1_EIP158...ok
   - stackOverflowPUSH_d25g0v0_EIP150...ok
   - randomStatetest197_d0g0v0_Byzantium...ok
   - stackOverflowPUSH_d25g0v0_EIP158...ok
   - randomStatetest197_d0g0v0_EIP150...ok
   - modexp_55190_55190_42965_22000_d0g3v0_Homestead...ok
   - stackOverflowPUSH_d25g0v0_Frontier...ok
   - RevertOpcodeMultipleSubCalls_d1g2v1_Frontier...ok
   - randomStatetest197_d0g0v0_EIP158...ok
   - modexp_d20g0v0_Byzantium...ok
   - stackOverflowPUSH_d25g0v0_Homestead...ok
   - RevertOpcodeMultipleSubCalls_d1g2v1_Homestead...ok
   - randomStatetest197_d0g0v0_Frontier...ok
   - modexp_d20g0v0_EIP150...ok
   - stackOverflowM1_d1g0v0_Byzantium...ok
   - LoopCallsDepthThenRevert3_d0g0v0_Byzantium...ok
   - randomStatetest197_d0g0v0_Homestead...ok
   - stackOverflowM1_d1g0v0_EIP150...ok
   - randomStatetest300_d0g0v0_Byzantium...ok
   - modexp_d20g0v0_EIP158...ok
   - modexp_d20g0v0_Frontier...ok
   - LoopCallsDepthThenRevert3_d0g0v0_EIP150...ok
   - modexp_d20g0v0_Homestead...ok
   - randomStatetest300_d0g0v0_EIP150...ok
   - stackOverflowM1_d1g0v0_EIP158...ok
   - modexp_39936_1_55201_20500_d0g3v0_Byzantium...ok
   - randomStatetest300_d0g0v0_EIP158...ok
   - stackOverflowM1_d1g0v0_Frontier...ok
   - modexp_39936_1_55201_20500_d0g3v0_EIP150...ok
   - LoopCallsDepthThenRevert3_d0g0v0_EIP158...ok
   - modexp_39936_1_55201_20500_d0g3v0_EIP158...ok
   - randomStatetest300_d0g0v0_Frontier...ok
   - stackOverflowM1_d1g0v0_Homestead...ok
   - modexp_39936_1_55201_20500_d0g3v0_Frontier...ok
   - randomStatetest300_d0g0v0_Homestead...ok
   - stackOverflowM1PUSH_d4g0v0_Byzantium...ok
   - LoopCallsDepthThenRevert3_d0g0v0_Frontier...ok
   - modexp_39936_1_55201_20500_d0g3v0_Homestead...ok
   - randomStatetest57_d0g0v0_Byzantium...ok
   - LoopCallsDepthThenRevert3_d0g0v0_Homestead...ok
   - stackOverflowM1PUSH_d4g0v0_EIP150...ok
   - randomStatetest57_d0g0v0_EIP150...ok
   - CallSha256_0_d0g0v0_Byzantium...ok
ok
   - stackOverflowM1PUSH_d4g0v0_EIP158...   - RevertOpcodeCreate_d0g1v0_Byzantium...ok
   - randomStatetest57_d0g0v0_EIP158...ok
   - CallSha256_0_d0g0v0_EIP150...ok
   - RevertOpcodeCreate_d0g1v0_EIP150...ok
   - stackOverflowM1PUSH_d4g0v0_Frontier...ok
   - CallSha256_0_d0g0v0_EIP158...ok
   - randomStatetest57_d0g0v0_Frontier...ok
   - RevertOpcodeCreate_d0g1v0_EIP158...ok
   - stackOverflowM1PUSH_d4g0v0_Homestead...ok
   - randomStatetest57_d0g0v0_Homestead...ok
   - RevertOpcodeCreate_d0g1v0_Frontier...ok
   - CallSha256_0_d0g0v0_Frontier...ok
ok
   - randomStatetest31_d0g0v0_Byzantium...   - stackOverflow_d12g0v0_Byzantium...ok
   - RevertOpcodeCreate_d0g1v0_Homestead...ok
   - CallSha256_0_d0g0v0_Homestead...ok
   - randomStatetest31_d0g0v0_EIP150...ok
   - stackOverflow_d12g0v0_EIP150...ok
   - randomStatetest31_d0g0v0_EIP158...ok
   - modexp_55190_55190_42965_25000_d0g1v0_Byzantium...ok
   - RevertOpcodeInCallsOnNonEmptyReturnData_d2g0v0_Byzantium...ok
   - randomStatetest31_d0g0v0_Frontier...ok
   - stackOverflow_d12g0v0_EIP158...ok
   - stackOverflow_d12g0v0_Frontier...ok
   - modexp_55190_55190_42965_25000_d0g1v0_EIP150...ok
   - RevertOpcodeInCallsOnNonEmptyReturnData_d2g0v0_EIP150...ok
   - randomStatetest31_d0g0v0_Homestead...ok
   - stackOverflow_d12g0v0_Homestead...ok
   - modexp_55190_55190_42965_25000_d0g1v0_EIP158...ok
   - RevertOpcodeInCallsOnNonEmptyReturnData_d2g0v0_EIP158...ok
   - randomStatetest423_d0g0v0_Byzantium...ok
ok
   - modexp_55190_55190_42965_25000_d0g1v0_Frontier...   - stackOverflowPUSH_d9g0v0_Byzantium...ok
   - modexp_55190_55190_42965_25000_d0g1v0_Homestead...ok
   - randomStatetest423_d0g0v0_EIP150...ok
ok
   - modexp_37120_37111_37111_35000_d0g3v0_Byzantium...ok
   - stackOverflowPUSH_d9g0v0_EIP150...   - RevertOpcodeInCallsOnNonEmptyReturnData_d2g0v0_Frontier...ok
   - randomStatetest423_d0g0v0_EIP158...ok
   - RevertOpcodeInCallsOnNonEmptyReturnData_d2g0v0_Homestead...ok
   - stackOverflowPUSH_d9g0v0_EIP158...ok
   - modexp_37120_37111_37111_35000_d0g3v0_EIP150...ok
   - LoopCallsDepthThenRevert2_d0g0v0_Byzantium...ok
   - randomStatetest423_d0g0v0_Frontier...ok
   - stackOverflowPUSH_d9g0v0_Frontier...ok
   - modexp_37120_37111_37111_35000_d0g3v0_EIP158...ok
   - LoopCallsDepthThenRevert2_d0g0v0_EIP150...ok
ok
   - modexp_37120_37111_37111_35000_d0g3v0_Frontier...   - randomStatetest423_d0g0v0_Homestead...ok
   - stackOverflowPUSH_d9g0v0_Homestead...ok
   - randomStatetest118_d0g0v0_Byzantium...ok
   - stackOverflowM1DUP_d14g0v0_Byzantium...ok
   - modexp_37120_37111_37111_35000_d0g3v0_Homestead...ok
   - randomStatetest118_d0g0v0_EIP150...ok
   - stackOverflowM1DUP_d14g0v0_EIP150...ok
   - randomStatetest118_d0g0v0_EIP158...ok
   - LoopCallsDepthThenRevert2_d0g0v0_EIP158...ok
   - modexp_37120_37111_0_1000000_d0g1v0_Byzantium...ok
   - stackOverflowM1DUP_d14g0v0_EIP158...ok
   - randomStatetest118_d0g0v0_Frontier...ok
   - modexp_37120_37111_0_1000000_d0g1v0_EIP150...ok
   - randomStatetest118_d0g0v0_Homestead...ok
   - stackOverflowM1DUP_d14g0v0_Frontier...ok
   - modexp_37120_37111_0_1000000_d0g1v0_EIP158...ok
   - LoopCallsDepthThenRevert2_d0g0v0_Frontier...ok
   - stackOverflowM1DUP_d14g0v0_Homestead...ok
   - randomStatetest4_d0g0v0_Byzantium...ok
   - modexp_37120_37111_0_1000000_d0g1v0_Frontier...ok
   - LoopCallsDepthThenRevert2_d0g0v0_Homestead...ok
   - shallowStack_d14g0v0_Byzantium...ok
   - randomStatetest4_d0g0v0_EIP150...ok
   - shallowStack_d14g0v0_EIP150...ok
   - modexp_37120_37111_0_1000000_d0g1v0_Homestead...ok
   - randomStatetest4_d0g0v0_EIP158...ok
   - RevertOpcodeMultipleSubCalls_d3g1v0_Byzantium...ok
   - modexp_d18g1v0_Byzantium...ok
   - randomStatetest4_d0g0v0_Frontier...ok
   - shallowStack_d14g0v0_EIP158...ok
   - RevertOpcodeMultipleSubCalls_d3g1v0_EIP150...ok
   - modexp_d18g1v0_EIP150...ok
   - randomStatetest4_d0g0v0_Homestead...ok
   - modexp_d18g1v0_EIP158...ok
   - RevertOpcodeMultipleSubCalls_d3g1v0_EIP158...ok
   - shallowStack_d14g0v0_Frontier...ok
   - randomStatetest421_d0g0v0_Byzantium...ok
   - RevertOpcodeMultipleSubCalls_d3g1v0_Frontier...ok
   - modexp_d18g1v0_Frontier...ok
   - shallowStack_d14g0v0_Homestead...ok
   - shallowStack_d41g0v0_Byzantium...ok
   - randomStatetest421_d0g0v0_EIP150...ok
   - RevertOpcodeMultipleSubCalls_d3g1v0_Homestead...ok
   - modexp_d18g1v0_Homestead...ok
   - shallowStack_d41g0v0_EIP150...ok
   - RevertOpcodeMultipleSubCalls_d0g0v1_Byzantium...ok
   - randomStatetest421_d0g0v0_EIP158...ok
   - shallowStack_d41g0v0_EIP158...ok
   - modexp_37120_37111_37111_155000_d0g1v0_Byzantium...ok
   - RevertOpcodeMultipleSubCalls_d0g0v1_EIP150...ok
   - shallowStack_d41g0v0_Frontier...ok
   - modexp_37120_37111_37111_155000_d0g1v0_EIP150...ok
   - randomStatetest421_d0g0v0_Frontier...ok
   - RevertOpcodeMultipleSubCalls_d0g0v1_EIP158...ok
   - modexp_37120_37111_37111_155000_d0g1v0_EIP158...ok
   - shallowStack_d41g0v0_Homestead...ok
   - randomStatetest421_d0g0v0_Homestead...ok
   - RevertOpcodeMultipleSubCalls_d0g0v1_Frontier...ok
   - shallowStack_d71g0v0_Byzantium...ok
   - modexp_37120_37111_37111_155000_d0g1v0_Frontier...ok
   - randomStatetest417_d0g0v0_Byzantium...ok
   - RevertOpcodeMultipleSubCalls_d0g0v1_Homestead...ok
   - shallowStack_d71g0v0_EIP150...ok
ok
ok
   - randomStatetest417_d0g0v0_EIP150...   - modexp_37120_37111_37111_155000_d0g1v0_Homestead...ok
   - shallowStack_d71g0v0_EIP158...   - RevertRemoteSubCallStorageOOG_d0g1v0_Byzantium...ok
   - modexp_49_2401_2401_25000_d0g3v0_Byzantium...ok
   - RevertRemoteSubCallStorageOOG_d0g1v0_EIP150...ok
   - shallowStack_d71g0v0_Frontier...ok
   - randomStatetest417_d0g0v0_EIP158...ok
   - modexp_49_2401_2401_25000_d0g3v0_EIP150...ok
   - randomStatetest417_d0g0v0_Frontier...ok
   - randomStatetest417_d0g0v0_Homestead...ok
   - modexp_49_2401_2401_25000_d0g3v0_EIP158...ok
   - RevertRemoteSubCallStorageOOG_d0g1v0_EIP158...ok
   - shallowStack_d71g0v0_Homestead...ok
   - RevertRemoteSubCallStorageOOG_d0g1v0_Frontier...ok
   - randomStatetest482_d0g0v0_Byzantium...ok
   - modexp_49_2401_2401_25000_d0g3v0_Frontier...ok
   - shallowStack_d72g0v0_Byzantium...ok
   - randomStatetest482_d0g0v0_EIP150...ok
   - randomStatetest482_d0g0v0_EIP158...ok
   - RevertRemoteSubCallStorageOOG_d0g1v0_Homestead...ok
   - shallowStack_d72g0v0_EIP150...ok
   - modexp_49_2401_2401_25000_d0g3v0_Homestead...ok
   - randomStatetest482_d0g0v0_Frontier...ok
   - LoopCallsThenRevert_d0g1v0_Byzantium...ok
   - modexp_d5g0v0_Byzantium...ok
   - shallowStack_d72g0v0_EIP158...ok
   - randomStatetest482_d0g0v0_Homestead...ok
   - LoopCallsThenRevert_d0g1v0_EIP150...ok
   - modexp_d5g0v0_EIP150...ok
   - shallowStack_d72g0v0_Frontier...ok
   - randomStatetest64_d0g0v0_Byzantium...ok
   - modexp_d5g0v0_EIP158...ok
   - LoopCallsThenRevert_d0g1v0_EIP158...ok
   - randomStatetest64_d0g0v0_EIP150...ok
   - shallowStack_d72g0v0_Homestead...ok
   - randomStatetest64_d0g0v0_EIP158...ok
   - modexp_d5g0v0_Frontier...ok
   - LoopCallsThenRevert_d0g1v0_Frontier...ok
   - stackOverflowM1DUP_d3g0v0_Byzantium...ok
   - stackOverflowM1DUP_d3g0v0_EIP150...ok
   - modexp_d5g0v0_Homestead...ok
   - randomStatetest64_d0g0v0_Frontier...ok
   - LoopCallsThenRevert_d0g1v0_Homestead...ok
   - stackOverflowM1DUP_d3g0v0_EIP158...ok
   - modexp_0_0_0_25000_d0g3v0_Byzantium...ok
ok
   - randomStatetest64_d0g0v0_Homestead...   - RevertOpcodeInCallsOnNonEmptyReturnData_d3g1v0_Byzantium...ok
   - stackOverflowM1DUP_d3g0v0_Frontier...ok
   - RevertOpcodeInCallsOnNonEmptyReturnData_d3g1v0_EIP150...ok
ok
   - modexp_0_0_0_25000_d0g3v0_EIP150...   - randomStatetest439_d0g0v0_Byzantium...ok
   - stackOverflowM1DUP_d3g0v0_Homestead...ok
   - RevertOpcodeInCallsOnNonEmptyReturnData_d3g1v0_EIP158...ok
   - modexp_0_0_0_25000_d0g3v0_EIP158...ok
   - RevertOpcodeInCallsOnNonEmptyReturnData_d3g1v0_Frontier...ok
   - randomStatetest439_d0g0v0_EIP150...ok
   - RevertOpcodeInCallsOnNonEmptyReturnData_d3g1v0_Homestead...ok
   - shallowStack_d73g0v0_Byzantium...ok
   - modexp_0_0_0_25000_d0g3v0_Frontier...ok
   - randomStatetest439_d0g0v0_EIP158...ok
   - RevertSubCallStorageOOG2_d0g1v1_Byzantium...ok
   - modexp_0_0_0_25000_d0g3v0_Homestead...ok
   - shallowStack_d73g0v0_EIP150...ok
ok
   - randomStatetest439_d0g0v0_Frontier...   - modexp_3_09984_39936_25000_d0g3v0_Byzantium...ok
   - RevertSubCallStorageOOG2_d0g1v1_EIP150...ok
   - shallowStack_d73g0v0_EIP158...ok
   - randomStatetest439_d0g0v0_Homestead...ok
   - modexp_3_09984_39936_25000_d0g3v0_EIP150...ok
   - shallowStack_d73g0v0_Frontier...ok
   - RevertSubCallStorageOOG2_d0g1v1_EIP158...ok
   - modexp_3_09984_39936_25000_d0g3v0_EIP158...ok
   - randomStatetest268_d0g0v0_Byzantium...ok
   - shallowStack_d73g0v0_Homestead...ok
   - modexp_3_09984_39936_25000_d0g3v0_Frontier...ok
   - RevertSubCallStorageOOG2_d0g1v1_Frontier...ok
   - stackOverflowPUSH_d2g0v0_Byzantium...ok
   - randomStatetest268_d0g0v0_EIP150...ok
   - modexp_3_09984_39936_25000_d0g3v0_Homestead...ok
   - RevertSubCallStorageOOG2_d0g1v1_Homestead...ok
   - randomStatetest268_d0g0v0_EIP158...ok
   - stackOverflowPUSH_d2g0v0_EIP150...ok
ok
   - stackOverflowPUSH_d2g0v0_EIP158...   - modexp_37120_22411_22000_d0g2v0_Byzantium...ok
   - randomStatetest268_d0g0v0_Frontier...ok
   - RevertDepthCreateAddressCollision_d1g0v1_Byzantium...ok
   - RevertDepthCreateAddressCollision_d1g0v1_EIP150...ok
   - stackOverflowPUSH_d2g0v0_Frontier...ok
   - modexp_37120_22411_22000_d0g2v0_EIP150...ok
   - RevertDepthCreateAddressCollision_d1g0v1_EIP158...ok
   - randomStatetest268_d0g0v0_Homestead...ok
   - stackOverflowPUSH_d2g0v0_Homestead...ok
   - modexp_37120_22411_22000_d0g2v0_EIP158...ok
   - RevertDepthCreateAddressCollision_d1g0v1_Frontier...ok
   - stackOverflowM1_d13g0v0_Byzantium...ok
   - randomStatetest546_d0g0v0_Byzantium...ok
   - modexp_37120_22411_22000_d0g2v0_Frontier...ok
   - RevertDepthCreateAddressCollision_d1g0v1_Homestead...ok
   - stackOverflowM1_d13g0v0_EIP150...ok
   - randomStatetest546_d0g0v0_EIP150...ok
   - randomStatetest546_d0g0v0_EIP158...ok
   - randomStatetest546_d0g0v0_Frontier...ok
   - modexp_37120_22411_22000_d0g2v0_Homestead...ok
   - RevertRemoteSubCallStorageOOG2_d0g2v0_Byzantium...ok
   - stackOverflowM1_d13g0v0_EIP158...ok
   - RevertRemoteSubCallStorageOOG2_d0g2v0_EIP150...ok
   - stackOverflowM1_d13g0v0_Frontier...ok
   - modexp_37120_37111_1_155000_d0g2v0_Byzantium...ok
   - randomStatetest546_d0g0v0_Homestead...ok
   - RevertRemoteSubCallStorageOOG2_d0g2v0_EIP158...ok
   - stackOverflowM1_d13g0v0_Homestead...ok
   - modexp_37120_37111_1_155000_d0g2v0_EIP150...ok
   - randomStatetest562_d0g0v0_Byzantium...ok
   - shallowStack_d49g0v0_Byzantium...ok
   - RevertRemoteSubCallStorageOOG2_d0g2v0_Frontier...ok
   - randomStatetest562_d0g0v0_EIP150...ok
   - modexp_37120_37111_1_155000_d0g2v0_EIP158...ok
   - shallowStack_d49g0v0_EIP150...ok
   - randomStatetest562_d0g0v0_EIP158...ok
   - RevertRemoteSubCallStorageOOG2_d0g2v0_Homestead...ok
   - shallowStack_d49g0v0_EIP158...ok
   - modexp_37120_37111_1_155000_d0g2v0_Frontier...ok
   - RevertOpcodeMultipleSubCalls_d1g3v1_Byzantium...ok
   - shallowStack_d49g0v0_Frontier...ok
   - shallowStack_d49g0v0_Homestead...ok
   - RevertOpcodeMultipleSubCalls_d1g3v1_EIP150...ok
   - randomStatetest562_d0g0v0_Frontier...ok
   - modexp_37120_37111_1_155000_d0g2v0_Homestead...ok
   - stackOverflowM1_d6g0v0_Byzantium...ok
   - modexp_55190_55190_42965_1000000_d0g2v0_Byzantium...ok
   - stackOverflowM1_d6g0v0_EIP150...ok
   - RevertOpcodeMultipleSubCalls_d1g3v1_EIP158...ok
   - randomStatetest562_d0g0v0_Homestead...ok
   - modexp_55190_55190_42965_1000000_d0g2v0_EIP150...ok
   - stackOverflowM1_d6g0v0_EIP158...ok
   - RevertOpcodeMultipleSubCalls_d1g3v1_Frontier...ok
   - randomStatetest32_d0g0v0_Byzantium...ok
   - stackOverflowM1_d6g0v0_Frontier...ok
   - modexp_55190_55190_42965_1000000_d0g2v0_EIP158...ok
   - RevertOpcodeMultipleSubCalls_d1g3v1_Homestead...ok
   - randomStatetest32_d0g0v0_EIP150...ok
   - modexp_55190_55190_42965_1000000_d0g2v0_Frontier...ok
   - stackOverflowM1_d6g0v0_Homestead...ok
   - randomStatetest32_d0g0v0_EIP158...ok
   - RevertPrefound_d0g0v0_Byzantium...ok
   - randomStatetest32_d0g0v0_Frontier...ok
ok
   - modexp_55190_55190_42965_1000000_d0g2v0_Homestead...   - stackOverflowM1PUSH_d5g0v0_Byzantium...ok
   - randomStatetest32_d0g0v0_Homestead...ok
   - RevertPrefound_d0g0v0_EIP150...ok
   - CallEcrecover0_completeReturnValue_d0g0v0_Byzantium...ok
   - stackOverflowM1PUSH_d5g0v0_EIP150...ok
   - RevertPrefound_d0g0v0_EIP158...ok
   - randomStatetest468_d0g0v0_Byzantium...ok
   - RevertPrefound_d0g0v0_Frontier...ok
   - stackOverflowM1PUSH_d5g0v0_EIP158...ok
   - CallEcrecover0_completeReturnValue_d0g0v0_EIP150...ok
   - randomStatetest468_d0g0v0_EIP150...ok
   - stackOverflowM1PUSH_d5g0v0_Frontier...ok
   - randomStatetest468_d0g0v0_EIP158...ok
   - CallEcrecover0_completeReturnValue_d0g0v0_EIP158...ok
   - RevertPrefound_d0g0v0_Homestead...ok
   - randomStatetest468_d0g0v0_Frontier...ok
   - stackOverflowM1PUSH_d5g0v0_Homestead...ok
   - TouchToEmptyAccountRevert_d0g0v0_Byzantium...ok
ok
   - CallEcrecover0_completeReturnValue_d0g0v0_Frontier...   - stackOverflowM1PUSH_d17g0v0_Byzantium...ok
   - randomStatetest468_d0g0v0_Homestead...ok
   - CallEcrecover0_completeReturnValue_d0g0v0_Homestead...ok
   - stackOverflowM1PUSH_d17g0v0_EIP150...ok
   - randomStatetest320_d0g0v0_Byzantium...ok
   - TouchToEmptyAccountRevert_d0g0v0_EIP150...ok
   - modexp_d30g3v0_Byzantium...ok
   - TouchToEmptyAccountRevert_d0g0v0_EIP158...ok
   - randomStatetest320_d0g0v0_EIP150...ok
   - modexp_d30g3v0_EIP150...ok
   - stackOverflowM1PUSH_d17g0v0_EIP158...ok
   - stackOverflowM1PUSH_d17g0v0_Frontier...ok
   - randomStatetest320_d0g0v0_EIP158...ok
   - TouchToEmptyAccountRevert_d0g0v0_Frontier...ok
   - modexp_d30g3v0_EIP158...ok
   - stackOverflowM1PUSH_d17g0v0_Homestead...ok
   - randomStatetest320_d0g0v0_Frontier...ok
   - modexp_d30g3v0_Frontier...ok
   - TouchToEmptyAccountRevert_d0g0v0_Homestead...ok
   - shallowStack_d20g0v0_Byzantium...ok
   - randomStatetest320_d0g0v0_Homestead...ok
   - shallowStack_d20g0v0_EIP150...ok
   - modexp_d30g3v0_Homestead...ok
   - RevertOpcodeDirectCall_d0g0v0_Byzantium...ok
   - shallowStack_d20g0v0_EIP158...ok
   - randomStatetest311_d0g0v0_Byzantium...ok
   - shallowStack_d20g0v0_Frontier...ok
   - modexp_55190_55190_42965_20500_d0g1v0_Byzantium...ok
   - randomStatetest311_d0g0v0_EIP150...ok
   - shallowStack_d20g0v0_Homestead...ok
   - RevertOpcodeDirectCall_d0g0v0_EIP150...ok
   - modexp_55190_55190_42965_20500_d0g1v0_EIP150...ok
   - randomStatetest311_d0g0v0_EIP158...ok
   - stackOverflowM1DUP_d6g0v0_Byzantium...ok
   - RevertOpcodeDirectCall_d0g0v0_EIP158...ok
   - stackOverflowM1DUP_d6g0v0_EIP150...ok
   - modexp_55190_55190_42965_20500_d0g1v0_EIP158...ok
   - randomStatetest311_d0g0v0_Frontier...ok
   - stackOverflowM1DUP_d6g0v0_EIP158...ok
   - modexp_55190_55190_42965_20500_d0g1v0_Frontier...ok
   - RevertOpcodeDirectCall_d0g0v0_Frontier...ok
   - stackOverflowM1DUP_d6g0v0_Frontier...ok
   - randomStatetest311_d0g0v0_Homestead...ok
   - modexp_55190_55190_42965_20500_d0g1v0_Homestead...ok
   - RevertOpcodeDirectCall_d0g0v0_Homestead...ok
   - modexp_49_2401_2401_35000_d0g0v0_Byzantium...ok
   - stackOverflowM1DUP_d6g0v0_Homestead...ok
   - randomStatetest485_d0g0v0_Byzantium...ok
   - modexp_49_2401_2401_35000_d0g0v0_EIP150...ok
   - RevertOpcodeReturn_d5g0v0_Byzantium...ok
   - RevertOpcodeReturn_d5g0v0_EIP150...ok
   - stackOverflowDUP_d7g0v0_Byzantium...ok
   - randomStatetest485_d0g0v0_EIP150...ok
   - RevertOpcodeReturn_d5g0v0_EIP158...ok
   - modexp_49_2401_2401_35000_d0g0v0_EIP158...ok
   - modexp_49_2401_2401_35000_d0g0v0_Frontier...ok
   - stackOverflowDUP_d7g0v0_EIP150...ok
   - RevertOpcodeReturn_d5g0v0_Frontier...ok
   - modexp_49_2401_2401_35000_d0g0v0_Homestead...ok
   - randomStatetest485_d0g0v0_EIP158...ok
   - CallEcrecover0_NoGas_d0g0v0_Byzantium...ok
   - stackOverflowDUP_d7g0v0_EIP158...ok
   - randomStatetest485_d0g0v0_Frontier...ok
   - RevertOpcodeReturn_d5g0v0_Homestead...ok
   - RevertOpcodeInCreateReturns_d0g0v0_Byzantium...ok
   - randomStatetest485_d0g0v0_Homestead...ok
   - CallEcrecover0_NoGas_d0g0v0_EIP150...ok
   - stackOverflowDUP_d7g0v0_Frontier...ok
   - RevertOpcodeInCreateReturns_d0g0v0_EIP150...ok
   - RevertOpcodeInCreateReturns_d0g0v0_EIP158...ok
   - randomStatetest376_d0g0v0_Byzantium...ok
   - CallEcrecover0_NoGas_d0g0v0_EIP158...ok
   - stackOverflowDUP_d7g0v0_Homestead...ok
   - RevertOpcodeInCreateReturns_d0g0v0_Frontier...ok
   - RevertOpcodeInCreateReturns_d0g0v0_Homestead...ok
   - randomStatetest376_d0g0v0_EIP150...ok
   - CallEcrecover0_NoGas_d0g0v0_Frontier...ok
   - shallowStack_d42g0v0_Byzantium...ok
   - RevertOpcodeMultipleSubCalls_d1g3v0_Byzantium...ok
   - CallEcrecover0_NoGas_d0g0v0_Homestead...ok
   - shallowStack_d42g0v0_EIP150...ok
   - randomStatetest376_d0g0v0_EIP158...ok
   - RevertOpcodeMultipleSubCalls_d1g3v0_EIP150...ok
   - shallowStack_d42g0v0_EIP158...ok
   - modexp_d4g2v0_Byzantium...ok
   - RevertOpcodeMultipleSubCalls_d1g3v0_EIP158...ok
   - randomStatetest376_d0g0v0_Frontier...ok
   - modexp_d4g2v0_EIP150...ok
   - randomStatetest376_d0g0v0_Homestead...ok
   - shallowStack_d42g0v0_Frontier...ok
   - RevertOpcodeMultipleSubCalls_d1g3v0_Frontier...ok
   - modexp_d4g2v0_EIP158...ok
   - randomStatetest285_d0g0v0_Byzantium...ok
   - randomStatetest285_d0g0v0_EIP150...ok
   - modexp_d4g2v0_Frontier...ok
   - shallowStack_d42g0v0_Homestead...ok
   - RevertOpcodeMultipleSubCalls_d1g3v0_Homestead...ok
   - randomStatetest285_d0g0v0_EIP158...ok
   - modexp_d4g2v0_Homestead...ok
   - RevertOpcodeReturn_d4g1v0_Byzantium...ok
   - randomStatetest285_d0g0v0_Frontier...ok
   - shallowStack_d54g0v0_Byzantium...ok
ok
   - shallowStack_d54g0v0_EIP150...ok
   - randomStatetest285_d0g0v0_Homestead...   - modexp_d4g3v0_Byzantium...ok
   - RevertOpcodeReturn_d4g1v0_EIP150...ok
ok
   - modexp_d4g3v0_EIP150...   - randomStatetest0_d0g0v0_Byzantium...ok
   - shallowStack_d54g0v0_EIP158...ok
   - RevertOpcodeReturn_d4g1v0_EIP158...ok
   - randomStatetest0_d0g0v0_EIP150...ok
   - shallowStack_d54g0v0_Frontier...ok
   - modexp_d4g3v0_EIP158...ok
   - RevertOpcodeReturn_d4g1v0_Frontier...ok
   - shallowStack_d54g0v0_Homestead...ok
   - randomStatetest0_d0g0v0_EIP158...ok
   - modexp_d4g3v0_Frontier...ok
   - shallowStack_d18g0v0_Byzantium...ok
   - RevertOpcodeReturn_d4g1v0_Homestead...ok
   - shallowStack_d18g0v0_EIP150...ok
   - modexp_d4g3v0_Homestead...ok
   - randomStatetest0_d0g0v0_Frontier...ok
   - RevertOpcodeInCallsOnNonEmptyReturnData_d0g0v0_Byzantium...ok
   - modexp_3_09984_39936_155000_d0g2v0_Byzantium...ok
   - shallowStack_d18g0v0_EIP158...ok
   - randomStatetest0_d0g0v0_Homestead...ok
   - RevertOpcodeInCallsOnNonEmptyReturnData_d0g0v0_EIP150...ok
   - modexp_3_09984_39936_155000_d0g2v0_EIP150...ok
   - RevertOpcodeInCallsOnNonEmptyReturnData_d0g0v0_EIP158...ok
   - shallowStack_d18g0v0_Frontier...ok
   - randomStatetest532_d0g0v0_Byzantium...ok
   - modexp_3_09984_39936_155000_d0g2v0_EIP158...ok
   - RevertOpcodeInCallsOnNonEmptyReturnData_d0g0v0_Frontier...ok
   - shallowStack_d18g0v0_Homestead...ok
   - modexp_3_09984_39936_155000_d0g2v0_Frontier...ok
   - randomStatetest532_d0g0v0_EIP150...ok
   - RevertOpcodeInCallsOnNonEmptyReturnData_d0g0v0_Homestead...ok
   - randomStatetest532_d0g0v0_EIP158...ok
   - stackOverflow_d3g0v0_Byzantium...ok
   - modexp_3_09984_39936_155000_d0g2v0_Homestead...ok
   - randomStatetest532_d0g0v0_Frontier...ok
   - RevertOpcodeCalls_d2g0v0_Byzantium...ok
   - stackOverflow_d3g0v0_EIP150...ok
ok
   - randomStatetest532_d0g0v0_Homestead...   - CallSha256_3_prefix0_d0g0v0_Byzantium...ok
   - randomStatetest263_d0g0v0_Byzantium...ok
   - CallSha256_3_prefix0_d0g0v0_EIP150...ok
   - RevertOpcodeCalls_d2g0v0_EIP150...ok
   - stackOverflow_d3g0v0_EIP158...ok
   - CallSha256_3_prefix0_d0g0v0_EIP158...ok
   - randomStatetest263_d0g0v0_EIP150...ok
   - RevertOpcodeCalls_d2g0v0_EIP158...ok
   - CallSha256_3_prefix0_d0g0v0_Frontier...ok
   - stackOverflow_d3g0v0_Frontier...ok
   - CallSha256_3_prefix0_d0g0v0_Homestead...ok
   - RevertOpcodeCalls_d2g0v0_Frontier...ok
   - randomStatetest263_d0g0v0_EIP158...ok
   - modexp_d10g1v0_Byzantium...ok
   - stackOverflow_d3g0v0_Homestead...ok
   - modexp_d10g1v0_EIP150...ok
   - shallowStack_d57g0v0_Byzantium...ok
   - randomStatetest263_d0g0v0_Frontier...ok
   - RevertOpcodeCalls_d2g0v0_Homestead...ok
   - modexp_d10g1v0_EIP158...ok
   - randomStatetest263_d0g0v0_Homestead...ok
   - shallowStack_d57g0v0_EIP150...ok
   - randomStatetest573_d0g0v0_Byzantium...ok
   - RevertOpcodeInCallsOnNonEmptyReturnData_d1g0v0_Byzantium...ok
   - modexp_d10g1v0_Frontier...ok
   - RevertOpcodeInCallsOnNonEmptyReturnData_d1g0v0_EIP150...ok
   - shallowStack_d57g0v0_EIP158...ok
   - randomStatetest573_d0g0v0_EIP150...ok
   - modexp_d10g1v0_Homestead...ok
   - RevertOpcodeInCallsOnNonEmptyReturnData_d1g0v0_EIP158...ok
   - shallowStack_d57g0v0_Frontier...ok
   - CALLCODEEcrecover80_d0g0v0_Byzantium...ok
   - randomStatetest573_d0g0v0_EIP158...ok
   - RevertOpcodeInCallsOnNonEmptyReturnData_d1g0v0_Frontier...ok
   - RevertOpcodeInCallsOnNonEmptyReturnData_d1g0v0_Homestead...ok
   - CALLCODEEcrecover80_d0g0v0_EIP150...ok
   - randomStatetest573_d0g0v0_Frontier...ok
   - shallowStack_d57g0v0_Homestead...ok
   - CALLCODEEcrecover80_d0g0v0_EIP158...ok
   - RevertRemoteSubCallStorageOOG2_d0g1v0_Byzantium...ok
   - randomStatetest573_d0g0v0_Homestead...ok
ok
   - CALLCODEEcrecover80_d0g0v0_Frontier...   - randomStatetest384_d0g0v0_Byzantium...ok
   - shallowStack_d22g0v0_Byzantium...ok
   - RevertRemoteSubCallStorageOOG2_d0g1v0_EIP150...ok
   - randomStatetest384_d0g0v0_EIP150...ok
   - CALLCODEEcrecover80_d0g0v0_Homestead...ok
   - shallowStack_d22g0v0_EIP150...ok
   - CALLCODESha256_1_nonzeroValue_d0g0v0_Byzantium...ok
   - randomStatetest384_d0g0v0_EIP158...ok
   - RevertRemoteSubCallStorageOOG2_d0g1v0_EIP158...ok
   - CALLCODESha256_1_nonzeroValue_d0g0v0_EIP150...ok
   - shallowStack_d22g0v0_EIP158...ok
   - RevertRemoteSubCallStorageOOG2_d0g1v0_Frontier...ok
   - randomStatetest384_d0g0v0_Frontier...ok
   - CALLCODESha256_1_nonzeroValue_d0g0v0_EIP158...ok
   - CALLCODESha256_1_nonzeroValue_d0g0v0_Frontier...ok
   - shallowStack_d22g0v0_Frontier...ok
   - RevertRemoteSubCallStorageOOG2_d0g1v0_Homestead...ok
   - randomStatetest384_d0g0v0_Homestead...ok
   - randomStatetest150_d0g0v0_Byzantium...ok
   - shallowStack_d22g0v0_Homestead...ok
ok
   - CALLCODESha256_1_nonzeroValue_d0g0v0_Homestead...   - RevertOpcodeInCallsOnNonEmptyReturnData_d1g1v0_Byzantium...ok
   - modexp_49_2401_2401_22000_d0g1v0_Byzantium...ok
   - randomStatetest150_d0g0v0_EIP150...ok
   - RevertOpcodeInCallsOnNonEmptyReturnData_d1g1v0_EIP150...ok
   - stackOverflow_d0g0v0_Byzantium...ok
   - modexp_49_2401_2401_22000_d0g1v0_EIP150...ok
   - modexp_49_2401_2401_22000_d0g1v0_EIP158...ok
   - stackOverflow_d0g0v0_EIP150...ok
   - randomStatetest150_d0g0v0_EIP158...ok
   - RevertOpcodeInCallsOnNonEmptyReturnData_d1g1v0_EIP158...ok
   - stackOverflow_d0g0v0_EIP158...ok
   - modexp_49_2401_2401_22000_d0g1v0_Frontier...ok
   - modexp_49_2401_2401_22000_d0g1v0_Homestead...ok
   - RevertOpcodeInCallsOnNonEmptyReturnData_d1g1v0_Frontier...ok
   - randomStatetest150_d0g0v0_Frontier...ok
   - stackOverflow_d0g0v0_Frontier...ok
   - randomStatetest150_d0g0v0_Homestead...ok
   - modexp_55190_55190_42965_22000_d0g0v0_Byzantium...ok
   - RevertOpcodeInCallsOnNonEmptyReturnData_d1g1v0_Homestead...ok
   - stackOverflow_d0g0v0_Homestead...ok
   - randomStatetest138_d0g0v0_Byzantium...ok
   - modexp_55190_55190_42965_22000_d0g0v0_EIP150...ok
   - LoopDelegateCallsDepthThenRevert_d0g0v0_Byzantium...ok
   - randomStatetest138_d0g0v0_EIP150...ok
   - stackOverflowM1DUP_d2g0v0_Byzantium...ok
   - modexp_55190_55190_42965_22000_d0g0v0_EIP158...ok
   - randomStatetest138_d0g0v0_EIP158...ok
   - LoopDelegateCallsDepthThenRevert_d0g0v0_EIP150...ok
   - modexp_55190_55190_42965_22000_d0g0v0_Frontier...ok
   - stackOverflowM1DUP_d2g0v0_EIP150...ok
   - randomStatetest138_d0g0v0_Frontier...ok
   - modexp_55190_55190_42965_22000_d0g0v0_Homestead...ok
   - LoopDelegateCallsDepthThenRevert_d0g0v0_EIP158...ok
   - stackOverflowM1DUP_d2g0v0_EIP158...ok
   - randomStatetest138_d0g0v0_Homestead...ok
   - modexp_d26g3v0_Byzantium...ok
   - LoopDelegateCallsDepthThenRevert_d0g0v0_Frontier...ok
ok
   - randomStatetest442_d0g0v0_Byzantium...   - modexp_d26g3v0_EIP150...ok
   - stackOverflowM1DUP_d2g0v0_Frontier...ok
   - LoopDelegateCallsDepthThenRevert_d0g0v0_Homestead...ok
   - modexp_d26g3v0_EIP158...ok
   - stackOverflowM1DUP_d2g0v0_Homestead...ok
   - randomStatetest442_d0g0v0_EIP150...ok
   - modexp_d26g3v0_Frontier...ok
test json_tests::chain::block_tests::BlockchainTests_GeneralStateTest_stRevertTest ... ok
ok
   - randomStatetest442_d0g0v0_EIP158...ok
   - static_ABAcallsSuicide0_d0g0v0_Byzantium...   - shallowStack_d23g0v0_Byzantium...ok
   - modexp_d26g3v0_Homestead...ok
   - static_ABAcallsSuicide0_d0g0v0_EIP150...ok
ok
   - shallowStack_d23g0v0_EIP150...   - modexp_55190_55190_42965_20500_d0g0v0_Byzantium...ok
   - randomStatetest442_d0g0v0_Frontier...ok
   - shallowStack_d23g0v0_EIP158...ok
   - modexp_55190_55190_42965_20500_d0g0v0_EIP150...ok
   - static_ABAcallsSuicide0_d0g0v0_EIP158...ok
   - shallowStack_d23g0v0_Frontier...ok
   - randomStatetest442_d0g0v0_Homestead...ok
   - modexp_55190_55190_42965_20500_d0g0v0_EIP158...ok
   - shallowStack_d23g0v0_Homestead...ok
ok
   - static_ABAcallsSuicide0_d0g0v0_Frontier...   - randomStatetest528_d0g0v0_Byzantium...ok
   - modexp_55190_55190_42965_20500_d0g0v0_Frontier...ok
   - stackOverflowM1DUP_d1g0v0_Byzantium...ok
   - modexp_55190_55190_42965_20500_d0g0v0_Homestead...ok
   - randomStatetest528_d0g0v0_EIP150...ok
   - stackOverflowM1DUP_d1g0v0_EIP150...ok
   - static_ABAcallsSuicide0_d0g0v0_Homestead...ok
ok
   - randomStatetest528_d0g0v0_EIP158...ok
   - stackOverflowM1DUP_d1g0v0_EIP158...   - modexp_3_5_100_1000000_d0g3v0_Byzantium...ok
   - static_CallSha256_4_gas99_d0g0v0_Byzantium...ok
   - modexp_3_5_100_1000000_d0g3v0_EIP150...ok
   - stackOverflowM1DUP_d1g0v0_Frontier...ok
   - modexp_3_5_100_1000000_d0g3v0_EIP158...ok
   - randomStatetest528_d0g0v0_Frontier...ok
   - static_CallSha256_4_gas99_d0g0v0_EIP150...ok
   - randomStatetest528_d0g0v0_Homestead...ok
   - modexp_3_5_100_1000000_d0g3v0_Frontier...ok
   - stackOverflowM1DUP_d1g0v0_Homestead...ok
   - static_CallSha256_4_gas99_d0g0v0_EIP158...ok
   - modexp_3_5_100_1000000_d0g3v0_Homestead...ok
ok
   - randomStatetest180_d0g0v0_Byzantium...   - stackOverflowM1PUSH_d12g0v0_Byzantium...ok
   - static_CallSha256_4_gas99_d0g0v0_Frontier...ok
   - modexp_37120_37111_37111_22000_d0g1v0_Byzantium...ok
   - stackOverflowM1PUSH_d12g0v0_EIP150...ok
   - modexp_37120_37111_37111_22000_d0g1v0_EIP150...ok
   - static_CallSha256_4_gas99_d0g0v0_Homestead...ok
   - randomStatetest180_d0g0v0_EIP150...ok
   - stackOverflowM1PUSH_d12g0v0_EIP158...ok
   - modexp_37120_37111_37111_22000_d0g1v0_EIP158...ok
   - static_callcodecallcodecall_ABCB_RECURSIVE2_d0g0v0_Byzantium...ok
   - randomStatetest180_d0g0v0_EIP158...ok
   - stackOverflowM1PUSH_d12g0v0_Frontier...ok
   - modexp_37120_37111_37111_22000_d0g1v0_Frontier...ok
   - static_callcodecallcodecall_ABCB_RECURSIVE2_d0g0v0_EIP150...ok
   - stackOverflowM1PUSH_d12g0v0_Homestead...ok
   - randomStatetest180_d0g0v0_Frontier...ok
ok
   - randomStatetest180_d0g0v0_Homestead...ok
   - modexp_37120_37111_37111_22000_d0g1v0_Homestead...ok
   - static_callcodecallcodecall_ABCB_RECURSIVE2_d0g0v0_EIP158...   - stackOverflowPUSH_d6g0v0_Byzantium...ok
   - modexp_d33g3v0_Byzantium...ok
   - stackOverflowPUSH_d6g0v0_EIP150...ok
   - randomStatetest207_d0g0v0_Byzantium...ok
   - static_callcodecallcodecall_ABCB_RECURSIVE2_d0g0v0_Frontier...ok
   - randomStatetest207_d0g0v0_EIP150...ok
   - stackOverflowPUSH_d6g0v0_EIP158...ok
   - randomStatetest207_d0g0v0_EIP158...ok
   - modexp_d33g3v0_EIP150...ok
   - static_callcodecallcodecall_ABCB_RECURSIVE2_d0g0v0_Homestead...ok
   - modexp_d33g3v0_EIP158...ok
   - stackOverflowPUSH_d6g0v0_Frontier...ok
   - randomStatetest207_d0g0v0_Frontier...ok
   - stackOverflowPUSH_d6g0v0_Homestead...ok
   - modexp_d33g3v0_Frontier...ok
   - static_callWithHighValueOOGinCall_d0g0v0_Byzantium...ok
   - randomStatetest207_d0g0v0_Homestead...ok
   - stackOverflowM1DUP_d4g0v0_Byzantium...ok
   - modexp_d33g3v0_Homestead...ok
   - randomStatetest202_d0g0v0_Byzantium...ok
   - stackOverflowM1DUP_d4g0v0_EIP150...ok
   - modexp_1_1_1_1000000_d0g3v0_Byzantium...ok
   - randomStatetest202_d0g0v0_EIP150...ok
   - static_callWithHighValueOOGinCall_d0g0v0_EIP150...ok
   - stackOverflowM1DUP_d4g0v0_EIP158...ok
   - modexp_1_1_1_1000000_d0g3v0_EIP150...ok
   - randomStatetest202_d0g0v0_EIP158...ok
   - stackOverflowM1DUP_d4g0v0_Frontier...ok
   - randomStatetest202_d0g0v0_Frontier...ok
   - static_callWithHighValueOOGinCall_d0g0v0_EIP158...ok
   - stackOverflowM1DUP_d4g0v0_Homestead...ok
   - modexp_1_1_1_1000000_d0g3v0_EIP158...ok
   - randomStatetest202_d0g0v0_Homestead...ok
ok
   - modexp_1_1_1_1000000_d0g3v0_Frontier...   - stackOverflowM1PUSH_d11g0v0_Byzantium...ok
ok
   - static_callWithHighValueOOGinCall_d0g0v0_Frontier...   - randomStatetest184_d0g0v0_Byzantium...ok
   - modexp_1_1_1_1000000_d0g3v0_Homestead...ok
   - stackOverflowM1PUSH_d11g0v0_EIP150...ok
   - modexp_d2g2v0_Byzantium...ok
   - randomStatetest184_d0g0v0_EIP150...ok
   - static_callWithHighValueOOGinCall_d0g0v0_Homestead...ok
   - stackOverflowM1PUSH_d11g0v0_EIP158...ok
   - modexp_d2g2v0_EIP150...ok
   - stackOverflowM1PUSH_d11g0v0_Frontier...ok
ok
   - randomStatetest184_d0g0v0_EIP158...   - static_RETURN_BoundsOOG_d0g0v0_Byzantium...ok
   - modexp_d2g2v0_EIP158...ok
   - stackOverflowM1PUSH_d11g0v0_Homestead...ok
   - static_RETURN_BoundsOOG_d0g0v0_EIP150...ok
   - randomStatetest184_d0g0v0_Frontier...ok
   - modexp_d2g2v0_Frontier...ok
   - randomStatetest184_d0g0v0_Homestead...ok
   - modexp_d2g2v0_Homestead...ok
   - stackOverflowPUSH_d1g0v0_Byzantium...ok
   - randomStatetest225_d0g0v0_Byzantium...ok
   - static_RETURN_BoundsOOG_d0g0v0_EIP158...ok
ok
   - stackOverflowPUSH_d1g0v0_EIP150...   - modexp_0_3_100_22000_d0g1v0_Byzantium...ok
   - randomStatetest225_d0g0v0_EIP150...ok
ok
   - modexp_0_3_100_22000_d0g1v0_EIP150...   - static_RETURN_BoundsOOG_d0g0v0_Frontier...ok
   - stackOverflowPUSH_d1g0v0_EIP158...ok
   - modexp_0_3_100_22000_d0g1v0_EIP158...ok
   - randomStatetest225_d0g0v0_EIP158...ok
   - stackOverflowPUSH_d1g0v0_Frontier...ok
   - randomStatetest225_d0g0v0_Frontier...ok
   - static_RETURN_BoundsOOG_d0g0v0_Homestead...ok
   - stackOverflowPUSH_d1g0v0_Homestead...ok
   - modexp_0_3_100_22000_d0g1v0_Frontier...ok
   - stackOverflowPUSH_d7g0v0_Byzantium...ok
   - randomStatetest225_d0g0v0_Homestead...ok
   - static_callcodecallcodecall_110_SuicideEnd2_d0g0v0_Byzantium...ok
   - modexp_0_3_100_22000_d0g1v0_Homestead...ok
   - stackOverflowPUSH_d7g0v0_EIP150...ok
ok
   - modexp_39936_1_55201_1000000_d0g3v0_Byzantium...   - randomStatetest567_d0g0v0_Byzantium...ok
   - static_callcodecallcodecall_110_SuicideEnd2_d0g0v0_EIP150...ok
   - stackOverflowPUSH_d7g0v0_EIP158...ok
   - static_callcodecallcodecall_110_SuicideEnd2_d0g0v0_EIP158...ok
   - randomStatetest567_d0g0v0_EIP150...ok
   - modexp_39936_1_55201_1000000_d0g3v0_EIP150...ok
   - stackOverflowPUSH_d7g0v0_Frontier...ok
   - modexp_39936_1_55201_1000000_d0g3v0_EIP158...ok
   - randomStatetest567_d0g0v0_EIP158...ok
   - stackOverflowPUSH_d7g0v0_Homestead...ok
   - static_callcodecallcodecall_110_SuicideEnd2_d0g0v0_Frontier...ok
   - modexp_39936_1_55201_1000000_d0g3v0_Frontier...ok
   - modexp_39936_1_55201_1000000_d0g3v0_Homestead...ok
   - randomStatetest567_d0g0v0_Frontier...ok
ok
   - static_callcodecallcodecall_110_SuicideEnd2_d0g0v0_Homestead...ok
   - randomStatetest567_d0g0v0_Homestead...   - stackOverflowPUSH_d16g0v0_Byzantium...ok
   - static_refund_CallA_d0g0v0_Byzantium...ok
   - modexp_0_1_0_35000_d0g0v0_Byzantium...ok
   - static_refund_CallA_d0g0v0_EIP150...ok
ok
   - stackOverflowPUSH_d16g0v0_EIP150...   - randomStatetest286_d0g0v0_Byzantium...ok
   - modexp_0_1_0_35000_d0g0v0_EIP150...ok
   - static_refund_CallA_d0g0v0_EIP158...ok
   - stackOverflowPUSH_d16g0v0_EIP158...ok
   - modexp_0_1_0_35000_d0g0v0_EIP158...ok
   - randomStatetest286_d0g0v0_EIP150...ok
   - static_refund_CallA_d0g0v0_Frontier...ok
   - stackOverflowPUSH_d16g0v0_Frontier...ok
   - modexp_0_1_0_35000_d0g0v0_Frontier...ok
   - static_refund_CallA_d0g0v0_Homestead...ok
   - stackOverflowPUSH_d16g0v0_Homestead...ok
   - randomStatetest286_d0g0v0_EIP158...ok
   - modexp_0_1_0_35000_d0g0v0_Homestead...ok
   - randomStatetest286_d0g0v0_Frontier...ok
   - shallowStack_d76g0v0_Byzantium...ok
   - static_callcallcodecall_010_OOGE_d0g0v0_Byzantium...ok
   - modexp_d25g2v0_Byzantium...ok
   - static_callcallcodecall_010_OOGE_d0g0v0_EIP150...ok
   - randomStatetest286_d0g0v0_Homestead...ok
   - shallowStack_d76g0v0_EIP150...ok
   - modexp_d25g2v0_EIP150...ok
   - static_callcallcodecall_010_OOGE_d0g0v0_EIP158...ok
   - shallowStack_d76g0v0_EIP158...ok
   - modexp_d25g2v0_EIP158...ok
   - static_callcallcodecall_010_OOGE_d0g0v0_Frontier...ok
ok
   - shallowStack_d76g0v0_Frontier...   - randomStatetest433_d0g0v0_Byzantium...ok
   - shallowStack_d76g0v0_Homestead...ok
   - randomStatetest433_d0g0v0_EIP150...ok
   - static_callcallcodecall_010_OOGE_d0g0v0_Homestead...ok
   - modexp_d25g2v0_Frontier...ok
   - randomStatetest433_d0g0v0_EIP158...ok
   - stackOverflowM1DUP_d12g0v0_Byzantium...ok
   - static_calldelcode_01_OOGE_d0g0v0_Byzantium...ok
   - modexp_d25g2v0_Homestead...ok
   - randomStatetest433_d0g0v0_Frontier...ok
   - stackOverflowM1DUP_d12g0v0_EIP150...ok
   - static_calldelcode_01_OOGE_d0g0v0_EIP150...ok
   - randomStatetest433_d0g0v0_Homestead...ok
   - CallIdentity_2_d0g0v0_Byzantium...ok
ok
   - CallIdentity_2_d0g0v0_EIP150...   - randomStatetest_d0g0v0_Byzantium...ok
   - static_calldelcode_01_OOGE_d0g0v0_EIP158...ok
   - stackOverflowM1DUP_d12g0v0_EIP158...ok
   - CallIdentity_2_d0g0v0_EIP158...ok
   - static_calldelcode_01_OOGE_d0g0v0_Frontier...ok
   - randomStatetest_d0g0v0_EIP150...ok
   - stackOverflowM1DUP_d12g0v0_Frontier...ok
   - static_calldelcode_01_OOGE_d0g0v0_Homestead...ok
   - CallIdentity_2_d0g0v0_Frontier...ok
   - static_callcallcall_ABCB_RECURSIVE_d0g0v0_Byzantium...ok
   - stackOverflowM1DUP_d12g0v0_Homestead...ok
   - randomStatetest_d0g0v0_EIP158...ok
   - CallIdentity_2_d0g0v0_Homestead...ok
   - static_callcallcall_ABCB_RECURSIVE_d0g0v0_EIP150...ok
   - randomStatetest_d0g0v0_Frontier...ok
   - stackOverflow_d6g0v0_Byzantium...ok
   - modexp_37120_37111_1_25000_d0g0v0_Byzantium...ok
   - static_callcallcall_ABCB_RECURSIVE_d0g0v0_EIP158...ok
   - randomStatetest_d0g0v0_Homestead...ok
   - modexp_37120_37111_1_25000_d0g0v0_EIP150...ok
   - stackOverflow_d6g0v0_EIP150...ok
   - static_callcallcall_ABCB_RECURSIVE_d0g0v0_Frontier...ok
   - modexp_37120_37111_1_25000_d0g0v0_EIP158...ok
   - randomStatetest469_d0g0v0_Byzantium...ok
   - modexp_37120_37111_1_25000_d0g0v0_Frontier...ok
   - stackOverflow_d6g0v0_EIP158...ok
   - static_callcallcall_ABCB_RECURSIVE_d0g0v0_Homestead...ok
   - randomStatetest469_d0g0v0_EIP150...ok
   - modexp_37120_37111_1_25000_d0g0v0_Homestead...ok
   - static_CREATE_ContractSuicideDuringInit_WithValue_d0g0v0_Byzantium...ok
   - stackOverflow_d6g0v0_Frontier...ok
   - randomStatetest469_d0g0v0_EIP158...ok
   - modexp_d14g2v0_Byzantium...ok
   - static_CREATE_ContractSuicideDuringInit_WithValue_d0g0v0_EIP150...ok
   - stackOverflow_d6g0v0_Homestead...ok
   - static_CREATE_ContractSuicideDuringInit_WithValue_d0g0v0_EIP158...ok
   - modexp_d14g2v0_EIP150...ok
   - randomStatetest469_d0g0v0_Frontier...ok
   - static_CREATE_ContractSuicideDuringInit_WithValue_d0g0v0_Frontier...ok
   - modexp_d14g2v0_EIP158...ok
   - stackOverflowM1_d2g0v0_Byzantium...ok
   - modexp_d14g2v0_Frontier...ok
   - randomStatetest469_d0g0v0_Homestead...ok
   - static_CREATE_ContractSuicideDuringInit_WithValue_d0g0v0_Homestead...ok
   - modexp_d14g2v0_Homestead...ok
   - static_ReturnTest2_d0g0v0_Byzantium...ok
   - randomStatetest335_d0g0v0_Byzantium...ok
   - stackOverflowM1_d2g0v0_EIP150...ok
   - modexp_37120_22411_22000_d0g1v0_Byzantium...ok
   - modexp_37120_22411_22000_d0g1v0_EIP150...ok
   - randomStatetest335_d0g0v0_EIP150...ok
   - static_ReturnTest2_d0g0v0_EIP150...ok
   - stackOverflowM1_d2g0v0_EIP158...ok
   - modexp_37120_22411_22000_d0g1v0_EIP158...ok
   - randomStatetest335_d0g0v0_EIP158...ok
   - stackOverflowM1_d2g0v0_Frontier...ok
   - static_ReturnTest2_d0g0v0_EIP158...ok
   - modexp_37120_22411_22000_d0g1v0_Frontier...ok
   - randomStatetest335_d0g0v0_Frontier...ok
   - modexp_37120_22411_22000_d0g1v0_Homestead...ok
   - stackOverflowM1_d2g0v0_Homestead...ok
   - static_ReturnTest2_d0g0v0_Frontier...ok
   - randomStatetest335_d0g0v0_Homestead...ok
   - stackOverflow_d9g0v0_Byzantium...ok
   - CallSha256_2_d0g0v0_Byzantium...ok
   - static_ReturnTest2_d0g0v0_Homestead...ok
   - randomStatetest519_d0g0v0_Byzantium...ok
   - stackOverflow_d9g0v0_EIP150...ok
   - CallSha256_2_d0g0v0_EIP150...ok
   - randomStatetest519_d0g0v0_EIP150...ok
   - static_CallAskMoreGasOnDepth2ThenTransactionHas_d0g0v0_Byzantium...ok
   - CallSha256_2_d0g0v0_EIP158...ok
   - stackOverflow_d9g0v0_EIP158...ok
   - randomStatetest519_d0g0v0_EIP158...ok
   - CallSha256_2_d0g0v0_Frontier...ok
   - static_CallAskMoreGasOnDepth2ThenTransactionHas_d0g0v0_EIP150...ok
   - randomStatetest519_d0g0v0_Frontier...ok
   - stackOverflow_d9g0v0_Frontier...ok
   - CallSha256_2_d0g0v0_Homestead...ok
   - static_CallAskMoreGasOnDepth2ThenTransactionHas_d0g0v0_EIP158...ok
   - randomStatetest519_d0g0v0_Homestead...ok
   - stackOverflow_d9g0v0_Homestead...ok
ok
   - static_CallAskMoreGasOnDepth2ThenTransactionHas_d0g0v0_Frontier...   - modexp_d19g2v0_Byzantium...ok
ok
   - randomStatetest114_d0g0v0_Byzantium...ok
   - static_CallAskMoreGasOnDepth2ThenTransactionHas_d0g0v0_Homestead...ok
   - modexp_d19g2v0_EIP150...   - stackOverflowPUSH_d8g0v0_Byzantium...ok
   - static_CheckOpcodes2_d2g0v1_Byzantium...ok
   - randomStatetest114_d0g0v0_EIP150...ok
   - stackOverflowPUSH_d8g0v0_EIP150...ok
   - modexp_d19g2v0_EIP158...ok
   - randomStatetest114_d0g0v0_EIP158...ok
   - stackOverflowPUSH_d8g0v0_EIP158...ok
   - randomStatetest114_d0g0v0_Frontier...ok
   - static_CheckOpcodes2_d2g0v1_EIP150...ok
   - modexp_d19g2v0_Frontier...ok
   - stackOverflowPUSH_d8g0v0_Frontier...ok
   - randomStatetest114_d0g0v0_Homestead...ok
   - modexp_d19g2v0_Homestead...ok
   - randomStatetest454_d0g0v0_Byzantium...ok
   - static_CheckOpcodes2_d2g0v1_EIP158...ok
   - CALLCODEEcrecover0_NoGas_d0g0v0_Byzantium...ok
   - stackOverflowPUSH_d8g0v0_Homestead...ok
ok
   - randomStatetest454_d0g0v0_EIP150...   - stackOverflowPUSH_d5g0v0_Byzantium...ok
   - CALLCODEEcrecover0_NoGas_d0g0v0_EIP150...ok
   - static_CheckOpcodes2_d2g0v1_Frontier...ok
   - randomStatetest454_d0g0v0_EIP158...ok
   - CALLCODEEcrecover0_NoGas_d0g0v0_EIP158...ok
   - static_CheckOpcodes2_d2g0v1_Homestead...ok
   - CALLCODEEcrecover0_NoGas_d0g0v0_Frontier...ok
   - stackOverflowPUSH_d5g0v0_EIP150...ok
   - randomStatetest454_d0g0v0_Frontier...ok
   - static_callcallcodecall_010_OOGMAfter_2_d0g0v0_Byzantium...ok
   - stackOverflowPUSH_d5g0v0_EIP158...ok
   - CALLCODEEcrecover0_NoGas_d0g0v0_Homestead...ok
   - randomStatetest454_d0g0v0_Homestead...ok
   - stackOverflowPUSH_d5g0v0_Frontier...ok
   - static_callcallcodecall_010_OOGMAfter_2_d0g0v0_EIP150...ok
   - modexp_1_0_1_25000_d0g1v0_Byzantium...ok
   - stackOverflowPUSH_d5g0v0_Homestead...ok
   - static_callcallcodecall_010_OOGMAfter_2_d0g0v0_EIP158...ok
   - randomStatetest250_d0g0v0_Byzantium...ok
   - shallowStack_d21g0v0_Byzantium...ok
   - modexp_1_0_1_25000_d0g1v0_EIP150...ok
   - shallowStack_d21g0v0_EIP150...ok
   - static_callcallcodecall_010_OOGMAfter_2_d0g0v0_Frontier...ok
   - randomStatetest250_d0g0v0_EIP150...ok
   - modexp_1_0_1_25000_d0g1v0_EIP158...ok
   - shallowStack_d21g0v0_EIP158...ok
   - shallowStack_d21g0v0_Frontier...ok
   - static_callcallcodecall_010_OOGMAfter_2_d0g0v0_Homestead...ok
   - randomStatetest250_d0g0v0_EIP158...ok
   - modexp_1_0_1_25000_d0g1v0_Frontier...ok
   - shallowStack_d21g0v0_Homestead...ok
   - modexp_1_0_1_25000_d0g1v0_Homestead...ok
   - randomStatetest250_d0g0v0_Frontier...ok
   - static_ABAcalls0_d0g0v0_Byzantium...ok
ok
   - randomStatetest250_d0g0v0_Homestead...   - stackOverflowM1_d3g0v0_Byzantium...ok
   - modexp_49_2401_2401_20500_d0g1v0_Byzantium...ok
   - static_ABAcalls0_d0g0v0_EIP150...ok
   - modexp_49_2401_2401_20500_d0g1v0_EIP150...ok
   - randomStatetest267_d0g0v0_Byzantium...ok
   - stackOverflowM1_d3g0v0_EIP150...ok
   - static_ABAcalls0_d0g0v0_EIP158...ok
   - stackOverflowM1_d3g0v0_EIP158...ok
   - randomStatetest267_d0g0v0_EIP150...ok
   - modexp_49_2401_2401_20500_d0g1v0_EIP158...ok
   - randomStatetest267_d0g0v0_EIP158...ok
   - modexp_49_2401_2401_20500_d0g1v0_Frontier...ok
   - stackOverflowM1_d3g0v0_Frontier...ok
   - static_ABAcalls0_d0g0v0_Frontier...ok
   - randomStatetest267_d0g0v0_Frontier...ok
   - modexp_49_2401_2401_20500_d0g1v0_Homestead...ok
   - static_ABAcalls0_d0g0v0_Homestead...ok
   - stackOverflowM1_d3g0v0_Homestead...ok
   - modexp_d13g2v0_Byzantium...ok
   - randomStatetest267_d0g0v0_Homestead...ok
   - shallowStack_d52g0v0_Byzantium...ok
   - static_ABAcalls3_d0g0v0_Byzantium...ok
   - modexp_d13g2v0_EIP150...ok
   - static_ABAcalls3_d0g0v0_EIP150...ok
ok
   - shallowStack_d52g0v0_EIP150...   - randomStatetest144_d0g0v0_Byzantium...ok
   - modexp_d13g2v0_EIP158...ok
   - randomStatetest144_d0g0v0_EIP150...ok
   - shallowStack_d52g0v0_EIP158...ok
   - static_ABAcalls3_d0g0v0_EIP158...ok
   - modexp_d13g2v0_Frontier...ok
   - randomStatetest144_d0g0v0_EIP158...ok
   - shallowStack_d52g0v0_Frontier...ok
   - static_ABAcalls3_d0g0v0_Frontier...ok
   - shallowStack_d52g0v0_Homestead...ok
   - modexp_d13g2v0_Homestead...ok
   - stackOverflowM1_d15g0v0_Byzantium...ok
   - randomStatetest144_d0g0v0_Frontier...ok
ok
   - static_ABAcalls3_d0g0v0_Homestead...   - modexp_d35g2v0_Byzantium...ok
   - stackOverflowM1_d15g0v0_EIP150...ok
   - randomStatetest144_d0g0v0_Homestead...ok
   - modexp_d35g2v0_EIP150...ok
ok
   - stackOverflowM1_d15g0v0_EIP158...   - static_callcodecallcallcode_101_OOGMAfter_3_d1g0v0_Byzantium...ok
   - modexp_d35g2v0_EIP158...ok
   - randomStatetest153_d0g0v0_Byzantium...ok
   - modexp_d35g2v0_Frontier...ok
   - static_callcodecallcallcode_101_OOGMAfter_3_d1g0v0_EIP150...ok
   - stackOverflowM1_d15g0v0_Frontier...ok
ok
   - randomStatetest153_d0g0v0_EIP150...   - modexp_d35g2v0_Homestead...ok
   - static_callcodecallcallcode_101_OOGMAfter_3_d1g0v0_EIP158...ok
   - stackOverflowM1_d15g0v0_Homestead...ok
   - static_callcodecallcallcode_101_OOGMAfter_3_d1g0v0_Frontier...ok
   - randomStatetest153_d0g0v0_EIP158...ok
   - shallowStack_d43g0v0_Byzantium...ok
ok
   - static_callcodecallcallcode_101_OOGMAfter_3_d1g0v0_Homestead...   - randomStatetest153_d0g0v0_Frontier...ok
   - modexp_d14g0v0_Byzantium...ok
   - static_callcodecallcallcode_101_SuicideMiddle_d0g0v0_Byzantium...ok
   - randomStatetest153_d0g0v0_Homestead...ok
   - shallowStack_d43g0v0_EIP150...ok
   - modexp_d14g0v0_EIP150...ok
   - randomStatetest115_d0g0v0_Byzantium...ok
   - static_callcodecallcallcode_101_SuicideMiddle_d0g0v0_EIP150...ok
   - randomStatetest115_d0g0v0_EIP150...ok
   - modexp_d14g0v0_EIP158...ok
   - shallowStack_d43g0v0_EIP158...ok
   - static_callcodecallcallcode_101_SuicideMiddle_d0g0v0_EIP158...ok
   - randomStatetest115_d0g0v0_EIP158...ok
   - shallowStack_d43g0v0_Frontier...ok
   - modexp_d14g0v0_Frontier...ok
   - static_callcodecallcallcode_101_SuicideMiddle_d0g0v0_Frontier...ok
   - shallowStack_d43g0v0_Homestead...ok
   - randomStatetest115_d0g0v0_Frontier...ok
ok
   - modexp_d14g0v0_Homestead...ok
   - randomStatetest115_d0g0v0_Homestead...ok
   - static_callcodecallcallcode_101_SuicideMiddle_d0g0v0_Homestead...   - stackOverflowM1PUSH_d20g0v0_Byzantium...ok
   - modexp_49_2401_2401_155000_d0g0v0_Byzantium...ok
   - randomStatetest627_d0g0v0_Byzantium...ok
   - static_Call50000_d0g0v0_Byzantium...ok
   - modexp_49_2401_2401_155000_d0g0v0_EIP150...ok
   - stackOverflowM1PUSH_d20g0v0_EIP150...ok
   - modexp_49_2401_2401_155000_d0g0v0_EIP158...ok
   - randomStatetest627_d0g0v0_EIP150...ok
   - stackOverflowM1PUSH_d20g0v0_EIP158...ok
   - modexp_49_2401_2401_155000_d0g0v0_Frontier...ok
   - randomStatetest627_d0g0v0_EIP158...ok
   - modexp_49_2401_2401_155000_d0g0v0_Homestead...ok
   - stackOverflowM1PUSH_d20g0v0_Frontier...ok
   - modexp_1_0_1_25000_d0g0v0_Byzantium...ok
   - stackOverflowM1PUSH_d20g0v0_Homestead...ok
   - randomStatetest627_d0g0v0_Frontier...ok
   - randomStatetest627_d0g0v0_Homestead...ok
   - modexp_1_0_1_25000_d0g0v0_EIP150...ok
   - shallowStack_d47g0v0_Byzantium...ok
   - randomStatetest372_d0g0v0_Byzantium...ok
   - modexp_1_0_1_25000_d0g0v0_EIP158...ok
   - static_Call50000_d0g0v0_EIP150...ok
   - randomStatetest372_d0g0v0_EIP150...ok
   - shallowStack_d47g0v0_EIP150...ok
   - shallowStack_d47g0v0_EIP158...ok
   - modexp_1_0_1_25000_d0g0v0_Frontier...ok
   - randomStatetest372_d0g0v0_EIP158...ok
   - static_Call50000_d0g0v0_EIP158...ok
   - shallowStack_d47g0v0_Frontier...ok
   - modexp_1_0_1_25000_d0g0v0_Homestead...ok
   - static_Call50000_d0g0v0_Frontier...ok
   - randomStatetest372_d0g0v0_Frontier...ok
   - shallowStack_d47g0v0_Homestead...ok
   - modexp_1_0_0_22000_d0g0v0_Byzantium...ok
   - static_Call50000_d0g0v0_Homestead...ok
   - randomStatetest372_d0g0v0_Homestead...ok
   - stackOverflow_d14g0v0_Byzantium...ok
   - randomStatetest119_d0g0v0_Byzantium...ok
   - modexp_1_0_0_22000_d0g0v0_EIP150...ok
   - static_callcallcodecall_010_d0g0v0_Byzantium...ok
   - modexp_1_0_0_22000_d0g0v0_EIP158...ok
   - static_callcallcodecall_010_d0g0v0_EIP150...ok
   - randomStatetest119_d0g0v0_EIP150...ok
   - stackOverflow_d14g0v0_EIP150...ok
   - modexp_1_0_0_22000_d0g0v0_Frontier...ok
   - randomStatetest119_d0g0v0_EIP158...ok
   - stackOverflow_d14g0v0_EIP158...ok
   - static_callcallcodecall_010_d0g0v0_EIP158...ok
   - randomStatetest119_d0g0v0_Frontier...ok
   - modexp_1_0_0_22000_d0g0v0_Homestead...ok
   - static_callcallcodecall_010_d0g0v0_Frontier...ok
   - modexp_9_37111_37111_20500_d0g3v0_Byzantium...ok
   - stackOverflow_d14g0v0_Frontier...ok
   - stackOverflow_d14g0v0_Homestead...ok
   - randomStatetest119_d0g0v0_Homestead...ok
   - static_callcallcodecall_010_d0g0v0_Homestead...ok
   - modexp_9_37111_37111_20500_d0g3v0_EIP150...ok
   - shallowStack_d50g0v0_Byzantium...ok
   - modexp_9_37111_37111_20500_d0g3v0_EIP158...ok
   - shallowStack_d50g0v0_EIP150...ok
   - static_callOutput1_d0g0v0_Byzantium...ok
   - randomStatetest371_d0g0v0_Byzantium...ok
   - shallowStack_d50g0v0_EIP158...ok
   - static_callOutput1_d0g0v0_EIP150...ok
   - modexp_9_37111_37111_20500_d0g3v0_Frontier...ok
   - modexp_9_37111_37111_20500_d0g3v0_Homestead...ok
   - randomStatetest371_d0g0v0_EIP150...ok
   - static_callOutput1_d0g0v0_EIP158...ok
   - shallowStack_d50g0v0_Frontier...ok
   - static_callOutput1_d0g0v0_Frontier...ok
   - static_callOutput1_d0g0v0_Homestead...ok
   - shallowStack_d50g0v0_Homestead...ok
   - modexp_0_0_0_22000_d0g0v0_Byzantium...ok
   - randomStatetest371_d0g0v0_EIP158...ok
   - modexp_0_0_0_22000_d0g0v0_EIP150...ok
ok
   - randomStatetest371_d0g0v0_Frontier...ok
   - static_ABAcallsSuicide1_d0g0v0_Byzantium...   - stackOverflowM1PUSH_d23g0v0_Byzantium...ok
   - modexp_0_0_0_22000_d0g0v0_EIP158...ok
   - static_ABAcallsSuicide1_d0g0v0_EIP150...ok
   - randomStatetest371_d0g0v0_Homestead...ok
   - modexp_0_0_0_22000_d0g0v0_Frontier...ok
   - stackOverflowM1PUSH_d23g0v0_EIP150...ok
   - static_ABAcallsSuicide1_d0g0v0_EIP158...ok
   - randomStatetest362_d0g0v0_Byzantium...ok
   - modexp_0_0_0_22000_d0g0v0_Homestead...ok
ok
   - stackOverflowM1PUSH_d23g0v0_EIP158...ok
   - randomStatetest362_d0g0v0_EIP150...   - static_ABAcallsSuicide1_d0g0v0_Frontier...ok
   - modexp_d6g3v0_Byzantium...ok
   - static_ABAcallsSuicide1_d0g0v0_Homestead...ok
   - stackOverflowM1PUSH_d23g0v0_Frontier...ok
   - modexp_d6g3v0_EIP150...ok
   - randomStatetest362_d0g0v0_EIP158...ok
   - modexp_d6g3v0_EIP158...ok
ok
   - stackOverflowM1PUSH_d23g0v0_Homestead...ok
   - static_callcallcallcode_001_OOGMAfter_3_d0g0v0_Byzantium...   - randomStatetest362_d0g0v0_Frontier...ok
   - modexp_d6g3v0_Frontier...ok
   - randomStatetest362_d0g0v0_Homestead...ok
   - shallowStack_d59g0v0_Byzantium...ok
   - static_callcallcallcode_001_OOGMAfter_3_d0g0v0_EIP150...ok
   - modexp_d6g3v0_Homestead...ok
   - randomStatetest39_d0g0v0_Byzantium...ok
   - modexp_d23g3v0_Byzantium...ok
   - shallowStack_d59g0v0_EIP150...ok
   - static_callcallcallcode_001_OOGMAfter_3_d0g0v0_EIP158...ok
   - randomStatetest39_d0g0v0_EIP150...ok
   - modexp_d23g3v0_EIP150...ok
   - randomStatetest39_d0g0v0_EIP158...ok
   - modexp_d23g3v0_EIP158...ok
   - shallowStack_d59g0v0_EIP158...ok
   - static_callcallcallcode_001_OOGMAfter_3_d0g0v0_Frontier...ok
   - randomStatetest39_d0g0v0_Frontier...ok
   - modexp_d23g3v0_Frontier...ok
   - shallowStack_d59g0v0_Frontier...ok
   - shallowStack_d59g0v0_Homestead...ok
   - static_callcallcallcode_001_OOGMAfter_3_d0g0v0_Homestead...ok
   - randomStatetest39_d0g0v0_Homestead...ok
   - modexp_d23g3v0_Homestead...ok
ok
   - static_Call1024PreCalls_d0g0v0_Byzantium...   - randomStatetest214_d0g0v0_Byzantium...ok
   - modexp_55190_55190_42965_25000_d0g2v0_Byzantium...ok
ok
   - static_Call1024PreCalls_d0g0v0_EIP150...   - stackOverflowM1PUSH_d22g0v0_Byzantium...ok
   - randomStatetest214_d0g0v0_EIP150...ok
   - static_Call1024PreCalls_d0g0v0_EIP158...ok
   - modexp_55190_55190_42965_25000_d0g2v0_EIP150...ok
   - stackOverflowM1PUSH_d22g0v0_EIP150...ok
   - randomStatetest214_d0g0v0_EIP158...ok
   - static_Call1024PreCalls_d0g0v0_Frontier...ok
   - stackOverflowM1PUSH_d22g0v0_EIP158...ok
   - static_Call1024PreCalls_d0g0v0_Homestead...ok
   - modexp_55190_55190_42965_25000_d0g2v0_EIP158...ok
   - randomStatetest214_d0g0v0_Frontier...ok
   - stackOverflowM1PUSH_d22g0v0_Frontier...ok
   - modexp_55190_55190_42965_25000_d0g2v0_Frontier...ok
   - stackOverflowM1PUSH_d22g0v0_Homestead...ok
   - randomStatetest214_d0g0v0_Homestead...ok
   - static_CallRipemd160_4_gas719_d0g0v0_Byzantium...ok
   - modexp_55190_55190_42965_25000_d0g2v0_Homestead...ok
   - randomStatetest10_d0g0v0_Byzantium...ok
   - static_CallRipemd160_4_gas719_d0g0v0_EIP150...ok
   - stackOverflowDUP_d12g0v0_Byzantium...ok
   - randomStatetest10_d0g0v0_EIP150...ok
   - modexp_3_09984_39936_35000_d0g3v0_Byzantium...ok
   - randomStatetest10_d0g0v0_EIP158...ok
   - stackOverflowDUP_d12g0v0_EIP150...ok
   - modexp_3_09984_39936_35000_d0g3v0_EIP150...ok
ok
   - static_CallRipemd160_4_gas719_d0g0v0_EIP158...   - randomStatetest10_d0g0v0_Frontier...ok
   - randomStatetest10_d0g0v0_Homestead...ok
   - stackOverflowDUP_d12g0v0_EIP158...ok
   - modexp_3_09984_39936_35000_d0g3v0_EIP158...ok
   - static_CallRipemd160_4_gas719_d0g0v0_Frontier...ok
   - stackOverflowDUP_d12g0v0_Frontier...ok
   - randomStatetest401_d0g0v0_Byzantium...ok
   - modexp_3_09984_39936_35000_d0g3v0_Frontier...ok
   - randomStatetest401_d0g0v0_EIP150...ok
   - stackOverflowDUP_d12g0v0_Homestead...ok
   - static_CallRipemd160_4_gas719_d0g0v0_Homestead...ok
   - modexp_3_09984_39936_35000_d0g3v0_Homestead...ok
   - randomStatetest401_d0g0v0_EIP158...ok
   - modexp_1_1_1_35000_d0g0v0_Byzantium...ok
ok
   - randomStatetest401_d0g0v0_Frontier...   - stackOverflow_d13g0v0_Byzantium...ok
   - static_callcodecallcallcode_101_OOGMAfter_d0g0v0_Byzantium...ok
   - randomStatetest401_d0g0v0_Homestead...ok
   - static_callcodecallcallcode_101_OOGMAfter_d0g0v0_EIP150...ok
   - stackOverflow_d13g0v0_EIP150...ok
   - modexp_1_1_1_35000_d0g0v0_EIP150...ok
   - stackOverflow_d13g0v0_EIP158...ok
   - randomStatetest120_d0g0v0_Byzantium...ok
   - static_callcodecallcallcode_101_OOGMAfter_d0g0v0_EIP158...ok
   - modexp_1_1_1_35000_d0g0v0_EIP158...ok
   - stackOverflow_d13g0v0_Frontier...ok
   - modexp_1_1_1_35000_d0g0v0_Frontier...ok
   - static_callcodecallcallcode_101_OOGMAfter_d0g0v0_Frontier...ok
   - randomStatetest120_d0g0v0_EIP150...ok
   - modexp_1_1_1_35000_d0g0v0_Homestead...ok
   - stackOverflow_d13g0v0_Homestead...ok
ok
   - randomStatetest120_d0g0v0_EIP158...   - modexp_37120_37111_1_20500_d0g1v0_Byzantium...ok
   - static_callcodecallcallcode_101_OOGMAfter_d0g0v0_Homestead...ok
   - stackOverflowM1_d5g0v0_Byzantium...ok
ok
   - modexp_37120_37111_1_20500_d0g1v0_EIP150...   - static_CallToReturn1_d0g0v0_Byzantium...ok
   - randomStatetest120_d0g0v0_Frontier...ok
   - modexp_37120_37111_1_20500_d0g1v0_EIP158...ok
   - static_CallToReturn1_d0g0v0_EIP150...ok
   - stackOverflowM1_d5g0v0_EIP150...ok
   - randomStatetest120_d0g0v0_Homestead...ok
   - randomStatetest381_d0g0v0_Byzantium...ok
   - modexp_37120_37111_1_20500_d0g1v0_Frontier...ok
   - static_CallToReturn1_d0g0v0_EIP158...ok
   - stackOverflowM1_d5g0v0_EIP158...ok
   - stackOverflowM1_d5g0v0_Frontier...ok
   - randomStatetest381_d0g0v0_EIP150...ok
   - modexp_37120_37111_1_20500_d0g1v0_Homestead...ok
   - static_CallToReturn1_d0g0v0_Frontier...ok
   - stackOverflowM1_d5g0v0_Homestead...ok
   - randomStatetest381_d0g0v0_EIP158...ok
   - static_CallToReturn1_d0g0v0_Homestead...ok
ok
   - randomStatetest381_d0g0v0_Frontier...ok
   - modexp_0_1_0_35000_d0g3v0_Byzantium...   - stackOverflowPUSH_d30g0v0_Byzantium...ok
   - static_callcode_checkPC_d0g0v0_Byzantium...ok
   - randomStatetest381_d0g0v0_Homestead...ok
   - stackOverflowPUSH_d30g0v0_EIP150...ok
   - modexp_0_1_0_35000_d0g3v0_EIP150...ok
   - static_callcode_checkPC_d0g0v0_EIP150...ok
   - randomStatetest282_d0g0v0_Byzantium...ok
   - static_callcode_checkPC_d0g0v0_EIP158...ok
ok
   - stackOverflowPUSH_d30g0v0_EIP158...   - modexp_0_1_0_35000_d0g3v0_EIP158...ok
   - randomStatetest282_d0g0v0_EIP150...ok
   - stackOverflowPUSH_d30g0v0_Frontier...ok
   - modexp_0_1_0_35000_d0g3v0_Frontier...ok
   - static_callcode_checkPC_d0g0v0_Frontier...ok
   - randomStatetest282_d0g0v0_EIP158...ok
   - stackOverflowPUSH_d30g0v0_Homestead...ok
   - static_callcode_checkPC_d0g0v0_Homestead...ok
   - modexp_0_1_0_35000_d0g3v0_Homestead...ok
   - randomStatetest282_d0g0v0_Frontier...ok
   - CALLCODERipemd160_2_d0g0v0_Byzantium...ok
   - stackOverflowM1_d10g0v0_Byzantium...ok
   - static_callcallcodecallcode_ABCB_RECURSIVE_d0g0v0_Byzantium...ok
   - randomStatetest282_d0g0v0_Homestead...ok
   - CALLCODERipemd160_2_d0g0v0_EIP150...ok
   - stackOverflowM1_d10g0v0_EIP150...ok
   - static_callcallcodecallcode_ABCB_RECURSIVE_d0g0v0_EIP150...ok
   - CALLCODERipemd160_2_d0g0v0_EIP158...ok
   - stackOverflowM1_d10g0v0_EIP158...ok
ok
   - static_callcallcodecallcode_ABCB_RECURSIVE_d0g0v0_EIP158...   - randomStatetest81_d0g0v0_Byzantium...ok
   - CALLCODERipemd160_2_d0g0v0_Frontier...ok
   - stackOverflowM1_d10g0v0_Frontier...ok
   - CALLCODERipemd160_2_d0g0v0_Homestead...ok
   - randomStatetest81_d0g0v0_EIP150...ok
   - static_callcallcodecallcode_ABCB_RECURSIVE_d0g0v0_Frontier...ok
   - stackOverflowM1_d10g0v0_Homestead...ok
   - randomStatetest81_d0g0v0_EIP158...ok
   - static_callcallcodecallcode_ABCB_RECURSIVE_d0g0v0_Homestead...ok
   - modexp_0_1_0_155000_d0g0v0_Byzantium...ok
   - shallowStack_d46g0v0_Byzantium...ok
   - randomStatetest81_d0g0v0_Frontier...ok
   - static_callcallcodecall_010_OOGMAfter2_d1g0v0_Byzantium...ok
   - static_callcallcodecall_010_OOGMAfter2_d1g0v0_EIP150...ok
   - randomStatetest81_d0g0v0_Homestead...ok
   - static_callcallcodecall_010_OOGMAfter2_d1g0v0_EIP158...ok
   - shallowStack_d46g0v0_EIP150...ok
   - modexp_0_1_0_155000_d0g0v0_EIP150...ok
   - static_callcallcodecall_010_OOGMAfter2_d1g0v0_Frontier...ok
   - modexp_0_1_0_155000_d0g0v0_EIP158...ok
   - randomStatetest67_d0g0v0_Byzantium...ok
   - shallowStack_d46g0v0_EIP158...ok
   - static_callcallcodecall_010_OOGMAfter2_d1g0v0_Homestead...ok
   - randomStatetest67_d0g0v0_EIP150...ok
   - static_callcodecallcodecall_110_OOGMAfter2_d0g0v2_Byzantium...ok
   - shallowStack_d46g0v0_Frontier...ok
   - randomStatetest67_d0g0v0_EIP158...ok
   - modexp_0_1_0_155000_d0g0v0_Frontier...ok
   - modexp_0_1_0_155000_d0g0v0_Homestead...ok
   - static_callcodecallcodecall_110_OOGMAfter2_d0g0v2_EIP150...ok
   - shallowStack_d46g0v0_Homestead...ok
   - randomStatetest67_d0g0v0_Frontier...ok
   - stackOverflowM1_d7g0v0_Byzantium...ok
   - modexp_0_0_0_155000_d0g1v0_Byzantium...ok
   - stackOverflowM1_d7g0v0_EIP150...ok
   - randomStatetest67_d0g0v0_Homestead...ok
   - static_callcodecallcodecall_110_OOGMAfter2_d0g0v2_EIP158...ok
   - stackOverflowM1_d7g0v0_EIP158...ok
   - randomStatetest337_d0g0v0_Byzantium...ok
   - modexp_0_0_0_155000_d0g1v0_EIP150...ok
   - static_callcodecallcodecall_110_OOGMAfter2_d0g0v2_Frontier...ok
   - modexp_0_0_0_155000_d0g1v0_EIP158...ok
   - randomStatetest337_d0g0v0_EIP150...ok
   - stackOverflowM1_d7g0v0_Frontier...ok
   - modexp_0_0_0_155000_d0g1v0_Frontier...ok
   - static_callcodecallcodecall_110_OOGMAfter2_d0g0v2_Homestead...ok
   - stackOverflowM1_d7g0v0_Homestead...ok
   - modexp_0_0_0_155000_d0g1v0_Homestead...ok
   - randomStatetest337_d0g0v0_EIP158...ok
ok
ok
   - static_CheckOpcodes3_d2g0v0_Byzantium...   - modexp_d27g1v0_Byzantium...ok
   - randomStatetest337_d0g0v0_Frontier...   - stackOverflowPUSH_d28g0v0_Byzantium...ok
ok
   - static_CheckOpcodes3_d2g0v0_EIP150...   - randomStatetest337_d0g0v0_Homestead...ok
   - modexp_d27g1v0_EIP150...ok
   - randomStatetest635_d0g0v0_Byzantium...ok
   - stackOverflowPUSH_d28g0v0_EIP150...ok
   - static_CheckOpcodes3_d2g0v0_EIP158...ok
   - randomStatetest635_d0g0v0_EIP150...ok
   - static_CheckOpcodes3_d2g0v0_Frontier...ok
   - modexp_d27g1v0_EIP158...ok
   - stackOverflowPUSH_d28g0v0_EIP158...ok
   - randomStatetest635_d0g0v0_EIP158...ok
   - randomStatetest635_d0g0v0_Frontier...ok
   - static_CheckOpcodes3_d2g0v0_Homestead...ok
   - modexp_d27g1v0_Frontier...ok
   - stackOverflowPUSH_d28g0v0_Frontier...ok
   - randomStatetest635_d0g0v0_Homestead...ok
   - static_callCreate_d0g0v0_Byzantium...ok
   - randomStatetest572_d0g0v0_Byzantium...ok
   - static_callCreate_d0g0v0_EIP150...ok
   - modexp_d27g1v0_Homestead...ok
   - stackOverflowPUSH_d28g0v0_Homestead...ok
   - randomStatetest572_d0g0v0_EIP150...ok
   - static_callCreate_d0g0v0_EIP158...ok
   - modexp_37120_37111_0_35000_d0g2v0_Byzantium...ok
   - randomStatetest572_d0g0v0_EIP158...ok
   - shallowStack_d4g0v0_Byzantium...ok
   - modexp_37120_37111_0_35000_d0g2v0_EIP150...ok
   - static_callCreate_d0g0v0_Frontier...ok
   - randomStatetest572_d0g0v0_Frontier...ok
   - shallowStack_d4g0v0_EIP150...ok
   - modexp_37120_37111_0_35000_d0g2v0_EIP158...ok
   - static_callCreate_d0g0v0_Homestead...ok
   - randomStatetest572_d0g0v0_Homestead...ok
   - shallowStack_d4g0v0_EIP158...ok
   - modexp_37120_37111_0_35000_d0g2v0_Frontier...ok
   - randomStatetest147_d0g0v0_Byzantium...ok
   - shallowStack_d4g0v0_Frontier...ok
   - static_callcallcodecall_010_OOGMAfter_d0g0v0_Byzantium...ok
   - modexp_37120_37111_0_35000_d0g2v0_Homestead...ok
   - randomStatetest147_d0g0v0_EIP150...ok
   - static_callcallcodecall_010_OOGMAfter_d0g0v0_EIP150...ok
   - modexp_9_37111_37111_1000000_d0g0v0_Byzantium...ok
   - shallowStack_d4g0v0_Homestead...ok
   - randomStatetest147_d0g0v0_EIP158...ok
   - static_callcallcodecall_010_OOGMAfter_d0g0v0_EIP158...ok
ok
   - randomStatetest147_d0g0v0_Frontier...   - stackOverflowM1PUSH_d24g0v0_Byzantium...ok
   - static_callcallcodecall_010_OOGMAfter_d0g0v0_Frontier...ok
   - modexp_9_37111_37111_1000000_d0g0v0_EIP150...ok
   - randomStatetest147_d0g0v0_Homestead...ok
   - stackOverflowM1PUSH_d24g0v0_EIP150...ok
   - modexp_9_37111_37111_1000000_d0g0v0_EIP158...ok
   - randomStatetest510_d0g0v0_Byzantium...ok
   - static_callcallcodecall_010_OOGMAfter_d0g0v0_Homestead...ok
   - modexp_9_37111_37111_1000000_d0g0v0_Frontier...ok
   - randomStatetest510_d0g0v0_EIP150...ok
   - stackOverflowM1PUSH_d24g0v0_EIP158...ok
   - modexp_9_37111_37111_1000000_d0g0v0_Homestead...ok
ok
   - stackOverflowM1PUSH_d24g0v0_Frontier...   - static_callcallcodecallcode_011_OOGMAfter_2_d1g0v0_Byzantium...ok
   - randomStatetest510_d0g0v0_EIP158...ok
   - static_callcallcodecallcode_011_OOGMAfter_2_d1g0v0_EIP150...ok
ok
   - stackOverflowM1PUSH_d24g0v0_Homestead...   - CALLCODERipemd160_1_d0g0v0_Byzantium...ok
   - static_callcallcodecallcode_011_OOGMAfter_2_d1g0v0_EIP158...ok
   - randomStatetest510_d0g0v0_Frontier...ok
   - CALLCODERipemd160_1_d0g0v0_EIP150...ok
   - static_callcallcodecallcode_011_OOGMAfter_2_d1g0v0_Frontier...ok
   - stackOverflowM1PUSH_d6g0v0_Byzantium...ok
   - randomStatetest510_d0g0v0_Homestead...ok
   - static_callcallcodecallcode_011_OOGMAfter_2_d1g0v0_Homestead...ok
   - CALLCODERipemd160_1_d0g0v0_EIP158...ok
   - stackOverflowM1PUSH_d6g0v0_EIP150...ok
   - randomStatetest158_d0g0v0_Byzantium...ok
   - stackOverflowM1PUSH_d6g0v0_EIP158...ok
   - static_CheckOpcodes3_d2g1v0_Byzantium...ok
   - randomStatetest158_d0g0v0_EIP150...ok
   - CALLCODERipemd160_1_d0g0v0_Frontier...ok
   - stackOverflowM1PUSH_d6g0v0_Frontier...ok
   - stackOverflowM1PUSH_d6g0v0_Homestead...ok
   - randomStatetest158_d0g0v0_EIP158...ok
   - static_CheckOpcodes3_d2g1v0_EIP150...ok
ok
   - CALLCODERipemd160_1_d0g0v0_Homestead...ok
   - randomStatetest158_d0g0v0_Frontier...   - stackOverflowPUSH_d11g0v0_Byzantium...ok
   - static_CheckOpcodes3_d2g1v0_EIP158...ok
   - randomStatetest158_d0g0v0_Homestead...ok
   - modexp_49_2401_2401_22000_d0g3v0_Byzantium...ok
   - static_CheckOpcodes3_d2g1v0_Frontier...ok
   - stackOverflowPUSH_d11g0v0_EIP150...ok
   - static_CheckOpcodes3_d2g1v0_Homestead...ok
ok
ok
   - modexp_49_2401_2401_22000_d0g3v0_EIP150...ok
   - stackOverflowPUSH_d11g0v0_EIP158...   - randomStatetest231_d0g0v0_Byzantium...   - static_callcall_00_OOGE_d1g0v0_Byzantium...ok
   - stackOverflowPUSH_d11g0v0_Frontier...ok
   - randomStatetest231_d0g0v0_EIP150...ok
   - stackOverflowPUSH_d11g0v0_Homestead...ok
   - modexp_49_2401_2401_22000_d0g3v0_EIP158...ok
   - static_callcall_00_OOGE_d1g0v0_EIP150...ok
ok
   - randomStatetest231_d0g0v0_EIP158...ok
   - static_callcall_00_OOGE_d1g0v0_EIP158...   - stackOverflowPUSH_d19g0v0_Byzantium...ok
   - randomStatetest231_d0g0v0_Frontier...ok
   - modexp_49_2401_2401_22000_d0g3v0_Frontier...ok
   - static_callcall_00_OOGE_d1g0v0_Frontier...ok
   - stackOverflowPUSH_d19g0v0_EIP150...ok
   - randomStatetest231_d0g0v0_Homestead...ok
   - randomStatetest134_d0g0v0_Byzantium...ok
   - stackOverflowPUSH_d19g0v0_EIP158...ok
   - modexp_49_2401_2401_22000_d0g3v0_Homestead...ok
   - static_callcall_00_OOGE_d1g0v0_Homestead...ok
   - randomStatetest134_d0g0v0_EIP150...ok
   - static_callcallcodecallcode_011_OOGMAfter2_d0g0v0_Byzantium...ok
   - CALLCODEEcrecover0_gas3000_d0g0v0_Byzantium...ok
   - randomStatetest134_d0g0v0_EIP158...ok
   - stackOverflowPUSH_d19g0v0_Frontier...ok
   - static_callcallcodecallcode_011_OOGMAfter2_d0g0v0_EIP150...ok
   - stackOverflowPUSH_d19g0v0_Homestead...ok
   - CALLCODEEcrecover0_gas3000_d0g0v0_EIP150...ok
   - randomStatetest134_d0g0v0_Frontier...ok
   - stackOverflowM1_d0g0v0_Byzantium...ok
   - static_callcallcodecallcode_011_OOGMAfter2_d0g0v0_EIP158...ok
   - randomStatetest134_d0g0v0_Homestead...ok
   - stackOverflowM1_d0g0v0_EIP150...ok
   - CALLCODEEcrecover0_gas3000_d0g0v0_EIP158...ok
   - static_callcallcodecallcode_011_OOGMAfter2_d0g0v0_Frontier...ok
   - randomStatetest217_d0g0v0_Byzantium...ok
   - static_callcallcodecallcode_011_OOGMAfter2_d0g0v0_Homestead...ok
   - stackOverflowM1_d0g0v0_EIP158...ok
   - CALLCODEEcrecover0_gas3000_d0g0v0_Frontier...ok
   - randomStatetest217_d0g0v0_EIP150...ok
   - CALLCODEEcrecover0_gas3000_d0g0v0_Homestead...ok
   - static_callcallcallcode_001_d0g0v0_Byzantium...ok
   - stackOverflowM1_d0g0v0_Frontier...ok
   - modexp_9_37111_37111_22000_d0g2v0_Byzantium...ok
   - randomStatetest217_d0g0v0_EIP158...ok
   - modexp_9_37111_37111_22000_d0g2v0_EIP150...ok
   - stackOverflowM1_d0g0v0_Homestead...ok
   - randomStatetest217_d0g0v0_Frontier...ok
   - static_callcallcallcode_001_d0g0v0_EIP150...ok
   - modexp_9_37111_37111_22000_d0g2v0_EIP158...ok
   - randomStatetest217_d0g0v0_Homestead...ok
   - shallowStack_d67g0v0_Byzantium...ok
   - randomStatetest149_d0g0v0_Byzantium...ok
   - static_callcallcallcode_001_d0g0v0_EIP158...ok
   - modexp_9_37111_37111_22000_d0g2v0_Frontier...ok
   - shallowStack_d67g0v0_EIP150...ok
   - static_callcallcallcode_001_d0g0v0_Frontier...ok
   - modexp_9_37111_37111_22000_d0g2v0_Homestead...ok
   - static_callcallcallcode_001_d0g0v0_Homestead...ok
   - randomStatetest149_d0g0v0_EIP150...ok
   - shallowStack_d67g0v0_EIP158...ok
   - modexp_37120_37111_1_155000_d0g0v0_Byzantium...ok
   - shallowStack_d67g0v0_Frontier...ok
   - modexp_37120_37111_1_155000_d0g0v0_EIP150...ok
   - shallowStack_d67g0v0_Homestead...ok
   - static_callcallcallcode_001_OOGMBefore_d0g0v0_Byzantium...ok
   - randomStatetest149_d0g0v0_EIP158...ok
   - modexp_37120_37111_1_155000_d0g0v0_EIP158...ok
   - shallowStack_d17g0v0_Byzantium...ok
   - static_callcallcallcode_001_OOGMBefore_d0g0v0_EIP150...ok
   - modexp_37120_37111_1_155000_d0g0v0_Frontier...ok
   - randomStatetest149_d0g0v0_Frontier...ok
   - modexp_37120_37111_1_155000_d0g0v0_Homestead...ok
   - shallowStack_d17g0v0_EIP150...ok
   - static_callcallcallcode_001_OOGMBefore_d0g0v0_EIP158...ok
   - randomStatetest149_d0g0v0_Homestead...ok
   - modexp_1_0_1_1000000_d0g1v0_Byzantium...ok
   - shallowStack_d17g0v0_EIP158...ok
   - static_callcallcallcode_001_OOGMBefore_d0g0v0_Frontier...ok
   - randomStatetest24_d0g0v0_Byzantium...ok
   - modexp_1_0_1_1000000_d0g1v0_EIP150...ok
   - static_callcallcallcode_001_OOGMBefore_d0g0v0_Homestead...ok
   - shallowStack_d17g0v0_Frontier...ok
   - modexp_1_0_1_1000000_d0g1v0_EIP158...ok
   - randomStatetest24_d0g0v0_EIP150...ok
   - static_callcallcodecall_010_SuicideEnd_d0g0v0_Byzantium...ok
ok
   - shallowStack_d17g0v0_Homestead...   - modexp_1_0_1_1000000_d0g1v0_Frontier...ok
   - randomStatetest24_d0g0v0_EIP158...ok
   - shallowStack_d39g0v0_Byzantium...ok
   - modexp_1_0_1_1000000_d0g1v0_Homestead...ok
   - randomStatetest24_d0g0v0_Frontier...ok
   - static_callcallcodecall_010_SuicideEnd_d0g0v0_EIP150...ok
   - shallowStack_d39g0v0_EIP150...ok
   - randomStatetest24_d0g0v0_Homestead...ok
ok
   - shallowStack_d39g0v0_EIP158...ok
   - static_callcallcodecall_010_SuicideEnd_d0g0v0_EIP158...   - modexp_37120_37111_0_155000_d0g1v0_Byzantium...ok
   - static_callcallcodecall_010_SuicideEnd_d0g0v0_Frontier...ok
   - randomStatetest512_d0g0v0_Byzantium...ok
   - shallowStack_d39g0v0_Frontier...ok
   - static_callcallcodecall_010_SuicideEnd_d0g0v0_Homestead...ok
   - modexp_37120_37111_0_155000_d0g1v0_EIP150...ok
   - shallowStack_d39g0v0_Homestead...ok
   - randomStatetest512_d0g0v0_EIP150...ok
   - static_callcallcodecall_010_OOGMAfter_3_d1g0v0_Byzantium...ok
   - shallowStack_d33g0v0_Byzantium...ok
   - modexp_37120_37111_0_155000_d0g1v0_EIP158...ok
   - shallowStack_d33g0v0_EIP150...ok
   - static_callcallcodecall_010_OOGMAfter_3_d1g0v0_EIP150...ok
   - randomStatetest512_d0g0v0_EIP158...ok
   - modexp_37120_37111_0_155000_d0g1v0_Frontier...ok
   - shallowStack_d33g0v0_EIP158...ok
   - static_callcallcodecall_010_OOGMAfter_3_d1g0v0_EIP158...ok
   - randomStatetest512_d0g0v0_Frontier...ok
   - shallowStack_d33g0v0_Frontier...ok
   - modexp_37120_37111_0_155000_d0g1v0_Homestead...ok
   - shallowStack_d33g0v0_Homestead...ok
   - static_callcallcodecall_010_OOGMAfter_3_d1g0v0_Frontier...ok
ok
   - randomStatetest512_d0g0v0_Homestead...   - modexp_37120_37111_37111_20500_d0g3v0_Byzantium...ok
   - stackOverflowM1_d4g0v0_Byzantium...ok
   - static_callcallcodecall_010_OOGMAfter_3_d1g0v0_Homestead...ok
   - randomStatetest189_d0g0v0_Byzantium...ok
   - stackOverflowM1_d4g0v0_EIP150...ok
   - modexp_37120_37111_37111_20500_d0g3v0_EIP150...ok
   - static_Return50000_2_d0g0v0_Byzantium...ok
   - randomStatetest189_d0g0v0_EIP150...ok
   - stackOverflowM1_d4g0v0_EIP158...ok
   - randomStatetest189_d0g0v0_EIP158...ok
   - modexp_37120_37111_37111_20500_d0g3v0_EIP158...ok
   - stackOverflowM1_d4g0v0_Frontier...ok
   - modexp_37120_37111_37111_20500_d0g3v0_Frontier...ok
   - randomStatetest189_d0g0v0_Frontier...ok
   - stackOverflowM1_d4g0v0_Homestead...ok
   - modexp_37120_37111_37111_20500_d0g3v0_Homestead...ok
ok
   - randomStatetest189_d0g0v0_Homestead...   - shallowStack_d70g0v0_Byzantium...ok
   - modexp_0_0_0_1000000_d0g3v0_Byzantium...ok
   - shallowStack_d70g0v0_EIP150...ok
   - randomStatetest283_d0g0v0_Byzantium...ok
   - shallowStack_d70g0v0_EIP158...ok
   - modexp_0_0_0_1000000_d0g3v0_EIP150...ok
   - randomStatetest283_d0g0v0_EIP150...ok
   - modexp_0_0_0_1000000_d0g3v0_EIP158...ok
   - shallowStack_d70g0v0_Frontier...ok
   - randomStatetest283_d0g0v0_EIP158...ok
   - modexp_0_0_0_1000000_d0g3v0_Frontier...ok
   - static_Return50000_2_d0g0v0_EIP150...ok
   - randomStatetest283_d0g0v0_Frontier...ok
   - shallowStack_d70g0v0_Homestead...ok
   - static_Return50000_2_d0g0v0_EIP158...ok
   - modexp_0_0_0_1000000_d0g3v0_Homestead...ok
   - randomStatetest283_d0g0v0_Homestead...ok
   - static_Return50000_2_d0g0v0_Frontier...ok
   - CALLCODEEcrecover3_d0g0v0_Byzantium...ok
   - randomStatetest14_d0g0v0_Byzantium...ok
ok
   - static_Return50000_2_d0g0v0_Homestead...ok
   - randomStatetest14_d0g0v0_EIP150...ok
   - CALLCODEEcrecover3_d0g0v0_EIP150...   - stackOverflowM1PUSH_d28g0v0_Byzantium...ok
   - CALLCODEEcrecover3_d0g0v0_EIP158...ok
   - randomStatetest14_d0g0v0_EIP158...ok
   - stackOverflowM1PUSH_d28g0v0_EIP150...ok
   - static_Call1MB1024Calldepth_d1g0v0_Byzantium...ok
   - stackOverflowM1PUSH_d28g0v0_EIP158...ok
   - randomStatetest14_d0g0v0_Frontier...ok
   - CALLCODEEcrecover3_d0g0v0_Frontier...ok
   - stackOverflowM1PUSH_d28g0v0_Frontier...ok
   - CALLCODEEcrecover3_d0g0v0_Homestead...ok
   - randomStatetest14_d0g0v0_Homestead...ok
   - stackOverflowM1PUSH_d28g0v0_Homestead...ok
   - randomStatetest359_d0g0v0_Byzantium...ok
   - modexp_d18g0v0_Byzantium...ok
   - randomStatetest359_d0g0v0_EIP150...ok
   - shallowStack_d31g0v0_Byzantium...ok
   - modexp_d18g0v0_EIP150...ok
   - randomStatetest359_d0g0v0_EIP158...ok
   - shallowStack_d31g0v0_EIP150...ok
   - randomStatetest359_d0g0v0_Frontier...ok
   - modexp_d18g0v0_EIP158...ok
   - randomStatetest359_d0g0v0_Homestead...ok
   - randomStatetest87_d0g0v0_Byzantium...ok
   - modexp_d18g0v0_Frontier...ok
   - shallowStack_d31g0v0_EIP158...ok
   - randomStatetest87_d0g0v0_EIP150...ok
   - modexp_d18g0v0_Homestead...ok
   - randomStatetest87_d0g0v0_EIP158...ok
   - shallowStack_d31g0v0_Frontier...ok
   - modexp_39936_1_55201_22000_d0g3v0_Byzantium...ok
   - randomStatetest87_d0g0v0_Frontier...ok
   - shallowStack_d31g0v0_Homestead...ok
   - stackOverflowDUP_d3g0v0_Byzantium...ok
   - randomStatetest87_d0g0v0_Homestead...ok
   - modexp_39936_1_55201_22000_d0g3v0_EIP150...ok
   - stackOverflowDUP_d3g0v0_EIP150...ok
   - modexp_39936_1_55201_22000_d0g3v0_EIP158...ok
ok
   - stackOverflowDUP_d3g0v0_EIP158...   - randomStatetest461_d0g0v0_Byzantium...ok
   - modexp_39936_1_55201_22000_d0g3v0_Frontier...ok
   - stackOverflowDUP_d3g0v0_Frontier...ok
   - randomStatetest461_d0g0v0_EIP150...ok
   - modexp_39936_1_55201_22000_d0g3v0_Homestead...ok
   - modexp_3_09984_39936_155000_d0g0v0_Byzantium...ok
   - randomStatetest461_d0g0v0_EIP158...ok
   - stackOverflowDUP_d3g0v0_Homestead...ok
ok
   - modexp_3_09984_39936_155000_d0g0v0_EIP150...   - stackOverflowPUSH_d21g0v0_Byzantium...ok
   - randomStatetest461_d0g0v0_Frontier...ok
   - stackOverflowPUSH_d21g0v0_EIP150...ok
   - randomStatetest461_d0g0v0_Homestead...ok
   - modexp_3_09984_39936_155000_d0g0v0_EIP158...ok
   - stackOverflowPUSH_d21g0v0_EIP158...ok
   - modexp_3_09984_39936_155000_d0g0v0_Frontier...ok
   - randomStatetest222_d0g0v0_Byzantium...ok
   - stackOverflowPUSH_d21g0v0_Frontier...ok
   - stackOverflowPUSH_d21g0v0_Homestead...ok
   - modexp_3_09984_39936_155000_d0g0v0_Homestead...ok
   - randomStatetest222_d0g0v0_EIP150...ok
   - shallowStack_d10g0v0_Byzantium...ok
   - randomStatetest222_d0g0v0_EIP158...ok
ok
   - shallowStack_d10g0v0_EIP150...   - modexp_0_1_0_22000_d0g3v0_Byzantium...ok
   - randomStatetest222_d0g0v0_Frontier...ok
   - modexp_0_1_0_22000_d0g3v0_EIP150...ok
   - shallowStack_d10g0v0_EIP158...ok
   - randomStatetest222_d0g0v0_Homestead...ok
   - modexp_0_1_0_22000_d0g3v0_EIP158...ok
   - modexp_0_1_0_22000_d0g3v0_Frontier...ok
   - shallowStack_d10g0v0_Frontier...ok
   - randomStatetest94_d0g0v0_Byzantium...ok
   - modexp_0_1_0_22000_d0g3v0_Homestead...ok
   - shallowStack_d10g0v0_Homestead...ok
   - CallIdentity_4_gas18_d0g0v0_Byzantium...ok
   - stackOverflow_d2g0v0_Byzantium...ok
   - randomStatetest94_d0g0v0_EIP150...ok
   - CallIdentity_4_gas18_d0g0v0_EIP150...ok
   - randomStatetest94_d0g0v0_EIP158...ok
   - stackOverflow_d2g0v0_EIP150...ok
   - CallIdentity_4_gas18_d0g0v0_EIP158...ok
   - CallIdentity_4_gas18_d0g0v0_Frontier...ok
   - stackOverflow_d2g0v0_EIP158...ok
   - randomStatetest94_d0g0v0_Frontier...ok
   - CallIdentity_4_gas18_d0g0v0_Homestead...ok
   - randomStatetest94_d0g0v0_Homestead...ok
ok
   - stackOverflow_d2g0v0_Frontier...ok
   - randomStatetest280_d0g0v0_Byzantium...ok
   - randomStatetest280_d0g0v0_EIP150...ok
   - stackOverflow_d2g0v0_Homestead...ok
   - randomStatetest280_d0g0v0_EIP158...ok
   - shallowStack_d77g0v0_Byzantium...ok
   - randomStatetest280_d0g0v0_Frontier...   - modexp_37120_37111_0_20500_d0g1v0_Byzantium...ok
   - shallowStack_d77g0v0_EIP150...ok
   - randomStatetest280_d0g0v0_Homestead...ok
   - modexp_37120_37111_0_20500_d0g1v0_EIP150...ok
   - modexp_37120_37111_0_20500_d0g1v0_EIP158...ok
   - shallowStack_d77g0v0_EIP158...ok
   - randomStatetest544_d0g0v0_Byzantium...ok
   - shallowStack_d77g0v0_Frontier...ok
   - randomStatetest544_d0g0v0_EIP150...ok
   - modexp_37120_37111_0_20500_d0g1v0_Frontier...ok
   - shallowStack_d77g0v0_Homestead...ok
   - static_Call1MB1024Calldepth_d1g0v0_EIP150...ok
ok
   - randomStatetest544_d0g0v0_EIP158...ok
   - modexp_37120_37111_0_20500_d0g1v0_Homestead...   - stackOverflowPUSH_d29g0v0_Byzantium...ok
   - static_Call1MB1024Calldepth_d1g0v0_EIP158...ok
   - randomStatetest544_d0g0v0_Frontier...ok
ok
   - stackOverflowPUSH_d29g0v0_EIP150...   - modexp_d26g2v0_Byzantium...ok
   - static_Call1MB1024Calldepth_d1g0v0_Frontier...ok
   - randomStatetest544_d0g0v0_Homestead...ok
   - stackOverflowPUSH_d29g0v0_EIP158...ok
   - static_Call1MB1024Calldepth_d1g0v0_Homestead...ok
   - modexp_d26g2v0_EIP150...ok
   - randomStatetest472_d0g0v0_Byzantium...ok
   - stackOverflowPUSH_d29g0v0_Frontier...ok
   - static_callcodecallcall_100_2_d0g0v0_Byzantium...ok
   - stackOverflowPUSH_d29g0v0_Homestead...ok
   - randomStatetest472_d0g0v0_EIP150...ok
   - modexp_d26g2v0_EIP158...ok
   - static_callcodecallcall_100_2_d0g0v0_EIP150...ok
   - shallowStack_d1g0v0_Byzantium...ok
   - static_callcodecallcall_100_2_d0g0v0_EIP158...ok
   - modexp_d26g2v0_Frontier...ok
   - shallowStack_d1g0v0_EIP150...ok
   - randomStatetest472_d0g0v0_EIP158...ok
   - modexp_d26g2v0_Homestead...ok
   - static_callcodecallcall_100_2_d0g0v0_Frontier...ok
   - shallowStack_d1g0v0_EIP158...ok
   - randomStatetest472_d0g0v0_Frontier...ok
   - static_callcodecallcall_100_2_d0g0v0_Homestead...ok
   - modexp_37120_37111_37111_25000_d0g1v0_Byzantium...ok
ok
   - shallowStack_d1g0v0_Frontier...ok
   - randomStatetest472_d0g0v0_Homestead...   - static_CheckOpcodes2_d1g0v1_Byzantium...ok
   - modexp_37120_37111_37111_25000_d0g1v0_EIP150...ok
   - static_CheckOpcodes2_d1g0v1_EIP150...ok
   - shallowStack_d1g0v0_Homestead...ok
   - modexp_37120_37111_37111_25000_d0g1v0_EIP158...ok
   - randomStatetest20_d0g0v0_Byzantium...ok
   - shallowStack_d28g0v0_Byzantium...ok
   - modexp_37120_37111_37111_25000_d0g1v0_Frontier...ok
   - shallowStack_d28g0v0_EIP150...ok
   - static_CheckOpcodes2_d1g0v1_EIP158...ok
   - randomStatetest20_d0g0v0_EIP150...ok
   - modexp_37120_37111_37111_25000_d0g1v0_Homestead...ok
   - static_CheckOpcodes2_d1g0v1_Frontier...ok
ok
   - randomStatetest20_d0g0v0_EIP158...   - modexp_39936_1_55201_155000_d0g1v0_Byzantium...ok
   - shallowStack_d28g0v0_EIP158...ok
   - static_CheckOpcodes2_d1g0v1_Homestead...ok
   - static_callcallcall_000_SuicideMiddle_d0g0v0_Byzantium...ok
   - randomStatetest20_d0g0v0_Frontier...ok
   - shallowStack_d28g0v0_Frontier...ok
   - modexp_39936_1_55201_155000_d0g1v0_EIP150...ok
   - randomStatetest20_d0g0v0_Homestead...ok
   - static_callcallcall_000_SuicideMiddle_d0g0v0_EIP150...ok
   - shallowStack_d28g0v0_Homestead...ok
   - randomStatetest293_d0g0v0_Byzantium...ok
   - modexp_39936_1_55201_155000_d0g1v0_EIP158...ok
   - static_callcallcall_000_SuicideMiddle_d0g0v0_EIP158...ok
   - randomStatetest293_d0g0v0_EIP150...ok
   - modexp_39936_1_55201_155000_d0g1v0_Frontier...ok
ok
   - static_callcallcall_000_SuicideMiddle_d0g0v0_Frontier...ok
   - randomStatetest293_d0g0v0_EIP158...   - stackOverflowPUSH_d17g0v0_Byzantium...ok
   - modexp_39936_1_55201_155000_d0g1v0_Homestead...ok
   - randomStatetest293_d0g0v0_Frontier...ok
   - static_callcallcall_000_SuicideMiddle_d0g0v0_Homestead...ok
   - randomStatetest293_d0g0v0_Homestead...ok
   - modexp_37120_37111_0_20500_d0g0v0_Byzantium...ok
   - stackOverflowPUSH_d17g0v0_EIP150...ok
   - randomStatetest388_d0g0v0_Byzantium...ok
ok
   - modexp_37120_37111_0_20500_d0g0v0_EIP150...   - static_callcallcodecall_010_OOGMAfter2_d0g0v0_Byzantium...ok
   - stackOverflowPUSH_d17g0v0_EIP158...ok
   - static_callcallcodecall_010_OOGMAfter2_d0g0v0_EIP150...ok
   - randomStatetest388_d0g0v0_EIP150...ok
   - stackOverflowPUSH_d17g0v0_Frontier...ok
   - static_callcallcodecall_010_OOGMAfter2_d0g0v0_EIP158...ok
   - modexp_37120_37111_0_20500_d0g0v0_EIP158...ok
   - stackOverflowPUSH_d17g0v0_Homestead...ok
   - static_callcallcodecall_010_OOGMAfter2_d0g0v0_Frontier...ok
   - randomStatetest388_d0g0v0_EIP158...ok
   - static_callcallcodecall_010_OOGMAfter2_d0g0v0_Homestead...ok
   - modexp_37120_37111_0_20500_d0g0v0_Frontier...ok
   - randomStatetest388_d0g0v0_Frontier...ok
   - stackOverflow_d15g0v0_Byzantium...ok
   - randomStatetest388_d0g0v0_Homestead...ok
   - static_CheckOpcodes3_d0g0v1_Byzantium...ok
   - stackOverflow_d15g0v0_EIP150...ok
   - modexp_37120_37111_0_20500_d0g0v0_Homestead...ok
   - static_CheckOpcodes3_d0g0v1_EIP150...ok
   - randomStatetest209_d0g0v0_Byzantium...ok
   - stackOverflow_d15g0v0_EIP158...ok
ok
   - randomStatetest209_d0g0v0_EIP150...ok
   - static_CheckOpcodes3_d0g0v1_EIP158...   - modexp_55190_55190_42965_155000_d0g1v0_Byzantium...ok
   - stackOverflow_d15g0v0_Frontier...ok
   - static_CheckOpcodes3_d0g0v1_Frontier...ok
   - randomStatetest209_d0g0v0_EIP158...ok
   - static_CheckOpcodes3_d0g0v1_Homestead...ok
   - stackOverflow_d15g0v0_Homestead...ok
   - modexp_55190_55190_42965_155000_d0g1v0_EIP150...ok
   - randomStatetest209_d0g0v0_Frontier...ok
   - modexp_55190_55190_42965_155000_d0g1v0_EIP158...ok
   - static_CheckOpcodes3_d4g0v1_Byzantium...ok
   - stackOverflow_d1g0v0_Byzantium...ok
   - modexp_55190_55190_42965_155000_d0g1v0_Frontier...ok
   - randomStatetest209_d0g0v0_Homestead...ok
   - stackOverflow_d1g0v0_EIP150...ok
   - static_CheckOpcodes3_d4g0v1_EIP150...ok
ok
   - stackOverflow_d1g0v0_EIP158...   - randomStatetest493_d0g0v0_Byzantium...ok
   - static_CheckOpcodes3_d4g0v1_EIP158...ok
   - modexp_55190_55190_42965_155000_d0g1v0_Homestead...ok
   - randomStatetest493_d0g0v0_EIP150...ok
   - stackOverflow_d1g0v0_Frontier...ok
   - static_CheckOpcodes3_d4g0v1_Frontier...ok
   - modexp_d8g3v0_Byzantium...ok
   - stackOverflow_d1g0v0_Homestead...ok
   - static_CheckOpcodes3_d4g0v1_Homestead...ok
   - randomStatetest493_d0g0v0_EIP158...ok
   - modexp_d8g3v0_EIP150...test json_tests::chain::block_tests::BlockchainTests_GeneralStateTest_stPreCompiledContracts ... test json_tests::chain::block_tests::BlockchainTests_GeneralStateTest_stPreCompiledContracts has been running for over 60 seconds
ok
   - stackOverflowDUP_d4g0v0_Byzantium...ok
   - randomStatetest493_d0g0v0_Frontier...ok
   - modexp_d8g3v0_EIP158...ok
   - static_CallRecursiveBomb3_d0g0v0_Byzantium...ok
   - modexp_d8g3v0_Frontier...ok
   - stackOverflowDUP_d4g0v0_EIP150...ok
   - modexp_d8g3v0_Homestead...ok
   - stackOverflowDUP_d4g0v0_EIP158...ok
   - static_CallRecursiveBomb3_d0g0v0_EIP150...ok
   - randomStatetest493_d0g0v0_Homestead...ok
ok
   - static_CallRecursiveBomb3_d0g0v0_EIP158...   - modexp_0_3_100_35000_d0g3v0_Byzantium...ok
   - randomStatetest597_d0g0v0_Byzantium...ok
   - stackOverflowDUP_d4g0v0_Frontier...ok
   - static_CallRecursiveBomb3_d0g0v0_Frontier...ok
   - modexp_0_3_100_35000_d0g3v0_EIP150...ok
   - stackOverflowDUP_d4g0v0_Homestead...ok
   - randomStatetest597_d0g0v0_EIP150...ok
   - static_CallRecursiveBomb3_d0g0v0_Homestead...ok
   - modexp_0_3_100_35000_d0g3v0_EIP158...ok
   - shallowStack_d27g0v0_Byzantium...ok
   - randomStatetest597_d0g0v0_EIP158...ok
   - shallowStack_d27g0v0_EIP150...ok
   - static_callcodecallcallcode_101_SuicideEnd2_d0g0v0_Byzantium...ok
   - modexp_0_3_100_35000_d0g3v0_Frontier...ok
   - randomStatetest597_d0g0v0_Frontier...ok
   - shallowStack_d27g0v0_EIP158...ok
   - modexp_0_3_100_35000_d0g3v0_Homestead...ok
   - shallowStack_d27g0v0_Frontier...ok
   - randomStatetest597_d0g0v0_Homestead...ok
   - static_callcodecallcallcode_101_SuicideEnd2_d0g0v0_EIP150...ok
   - static_callcodecallcallcode_101_SuicideEnd2_d0g0v0_EIP158...ok
ok
   - randomStatetest594_d0g0v0_Byzantium...   - modexp_d17g0v0_Byzantium...ok
   - shallowStack_d27g0v0_Homestead...ok
   - static_callcodecallcallcode_101_SuicideEnd2_d0g0v0_Frontier...ok
   - modexp_d17g0v0_EIP150...ok
   - randomStatetest594_d0g0v0_EIP150...ok
   - modexp_d17g0v0_EIP158...ok
   - static_callcodecallcallcode_101_SuicideEnd2_d0g0v0_Homestead...ok
   - stackOverflow_d8g0v0_Byzantium...ok
   - randomStatetest594_d0g0v0_EIP158...ok
   - modexp_d17g0v0_Frontier...ok
   - static_CREATE_ContractSuicideDuringInit_d3g0v0_Byzantium...ok
   - modexp_d17g0v0_Homestead...ok
   - stackOverflow_d8g0v0_EIP150...ok
   - randomStatetest594_d0g0v0_Frontier...ok
   - static_CREATE_ContractSuicideDuringInit_d3g0v0_EIP150...ok
ok
   - stackOverflow_d8g0v0_EIP158...   - modexp_3_5_100_20500_d0g0v0_Byzantium...ok
   - randomStatetest594_d0g0v0_Homestead...ok
   - static_CREATE_ContractSuicideDuringInit_d3g0v0_EIP158...ok
   - randomStatetest137_d0g0v0_Byzantium...ok
   - modexp_3_5_100_20500_d0g0v0_EIP150...ok
   - stackOverflow_d8g0v0_Frontier...ok
   - static_CREATE_ContractSuicideDuringInit_d3g0v0_Frontier...ok
   - randomStatetest137_d0g0v0_EIP150...ok
   - static_CREATE_ContractSuicideDuringInit_d3g0v0_Homestead...ok
   - stackOverflow_d8g0v0_Homestead...ok
   - modexp_3_5_100_20500_d0g0v0_EIP158...ok
   - static_Call50000_identity_d1g0v0_Byzantium...ok
   - randomStatetest137_d0g0v0_EIP158...ok
   - stackOverflowDUP_d6g0v0_Byzantium...ok
   - modexp_3_5_100_20500_d0g0v0_Frontier...ok
   - stackOverflowDUP_d6g0v0_EIP150...ok
   - randomStatetest137_d0g0v0_Frontier...ok
   - modexp_3_5_100_20500_d0g0v0_Homestead...ok
   - randomStatetest137_d0g0v0_Homestead...ok
   - stackOverflowDUP_d6g0v0_EIP158...ok
   - modexp_3_5_100_22000_d0g1v0_Byzantium...ok
   - randomStatetest245_d0g0v0_Byzantium...ok
   - stackOverflowDUP_d6g0v0_Frontier...ok
   - modexp_3_5_100_22000_d0g1v0_EIP150...ok
   - randomStatetest245_d0g0v0_EIP150...ok
   - stackOverflowDUP_d6g0v0_Homestead...ok
   - modexp_3_5_100_22000_d0g1v0_EIP158...ok
   - stackOverflowM1DUP_d0g0v0_Byzantium...ok
   - randomStatetest245_d0g0v0_EIP158...ok
   - modexp_3_5_100_22000_d0g1v0_Frontier...ok
   - stackOverflowM1DUP_d0g0v0_EIP150...ok
   - modexp_3_5_100_22000_d0g1v0_Homestead...ok
   - randomStatetest245_d0g0v0_Frontier...ok
   - stackOverflowM1DUP_d0g0v0_EIP158...ok
ok
   - stackOverflowM1DUP_d0g0v0_Frontier...   - modexp_39936_1_55201_20500_d0g1v0_Byzantium...ok
   - randomStatetest245_d0g0v0_Homestead...ok
   - modexp_39936_1_55201_20500_d0g1v0_EIP150...ok
   - stackOverflowM1DUP_d0g0v0_Homestead...ok
   - randomStatetest496_d0g0v0_Byzantium...ok
   - static_Call50000_identity_d1g0v0_EIP150...ok
   - modexp_39936_1_55201_20500_d0g1v0_EIP158...ok
   - randomStatetest496_d0g0v0_EIP150...ok
   - stackOverflowDUP_d13g0v0_Byzantium...ok
   - modexp_39936_1_55201_20500_d0g1v0_Frontier...ok
   - randomStatetest496_d0g0v0_EIP158...ok
   - static_Call50000_identity_d1g0v0_EIP158...ok
   - stackOverflowDUP_d13g0v0_EIP150...ok
   - randomStatetest496_d0g0v0_Frontier...ok
ok
   - stackOverflowDUP_d13g0v0_EIP158...   - modexp_39936_1_55201_20500_d0g1v0_Homestead...ok
   - static_Call50000_identity_d1g0v0_Frontier...ok
   - randomStatetest496_d0g0v0_Homestead...ok
ok
   - randomStatetest288_d0g0v0_Byzantium...ok
   - stackOverflowDUP_d13g0v0_Frontier...   - CALLCODESha256_3_postfix0_d0g0v0_Byzantium...ok
   - static_Call50000_identity_d1g0v0_Homestead...ok
   - randomStatetest288_d0g0v0_EIP150...ok
   - stackOverflowDUP_d13g0v0_Homestead...ok
   - randomStatetest288_d0g0v0_EIP158...ok
ok
   - static_callcodecallcallcode_101_OOGE_d0g0v0_Byzantium...ok
   - CALLCODESha256_3_postfix0_d0g0v0_EIP150...   - stackOverflowM1PUSH_d21g0v0_Byzantium...ok
   - randomStatetest288_d0g0v0_Frontier...ok
   - static_callcodecallcallcode_101_OOGE_d0g0v0_EIP150...ok
   - randomStatetest288_d0g0v0_Homestead...ok
   - CALLCODESha256_3_postfix0_d0g0v0_EIP158...ok
   - stackOverflowM1PUSH_d21g0v0_EIP150...ok
   - static_callcodecallcallcode_101_OOGE_d0g0v0_EIP158...ok
   - randomStatetest346_d0g0v0_Byzantium...ok
   - CALLCODESha256_3_postfix0_d0g0v0_Frontier...ok
   - static_callcodecallcallcode_101_OOGE_d0g0v0_Frontier...ok
   - stackOverflowM1PUSH_d21g0v0_EIP158...ok
   - CALLCODESha256_3_postfix0_d0g0v0_Homestead...ok
   - randomStatetest346_d0g0v0_EIP150...ok
   - static_callcodecallcallcode_101_OOGE_d0g0v0_Homestead...ok
   - stackOverflowM1PUSH_d21g0v0_Frontier...ok
   - static_callcallcallcode_001_OOGMAfter2_d0g0v0_Byzantium...ok
   - randomStatetest346_d0g0v0_EIP158...ok
   - modexp_9_37111_37111_1000000_d0g3v0_Byzantium...ok
   - stackOverflowM1PUSH_d21g0v0_Homestead...ok
   - static_callcallcallcode_001_OOGMAfter2_d0g0v0_EIP150...ok
   - modexp_9_37111_37111_1000000_d0g3v0_EIP150...ok
   - randomStatetest346_d0g0v0_Frontier...ok
ok
   - static_callcallcallcode_001_OOGMAfter2_d0g0v0_EIP158...   - modexp_9_37111_37111_1000000_d0g3v0_EIP158...ok
   - shallowStack_d11g0v0_Byzantium...ok
   - static_callcallcallcode_001_OOGMAfter2_d0g0v0_Frontier...ok
   - randomStatetest346_d0g0v0_Homestead...ok
   - shallowStack_d11g0v0_EIP150...ok
   - modexp_9_37111_37111_1000000_d0g3v0_Frontier...ok
   - static_callcallcallcode_001_OOGMAfter2_d0g0v0_Homestead...ok
   - shallowStack_d11g0v0_EIP158...ok
   - modexp_9_37111_37111_1000000_d0g3v0_Homestead...ok
   - randomStatetest452_d0g0v0_Byzantium...ok
   - shallowStack_d11g0v0_Frontier...ok
ok
   - modexp_0_0_0_1000000_d0g1v0_Byzantium...   - static_CheckOpcodes2_d4g1v0_Byzantium...ok
   - randomStatetest452_d0g0v0_EIP150...ok
   - shallowStack_d11g0v0_Homestead...ok
   - modexp_0_0_0_1000000_d0g1v0_EIP150...ok
   - randomStatetest452_d0g0v0_EIP158...ok
   - static_CheckOpcodes2_d4g1v0_EIP150...ok
   - shallowStack_d75g0v0_Byzantium...ok
   - randomStatetest452_d0g0v0_Frontier...ok
   - modexp_0_0_0_1000000_d0g1v0_EIP158...ok
   - shallowStack_d75g0v0_EIP150...ok
   - modexp_0_0_0_1000000_d0g1v0_Frontier...ok
   - static_CheckOpcodes2_d4g1v0_EIP158...ok
   - randomStatetest452_d0g0v0_Homestead...ok
   - static_CheckOpcodes2_d4g1v0_Frontier...ok
   - shallowStack_d75g0v0_EIP158...ok
ok
   - static_CheckOpcodes2_d4g1v0_Homestead...   - randomStatetest108_d0g0v0_Byzantium...ok
   - modexp_0_0_0_1000000_d0g1v0_Homestead...ok
   - shallowStack_d75g0v0_Frontier...ok
   - randomStatetest108_d0g0v0_EIP150...ok
   - static_callcodecallcodecall_110_OOGMAfter_2_d0g0v0_Byzantium...ok
   - static_callcodecallcodecall_110_OOGMAfter_2_d0g0v0_EIP150...ok
ok
ok
   - randomStatetest108_d0g0v0_EIP158...   - shallowStack_d75g0v0_Homestead...   - CALLCODEEcrecover1_d0g0v0_Byzantium...ok
   - static_callcodecallcodecall_110_OOGMAfter_2_d0g0v0_EIP158...ok
   - static_callcodecallcodecall_110_OOGMAfter_2_d0g0v0_Frontier...ok
   - randomStatetest108_d0g0v0_Frontier...ok
   - shallowStack_d80g0v0_Byzantium...ok
   - CALLCODEEcrecover1_d0g0v0_EIP150...ok
   - static_callcodecallcodecall_110_OOGMAfter_2_d0g0v0_Homestead...ok
   - CALLCODEEcrecover1_d0g0v0_EIP158...ok
ok
   - randomStatetest108_d0g0v0_Homestead...   - static_CallEcrecover1_d0g0v0_Byzantium...ok
   - shallowStack_d80g0v0_EIP150...ok
   - static_CallEcrecover1_d0g0v0_EIP150...ok
   - CALLCODEEcrecover1_d0g0v0_Frontier...ok
   - randomStatetest538_d0g0v0_Byzantium...ok
   - CALLCODEEcrecover1_d0g0v0_Homestead...ok
   - shallowStack_d80g0v0_EIP158...ok
   - static_CallEcrecover1_d0g0v0_EIP158...ok
   - randomStatetest538_d0g0v0_EIP150...ok
   - modexp_d0g0v0_Byzantium...ok
   - randomStatetest538_d0g0v0_EIP158...ok
ok
   - shallowStack_d80g0v0_Frontier...   - static_CallEcrecover1_d0g0v0_Frontier...ok
   - shallowStack_d80g0v0_Homestead...ok
   - randomStatetest538_d0g0v0_Frontier...ok
   - modexp_d0g0v0_EIP150...ok
   - static_CallEcrecover1_d0g0v0_Homestead...ok
   - randomStatetest538_d0g0v0_Homestead...ok
ok
ok
   - modexp_d0g0v0_EIP158...   - randomStatetest13_d0g0v0_Byzantium...ok
   - static_CheckOpcodes2_d3g1v0_Byzantium...   - stackOverflowM1PUSH_d27g0v0_Byzantium...ok
   - stackOverflowM1PUSH_d27g0v0_EIP150...ok
   - static_CheckOpcodes2_d3g1v0_EIP150...ok
   - modexp_d0g0v0_Frontier...ok
   - stackOverflowM1PUSH_d27g0v0_EIP158...ok
   - randomStatetest13_d0g0v0_EIP150...ok
   - modexp_d0g0v0_Homestead...ok
   - static_CheckOpcodes2_d3g1v0_EIP158...ok
   - stackOverflowM1PUSH_d27g0v0_Frontier...ok
   - randomStatetest13_d0g0v0_EIP158...ok
ok
   - randomStatetest13_d0g0v0_Frontier...ok
   - static_CheckOpcodes2_d3g1v0_Frontier...   - modexp_37120_37111_97_20500_d0g3v0_Byzantium...ok
   - static_CheckOpcodes2_d3g1v0_Homestead...ok
   - stackOverflowM1PUSH_d27g0v0_Homestead...ok
   - randomStatetest13_d0g0v0_Homestead...ok
   - modexp_37120_37111_97_20500_d0g3v0_EIP150...ok
ok
   - static_callcallcallcode_001_OOGE_d0g0v0_Byzantium...   - randomStatetest162_d0g0v0_Byzantium...ok
ok
   - randomStatetest162_d0g0v0_EIP150...ok
   - modexp_37120_37111_97_20500_d0g3v0_EIP158...ok
   - static_callcallcallcode_001_OOGE_d0g0v0_EIP150...   - stackOverflowPUSH_d23g0v0_Byzantium...ok
   - modexp_37120_37111_97_20500_d0g3v0_Frontier...ok
   - randomStatetest162_d0g0v0_EIP158...ok
   - static_callcallcallcode_001_OOGE_d0g0v0_EIP158...ok
   - randomStatetest162_d0g0v0_Frontier...ok
   - modexp_37120_37111_97_20500_d0g3v0_Homestead...ok
   - stackOverflowPUSH_d23g0v0_EIP150...ok
   - randomStatetest162_d0g0v0_Homestead...ok
   - stackOverflowPUSH_d23g0v0_EIP158...ok
   - static_callcallcallcode_001_OOGE_d0g0v0_Frontier...ok
ok
   - randomStatetest166_d0g0v0_Byzantium...ok
   - stackOverflowPUSH_d23g0v0_Frontier...   - CALLCODESha256_1_d0g0v0_Byzantium...ok
   - randomStatetest166_d0g0v0_EIP150...ok
   - static_callcallcallcode_001_OOGE_d0g0v0_Homestead...ok
   - CALLCODESha256_1_d0g0v0_EIP150...ok
   - CALLCODESha256_1_d0g0v0_EIP158...ok
   - stackOverflowPUSH_d23g0v0_Homestead...ok
   - static_log0_logMemsizeZero_d0g0v0_Byzantium...ok
   - randomStatetest166_d0g0v0_EIP158...ok
   - CALLCODESha256_1_d0g0v0_Frontier...ok
   - static_log0_logMemsizeZero_d0g0v0_EIP150...ok
   - CALLCODESha256_1_d0g0v0_Homestead...ok
   - stackOverflowDUP_d2g0v0_Byzantium...ok
   - modexp_d13g0v0_Byzantium...ok
   - static_log0_logMemsizeZero_d0g0v0_EIP158...ok
   - randomStatetest166_d0g0v0_Frontier...ok
   - stackOverflowDUP_d2g0v0_EIP150...ok
   - static_log0_logMemsizeZero_d0g0v0_Frontier...ok
   - modexp_d13g0v0_EIP150...ok
   - randomStatetest166_d0g0v0_Homestead...ok
   - static_log0_logMemsizeZero_d0g0v0_Homestead...ok
   - stackOverflowDUP_d2g0v0_EIP158...ok
   - static_CheckOpcodes_d0g1v1_Byzantium...ok
   - modexp_d13g0v0_EIP158...ok
   - stackOverflowDUP_d2g0v0_Frontier...ok
   - randomStatetest600_d0g0v0_Byzantium...ok
   - static_CheckOpcodes_d0g1v1_EIP150...ok
   - stackOverflowDUP_d2g0v0_Homestead...ok
   - modexp_d13g0v0_Frontier...ok
   - shallowStack_d16g0v0_Byzantium...ok
   - randomStatetest600_d0g0v0_EIP150...ok
   - static_CheckOpcodes_d0g1v1_EIP158...ok
   - randomStatetest600_d0g0v0_EIP158...ok
   - modexp_d13g0v0_Homestead...ok
   - shallowStack_d16g0v0_EIP150...ok
   - randomStatetest600_d0g0v0_Frontier...ok
   - static_CheckOpcodes_d0g1v1_Frontier...ok
   - modexp_d12g1v0_Byzantium...ok
   - randomStatetest600_d0g0v0_Homestead...ok
   - shallowStack_d16g0v0_EIP158...ok
   - static_CheckOpcodes_d0g1v1_Homestead...ok
   - randomStatetest527_d0g0v0_Byzantium...ok
   - modexp_d12g1v0_EIP150...ok
   - shallowStack_d16g0v0_Frontier...ok
   - randomStatetest527_d0g0v0_EIP150...ok
   - static_log1_emptyMem_d0g0v0_Byzantium...ok
   - shallowStack_d16g0v0_Homestead...ok
   - modexp_d12g1v0_EIP158...ok
   - randomStatetest527_d0g0v0_EIP158...ok
   - static_log1_emptyMem_d0g0v0_EIP150...ok
   - modexp_d12g1v0_Frontier...ok
   - static_log1_emptyMem_d0g0v0_EIP158...ok
   - shallowStack_d58g0v0_Byzantium...ok
   - randomStatetest527_d0g0v0_Frontier...ok
   - static_log1_emptyMem_d0g0v0_Frontier...ok
ok
   - randomStatetest527_d0g0v0_Homestead...   - modexp_d12g1v0_Homestead...ok
   - shallowStack_d58g0v0_EIP150...ok
   - shallowStack_d58g0v0_EIP158...ok
   - static_log1_emptyMem_d0g0v0_Homestead...ok
   - randomStatetest393_d0g0v0_Byzantium...ok
   - modexp_37120_37111_97_25000_d0g3v0_Byzantium...ok
   - randomStatetest393_d0g0v0_EIP150...ok
   - static_callcallcall_000_OOGE_d0g0v0_Byzantium...ok
   - shallowStack_d58g0v0_Frontier...ok
   - shallowStack_d58g0v0_Homestead...ok
   - static_callcallcall_000_OOGE_d0g0v0_EIP150...ok
   - randomStatetest393_d0g0v0_EIP158...ok
ok
   - modexp_37120_37111_97_25000_d0g3v0_EIP150...   - stackOverflowPUSH_d20g0v0_Byzantium...ok
   - randomStatetest393_d0g0v0_Frontier...ok
   - static_callcallcall_000_OOGE_d0g0v0_EIP158...ok
   - modexp_37120_37111_97_25000_d0g3v0_EIP158...ok
ok
   - randomStatetest393_d0g0v0_Homestead...   - stackOverflowPUSH_d20g0v0_EIP150...ok
   - static_callcallcall_000_OOGE_d0g0v0_Frontier...ok
   - stackOverflowPUSH_d20g0v0_EIP158...ok
   - modexp_37120_37111_97_25000_d0g3v0_Frontier...ok
   - static_callcallcall_000_OOGE_d0g0v0_Homestead...ok
   - randomStatetest9_d0g0v0_Byzantium...ok
   - stackOverflowPUSH_d20g0v0_Frontier...ok
   - stackOverflowPUSH_d20g0v0_Homestead...ok
   - randomStatetest9_d0g0v0_EIP150...ok
   - static_callcallcallcode_001_OOGMAfter_3_d1g0v0_Byzantium...ok
   - modexp_37120_37111_97_25000_d0g3v0_Homestead...ok
   - shallowStack_d38g0v0_Byzantium...ok
   - randomStatetest9_d0g0v0_EIP158...ok
ok
   - shallowStack_d38g0v0_EIP150...ok
   - static_callcallcallcode_001_OOGMAfter_3_d1g0v0_EIP150...   - modexp_3_09984_39936_1000000_d0g1v0_Byzantium...ok
   - shallowStack_d38g0v0_EIP158...ok
   - randomStatetest9_d0g0v0_Frontier...ok
   - static_callcallcallcode_001_OOGMAfter_3_d1g0v0_EIP158...ok
   - shallowStack_d38g0v0_Frontier...ok
   - modexp_3_09984_39936_1000000_d0g1v0_EIP150...ok
   - randomStatetest9_d0g0v0_Homestead...ok
   - static_callcallcallcode_001_OOGMAfter_3_d1g0v0_Frontier...ok
   - modexp_3_09984_39936_1000000_d0g1v0_EIP158...ok
   - static_callcallcallcode_001_OOGMAfter_3_d1g0v0_Homestead...ok
   - shallowStack_d38g0v0_Homestead...ok
   - randomStatetest409_d0g0v0_Byzantium...ok
   - modexp_3_09984_39936_1000000_d0g1v0_Frontier...ok
   - static_CheckOpcodes3_d0g1v1_Byzantium...ok
ok
   - modexp_3_09984_39936_1000000_d0g1v0_Homestead...   - shallowStack_d34g0v0_Byzantium...ok
   - static_CheckOpcodes3_d0g1v1_EIP150...ok
   - randomStatetest409_d0g0v0_EIP150...ok
   - static_CheckOpcodes3_d0g1v1_EIP158...ok
ok
   - shallowStack_d34g0v0_EIP150...ok
   - randomStatetest409_d0g0v0_EIP158...   - modexp_37120_37111_97_1000000_d0g3v0_Byzantium...ok
   - static_CheckOpcodes3_d0g1v1_Frontier...ok
   - modexp_37120_37111_97_1000000_d0g3v0_EIP150...ok
   - randomStatetest409_d0g0v0_Frontier...ok
   - shallowStack_d34g0v0_EIP158...ok
   - static_CheckOpcodes3_d0g1v1_Homestead...ok
   - modexp_37120_37111_97_1000000_d0g3v0_EIP158...ok
   - shallowStack_d34g0v0_Frontier...ok
   - static_callcodecallcallcode_ABCB_RECURSIVE2_d0g0v1_Byzantium...ok
   - randomStatetest409_d0g0v0_Homestead...ok
   - modexp_37120_37111_97_1000000_d0g3v0_Frontier...ok
   - shallowStack_d34g0v0_Homestead...ok
   - static_callcodecallcallcode_ABCB_RECURSIVE2_d0g0v1_EIP150...ok
   - modexp_37120_37111_97_1000000_d0g3v0_Homestead...ok
   - static_callcodecallcallcode_ABCB_RECURSIVE2_d0g0v1_EIP158...ok
   - randomStatetest173_d0g0v0_Byzantium...ok
   - stackOverflowM1DUP_d13g0v0_Byzantium...ok
   - static_callcodecallcallcode_ABCB_RECURSIVE2_d0g0v1_Frontier...ok
   - randomStatetest173_d0g0v0_EIP150...ok
   - stackOverflowM1DUP_d13g0v0_EIP150...ok
   - CALLCODEIdentitiy_0_d0g0v0_Byzantium...ok
   - static_callcodecallcallcode_ABCB_RECURSIVE2_d0g0v1_Homestead...ok
   - CALLCODEIdentitiy_0_d0g0v0_EIP150...ok
   - randomStatetest173_d0g0v0_EIP158...ok
   - static_CREATE_ContractSuicideDuringInit_WithValue_d1g0v0_Byzantium...ok
   - stackOverflowM1DUP_d13g0v0_EIP158...ok
   - randomStatetest173_d0g0v0_Frontier...ok
   - CALLCODEIdentitiy_0_d0g0v0_EIP158...ok
   - static_CREATE_ContractSuicideDuringInit_WithValue_d1g0v0_EIP150...ok
   - randomStatetest173_d0g0v0_Homestead...ok
   - stackOverflowM1DUP_d13g0v0_Frontier...ok
   - CALLCODEIdentitiy_0_d0g0v0_Frontier...ok
   - static_CREATE_ContractSuicideDuringInit_WithValue_d1g0v0_EIP158...ok
   - randomStatetest545_d0g0v0_Byzantium...ok
   - static_CREATE_ContractSuicideDuringInit_WithValue_d1g0v0_Frontier...ok
   - CALLCODEIdentitiy_0_d0g0v0_Homestead...ok
   - stackOverflowM1DUP_d13g0v0_Homestead...ok
   - randomStatetest545_d0g0v0_EIP150...ok
   - static_CREATE_ContractSuicideDuringInit_WithValue_d1g0v0_Homestead...ok
ok
   - modexp_37120_37111_1_20500_d0g2v0_Byzantium...   - stackOverflowM1PUSH_d0g0v0_Byzantium...ok
   - static_callcodecall_10_OOGE_d0g0v0_Byzantium...ok
   - randomStatetest545_d0g0v0_EIP158...ok
   - static_callcodecall_10_OOGE_d0g0v0_EIP150...ok
   - stackOverflowM1PUSH_d0g0v0_EIP150...ok
   - modexp_37120_37111_1_20500_d0g2v0_EIP150...ok
   - stackOverflowM1PUSH_d0g0v0_EIP158...ok
   - randomStatetest545_d0g0v0_Frontier...ok
   - modexp_37120_37111_1_20500_d0g2v0_EIP158...ok
   - static_callcodecall_10_OOGE_d0g0v0_EIP158...ok
   - randomStatetest545_d0g0v0_Homestead...ok
   - static_callcodecall_10_OOGE_d0g0v0_Frontier...ok
   - modexp_37120_37111_1_20500_d0g2v0_Frontier...ok
   - stackOverflowM1PUSH_d0g0v0_Frontier...ok
   - static_callcodecall_10_OOGE_d0g0v0_Homestead...ok
   - randomStatetest247_d0g0v0_Byzantium...ok
   - static_CheckOpcodes3_d3g0v0_Byzantium...ok
   - randomStatetest247_d0g0v0_EIP150...ok
   - modexp_37120_37111_1_20500_d0g2v0_Homestead...ok
   - stackOverflowM1PUSH_d0g0v0_Homestead...ok
   - static_CheckOpcodes3_d3g0v0_EIP150...ok
ok
   - randomStatetest247_d0g0v0_EIP158...   - modexp_d11g2v0_Byzantium...ok
   - shallowStack_d6g0v0_Byzantium...ok
   - static_CheckOpcodes3_d3g0v0_EIP158...ok
   - modexp_d11g2v0_EIP150...ok
   - shallowStack_d6g0v0_EIP150...ok
   - randomStatetest247_d0g0v0_Frontier...ok
   - static_CheckOpcodes3_d3g0v0_Frontier...ok
   - modexp_d11g2v0_EIP158...ok
   - randomStatetest247_d0g0v0_Homestead...ok
   - static_CheckOpcodes3_d3g0v0_Homestead...ok
   - shallowStack_d6g0v0_EIP158...ok
   - randomStatetest575_d0g0v0_Byzantium...ok
   - modexp_d11g2v0_Frontier...ok
   - shallowStack_d6g0v0_Frontier...ok
   - static_callcodecallcodecall_110_OOGMAfter_d0g0v0_Byzantium...ok
   - shallowStack_d6g0v0_Homestead...ok
   - randomStatetest575_d0g0v0_EIP150...ok
   - modexp_d11g2v0_Homestead...ok
   - static_callcodecallcodecall_110_OOGMAfter_d0g0v0_EIP150...ok
   - randomStatetest575_d0g0v0_EIP158...ok
   - stackOverflowM1PUSH_d15g0v0_Byzantium...ok
ok
   - randomStatetest575_d0g0v0_Frontier...   - modexp_37120_37111_37111_20500_d0g2v0_Byzantium...ok
   - static_callcodecallcodecall_110_OOGMAfter_d0g0v0_EIP158...ok
   - stackOverflowM1PUSH_d15g0v0_EIP150...ok
   - randomStatetest575_d0g0v0_Homestead...ok
   - static_callcodecallcodecall_110_OOGMAfter_d0g0v0_Frontier...ok
   - modexp_37120_37111_37111_20500_d0g2v0_EIP150...ok
   - randomStatetest520_d0g0v0_Byzantium...ok
   - stackOverflowM1PUSH_d15g0v0_EIP158...ok
   - static_callcodecallcodecall_110_OOGMAfter_d0g0v0_Homestead...ok
   - modexp_37120_37111_37111_20500_d0g2v0_EIP158...ok
   - randomStatetest520_d0g0v0_EIP150...ok
   - modexp_37120_37111_37111_20500_d0g2v0_Frontier...ok
   - randomStatetest520_d0g0v0_EIP158...ok
   - stackOverflowM1PUSH_d15g0v0_Frontier...ok
   - static_CallContractToCreateContractAndCallItOOG_d0g0v0_Byzantium...ok
   - modexp_37120_37111_37111_20500_d0g2v0_Homestead...ok
   - randomStatetest520_d0g0v0_Frontier...ok
   - static_CallContractToCreateContractAndCallItOOG_d0g0v0_EIP150...ok
   - stackOverflowM1PUSH_d15g0v0_Homestead...ok
ok
   - stackOverflowDUP_d0g0v0_Byzantium...ok
   - randomStatetest520_d0g0v0_Homestead...   - modexp_37120_37111_97_35000_d0g0v0_Byzantium...ok
   - static_CallContractToCreateContractAndCallItOOG_d0g0v0_EIP158...ok
   - stackOverflowDUP_d0g0v0_EIP150...ok
   - randomStatetest26_d0g0v0_Byzantium...ok
   - modexp_37120_37111_97_35000_d0g0v0_EIP150...ok
   - static_CallContractToCreateContractAndCallItOOG_d0g0v0_Frontier...ok
   - stackOverflowDUP_d0g0v0_EIP158...ok
   - static_CallContractToCreateContractAndCallItOOG_d0g0v0_Homestead...ok
   - randomStatetest26_d0g0v0_EIP150...ok
   - randomStatetest26_d0g0v0_EIP158...ok
ok
   - static_callcodecallcall_100_OOGMBefore2_d0g0v1_Byzantium...   - modexp_37120_37111_97_35000_d0g0v0_EIP158...ok
   - stackOverflowDUP_d0g0v0_Frontier...ok
   - modexp_37120_37111_97_35000_d0g0v0_Frontier...ok
   - static_callcodecallcall_100_OOGMBefore2_d0g0v1_EIP150...ok
   - modexp_37120_37111_97_35000_d0g0v0_Homestead...ok
   - randomStatetest26_d0g0v0_Frontier...ok
   - static_callcodecallcall_100_OOGMBefore2_d0g0v1_EIP158...ok
   - stackOverflowDUP_d0g0v0_Homestead...ok
ok
   - randomStatetest26_d0g0v0_Homestead...   - modexp_3_09984_39936_22000_d0g1v0_Byzantium...ok
   - static_callcodecallcall_100_OOGMBefore2_d0g0v1_Frontier...ok
   - randomStatetest29_d0g0v0_Byzantium...ok
   - modexp_3_09984_39936_22000_d0g1v0_EIP150...ok
   - stackOverflowDUP_d8g0v0_Byzantium...ok
   - static_callcodecallcall_100_OOGMBefore2_d0g0v1_Homestead...ok
   - randomStatetest29_d0g0v0_EIP150...test json_tests::chain::block_tests::BlockchainTests_GeneralStateTest_stRandom ... test json_tests::chain::block_tests::BlockchainTests_GeneralStateTest_stRandom has been running for over 60 seconds
ok
   - modexp_3_09984_39936_22000_d0g1v0_EIP158...ok
   - static_LoopCallsDepthThenRevert3_d0g0v0_Byzantium...ok
   - stackOverflowDUP_d8g0v0_EIP150...ok
   - randomStatetest29_d0g0v0_EIP158...ok
   - randomStatetest29_d0g0v0_Frontier...ok
   - modexp_3_09984_39936_22000_d0g1v0_Frontier...ok
   - stackOverflowDUP_d8g0v0_EIP158...ok
   - modexp_3_09984_39936_22000_d0g1v0_Homestead...ok
ok
   - randomStatetest29_d0g0v0_Homestead...   - static_LoopCallsDepthThenRevert3_d0g0v0_EIP150...ok
   - stackOverflowDUP_d8g0v0_Frontier...ok
   - randomStatetest599_d0g0v0_Byzantium...ok
ok
   - static_LoopCallsDepthThenRevert3_d0g0v0_EIP158...ok
   - stackOverflowDUP_d8g0v0_Homestead...   - CALLCODEEcrecover0_overlappingInputOutput_d0g0v0_Byzantium...ok
   - static_LoopCallsDepthThenRevert3_d0g0v0_Frontier...ok
   - randomStatetest599_d0g0v0_EIP150...ok
   - CALLCODEEcrecover0_overlappingInputOutput_d0g0v0_EIP150...ok
   - randomStatetest599_d0g0v0_EIP158...ok
   - CALLCODEEcrecover0_overlappingInputOutput_d0g0v0_EIP158...ok
   - static_LoopCallsDepthThenRevert3_d0g0v0_Homestead...ok
ok
   - randomStatetest599_d0g0v0_Frontier...ok
   - CALLCODEEcrecover0_overlappingInputOutput_d0g0v0_Frontier...   - stackOverflowPUSH_d10g0v0_Byzantium...ok
ok
   - static_callcodecallcodecall_110_OOGE2_d0g0v1_Byzantium...   - CALLCODEEcrecover0_overlappingInputOutput_d0g0v0_Homestead...ok
   - stackOverflowPUSH_d10g0v0_EIP150...ok
   - randomStatetest599_d0g0v0_Homestead...ok
ok
   - static_callcodecallcodecall_110_OOGE2_d0g0v1_EIP150...   - modexp_49_2401_2401_25000_d0g0v0_Byzantium...ok
   - stackOverflowPUSH_d10g0v0_EIP158...ok
   - static_callcodecallcodecall_110_OOGE2_d0g0v1_EIP158...ok
   - stackOverflowPUSH_d10g0v0_Frontier...ok
   - randomStatetest148_d0g0v0_Byzantium...ok
   - static_callcodecallcodecall_110_OOGE2_d0g0v1_Frontier...ok
   - modexp_49_2401_2401_25000_d0g0v0_EIP150...ok
   - stackOverflowPUSH_d10g0v0_Homestead...ok
   - randomStatetest148_d0g0v0_EIP150...ok
   - modexp_49_2401_2401_25000_d0g0v0_EIP158...ok
   - static_callcodecallcodecall_110_OOGE2_d0g0v1_Homestead...ok
   - shallowStack_d2g0v0_Byzantium...ok
   - static_callcallcallcode_001_OOGMAfter_2_d1g0v0_Byzantium...ok
   - randomStatetest148_d0g0v0_EIP158...ok
   - shallowStack_d2g0v0_EIP150...ok
   - modexp_49_2401_2401_25000_d0g0v0_Frontier...ok
   - static_callcallcallcode_001_OOGMAfter_2_d1g0v0_EIP150...ok
   - randomStatetest148_d0g0v0_Frontier...ok
   - modexp_49_2401_2401_25000_d0g0v0_Homestead...ok
   - shallowStack_d2g0v0_EIP158...ok
ok
   - randomStatetest148_d0g0v0_Homestead...ok
   - static_callcallcallcode_001_OOGMAfter_2_d1g0v0_EIP158...ok
   - shallowStack_d2g0v0_Frontier...ok
   - static_callcallcallcode_001_OOGMAfter_2_d1g0v0_Frontier...ok
   - randomStatetest159_d0g0v0_Byzantium...   - modexp_0_1_0_22000_d0g0v0_Byzantium...ok
   - static_callcallcallcode_001_OOGMAfter_2_d1g0v0_Homestead...ok
   - shallowStack_d2g0v0_Homestead...ok
   - modexp_0_1_0_22000_d0g0v0_EIP150...ok
   - static_log_Caller_d2g0v0_Byzantium...ok
   - stackOverflowM1DUP_d8g0v0_Byzantium...ok
   - stackOverflowM1DUP_d8g0v0_EIP150...ok
   - modexp_0_1_0_22000_d0g0v0_EIP158...ok
   - static_log_Caller_d2g0v0_EIP150...ok
   - modexp_0_1_0_22000_d0g0v0_Frontier...ok
   - static_log_Caller_d2g0v0_EIP158...ok
   - stackOverflowM1DUP_d8g0v0_EIP158...ok
   - randomStatetest159_d0g0v0_EIP150...ok
   - stackOverflowM1DUP_d8g0v0_Frontier...ok
   - modexp_0_1_0_22000_d0g0v0_Homestead...ok
   - stackOverflowM1DUP_d8g0v0_Homestead...ok
   - static_log_Caller_d2g0v0_Frontier...ok
   - modexp_37120_37111_1_35000_d0g3v0_Byzantium...ok
   - stackOverflow_d5g0v0_Byzantium...ok
   - static_log_Caller_d2g0v0_Homestead...ok
   - modexp_37120_37111_1_35000_d0g3v0_EIP150...ok
   - stackOverflow_d5g0v0_EIP150...ok
   - static_CheckOpcodes2_d3g0v0_Byzantium...ok
   - modexp_37120_37111_1_35000_d0g3v0_EIP158...ok
   - stackOverflow_d5g0v0_EIP158...ok
   - static_CheckOpcodes2_d3g0v0_EIP150...ok
   - randomStatetest159_d0g0v0_EIP158...ok
   - static_CheckOpcodes2_d3g0v0_EIP158...ok
   - stackOverflow_d5g0v0_Frontier...ok
   - modexp_37120_37111_1_35000_d0g3v0_Frontier...ok
   - stackOverflow_d5g0v0_Homestead...ok
   - static_CheckOpcodes2_d3g0v0_Frontier...ok
   - shallowStack_d62g0v0_Byzantium...ok
   - modexp_37120_37111_1_35000_d0g3v0_Homestead...ok
   - static_CheckOpcodes2_d3g0v0_Homestead...ok
   - CallEcrecover3_d0g0v0_Byzantium...ok
   - shallowStack_d62g0v0_EIP150...ok
   - randomStatetest159_d0g0v0_Frontier...ok
   - CallEcrecover3_d0g0v0_EIP150...ok
   - static_CheckOpcodes2_d0g0v0_Byzantium...ok
   - randomStatetest159_d0g0v0_Homestead...ok
   - shallowStack_d62g0v0_EIP158...ok
   - static_CheckOpcodes2_d0g0v0_EIP150...ok
   - shallowStack_d62g0v0_Frontier...ok
   - CallEcrecover3_d0g0v0_EIP158...ok
   - static_CheckOpcodes2_d0g0v0_EIP158...ok
   - CallEcrecover3_d0g0v0_Frontier...ok
   - randomStatetest164_d0g0v0_Byzantium...ok
   - shallowStack_d62g0v0_Homestead...ok
   - static_CheckOpcodes2_d0g0v0_Frontier...ok
   - CallEcrecover3_d0g0v0_Homestead...ok
   - randomStatetest164_d0g0v0_EIP150...ok
   - static_CheckOpcodes2_d0g0v0_Homestead...ok
   - stackOverflowDUP_d10g0v0_Byzantium...ok
   - CallRipemd160_0_d0g0v0_Byzantium...ok
   - static_CheckOpcodes5_d1g0v0_Byzantium...ok
   - randomStatetest164_d0g0v0_EIP158...ok
   - stackOverflowDUP_d10g0v0_EIP150...ok
   - CallRipemd160_0_d0g0v0_EIP150...ok
   - static_CheckOpcodes5_d1g0v0_EIP150...ok
   - stackOverflowDUP_d10g0v0_EIP158...ok
   - static_CheckOpcodes5_d1g0v0_EIP158...ok
   - randomStatetest164_d0g0v0_Frontier...ok
   - CallRipemd160_0_d0g0v0_EIP158...ok
   - static_CheckOpcodes5_d1g0v0_Frontier...ok
   - CallRipemd160_0_d0g0v0_Frontier...ok
   - stackOverflowDUP_d10g0v0_Frontier...ok
   - randomStatetest164_d0g0v0_Homestead...ok
   - static_CheckOpcodes5_d1g0v0_Homestead...ok
   - CallRipemd160_0_d0g0v0_Homestead...ok
   - static_CallEcrecoverCheckLength_d0g0v0_Byzantium...ok
   - stackOverflowDUP_d10g0v0_Homestead...ok
ok
   - randomStatetest583_d0g0v0_Byzantium...   - modexp_d24g2v0_Byzantium...ok
   - static_CallEcrecoverCheckLength_d0g0v0_EIP150...ok
   - stackOverflowM1PUSH_d26g0v0_Byzantium...ok
   - static_CallEcrecoverCheckLength_d0g0v0_EIP158...ok
   - modexp_d24g2v0_EIP150...ok
   - static_CallEcrecoverCheckLength_d0g0v0_Frontier...ok
   - stackOverflowM1PUSH_d26g0v0_EIP150...ok
   - modexp_d24g2v0_EIP158...ok
   - randomStatetest583_d0g0v0_EIP150...ok
   - static_CallEcrecoverCheckLength_d0g0v0_Homestead...ok
   - stackOverflowM1PUSH_d26g0v0_EIP158...ok
   - modexp_d24g2v0_Frontier...ok
   - static_callcodecall_10_d0g0v0_Byzantium...ok
   - stackOverflowM1PUSH_d26g0v0_Frontier...ok
   - modexp_d24g2v0_Homestead...ok
   - static_callcodecall_10_d0g0v0_EIP150...ok
   - stackOverflowM1PUSH_d26g0v0_Homestead...ok
ok
   - randomStatetest583_d0g0v0_EIP158...ok
   - static_callcodecall_10_d0g0v0_EIP158...ok
   - static_callcodecall_10_d0g0v0_Frontier...ok
   - stackOverflowM1PUSH_d8g0v0_Byzantium...ok
   - static_callcodecall_10_d0g0v0_Homestead...ok
   - stackOverflowM1PUSH_d8g0v0_EIP150...ok
   - static_callChangeRevert_d1g0v0_Byzantium...ok
   - randomStatetest583_d0g0v0_Frontier...   - modexp_37120_37111_37111_25000_d0g3v0_Byzantium...ok
   - stackOverflowM1PUSH_d8g0v0_EIP158...ok
   - static_callChangeRevert_d1g0v0_EIP150...ok
   - stackOverflowM1PUSH_d8g0v0_Frontier...ok
   - modexp_37120_37111_37111_25000_d0g3v0_EIP150...ok
   - stackOverflowM1PUSH_d8g0v0_Homestead...ok
   - static_callChangeRevert_d1g0v0_EIP158...ok
   - modexp_37120_37111_37111_25000_d0g3v0_EIP158...ok
   - randomStatetest583_d0g0v0_Homestead...ok
   - stackOverflowM1PUSH_d2g0v0_Byzantium...ok
   - static_callChangeRevert_d1g0v0_Frontier...ok
   - modexp_37120_37111_37111_25000_d0g3v0_Frontier...ok
   - modexp_37120_37111_37111_25000_d0g3v0_Homestead...ok
   - stackOverflowM1PUSH_d2g0v0_EIP150...ok
   - static_callChangeRevert_d1g0v0_Homestead...ok
   - randomStatetest505_d0g0v0_Byzantium...ok
   - modexp_1_1_1_25000_d0g1v0_Byzantium...ok
   - stackOverflowM1PUSH_d2g0v0_EIP158...ok
ok
   - randomStatetest505_d0g0v0_EIP150...   - static_CheckOpcodes5_d4g1v1_Byzantium...ok
   - stackOverflowM1PUSH_d2g0v0_Frontier...ok
   - randomStatetest505_d0g0v0_EIP158...ok
   - modexp_1_1_1_25000_d0g1v0_EIP150...ok
   - stackOverflowM1PUSH_d2g0v0_Homestead...ok
   - static_CheckOpcodes5_d4g1v1_EIP150...ok
   - randomStatetest505_d0g0v0_Frontier...ok
   - modexp_1_1_1_25000_d0g1v0_EIP158...ok
   - randomStatetest505_d0g0v0_Homestead...ok
   - static_CheckOpcodes5_d4g1v1_EIP158...ok
   - shallowStack_d53g0v0_Byzantium...ok
   - modexp_1_1_1_25000_d0g1v0_Frontier...ok
   - randomStatetest230_d0g0v0_Byzantium...ok
   - shallowStack_d53g0v0_EIP150...ok
ok
   - modexp_1_1_1_25000_d0g1v0_Homestead...   - static_CheckOpcodes5_d4g1v1_Frontier...ok
   - randomStatetest230_d0g0v0_EIP150...ok
ok
   - shallowStack_d53g0v0_EIP158...ok
   - static_CheckOpcodes5_d4g1v1_Homestead...   - CallEcrecover1_d0g0v0_Byzantium...ok
   - shallowStack_d53g0v0_Frontier...ok
   - randomStatetest230_d0g0v0_EIP158...ok
   - static_log1_MaxTopic_d0g0v0_Byzantium...ok
   - randomStatetest230_d0g0v0_Frontier...ok
   - shallowStack_d53g0v0_Homestead...ok
   - CallEcrecover1_d0g0v0_EIP150...ok
   - CallEcrecover1_d0g0v0_EIP158...ok
   - static_log1_MaxTopic_d0g0v0_EIP150...ok
   - stackOverflowM1DUP_d15g0v0_Byzantium...ok
   - randomStatetest230_d0g0v0_Homestead...ok
   - CallEcrecover1_d0g0v0_Frontier...ok
   - stackOverflowM1DUP_d15g0v0_EIP150...ok
   - CallEcrecover1_d0g0v0_Homestead...ok
   - static_log1_MaxTopic_d0g0v0_EIP158...ok
   - randomStatetest167_d0g0v0_Byzantium...ok
   - stackOverflowM1DUP_d15g0v0_EIP158...ok
ok
   - static_log1_MaxTopic_d0g0v0_Frontier...   - modexp_d20g1v0_Byzantium...ok
   - stackOverflowM1DUP_d15g0v0_Frontier...ok
   - randomStatetest167_d0g0v0_EIP150...ok
   - static_log1_MaxTopic_d0g0v0_Homestead...ok
   - stackOverflowM1DUP_d15g0v0_Homestead...ok
   - modexp_d20g1v0_EIP150...ok
   - randomStatetest167_d0g0v0_EIP158...ok
ok
   - modexp_d20g1v0_EIP158...ok
ok
   - randomStatetest167_d0g0v0_Frontier...   - stackOverflowM1PUSH_d14g0v0_Byzantium...ok
   - modexp_d20g1v0_Frontier...ok
   - randomStatetest167_d0g0v0_Homestead...ok
   - stackOverflowM1PUSH_d14g0v0_EIP150...ok
   - modexp_d20g1v0_Homestead...   - static_Call50000bytesContract50_3_d0g0v0_Byzantium...ok
   - stackOverflowM1PUSH_d14g0v0_EIP158...ok
   - randomStatetest495_d0g0v0_Byzantium...ok
ok
   - static_Call50000bytesContract50_3_d0g0v0_EIP150...ok
   - stackOverflowM1PUSH_d14g0v0_Frontier...   - modexp_3_5_100_20500_d0g2v0_Byzantium...ok
   - randomStatetest495_d0g0v0_EIP150...ok
   - stackOverflowM1PUSH_d14g0v0_Homestead...ok
   - static_Call50000bytesContract50_3_d0g0v0_EIP158...ok
   - randomStatetest495_d0g0v0_EIP158...ok
   - shallowStack_d63g0v0_Byzantium...ok
   - modexp_3_5_100_20500_d0g2v0_EIP150...ok
   - static_Call50000bytesContract50_3_d0g0v0_Frontier...ok
   - randomStatetest495_d0g0v0_Frontier...ok
   - shallowStack_d63g0v0_EIP150...ok
   - randomStatetest495_d0g0v0_Homestead...ok
   - modexp_3_5_100_20500_d0g2v0_EIP158...ok
   - static_Call50000bytesContract50_3_d0g0v0_Homestead...ok
   - randomStatetest41_d0g0v0_Byzantium...ok
   - modexp_3_5_100_20500_d0g2v0_Frontier...ok
   - shallowStack_d63g0v0_EIP158...ok
   - shallowStack_d63g0v0_Frontier...ok
   - randomStatetest41_d0g0v0_EIP150...ok
   - modexp_3_5_100_20500_d0g2v0_Homestead...ok
   - static_callcallcodecall_010_SuicideEnd2_d0g0v0_Byzantium...ok
   - shallowStack_d63g0v0_Homestead...ok
   - randomStatetest41_d0g0v0_EIP158...ok
ok
ok
   - static_callcallcodecall_010_SuicideEnd2_d0g0v0_EIP150...ok
   - randomStatetest41_d0g0v0_Frontier...   - stackOverflowM1PUSH_d3g0v0_Byzantium...   - modexp_9_37111_37111_35000_d0g3v0_Byzantium...ok
   - stackOverflowM1PUSH_d3g0v0_EIP150...ok
   - static_callcallcodecall_010_SuicideEnd2_d0g0v0_EIP158...ok
   - modexp_9_37111_37111_35000_d0g3v0_EIP150...ok
   - randomStatetest41_d0g0v0_Homestead...ok
   - stackOverflowM1PUSH_d3g0v0_EIP158...ok
   - static_callcallcodecall_010_SuicideEnd2_d0g0v0_Frontier...ok
   - stackOverflowM1PUSH_d3g0v0_Frontier...ok
   - modexp_9_37111_37111_35000_d0g3v0_EIP158...ok
   - randomStatetest95_d0g0v0_Byzantium...ok
   - static_callcallcodecall_010_SuicideEnd2_d0g0v0_Homestead...ok
   - randomStatetest95_d0g0v0_EIP150...ok
   - modexp_9_37111_37111_35000_d0g3v0_Frontier...ok
   - static_InternlCallStoreClearsOOG_d0g0v0_Byzantium...ok
   - stackOverflowM1PUSH_d3g0v0_Homestead...ok
   - randomStatetest95_d0g0v0_EIP158...ok
   - modexp_9_37111_37111_35000_d0g3v0_Homestead...ok
   - shallowStack_d45g0v0_Byzantium...ok
   - static_InternlCallStoreClearsOOG_d0g0v0_EIP150...ok
   - randomStatetest95_d0g0v0_Frontier...ok
ok
   - randomStatetest95_d0g0v0_Homestead...ok
   - shallowStack_d45g0v0_EIP150...ok
   - static_InternlCallStoreClearsOOG_d0g0v0_EIP158...ok
   - randomStatetest175_d0g0v0_Byzantium...ok
   - shallowStack_d45g0v0_EIP158...ok
   - static_InternlCallStoreClearsOOG_d0g0v0_Frontier...   - modexp_37120_37111_97_1000000_d0g2v0_Byzantium...ok
   - randomStatetest175_d0g0v0_EIP150...ok
   - static_InternlCallStoreClearsOOG_d0g0v0_Homestead...ok
   - shallowStack_d45g0v0_Frontier...ok
   - modexp_37120_37111_97_1000000_d0g2v0_EIP150...ok
   - randomStatetest175_d0g0v0_EIP158...ok
   - shallowStack_d45g0v0_Homestead...ok
   - modexp_37120_37111_97_1000000_d0g2v0_EIP158...ok
   - static_CheckOpcodes2_d4g0v0_Byzantium...ok
   - randomStatetest175_d0g0v0_Frontier...ok
   - shallowStack_d15g0v0_Byzantium...ok
   - modexp_37120_37111_97_1000000_d0g2v0_Frontier...ok
   - shallowStack_d15g0v0_EIP150...ok
   - randomStatetest175_d0g0v0_Homestead...ok
   - static_CheckOpcodes2_d4g0v0_EIP150...ok
   - shallowStack_d15g0v0_EIP158...ok
   - modexp_37120_37111_97_1000000_d0g2v0_Homestead...ok
   - static_CheckOpcodes2_d4g0v0_EIP158...ok
   - randomStatetest49_d0g0v0_Byzantium...ok
   - static_CheckOpcodes2_d4g0v0_Frontier...ok
   - shallowStack_d15g0v0_Frontier...ok
ok
   - randomStatetest49_d0g0v0_EIP150...   - modexp_37120_37111_0_25000_d0g0v0_Byzantium...ok
   - shallowStack_d15g0v0_Homestead...ok
   - static_CheckOpcodes2_d4g0v0_Homestead...ok
   - modexp_37120_37111_0_25000_d0g0v0_EIP150...ok
   - shallowStack_d64g0v0_Byzantium...ok
   - randomStatetest49_d0g0v0_EIP158...ok
   - modexp_37120_37111_0_25000_d0g0v0_EIP158...ok
   - shallowStack_d64g0v0_EIP150...ok
   - static_CheckOpcodes3_d4g1v0_Byzantium...ok
   - randomStatetest49_d0g0v0_Frontier...ok
   - shallowStack_d64g0v0_EIP158...ok
   - modexp_37120_37111_0_25000_d0g0v0_Frontier...ok
   - static_CheckOpcodes3_d4g1v0_EIP150...ok
   - randomStatetest49_d0g0v0_Homestead...ok
   - shallowStack_d64g0v0_Frontier...ok
   - static_CheckOpcodes3_d4g1v0_EIP158...ok
   - shallowStack_d64g0v0_Homestead...ok
   - modexp_37120_37111_0_25000_d0g0v0_Homestead...ok
   - randomStatetest513_d0g0v0_Byzantium...ok
   - static_CheckOpcodes3_d4g1v0_Frontier...ok
ok
ok
   - static_CheckOpcodes3_d4g1v0_Homestead...   - stackOverflowPUSH_d13g0v0_Byzantium...ok
   - randomStatetest513_d0g0v0_EIP150...   - CallIdentity_3_d0g0v0_Byzantium...ok
   - randomStatetest513_d0g0v0_EIP158...ok
   - stackOverflowPUSH_d13g0v0_EIP150...ok
   - CallIdentity_3_d0g0v0_EIP150...ok
   - static_callcall_00_OOGE_1_d1g0v0_Byzantium...ok
   - stackOverflowPUSH_d13g0v0_EIP158...ok
   - randomStatetest513_d0g0v0_Frontier...ok
   - CallIdentity_3_d0g0v0_EIP158...ok
   - stackOverflowPUSH_d13g0v0_Frontier...ok
   - static_callcall_00_OOGE_1_d1g0v0_EIP150...ok
   - randomStatetest513_d0g0v0_Homestead...ok
   - stackOverflowPUSH_d13g0v0_Homestead...ok
   - static_callcall_00_OOGE_1_d1g0v0_EIP158...ok
   - CallIdentity_3_d0g0v0_Frontier...ok
   - randomStatetest315_d0g0v0_Byzantium...ok
ok
   - static_callcall_00_OOGE_1_d1g0v0_Frontier...   - stackOverflowPUSH_d27g0v0_Byzantium...ok
   - randomStatetest315_d0g0v0_EIP150...ok
   - CallIdentity_3_d0g0v0_Homestead...ok
   - static_callcall_00_OOGE_1_d1g0v0_Homestead...ok
   - randomStatetest315_d0g0v0_EIP158...ok
   - stackOverflowPUSH_d27g0v0_EIP150...ok
   - CALLCODEIdentity_5_d0g0v0_Byzantium...ok
   - static_CheckOpcodes_d1g0v1_Byzantium...ok
   - stackOverflowPUSH_d27g0v0_EIP158...ok
   - randomStatetest315_d0g0v0_Frontier...ok
   - static_CheckOpcodes_d1g0v1_EIP150...ok
   - CALLCODEIdentity_5_d0g0v0_EIP150...ok
   - stackOverflowPUSH_d27g0v0_Frontier...ok
   - randomStatetest315_d0g0v0_Homestead...ok
   - CALLCODEIdentity_5_d0g0v0_EIP158...ok
   - static_CheckOpcodes_d1g0v1_EIP158...ok
   - stackOverflowPUSH_d27g0v0_Homestead...ok
   - randomStatetest279_d0g0v0_Byzantium...ok
   - static_CheckOpcodes_d1g0v1_Frontier...ok
ok
   - CALLCODEIdentity_5_d0g0v0_Frontier...   - shallowStack_d66g0v0_Byzantium...ok
   - static_CheckOpcodes_d1g0v1_Homestead...ok
   - randomStatetest279_d0g0v0_EIP150...ok
   - static_CallRecursiveBomb0_OOG_atMaxCallDepth_d0g0v0_Byzantium...ok
   - shallowStack_d66g0v0_EIP150...ok
   - CALLCODEIdentity_5_d0g0v0_Homestead...ok
ok
   - shallowStack_d66g0v0_EIP158...ok
   - randomStatetest279_d0g0v0_EIP158...   - modexp_d7g3v0_Byzantium...ok
   - static_CallRecursiveBomb0_OOG_atMaxCallDepth_d0g0v0_EIP150...ok
   - shallowStack_d66g0v0_Frontier...ok
   - modexp_d7g3v0_EIP150...ok
   - randomStatetest279_d0g0v0_Frontier...ok
   - static_CallRecursiveBomb0_OOG_atMaxCallDepth_d0g0v0_EIP158...ok
   - modexp_d7g3v0_EIP158...ok
   - shallowStack_d66g0v0_Homestead...ok
   - randomStatetest279_d0g0v0_Homestead...ok
   - static_CallRecursiveBomb0_OOG_atMaxCallDepth_d0g0v0_Frontier...ok
   - modexp_d7g3v0_Frontier...ok
   - shallowStack_d8g0v0_Byzantium...ok
   - randomStatetest473_d0g0v0_Byzantium...ok
   - modexp_d7g3v0_Homestead...ok
   - static_CallRecursiveBomb0_OOG_atMaxCallDepth_d0g0v0_Homestead...ok
   - shallowStack_d8g0v0_EIP150...ok
   - randomStatetest473_d0g0v0_EIP150...ok
   - modexp_39936_1_55201_25000_d0g3v0_Byzantium...ok
   - shallowStack_d8g0v0_EIP158...ok
   - static_callcall_00_SuicideEnd_d0g0v0_Byzantium...ok
   - shallowStack_d8g0v0_Frontier...ok
   - randomStatetest473_d0g0v0_EIP158...ok
   - modexp_39936_1_55201_25000_d0g3v0_EIP150...ok
   - static_callcall_00_SuicideEnd_d0g0v0_EIP150...ok
   - shallowStack_d8g0v0_Homestead...ok
   - randomStatetest473_d0g0v0_Frontier...ok
   - shallowStack_d40g0v0_Byzantium...ok
   - modexp_39936_1_55201_25000_d0g3v0_EIP158...ok
   - static_callcall_00_SuicideEnd_d0g0v0_EIP158...ok
   - shallowStack_d40g0v0_EIP150...ok
   - randomStatetest473_d0g0v0_Homestead...ok
   - modexp_39936_1_55201_25000_d0g3v0_Frontier...ok
   - shallowStack_d40g0v0_EIP158...ok
   - randomStatetest476_d0g0v0_Byzantium...ok
   - shallowStack_d40g0v0_Frontier...ok
   - static_callcall_00_SuicideEnd_d0g0v0_Frontier...ok
   - modexp_39936_1_55201_25000_d0g3v0_Homestead...ok
   - shallowStack_d40g0v0_Homestead...ok
   - static_callcall_00_SuicideEnd_d0g0v0_Homestead...ok
   - modexp_1_0_0_20500_d0g2v0_Byzantium...ok
   - stackOverflowM1DUP_d11g0v0_Byzantium...ok
   - static_CallRipemd160_3_d0g0v0_Byzantium...ok
   - stackOverflowM1DUP_d11g0v0_EIP150...ok
   - modexp_1_0_0_20500_d0g2v0_EIP150...ok
   - static_CallRipemd160_3_d0g0v0_EIP150...ok
   - stackOverflowM1DUP_d11g0v0_EIP158...ok
   - modexp_1_0_0_20500_d0g2v0_EIP158...ok
   - static_CallRipemd160_3_d0g0v0_EIP158...ok
   - stackOverflowM1DUP_d11g0v0_Frontier...ok
   - randomStatetest476_d0g0v0_EIP150...ok
   - modexp_1_0_0_20500_d0g2v0_Frontier...ok
   - stackOverflowM1DUP_d11g0v0_Homestead...ok
   - static_CallRipemd160_3_d0g0v0_Frontier...ok
   - static_CallRipemd160_3_d0g0v0_Homestead...ok
ok
   - modexp_1_0_0_20500_d0g2v0_Homestead...ok
   - static_CallRecursiveBombLog_d0g0v0_Byzantium...   - stackOverflowM1PUSH_d29g0v0_Byzantium...ok
   - modexp_d1g1v0_Byzantium...ok
   - static_CallRecursiveBombLog_d0g0v0_EIP150...ok
   - modexp_d1g1v0_EIP150...ok
   - stackOverflowM1PUSH_d29g0v0_EIP150...ok
   - modexp_d1g1v0_EIP158...ok
   - static_CallRecursiveBombLog_d0g0v0_EIP158...ok
   - stackOverflowM1PUSH_d29g0v0_EIP158...ok
   - modexp_d1g1v0_Frontier...ok
   - randomStatetest476_d0g0v0_EIP158...ok
   - modexp_d1g1v0_Homestead...ok
   - stackOverflowM1PUSH_d29g0v0_Frontier...ok
   - static_CallRecursiveBombLog_d0g0v0_Frontier...ok
   - modexp_1_0_0_25000_d0g3v0_Byzantium...ok
   - stackOverflowM1PUSH_d29g0v0_Homestead...ok
   - static_CallRecursiveBombLog_d0g0v0_Homestead...ok
   - modexp_1_0_0_25000_d0g3v0_EIP150...ok
   - shallowStack_d48g0v0_Byzantium...ok
   - static_callcallcall_000_OOGMAfter2_d0g0v0_Byzantium...ok
   - modexp_1_0_0_25000_d0g3v0_EIP158...ok
   - static_callcallcall_000_OOGMAfter2_d0g0v0_EIP150...ok
   - shallowStack_d48g0v0_EIP150...ok
   - modexp_1_0_0_25000_d0g3v0_Frontier...ok
   - modexp_1_0_0_25000_d0g3v0_Homestead...ok
   - static_callcallcall_000_OOGMAfter2_d0g0v0_EIP158...ok
   - shallowStack_d48g0v0_EIP158...ok
   - randomStatetest476_d0g0v0_Frontier...ok
ok
   - static_callcallcall_000_OOGMAfter2_d0g0v0_Frontier...   - modexp_d0g2v0_Byzantium...ok
   - shallowStack_d48g0v0_Frontier...ok
   - modexp_d0g2v0_EIP150...ok
   - static_callcallcall_000_OOGMAfter2_d0g0v0_Homestead...ok
   - modexp_d0g2v0_EIP158...ok
   - shallowStack_d48g0v0_Homestead...ok
   - modexp_d0g2v0_Frontier...ok
   - stackOverflowPUSH_d0g0v0_Byzantium...ok
   - static_CallAndCallcodeConsumeMoreGasThenTransactionHas_d1g0v0_Byzantium...ok
   - modexp_d0g2v0_Homestead...ok
   - static_CallAndCallcodeConsumeMoreGasThenTransactionHas_d1g0v0_EIP150...ok
   - stackOverflowPUSH_d0g0v0_EIP150...ok
ok
   - static_CallAndCallcodeConsumeMoreGasThenTransactionHas_d1g0v0_EIP158...   - modexp_9_37111_37111_22000_d0g1v0_Byzantium...ok
   - stackOverflowPUSH_d0g0v0_EIP158...ok
   - randomStatetest476_d0g0v0_Homestead...ok
   - stackOverflowPUSH_d0g0v0_Frontier...ok
   - static_CallAndCallcodeConsumeMoreGasThenTransactionHas_d1g0v0_Frontier...ok
   - modexp_9_37111_37111_22000_d0g1v0_EIP150...ok
   - stackOverflowPUSH_d0g0v0_Homestead...ok
   - modexp_9_37111_37111_22000_d0g1v0_EIP158...ok
   - static_CallAndCallcodeConsumeMoreGasThenTransactionHas_d1g0v0_Homestead...ok
   - stackOverflowM1_d11g0v0_Byzantium...ok
   - static_CallEcrecover0_0input_d8g0v0_Byzantium...ok
   - modexp_9_37111_37111_22000_d0g1v0_Frontier...ok
   - stackOverflowM1_d11g0v0_EIP150...ok
   - static_CallEcrecover0_0input_d8g0v0_EIP150...ok
   - modexp_9_37111_37111_22000_d0g1v0_Homestead...ok
   - stackOverflowM1_d11g0v0_EIP158...ok
ok
   - static_CallEcrecover0_0input_d8g0v0_EIP158...   - CALLCODEEcrecoverS_prefixed0_d0g0v0_Byzantium...ok
   - stackOverflowM1_d11g0v0_Frontier...ok
   - randomStatetest521_d0g0v0_Byzantium...ok
   - static_CallEcrecover0_0input_d8g0v0_Frontier...ok
   - randomStatetest521_d0g0v0_EIP150...ok
   - CALLCODEEcrecoverS_prefixed0_d0g0v0_EIP150...ok
   - static_CallEcrecover0_0input_d8g0v0_Homestead...ok
   - stackOverflowM1_d11g0v0_Homestead...ok
   - CALLCODEEcrecoverS_prefixed0_d0g0v0_EIP158...ok
   - randomStatetest521_d0g0v0_EIP158...ok
   - CALLCODEEcrecoverS_prefixed0_d0g0v0_Frontier...ok
   - randomStatetest521_d0g0v0_Frontier...ok
   - static_Call50000_d1g0v0_Byzantium...ok
   - shallowStack_d32g0v0_Byzantium...ok
   - CALLCODEEcrecoverS_prefixed0_d0g0v0_Homestead...ok
   - shallowStack_d32g0v0_EIP150...ok
   - randomStatetest521_d0g0v0_Homestead...ok
   - modexp_37120_37111_0_22000_d0g3v0_Byzantium...ok
   - shallowStack_d32g0v0_EIP158...ok
   - randomStatetest271_d0g0v0_Byzantium...ok
   - shallowStack_d32g0v0_Frontier...ok
   - randomStatetest271_d0g0v0_EIP150...ok
   - modexp_37120_37111_0_22000_d0g3v0_EIP150...ok
   - modexp_37120_37111_0_22000_d0g3v0_EIP158...ok
   - shallowStack_d32g0v0_Homestead...ok
   - randomStatetest271_d0g0v0_EIP158...ok
   - modexp_37120_37111_0_22000_d0g3v0_Frontier...ok
   - shallowStack_d78g0v0_Byzantium...ok
   - modexp_37120_37111_0_22000_d0g3v0_Homestead...ok
   - randomStatetest271_d0g0v0_Frontier...ok
   - modexp_37120_37111_0_25000_d0g3v0_Byzantium...ok
   - shallowStack_d78g0v0_EIP150...ok
   - randomStatetest271_d0g0v0_Homestead...ok
   - modexp_37120_37111_0_25000_d0g3v0_EIP150...ok
   - randomStatetest586_d0g0v0_Byzantium...ok
   - shallowStack_d78g0v0_EIP158...ok
   - modexp_37120_37111_0_25000_d0g3v0_EIP158...ok
   - randomStatetest586_d0g0v0_EIP150...ok
   - shallowStack_d78g0v0_Frontier...ok
   - randomStatetest586_d0g0v0_EIP158...ok
   - modexp_37120_37111_0_25000_d0g3v0_Frontier...ok
   - randomStatetest586_d0g0v0_Frontier...ok
   - shallowStack_d78g0v0_Homestead...ok
   - modexp_37120_37111_0_25000_d0g3v0_Homestead...ok
   - randomStatetest586_d0g0v0_Homestead...ok
   - shallowStack_d74g0v0_Byzantium...ok
ok
   - randomStatetest7_d0g0v0_Byzantium...ok
   - shallowStack_d74g0v0_EIP150...   - modexp_3_5_100_25000_d0g3v0_Byzantium...ok
   - randomStatetest7_d0g0v0_EIP150...ok
   - shallowStack_d74g0v0_EIP158...ok
   - modexp_3_5_100_25000_d0g3v0_EIP150...ok
   - randomStatetest7_d0g0v0_EIP158...ok
   - shallowStack_d74g0v0_Frontier...ok
   - modexp_3_5_100_25000_d0g3v0_EIP158...ok
   - randomStatetest7_d0g0v0_Frontier...ok
   - shallowStack_d74g0v0_Homestead...ok
   - modexp_3_5_100_25000_d0g3v0_Frontier...ok
   - randomStatetest7_d0g0v0_Homestead...ok
   - randomStatetest444_d0g0v0_Byzantium...ok
   - modexp_3_5_100_25000_d0g3v0_Homestead...ok
   - shallowStack_d65g0v0_Byzantium...ok
   - randomStatetest444_d0g0v0_EIP150...ok
   - modexp_d23g0v0_Byzantium...ok
   - shallowStack_d65g0v0_EIP150...ok
   - static_Call50000_d1g0v0_EIP150...ok
   - randomStatetest444_d0g0v0_EIP158...ok
   - modexp_d23g0v0_EIP150...ok
   - randomStatetest444_d0g0v0_Frontier...ok
   - static_Call50000_d1g0v0_EIP158...ok
   - shallowStack_d65g0v0_EIP158...ok
   - modexp_d23g0v0_EIP158...ok
   - randomStatetest444_d0g0v0_Homestead...ok
   - shallowStack_d65g0v0_Frontier...ok
   - randomStatetest484_d0g0v0_Byzantium...ok
   - static_Call50000_d1g0v0_Frontier...ok
   - modexp_d23g0v0_Frontier...ok
   - randomStatetest484_d0g0v0_EIP150...ok
   - shallowStack_d65g0v0_Homestead...ok
ok
   - randomStatetest484_d0g0v0_EIP158...ok
   - stackOverflowM1DUP_d7g0v0_Byzantium...   - static_Call50000_d1g0v0_Homestead...ok
   - modexp_d23g0v0_Homestead...ok
   - stackOverflowM1DUP_d7g0v0_EIP150...ok
   - static_makeMoney_d0g0v0_Byzantium...ok
   - randomStatetest484_d0g0v0_Frontier...ok
ok
   - stackOverflowM1DUP_d7g0v0_EIP158...ok
   - randomStatetest484_d0g0v0_Homestead...   - CallEcrecover0_Gas2999_d0g0v0_Byzantium...ok
   - static_makeMoney_d0g0v0_EIP150...ok
   - randomStatetest407_d0g0v0_Byzantium...ok
   - CallEcrecover0_Gas2999_d0g0v0_EIP150...ok
   - stackOverflowM1DUP_d7g0v0_Frontier...ok
   - randomStatetest407_d0g0v0_EIP150...ok
   - static_makeMoney_d0g0v0_EIP158...ok
   - static_makeMoney_d0g0v0_Frontier...ok
   - CallEcrecover0_Gas2999_d0g0v0_EIP158...ok
   - stackOverflowM1DUP_d7g0v0_Homestead...ok
   - randomStatetest407_d0g0v0_EIP158...ok
ok
   - static_makeMoney_d0g0v0_Homestead...   - stackOverflowPUSH_d18g0v0_Byzantium...ok
   - CallEcrecover0_Gas2999_d0g0v0_Frontier...ok
   - randomStatetest407_d0g0v0_Frontier...ok
   - static_callcodecallcallcode_101_SuicideMiddle2_d0g0v0_Byzantium...ok
   - stackOverflowPUSH_d18g0v0_EIP150...ok
   - randomStatetest407_d0g0v0_Homestead...ok
   - CallEcrecover0_Gas2999_d0g0v0_Homestead...ok
   - static_callcodecallcallcode_101_SuicideMiddle2_d0g0v0_EIP150...ok
   - randomStatetest483_d0g0v0_Byzantium...ok
   - stackOverflowPUSH_d18g0v0_EIP158...ok
   - randomStatetest483_d0g0v0_EIP150...ok
   - static_callcodecallcallcode_101_SuicideMiddle2_d0g0v0_EIP158...ok
   - modexp_9_37111_37111_35000_d0g0v0_Byzantium...ok
   - stackOverflowPUSH_d18g0v0_Frontier...ok
   - static_callcodecallcallcode_101_SuicideMiddle2_d0g0v0_Frontier...ok
   - modexp_9_37111_37111_35000_d0g0v0_EIP150...ok
   - randomStatetest483_d0g0v0_EIP158...ok
   - stackOverflowPUSH_d18g0v0_Homestead...ok
   - static_callcodecallcallcode_101_SuicideMiddle2_d0g0v0_Homestead...ok
   - modexp_9_37111_37111_35000_d0g0v0_EIP158...ok
   - randomStatetest483_d0g0v0_Frontier...ok
   - shallowStack_d25g0v0_Byzantium...ok
   - randomStatetest483_d0g0v0_Homestead...ok
ok
   - modexp_9_37111_37111_35000_d0g0v0_Frontier...   - static_callcallcodecall_010_OOGMAfter_d1g0v0_Byzantium...ok
   - shallowStack_d25g0v0_EIP150...ok
   - static_callcallcodecall_010_OOGMAfter_d1g0v0_EIP150...ok
   - shallowStack_d25g0v0_EIP158...ok
   - randomStatetest636_d0g0v0_Byzantium...ok
   - modexp_9_37111_37111_35000_d0g0v0_Homestead...ok
   - static_callcallcodecall_010_OOGMAfter_d1g0v0_EIP158...ok
   - shallowStack_d25g0v0_Frontier...ok
   - static_callcallcodecall_010_OOGMAfter_d1g0v0_Frontier...ok
   - shallowStack_d25g0v0_Homestead...ok
   - static_callcallcodecall_010_OOGMAfter_d1g0v0_Homestead...ok
   - modexp_d33g0v0_Byzantium...ok
   - stackOverflowPUSH_d15g0v0_Byzantium...ok
   - randomStatetest636_d0g0v0_EIP150...ok
   - modexp_d33g0v0_EIP150...ok
   - static_CallEcrecover0_completeReturnValue_d0g0v0_Byzantium...ok
   - stackOverflowPUSH_d15g0v0_EIP150...ok
   - static_CallEcrecover0_completeReturnValue_d0g0v0_EIP150...ok
   - modexp_d33g0v0_EIP158...ok
   - randomStatetest636_d0g0v0_EIP158...ok
   - stackOverflowPUSH_d15g0v0_EIP158...ok
   - modexp_d33g0v0_Frontier...ok
   - static_CallEcrecover0_completeReturnValue_d0g0v0_EIP158...ok
   - stackOverflowPUSH_d15g0v0_Frontier...ok
   - modexp_d33g0v0_Homestead...ok
   - static_CallEcrecover0_completeReturnValue_d0g0v0_Frontier...ok
   - static_CallEcrecover0_completeReturnValue_d0g0v0_Homestead...ok
   - randomStatetest636_d0g0v0_Frontier...ok
ok
   - stackOverflowPUSH_d15g0v0_Homestead...   - modexp_9_3711_37111_25000_d0g1v0_Byzantium...ok
   - static_CallEcrecover0_0input_d7g0v0_Byzantium...ok
   - modexp_9_3711_37111_25000_d0g1v0_EIP150...ok
   - randomStatetest636_d0g0v0_Homestead...ok
   - stackOverflowM1_d14g0v0_Byzantium...ok
   - modexp_9_3711_37111_25000_d0g1v0_EIP158...ok
   - static_CallEcrecover0_0input_d7g0v0_EIP150...ok
   - modexp_9_3711_37111_25000_d0g1v0_Frontier...ok
   - randomStatetest243_d0g0v0_Byzantium...ok
   - static_CallEcrecover0_0input_d7g0v0_EIP158...ok
   - stackOverflowM1_d14g0v0_EIP150...ok
   - modexp_9_3711_37111_25000_d0g1v0_Homestead...ok
   - stackOverflowM1_d14g0v0_EIP158...ok
   - static_CallEcrecover0_0input_d7g0v0_Frontier...ok
ok
   - randomStatetest243_d0g0v0_EIP150...   - CallEcrecover0_overlappingInputOutput_d0g0v0_Byzantium...ok
   - randomStatetest243_d0g0v0_EIP158...ok
   - stackOverflowM1_d14g0v0_Frontier...ok
   - randomStatetest243_d0g0v0_Frontier...ok
   - CallEcrecover0_overlappingInputOutput_d0g0v0_EIP150...ok
   - static_CallEcrecover0_0input_d7g0v0_Homestead...ok
   - static_CallIdentity_5_d0g0v0_Byzantium...ok
   - randomStatetest243_d0g0v0_Homestead...ok
   - stackOverflowM1_d14g0v0_Homestead...ok
   - CallEcrecover0_overlappingInputOutput_d0g0v0_EIP158...ok
   - randomStatetest531_d0g0v0_Byzantium...ok
ok
   - static_CallIdentity_5_d0g0v0_EIP150...ok
   - CallEcrecover0_overlappingInputOutput_d0g0v0_Frontier...   - stackOverflowM1PUSH_d7g0v0_Byzantium...ok
   - randomStatetest531_d0g0v0_EIP150...ok
   - static_CallIdentity_5_d0g0v0_EIP158...ok
   - randomStatetest531_d0g0v0_EIP158...ok
   - CallEcrecover0_overlappingInputOutput_d0g0v0_Homestead...ok
   - static_CallIdentity_5_d0g0v0_Frontier...ok
   - stackOverflowM1PUSH_d7g0v0_EIP150...ok
   - stackOverflowM1PUSH_d7g0v0_EIP158...ok
   - randomStatetest531_d0g0v0_Frontier...ok
ok
   - static_CallIdentity_5_d0g0v0_Homestead...   - modexp_37120_37111_97_1000000_d0g0v0_Byzantium...ok
   - stackOverflowM1PUSH_d7g0v0_Frontier...ok
   - randomStatetest531_d0g0v0_Homestead...ok
   - static_callcodecallcall_100_SuicideEnd2_d0g0v0_Byzantium...ok
   - randomStatetest365_d0g0v0_Byzantium...ok
   - stackOverflowM1PUSH_d7g0v0_Homestead...ok
   - static_callcodecallcall_100_SuicideEnd2_d0g0v0_EIP150...ok
   - modexp_37120_37111_97_1000000_d0g0v0_EIP150...ok
   - randomStatetest365_d0g0v0_EIP150...ok
   - modexp_37120_37111_97_1000000_d0g0v0_EIP158...ok
   - static_callcodecallcall_100_SuicideEnd2_d0g0v0_EIP158...ok
   - randomStatetest365_d0g0v0_EIP158...ok
   - stackOverflowDUP_d1g0v0_Byzantium...ok
   - randomStatetest365_d0g0v0_Frontier...ok
   - static_callcodecallcall_100_SuicideEnd2_d0g0v0_Frontier...ok
   - modexp_37120_37111_97_1000000_d0g0v0_Frontier...ok
   - stackOverflowDUP_d1g0v0_EIP150...ok
   - randomStatetest365_d0g0v0_Homestead...ok
   - modexp_37120_37111_97_1000000_d0g0v0_Homestead...ok
   - stackOverflowDUP_d1g0v0_EIP158...ok
   - static_callcodecallcall_100_SuicideEnd2_d0g0v0_Homestead...ok
   - randomStatetest576_d0g0v0_Byzantium...ok
   - modexp_d12g0v0_Byzantium...ok
ok
   - stackOverflowDUP_d1g0v0_Frontier...   - static_callcodecallcodecall_110_2_d0g0v0_Byzantium...ok
   - randomStatetest576_d0g0v0_EIP150...ok
   - modexp_d12g0v0_EIP150...ok
   - stackOverflowDUP_d1g0v0_Homestead...ok
   - modexp_d12g0v0_EIP158...ok
   - shallowStack_d69g0v0_Byzantium...ok
   - static_callcodecallcodecall_110_2_d0g0v0_EIP150...ok
   - randomStatetest576_d0g0v0_EIP158...ok
   - modexp_d12g0v0_Frontier...ok
   - shallowStack_d69g0v0_EIP150...ok
   - static_callcodecallcodecall_110_2_d0g0v0_EIP158...ok
   - randomStatetest576_d0g0v0_Frontier...ok
   - modexp_d12g0v0_Homestead...ok
   - shallowStack_d69g0v0_EIP158...ok
   - randomStatetest576_d0g0v0_Homestead...ok
ok
   - static_callcodecallcodecall_110_2_d0g0v0_Frontier...   - modexp_1_1_1_35000_d0g1v0_Byzantium...ok
   - static_callcodecallcodecall_110_2_d0g0v0_Homestead...ok
   - shallowStack_d69g0v0_Frontier...ok
   - randomStatetest223_d0g0v0_Byzantium...ok
   - modexp_1_1_1_35000_d0g1v0_EIP150...ok
   - static_CallEcrecoverH_prefixed0_d0g0v0_Byzantium...ok
   - modexp_1_1_1_35000_d0g1v0_EIP158...ok
   - static_CallEcrecoverH_prefixed0_d0g0v0_EIP150...ok
   - shallowStack_d69g0v0_Homestead...ok
   - randomStatetest223_d0g0v0_EIP150...ok
   - modexp_1_1_1_35000_d0g1v0_Frontier...ok
   - stackOverflowDUP_d15g0v0_Byzantium...ok
   - randomStatetest223_d0g0v0_EIP158...ok
   - modexp_1_1_1_35000_d0g1v0_Homestead...ok
   - static_CallEcrecoverH_prefixed0_d0g0v0_EIP158...ok
ok
   - randomStatetest223_d0g0v0_Frontier...ok
   - stackOverflowDUP_d15g0v0_EIP150...ok
   - static_CallEcrecoverH_prefixed0_d0g0v0_Frontier...   - modexp_1_1_1_25000_d0g3v0_Byzantium...ok
   - modexp_1_1_1_25000_d0g3v0_EIP150...ok
   - randomStatetest223_d0g0v0_Homestead...ok
   - stackOverflowDUP_d15g0v0_EIP158...ok
   - static_CallEcrecoverH_prefixed0_d0g0v0_Homestead...ok
   - randomStatetest110_d0g0v0_Byzantium...ok
   - modexp_1_1_1_25000_d0g3v0_EIP158...ok
ok
   - stackOverflowDUP_d15g0v0_Frontier...   - static_CheckOpcodes5_d4g0v0_Byzantium...ok
   - modexp_1_1_1_25000_d0g3v0_Frontier...ok
   - randomStatetest110_d0g0v0_EIP150...ok
   - static_CheckOpcodes5_d4g0v0_EIP150...ok
   - stackOverflowDUP_d15g0v0_Homestead...ok
   - modexp_1_1_1_25000_d0g3v0_Homestead...ok
   - static_CheckOpcodes5_d4g0v0_EIP158...ok
   - randomStatetest110_d0g0v0_EIP158...ok
   - stackOverflowM1PUSH_d9g0v0_Byzantium...ok
   - static_CheckOpcodes5_d4g0v0_Frontier...ok
ok
   - static_CheckOpcodes5_d4g0v0_Homestead...   - modexp_9_37111_37111_20500_d0g0v0_Byzantium...ok
   - randomStatetest110_d0g0v0_Frontier...ok
   - stackOverflowM1PUSH_d9g0v0_EIP150...ok
ok
   - modexp_9_37111_37111_20500_d0g0v0_EIP150...ok
   - randomStatetest110_d0g0v0_Homestead...   - static_ExecuteCallThatAskForeGasThenTrabsactionHas_d2g0v0_Byzantium...ok
   - stackOverflowM1PUSH_d9g0v0_EIP158...ok
   - static_ExecuteCallThatAskForeGasThenTrabsactionHas_d2g0v0_EIP150...ok
   - modexp_9_37111_37111_20500_d0g0v0_EIP158...ok
   - randomStatetest541_d0g0v0_Byzantium...ok
   - modexp_9_37111_37111_20500_d0g0v0_Frontier...ok
   - stackOverflowM1PUSH_d9g0v0_Frontier...ok
   - static_ExecuteCallThatAskForeGasThenTrabsactionHas_d2g0v0_EIP158...ok
   - randomStatetest541_d0g0v0_EIP150...ok
   - stackOverflowM1PUSH_d9g0v0_Homestead...ok
   - static_ExecuteCallThatAskForeGasThenTrabsactionHas_d2g0v0_Frontier...ok
   - modexp_9_37111_37111_20500_d0g0v0_Homestead...ok
   - shallowStack_d56g0v0_Byzantium...ok
   - randomStatetest541_d0g0v0_EIP158...ok
ok
   - static_ExecuteCallThatAskForeGasThenTrabsactionHas_d2g0v0_Homestead...   - modexp_3_5_100_35000_d0g3v0_Byzantium...ok
   - randomStatetest541_d0g0v0_Frontier...ok
   - shallowStack_d56g0v0_EIP150...ok
   - static_callcallcall_000_OOGE_d1g0v0_Byzantium...ok
   - modexp_3_5_100_35000_d0g3v0_EIP150...ok
   - randomStatetest541_d0g0v0_Homestead...ok
   - shallowStack_d56g0v0_EIP158...ok
   - modexp_3_5_100_35000_d0g3v0_EIP158...ok
   - static_callcallcall_000_OOGE_d1g0v0_EIP150...ok
   - randomStatetest66_d0g0v0_Byzantium...ok
   - shallowStack_d56g0v0_Frontier...ok
   - static_callcallcall_000_OOGE_d1g0v0_EIP158...ok
   - modexp_3_5_100_35000_d0g3v0_Frontier...ok
   - modexp_3_5_100_35000_d0g3v0_Homestead...ok
   - randomStatetest66_d0g0v0_EIP150...ok
   - shallowStack_d56g0v0_Homestead...ok
   - static_callcallcall_000_OOGE_d1g0v0_Frontier...ok
   - CALLCODESha256_5_d0g0v0_Byzantium...ok
ok
   - randomStatetest66_d0g0v0_EIP158...   - stackOverflowM1DUP_d10g0v0_Byzantium...ok
   - static_callcallcall_000_OOGE_d1g0v0_Homestead...ok
   - CALLCODESha256_5_d0g0v0_EIP150...ok
   - CALLCODESha256_5_d0g0v0_EIP158...ok
   - randomStatetest66_d0g0v0_Frontier...ok
   - stackOverflowM1DUP_d10g0v0_EIP150...ok
   - static_callcodecallcall_100_OOGMAfter_d0g0v0_Byzantium...ok
   - randomStatetest66_d0g0v0_Homestead...ok
   - CALLCODESha256_5_d0g0v0_Frontier...ok
   - randomStatetest259_d0g0v0_Byzantium...ok
   - stackOverflowM1DUP_d10g0v0_EIP158...ok
   - static_callcodecallcall_100_OOGMAfter_d0g0v0_EIP150...ok
   - CALLCODESha256_5_d0g0v0_Homestead...ok
   - randomStatetest259_d0g0v0_EIP150...ok
   - stackOverflowM1DUP_d10g0v0_Frontier...ok
   - static_callcodecallcall_100_OOGMAfter_d0g0v0_EIP158...ok
   - randomStatetest259_d0g0v0_EIP158...ok
ok
   - stackOverflowM1DUP_d10g0v0_Homestead...   - modexp_d27g0v0_Byzantium...ok
   - randomStatetest259_d0g0v0_Frontier...ok
   - static_callcodecallcall_100_OOGMAfter_d0g0v0_Frontier...ok
test json_tests::chain::block_tests::BlockchainTests_GeneralStateTest_stStackTests ... ok
ok
   - randomStatetest259_d0g0v0_Homestead...ok
   - static_callcodecallcall_100_OOGMAfter_d0g0v0_Homestead...   - createWithInvalidOpcode_d0g0v0_Byzantium...ok
   - modexp_d27g0v0_EIP150...ok
   - static_callcallcallcode_001_2_d0g0v0_Byzantium...ok
   - randomStatetest191_d0g0v0_Byzantium...ok
   - modexp_d27g0v0_EIP158...ok
   - createWithInvalidOpcode_d0g0v0_EIP150...ok
   - static_callcallcallcode_001_2_d0g0v0_EIP150...ok
   - createWithInvalidOpcode_d0g0v0_EIP158...ok
   - randomStatetest191_d0g0v0_EIP150...ok
   - modexp_d27g0v0_Frontier...ok
   - createWithInvalidOpcode_d0g0v0_Frontier...ok
   - static_callcallcallcode_001_2_d0g0v0_EIP158...ok
   - randomStatetest191_d0g0v0_EIP158...ok
   - modexp_d27g0v0_Homestead...ok
   - createWithInvalidOpcode_d0g0v0_Homestead...ok
ok
   - randomStatetest191_d0g0v0_Frontier...   - modexp_1_0_1_35000_d0g1v0_Byzantium...ok
   - static_callcallcallcode_001_2_d0g0v0_Frontier...ok
   - randomStatetest191_d0g0v0_Homestead...ok
   - CalltoReturn2_d0g0v0_Byzantium...ok
   - static_callcallcallcode_001_2_d0g0v0_Homestead...ok
   - modexp_1_0_1_35000_d0g1v0_EIP150...ok
   - CalltoReturn2_d0g0v0_EIP150...ok
   - static_CheckOpcodes3_d3g1v0_Byzantium...ok
   - modexp_1_0_1_35000_d0g1v0_EIP158...ok
   - randomStatetest92_d0g0v0_Byzantium...ok
   - CalltoReturn2_d0g0v0_EIP158...ok
   - static_CheckOpcodes3_d3g1v0_EIP150...ok
   - CalltoReturn2_d0g0v0_Frontier...ok
   - static_CheckOpcodes3_d3g1v0_EIP158...ok
   - modexp_1_0_1_35000_d0g1v0_Frontier...ok
   - CalltoReturn2_d0g0v0_Homestead...ok
   - randomStatetest92_d0g0v0_EIP150...ok
   - static_CheckOpcodes3_d3g1v0_Frontier...ok
   - createNameRegistrator_d0g0v0_Byzantium...ok
   - randomStatetest92_d0g0v0_EIP158...ok
   - modexp_1_0_1_35000_d0g1v0_Homestead...ok
   - static_CheckOpcodes3_d3g1v0_Homestead...ok
   - randomStatetest92_d0g0v0_Frontier...ok
   - createNameRegistrator_d0g0v0_EIP150...ok
ok
   - modexp_1_1_1_22000_d0g3v0_Byzantium...   - static_CallContractToCreateContractOOGBonusGas_d0g0v0_Byzantium...ok
   - randomStatetest92_d0g0v0_Homestead...ok
   - createNameRegistrator_d0g0v0_EIP158...ok
   - randomStatetest470_d0g0v0_Byzantium...ok
   - static_CallContractToCreateContractOOGBonusGas_d0g0v0_EIP150...ok
   - modexp_1_1_1_22000_d0g3v0_EIP150...ok
   - randomStatetest470_d0g0v0_EIP150...ok
   - createNameRegistrator_d0g0v0_Frontier...ok
   - static_CallContractToCreateContractOOGBonusGas_d0g0v0_EIP158...ok
   - modexp_1_1_1_22000_d0g3v0_EIP158...ok
   - static_CallContractToCreateContractOOGBonusGas_d0g0v0_Frontier...ok
   - randomStatetest470_d0g0v0_EIP158...ok
   - createNameRegistrator_d0g0v0_Homestead...ok
   - modexp_1_1_1_22000_d0g3v0_Frontier...ok
   - static_CallContractToCreateContractOOGBonusGas_d0g0v0_Homestead...ok
   - modexp_1_1_1_22000_d0g3v0_Homestead...ok
ok
   - randomStatetest470_d0g0v0_Frontier...   - callcodeTo0_d0g0v0_Byzantium...ok
   - static_call_value_inherit_d0g0v0_Byzantium...ok
   - modexp_d29g2v0_Byzantium...ok
   - static_call_value_inherit_d0g0v0_EIP150...ok
   - modexp_d29g2v0_EIP150...ok
   - callcodeTo0_d0g0v0_EIP150...ok
   - randomStatetest470_d0g0v0_Homestead...ok
   - static_call_value_inherit_d0g0v0_EIP158...ok
   - randomStatetest139_d0g0v0_Byzantium...ok
   - modexp_d29g2v0_EIP158...ok
   - static_call_value_inherit_d0g0v0_Frontier...ok
   - callcodeTo0_d0g0v0_EIP158...ok
   - callcodeTo0_d0g0v0_Frontier...ok
   - randomStatetest139_d0g0v0_EIP150...ok
   - modexp_d29g2v0_Frontier...ok
   - static_call_value_inherit_d0g0v0_Homestead...ok
   - callcodeTo0_d0g0v0_Homestead...ok
   - randomStatetest139_d0g0v0_EIP158...ok
   - modexp_d29g2v0_Homestead...ok
   - static_callToCallOpCodeCheck_d0g0v0_Byzantium...ok
   - randomStatetest139_d0g0v0_Frontier...ok
ok
   - modexp_d11g3v0_Byzantium...   - CallToNameRegistratorMemOOGAndInsufficientBalance_d0g0v0_Byzantium...ok
   - static_callToCallOpCodeCheck_d0g0v0_EIP150...ok
   - randomStatetest139_d0g0v0_Homestead...ok
   - CallToNameRegistratorMemOOGAndInsufficientBalance_d0g0v0_EIP150...ok
   - static_callToCallOpCodeCheck_d0g0v0_EIP158...ok
   - modexp_d11g3v0_EIP150...ok
   - CallToNameRegistratorMemOOGAndInsufficientBalance_d0g0v0_EIP158...ok
   - randomStatetest467_d0g0v0_Byzantium...ok
   - static_callToCallOpCodeCheck_d0g0v0_Frontier...ok
   - CallToNameRegistratorMemOOGAndInsufficientBalance_d0g0v0_Frontier...ok
   - modexp_d11g3v0_EIP158...ok
   - modexp_d11g3v0_Frontier...ok
   - static_callToCallOpCodeCheck_d0g0v0_Homestead...ok
   - CallToNameRegistratorMemOOGAndInsufficientBalance_d0g0v0_Homestead...ok
   - modexp_d11g3v0_Homestead...ok
   - static_CalltoReturn2_d0g0v0_Byzantium...ok
   - suicideAddress_d0g0v0_Byzantium...ok
   - modexp_0_0_0_35000_d0g2v0_Byzantium...ok
   - randomStatetest467_d0g0v0_EIP150...ok
   - suicideAddress_d0g0v0_EIP150...ok
   - static_CalltoReturn2_d0g0v0_EIP150...ok
   - modexp_0_0_0_35000_d0g2v0_EIP150...ok
   - suicideAddress_d0g0v0_EIP158...ok
   - static_CalltoReturn2_d0g0v0_EIP158...ok
   - suicideAddress_d0g0v0_Frontier...ok
   - randomStatetest467_d0g0v0_EIP158...ok
   - static_CalltoReturn2_d0g0v0_Frontier...ok
   - modexp_0_0_0_35000_d0g2v0_EIP158...ok
   - suicideAddress_d0g0v0_Homestead...ok
   - static_CalltoReturn2_d0g0v0_Homestead...ok
   - modexp_0_0_0_35000_d0g2v0_Frontier...ok
   - randomStatetest467_d0g0v0_Frontier...ok
   - Call10_d0g0v0_Byzantium...ok
   - modexp_0_0_0_35000_d0g2v0_Homestead...ok
   - static_callcallcodecallcode_011_OOGE_2_d0g0v0_Byzantium...ok
   - Call10_d0g0v0_EIP150...ok
   - randomStatetest467_d0g0v0_Homestead...ok
   - modexp_d21g1v0_Byzantium...ok
   - static_callcallcodecallcode_011_OOGE_2_d0g0v0_EIP150...ok
   - Call10_d0g0v0_EIP158...ok
   - randomStatetest78_d0g0v0_Byzantium...ok
   - modexp_d21g1v0_EIP150...ok
   - Call10_d0g0v0_Frontier...ok
   - static_callcallcodecallcode_011_OOGE_2_d0g0v0_EIP158...ok
   - modexp_d21g1v0_EIP158...ok
   - Call10_d0g0v0_Homestead...ok
   - randomStatetest78_d0g0v0_EIP150...ok
   - modexp_d21g1v0_Frontier...ok
   - static_callcallcodecallcode_011_OOGE_2_d0g0v0_Frontier...ok
   - ABAcalls3_d0g0v0_Byzantium...ok
   - modexp_d21g1v0_Homestead...ok
   - randomStatetest78_d0g0v0_EIP158...ok
   - static_callcallcodecallcode_011_OOGE_2_d0g0v0_Homestead...ok
ok
   - ABAcalls3_d0g0v0_EIP150...   - modexp_0_3_100_25000_d0g3v0_Byzantium...ok
   - randomStatetest78_d0g0v0_Frontier...ok
   - modexp_0_3_100_25000_d0g3v0_EIP150...ok
   - static_CheckOpcodes5_d4g0v1_Byzantium...ok
   - ABAcalls3_d0g0v0_EIP158...ok
   - modexp_0_3_100_25000_d0g3v0_EIP158...ok
   - modexp_0_3_100_25000_d0g3v0_Frontier...ok
   - static_CheckOpcodes5_d4g0v1_EIP150...ok
   - randomStatetest78_d0g0v0_Homestead...ok
   - ABAcalls3_d0g0v0_Frontier...ok
   - static_CheckOpcodes5_d4g0v1_EIP158...ok
   - modexp_0_3_100_25000_d0g3v0_Homestead...ok
   - randomStatetest564_d0g0v0_Byzantium...ok
   - ABAcalls3_d0g0v0_Homestead...ok
   - static_CheckOpcodes5_d4g0v1_Frontier...ok
ok
   - TestNameRegistrator_d0g0v0_Byzantium...ok
   - randomStatetest564_d0g0v0_EIP150...   - modexp_37120_37111_37111_35000_d0g1v0_Byzantium...ok
   - randomStatetest564_d0g0v0_EIP158...ok
   - static_CheckOpcodes5_d4g0v1_Homestead...ok
   - modexp_37120_37111_37111_35000_d0g1v0_EIP150...ok
   - TestNameRegistrator_d0g0v0_EIP150...ok
   - randomStatetest564_d0g0v0_Frontier...ok
   - static_RevertOpcodeCalls_d0g0v0_Byzantium...ok
   - modexp_37120_37111_37111_35000_d0g1v0_EIP158...ok
   - TestNameRegistrator_d0g0v0_EIP158...ok
   - randomStatetest564_d0g0v0_Homestead...ok
   - static_RevertOpcodeCalls_d0g0v0_EIP150...ok
   - modexp_37120_37111_37111_35000_d0g1v0_Frontier...ok
   - static_RevertOpcodeCalls_d0g0v0_EIP158...ok
   - TestNameRegistrator_d0g0v0_Frontier...ok
   - randomStatetest174_d0g0v0_Byzantium...ok
   - TestNameRegistrator_d0g0v0_Homestead...ok
   - modexp_37120_37111_37111_35000_d0g1v0_Homestead...ok
   - static_RevertOpcodeCalls_d0g0v0_Frontier...ok
ok
   - randomStatetest174_d0g0v0_EIP150...   - extcodecopy_d0g0v0_Byzantium...ok
ok
   - static_RevertOpcodeCalls_d0g0v0_Homestead...   - modexp_1_0_1_1000000_d0g2v0_Byzantium...ok
   - extcodecopy_d0g0v0_EIP150...ok
   - randomStatetest174_d0g0v0_EIP158...ok
   - modexp_1_0_1_1000000_d0g2v0_EIP150...ok
   - extcodecopy_d0g0v0_EIP158...ok
   - static_callWithHighValueAndGasOOG_d0g0v0_Byzantium...ok
   - randomStatetest174_d0g0v0_Frontier...ok
   - modexp_1_0_1_1000000_d0g2v0_EIP158...ok
   - extcodecopy_d0g0v0_Frontier...ok
   - static_callWithHighValueAndGasOOG_d0g0v0_EIP150...ok
   - randomStatetest174_d0g0v0_Homestead...ok
   - static_callWithHighValueAndGasOOG_d0g0v0_EIP158...ok
ok
   - extcodecopy_d0g0v0_Homestead...   - modexp_1_0_1_1000000_d0g2v0_Frontier...ok
   - randomStatetest445_d0g0v0_Byzantium...ok
   - callcodeToNameRegistratorZeroMemExpanion_d0g0v0_Byzantium...ok
   - modexp_1_0_1_1000000_d0g2v0_Homestead...ok
   - callcodeToNameRegistratorZeroMemExpanion_d0g0v0_EIP150...ok
ok
   - static_callWithHighValueAndGasOOG_d0g0v0_Frontier...ok
   - randomStatetest445_d0g0v0_EIP150...   - modexp_0_0_0_35000_d0g0v0_Byzantium...ok
   - callcodeToNameRegistratorZeroMemExpanion_d0g0v0_EIP158...ok
   - callcodeToNameRegistratorZeroMemExpanion_d0g0v0_Frontier...ok
   - static_callWithHighValueAndGasOOG_d0g0v0_Homestead...ok
   - randomStatetest445_d0g0v0_EIP158...ok
   - callcodeToNameRegistratorZeroMemExpanion_d0g0v0_Homestead...ok
   - modexp_0_0_0_35000_d0g0v0_EIP150...ok
   - static_callcodecallcall_100_OOGMAfter2_d0g0v0_Byzantium...ok
   - return2_d0g0v0_Byzantium...ok
   - modexp_0_0_0_35000_d0g0v0_EIP158...ok
   - randomStatetest445_d0g0v0_Frontier...ok
   - static_callcodecallcall_100_OOGMAfter2_d0g0v0_EIP150...ok
   - modexp_0_0_0_35000_d0g0v0_Frontier...ok
   - return2_d0g0v0_EIP150...ok
   - randomStatetest445_d0g0v0_Homestead...ok
   - static_callcodecallcall_100_OOGMAfter2_d0g0v0_EIP158...ok
   - modexp_0_0_0_35000_d0g0v0_Homestead...ok
   - randomStatetest645_d0g0v0_Byzantium...ok
   - return2_d0g0v0_EIP158...ok
   - static_callcodecallcall_100_OOGMAfter2_d0g0v0_Frontier...ok
   - return2_d0g0v0_Frontier...ok
ok
   - randomStatetest645_d0g0v0_EIP150...   - modexp_55190_55190_42965_35000_d0g1v0_Byzantium...ok
   - static_callcodecallcall_100_OOGMAfter2_d0g0v0_Homestead...ok
   - randomStatetest645_d0g0v0_EIP158...ok
   - return2_d0g0v0_Homestead...ok
   - static_CallRipemd160_3_postfixed0_d0g0v0_Byzantium...ok
   - modexp_55190_55190_42965_35000_d0g1v0_EIP150...ok
   - static_CallRipemd160_3_postfixed0_d0g0v0_EIP150...ok
   - static_CallRipemd160_3_postfixed0_d0g0v0_EIP158...ok
   - randomStatetest645_d0g0v0_Frontier...ok
   - modexp_55190_55190_42965_35000_d0g1v0_EIP158...ok
   - CallToNameRegistratorTooMuchMemory2_d0g0v0_Byzantium...ok
   - CallToNameRegistratorTooMuchMemory2_d0g0v0_EIP150...ok
   - modexp_55190_55190_42965_35000_d0g1v0_Frontier...ok
   - static_CallRipemd160_3_postfixed0_d0g0v0_Frontier...ok
   - randomStatetest645_d0g0v0_Homestead...ok
   - CallToNameRegistratorTooMuchMemory2_d0g0v0_EIP158...ok
   - CallToNameRegistratorTooMuchMemory2_d0g0v0_Frontier...ok
   - static_CallRipemd160_3_postfixed0_d0g0v0_Homestead...ok
   - modexp_55190_55190_42965_35000_d0g1v0_Homestead...ok
   - randomStatetest85_d0g0v0_Byzantium...ok
   - CallToNameRegistratorTooMuchMemory2_d0g0v0_Homestead...ok
ok
   - static_CheckOpcodes5_d1g1v1_Byzantium...ok
   - randomStatetest85_d0g0v0_EIP150...ok
   - ABAcalls1_d0g0v0_Byzantium...   - CALLCODEIdentity_4_gas17_d0g0v0_Byzantium...ok
   - CALLCODEIdentity_4_gas17_d0g0v0_EIP150...ok
   - static_CheckOpcodes5_d1g1v1_EIP150...ok
   - randomStatetest85_d0g0v0_EIP158...ok
   - CALLCODEIdentity_4_gas17_d0g0v0_EIP158...ok
   - ABAcalls1_d0g0v0_EIP150...ok
   - CALLCODEIdentity_4_gas17_d0g0v0_Frontier...ok
   - static_CheckOpcodes5_d1g1v1_EIP158...ok
   - randomStatetest85_d0g0v0_Frontier...ok
   - randomStatetest85_d0g0v0_Homestead...ok
   - CALLCODEIdentity_4_gas17_d0g0v0_Homestead...ok
   - ABAcalls1_d0g0v0_EIP158...ok
   - static_CheckOpcodes5_d1g1v1_Frontier...ok
   - randomStatetest332_d0g0v0_Byzantium...ok
   - modexp_37120_37111_37111_25000_d0g2v0_Byzantium...ok
   - static_CheckOpcodes5_d1g1v1_Homestead...ok
   - randomStatetest332_d0g0v0_EIP150...ok
   - ABAcalls1_d0g0v0_Frontier...ok
   - randomStatetest332_d0g0v0_EIP158...ok
   - modexp_37120_37111_37111_25000_d0g2v0_EIP150...ok
   - static_callcall_00_d0g0v0_Byzantium...ok
   - static_callcall_00_d0g0v0_EIP150...ok
   - ABAcalls1_d0g0v0_Homestead...ok
   - randomStatetest332_d0g0v0_Frontier...ok
   - modexp_37120_37111_37111_25000_d0g2v0_EIP158...ok
   - randomStatetest332_d0g0v0_Homestead...ok
   - static_callcall_00_d0g0v0_EIP158...ok
   - modexp_37120_37111_37111_25000_d0g2v0_Frontier...ok
   - randomStatetest537_d0g0v0_Byzantium...ok
   - createNameRegistratorZeroMemExpansion_d0g0v0_Byzantium...ok
   - static_callcall_00_d0g0v0_Frontier...ok
   - static_callcall_00_d0g0v0_Homestead...ok
   - randomStatetest537_d0g0v0_EIP150...ok
   - modexp_37120_37111_37111_25000_d0g2v0_Homestead...ok
   - createNameRegistratorZeroMemExpansion_d0g0v0_EIP150...ok
   - static_callcallcallcode_ABCB_RECURSIVE2_d0g0v0_Byzantium...ok
   - randomStatetest537_d0g0v0_EIP158...ok
ok
   - createNameRegistratorZeroMemExpansion_d0g0v0_EIP158...   - modexp_37120_37111_0_22000_d0g0v0_Byzantium...ok
   - static_callcallcallcode_ABCB_RECURSIVE2_d0g0v0_EIP150...ok
   - randomStatetest537_d0g0v0_Frontier...ok
   - static_callcallcallcode_ABCB_RECURSIVE2_d0g0v0_EIP158...ok
   - createNameRegistratorZeroMemExpansion_d0g0v0_Frontier...ok
   - static_callcallcallcode_ABCB_RECURSIVE2_d0g0v0_Frontier...ok
   - modexp_37120_37111_0_22000_d0g0v0_EIP150...ok
   - randomStatetest537_d0g0v0_Homestead...ok
   - createNameRegistratorZeroMemExpansion_d0g0v0_Homestead...ok
   - modexp_37120_37111_0_22000_d0g0v0_EIP158...ok
   - randomStatetest252_d0g0v0_Byzantium...ok
   - static_callcallcallcode_ABCB_RECURSIVE2_d0g0v0_Homestead...ok
   - ABAcallsSuicide1_d1g0v0_Byzantium...ok
   - modexp_37120_37111_0_22000_d0g0v0_Frontier...ok
   - randomStatetest252_d0g0v0_EIP150...ok
   - static_callcallcodecallcode_011_SuicideMiddle2_d0g0v0_Byzantium...ok
   - ABAcallsSuicide1_d1g0v0_EIP150...ok
   - modexp_37120_37111_0_22000_d0g0v0_Homestead...ok
   - randomStatetest252_d0g0v0_EIP158...ok
   - static_callcallcodecallcode_011_SuicideMiddle2_d0g0v0_EIP150...ok
   - modexp_3_5_100_35000_d0g0v0_Byzantium...ok
   - ABAcallsSuicide1_d1g0v0_EIP158...ok
   - static_callcallcodecallcode_011_SuicideMiddle2_d0g0v0_EIP158...ok
   - randomStatetest252_d0g0v0_Frontier...ok
   - modexp_3_5_100_35000_d0g0v0_EIP150...ok
   - randomStatetest252_d0g0v0_Homestead...ok
   - ABAcallsSuicide1_d1g0v0_Frontier...ok
   - modexp_3_5_100_35000_d0g0v0_EIP158...ok
   - static_callcallcodecallcode_011_SuicideMiddle2_d0g0v0_Frontier...ok
   - static_callcallcodecallcode_011_SuicideMiddle2_d0g0v0_Homestead...ok
   - modexp_3_5_100_35000_d0g0v0_Frontier...ok
   - ABAcallsSuicide1_d1g0v0_Homestead...ok
   - randomStatetest38_d0g0v0_Byzantium...ok
   - CallRecursiveBombLog2_d0g0v0_Byzantium...ok
   - static_callcodecallcall_100_OOGMAfter_2_d0g0v0_Byzantium...ok
   - modexp_3_5_100_35000_d0g0v0_Homestead...ok
   - static_callcodecallcall_100_OOGMAfter_2_d0g0v0_EIP150...ok
   - randomStatetest38_d0g0v0_EIP150...ok
   - static_callcodecallcall_100_OOGMAfter_2_d0g0v0_EIP158...ok
   - randomStatetest38_d0g0v0_EIP158...ok
   - CallRecursiveBombLog2_d0g0v0_EIP150...ok
   - modexp_39936_1_55201_35000_d0g0v0_Byzantium...ok
   - static_callcodecallcall_100_OOGMAfter_2_d0g0v0_Frontier...ok
   - randomStatetest38_d0g0v0_Frontier...ok
   - modexp_39936_1_55201_35000_d0g0v0_EIP150...ok
   - CallRecursiveBombLog2_d0g0v0_EIP158...ok
   - randomStatetest38_d0g0v0_Homestead...ok
   - static_callcodecallcall_100_OOGMAfter_2_d0g0v0_Homestead...ok
   - randomStatetest625_d0g0v0_Byzantium...ok
   - modexp_39936_1_55201_35000_d0g0v0_EIP158...ok
   - randomStatetest625_d0g0v0_EIP150...ok
   - CallRecursiveBombLog2_d0g0v0_Frontier...ok
   - randomStatetest625_d0g0v0_EIP158...ok
   - static_refund_CallToSuicideNoStorage_d1g0v0_Byzantium...ok
   - modexp_39936_1_55201_35000_d0g0v0_Frontier...ok
   - static_refund_CallToSuicideNoStorage_d1g0v0_EIP150...ok
   - randomStatetest625_d0g0v0_Frontier...ok
   - modexp_39936_1_55201_35000_d0g0v0_Homestead...ok
   - static_refund_CallToSuicideNoStorage_d1g0v0_EIP158...ok
   - randomStatetest625_d0g0v0_Homestead...ok
   - static_refund_CallToSuicideNoStorage_d1g0v0_Frontier...ok
   - CallRecursiveBombLog2_d0g0v0_Homestead...ok
   - randomStatetest438_d0g0v0_Byzantium...ok
ok
   - static_refund_CallToSuicideNoStorage_d1g0v0_Homestead...   - modexp_0_3_100_1000000_d0g3v0_Byzantium...ok
   - randomStatetest438_d0g0v0_EIP150...ok
ok
   - static_contractCreationMakeCallThatAskMoreGasThenTransactionProvided_d2g0v0_Byzantium...   - CallRecursiveBomb0_d0g0v0_Byzantium...ok
   - modexp_0_3_100_1000000_d0g3v0_EIP150...ok
   - randomStatetest438_d0g0v0_EIP158...ok
   - static_contractCreationMakeCallThatAskMoreGasThenTransactionProvided_d2g0v0_EIP150...ok
   - CallRecursiveBomb0_d0g0v0_EIP150...ok
   - modexp_0_3_100_1000000_d0g3v0_EIP158...ok
   - randomStatetest438_d0g0v0_Frontier...ok
   - static_contractCreationMakeCallThatAskMoreGasThenTransactionProvided_d2g0v0_EIP158...ok
   - CallRecursiveBomb0_d0g0v0_EIP158...ok
   - randomStatetest438_d0g0v0_Homestead...ok
   - modexp_0_3_100_1000000_d0g3v0_Frontier...ok
   - static_contractCreationMakeCallThatAskMoreGasThenTransactionProvided_d2g0v0_Frontier...ok
   - CallRecursiveBomb0_d0g0v0_Frontier...ok
   - randomStatetest604_d0g0v0_Byzantium...ok
   - modexp_0_3_100_1000000_d0g3v0_Homestead...ok
   - static_contractCreationMakeCallThatAskMoreGasThenTransactionProvided_d2g0v0_Homestead...ok
   - randomStatetest604_d0g0v0_EIP150...ok
ok
   - static_callcodecallcodecall_110_OOGE2_d0g0v2_Byzantium...   - modexp_d7g2v0_Byzantium...ok
   - CallRecursiveBomb0_d0g0v0_Homestead...ok
   - randomStatetest604_d0g0v0_EIP158...ok
   - static_callcodecallcodecall_110_OOGE2_d0g0v2_EIP150...ok
   - modexp_d7g2v0_EIP150...ok
   - randomStatetest604_d0g0v0_Frontier...ok
   - static_callcodecallcodecall_110_OOGE2_d0g0v2_EIP158...ok
   - CallToNameRegistratorZeorSizeMemExpansion_d0g0v0_Byzantium...ok
   - modexp_d7g2v0_EIP158...ok
   - randomStatetest604_d0g0v0_Homestead...ok
   - modexp_d7g2v0_Frontier...ok
   - static_callcodecallcodecall_110_OOGE2_d0g0v2_Frontier...ok
   - CallToNameRegistratorZeorSizeMemExpansion_d0g0v0_EIP150...ok
   - modexp_d7g2v0_Homestead...ok
   - randomStatetest559_d0g0v0_Byzantium...ok
ok
   - static_callcodecallcodecall_110_OOGE2_d0g0v2_Homestead...ok
   - CallToNameRegistratorZeorSizeMemExpansion_d0g0v0_EIP158...   - modexp_3_28948_11579_20500_d0g1v0_Byzantium...ok
   - randomStatetest559_d0g0v0_EIP150...ok
   - modexp_3_28948_11579_20500_d0g1v0_EIP150...ok
   - CallToNameRegistratorZeorSizeMemExpansion_d0g0v0_Frontier...ok
   - static_CheckOpcodes5_d1g1v0_Byzantium...ok
   - randomStatetest559_d0g0v0_EIP158...ok
   - static_CheckOpcodes5_d1g1v0_EIP150...ok
   - CallToNameRegistratorZeorSizeMemExpansion_d0g0v0_Homestead...ok
   - modexp_3_28948_11579_20500_d0g1v0_EIP158...ok
   - CallRecursiveBomb3_d0g0v0_Byzantium...ok
   - static_CheckOpcodes5_d1g1v0_EIP158...ok
   - randomStatetest559_d0g0v0_Frontier...ok
   - modexp_3_28948_11579_20500_d0g1v0_Frontier...ok
   - static_CheckOpcodes5_d1g1v0_Frontier...ok
   - CallRecursiveBomb3_d0g0v0_EIP150...ok
   - randomStatetest559_d0g0v0_Homestead...ok
   - modexp_3_28948_11579_20500_d0g1v0_Homestead...ok
   - static_CheckOpcodes5_d1g1v0_Homestead...ok
   - CallRecursiveBomb3_d0g0v0_EIP158...ok
   - randomStatetest296_d0g0v0_Byzantium...ok
ok
   - static_callcodecallcall_ABCB_RECURSIVE2_d0g0v0_Byzantium...ok
   - CallRecursiveBomb3_d0g0v0_Frontier...   - modexp_0_3_100_35000_d0g0v0_Byzantium...ok
   - randomStatetest296_d0g0v0_EIP150...ok
   - modexp_0_3_100_35000_d0g0v0_EIP150...ok
   - static_callcodecallcall_ABCB_RECURSIVE2_d0g0v0_EIP150...ok
   - CallRecursiveBomb3_d0g0v0_Homestead...ok
   - modexp_0_3_100_35000_d0g0v0_EIP158...ok
   - randomStatetest296_d0g0v0_EIP158...ok
   - static_callcodecallcall_ABCB_RECURSIVE2_d0g0v0_EIP158...ok
   - modexp_0_3_100_35000_d0g0v0_Frontier...ok
   - CallToNameRegistratorTooMuchMemory0_d0g0v0_Byzantium...ok
   - static_callcodecallcall_ABCB_RECURSIVE2_d0g0v0_Frontier...ok
   - randomStatetest296_d0g0v0_Frontier...ok
   - CallToNameRegistratorTooMuchMemory0_d0g0v0_EIP150...ok
   - modexp_0_3_100_35000_d0g0v0_Homestead...ok
   - CallToNameRegistratorTooMuchMemory0_d0g0v0_EIP158...ok
   - static_callcodecallcall_ABCB_RECURSIVE2_d0g0v0_Homestead...ok
   - randomStatetest296_d0g0v0_Homestead...ok
   - modexp_0_1_0_1000000_d0g1v0_Byzantium...ok
   - CallToNameRegistratorTooMuchMemory0_d0g0v0_Frontier...ok
   - static_CallEcrecover0_0input_d5g0v0_Byzantium...ok
   - randomStatetest506_d0g0v0_Byzantium...ok
   - modexp_0_1_0_1000000_d0g1v0_EIP150...ok
   - static_CallEcrecover0_0input_d5g0v0_EIP150...ok
   - CallToNameRegistratorTooMuchMemory0_d0g0v0_Homestead...ok
   - randomStatetest506_d0g0v0_EIP150...ok
   - modexp_0_1_0_1000000_d0g1v0_EIP158...ok
   - static_CallEcrecover0_0input_d5g0v0_EIP158...ok
   - modexp_0_1_0_1000000_d0g1v0_Frontier...ok
   - randomStatetest506_d0g0v0_EIP158...ok
   - return1_d0g0v0_Byzantium...ok
   - randomStatetest506_d0g0v0_Frontier...ok
   - modexp_0_1_0_1000000_d0g1v0_Homestead...ok
   - static_CallEcrecover0_0input_d5g0v0_Frontier...ok
   - randomStatetest506_d0g0v0_Homestead...ok
   - return1_d0g0v0_EIP150...ok
ok
   - randomStatetest322_d0g0v0_Byzantium...   - modexp_3_5_100_1000000_d0g0v0_Byzantium...ok
   - static_CallEcrecover0_0input_d5g0v0_Homestead...ok
   - return1_d0g0v0_EIP158...ok
   - modexp_3_5_100_1000000_d0g0v0_EIP150...ok
   - randomStatetest322_d0g0v0_EIP150...ok
   - static_callcodecall_10_SuicideEnd2_d0g0v0_Byzantium...ok
   - return1_d0g0v0_Frontier...ok
   - modexp_3_5_100_1000000_d0g0v0_EIP158...ok
   - randomStatetest322_d0g0v0_EIP158...ok
   - static_callcodecall_10_SuicideEnd2_d0g0v0_EIP150...ok
   - return1_d0g0v0_Homestead...ok
   - modexp_3_5_100_1000000_d0g0v0_Frontier...ok
   - randomStatetest322_d0g0v0_Frontier...ok
   - static_callcodecall_10_SuicideEnd2_d0g0v0_EIP158...ok
   - suicideSendEtherToMe_d0g0v0_Byzantium...ok
   - static_callcodecall_10_SuicideEnd2_d0g0v0_Frontier...ok
   - modexp_3_5_100_1000000_d0g0v0_Homestead...ok
   - randomStatetest322_d0g0v0_Homestead...ok
   - suicideSendEtherToMe_d0g0v0_EIP150...ok
   - static_callcodecall_10_SuicideEnd2_d0g0v0_Homestead...ok
   - modexp_3_09984_39936_155000_d0g3v0_Byzantium...ok
   - suicideSendEtherToMe_d0g0v0_EIP158...ok
   - randomStatetest508_d0g0v0_Byzantium...ok
   - suicideSendEtherToMe_d0g0v0_Frontier...ok
   - static_CallAskMoreGasOnDepth2ThenTransactionHas_d1g0v0_Byzantium...ok
   - modexp_3_09984_39936_155000_d0g3v0_EIP150...ok
   - randomStatetest508_d0g0v0_EIP150...ok
   - modexp_3_09984_39936_155000_d0g3v0_EIP158...ok
   - randomStatetest508_d0g0v0_EIP158...ok
   - suicideSendEtherToMe_d0g0v0_Homestead...ok
   - static_CallAskMoreGasOnDepth2ThenTransactionHas_d1g0v0_EIP150...ok
   - suicideCaller_d0g0v0_Byzantium...ok
   - modexp_3_09984_39936_155000_d0g3v0_Frontier...ok
   - randomStatetest508_d0g0v0_Frontier...ok
   - modexp_3_09984_39936_155000_d0g3v0_Homestead...ok
   - randomStatetest508_d0g0v0_Homestead...ok
ok
   - suicideCaller_d0g0v0_EIP150...   - static_CallAskMoreGasOnDepth2ThenTransactionHas_d1g0v0_EIP158...ok
ok
   - randomStatetest602_d0g0v0_Byzantium...ok
   - static_CallAskMoreGasOnDepth2ThenTransactionHas_d1g0v0_Frontier...ok
   - suicideCaller_d0g0v0_EIP158...   - modexp_55190_55190_42965_20500_d0g2v0_Byzantium...ok
   - suicideCaller_d0g0v0_Frontier...ok
   - static_CallAskMoreGasOnDepth2ThenTransactionHas_d1g0v0_Homestead...ok
   - modexp_55190_55190_42965_20500_d0g2v0_EIP150...ok
   - randomStatetest602_d0g0v0_EIP150...ok
   - modexp_55190_55190_42965_20500_d0g2v0_EIP158...ok
   - suicideCaller_d0g0v0_Homestead...ok
   - static_CallGoesOOGOnSecondLevel2_d0g0v0_Byzantium...ok
   - randomStatetest602_d0g0v0_EIP158...ok
   - modexp_55190_55190_42965_20500_d0g2v0_Frontier...ok
   - static_CallGoesOOGOnSecondLevel2_d0g0v0_EIP150...ok
   - suicideCallerAddresTooBigLeft_d0g0v0_Byzantium...ok
   - randomStatetest602_d0g0v0_Frontier...ok
   - modexp_55190_55190_42965_20500_d0g2v0_Homestead...ok
   - static_CallGoesOOGOnSecondLevel2_d0g0v0_EIP158...ok
   - suicideCallerAddresTooBigLeft_d0g0v0_EIP150...ok
   - static_CallGoesOOGOnSecondLevel2_d0g0v0_Frontier...ok
   - randomStatetest602_d0g0v0_Homestead...ok
   - suicideCallerAddresTooBigLeft_d0g0v0_EIP158...ok
ok
   - static_CallGoesOOGOnSecondLevel2_d0g0v0_Homestead...ok
   - suicideCallerAddresTooBigLeft_d0g0v0_Frontier...   - CallIdentitiy_1_d0g0v0_Byzantium...ok
   - suicideCallerAddresTooBigLeft_d0g0v0_Homestead...ok
ok
   - randomStatetest425_d0g0v0_Byzantium...   - static_callcodecallcall_100_OOGMBefore2_d1g0v1_Byzantium...ok
   - CallIdentitiy_1_d0g0v0_EIP150...ok
   - CallToNameRegistrator0_d0g0v0_Byzantium...ok
   - randomStatetest425_d0g0v0_EIP150...ok
   - static_callcodecallcall_100_OOGMBefore2_d1g0v1_EIP150...ok
   - CallToNameRegistrator0_d0g0v0_EIP150...ok
   - CallIdentitiy_1_d0g0v0_EIP158...ok
   - static_callcodecallcall_100_OOGMBefore2_d1g0v1_EIP158...ok
   - CallToNameRegistrator0_d0g0v0_EIP158...ok
   - static_callcodecallcall_100_OOGMBefore2_d1g0v1_Frontier...ok
   - CallIdentitiy_1_d0g0v0_Frontier...ok
   - randomStatetest425_d0g0v0_EIP158...ok
   - CallIdentitiy_1_d0g0v0_Homestead...ok
   - CallToNameRegistrator0_d0g0v0_Frontier...ok
   - static_callcodecallcall_100_OOGMBefore2_d1g0v1_Homestead...ok
   - randomStatetest425_d0g0v0_Frontier...ok
   - static_callOutput3partial_d0g0v0_Byzantium...ok
   - modexp_37120_37111_0_35000_d0g0v0_Byzantium...ok
   - randomStatetest425_d0g0v0_Homestead...ok
   - static_callOutput3partial_d0g0v0_EIP150...ok
   - CallToNameRegistrator0_d0g0v0_Homestead...ok
ok
   - CreateHashCollision_d0g0v0_Byzantium...   - randomStatetest146_d0g0v0_Byzantium...ok
   - modexp_37120_37111_0_35000_d0g0v0_EIP150...ok
   - static_callOutput3partial_d0g0v0_EIP158...ok
   - static_callOutput3partial_d0g0v0_Frontier...ok
   - CreateHashCollision_d0g0v0_EIP150...ok
   - modexp_37120_37111_0_35000_d0g0v0_EIP158...ok
   - static_callOutput3partial_d0g0v0_Homestead...ok
   - randomStatetest146_d0g0v0_EIP150...ok
   - randomStatetest146_d0g0v0_EIP158...ok
   - CreateHashCollision_d0g0v0_EIP158...ok
   - modexp_37120_37111_0_35000_d0g0v0_Frontier...ok
   - static_CheckOpcodes5_d0g0v1_Byzantium...ok
   - randomStatetest146_d0g0v0_Frontier...ok
   - CreateHashCollision_d0g0v0_Frontier...ok
   - modexp_37120_37111_0_35000_d0g0v0_Homestead...ok
   - static_CheckOpcodes5_d0g0v1_EIP150...ok
   - randomStatetest146_d0g0v0_Homestead...ok
ok
   - CreateHashCollision_d0g0v0_Homestead...   - modexp_49_2401_2401_20500_d0g3v0_Byzantium...ok
   - static_CheckOpcodes5_d0g0v1_EIP158...ok
   - randomStatetest112_d0g0v0_Byzantium...ok
   - CallToReturn1ForDynamicJump1_d0g0v0_Byzantium...ok
   - static_CheckOpcodes5_d0g0v1_Frontier...ok
   - randomStatetest112_d0g0v0_EIP150...ok
   - modexp_49_2401_2401_20500_d0g3v0_EIP150...ok
   - CallToReturn1ForDynamicJump1_d0g0v0_EIP150...ok
   - static_CheckOpcodes5_d0g0v1_Homestead...ok
   - randomStatetest112_d0g0v0_EIP158...ok
   - modexp_49_2401_2401_20500_d0g3v0_EIP158...ok
   - randomStatetest112_d0g0v0_Frontier...ok
ok
   - CallToReturn1ForDynamicJump1_d0g0v0_EIP158...ok
   - modexp_49_2401_2401_20500_d0g3v0_Frontier...ok
   - randomStatetest112_d0g0v0_Homestead...ok
   - CallToReturn1ForDynamicJump1_d0g0v0_Frontier...ok
   - modexp_49_2401_2401_20500_d0g3v0_Homestead...ok
   - randomStatetest12_d0g0v0_Byzantium...ok
   - randomStatetest12_d0g0v0_EIP150...ok
   - CallToReturn1ForDynamicJump1_d0g0v0_Homestead...ok
ok
   - randomStatetest12_d0g0v0_EIP158...   - modexp_1_0_1_20500_d0g3v0_Byzantium...   - static_Call50000bytesContract50_3_d1g0v0_Byzantium...ok
   - ABAcallsSuicide0_d0g0v0_Byzantium...ok
   - randomStatetest12_d0g0v0_Frontier...ok
   - modexp_1_0_1_20500_d0g3v0_EIP150...ok
   - static_Call50000bytesContract50_3_d1g0v0_EIP150...ok
   - ABAcallsSuicide0_d0g0v0_EIP150...ok
   - static_Call50000bytesContract50_3_d1g0v0_EIP158...ok
   - modexp_1_0_1_20500_d0g3v0_EIP158...ok
   - randomStatetest12_d0g0v0_Homestead...ok
   - static_Call50000bytesContract50_3_d1g0v0_Frontier...ok
   - modexp_1_0_1_20500_d0g3v0_Frontier...ok
   - ABAcallsSuicide0_d0g0v0_EIP158...ok
   - randomStatetest565_d0g0v0_Byzantium...ok
   - ABAcallsSuicide0_d0g0v0_Frontier...ok
   - static_Call50000bytesContract50_3_d1g0v0_Homestead...ok
   - randomStatetest565_d0g0v0_EIP150...ok
   - ABAcallsSuicide0_d0g0v0_Homestead...ok
   - modexp_1_0_1_20500_d0g3v0_Homestead...ok
   - callcodeToNameRegistratorAddresTooBigLeft_d0g0v0_Byzantium...ok
ok
   - randomStatetest565_d0g0v0_EIP158...   - static_callcodecallcall_100_SuicideEnd_d0g0v0_Byzantium...ok
   - callcodeToNameRegistratorAddresTooBigLeft_d0g0v0_EIP150...ok
   - modexp_37120_37111_1_35000_d0g0v0_Byzantium...ok
   - randomStatetest565_d0g0v0_Frontier...ok
   - callcodeToNameRegistratorAddresTooBigLeft_d0g0v0_EIP158...ok
   - static_callcodecallcall_100_SuicideEnd_d0g0v0_EIP150...ok
   - modexp_37120_37111_1_35000_d0g0v0_EIP150...ok
   - randomStatetest565_d0g0v0_Homestead...ok
   - static_callcodecallcall_100_SuicideEnd_d0g0v0_EIP158...ok
   - callcodeToNameRegistratorAddresTooBigLeft_d0g0v0_Frontier...ok
   - static_callcodecallcall_100_SuicideEnd_d0g0v0_Frontier...ok
   - callcodeToNameRegistratorAddresTooBigLeft_d0g0v0_Homestead...ok
ok
   - modexp_37120_37111_1_35000_d0g0v0_EIP158...   - randomStatetest370_d0g0v0_Byzantium...ok
   - modexp_37120_37111_1_35000_d0g0v0_Frontier...ok
   - static_callcodecallcall_100_SuicideEnd_d0g0v0_Homestead...ok
   - ABAcalls2_d0g0v0_Byzantium...ok
   - randomStatetest370_d0g0v0_EIP150...ok
   - static_CallEcrecover0_NoGas_d0g0v0_Byzantium...ok
   - modexp_37120_37111_1_35000_d0g0v0_Homestead...ok
   - randomStatetest370_d0g0v0_EIP158...ok
   - static_CallEcrecover0_NoGas_d0g0v0_EIP150...ok
   - ABAcalls2_d0g0v0_EIP150...ok
ok
   - randomStatetest370_d0g0v0_Frontier...ok
   - static_CallEcrecover0_NoGas_d0g0v0_EIP158...   - modexp_37120_37111_97_25000_d0g1v0_Byzantium...ok
   - ABAcalls2_d0g0v0_EIP158...ok
   - modexp_37120_37111_97_25000_d0g1v0_EIP150...ok
   - randomStatetest370_d0g0v0_Homestead...ok
   - static_CallEcrecover0_NoGas_d0g0v0_Frontier...ok
   - randomStatetest327_d0g0v0_Byzantium...ok
   - ABAcalls2_d0g0v0_Frontier...ok
   - modexp_37120_37111_97_25000_d0g1v0_EIP158...ok
   - static_CallEcrecover0_NoGas_d0g0v0_Homestead...ok
   - randomStatetest327_d0g0v0_EIP150...ok
   - modexp_37120_37111_97_25000_d0g1v0_Frontier...ok
   - static_CheckOpcodes4_d0g0v0_Byzantium...ok
   - ABAcalls2_d0g0v0_Homestead...ok
   - randomStatetest327_d0g0v0_EIP158...ok
   - modexp_37120_37111_97_25000_d0g1v0_Homestead...ok
   - static_CheckOpcodes4_d0g0v0_EIP150...ok
   - randomStatetest327_d0g0v0_Frontier...ok
   - static_CheckOpcodes4_d0g0v0_EIP158...ok
ok
ok
   - static_CheckOpcodes4_d0g0v0_Frontier...   - ABAcallsSuicide1_d0g0v0_Byzantium...ok
   - randomStatetest327_d0g0v0_Homestead...   - modexp_3_09984_39936_35000_d0g0v0_Byzantium...ok
   - modexp_3_09984_39936_35000_d0g0v0_EIP150...ok
   - randomStatetest419_d0g0v0_Byzantium...ok
   - ABAcallsSuicide1_d0g0v0_EIP150...ok
   - static_CheckOpcodes4_d0g0v0_Homestead...ok
   - modexp_3_09984_39936_35000_d0g0v0_EIP158...ok
   - static_CheckOpcodes2_d4g1v1_Byzantium...ok
   - randomStatetest419_d0g0v0_EIP150...ok
   - ABAcallsSuicide1_d0g0v0_EIP158...ok
   - modexp_3_09984_39936_35000_d0g0v0_Frontier...ok
   - randomStatetest419_d0g0v0_EIP158...ok
   - static_CheckOpcodes2_d4g1v1_EIP150...ok
ok
   - modexp_3_09984_39936_35000_d0g0v0_Homestead...   - ABAcallsSuicide1_d0g0v0_Frontier...ok
   - randomStatetest419_d0g0v0_Frontier...ok
   - ABAcallsSuicide1_d0g0v0_Homestead...ok
   - static_CheckOpcodes2_d4g1v1_EIP158...ok
ok
   - randomStatetest419_d0g0v0_Homestead...   - modexp_0_1_0_20500_d0g0v0_Byzantium...ok
   - static_CheckOpcodes2_d4g1v1_Frontier...ok
ok
   - modexp_0_1_0_20500_d0g0v0_EIP150...   - createNameRegistratorOutOfMemoryBonds0_d0g0v0_Byzantium...ok
   - static_CheckOpcodes2_d4g1v1_Homestead...ok
   - randomStatetest187_d0g0v0_Byzantium...ok
   - createNameRegistratorOutOfMemoryBonds0_d0g0v0_EIP150...ok
   - modexp_0_1_0_20500_d0g0v0_EIP158...ok
   - createNameRegistratorOutOfMemoryBonds0_d0g0v0_EIP158...ok
   - randomStatetest187_d0g0v0_EIP150...ok
   - static_calldelcode_01_d0g0v0_Byzantium...ok
   - modexp_0_1_0_20500_d0g0v0_Frontier...ok
   - createNameRegistratorOutOfMemoryBonds0_d0g0v0_Frontier...ok
   - static_calldelcode_01_d0g0v0_EIP150...ok
   - randomStatetest187_d0g0v0_EIP158...ok
   - modexp_0_1_0_20500_d0g0v0_Homestead...ok
   - createNameRegistratorOutOfMemoryBonds0_d0g0v0_Homestead...ok
   - randomStatetest187_d0g0v0_Frontier...ok
   - static_calldelcode_01_d0g0v0_EIP158...ok
ok
   - modexp_55190_55190_42965_35000_d0g3v0_Byzantium...ok
   - randomStatetest187_d0g0v0_Homestead...   - return0_d0g0v0_Byzantium...ok
   - randomStatetest90_d0g0v0_Byzantium...ok
   - static_calldelcode_01_d0g0v0_Frontier...ok
   - modexp_55190_55190_42965_35000_d0g3v0_EIP150...ok
   - return0_d0g0v0_EIP150...ok
   - static_calldelcode_01_d0g0v0_Homestead...ok
   - randomStatetest90_d0g0v0_EIP150...ok
   - return0_d0g0v0_EIP158...ok
   - static_ReturnTest_d0g0v0_Byzantium...ok
   - modexp_55190_55190_42965_35000_d0g3v0_EIP158...ok
   - return0_d0g0v0_Frontier...ok
   - randomStatetest90_d0g0v0_EIP158...ok
   - static_ReturnTest_d0g0v0_EIP150...ok
   - return0_d0g0v0_Homestead...ok
   - modexp_55190_55190_42965_35000_d0g3v0_Frontier...ok
   - static_ReturnTest_d0g0v0_EIP158...ok
   - randomStatetest90_d0g0v0_Frontier...ok
   - callcodeToReturn1_d0g0v0_Byzantium...ok
   - modexp_55190_55190_42965_35000_d0g3v0_Homestead...ok
   - modexp_37120_37111_37111_20500_d0g1v0_Byzantium...ok
   - randomStatetest90_d0g0v0_Homestead...ok
   - callcodeToReturn1_d0g0v0_EIP150...ok
   - static_ReturnTest_d0g0v0_Frontier...ok
ok
   - modexp_37120_37111_37111_20500_d0g1v0_EIP150...   - randomStatetest547_d0g0v0_Byzantium...ok
   - static_ReturnTest_d0g0v0_Homestead...ok
   - callcodeToReturn1_d0g0v0_EIP158...ok
   - static_callcodecallcallcode_101_SuicideMiddle2_d0g0v1_Byzantium...ok
   - modexp_37120_37111_37111_20500_d0g1v0_EIP158...ok
   - modexp_37120_37111_37111_20500_d0g1v0_Frontier...ok
   - callcodeToReturn1_d0g0v0_Frontier...ok
   - static_callcodecallcallcode_101_SuicideMiddle2_d0g0v1_EIP150...ok
   - modexp_37120_37111_37111_20500_d0g1v0_Homestead...ok
   - randomStatetest547_d0g0v0_EIP150...ok
   - static_callcodecallcallcode_101_SuicideMiddle2_d0g0v1_EIP158...ok
   - callcodeToReturn1_d0g0v0_Homestead...ok
ok
   - static_callcodecallcallcode_101_SuicideMiddle2_d0g0v1_Frontier...   - CALLCODERipemd160_3_postfixed0_d0g0v0_Byzantium...ok
   - CallRecursiveBomb1_d0g0v0_Byzantium...ok
   - static_callcodecallcallcode_101_SuicideMiddle2_d0g0v1_Homestead...ok
   - CallRecursiveBomb1_d0g0v0_EIP150...ok
   - CALLCODERipemd160_3_postfixed0_d0g0v0_EIP150...ok
   - randomStatetest547_d0g0v0_EIP158...ok
   - static_callcallcode_01_2_d0g0v0_Byzantium...ok
   - CALLCODERipemd160_3_postfixed0_d0g0v0_EIP158...ok
   - CallRecursiveBomb1_d0g0v0_EIP158...ok
   - static_callcallcode_01_2_d0g0v0_EIP150...ok
   - CALLCODERipemd160_3_postfixed0_d0g0v0_Frontier...ok
   - CallRecursiveBomb1_d0g0v0_Frontier...ok
   - static_callcallcode_01_2_d0g0v0_EIP158...ok
   - CALLCODERipemd160_3_postfixed0_d0g0v0_Homestead...ok
ok
   - CallRecursiveBomb1_d0g0v0_Homestead...   - randomStatetest547_d0g0v0_Frontier...ok
   - static_callcallcode_01_2_d0g0v0_Frontier...ok
   - modexp_39936_1_55201_155000_d0g3v0_Byzantium...ok
   - static_callcallcode_01_2_d0g0v0_Homestead...ok
   - modexp_39936_1_55201_155000_d0g3v0_EIP150...ok
   - CallRecursiveBombLog_d0g0v0_Byzantium...ok
   - static_callcodecallcallcode_101_OOGMBefore2_d0g0v1_Byzantium...ok
   - randomStatetest547_d0g0v0_Homestead...ok
   - modexp_39936_1_55201_155000_d0g3v0_EIP158...ok
   - CallRecursiveBombLog_d0g0v0_EIP150...ok
   - modexp_39936_1_55201_155000_d0g3v0_Frontier...ok
   - static_callcodecallcallcode_101_OOGMBefore2_d0g0v1_EIP150...ok
   - static_callcodecallcallcode_101_OOGMBefore2_d0g0v1_EIP158...ok
   - CallRecursiveBombLog_d0g0v0_EIP158...ok
   - modexp_39936_1_55201_155000_d0g3v0_Homestead...ok
   - randomStatetest42_d0g0v0_Byzantium...ok
   - static_callcodecallcallcode_101_OOGMBefore2_d0g0v1_Frontier...ok
ok
   - randomStatetest42_d0g0v0_EIP150...ok
   - CallRecursiveBombLog_d0g0v0_Frontier...   - modexp_9_37111_37111_1000000_d0g2v0_Byzantium...ok
   - static_callcodecallcallcode_101_OOGMBefore2_d0g0v1_Homestead...ok
   - randomStatetest42_d0g0v0_EIP158...ok
   - modexp_9_37111_37111_1000000_d0g2v0_EIP150...ok
   - static_contractCreationMakeCallThatAskMoreGasThenTransactionProvided_d3g0v0_Byzantium...ok
   - static_contractCreationMakeCallThatAskMoreGasThenTransactionProvided_d3g0v0_EIP150...ok
   - randomStatetest42_d0g0v0_Frontier...ok
   - modexp_9_37111_37111_1000000_d0g2v0_EIP158...ok
   - CallRecursiveBombLog_d0g0v0_Homestead...ok
   - randomStatetest42_d0g0v0_Homestead...ok
   - static_contractCreationMakeCallThatAskMoreGasThenTransactionProvided_d3g0v0_EIP158...ok
ok
   - modexp_9_37111_37111_1000000_d0g2v0_Frontier...   - randomStatetest22_d0g0v0_Byzantium...ok
   - static_contractCreationMakeCallThatAskMoreGasThenTransactionProvided_d3g0v0_Frontier...ok
   - randomStatetest22_d0g0v0_EIP150...ok
   - modexp_9_37111_37111_1000000_d0g2v0_Homestead...ok
   - CallToNameRegistratorAddressTooBigLeft_d0g0v0_Byzantium...ok
   - static_contractCreationMakeCallThatAskMoreGasThenTransactionProvided_d3g0v0_Homestead...ok
   - randomStatetest22_d0g0v0_EIP158...ok
ok
   - randomStatetest22_d0g0v0_Frontier...ok
   - static_callcallcodecallcode_011_SuicideEnd_d0g0v0_Byzantium...   - modexp_d30g0v0_Byzantium...ok
   - CallToNameRegistratorAddressTooBigLeft_d0g0v0_EIP150...ok
   - randomStatetest22_d0g0v0_Homestead...ok
ok
   - static_callcallcodecallcode_011_SuicideEnd_d0g0v0_EIP150...   - modexp_d30g0v0_EIP150...ok
   - CallToNameRegistratorAddressTooBigLeft_d0g0v0_EIP158...ok
   - randomStatetest48_d0g0v0_Byzantium...ok
   - static_callcallcodecallcode_011_SuicideEnd_d0g0v0_EIP158...ok
   - modexp_d30g0v0_EIP158...ok
   - CallToNameRegistratorAddressTooBigLeft_d0g0v0_Frontier...ok
   - static_callcallcodecallcode_011_SuicideEnd_d0g0v0_Frontier...ok
   - modexp_d30g0v0_Frontier...ok
   - static_callcallcodecallcode_011_SuicideEnd_d0g0v0_Homestead...ok
   - CallToNameRegistratorAddressTooBigLeft_d0g0v0_Homestead...ok
   - modexp_d30g0v0_Homestead...ok
   - static_callcallcodecall_010_OOGMBefore2_d0g0v0_Byzantium...ok
   - callcodeToNameRegistratorAddresTooBigRight_d0g0v0_Byzantium...ok
   - randomStatetest48_d0g0v0_EIP150...ok
   - callcodeToNameRegistratorAddresTooBigRight_d0g0v0_EIP150...ok
   - modexp_39936_1_55201_22000_d0g2v0_Byzantium...ok
   - static_callcallcodecall_010_OOGMBefore2_d0g0v0_EIP150...ok
   - static_callcallcodecall_010_OOGMBefore2_d0g0v0_EIP158...ok
   - callcodeToNameRegistratorAddresTooBigRight_d0g0v0_EIP158...ok
   - modexp_39936_1_55201_22000_d0g2v0_EIP150...ok
   - callcodeToNameRegistratorAddresTooBigRight_d0g0v0_Frontier...ok
   - static_callcallcodecall_010_OOGMBefore2_d0g0v0_Frontier...ok
   - modexp_39936_1_55201_22000_d0g2v0_EIP158...ok
   - callcodeToNameRegistratorAddresTooBigRight_d0g0v0_Homestead...ok
   - static_callcallcodecall_010_OOGMBefore2_d0g0v0_Homestead...ok
   - modexp_39936_1_55201_22000_d0g2v0_Frontier...ok
   - randomStatetest48_d0g0v0_EIP158...ok
   - CallToNameRegistratorAddressTooBigRight_d0g0v0_Byzantium...ok
   - static_callWithHighValue_d0g0v0_Byzantium...ok
   - static_callWithHighValue_d0g0v0_EIP150...ok
   - modexp_39936_1_55201_22000_d0g2v0_Homestead...ok
   - CallToNameRegistratorAddressTooBigRight_d0g0v0_EIP150...ok
   - CallToNameRegistratorAddressTooBigRight_d0g0v0_EIP158...ok
ok
   - static_callWithHighValue_d0g0v0_EIP158...   - CALLCODESha256_0_d0g0v0_Byzantium...ok
   - CALLCODESha256_0_d0g0v0_EIP150...ok
   - CallToNameRegistratorAddressTooBigRight_d0g0v0_Frontier...ok
   - randomStatetest48_d0g0v0_Frontier...ok
   - static_callWithHighValue_d0g0v0_Frontier...ok
   - CALLCODESha256_0_d0g0v0_EIP158...ok
   - randomStatetest48_d0g0v0_Homestead...ok
   - CallToNameRegistratorAddressTooBigRight_d0g0v0_Homestead...ok
   - static_callWithHighValue_d0g0v0_Homestead...ok
   - CALLCODESha256_0_d0g0v0_Frontier...ok
   - randomStatetest278_d0g0v0_Byzantium...ok
   - CALLCODESha256_0_d0g0v0_Homestead...ok
   - randomStatetest278_d0g0v0_EIP150...ok
   - static_callcallcodecallcode_011_2_d1g0v0_Byzantium...ok
   - CallToNameRegistratorNotMuchMemory0_d0g0v0_Byzantium...ok
   - randomStatetest278_d0g0v0_EIP158...ok
ok
   - static_callcallcodecallcode_011_2_d1g0v0_EIP150...   - modexp_37120_37111_1_20500_d0g3v0_Byzantium...ok
   - static_callcallcodecallcode_011_2_d1g0v0_EIP158...ok
   - CallToNameRegistratorNotMuchMemory0_d0g0v0_EIP150...ok
   - randomStatetest278_d0g0v0_Frontier...ok
   - modexp_37120_37111_1_20500_d0g3v0_EIP150...ok
   - static_callcallcodecallcode_011_2_d1g0v0_Frontier...ok
   - CallToNameRegistratorNotMuchMemory0_d0g0v0_EIP158...ok
   - randomStatetest278_d0g0v0_Homestead...ok
   - modexp_37120_37111_1_20500_d0g3v0_EIP158...ok
   - CallToNameRegistratorNotMuchMemory0_d0g0v0_Frontier...ok
   - randomStatetest23_d0g0v0_Byzantium...ok
   - static_callcallcodecallcode_011_2_d1g0v0_Homestead...ok
   - CallToNameRegistratorNotMuchMemory0_d0g0v0_Homestead...ok
   - modexp_37120_37111_1_20500_d0g3v0_Frontier...ok
   - randomStatetest23_d0g0v0_EIP150...ok
   - createNameRegistratorZeroMem_d0g0v0_Byzantium...ok
   - static_CheckOpcodes5_d3g0v1_Byzantium...ok
   - modexp_37120_37111_1_20500_d0g3v0_Homestead...ok
   - randomStatetest23_d0g0v0_EIP158...ok
   - createNameRegistratorZeroMem_d0g0v0_EIP150...ok
   - static_CheckOpcodes5_d3g0v1_EIP150...ok
ok
   - randomStatetest23_d0g0v0_Frontier...   - modexp_39936_1_55201_22000_d0g0v0_Byzantium...ok
   - createNameRegistratorZeroMem_d0g0v0_EIP158...ok
   - static_CheckOpcodes5_d3g0v1_EIP158...ok
   - createNameRegistratorZeroMem_d0g0v0_Frontier...ok
   - randomStatetest23_d0g0v0_Homestead...ok
   - modexp_39936_1_55201_22000_d0g0v0_EIP150...ok
   - createNameRegistratorZeroMem_d0g0v0_Homestead...ok
   - static_CheckOpcodes5_d3g0v1_Frontier...ok
   - randomStatetest205_d0g0v0_Byzantium...ok
   - CallRecursiveBomb0_OOG_atMaxCallDepth_d0g0v0_Byzantium...ok
   - modexp_39936_1_55201_22000_d0g0v0_EIP158...ok
   - static_CheckOpcodes5_d3g0v1_Homestead...ok
   - modexp_39936_1_55201_22000_d0g0v0_Frontier...ok
   - randomStatetest205_d0g0v0_EIP150...ok
   - CallRecursiveBomb0_OOG_atMaxCallDepth_d0g0v0_EIP150...ok
   - modexp_39936_1_55201_22000_d0g0v0_Homestead...ok
   - static_CheckOpcodes5_d2g1v1_Byzantium...ok
   - randomStatetest205_d0g0v0_EIP158...ok
   - static_CheckOpcodes5_d2g1v1_EIP150...ok
   - CallRecursiveBomb0_OOG_atMaxCallDepth_d0g0v0_EIP158...ok
ok
   - static_CheckOpcodes5_d2g1v1_EIP158...ok
   - randomStatetest205_d0g0v0_Frontier...ok
   - CallRecursiveBomb0_OOG_atMaxCallDepth_d0g0v0_Frontier...ok
   - static_CheckOpcodes5_d2g1v1_Frontier...   - modexp_0_1_0_155000_d0g3v0_Byzantium...ok
   - randomStatetest205_d0g0v0_Homestead...ok
   - modexp_0_1_0_155000_d0g3v0_EIP150...ok
   - static_CheckOpcodes5_d2g1v1_Homestead...ok
   - CallRecursiveBomb0_OOG_atMaxCallDepth_d0g0v0_Homestead...ok
   - static_callCreate2_d0g0v0_Byzantium...ok
   - randomStatetest306_d0g0v0_Byzantium...ok
   - modexp_0_1_0_155000_d0g3v0_EIP158...ok
   - static_callCreate2_d0g0v0_EIP150...ok
   - static_callCreate2_d0g0v0_EIP158...ok
   - suicideCoinbase_d0g0v0_Byzantium...ok
   - modexp_0_1_0_155000_d0g3v0_Frontier...ok
   - static_callCreate2_d0g0v0_Frontier...ok
   - modexp_0_1_0_155000_d0g3v0_Homestead...ok
   - randomStatetest306_d0g0v0_EIP150...ok
   - suicideCoinbase_d0g0v0_EIP150...ok
   - static_callCreate2_d0g0v0_Homestead...ok
   - modexp_39936_1_55201_20500_d0g2v0_Byzantium...ok
   - static_callcodecallcodecall_110_OOGE_d0g0v0_Byzantium...ok
   - modexp_39936_1_55201_20500_d0g2v0_EIP150...ok
   - suicideCoinbase_d0g0v0_EIP158...ok
   - randomStatetest306_d0g0v0_EIP158...ok
   - static_callcodecallcodecall_110_OOGE_d0g0v0_EIP150...ok
   - modexp_39936_1_55201_20500_d0g2v0_EIP158...ok
   - suicideCoinbase_d0g0v0_Frontier...ok
   - static_callcodecallcodecall_110_OOGE_d0g0v0_EIP158...ok
   - modexp_39936_1_55201_20500_d0g2v0_Frontier...ok
   - suicideCoinbase_d0g0v0_Homestead...ok
   - static_callcodecallcodecall_110_OOGE_d0g0v0_Frontier...ok
   - modexp_39936_1_55201_20500_d0g2v0_Homestead...ok
   - randomStatetest306_d0g0v0_Frontier...ok
   - callcodeToNameRegistrator0_d0g0v0_Byzantium...ok
   - randomStatetest306_d0g0v0_Homestead...ok
   - static_callcodecallcodecall_110_OOGE_d0g0v0_Homestead...ok
   - modexp_1_0_0_1000000_d0g1v0_Byzantium...ok
   - callcodeToNameRegistrator0_d0g0v0_EIP150...ok
   - randomStatetest408_d0g0v0_Byzantium...ok
   - static_log0_nonEmptyMem_logMemSize1_logMemStart31_d0g0v0_Byzantium...ok
   - callcodeToNameRegistrator0_d0g0v0_EIP158...ok
   - static_log0_nonEmptyMem_logMemSize1_logMemStart31_d0g0v0_EIP150...ok
   - modexp_1_0_0_1000000_d0g1v0_EIP150...ok
   - randomStatetest408_d0g0v0_EIP150...ok
   - static_log0_nonEmptyMem_logMemSize1_logMemStart31_d0g0v0_EIP158...ok
   - modexp_1_0_0_1000000_d0g1v0_EIP158...ok
   - callcodeToNameRegistrator0_d0g0v0_Frontier...ok
   - static_log0_nonEmptyMem_logMemSize1_logMemStart31_d0g0v0_Frontier...ok
   - modexp_1_0_0_1000000_d0g1v0_Frontier...ok
   - randomStatetest408_d0g0v0_EIP158...ok
   - callcodeToNameRegistrator0_d0g0v0_Homestead...ok
   - randomStatetest408_d0g0v0_Frontier...ok
   - static_log0_nonEmptyMem_logMemSize1_logMemStart31_d0g0v0_Homestead...ok
   - modexp_1_0_0_1000000_d0g1v0_Homestead...ok
   - randomStatetest408_d0g0v0_Homestead...ok
   - CallRecursiveBomb2_d0g0v0_Byzantium...ok
   - randomStatetest229_d0g0v0_Byzantium...ok
   - static_CallEcrecover3_d0g0v0_Byzantium...ok
   - modexp_1_1_1_22000_d0g1v0_Byzantium...ok
   - randomStatetest229_d0g0v0_EIP150...ok
   - randomStatetest229_d0g0v0_EIP158...ok
   - CallRecursiveBomb2_d0g0v0_EIP150...ok
   - modexp_1_1_1_22000_d0g1v0_EIP150...ok
   - static_CallEcrecover3_d0g0v0_EIP150...ok
   - randomStatetest229_d0g0v0_Frontier...ok
   - static_CallEcrecover3_d0g0v0_EIP158...ok
   - CallRecursiveBomb2_d0g0v0_EIP158...ok
   - modexp_1_1_1_22000_d0g1v0_EIP158...ok
   - randomStatetest229_d0g0v0_Homestead...ok
   - static_CallEcrecover3_d0g0v0_Frontier...ok
   - modexp_1_1_1_22000_d0g1v0_Frontier...ok
   - CallRecursiveBomb2_d0g0v0_Frontier...ok
   - randomStatetest185_d0g0v0_Byzantium...ok
   - modexp_1_1_1_22000_d0g1v0_Homestead...ok
   - static_CallEcrecover3_d0g0v0_Homestead...ok
   - static_CallRecursiveBomb1_d0g0v0_Byzantium...ok
ok
   - CallRecursiveBomb2_d0g0v0_Homestead...   - modexp_3_28948_11579_20500_d0g2v0_Byzantium...ok
   - modexp_3_28948_11579_20500_d0g2v0_EIP150...ok
   - static_CallRecursiveBomb1_d0g0v0_EIP150...ok
   - createNameRegistratorZeroMem2_d0g0v0_Byzantium...ok
   - createNameRegistratorZeroMem2_d0g0v0_EIP150...ok
   - static_CallRecursiveBomb1_d0g0v0_EIP158...ok
   - modexp_3_28948_11579_20500_d0g2v0_EIP158...ok
   - static_CallRecursiveBomb1_d0g0v0_Frontier...ok
   - modexp_3_28948_11579_20500_d0g2v0_Frontier...ok
   - createNameRegistratorZeroMem2_d0g0v0_EIP158...ok
   - randomStatetest185_d0g0v0_EIP150...ok
   - static_CallRecursiveBomb1_d0g0v0_Homestead...ok
   - modexp_3_28948_11579_20500_d0g2v0_Homestead...ok
   - createNameRegistratorZeroMem2_d0g0v0_Frontier...ok
   - static_ABAcalls0_d1g0v0_Byzantium...ok
ok
   - createNameRegistratorZeroMem2_d0g0v0_Homestead...   - modexp_d34g2v0_Byzantium...ok
   - static_ABAcalls0_d1g0v0_EIP150...ok
   - ABAcalls0_d0g0v0_Byzantium...ok
   - static_ABAcalls0_d1g0v0_EIP158...ok
   - modexp_d34g2v0_EIP150...ok
   - ABAcalls0_d0g0v0_EIP150...ok
   - modexp_d34g2v0_EIP158...ok
   - static_ABAcalls0_d1g0v0_Frontier...ok
   - static_ABAcalls0_d1g0v0_Homestead...ok
   - randomStatetest185_d0g0v0_EIP158...ok
   - ABAcalls0_d0g0v0_EIP158...ok
   - modexp_d34g2v0_Frontier...ok
   - static_callcodecallcodecall_110_OOGMBefore2_d0g0v0_Byzantium...ok
   - ABAcalls0_d0g0v0_Frontier...ok
   - modexp_d34g2v0_Homestead...ok
   - static_callcodecallcodecall_110_OOGMBefore2_d0g0v0_EIP150...ok
   - ABAcalls0_d0g0v0_Homestead...ok
   - CallRipemd160_3_prefixed0_d0g0v0_Byzantium...ok
   - static_callcodecallcodecall_110_OOGMBefore2_d0g0v0_EIP158...ok
   - currentAccountBalance_d0g0v0_Byzantium...ok
   - CallRipemd160_3_prefixed0_d0g0v0_EIP150...ok
   - currentAccountBalance_d0g0v0_EIP150...ok
   - static_callcodecallcodecall_110_OOGMBefore2_d0g0v0_Frontier...ok
   - CallRipemd160_3_prefixed0_d0g0v0_EIP158...ok
   - currentAccountBalance_d0g0v0_EIP158...ok
   - randomStatetest185_d0g0v0_Frontier...ok
   - static_callcodecallcodecall_110_OOGMBefore2_d0g0v0_Homestead...ok
   - CallRipemd160_3_prefixed0_d0g0v0_Frontier...ok
   - currentAccountBalance_d0g0v0_Frontier...ok
   - static_callcodecall_10_2_d0g0v0_Byzantium...ok
   - CallRipemd160_3_prefixed0_d0g0v0_Homestead...ok
   - currentAccountBalance_d0g0v0_Homestead...ok
ok
   - static_callcodecall_10_2_d0g0v0_EIP150...   - modexp_3_09984_39936_1000000_d0g3v0_Byzantium...ok
   - suicideNotExistingAccount_d0g0v0_Byzantium...ok
   - static_callcodecall_10_2_d0g0v0_EIP158...ok
   - modexp_3_09984_39936_1000000_d0g3v0_EIP150...ok
   - suicideNotExistingAccount_d0g0v0_EIP150...ok
   - static_callcodecall_10_2_d0g0v0_Frontier...ok
   - randomStatetest185_d0g0v0_Homestead...ok
   - modexp_3_09984_39936_1000000_d0g3v0_EIP158...ok
   - suicideNotExistingAccount_d0g0v0_EIP158...ok
   - static_callcodecall_10_2_d0g0v0_Homestead...ok
   - modexp_3_09984_39936_1000000_d0g3v0_Frontier...ok
   - suicideNotExistingAccount_d0g0v0_Frontier...ok
   - modexp_3_09984_39936_1000000_d0g3v0_Homestead...ok
   - static_callcallcodecallcode_011_OOGMAfter_2_d0g0v0_Byzantium...ok
   - suicideNotExistingAccount_d0g0v0_Homestead...ok
ok
   - static_callcallcodecallcode_011_OOGMAfter_2_d0g0v0_EIP150...   - modexp_d34g0v0_Byzantium...ok
   - callerAccountBalance_d0g0v0_Byzantium...ok
ok
   - static_callcallcodecallcode_011_OOGMAfter_2_d0g0v0_EIP158...   - randomStatetest539_d0g0v0_Byzantium...ok
   - modexp_d34g0v0_EIP150...ok
   - callerAccountBalance_d0g0v0_EIP150...ok
   - randomStatetest539_d0g0v0_EIP150...ok
   - static_callcallcodecallcode_011_OOGMAfter_2_d0g0v0_Frontier...ok
   - modexp_d34g0v0_EIP158...ok
   - callerAccountBalance_d0g0v0_EIP158...ok
   - modexp_d34g0v0_Frontier...ok
   - static_callcallcodecallcode_011_OOGMAfter_2_d0g0v0_Homestead...ok
   - randomStatetest539_d0g0v0_EIP158...ok
   - callerAccountBalance_d0g0v0_Frontier...ok
   - modexp_d34g0v0_Homestead...ok
   - static_CheckOpcodes2_d2g0v0_Byzantium...ok
   - randomStatetest539_d0g0v0_Frontier...ok
   - callerAccountBalance_d0g0v0_Homestead...ok
   - static_CheckOpcodes2_d2g0v0_EIP150...ok
ok
   - randomStatetest539_d0g0v0_Homestead...ok
   - suicideSendEtherPostDeath_d0g0v0_Byzantium...   - modexp_0_3_100_20500_d0g0v0_Byzantium...ok
   - randomStatetest232_d0g0v0_Byzantium...ok
   - static_CheckOpcodes2_d2g0v0_EIP158...ok
   - suicideSendEtherPostDeath_d0g0v0_EIP150...ok
   - static_CheckOpcodes2_d2g0v0_Frontier...ok
   - randomStatetest232_d0g0v0_EIP150...ok
   - modexp_0_3_100_20500_d0g0v0_EIP150...ok
   - suicideSendEtherPostDeath_d0g0v0_EIP158...ok
   - modexp_0_3_100_20500_d0g0v0_EIP158...ok
   - static_CheckOpcodes2_d2g0v0_Homestead...ok
   - randomStatetest232_d0g0v0_EIP158...ok
   - suicideSendEtherPostDeath_d0g0v0_Frontier...ok
ok
   - modexp_0_3_100_20500_d0g0v0_Frontier...   - static_callcallcallcode_ABCB_RECURSIVE_d0g0v0_Byzantium...ok
   - randomStatetest232_d0g0v0_Frontier...ok
   - suicideSendEtherPostDeath_d0g0v0_Homestead...ok
   - modexp_0_3_100_20500_d0g0v0_Homestead...ok
   - randomStatetest232_d0g0v0_Homestead...ok
ok
   - static_callcallcallcode_ABCB_RECURSIVE_d0g0v0_EIP150...   - modexp_0_3_100_155000_d0g3v0_Byzantium...ok
   - createNameRegistratorValueTooHigh_d0g0v0_Byzantium...ok
   - randomStatetest502_d0g0v0_Byzantium...ok
   - static_callcallcallcode_ABCB_RECURSIVE_d0g0v0_EIP158...ok
   - createNameRegistratorValueTooHigh_d0g0v0_EIP150...ok
   - modexp_0_3_100_155000_d0g3v0_EIP150...ok
   - createNameRegistratorValueTooHigh_d0g0v0_EIP158...ok
   - randomStatetest502_d0g0v0_EIP150...ok
   - static_callcallcallcode_ABCB_RECURSIVE_d0g0v0_Frontier...ok
   - createNameRegistratorValueTooHigh_d0g0v0_Frontier...ok
   - randomStatetest502_d0g0v0_EIP158...ok
   - modexp_0_3_100_155000_d0g3v0_EIP158...ok
   - createNameRegistratorValueTooHigh_d0g0v0_Homestead...ok
   - static_callcallcallcode_ABCB_RECURSIVE_d0g0v0_Homestead...ok
   - modexp_0_3_100_155000_d0g3v0_Frontier...ok
   - randomStatetest502_d0g0v0_Frontier...ok
ok
   - callValue_d0g0v0_Byzantium...   - static_callcodecallcallcode_101_d0g0v0_Byzantium...ok
   - modexp_0_3_100_155000_d0g3v0_Homestead...ok
   - static_callcodecallcallcode_101_d0g0v0_EIP150...ok
   - randomStatetest502_d0g0v0_Homestead...ok
   - callValue_d0g0v0_EIP150...ok
   - modexp_1_0_0_35000_d0g0v0_Byzantium...ok
   - randomStatetest526_d0g0v0_Byzantium...ok
   - static_callcodecallcallcode_101_d0g0v0_EIP158...ok
   - callValue_d0g0v0_EIP158...ok
   - static_callcodecallcallcode_101_d0g0v0_Frontier...ok
   - modexp_1_0_0_35000_d0g0v0_EIP150...ok
   - randomStatetest526_d0g0v0_EIP150...ok
   - callValue_d0g0v0_Frontier...ok
   - modexp_1_0_0_35000_d0g0v0_EIP158...ok
   - randomStatetest526_d0g0v0_EIP158...ok
   - static_callcodecallcallcode_101_d0g0v0_Homestead...ok
   - callValue_d0g0v0_Homestead...ok
   - modexp_1_0_0_35000_d0g0v0_Frontier...ok
   - static_callcallcodecall_ABCB_RECURSIVE_d0g0v0_Byzantium...ok
   - randomStatetest526_d0g0v0_Frontier...ok
   - CallToNameRegistratorOutOfGas_d0g0v0_Byzantium...ok
   - static_callcallcodecall_ABCB_RECURSIVE_d0g0v0_EIP150...ok
   - randomStatetest526_d0g0v0_Homestead...ok
   - modexp_1_0_0_35000_d0g0v0_Homestead...ok
   - static_callcallcodecall_ABCB_RECURSIVE_d0g0v0_EIP158...ok
   - CallToNameRegistratorOutOfGas_d0g0v0_EIP150...ok
   - modexp_55190_55190_42965_22000_d0g2v0_Byzantium...ok
   - randomStatetest516_d0g0v0_Byzantium...ok
   - CallToNameRegistratorOutOfGas_d0g0v0_EIP158...ok
   - static_callcallcodecall_ABCB_RECURSIVE_d0g0v0_Frontier...ok
   - randomStatetest516_d0g0v0_EIP150...ok
   - static_callcallcodecall_ABCB_RECURSIVE_d0g0v0_Homestead...ok
   - modexp_55190_55190_42965_22000_d0g2v0_EIP150...ok
   - randomStatetest516_d0g0v0_EIP158...ok
   - CallToNameRegistratorOutOfGas_d0g0v0_Frontier...ok
   - static_callWithHighValueAndOOGatTxLevel_d0g0v0_Byzantium...ok
   - CallToNameRegistratorOutOfGas_d0g0v0_Homestead...ok
   - modexp_55190_55190_42965_22000_d0g2v0_EIP158...ok
   - randomStatetest516_d0g0v0_Frontier...ok
   - static_callWithHighValueAndOOGatTxLevel_d0g0v0_EIP150...ok
   - randomStatetest516_d0g0v0_Homestead...ok
   - static_callWithHighValueAndOOGatTxLevel_d0g0v0_EIP158...ok
   - CallToReturn1_d0g0v0_Byzantium...ok
   - modexp_55190_55190_42965_22000_d0g2v0_Frontier...ok
   - CallToReturn1_d0g0v0_EIP150...ok
   - randomStatetest309_d0g0v0_Byzantium...ok
   - static_callWithHighValueAndOOGatTxLevel_d0g0v0_Frontier...ok
   - modexp_55190_55190_42965_22000_d0g2v0_Homestead...ok
   - randomStatetest309_d0g0v0_EIP150...ok
   - CallToReturn1_d0g0v0_EIP158...ok
   - static_callWithHighValueAndOOGatTxLevel_d0g0v0_Homestead...ok
ok
   - CallToReturn1_d0g0v0_Frontier...   - modexp_49_2401_2401_25000_d0g2v0_Byzantium...ok
   - randomStatetest309_d0g0v0_EIP158...ok
   - static_callOutput3_d0g0v0_Byzantium...ok
   - modexp_49_2401_2401_25000_d0g2v0_EIP150...ok
   - static_callOutput3_d0g0v0_EIP150...ok
   - CallToReturn1_d0g0v0_Homestead...ok
   - randomStatetest309_d0g0v0_Frontier...ok
   - modexp_49_2401_2401_25000_d0g2v0_EIP158...ok
   - suicideCallerAddresTooBigRight_d0g0v0_Byzantium...ok
   - static_callOutput3_d0g0v0_EIP158...ok
   - randomStatetest309_d0g0v0_Homestead...ok
   - modexp_49_2401_2401_25000_d0g2v0_Frontier...ok
   - suicideCallerAddresTooBigRight_d0g0v0_EIP150...ok
   - static_callOutput3_d0g0v0_Frontier...ok
   - modexp_49_2401_2401_25000_d0g2v0_Homestead...ok
   - suicideCallerAddresTooBigRight_d0g0v0_EIP158...ok
   - randomStatetest194_d0g0v0_Byzantium...ok
   - static_callOutput3_d0g0v0_Homestead...ok
   - suicideCallerAddresTooBigRight_d0g0v0_Frontier...ok
ok
   - randomStatetest194_d0g0v0_EIP150...   - modexp_55190_55190_42965_25000_d0g3v0_Byzantium...ok
   - static_CheckOpcodes5_d0g1v0_Byzantium...ok
   - suicideCallerAddresTooBigRight_d0g0v0_Homestead...ok
   - modexp_55190_55190_42965_25000_d0g3v0_EIP150...ok
   - randomStatetest194_d0g0v0_EIP158...ok
   - CallToReturn1ForDynamicJump0_d0g0v0_Byzantium...ok
   - modexp_55190_55190_42965_25000_d0g3v0_EIP158...ok
   - static_CheckOpcodes5_d0g1v0_EIP150...ok
   - CallToReturn1ForDynamicJump0_d0g0v0_EIP150...ok
   - randomStatetest194_d0g0v0_Frontier...ok
   - CallToReturn1ForDynamicJump0_d0g0v0_EIP158...ok
   - static_CheckOpcodes5_d0g1v0_EIP158...ok
   - modexp_55190_55190_42965_25000_d0g3v0_Frontier...ok
   - CallToReturn1ForDynamicJump0_d0g0v0_Frontier...ok
ok
   - randomStatetest194_d0g0v0_Homestead...   - CallToReturn1ForDynamicJump0_d0g0v0_Homestead...ok
   - static_CheckOpcodes5_d0g1v0_Frontier...ok
   - modexp_55190_55190_42965_25000_d0g3v0_Homestead...ok
   - randomStatetest228_d0g0v0_Byzantium...ok
   - balanceInputAddressTooBig_d0g0v0_Byzantium...ok
ok
   - static_CheckOpcodes5_d0g1v0_Homestead...ok
   - balanceInputAddressTooBig_d0g0v0_EIP150...ok
   - randomStatetest228_d0g0v0_EIP150...ok
   - static_callcodecallcodecall_ABCB_RECURSIVE_d0g0v0_Byzantium...ok
   - randomStatetest228_d0g0v0_EIP158...ok
   - balanceInputAddressTooBig_d0g0v0_EIP158...ok
   - randomStatetest228_d0g0v0_Frontier...ok
   - static_callcodecallcodecall_ABCB_RECURSIVE_d0g0v0_EIP150...ok
   - balanceInputAddressTooBig_d0g0v0_Frontier...ok
   - randomStatetest228_d0g0v0_Homestead...ok
   - static_callcodecallcodecall_ABCB_RECURSIVE_d0g0v0_EIP158...ok
   - balanceInputAddressTooBig_d0g0v0_Homestead...   - modexp_37120_37111_1_1000000_d0g3v0_Byzantium...ok
   - randomStatetest196_d0g0v0_Byzantium...ok
   - PostToReturn1_d0g0v0_Byzantium...ok
ok
   - static_callcodecallcodecall_ABCB_RECURSIVE_d0g0v0_Frontier...   - modexp_37120_37111_1_1000000_d0g3v0_EIP150...ok
   - randomStatetest196_d0g0v0_EIP150...ok
   - PostToReturn1_d0g0v0_EIP150...ok
   - modexp_37120_37111_1_1000000_d0g3v0_EIP158...ok
   - static_callcodecallcodecall_ABCB_RECURSIVE_d0g0v0_Homestead...ok
   - PostToReturn1_d0g0v0_EIP158...ok
   - modexp_37120_37111_1_1000000_d0g3v0_Frontier...ok
   - randomStatetest196_d0g0v0_EIP158...ok
   - PostToReturn1_d0g0v0_Frontier...ok
   - static_callcodecallcall_100_OOGMAfter_3_d0g0v0_Byzantium...ok
   - modexp_37120_37111_1_1000000_d0g3v0_Homestead...ok
   - randomStatetest196_d0g0v0_Frontier...ok
ok
   - PostToReturn1_d0g0v0_Homestead...ok
   - static_callcodecallcall_100_OOGMAfter_3_d0g0v0_EIP150...   - modexp_1_1_1_22000_d0g0v0_Byzantium...ok
   - randomStatetest196_d0g0v0_Homestead...ok
   - CallToNameRegistratorTooMuchMemory1_d0g0v0_Byzantium...ok
   - static_callcodecallcall_100_OOGMAfter_3_d0g0v0_EIP158...ok
   - modexp_1_1_1_22000_d0g0v0_EIP150...ok
   - randomStatetest514_d0g0v0_Byzantium...ok
   - CallToNameRegistratorTooMuchMemory1_d0g0v0_EIP150...ok
   - static_callcodecallcall_100_OOGMAfter_3_d0g0v0_Frontier...ok
   - modexp_1_1_1_22000_d0g0v0_EIP158...ok
   - randomStatetest514_d0g0v0_EIP150...ok
   - static_callcodecallcall_100_OOGMAfter_3_d0g0v0_Homestead...ok
   - CallToNameRegistratorTooMuchMemory1_d0g0v0_EIP158...ok
   - modexp_1_1_1_22000_d0g0v0_Frontier...ok
   - CallToNameRegistratorTooMuchMemory1_d0g0v0_Frontier...ok
   - modexp_1_1_1_22000_d0g0v0_Homestead...ok
   - static_CallIdentity_4_d0g0v0_Byzantium...ok
   - randomStatetest514_d0g0v0_EIP158...ok
   - randomStatetest514_d0g0v0_Frontier...ok
ok
   - static_CallIdentity_4_d0g0v0_EIP150...ok
   - CallToNameRegistratorTooMuchMemory1_d0g0v0_Homestead...   - CALLCODEEcrecover0_0input_d0g0v0_Byzantium...ok
   - createNameRegistratorOOG_MemExpansionOOV_d0g0v0_Byzantium...ok
   - randomStatetest514_d0g0v0_Homestead...ok
   - static_CallIdentity_4_d0g0v0_EIP158...ok
   - CALLCODEEcrecover0_0input_d0g0v0_EIP150...ok
   - randomStatetest464_d0g0v0_Byzantium...ok
   - createNameRegistratorOOG_MemExpansionOOV_d0g0v0_EIP150...ok
   - static_CallIdentity_4_d0g0v0_Frontier...ok
   - CALLCODEEcrecover0_0input_d0g0v0_EIP158...ok
   - randomStatetest464_d0g0v0_EIP150...ok
   - createNameRegistratorOOG_MemExpansionOOV_d0g0v0_EIP158...ok
   - static_CallIdentity_4_d0g0v0_Homestead...ok
   - createNameRegistratorOOG_MemExpansionOOV_d0g0v0_Frontier...ok
   - CALLCODEEcrecover0_0input_d0g0v0_Frontier...ok
   - randomStatetest464_d0g0v0_EIP158...ok
   - static_RETURN_Bounds_d0g0v0_Byzantium...ok
   - createNameRegistratorOOG_MemExpansionOOV_d0g0v0_Homestead...ok
   - randomStatetest464_d0g0v0_Frontier...ok
   - CALLCODEEcrecover0_0input_d0g0v0_Homestead...ok
   - static_RETURN_Bounds_d0g0v0_EIP150...ok
   - suicideOrigin_d0g0v0_Byzantium...ok
ok
   - randomStatetest464_d0g0v0_Homestead...   - modexp_0_3_100_155000_d0g1v0_Byzantium...ok
   - static_RETURN_Bounds_d0g0v0_EIP158...ok
   - randomStatetest208_d0g0v0_Byzantium...ok
   - suicideOrigin_d0g0v0_EIP150...ok
   - modexp_0_3_100_155000_d0g1v0_EIP150...ok
   - suicideOrigin_d0g0v0_EIP158...ok
   - static_RETURN_Bounds_d0g0v0_Frontier...ok
   - randomStatetest208_d0g0v0_EIP150...ok
   - suicideOrigin_d0g0v0_Frontier...ok
   - static_RETURN_Bounds_d0g0v0_Homestead...ok
   - modexp_0_3_100_155000_d0g1v0_EIP158...ok
   - randomStatetest208_d0g0v0_EIP158...ok
   - suicideOrigin_d0g0v0_Homestead...ok
   - static_Call50000_ecrec_d0g0v0_Byzantium...ok
   - randomStatetest208_d0g0v0_Frontier...ok
   - modexp_0_3_100_155000_d0g1v0_Frontier...ok
   - CallToNameRegistratorNotMuchMemory1_d0g0v0_Byzantium...ok
   - CallToNameRegistratorNotMuchMemory1_d0g0v0_EIP150...ok
   - randomStatetest208_d0g0v0_Homestead...ok
   - modexp_0_3_100_155000_d0g1v0_Homestead...ok
   - CallToNameRegistratorNotMuchMemory1_d0g0v0_EIP158...ok
ok
   - randomStatetest511_d0g0v0_Byzantium...   - modexp_1_1_1_155000_d0g3v0_Byzantium...ok
   - randomStatetest511_d0g0v0_EIP150...ok
   - CallToNameRegistratorNotMuchMemory1_d0g0v0_Frontier...ok
ok
   - modexp_1_1_1_155000_d0g3v0_EIP150...   - randomStatetest511_d0g0v0_EIP158...ok
   - static_Call50000_ecrec_d0g0v0_EIP150...ok
   - randomStatetest511_d0g0v0_Frontier...ok
   - CallToNameRegistratorNotMuchMemory1_d0g0v0_Homestead...ok
   - randomStatetest511_d0g0v0_Homestead...ok
   - static_Call50000_ecrec_d0g0v0_EIP158...ok
   - modexp_1_1_1_155000_d0g3v0_EIP158...ok
   - createNameRegistratorOutOfMemoryBonds1_d0g0v0_Byzantium...ok
   - randomStatetest266_d0g0v0_Byzantium...ok
   - static_Call50000_ecrec_d0g0v0_Frontier...ok
   - modexp_1_1_1_155000_d0g3v0_Frontier...ok
   - createNameRegistratorOutOfMemoryBonds1_d0g0v0_EIP150...ok
   - randomStatetest266_d0g0v0_EIP150...ok
   - static_Call50000_ecrec_d0g0v0_Homestead...ok
   - modexp_1_1_1_155000_d0g3v0_Homestead...ok
   - randomStatetest266_d0g0v0_EIP158...ok
   - createNameRegistratorOutOfMemoryBonds1_d0g0v0_EIP158...ok
   - static_RawCallGasAsk_d1g0v0_Byzantium...ok
   - modexp_1_1_1_1000000_d0g2v0_Byzantium...ok
   - static_RawCallGasAsk_d1g0v0_EIP150...ok
   - randomStatetest266_d0g0v0_Frontier...ok
   - createNameRegistratorOutOfMemoryBonds1_d0g0v0_Frontier...ok
   - modexp_1_1_1_1000000_d0g2v0_EIP150...ok
   - createNameRegistratorOutOfMemoryBonds1_d0g0v0_Homestead...ok
   - static_RawCallGasAsk_d1g0v0_EIP158...ok
   - randomStatetest266_d0g0v0_Homestead...ok
   - modexp_1_1_1_1000000_d0g2v0_EIP158...ok
   - static_RawCallGasAsk_d1g0v0_Frontier...ok
   - testRandomTest_d0g0v0_Byzantium...ok
   - randomStatetest233_d0g0v0_Byzantium...ok
   - modexp_1_1_1_1000000_d0g2v0_Frontier...ok
   - testRandomTest_d0g0v0_EIP150...ok
   - static_RawCallGasAsk_d1g0v0_Homestead...ok
   - randomStatetest233_d0g0v0_EIP150...ok
   - modexp_1_1_1_1000000_d0g2v0_Homestead...ok
   - static_call_OOG_additionalGasCosts1_d0g0v0_Byzantium...ok
   - testRandomTest_d0g0v0_EIP158...ok
   - randomStatetest233_d0g0v0_EIP158...ok
   - testRandomTest_d0g0v0_Frontier...ok
   - CALLCODESha256_3_prefix0_d0g0v0_Byzantium...ok
   - static_call_OOG_additionalGasCosts1_d0g0v0_EIP150...ok
   - CALLCODESha256_3_prefix0_d0g0v0_EIP150...ok
   - static_call_OOG_additionalGasCosts1_d0g0v0_EIP158...ok
   - testRandomTest_d0g0v0_Homestead...ok
   - randomStatetest233_d0g0v0_Frontier...ok
   - CALLCODESha256_3_prefix0_d0g0v0_EIP158...ok
   - randomStatetest233_d0g0v0_Homestead...ok
test json_tests::chain::block_tests::BlockchainTests_GeneralStateTest_stSystemOperationsTest ... ok
   - TransactionToItselfNotEnoughFounds_d0g0v0_Byzantium...ok
   - static_call_OOG_additionalGasCosts1_d0g0v0_Frontier...ok
   - randomStatetest605_d0g0v0_Byzantium...ok
   - CALLCODESha256_3_prefix0_d0g0v0_Frontier...ok
   - randomStatetest605_d0g0v0_EIP150...ok
   - TransactionToItselfNotEnoughFounds_d0g0v0_EIP150...ok
   - randomStatetest605_d0g0v0_EIP158...ok
   - static_call_OOG_additionalGasCosts1_d0g0v0_Homestead...ok
   - randomStatetest605_d0g0v0_Frontier...ok
   - CALLCODESha256_3_prefix0_d0g0v0_Homestead...ok
   - TransactionToItselfNotEnoughFounds_d0g0v0_EIP158...ok
   - randomStatetest605_d0g0v0_Homestead...ok
   - static_CheckOpcodes5_d2g0v1_Byzantium...ok
ok
   - modexp_1_0_0_20500_d0g1v0_Byzantium...   - randomStatetest440_d0g0v0_Byzantium...ok
   - static_CheckOpcodes5_d2g0v1_EIP150...ok
   - TransactionToItselfNotEnoughFounds_d0g0v0_Frontier...ok
   - randomStatetest440_d0g0v0_EIP150...ok
   - randomStatetest440_d0g0v0_EIP158...ok
   - modexp_1_0_0_20500_d0g1v0_EIP150...ok
   - TransactionToItselfNotEnoughFounds_d0g0v0_Homestead...ok
   - static_CheckOpcodes5_d2g0v1_EIP158...ok
   - static_CheckOpcodes5_d2g0v1_Frontier...ok
   - randomStatetest440_d0g0v0_Frontier...ok
   - modexp_1_0_0_20500_d0g1v0_EIP158...ok
   - static_CheckOpcodes5_d2g0v1_Homestead...ok
   - Opcodes_TransactionInit_d76g0v0_Byzantium...ok
   - randomStatetest440_d0g0v0_Homestead...ok
   - modexp_1_0_0_20500_d0g1v0_Frontier...ok
   - static_callcallcallcode_001_SuicideMiddle2_d0g0v0_Byzantium...ok
   - Opcodes_TransactionInit_d76g0v0_EIP150...ok
   - randomStatetest543_d0g0v0_Byzantium...ok
   - modexp_1_0_0_20500_d0g1v0_Homestead...ok
   - Opcodes_TransactionInit_d76g0v0_EIP158...ok
   - randomStatetest543_d0g0v0_EIP150...ok
   - static_callcallcallcode_001_SuicideMiddle2_d0g0v0_EIP150...ok
ok
   - Opcodes_TransactionInit_d76g0v0_Frontier...   - modexp_37120_37111_0_1000000_d0g3v0_Byzantium...ok
   - randomStatetest543_d0g0v0_EIP158...ok
   - static_callcallcallcode_001_SuicideMiddle2_d0g0v0_EIP158...ok
   - Opcodes_TransactionInit_d76g0v0_Homestead...ok
   - randomStatetest543_d0g0v0_Frontier...ok
   - modexp_37120_37111_0_1000000_d0g3v0_EIP150...ok
ok
   - static_callcallcallcode_001_SuicideMiddle2_d0g0v0_Frontier...   - Opcodes_TransactionInit_d16g0v0_Byzantium...ok
   - randomStatetest543_d0g0v0_Homestead...ok
   - modexp_37120_37111_0_1000000_d0g3v0_EIP158...ok
   - modexp_37120_37111_0_1000000_d0g3v0_Frontier...ok
   - Opcodes_TransactionInit_d16g0v0_EIP150...ok
   - static_callcallcallcode_001_SuicideMiddle2_d0g0v0_Homestead...ok
   - Opcodes_TransactionInit_d16g0v0_EIP158...ok
   - randomStatetest413_d0g0v0_Byzantium...ok
   - static_LoopCallsThenRevert_d0g1v0_Byzantium...ok
   - Opcodes_TransactionInit_d16g0v0_Frontier...ok
   - modexp_37120_37111_0_1000000_d0g3v0_Homestead...ok
   - randomStatetest413_d0g0v0_EIP150...ok
   - Opcodes_TransactionInit_d16g0v0_Homestead...ok
   - randomStatetest413_d0g0v0_EIP158...ok
ok
   - modexp_0_3_100_25000_d0g0v0_Byzantium...   - SuicidesAndInternlCallSuicidesSuccess_d1g0v0_Byzantium...ok
   - randomStatetest413_d0g0v0_Frontier...ok
   - static_LoopCallsThenRevert_d0g1v0_EIP150...ok
   - modexp_0_3_100_25000_d0g0v0_EIP150...ok
   - SuicidesAndInternlCallSuicidesSuccess_d1g0v0_EIP150...ok
   - static_LoopCallsThenRevert_d0g1v0_EIP158...ok
   - randomStatetest413_d0g0v0_Homestead...ok
   - modexp_0_3_100_25000_d0g0v0_EIP158...ok
   - static_LoopCallsThenRevert_d0g1v0_Frontier...ok
   - SuicidesAndInternlCallSuicidesSuccess_d1g0v0_EIP158...ok
   - modexp_0_3_100_25000_d0g0v0_Frontier...ok
   - static_LoopCallsThenRevert_d0g1v0_Homestead...ok
   - randomStatetest107_d0g0v0_Byzantium...ok
   - static_callcodecallcodecall_110_2_d0g0v1_Byzantium...ok
   - SuicidesAndInternlCallSuicidesSuccess_d1g0v0_Frontier...ok
   - modexp_0_3_100_25000_d0g0v0_Homestead...ok
   - randomStatetest107_d0g0v0_EIP150...ok
   - static_callcodecallcodecall_110_2_d0g0v1_EIP150...ok
   - SuicidesAndInternlCallSuicidesSuccess_d1g0v0_Homestead...ok
ok
   - static_callcodecallcodecall_110_2_d0g0v1_EIP158...ok
   - randomStatetest107_d0g0v0_EIP158...   - modexp_9_37111_37111_155000_d0g2v0_Byzantium...ok
   - Opcodes_TransactionInit_d14g0v0_Byzantium...ok
   - modexp_9_37111_37111_155000_d0g2v0_EIP150...ok
   - static_callcodecallcodecall_110_2_d0g0v1_Frontier...ok
   - Opcodes_TransactionInit_d14g0v0_EIP150...ok
   - randomStatetest107_d0g0v0_Frontier...ok
   - static_callcodecallcodecall_110_2_d0g0v1_Homestead...ok
   - Opcodes_TransactionInit_d14g0v0_EIP158...ok
   - randomStatetest107_d0g0v0_Homestead...ok
   - modexp_9_37111_37111_155000_d0g2v0_EIP158...ok
   - static_CheckOpcodes2_d1g1v1_Byzantium...ok
   - randomStatetest25_d0g0v0_Byzantium...ok
   - Opcodes_TransactionInit_d14g0v0_Frontier...ok
   - modexp_9_37111_37111_155000_d0g2v0_Frontier...ok
   - static_CheckOpcodes2_d1g1v1_EIP150...ok
   - modexp_9_37111_37111_155000_d0g2v0_Homestead...ok
   - randomStatetest25_d0g0v0_EIP150...ok
   - static_CheckOpcodes2_d1g1v1_EIP158...ok
   - Opcodes_TransactionInit_d14g0v0_Homestead...ok
   - modexp_1_0_1_155000_d0g2v0_Byzantium...ok
   - InternlCallStoreClearsOOG_d0g0v0_Byzantium...ok
   - randomStatetest25_d0g0v0_EIP158...ok
   - static_CheckOpcodes2_d1g1v1_Frontier...ok
   - modexp_1_0_1_155000_d0g2v0_EIP150...ok
   - InternlCallStoreClearsOOG_d0g0v0_EIP150...ok
   - randomStatetest25_d0g0v0_Frontier...ok
   - randomStatetest25_d0g0v0_Homestead...ok
   - static_CheckOpcodes2_d1g1v1_Homestead...ok
   - modexp_1_0_1_155000_d0g2v0_EIP158...ok
   - randomStatetest210_d0g0v0_Byzantium...ok
   - InternlCallStoreClearsOOG_d0g0v0_EIP158...ok
   - modexp_1_0_1_155000_d0g2v0_Frontier...ok
ok
   - InternlCallStoreClearsOOG_d0g0v0_Frontier...   - static_CheckOpcodes5_d1g0v1_Byzantium...ok
   - randomStatetest210_d0g0v0_EIP150...ok
   - modexp_1_0_1_155000_d0g2v0_Homestead...ok
   - randomStatetest210_d0g0v0_EIP158...ok
   - static_CheckOpcodes5_d1g0v1_EIP150...ok
   - InternlCallStoreClearsOOG_d0g0v0_Homestead...ok
ok
   - randomStatetest210_d0g0v0_Frontier...ok
   - static_CheckOpcodes5_d1g0v1_EIP158...   - CALLCODEEcrecover2_d0g0v0_Byzantium...ok
   - static_CheckOpcodes5_d1g0v1_Frontier...ok
   - HighGasLimit_d0g0v0_Byzantium...ok
ok
   - CALLCODEEcrecover2_d0g0v0_EIP150...   - randomStatetest210_d0g0v0_Homestead...ok
   - static_CheckOpcodes5_d1g0v1_Homestead...ok
   - HighGasLimit_d0g0v0_EIP150...ok
   - randomStatetest60_d0g0v0_Byzantium...ok
   - CALLCODEEcrecover2_d0g0v0_EIP158...ok
   - HighGasLimit_d0g0v0_EIP158...ok
   - static_CallEcrecover0_overlappingInputOutput_d0g0v0_Byzantium...ok
   - randomStatetest60_d0g0v0_EIP150...ok
   - CALLCODEEcrecover2_d0g0v0_Frontier...ok
   - randomStatetest60_d0g0v0_EIP158...ok
   - HighGasLimit_d0g0v0_Frontier...ok
   - static_CallEcrecover0_overlappingInputOutput_d0g0v0_EIP150...ok
   - CALLCODEEcrecover2_d0g0v0_Homestead...ok
   - randomStatetest60_d0g0v0_Frontier...ok
   - HighGasLimit_d0g0v0_Homestead...ok
   - randomStatetest60_d0g0v0_Homestead...ok
   - static_CallEcrecover0_overlappingInputOutput_d0g0v0_EIP158...ok
   - modexp_d31g2v0_Byzantium...ok
   - Opcodes_TransactionInit_d99g0v0_Byzantium...ok
   - randomStatetest58_d0g0v0_Byzantium...ok
   - Opcodes_TransactionInit_d99g0v0_EIP150...ok
   - static_CallEcrecover0_overlappingInputOutput_d0g0v0_Frontier...ok
   - randomStatetest58_d0g0v0_EIP150...ok
   - modexp_d31g2v0_EIP150...ok
   - Opcodes_TransactionInit_d99g0v0_EIP158...ok
   - static_CallEcrecover0_overlappingInputOutput_d0g0v0_Homestead...ok
   - modexp_d31g2v0_EIP158...ok
   - randomStatetest58_d0g0v0_EIP158...ok
   - Opcodes_TransactionInit_d99g0v0_Frontier...ok
   - randomStatetest58_d0g0v0_Frontier...ok
   - Opcodes_TransactionInit_d99g0v0_Homestead...ok
   - static_CallEcrecover0_d0g0v0_Byzantium...ok
   - randomStatetest58_d0g0v0_Homestead...ok
   - modexp_d31g2v0_Frontier...ok
   - CreateMessageReverted_d0g0v0_Byzantium...ok
   - CreateMessageReverted_d0g0v0_EIP150...ok
   - modexp_d31g2v0_Homestead...ok
   - static_CallEcrecover0_d0g0v0_EIP150...ok
   - randomStatetest626_d0g0v0_Byzantium...ok
ok
   - CreateMessageReverted_d0g0v0_EIP158...ok
   - randomStatetest626_d0g0v0_EIP150...   - modexp_3_5_100_20500_d0g1v0_Byzantium...ok
   - static_CallEcrecover0_d0g0v0_EIP158...ok
   - static_CallEcrecover0_d0g0v0_Frontier...ok
   - randomStatetest626_d0g0v0_EIP158...ok
   - modexp_3_5_100_20500_d0g1v0_EIP150...ok
   - CreateMessageReverted_d0g0v0_Frontier...ok
   - static_CallEcrecover0_d0g0v0_Homestead...ok
   - randomStatetest626_d0g0v0_Frontier...ok
   - modexp_3_5_100_20500_d0g1v0_EIP158...ok
   - CreateMessageReverted_d0g0v0_Homestead...ok
   - randomStatetest626_d0g0v0_Homestead...ok
   - modexp_3_5_100_20500_d0g1v0_Frontier...ok
   - static_callcall_00_OOGE_1_d0g0v0_Byzantium...ok
   - randomStatetest51_d0g0v0_Byzantium...ok
ok
   - static_callcall_00_OOGE_1_d0g0v0_EIP150...   - Opcodes_TransactionInit_d116g0v0_Byzantium...ok
   - randomStatetest51_d0g0v0_EIP150...ok
   - modexp_3_5_100_20500_d0g1v0_Homestead...ok
   - static_callcall_00_OOGE_1_d0g0v0_EIP158...ok
   - randomStatetest51_d0g0v0_EIP158...ok
   - randomStatetest51_d0g0v0_Frontier...ok
   - Opcodes_TransactionInit_d116g0v0_EIP150...ok
   - static_callcall_00_OOGE_1_d0g0v0_Frontier...ok
   - modexp_0_0_0_20500_d0g2v0_Byzantium...ok
   - Opcodes_TransactionInit_d116g0v0_EIP158...ok
   - static_callcall_00_OOGE_1_d0g0v0_Homestead...ok
   - modexp_0_0_0_20500_d0g2v0_EIP150...ok
   - randomStatetest51_d0g0v0_Homestead...ok
   - Opcodes_TransactionInit_d116g0v0_Frontier...ok
   - modexp_0_0_0_20500_d0g2v0_EIP158...ok
ok
   - Opcodes_TransactionInit_d116g0v0_Homestead...   - static_Call50000_ecrec_d1g0v0_Byzantium...ok
ok
   - modexp_0_0_0_20500_d0g2v0_Frontier...   - randomStatetest443_d0g0v0_Byzantium...ok
   - EmptyTransaction_d0g0v0_Byzantium...ok
   - modexp_0_0_0_20500_d0g2v0_Homestead...ok
   - randomStatetest443_d0g0v0_EIP150...ok
   - EmptyTransaction_d0g0v0_EIP150...ok
ok
   - randomStatetest443_d0g0v0_EIP158...   - modexp_d23g1v0_Byzantium...ok
   - EmptyTransaction_d0g0v0_EIP158...ok
   - randomStatetest443_d0g0v0_Frontier...ok
   - EmptyTransaction_d0g0v0_Frontier...ok
   - modexp_d23g1v0_EIP150...ok
   - EmptyTransaction_d0g0v0_Homestead...ok
   - randomStatetest443_d0g0v0_Homestead...ok
   - randomStatetest601_d0g0v0_Byzantium...ok
   - Opcodes_TransactionInit_d127g0v0_Byzantium...ok
   - randomStatetest601_d0g0v0_EIP150...ok
   - modexp_d23g1v0_EIP158...ok
   - randomStatetest601_d0g0v0_EIP158...ok
   - Opcodes_TransactionInit_d127g0v0_EIP150...ok
   - modexp_d23g1v0_Frontier...ok
   - randomStatetest601_d0g0v0_Frontier...ok
   - Opcodes_TransactionInit_d127g0v0_EIP158...ok
   - randomStatetest601_d0g0v0_Homestead...ok
   - Opcodes_TransactionInit_d127g0v0_Frontier...ok
   - modexp_d23g1v0_Homestead...ok
   - Opcodes_TransactionInit_d127g0v0_Homestead...ok
ok
   - randomStatetest105_d0g0v0_Byzantium...ok
   - Opcodes_TransactionInit_d63g0v0_Byzantium...   - modexp_39936_1_55201_35000_d0g1v0_Byzantium...ok
   - Opcodes_TransactionInit_d63g0v0_EIP150...ok
   - modexp_39936_1_55201_35000_d0g1v0_EIP150...ok
   - randomStatetest105_d0g0v0_EIP150...ok
   - Opcodes_TransactionInit_d63g0v0_EIP158...ok
   - modexp_39936_1_55201_35000_d0g1v0_EIP158...ok
   - static_Call50000_ecrec_d1g0v0_EIP150...ok
   - randomStatetest105_d0g0v0_EIP158...ok
   - Opcodes_TransactionInit_d63g0v0_Frontier...ok
   - modexp_39936_1_55201_35000_d0g1v0_Frontier...ok
   - randomStatetest105_d0g0v0_Frontier...ok
   - static_Call50000_ecrec_d1g0v0_EIP158...ok
   - Opcodes_TransactionInit_d63g0v0_Homestead...ok
   - randomStatetest105_d0g0v0_Homestead...ok
   - modexp_39936_1_55201_35000_d0g1v0_Homestead...ok
   - static_Call50000_ecrec_d1g0v0_Frontier...ok
   - Opcodes_TransactionInit_d5g0v0_Byzantium...ok
ok
   - randomStatetest270_d0g0v0_Byzantium...ok
   - Opcodes_TransactionInit_d5g0v0_EIP150...   - modexp_d18g3v0_Byzantium...ok
   - static_Call50000_ecrec_d1g0v0_Homestead...ok
   - randomStatetest270_d0g0v0_EIP150...ok
   - Opcodes_TransactionInit_d5g0v0_EIP158...ok
   - modexp_d18g3v0_EIP150...ok
   - Opcodes_TransactionInit_d5g0v0_Frontier...ok
   - static_CallContractToCreateContractOOGBonusGas_d0g1v0_Byzantium...ok
   - randomStatetest270_d0g0v0_EIP158...ok
   - Opcodes_TransactionInit_d5g0v0_Homestead...ok
   - modexp_d18g3v0_EIP158...ok
   - StoreClearsAndInternlCallStoreClearsSuccess_d0g0v0_Byzantium...ok
   - static_CallContractToCreateContractOOGBonusGas_d0g1v0_EIP150...ok
   - randomStatetest270_d0g0v0_Frontier...ok
   - static_CallContractToCreateContractOOGBonusGas_d0g1v0_EIP158...ok
   - StoreClearsAndInternlCallStoreClearsSuccess_d0g0v0_EIP150...ok
   - modexp_d18g3v0_Frontier...ok
   - randomStatetest270_d0g0v0_Homestead...ok
   - static_CallContractToCreateContractOOGBonusGas_d0g1v0_Frontier...ok
   - StoreClearsAndInternlCallStoreClearsSuccess_d0g0v0_EIP158...ok
   - modexp_d18g3v0_Homestead...ok
   - StoreClearsAndInternlCallStoreClearsSuccess_d0g0v0_Frontier...ok
   - static_CallContractToCreateContractOOGBonusGas_d0g1v0_Homestead...ok
   - randomStatetest437_d0g0v0_Byzantium...ok
   - modexp_1_0_0_25000_d0g1v0_Byzantium...ok
   - static_ABAcalls2_d0g0v0_Byzantium...ok
   - randomStatetest437_d0g0v0_EIP150...ok
   - StoreClearsAndInternlCallStoreClearsSuccess_d0g0v0_Homestead...ok
   - static_ABAcalls2_d0g0v0_EIP150...ok
   - modexp_1_0_0_25000_d0g1v0_EIP150...ok
   - randomStatetest437_d0g0v0_EIP158...ok
   - static_ABAcalls2_d0g0v0_EIP158...ok
   - modexp_1_0_0_25000_d0g1v0_EIP158...ok
   - Opcodes_TransactionInit_d105g0v0_Byzantium...ok
   - randomStatetest437_d0g0v0_Frontier...ok
   - static_ABAcalls2_d0g0v0_Frontier...ok
   - modexp_1_0_0_25000_d0g1v0_Frontier...ok
   - Opcodes_TransactionInit_d105g0v0_EIP150...ok
   - static_ABAcalls2_d0g0v0_Homestead...ok
   - randomStatetest437_d0g0v0_Homestead...ok
   - modexp_1_0_0_25000_d0g1v0_Homestead...ok
   - Opcodes_TransactionInit_d105g0v0_EIP158...ok
   - static_callcodecallcallcode_ABCB_RECURSIVE2_d1g0v0_Byzantium...ok
   - randomStatetest361_d0g0v0_Byzantium...ok
ok
   - Opcodes_TransactionInit_d105g0v0_Frontier...   - modexp_1_0_0_20500_d0g0v0_Byzantium...ok
   - static_callcodecallcallcode_ABCB_RECURSIVE2_d1g0v0_EIP150...ok
   - Opcodes_TransactionInit_d105g0v0_Homestead...ok
   - modexp_1_0_0_20500_d0g0v0_EIP150...ok
   - randomStatetest361_d0g0v0_EIP150...ok
   - static_callcodecallcallcode_ABCB_RECURSIVE2_d1g0v0_EIP158...ok
   - OverflowGasRequire_d0g0v0_Byzantium...ok
   - modexp_1_0_0_20500_d0g0v0_EIP158...ok
   - randomStatetest361_d0g0v0_EIP158...ok
   - static_callcodecallcallcode_ABCB_RECURSIVE2_d1g0v0_Frontier...ok
   - modexp_1_0_0_20500_d0g0v0_Frontier...ok
   - randomStatetest361_d0g0v0_Frontier...ok
   - OverflowGasRequire_d0g0v0_EIP150...ok
   - randomStatetest361_d0g0v0_Homestead...ok
   - static_callcodecallcallcode_ABCB_RECURSIVE2_d1g0v0_Homestead...ok
   - OverflowGasRequire_d0g0v0_EIP158...ok
   - modexp_1_0_0_20500_d0g0v0_Homestead...ok
   - static_RevertOpcodeCalls_d0g1v0_Byzantium...ok
   - randomStatetest308_d0g0v0_Byzantium...ok
   - OverflowGasRequire_d0g0v0_Frontier...ok
   - static_RevertOpcodeCalls_d0g1v0_EIP150...ok
   - randomStatetest308_d0g0v0_EIP150...ok
   - modexp_1_0_0_22000_d0g2v0_Byzantium...ok
   - OverflowGasRequire_d0g0v0_Homestead...ok
   - randomStatetest308_d0g0v0_EIP158...ok
   - modexp_1_0_0_22000_d0g2v0_EIP150...ok
   - static_RevertOpcodeCalls_d0g1v0_EIP158...ok
   - Opcodes_TransactionInit_d25g0v0_Byzantium...ok
   - modexp_1_0_0_22000_d0g2v0_EIP158...ok
   - randomStatetest308_d0g0v0_Frontier...ok
   - static_RevertOpcodeCalls_d0g1v0_Frontier...ok
   - randomStatetest308_d0g0v0_Homestead...ok
   - modexp_1_0_0_22000_d0g2v0_Frontier...ok
   - Opcodes_TransactionInit_d25g0v0_EIP150...ok
   - static_RevertOpcodeCalls_d0g1v0_Homestead...ok
   - static_Call1024BalanceTooLow2_d1g0v0_Byzantium...ok
ok
   - modexp_1_0_0_22000_d0g2v0_Homestead...   - randomStatetest55_d0g0v0_Byzantium...ok
   - Opcodes_TransactionInit_d25g0v0_EIP158...ok
   - modexp_9_37111_37111_155000_d0g3v0_Byzantium...ok
   - randomStatetest55_d0g0v0_EIP150...ok
   - static_Call1024BalanceTooLow2_d1g0v0_EIP150...ok
   - modexp_9_37111_37111_155000_d0g3v0_EIP150...ok
   - Opcodes_TransactionInit_d25g0v0_Frontier...ok
   - static_Call1024BalanceTooLow2_d1g0v0_EIP158...ok
   - static_Call1024BalanceTooLow2_d1g0v0_Frontier...ok
   - randomStatetest55_d0g0v0_EIP158...ok
   - modexp_9_37111_37111_155000_d0g3v0_EIP158...ok
   - Opcodes_TransactionInit_d25g0v0_Homestead...ok
   - modexp_9_37111_37111_155000_d0g3v0_Frontier...ok
   - randomStatetest55_d0g0v0_Frontier...ok
   - Opcodes_TransactionInit_d83g0v0_Byzantium...ok
   - static_Call1024BalanceTooLow2_d1g0v0_Homestead...ok
   - modexp_9_37111_37111_155000_d0g3v0_Homestead...ok
   - static_callCreate_d2g0v0_Byzantium...ok
   - randomStatetest55_d0g0v0_Homestead...ok
   - Opcodes_TransactionInit_d83g0v0_EIP150...ok
   - randomStatetest338_d0g0v0_Byzantium...ok
   - Opcodes_TransactionInit_d83g0v0_EIP158...ok
   - CallEcrecover0_0input_d0g0v0_Byzantium...ok
   - static_callCreate_d2g0v0_EIP150...ok
   - Opcodes_TransactionInit_d83g0v0_Frontier...ok
   - randomStatetest338_d0g0v0_EIP150...ok
   - CallEcrecover0_0input_d0g0v0_EIP150...ok
   - static_callCreate_d2g0v0_EIP158...ok
   - randomStatetest338_d0g0v0_EIP158...ok
   - Opcodes_TransactionInit_d83g0v0_Homestead...ok
   - CallEcrecover0_0input_d0g0v0_EIP158...ok
   - static_callCreate_d2g0v0_Frontier...ok
   - Opcodes_TransactionInit_d109g0v0_Byzantium...ok
   - randomStatetest338_d0g0v0_Frontier...ok
   - Opcodes_TransactionInit_d109g0v0_EIP150...ok
   - static_callCreate_d2g0v0_Homestead...ok
   - CallEcrecover0_0input_d0g0v0_Frontier...ok
   - Opcodes_TransactionInit_d109g0v0_EIP158...ok
   - randomStatetest338_d0g0v0_Homestead...ok
ok
   - CallEcrecover0_0input_d0g0v0_Homestead...ok
   - Opcodes_TransactionInit_d109g0v0_Frontier...ok
   - randomStatetest607_d0g0v0_Byzantium...ok
   - Opcodes_TransactionInit_d109g0v0_Homestead...ok
   - randomStatetest607_d0g0v0_EIP150...ok
   - modexp_37120_37111_97_20500_d0g2v0_Byzantium...   - static_Call50000bytesContract50_2_d1g0v0_Byzantium...ok
   - Opcodes_TransactionInit_d126g0v0_Byzantium...ok
   - randomStatetest607_d0g0v0_EIP158...ok
   - modexp_37120_37111_97_20500_d0g2v0_EIP150...ok
   - Opcodes_TransactionInit_d126g0v0_EIP150...ok
   - randomStatetest607_d0g0v0_Frontier...ok
   - modexp_37120_37111_97_20500_d0g2v0_EIP158...ok
   - Opcodes_TransactionInit_d126g0v0_EIP158...ok
   - randomStatetest607_d0g0v0_Homestead...ok
   - Opcodes_TransactionInit_d126g0v0_Frontier...ok
   - randomStatetest385_d0g0v0_Byzantium...ok
   - modexp_37120_37111_97_20500_d0g2v0_Frontier...ok
   - Opcodes_TransactionInit_d126g0v0_Homestead...ok
   - Opcodes_TransactionInit_d107g0v0_Byzantium...ok
   - randomStatetest385_d0g0v0_EIP150...ok
   - static_Call50000bytesContract50_2_d1g0v0_EIP150...ok
   - modexp_37120_37111_97_20500_d0g2v0_Homestead...ok
   - Opcodes_TransactionInit_d107g0v0_EIP150...ok
   - randomStatetest385_d0g0v0_EIP158...ok
ok
   - Opcodes_TransactionInit_d107g0v0_EIP158...ok
   - static_Call50000bytesContract50_2_d1g0v0_EIP158...   - modexp_37120_37111_1_1000000_d0g0v0_Byzantium...ok
   - static_Call50000bytesContract50_2_d1g0v0_Frontier...ok
   - Opcodes_TransactionInit_d107g0v0_Frontier...ok
   - modexp_37120_37111_1_1000000_d0g0v0_EIP150...ok
   - randomStatetest385_d0g0v0_Frontier...ok
   - static_Call50000bytesContract50_2_d1g0v0_Homestead...ok
   - modexp_37120_37111_1_1000000_d0g0v0_EIP158...ok
   - Opcodes_TransactionInit_d107g0v0_Homestead...ok
   - randomStatetest385_d0g0v0_Homestead...ok
   - static_callcodecallcall_100_OOGE2_d0g0v0_Byzantium...ok
   - modexp_37120_37111_1_1000000_d0g0v0_Frontier...ok
   - SuicidesAndInternlCallSuicidesBonusGasAtCallFailed_d0g0v0_Byzantium...ok
   - randomStatetest242_d0g0v0_Byzantium...ok
   - static_callcodecallcall_100_OOGE2_d0g0v0_EIP150...ok
   - modexp_37120_37111_1_1000000_d0g0v0_Homestead...ok
   - SuicidesAndInternlCallSuicidesBonusGasAtCallFailed_d0g0v0_EIP150...ok
   - randomStatetest242_d0g0v0_EIP150...ok
   - static_callcodecallcall_100_OOGE2_d0g0v0_EIP158...ok
ok
   - SuicidesAndInternlCallSuicidesBonusGasAtCallFailed_d0g0v0_EIP158...   - modexp_37120_37111_37111_22000_d0g3v0_Byzantium...ok
   - randomStatetest242_d0g0v0_EIP158...ok
   - static_callcodecallcall_100_OOGE2_d0g0v0_Frontier...ok
   - SuicidesAndInternlCallSuicidesBonusGasAtCallFailed_d0g0v0_Frontier...ok
   - modexp_37120_37111_37111_22000_d0g3v0_EIP150...ok
   - randomStatetest242_d0g0v0_Frontier...ok
   - static_callcodecallcall_100_OOGE2_d0g0v0_Homestead...ok
   - modexp_37120_37111_37111_22000_d0g3v0_EIP158...ok
   - SuicidesAndInternlCallSuicidesBonusGasAtCallFailed_d0g0v0_Homestead...ok
   - modexp_37120_37111_37111_22000_d0g3v0_Frontier...ok
   - static_callcodecallcall_100_OOGMAfter2_d0g0v1_Byzantium...ok
   - randomStatetest242_d0g0v0_Homestead...ok
   - modexp_37120_37111_37111_22000_d0g3v0_Homestead...ok
   - Opcodes_TransactionInit_d19g0v0_Byzantium...ok
   - static_callcodecallcall_100_OOGMAfter2_d0g0v1_EIP150...ok
   - randomStatetest342_d0g0v0_Byzantium...ok
   - CALLCODEIdentitiy_1_d0g0v0_Byzantium...ok
   - CALLCODEIdentitiy_1_d0g0v0_EIP150...ok
   - static_callcodecallcall_100_OOGMAfter2_d0g0v1_EIP158...ok
   - randomStatetest342_d0g0v0_EIP150...ok
   - Opcodes_TransactionInit_d19g0v0_EIP150...ok
   - static_callcodecallcall_100_OOGMAfter2_d0g0v1_Frontier...ok
   - CALLCODEIdentitiy_1_d0g0v0_EIP158...ok
   - Opcodes_TransactionInit_d19g0v0_EIP158...ok
   - randomStatetest342_d0g0v0_EIP158...ok
   - CALLCODEIdentitiy_1_d0g0v0_Frontier...ok
   - static_callcodecallcall_100_OOGMAfter2_d0g0v1_Homestead...ok
   - randomStatetest342_d0g0v0_Frontier...ok
   - Opcodes_TransactionInit_d19g0v0_Frontier...ok
   - CALLCODEIdentitiy_1_d0g0v0_Homestead...ok
   - randomStatetest342_d0g0v0_Homestead...ok
   - static_CallEcrecover0_0input_d2g0v0_Byzantium...ok
   - Opcodes_TransactionInit_d19g0v0_Homestead...ok
   - modexp_37120_37111_1_20500_d0g0v0_Byzantium...ok
   - static_CallEcrecover0_0input_d2g0v0_EIP150...ok
   - randomStatetest254_d0g0v0_Byzantium...ok
   - modexp_37120_37111_1_20500_d0g0v0_EIP150...ok
   - TransactionNonceCheck2_d0g0v0_Byzantium...ok
   - static_CallEcrecover0_0input_d2g0v0_EIP158...ok
   - randomStatetest254_d0g0v0_EIP150...ok
   - TransactionNonceCheck2_d0g0v0_EIP150...ok
   - static_CallEcrecover0_0input_d2g0v0_Frontier...ok
   - modexp_37120_37111_1_20500_d0g0v0_EIP158...ok
   - randomStatetest254_d0g0v0_EIP158...ok
   - TransactionNonceCheck2_d0g0v0_EIP158...ok
   - modexp_37120_37111_1_20500_d0g0v0_Frontier...ok
   - static_CallEcrecover0_0input_d2g0v0_Homestead...ok
   - randomStatetest254_d0g0v0_Frontier...ok
   - TransactionNonceCheck2_d0g0v0_Frontier...ok
   - modexp_37120_37111_1_20500_d0g0v0_Homestead...ok
   - static_callcodecallcodecall_110_OOGMAfter_3_d0g0v0_Byzantium...ok
   - randomStatetest254_d0g0v0_Homestead...ok
   - TransactionNonceCheck2_d0g0v0_Homestead...ok
ok
   - static_callcodecallcodecall_110_OOGMAfter_3_d0g0v0_EIP150...ok
   - randomStatetest15_d0g0v0_Byzantium...   - modexp_9_37111_37111_155000_d0g0v0_Byzantium...ok
   - Opcodes_TransactionInit_d78g0v0_Byzantium...ok
   - static_callcodecallcodecall_110_OOGMAfter_3_d0g0v0_EIP158...ok
   - Opcodes_TransactionInit_d78g0v0_EIP150...ok
   - static_callcodecallcodecall_110_OOGMAfter_3_d0g0v0_Frontier...ok
   - randomStatetest15_d0g0v0_EIP150...ok
   - Opcodes_TransactionInit_d78g0v0_EIP158...ok
   - modexp_9_37111_37111_155000_d0g0v0_EIP150...ok
   - randomStatetest15_d0g0v0_EIP158...ok
   - Opcodes_TransactionInit_d78g0v0_Frontier...ok
   - static_callcodecallcodecall_110_OOGMAfter_3_d0g0v0_Homestead...ok
   - Opcodes_TransactionInit_d78g0v0_Homestead...ok
   - randomStatetest15_d0g0v0_Frontier...ok
   - modexp_9_37111_37111_155000_d0g0v0_EIP158...ok
   - static_callcodecallcodecallcode_111_SuicideEnd_d0g0v0_Byzantium...ok
   - Opcodes_TransactionInit_d65g0v0_Byzantium...ok
   - randomStatetest15_d0g0v0_Homestead...ok
   - modexp_9_37111_37111_155000_d0g0v0_Frontier...ok
   - static_callcodecallcodecallcode_111_SuicideEnd_d0g0v0_EIP150...ok
   - Opcodes_TransactionInit_d65g0v0_EIP150...ok
   - randomStatetest154_d0g0v0_Byzantium...ok
   - modexp_9_37111_37111_155000_d0g0v0_Homestead...ok
   - static_callcodecallcodecallcode_111_SuicideEnd_d0g0v0_EIP158...ok
   - Opcodes_TransactionInit_d65g0v0_EIP158...ok
   - static_callcodecallcodecallcode_111_SuicideEnd_d0g0v0_Frontier...ok
ok
   - randomStatetest154_d0g0v0_EIP150...ok
   - Opcodes_TransactionInit_d65g0v0_Frontier...ok
   - static_callcodecallcodecallcode_111_SuicideEnd_d0g0v0_Homestead...   - modexp_39936_1_55201_35000_d0g3v0_Byzantium...ok
   - static_CheckOpcodes2_d3g0v1_Byzantium...ok
   - modexp_39936_1_55201_35000_d0g3v0_EIP150...ok
   - Opcodes_TransactionInit_d65g0v0_Homestead...ok
   - static_CheckOpcodes2_d3g0v1_EIP150...ok
   - randomStatetest154_d0g0v0_EIP158...ok
   - static_CheckOpcodes2_d3g0v1_EIP158...ok
   - modexp_39936_1_55201_35000_d0g3v0_EIP158...ok
   - Opcodes_TransactionInit_d117g0v0_Byzantium...ok
   - static_CheckOpcodes2_d3g0v1_Frontier...ok
   - modexp_39936_1_55201_35000_d0g3v0_Frontier...ok
   - Opcodes_TransactionInit_d117g0v0_EIP150...ok
   - modexp_39936_1_55201_35000_d0g3v0_Homestead...ok
   - randomStatetest154_d0g0v0_Frontier...ok
   - static_CheckOpcodes2_d3g0v1_Homestead...ok
   - randomStatetest154_d0g0v0_Homestead...ok
ok
   - Opcodes_TransactionInit_d117g0v0_EIP158...ok
   - static_ABAcalls2_d1g0v0_Byzantium...   - modexp_1_0_1_1000000_d0g3v0_Byzantium...ok
   - Opcodes_TransactionInit_d117g0v0_Frontier...ok
   - static_ABAcalls2_d1g0v0_EIP150...ok
   - randomStatetest569_d0g0v0_Byzantium...ok
   - static_ABAcalls2_d1g0v0_EIP158...ok
   - modexp_1_0_1_1000000_d0g3v0_EIP150...ok
   - Opcodes_TransactionInit_d117g0v0_Homestead...ok
   - randomStatetest569_d0g0v0_EIP150...ok
   - static_ABAcalls2_d1g0v0_Frontier...ok
   - modexp_1_0_1_1000000_d0g3v0_EIP158...ok
   - StoreGasOnCreate_d0g0v0_Byzantium...ok
   - static_ABAcalls2_d1g0v0_Homestead...ok
   - randomStatetest569_d0g0v0_EIP158...ok
   - modexp_1_0_1_1000000_d0g3v0_Frontier...ok
   - static_callcallcodecall_010_2_d1g0v0_Byzantium...ok
   - StoreGasOnCreate_d0g0v0_EIP150...ok
   - randomStatetest569_d0g0v0_Frontier...ok
   - modexp_1_0_1_1000000_d0g3v0_Homestead...ok
   - static_callcallcodecall_010_2_d1g0v0_EIP150...ok
   - randomStatetest569_d0g0v0_Homestead...ok
   - StoreGasOnCreate_d0g0v0_EIP158...ok
ok
   - static_callcallcodecall_010_2_d1g0v0_EIP158...   - modexp_49_2401_2401_22000_d0g0v0_Byzantium...ok
   - StoreGasOnCreate_d0g0v0_Frontier...ok
   - randomStatetest578_d0g0v0_Byzantium...ok
   - StoreGasOnCreate_d0g0v0_Homestead...ok
   - static_callcallcodecall_010_2_d1g0v0_Frontier...ok
   - modexp_49_2401_2401_22000_d0g0v0_EIP150...ok
   - randomStatetest578_d0g0v0_EIP150...ok
   - StoreClearsAndInternlCallStoreClearsOOG_d0g0v0_Byzantium...ok
   - static_callcallcodecall_010_2_d1g0v0_Homestead...ok
   - modexp_49_2401_2401_22000_d0g0v0_EIP158...ok
   - static_CheckCallCostOOG_d0g0v0_Byzantium...ok
   - randomStatetest578_d0g0v0_EIP158...ok
   - StoreClearsAndInternlCallStoreClearsOOG_d0g0v0_EIP150...ok
   - static_CheckCallCostOOG_d0g0v0_EIP150...ok
   - modexp_49_2401_2401_22000_d0g0v0_Frontier...ok
   - modexp_49_2401_2401_22000_d0g0v0_Homestead...ok
ok
   - StoreClearsAndInternlCallStoreClearsOOG_d0g0v0_EIP158...ok
   - randomStatetest578_d0g0v0_Frontier...   - static_CheckCallCostOOG_d0g0v0_EIP158...ok
   - randomStatetest578_d0g0v0_Homestead...ok
   - modexp_1_1_1_22000_d0g2v0_Byzantium...ok
   - static_CheckCallCostOOG_d0g0v0_Frontier...ok
   - StoreClearsAndInternlCallStoreClearsOOG_d0g0v0_Frontier...ok
   - randomStatetest360_d0g0v0_Byzantium...ok
   - StoreClearsAndInternlCallStoreClearsOOG_d0g0v0_Homestead...ok
   - static_CheckCallCostOOG_d0g0v0_Homestead...ok
   - modexp_1_1_1_22000_d0g2v0_EIP150...ok
   - randomStatetest360_d0g0v0_EIP150...ok
   - Opcodes_TransactionInit_d42g0v0_Byzantium...ok
ok
   - modexp_1_1_1_22000_d0g2v0_EIP158...   - static_callcodecallcodecall_110_SuicideEnd_d0g0v1_Byzantium...ok
   - randomStatetest360_d0g0v0_EIP158...ok
   - randomStatetest360_d0g0v0_Frontier...ok
   - modexp_1_1_1_22000_d0g2v0_Frontier...ok
   - Opcodes_TransactionInit_d42g0v0_EIP150...ok
   - static_callcodecallcodecall_110_SuicideEnd_d0g0v1_EIP150...ok
   - modexp_1_1_1_22000_d0g2v0_Homestead...ok
   - randomStatetest360_d0g0v0_Homestead...ok
   - Opcodes_TransactionInit_d42g0v0_EIP158...ok
   - static_callcodecallcodecall_110_SuicideEnd_d0g0v1_EIP158...ok
   - randomStatetest310_d0g0v0_Byzantium...ok
   - modexp_37120_37111_37111_1000000_d0g1v0_Byzantium...ok
   - Opcodes_TransactionInit_d42g0v0_Frontier...ok
   - randomStatetest310_d0g0v0_EIP150...ok
   - static_callcodecallcodecall_110_SuicideEnd_d0g0v1_Frontier...ok
   - modexp_37120_37111_37111_1000000_d0g1v0_EIP150...ok
   - randomStatetest310_d0g0v0_EIP158...ok
   - Opcodes_TransactionInit_d42g0v0_Homestead...ok
   - static_callcodecallcodecall_110_SuicideEnd_d0g0v1_Homestead...ok
   - randomStatetest310_d0g0v0_Frontier...ok
   - modexp_37120_37111_37111_1000000_d0g1v0_EIP158...ok
   - static_CheckOpcodes2_d0g1v1_Byzantium...ok
   - Opcodes_TransactionInit_d114g0v0_Byzantium...ok
   - randomStatetest310_d0g0v0_Homestead...ok
   - modexp_37120_37111_37111_1000000_d0g1v0_Frontier...ok
   - Opcodes_TransactionInit_d114g0v0_EIP150...ok
   - static_CheckOpcodes2_d0g1v1_EIP150...ok
   - randomStatetest619_d0g0v0_Byzantium...ok
   - Opcodes_TransactionInit_d114g0v0_EIP158...ok
   - modexp_37120_37111_37111_1000000_d0g1v0_Homestead...ok
   - static_CheckOpcodes2_d0g1v1_EIP158...ok
   - CALLCODEIdentity_3_d0g0v0_Byzantium...ok
   - Opcodes_TransactionInit_d114g0v0_Frontier...ok
   - randomStatetest619_d0g0v0_EIP150...ok
   - static_CheckOpcodes2_d0g1v1_Frontier...ok
   - CALLCODEIdentity_3_d0g0v0_EIP150...ok
   - randomStatetest619_d0g0v0_EIP158...ok
   - Opcodes_TransactionInit_d114g0v0_Homestead...ok
   - CALLCODEIdentity_3_d0g0v0_EIP158...ok
   - static_CheckOpcodes2_d0g1v1_Homestead...ok
   - CALLCODEIdentity_3_d0g0v0_Frontier...ok
   - randomStatetest619_d0g0v0_Frontier...ok
   - UserTransactionZeroCostWithData_d0g1v0_Byzantium...ok
   - static_CallContractToCreateContractAndCallItOOG_d0g1v0_Byzantium...ok
   - randomStatetest619_d0g0v0_Homestead...ok
   - UserTransactionZeroCostWithData_d0g1v0_EIP150...ok
   - CALLCODEIdentity_3_d0g0v0_Homestead...ok
   - static_CallContractToCreateContractAndCallItOOG_d0g1v0_EIP150...ok
ok
   - modexp_1_1_1_155000_d0g0v0_Byzantium...   - randomStatetest72_d0g0v0_Byzantium...ok
   - UserTransactionZeroCostWithData_d0g1v0_EIP158...ok
   - static_CallContractToCreateContractAndCallItOOG_d0g1v0_EIP158...ok
   - randomStatetest72_d0g0v0_EIP150...ok
   - modexp_1_1_1_155000_d0g0v0_EIP150...ok
   - UserTransactionZeroCostWithData_d0g1v0_Frontier...ok
   - randomStatetest72_d0g0v0_EIP158...ok
   - static_CallContractToCreateContractAndCallItOOG_d0g1v0_Frontier...ok
   - static_CallContractToCreateContractAndCallItOOG_d0g1v0_Homestead...ok
   - modexp_1_1_1_155000_d0g0v0_EIP158...ok
   - UserTransactionZeroCostWithData_d0g1v0_Homestead...ok
   - static_CheckOpcodes3_d2g0v1_Byzantium...ok
   - randomStatetest72_d0g0v0_Frontier...ok
   - randomStatetest72_d0g0v0_Homestead...ok
   - modexp_1_1_1_155000_d0g0v0_Frontier...ok
   - Opcodes_TransactionInit_d84g0v0_Byzantium...ok
   - static_CheckOpcodes3_d2g0v1_EIP150...ok
   - randomStatetest447_d0g0v0_Byzantium...ok
   - modexp_1_1_1_155000_d0g0v0_Homestead...ok
   - static_CheckOpcodes3_d2g0v1_EIP158...ok
   - Opcodes_TransactionInit_d84g0v0_EIP150...ok
ok
   - randomStatetest447_d0g0v0_EIP150...ok
   - Opcodes_TransactionInit_d84g0v0_EIP158...   - modexp_1_0_0_1000000_d0g0v0_Byzantium...ok
   - static_CheckOpcodes3_d2g0v1_Frontier...ok
   - modexp_1_0_0_1000000_d0g0v0_EIP150...ok
   - Opcodes_TransactionInit_d84g0v0_Frontier...ok
   - randomStatetest447_d0g0v0_EIP158...ok
   - static_CheckOpcodes3_d2g0v1_Homestead...ok
   - static_callCreate2_d2g0v0_Byzantium...ok
   - modexp_1_0_0_1000000_d0g0v0_EIP158...ok
   - Opcodes_TransactionInit_d84g0v0_Homestead...ok
   - randomStatetest447_d0g0v0_Frontier...ok
   - modexp_1_0_0_1000000_d0g0v0_Frontier...ok
   - static_callCreate2_d2g0v0_EIP150...ok
   - TransactionSendingToZero_d0g0v0_Byzantium...ok
   - modexp_1_0_0_1000000_d0g0v0_Homestead...ok
   - randomStatetest447_d0g0v0_Homestead...ok
   - TransactionSendingToZero_d0g0v0_EIP150...ok
   - static_callCreate2_d2g0v0_EIP158...ok
ok
   - TransactionSendingToZero_d0g0v0_EIP158...   - randomStatetest581_d0g0v0_Byzantium...ok
ok
   - TransactionSendingToZero_d0g0v0_Frontier...   - modexp_55190_55190_42965_25000_d0g0v0_Byzantium...ok
   - randomStatetest581_d0g0v0_EIP150...ok
   - static_callCreate2_d2g0v0_Frontier...ok
   - TransactionSendingToZero_d0g0v0_Homestead...ok
   - static_callCreate2_d2g0v0_Homestead...ok
   - modexp_55190_55190_42965_25000_d0g0v0_EIP150...ok
   - randomStatetest581_d0g0v0_EIP158...ok
   - Opcodes_TransactionInit_d85g0v0_Byzantium...ok
   - randomStatetest581_d0g0v0_Frontier...ok
ok
   - modexp_55190_55190_42965_25000_d0g0v0_EIP158...ok
   - Opcodes_TransactionInit_d85g0v0_EIP150...   - static_CheckOpcodes3_d3g1v1_Byzantium...ok
   - randomStatetest581_d0g0v0_Homestead...ok
   - randomStatetest638_d0g0v0_Byzantium...ok
   - modexp_55190_55190_42965_25000_d0g0v0_Frontier...ok
   - static_CheckOpcodes3_d3g1v1_EIP150...ok
   - Opcodes_TransactionInit_d85g0v0_EIP158...ok
   - randomStatetest638_d0g0v0_EIP150...ok
   - modexp_55190_55190_42965_25000_d0g0v0_Homestead...ok
   - Opcodes_TransactionInit_d85g0v0_Frontier...ok
   - static_CheckOpcodes3_d3g1v1_EIP158...ok
   - randomStatetest638_d0g0v0_EIP158...ok
   - modexp_1_1_1_20500_d0g3v0_Byzantium...ok
   - static_CheckOpcodes3_d3g1v1_Frontier...ok
   - modexp_1_1_1_20500_d0g3v0_EIP150...ok
   - Opcodes_TransactionInit_d85g0v0_Homestead...ok
   - static_CheckOpcodes3_d3g1v1_Homestead...ok
   - randomStatetest638_d0g0v0_Frontier...ok
   - modexp_1_1_1_20500_d0g3v0_EIP158...ok
   - modexp_1_1_1_20500_d0g3v0_Frontier...ok
   - Opcodes_TransactionInit_d59g0v0_Byzantium...ok
   - static_CheckOpcodes_d1g0v0_Byzantium...ok
   - modexp_1_1_1_20500_d0g3v0_Homestead...ok
   - randomStatetest638_d0g0v0_Homestead...ok
   - Opcodes_TransactionInit_d59g0v0_EIP150...ok
ok
   - static_CheckOpcodes_d1g0v0_EIP150...ok
   - randomStatetest246_d0g0v0_Byzantium...ok
   - static_CheckOpcodes_d1g0v0_EIP158...ok
   - Opcodes_TransactionInit_d59g0v0_EIP158...   - modexp_0_3_100_25000_d0g2v0_Byzantium...ok
   - randomStatetest246_d0g0v0_EIP150...ok
   - static_CheckOpcodes_d1g0v0_Frontier...ok
   - modexp_0_3_100_25000_d0g2v0_EIP150...ok
   - Opcodes_TransactionInit_d59g0v0_Frontier...ok
   - static_CheckOpcodes_d1g0v0_Homestead...ok
   - randomStatetest246_d0g0v0_EIP158...ok
   - modexp_0_3_100_25000_d0g2v0_EIP158...ok
   - Opcodes_TransactionInit_d59g0v0_Homestead...ok
   - static_callcodecallcodecall_110_SuicideEnd2_d0g0v1_Byzantium...ok
   - randomStatetest246_d0g0v0_Frontier...ok
   - static_callcodecallcodecall_110_SuicideEnd2_d0g0v1_EIP150...ok
   - modexp_0_3_100_25000_d0g2v0_Frontier...ok
   - OverflowGasRequire2_d0g0v0_Byzantium...ok
   - randomStatetest246_d0g0v0_Homestead...ok
   - static_callcodecallcodecall_110_SuicideEnd2_d0g0v1_EIP158...ok
   - modexp_0_3_100_25000_d0g2v0_Homestead...ok
ok
   - OverflowGasRequire2_d0g0v0_EIP150...   - randomStatetest17_d0g0v0_Byzantium...ok
ok
   - static_callcodecallcodecall_110_SuicideEnd2_d0g0v1_Frontier...ok
   - randomStatetest17_d0g0v0_EIP150...ok
   - OverflowGasRequire2_d0g0v0_EIP158...   - modexp_37120_37111_0_25000_d0g1v0_Byzantium...ok
   - randomStatetest17_d0g0v0_EIP158...ok
   - OverflowGasRequire2_d0g0v0_Frontier...ok
   - static_callcodecallcodecall_110_SuicideEnd2_d0g0v1_Homestead...ok
   - modexp_37120_37111_0_25000_d0g1v0_EIP150...ok
   - OverflowGasRequire2_d0g0v0_Homestead...ok
   - randomStatetest17_d0g0v0_Frontier...ok
   - modexp_37120_37111_0_25000_d0g1v0_EIP158...ok
   - randomStatetest17_d0g0v0_Homestead...ok
ok
   - Opcodes_TransactionInit_d64g0v0_Byzantium...   - static_call_value_inherit_from_call_d0g0v0_Byzantium...ok
   - modexp_37120_37111_0_25000_d0g1v0_Frontier...ok
   - static_call_value_inherit_from_call_d0g0v0_EIP150...ok
   - randomStatetest261_d0g0v0_Byzantium...ok
   - Opcodes_TransactionInit_d64g0v0_EIP150...ok
   - static_call_value_inherit_from_call_d0g0v0_EIP158...ok
   - modexp_37120_37111_0_25000_d0g1v0_Homestead...ok
   - randomStatetest261_d0g0v0_EIP150...ok
   - randomStatetest261_d0g0v0_EIP158...ok
   - Opcodes_TransactionInit_d64g0v0_EIP158...ok
   - static_call_value_inherit_from_call_d0g0v0_Frontier...ok
   - modexp_d32g0v0_Byzantium...ok
   - randomStatetest261_d0g0v0_Frontier...ok
ok
   - static_call_value_inherit_from_call_d0g0v0_Homestead...   - Opcodes_TransactionInit_d64g0v0_Frontier...ok
   - randomStatetest261_d0g0v0_Homestead...ok
   - Opcodes_TransactionInit_d64g0v0_Homestead...ok
   - modexp_d32g0v0_EIP150...ok
   - randomStatetest643_d0g0v0_Byzantium...ok
   - static_CREATE_ContractSuicideDuringInit_d1g0v0_Byzantium...ok
   - Opcodes_TransactionInit_d6g0v0_Byzantium...ok
   - Opcodes_TransactionInit_d6g0v0_EIP150...ok
   - modexp_d32g0v0_EIP158...ok
   - randomStatetest643_d0g0v0_EIP150...ok
   - static_CREATE_ContractSuicideDuringInit_d1g0v0_EIP150...ok
   - Opcodes_TransactionInit_d6g0v0_EIP158...ok
   - modexp_d32g0v0_Frontier...ok
   - Opcodes_TransactionInit_d6g0v0_Frontier...ok
   - randomStatetest643_d0g0v0_EIP158...ok
   - static_CREATE_ContractSuicideDuringInit_d1g0v0_EIP158...ok
   - Opcodes_TransactionInit_d6g0v0_Homestead...ok
   - randomStatetest643_d0g0v0_Frontier...ok
   - modexp_d32g0v0_Homestead...ok
   - static_CREATE_ContractSuicideDuringInit_d1g0v0_Frontier...ok
   - randomStatetest643_d0g0v0_Homestead...ok
   - static_CREATE_ContractSuicideDuringInit_d1g0v0_Homestead...ok
   - Opcodes_TransactionInit_d108g0v0_Byzantium...ok
ok
   - modexp_d5g2v0_Byzantium...   - static_callcodecallcallcode_101_OOGMAfter_1_d0g0v0_Byzantium...ok
   - randomStatetest533_d0g0v0_Byzantium...ok
   - Opcodes_TransactionInit_d108g0v0_EIP150...ok
   - static_callcodecallcallcode_101_OOGMAfter_1_d0g0v0_EIP150...ok
   - modexp_d5g2v0_EIP150...ok
   - randomStatetest533_d0g0v0_EIP150...ok
   - static_callcodecallcallcode_101_OOGMAfter_1_d0g0v0_EIP158...ok
   - Opcodes_TransactionInit_d108g0v0_EIP158...ok
   - modexp_d5g2v0_EIP158...ok
   - randomStatetest533_d0g0v0_EIP158...ok
   - modexp_d5g2v0_Frontier...ok
   - Opcodes_TransactionInit_d108g0v0_Frontier...ok
   - static_callcodecallcallcode_101_OOGMAfter_1_d0g0v0_Frontier...ok
   - modexp_d5g2v0_Homestead...ok
   - randomStatetest533_d0g0v0_Frontier...ok
   - Opcodes_TransactionInit_d108g0v0_Homestead...ok
   - static_callcodecallcallcode_101_OOGMAfter_1_d0g0v0_Homestead...ok
   - randomStatetest533_d0g0v0_Homestead...ok
ok
   - modexp_d35g0v0_Byzantium...   - Opcodes_TransactionInit_d90g0v0_Byzantium...ok
   - static_CallSha256_3_prefix0_d0g0v0_Byzantium...ok
   - modexp_d35g0v0_EIP150...ok
   - randomStatetest121_d0g0v0_Byzantium...ok
   - static_CallSha256_3_prefix0_d0g0v0_EIP150...ok
   - Opcodes_TransactionInit_d90g0v0_EIP150...ok
   - modexp_d35g0v0_EIP158...ok
   - randomStatetest121_d0g0v0_EIP150...ok
   - Opcodes_TransactionInit_d90g0v0_EIP158...ok
   - static_CallSha256_3_prefix0_d0g0v0_EIP158...ok
   - randomStatetest121_d0g0v0_EIP158...ok
   - modexp_d35g0v0_Frontier...ok
   - randomStatetest121_d0g0v0_Frontier...ok
   - Opcodes_TransactionInit_d90g0v0_Frontier...ok
   - static_CallSha256_3_prefix0_d0g0v0_Frontier...ok
ok
   - randomStatetest121_d0g0v0_Homestead...   - modexp_d35g0v0_Homestead...ok
   - Opcodes_TransactionInit_d90g0v0_Homestead...ok
   - static_CallSha256_3_prefix0_d0g0v0_Homestead...ok
   - randomStatetest553_d0g0v0_Byzantium...ok
   - randomStatetest553_d0g0v0_EIP150...ok
   - Opcodes_TransactionInit_d17g0v0_Byzantium...ok
   - static_Call50000_sha256_d1g0v0_Byzantium...ok
ok
   - randomStatetest553_d0g0v0_EIP158...   - CALLCODEEcrecoverV_prefixed0_d0g0v0_Byzantium...ok
   - Opcodes_TransactionInit_d17g0v0_EIP150...ok
   - randomStatetest553_d0g0v0_Frontier...ok
   - CALLCODEEcrecoverV_prefixed0_d0g0v0_EIP150...ok
   - Opcodes_TransactionInit_d17g0v0_EIP158...ok
   - randomStatetest553_d0g0v0_Homestead...ok
   - CALLCODEEcrecoverV_prefixed0_d0g0v0_EIP158...ok
   - Opcodes_TransactionInit_d17g0v0_Frontier...ok
   - randomStatetest382_d0g0v0_Byzantium...ok
   - Opcodes_TransactionInit_d17g0v0_Homestead...ok
   - randomStatetest382_d0g0v0_EIP150...ok
   - Opcodes_TransactionInit_d98g0v0_Byzantium...ok
   - CALLCODEEcrecoverV_prefixed0_d0g0v0_Frontier...ok
   - CALLCODEEcrecoverV_prefixed0_d0g0v0_Homestead...ok
   - randomStatetest382_d0g0v0_EIP158...ok
   - Opcodes_TransactionInit_d98g0v0_EIP150...ok
   - modexp_0_3_100_1000000_d0g1v0_Byzantium...ok
   - randomStatetest382_d0g0v0_Frontier...ok
   - Opcodes_TransactionInit_d98g0v0_EIP158...ok
   - modexp_0_3_100_1000000_d0g1v0_EIP150...ok
   - randomStatetest382_d0g0v0_Homestead...ok
   - Opcodes_TransactionInit_d98g0v0_Frontier...ok
   - modexp_0_3_100_1000000_d0g1v0_EIP158...ok
   - randomStatetest550_d0g0v0_Byzantium...ok
   - modexp_0_3_100_1000000_d0g1v0_Frontier...ok
   - Opcodes_TransactionInit_d98g0v0_Homestead...ok
   - randomStatetest550_d0g0v0_EIP150...ok
   - Opcodes_TransactionInit_d39g0v0_Byzantium...ok
   - modexp_0_3_100_1000000_d0g1v0_Homestead...ok
   - randomStatetest550_d0g0v0_EIP158...ok
ok
   - Opcodes_TransactionInit_d39g0v0_EIP150...   - modexp_0_3_100_20500_d0g2v0_Byzantium...ok
   - randomStatetest550_d0g0v0_Frontier...ok
   - Opcodes_TransactionInit_d39g0v0_EIP158...ok
   - randomStatetest550_d0g0v0_Homestead...ok
   - modexp_0_3_100_20500_d0g2v0_EIP150...ok
   - Opcodes_TransactionInit_d39g0v0_Frontier...ok
   - randomStatetest241_d0g0v0_Byzantium...ok
   - modexp_0_3_100_20500_d0g2v0_EIP158...ok
   - modexp_0_3_100_20500_d0g2v0_Frontier...ok
   - Opcodes_TransactionInit_d39g0v0_Homestead...ok
   - modexp_0_3_100_20500_d0g2v0_Homestead...ok
   - randomStatetest241_d0g0v0_EIP150...ok
   - Opcodes_TransactionInit_d97g0v0_Byzantium...ok
ok
   - randomStatetest241_d0g0v0_EIP158...   - modexp_d32g3v0_Byzantium...ok
   - Opcodes_TransactionInit_d97g0v0_EIP150...ok
   - randomStatetest241_d0g0v0_Frontier...ok
   - modexp_d32g3v0_EIP150...ok
   - Opcodes_TransactionInit_d97g0v0_EIP158...ok
   - modexp_d32g3v0_EIP158...ok
   - randomStatetest241_d0g0v0_Homestead...ok
   - Opcodes_TransactionInit_d97g0v0_Frontier...ok
   - randomStatetest347_d0g0v0_Byzantium...ok
   - modexp_d32g3v0_Frontier...ok
   - Opcodes_TransactionInit_d97g0v0_Homestead...ok
   - randomStatetest347_d0g0v0_EIP150...ok
   - Opcodes_TransactionInit_d37g0v0_Byzantium...ok
   - modexp_d32g3v0_Homestead...ok
   - randomStatetest347_d0g0v0_EIP158...ok
   - Opcodes_TransactionInit_d37g0v0_EIP150...ok
ok
   - Opcodes_TransactionInit_d37g0v0_EIP158...ok
   - randomStatetest347_d0g0v0_Frontier...   - CALLCODEEcrecover0_Gas2999_d0g0v0_Byzantium...ok
   - Opcodes_TransactionInit_d37g0v0_Frontier...ok
   - randomStatetest347_d0g0v0_Homestead...ok
   - Opcodes_TransactionInit_d37g0v0_Homestead...ok
   - randomStatetest517_d0g0v0_Byzantium...ok
   - CALLCODEEcrecover0_Gas2999_d0g0v0_EIP150...ok
   - Opcodes_TransactionInit_d106g0v0_Byzantium...ok
   - randomStatetest517_d0g0v0_EIP150...ok
   - CALLCODEEcrecover0_Gas2999_d0g0v0_EIP158...ok
   - Opcodes_TransactionInit_d106g0v0_EIP150...ok
   - Opcodes_TransactionInit_d106g0v0_EIP158...ok
   - randomStatetest517_d0g0v0_EIP158...ok
   - CALLCODEEcrecover0_Gas2999_d0g0v0_Frontier...ok
   - CALLCODEEcrecover0_Gas2999_d0g0v0_Homestead...ok
   - Opcodes_TransactionInit_d106g0v0_Frontier...ok
   - randomStatetest517_d0g0v0_Frontier...ok
   - modexp_0_0_0_22000_d0g3v0_Byzantium...ok
   - randomStatetest517_d0g0v0_Homestead...ok
   - Opcodes_TransactionInit_d106g0v0_Homestead...ok
   - modexp_0_0_0_22000_d0g3v0_EIP150...ok
   - randomStatetest542_d0g0v0_Byzantium...ok
   - Opcodes_TransactionInit_d24g0v0_Byzantium...ok
   - modexp_0_0_0_22000_d0g3v0_EIP158...ok
   - randomStatetest542_d0g0v0_EIP150...ok
   - modexp_0_0_0_22000_d0g3v0_Frontier...ok
   - Opcodes_TransactionInit_d24g0v0_EIP150...ok
   - randomStatetest542_d0g0v0_EIP158...ok
   - modexp_0_0_0_22000_d0g3v0_Homestead...ok
   - randomStatetest542_d0g0v0_Frontier...ok
   - Opcodes_TransactionInit_d24g0v0_EIP158...ok
   - modexp_0_0_0_20500_d0g0v0_Byzantium...ok
   - randomStatetest542_d0g0v0_Homestead...ok
   - Opcodes_TransactionInit_d24g0v0_Frontier...ok
ok
   - modexp_0_0_0_20500_d0g0v0_EIP150...ok
   - Opcodes_TransactionInit_d24g0v0_Homestead...   - randomStatetest420_d0g0v0_Byzantium...ok
   - modexp_0_0_0_20500_d0g0v0_EIP158...ok
   - randomStatetest420_d0g0v0_EIP150...ok
ok
   - modexp_0_0_0_20500_d0g0v0_Frontier...   - Opcodes_TransactionInit_d62g0v0_Byzantium...ok
   - randomStatetest420_d0g0v0_EIP158...ok
   - Opcodes_TransactionInit_d62g0v0_EIP150...ok
   - modexp_0_0_0_20500_d0g0v0_Homestead...ok
   - randomStatetest420_d0g0v0_Frontier...ok
ok
   - Opcodes_TransactionInit_d62g0v0_EIP158...   - modexp_39936_1_55201_20500_d0g0v0_Byzantium...ok
   - randomStatetest420_d0g0v0_Homestead...ok
   - Opcodes_TransactionInit_d62g0v0_Frontier...ok
   - Opcodes_TransactionInit_d62g0v0_Homestead...ok
   - randomStatetest326_d0g0v0_Byzantium...ok
   - modexp_39936_1_55201_20500_d0g0v0_EIP150...ok
   - Opcodes_TransactionInit_d57g0v0_Byzantium...ok
   - modexp_39936_1_55201_20500_d0g0v0_EIP158...ok
   - Opcodes_TransactionInit_d57g0v0_EIP150...ok
   - modexp_39936_1_55201_20500_d0g0v0_Frontier...ok
   - Opcodes_TransactionInit_d57g0v0_EIP158...ok
   - modexp_39936_1_55201_20500_d0g0v0_Homestead...ok
   - Opcodes_TransactionInit_d57g0v0_Frontier...ok
ok
   - randomStatetest326_d0g0v0_EIP150...   - modexp_0_3_100_155000_d0g2v0_Byzantium...ok
   - Opcodes_TransactionInit_d57g0v0_Homestead...ok
   - Opcodes_TransactionInit_d123g0v0_Byzantium...ok
   - modexp_0_3_100_155000_d0g2v0_EIP150...ok
   - Opcodes_TransactionInit_d123g0v0_EIP150...ok
   - Opcodes_TransactionInit_d123g0v0_EIP158...ok
   - modexp_0_3_100_155000_d0g2v0_EIP158...ok
   - Opcodes_TransactionInit_d123g0v0_Frontier...ok
   - modexp_0_3_100_155000_d0g2v0_Frontier...ok
   - Opcodes_TransactionInit_d123g0v0_Homestead...ok
   - Opcodes_TransactionInit_d121g0v0_Byzantium...ok
   - modexp_0_3_100_155000_d0g2v0_Homestead...ok
   - randomStatetest326_d0g0v0_EIP158...ok
   - Opcodes_TransactionInit_d121g0v0_EIP150...ok
   - Opcodes_TransactionInit_d121g0v0_EIP158...ok
   - modexp_0_3_100_1000000_d0g0v0_Byzantium...ok
   - Opcodes_TransactionInit_d121g0v0_Frontier...ok
   - Opcodes_TransactionInit_d121g0v0_Homestead...ok
   - modexp_0_3_100_1000000_d0g0v0_EIP150...ok
   - Opcodes_TransactionInit_d44g0v0_Byzantium...ok
   - modexp_0_3_100_1000000_d0g0v0_EIP158...ok
   - randomStatetest326_d0g0v0_Frontier...ok
   - Opcodes_TransactionInit_d44g0v0_EIP150...ok
   - modexp_0_3_100_1000000_d0g0v0_Frontier...ok
   - Opcodes_TransactionInit_d44g0v0_EIP158...ok
   - modexp_0_3_100_1000000_d0g0v0_Homestead...ok
   - Opcodes_TransactionInit_d44g0v0_Frontier...ok
   - Opcodes_TransactionInit_d44g0v0_Homestead...ok
ok
   - Opcodes_TransactionInit_d111g0v0_Byzantium...   - modexp_37120_37111_1_155000_d0g3v0_Byzantium...ok
   - Opcodes_TransactionInit_d111g0v0_EIP150...ok
   - modexp_37120_37111_1_155000_d0g3v0_EIP150...ok
   - Opcodes_TransactionInit_d111g0v0_EIP158...ok
   - randomStatetest326_d0g0v0_Homestead...ok
   - modexp_37120_37111_1_155000_d0g3v0_EIP158...ok
   - Opcodes_TransactionInit_d111g0v0_Frontier...ok
   - modexp_37120_37111_1_155000_d0g3v0_Frontier...ok
   - Opcodes_TransactionInit_d111g0v0_Homestead...ok
   - modexp_37120_37111_1_155000_d0g3v0_Homestead...ok
   - modexp_3_09984_39936_25000_d0g0v0_Byzantium...ok
   - Opcodes_TransactionInit_d7g0v0_Byzantium...ok
   - modexp_3_09984_39936_25000_d0g0v0_EIP150...ok
   - randomStatetest498_d0g0v0_Byzantium...ok
   - modexp_3_09984_39936_25000_d0g0v0_EIP158...ok
   - Opcodes_TransactionInit_d7g0v0_EIP150...ok
   - modexp_3_09984_39936_25000_d0g0v0_Frontier...ok
   - Opcodes_TransactionInit_d7g0v0_EIP158...ok
   - randomStatetest498_d0g0v0_EIP150...ok
   - modexp_3_09984_39936_25000_d0g0v0_Homestead...ok
   - Opcodes_TransactionInit_d7g0v0_Frontier...ok
   - modexp_37120_37111_1_25000_d0g1v0_Byzantium...ok
   - randomStatetest498_d0g0v0_EIP158...ok
   - Opcodes_TransactionInit_d7g0v0_Homestead...ok
   - modexp_37120_37111_1_25000_d0g1v0_EIP150...ok
   - modexp_37120_37111_1_25000_d0g1v0_EIP158...ok
   - SuicidesMixingCoinbase_d0g1v0_Byzantium...ok
   - randomStatetest498_d0g0v0_Frontier...ok
   - SuicidesMixingCoinbase_d0g1v0_EIP150...ok
   - modexp_37120_37111_1_25000_d0g1v0_Frontier...ok
   - SuicidesMixingCoinbase_d0g1v0_EIP158...ok
   - modexp_37120_37111_1_25000_d0g1v0_Homestead...ok
   - SuicidesMixingCoinbase_d0g1v0_Frontier...ok
   - randomStatetest498_d0g0v0_Homestead...ok
ok
   - SuicidesMixingCoinbase_d0g1v0_Homestead...   - modexp_1_0_0_1000000_d0g2v0_Byzantium...ok
   - Opcodes_TransactionInit_d110g0v0_Byzantium...ok
   - randomStatetest200_d0g0v0_Byzantium...ok
   - Opcodes_TransactionInit_d110g0v0_EIP150...ok
   - modexp_1_0_0_1000000_d0g2v0_EIP150...ok
   - randomStatetest200_d0g0v0_EIP150...ok
   - Opcodes_TransactionInit_d110g0v0_EIP158...ok
   - randomStatetest200_d0g0v0_EIP158...ok
ok
   - modexp_1_0_0_1000000_d0g2v0_EIP158...   - Opcodes_TransactionInit_d110g0v0_Frontier...ok
   - randomStatetest200_d0g0v0_Frontier...ok
   - Opcodes_TransactionInit_d110g0v0_Homestead...ok
   - modexp_1_0_0_1000000_d0g2v0_Frontier...ok
   - Opcodes_TransactionInit_d69g0v0_Byzantium...ok
   - modexp_1_0_0_1000000_d0g2v0_Homestead...ok
   - randomStatetest200_d0g0v0_Homestead...ok
   - Opcodes_TransactionInit_d69g0v0_EIP150...ok
   - randomStatetest123_d0g0v0_Byzantium...ok
   - modexp_d2g3v0_Byzantium...ok
   - randomStatetest123_d0g0v0_EIP150...ok
   - Opcodes_TransactionInit_d69g0v0_EIP158...ok
   - modexp_d2g3v0_EIP150...ok
   - randomStatetest123_d0g0v0_EIP158...ok
   - Opcodes_TransactionInit_d69g0v0_Frontier...ok
   - modexp_d2g3v0_EIP158...ok
   - modexp_d2g3v0_Frontier...ok
   - randomStatetest123_d0g0v0_Frontier...ok
   - Opcodes_TransactionInit_d69g0v0_Homestead...ok
   - modexp_d2g3v0_Homestead...ok
   - randomStatetest123_d0g0v0_Homestead...ok
   - Opcodes_TransactionInit_d26g0v0_Byzantium...ok
ok
   - randomStatetest566_d0g0v0_Byzantium...   - modexp_39936_1_55201_25000_d0g1v0_Byzantium...ok
   - Opcodes_TransactionInit_d26g0v0_EIP150...ok
   - Opcodes_TransactionInit_d26g0v0_EIP158...ok
   - randomStatetest566_d0g0v0_EIP150...ok
   - modexp_39936_1_55201_25000_d0g1v0_EIP150...ok
   - Opcodes_TransactionInit_d26g0v0_Frontier...ok
   - randomStatetest566_d0g0v0_EIP158...ok
   - modexp_39936_1_55201_25000_d0g1v0_EIP158...ok
   - Opcodes_TransactionInit_d26g0v0_Homestead...ok
   - randomStatetest566_d0g0v0_Frontier...ok
   - modexp_39936_1_55201_25000_d0g1v0_Frontier...ok
   - randomStatetest566_d0g0v0_Homestead...ok
ok
   - randomStatetest172_d0g0v0_Byzantium...   - Opcodes_TransactionInit_d71g0v0_Byzantium...ok
   - modexp_39936_1_55201_25000_d0g1v0_Homestead...ok
ok
   - randomStatetest172_d0g0v0_EIP150...ok
   - Opcodes_TransactionInit_d71g0v0_EIP150...   - modexp_0_3_100_35000_d0g1v0_Byzantium...ok
   - Opcodes_TransactionInit_d71g0v0_EIP158...ok
   - modexp_0_3_100_35000_d0g1v0_EIP150...ok
   - Opcodes_TransactionInit_d71g0v0_Frontier...ok
   - randomStatetest172_d0g0v0_EIP158...ok
   - Opcodes_TransactionInit_d71g0v0_Homestead...ok
   - randomStatetest172_d0g0v0_Frontier...ok
   - modexp_0_3_100_35000_d0g1v0_EIP158...ok
   - Opcodes_TransactionInit_d73g0v0_Byzantium...ok
   - randomStatetest172_d0g0v0_Homestead...ok
   - modexp_0_3_100_35000_d0g1v0_Frontier...ok
   - randomStatetest295_d0g0v0_Byzantium...ok
   - Opcodes_TransactionInit_d73g0v0_EIP150...ok
   - modexp_0_3_100_35000_d0g1v0_Homestead...ok
   - randomStatetest295_d0g0v0_EIP150...ok
ok
   - Opcodes_TransactionInit_d73g0v0_EIP158...   - modexp_37120_37111_97_22000_d0g3v0_Byzantium...ok
   - Opcodes_TransactionInit_d73g0v0_Frontier...ok
   - modexp_37120_37111_97_22000_d0g3v0_EIP150...ok
   - randomStatetest295_d0g0v0_EIP158...ok
   - Opcodes_TransactionInit_d73g0v0_Homestead...ok
   - modexp_37120_37111_97_22000_d0g3v0_EIP158...ok
   - randomStatetest295_d0g0v0_Frontier...ok
   - modexp_37120_37111_97_22000_d0g3v0_Frontier...ok
   - randomStatetest295_d0g0v0_Homestead...ok
   - Opcodes_TransactionInit_d80g0v0_Byzantium...ok
   - modexp_37120_37111_97_22000_d0g3v0_Homestead...ok
   - Opcodes_TransactionInit_d80g0v0_EIP150...ok
   - randomStatetest236_d0g0v0_Byzantium...ok
   - Opcodes_TransactionInit_d80g0v0_EIP158...ok
   - modexp_39936_1_55201_1000000_d0g1v0_Byzantium...ok
   - Opcodes_TransactionInit_d80g0v0_Frontier...ok
   - Opcodes_TransactionInit_d80g0v0_Homestead...ok
   - randomStatetest236_d0g0v0_EIP150...ok
   - ContractStoreClearsSuccess_d0g0v0_Byzantium...ok
   - modexp_39936_1_55201_1000000_d0g1v0_EIP150...ok
   - randomStatetest236_d0g0v0_EIP158...ok
   - ContractStoreClearsSuccess_d0g0v0_EIP150...ok
   - modexp_39936_1_55201_1000000_d0g1v0_EIP158...ok
   - ContractStoreClearsSuccess_d0g0v0_EIP158...ok
   - randomStatetest236_d0g0v0_Frontier...ok
   - modexp_39936_1_55201_1000000_d0g1v0_Frontier...ok
   - randomStatetest236_d0g0v0_Homestead...ok
   - ContractStoreClearsSuccess_d0g0v0_Frontier...ok
   - modexp_39936_1_55201_1000000_d0g1v0_Homestead...ok
   - randomStatetest298_d0g0v0_Byzantium...ok
ok
   - ContractStoreClearsSuccess_d0g0v0_Homestead...   - modexp_37120_37111_37111_1000000_d0g0v0_Byzantium...ok
   - randomStatetest298_d0g0v0_EIP150...ok
   - TransactionFromCoinbaseNotEnoughFounds_d0g0v0_Byzantium...ok
   - modexp_37120_37111_37111_1000000_d0g0v0_EIP150...ok
   - randomStatetest298_d0g0v0_EIP158...ok
   - modexp_37120_37111_37111_1000000_d0g0v0_EIP158...ok
   - TransactionFromCoinbaseNotEnoughFounds_d0g0v0_EIP150...ok
   - randomStatetest298_d0g0v0_Frontier...ok
   - modexp_37120_37111_37111_1000000_d0g0v0_Frontier...ok
   - TransactionFromCoinbaseNotEnoughFounds_d0g0v0_EIP158...ok
   - modexp_37120_37111_37111_1000000_d0g0v0_Homestead...ok
   - randomStatetest298_d0g0v0_Homestead...ok
   - TransactionFromCoinbaseNotEnoughFounds_d0g0v0_Frontier...ok
ok
   - TransactionFromCoinbaseNotEnoughFounds_d0g0v0_Homestead...   - modexp_d6g1v0_Byzantium...ok
   - randomStatetest305_d0g0v0_Byzantium...ok
   - Opcodes_TransactionInit_d47g0v0_Byzantium...ok
   - modexp_d6g1v0_EIP150...ok
   - randomStatetest305_d0g0v0_EIP150...ok
   - Opcodes_TransactionInit_d47g0v0_EIP150...ok
   - modexp_d6g1v0_EIP158...ok
   - randomStatetest305_d0g0v0_EIP158...ok
   - modexp_d6g1v0_Frontier...ok
   - Opcodes_TransactionInit_d47g0v0_EIP158...ok
   - randomStatetest305_d0g0v0_Frontier...ok
   - modexp_d6g1v0_Homestead...ok
ok
   - Opcodes_TransactionInit_d47g0v0_Frontier...   - modexp_1_1_1_20500_d0g2v0_Byzantium...ok
   - randomStatetest305_d0g0v0_Homestead...ok
   - Opcodes_TransactionInit_d47g0v0_Homestead...ok
   - modexp_1_1_1_20500_d0g2v0_EIP150...ok
   - randomStatetest391_d0g0v0_Byzantium...ok
   - Opcodes_TransactionInit_d100g0v0_Byzantium...ok
   - Opcodes_TransactionInit_d100g0v0_EIP150...ok
   - modexp_1_1_1_20500_d0g2v0_EIP158...ok
   - randomStatetest391_d0g0v0_EIP150...ok
   - Opcodes_TransactionInit_d100g0v0_EIP158...ok
   - modexp_1_1_1_20500_d0g2v0_Frontier...ok
   - Opcodes_TransactionInit_d100g0v0_Frontier...ok
   - randomStatetest391_d0g0v0_EIP158...ok
   - modexp_1_1_1_20500_d0g2v0_Homestead...ok
   - Opcodes_TransactionInit_d100g0v0_Homestead...ok
   - Opcodes_TransactionInit_d72g0v0_Byzantium...ok
   - randomStatetest391_d0g0v0_Frontier...ok
   - CallIdentity_1_nonzeroValue_d0g0v0_Byzantium...ok
   - Opcodes_TransactionInit_d72g0v0_EIP150...ok
   - randomStatetest391_d0g0v0_Homestead...ok
   - Opcodes_TransactionInit_d72g0v0_EIP158...ok
   - CallIdentity_1_nonzeroValue_d0g0v0_EIP150...ok
   - randomStatetest418_d0g0v0_Byzantium...ok
   - CallIdentity_1_nonzeroValue_d0g0v0_EIP158...ok
   - Opcodes_TransactionInit_d72g0v0_Frontier...ok
   - Opcodes_TransactionInit_d72g0v0_Homestead...ok
   - CallIdentity_1_nonzeroValue_d0g0v0_Frontier...ok
   - Opcodes_TransactionInit_d9g0v0_Byzantium...ok
   - randomStatetest418_d0g0v0_EIP150...ok
   - Opcodes_TransactionInit_d9g0v0_EIP150...ok
   - CallIdentity_1_nonzeroValue_d0g0v0_Homestead...ok
   - Opcodes_TransactionInit_d9g0v0_EIP158...ok
   - modexp_d1g0v0_Byzantium...ok
   - randomStatetest418_d0g0v0_EIP158...ok
   - Opcodes_TransactionInit_d9g0v0_Frontier...ok
   - modexp_d1g0v0_EIP150...ok
   - Opcodes_TransactionInit_d9g0v0_Homestead...ok
   - modexp_d1g0v0_EIP158...ok
   - TransactionFromCoinbaseHittingBlockGasLimit1_d0g0v0_Byzantium...ok
   - randomStatetest418_d0g0v0_Frontier...ok
   - modexp_d1g0v0_Frontier...ok
   - TransactionFromCoinbaseHittingBlockGasLimit1_d0g0v0_EIP150...ok
   - modexp_d1g0v0_Homestead...ok
   - TransactionFromCoinbaseHittingBlockGasLimit1_d0g0v0_EIP158...ok
   - randomStatetest418_d0g0v0_Homestead...ok
   - TransactionFromCoinbaseHittingBlockGasLimit1_d0g0v0_Frontier...ok
   - modexp_37120_37111_97_155000_d0g3v0_Byzantium...ok
   - TransactionFromCoinbaseHittingBlockGasLimit1_d0g0v0_Homestead...ok
   - modexp_37120_37111_97_155000_d0g3v0_EIP150...ok
   - Opcodes_TransactionInit_d68g0v0_Byzantium...ok
   - modexp_37120_37111_97_155000_d0g3v0_EIP158...ok
   - randomStatetest491_d0g0v0_Byzantium...ok
   - Opcodes_TransactionInit_d68g0v0_EIP150...ok
   - modexp_37120_37111_97_155000_d0g3v0_Frontier...ok
   - Opcodes_TransactionInit_d68g0v0_EIP158...ok
   - randomStatetest491_d0g0v0_EIP150...ok
   - modexp_37120_37111_97_155000_d0g3v0_Homestead...ok
   - Opcodes_TransactionInit_d68g0v0_Frontier...ok
   - randomStatetest491_d0g0v0_EIP158...ok
   - CALLCODERipemd160_4_d0g0v0_Byzantium...ok
   - Opcodes_TransactionInit_d68g0v0_Homestead...ok
   - Opcodes_TransactionInit_d41g0v0_Byzantium...ok
   - randomStatetest491_d0g0v0_Frontier...ok
   - CALLCODERipemd160_4_d0g0v0_EIP150...ok
   - Opcodes_TransactionInit_d41g0v0_EIP150...ok
   - randomStatetest491_d0g0v0_Homestead...ok
   - randomStatetest367_d0g0v0_Byzantium...ok
   - Opcodes_TransactionInit_d41g0v0_EIP158...ok
   - CALLCODERipemd160_4_d0g0v0_EIP158...ok
   - randomStatetest367_d0g0v0_EIP150...ok
   - Opcodes_TransactionInit_d41g0v0_Frontier...ok
   - randomStatetest367_d0g0v0_EIP158...ok
   - CALLCODERipemd160_4_d0g0v0_Frontier...ok
   - Opcodes_TransactionInit_d41g0v0_Homestead...ok
   - randomStatetest367_d0g0v0_Frontier...ok
   - CALLCODERipemd160_4_d0g0v0_Homestead...ok
   - CreateMessageSuccess_d0g0v0_Byzantium...ok
   - CreateMessageSuccess_d0g0v0_EIP150...ok
   - randomStatetest367_d0g0v0_Homestead...ok
ok
   - CreateMessageSuccess_d0g0v0_EIP158...   - CallSha256_3_d0g0v0_Byzantium...ok
   - CreateMessageSuccess_d0g0v0_Frontier...ok
   - randomStatetest5_d0g0v0_Byzantium...ok
   - randomStatetest5_d0g0v0_EIP150...ok
   - CreateMessageSuccess_d0g0v0_Homestead...ok
   - CallSha256_3_d0g0v0_EIP150...ok
   - randomStatetest5_d0g0v0_EIP158...ok
   - randomStatetest5_d0g0v0_Frontier...ok
   - Opcodes_TransactionInit_d36g0v0_Byzantium...ok
   - randomStatetest5_d0g0v0_Homestead...ok
   - CallSha256_3_d0g0v0_EIP158...ok
   - Opcodes_TransactionInit_d36g0v0_EIP150...ok
   - randomStatetest355_d0g0v0_Byzantium...ok
   - CallSha256_3_d0g0v0_Frontier...ok
   - Opcodes_TransactionInit_d36g0v0_EIP158...ok
   - randomStatetest355_d0g0v0_EIP150...ok
   - Opcodes_TransactionInit_d36g0v0_Frontier...ok
   - CallSha256_3_d0g0v0_Homestead...ok
   - Opcodes_TransactionInit_d36g0v0_Homestead...ok
   - randomStatetest355_d0g0v0_EIP158...ok
   - UserTransactionGasLimitIsTooLowWhenZeroCost_d0g0v0_Byzantium...ok
ok
   - UserTransactionGasLimitIsTooLowWhenZeroCost_d0g0v0_EIP150...   - modexp_3_5_100_25000_d0g2v0_Byzantium...ok
   - randomStatetest355_d0g0v0_Frontier...ok
   - UserTransactionGasLimitIsTooLowWhenZeroCost_d0g0v0_EIP158...ok
   - modexp_3_5_100_25000_d0g2v0_EIP150...ok
   - UserTransactionGasLimitIsTooLowWhenZeroCost_d0g0v0_Frontier...ok
   - randomStatetest355_d0g0v0_Homestead...ok
   - UserTransactionGasLimitIsTooLowWhenZeroCost_d0g0v0_Homestead...ok
   - modexp_3_5_100_25000_d0g2v0_EIP158...ok
   - randomStatetest302_d0g0v0_Byzantium...ok
   - modexp_3_5_100_25000_d0g2v0_Frontier...ok
   - Opcodes_TransactionInit_d32g0v0_Byzantium...ok
   - Opcodes_TransactionInit_d32g0v0_EIP150...ok
   - randomStatetest302_d0g0v0_EIP150...ok
   - modexp_3_5_100_25000_d0g2v0_Homestead...ok
   - Opcodes_TransactionInit_d32g0v0_EIP158...ok
   - randomStatetest302_d0g0v0_EIP158...ok
   - modexp_49_2401_2401_1000000_d0g3v0_Byzantium...ok
   - randomStatetest302_d0g0v0_Frontier...ok
   - Opcodes_TransactionInit_d32g0v0_Frontier...ok
   - randomStatetest302_d0g0v0_Homestead...ok
   - modexp_49_2401_2401_1000000_d0g3v0_EIP150...ok
   - Opcodes_TransactionInit_d32g0v0_Homestead...ok
   - modexp_49_2401_2401_1000000_d0g3v0_EIP158...ok
   - randomStatetest621_d0g0v0_Byzantium...ok
   - Opcodes_TransactionInit_d50g0v0_Byzantium...ok
   - modexp_49_2401_2401_1000000_d0g3v0_Frontier...ok
   - Opcodes_TransactionInit_d50g0v0_EIP150...ok
   - randomStatetest621_d0g0v0_EIP150...ok
   - Opcodes_TransactionInit_d50g0v0_EIP158...ok
   - modexp_49_2401_2401_1000000_d0g3v0_Homestead...ok
   - randomStatetest621_d0g0v0_EIP158...ok
ok
   - Opcodes_TransactionInit_d50g0v0_Frontier...   - modexp_1_0_0_155000_d0g3v0_Byzantium...ok
   - randomStatetest621_d0g0v0_Frontier...ok
   - modexp_1_0_0_155000_d0g3v0_EIP150...ok
   - Opcodes_TransactionInit_d50g0v0_Homestead...ok
   - modexp_1_0_0_155000_d0g3v0_EIP158...ok
   - randomStatetest621_d0g0v0_Homestead...ok
   - modexp_1_0_0_155000_d0g3v0_Frontier...ok
ok
   - modexp_1_0_0_155000_d0g3v0_Homestead...   - Opcodes_TransactionInit_d86g0v0_Byzantium...ok
   - randomStatetest555_d0g0v0_Byzantium...ok
   - Opcodes_TransactionInit_d86g0v0_EIP150...ok
   - randomStatetest555_d0g0v0_EIP150...ok
   - Opcodes_TransactionInit_d86g0v0_EIP158...ok
ok
   - randomStatetest555_d0g0v0_EIP158...   - modexp_37120_37111_0_155000_d0g3v0_Byzantium...ok
   - Opcodes_TransactionInit_d86g0v0_Frontier...ok
   - modexp_37120_37111_0_155000_d0g3v0_EIP150...ok
   - Opcodes_TransactionInit_d86g0v0_Homestead...ok
ok
   - randomStatetest555_d0g0v0_Frontier...   - Opcodes_TransactionInit_d45g0v0_Byzantium...ok
   - modexp_37120_37111_0_155000_d0g3v0_EIP158...ok
   - Opcodes_TransactionInit_d45g0v0_EIP150...ok
   - randomStatetest555_d0g0v0_Homestead...ok
   - modexp_37120_37111_0_155000_d0g3v0_Frontier...ok
   - Opcodes_TransactionInit_d45g0v0_EIP158...ok
   - Opcodes_TransactionInit_d45g0v0_Frontier...ok
   - randomStatetest428_d0g0v0_Byzantium...ok
   - modexp_37120_37111_0_155000_d0g3v0_Homestead...ok
   - Opcodes_TransactionInit_d45g0v0_Homestead...ok
ok
   - randomStatetest428_d0g0v0_EIP150...ok
   - Opcodes_TransactionInit_d52g0v0_Byzantium...   - modexp_9_37111_37111_20500_d0g2v0_Byzantium...ok
   - randomStatetest428_d0g0v0_EIP158...test json_tests::chain::block_tests::BlockchainTests_GeneralStateTest_stStaticCall ... test json_tests::chain::block_tests::BlockchainTests_GeneralStateTest_stStaticCall has been running for over 60 seconds
ok
   - Opcodes_TransactionInit_d52g0v0_EIP150...ok
   - modexp_9_37111_37111_20500_d0g2v0_EIP150...ok
   - randomStatetest428_d0g0v0_Frontier...ok
   - modexp_9_37111_37111_20500_d0g2v0_EIP158...ok
   - Opcodes_TransactionInit_d52g0v0_EIP158...ok
   - randomStatetest428_d0g0v0_Homestead...ok
   - modexp_9_37111_37111_20500_d0g2v0_Frontier...ok
   - Opcodes_TransactionInit_d52g0v0_Frontier...ok
   - modexp_9_37111_37111_20500_d0g2v0_Homestead...ok
   - randomStatetest316_d0g0v0_Byzantium...ok
   - Opcodes_TransactionInit_d52g0v0_Homestead...ok
   - modexp_0_1_0_25000_d0g3v0_Byzantium...ok
   - Opcodes_TransactionInit_d96g0v0_Byzantium...ok
   - randomStatetest316_d0g0v0_EIP150...ok
   - modexp_0_1_0_25000_d0g3v0_EIP150...ok
   - Opcodes_TransactionInit_d96g0v0_EIP150...ok
   - modexp_0_1_0_25000_d0g3v0_EIP158...ok
   - randomStatetest316_d0g0v0_EIP158...ok
   - modexp_0_1_0_25000_d0g3v0_Frontier...ok
   - Opcodes_TransactionInit_d96g0v0_EIP158...ok
   - randomStatetest316_d0g0v0_Frontier...ok
   - modexp_0_1_0_25000_d0g3v0_Homestead...ok
   - Opcodes_TransactionInit_d96g0v0_Frontier...ok
   - randomStatetest316_d0g0v0_Homestead...ok
ok
   - Opcodes_TransactionInit_d96g0v0_Homestead...   - modexp_1_1_1_25000_d0g0v0_Byzantium...ok
   - randomStatetest364_d0g0v0_Byzantium...ok
   - Opcodes_TransactionInit_d15g0v0_Byzantium...ok
   - modexp_1_1_1_25000_d0g0v0_EIP150...ok
   - Opcodes_TransactionInit_d15g0v0_EIP150...ok
   - randomStatetest364_d0g0v0_EIP150...ok
   - Opcodes_TransactionInit_d15g0v0_EIP158...ok
   - modexp_1_1_1_25000_d0g0v0_EIP158...ok
   - randomStatetest364_d0g0v0_EIP158...ok
   - Opcodes_TransactionInit_d15g0v0_Frontier...ok
   - modexp_1_1_1_25000_d0g0v0_Frontier...ok
   - randomStatetest364_d0g0v0_Frontier...ok
   - Opcodes_TransactionInit_d15g0v0_Homestead...ok
   - modexp_1_1_1_25000_d0g0v0_Homestead...ok
   - randomStatetest364_d0g0v0_Homestead...ok
   - Opcodes_TransactionInit_d75g0v0_Byzantium...ok
ok
   - randomStatetest287_d0g0v0_Byzantium...   - CallRipemd160_1_d0g0v0_Byzantium...ok
   - Opcodes_TransactionInit_d75g0v0_EIP150...ok
   - randomStatetest287_d0g0v0_EIP150...ok
   - CallRipemd160_1_d0g0v0_EIP150...ok
   - randomStatetest287_d0g0v0_EIP158...ok
   - Opcodes_TransactionInit_d75g0v0_EIP158...ok
   - randomStatetest287_d0g0v0_Frontier...ok
   - CallRipemd160_1_d0g0v0_EIP158...ok
   - Opcodes_TransactionInit_d75g0v0_Frontier...ok
   - CallRipemd160_1_d0g0v0_Frontier...ok
   - randomStatetest287_d0g0v0_Homestead...ok
   - CallRipemd160_1_d0g0v0_Homestead...ok
   - randomStatetest190_d0g0v0_Byzantium...ok
ok
   - Opcodes_TransactionInit_d75g0v0_Homestead...ok
   - Opcodes_TransactionInit_d12g0v0_Byzantium...ok
   - randomStatetest190_d0g0v0_EIP150...   - modexp_d3g0v0_Byzantium...ok
   - Opcodes_TransactionInit_d12g0v0_EIP150...ok
   - randomStatetest190_d0g0v0_EIP158...ok
   - modexp_d3g0v0_EIP150...ok
   - Opcodes_TransactionInit_d12g0v0_EIP158...ok
   - randomStatetest190_d0g0v0_Frontier...ok
   - modexp_d3g0v0_EIP158...ok
   - Opcodes_TransactionInit_d12g0v0_Frontier...ok
   - randomStatetest190_d0g0v0_Homestead...ok
   - modexp_d3g0v0_Frontier...ok
   - modexp_d3g0v0_Homestead...ok
   - Opcodes_TransactionInit_d12g0v0_Homestead...ok
ok
   - randomStatetest198_d0g0v0_Byzantium...   - modexp_d19g0v0_Byzantium...ok
   - randomStatetest198_d0g0v0_EIP150...ok
   - Opcodes_TransactionInit_d87g0v0_Byzantium...ok
   - modexp_d19g0v0_EIP150...ok
   - randomStatetest198_d0g0v0_EIP158...ok
   - randomStatetest198_d0g0v0_Frontier...ok
   - Opcodes_TransactionInit_d87g0v0_EIP150...ok
   - modexp_d19g0v0_EIP158...ok
   - randomStatetest198_d0g0v0_Homestead...ok
   - Opcodes_TransactionInit_d87g0v0_EIP158...ok
   - Opcodes_TransactionInit_d87g0v0_Frontier...ok
   - modexp_d19g0v0_Frontier...ok
   - randomStatetest274_d0g0v0_Byzantium...ok
   - Opcodes_TransactionInit_d87g0v0_Homestead...ok
   - randomStatetest274_d0g0v0_EIP150...ok
   - modexp_d19g0v0_Homestead...ok
   - Opcodes_TransactionInit_d112g0v0_Byzantium...ok
ok
   - randomStatetest274_d0g0v0_EIP158...   - modexp_d16g0v0_Byzantium...ok
   - Opcodes_TransactionInit_d112g0v0_EIP150...ok
   - Opcodes_TransactionInit_d112g0v0_EIP158...ok
   - randomStatetest274_d0g0v0_Frontier...ok
   - modexp_d16g0v0_EIP150...ok
   - Opcodes_TransactionInit_d112g0v0_Frontier...ok
   - modexp_d16g0v0_EIP158...ok
   - randomStatetest274_d0g0v0_Homestead...ok
   - Opcodes_TransactionInit_d112g0v0_Homestead...ok
   - modexp_d16g0v0_Frontier...ok
   - SuicidesAndInternlCallSuicidesBonusGasAtCall_d0g0v0_Byzantium...ok
   - randomStatetest334_d0g0v0_Byzantium...ok
   - modexp_d16g0v0_Homestead...ok
   - SuicidesAndInternlCallSuicidesBonusGasAtCall_d0g0v0_EIP150...ok
   - randomStatetest334_d0g0v0_EIP150...ok
ok
   - SuicidesAndInternlCallSuicidesBonusGasAtCall_d0g0v0_EIP158...   - CallRipemd160_5_d0g0v0_Byzantium...ok
   - SuicidesAndInternlCallSuicidesBonusGasAtCall_d0g0v0_Frontier...ok
   - randomStatetest334_d0g0v0_EIP158...ok
   - SuicidesAndInternlCallSuicidesBonusGasAtCall_d0g0v0_Homestead...ok
   - CallRipemd160_5_d0g0v0_EIP150...ok
   - Opcodes_TransactionInit_d82g0v0_Byzantium...ok
   - randomStatetest334_d0g0v0_Frontier...ok
   - Opcodes_TransactionInit_d82g0v0_EIP150...ok
   - CallRipemd160_5_d0g0v0_EIP158...ok
   - randomStatetest334_d0g0v0_Homestead...ok
   - Opcodes_TransactionInit_d82g0v0_EIP158...ok
   - CallRipemd160_5_d0g0v0_Frontier...ok
   - randomStatetest69_d0g0v0_Byzantium...ok
   - Opcodes_TransactionInit_d82g0v0_Frontier...ok
   - CallRipemd160_5_d0g0v0_Homestead...ok
   - randomStatetest69_d0g0v0_EIP150...ok
   - Opcodes_TransactionInit_d82g0v0_Homestead...ok
   - modexp_0_0_0_22000_d0g1v0_Byzantium...ok
   - randomStatetest69_d0g0v0_EIP158...ok
   - Opcodes_TransactionInit_d122g0v0_Byzantium...ok
   - randomStatetest69_d0g0v0_Frontier...ok
   - modexp_0_0_0_22000_d0g1v0_EIP150...ok
   - Opcodes_TransactionInit_d122g0v0_EIP150...ok
   - modexp_0_0_0_22000_d0g1v0_EIP158...ok
   - randomStatetest69_d0g0v0_Homestead...ok
   - modexp_0_0_0_22000_d0g1v0_Frontier...ok
   - Opcodes_TransactionInit_d122g0v0_EIP158...ok
   - randomStatetest336_d0g0v0_Byzantium...ok
   - Opcodes_TransactionInit_d122g0v0_Frontier...ok
   - modexp_0_0_0_22000_d0g1v0_Homestead...ok
   - Opcodes_TransactionInit_d122g0v0_Homestead...ok
   - randomStatetest336_d0g0v0_EIP150...ok
   - SuicidesAndInternlCallSuicidesSuccess_d0g0v0_Byzantium...ok
   - randomStatetest336_d0g0v0_EIP158...ok
   - modexp_0_1_0_35000_d0g2v0_Byzantium...ok
   - SuicidesAndInternlCallSuicidesSuccess_d0g0v0_EIP150...ok
   - randomStatetest336_d0g0v0_Frontier...ok
   - SuicidesAndInternlCallSuicidesSuccess_d0g0v0_EIP158...ok
   - modexp_0_1_0_35000_d0g2v0_EIP150...ok
   - SuicidesAndInternlCallSuicidesSuccess_d0g0v0_Frontier...ok
   - randomStatetest336_d0g0v0_Homestead...ok
   - SuicidesAndInternlCallSuicidesSuccess_d0g0v0_Homestead...ok
   - modexp_0_1_0_35000_d0g2v0_EIP158...ok
   - randomStatetest273_d0g0v0_Byzantium...ok
   - Opcodes_TransactionInit_d77g0v0_Byzantium...ok
   - randomStatetest273_d0g0v0_EIP150...ok
   - Opcodes_TransactionInit_d77g0v0_EIP150...ok
   - modexp_0_1_0_35000_d0g2v0_Frontier...ok
   - randomStatetest273_d0g0v0_EIP158...ok
   - randomStatetest273_d0g0v0_Frontier...ok
   - modexp_0_1_0_35000_d0g2v0_Homestead...ok
   - Opcodes_TransactionInit_d77g0v0_EIP158...ok
ok
   - randomStatetest273_d0g0v0_Homestead...   - modexp_0_0_0_20500_d0g1v0_Byzantium...ok
   - Opcodes_TransactionInit_d77g0v0_Frontier...ok
   - randomStatetest577_d0g0v0_Byzantium...ok
   - modexp_0_0_0_20500_d0g1v0_EIP150...ok
   - randomStatetest577_d0g0v0_EIP150...ok
   - Opcodes_TransactionInit_d77g0v0_Homestead...ok
   - randomStatetest577_d0g0v0_EIP158...ok
   - modexp_0_0_0_20500_d0g1v0_EIP158...ok
   - modexp_0_0_0_20500_d0g1v0_Frontier...ok
   - randomStatetest577_d0g0v0_Frontier...ok
   - Opcodes_TransactionInit_d95g0v0_Byzantium...ok
   - randomStatetest577_d0g0v0_Homestead...ok
   - Opcodes_TransactionInit_d95g0v0_EIP150...ok
   - modexp_0_0_0_20500_d0g1v0_Homestead...ok
   - randomStatetest554_d0g0v0_Byzantium...ok
   - Opcodes_TransactionInit_d95g0v0_EIP158...ok
   - modexp_0_0_0_25000_d0g2v0_Byzantium...ok
   - Opcodes_TransactionInit_d95g0v0_Frontier...ok
   - randomStatetest554_d0g0v0_EIP150...ok
   - modexp_0_0_0_25000_d0g2v0_EIP150...ok
   - Opcodes_TransactionInit_d95g0v0_Homestead...ok
ok
   - modexp_0_0_0_25000_d0g2v0_EIP158...   - Opcodes_TransactionInit_d102g0v0_Byzantium...ok
   - randomStatetest554_d0g0v0_EIP158...ok
   - Opcodes_TransactionInit_d102g0v0_EIP150...ok
   - modexp_0_0_0_25000_d0g2v0_Frontier...ok
   - Opcodes_TransactionInit_d102g0v0_EIP158...ok
   - modexp_0_0_0_25000_d0g2v0_Homestead...ok
   - randomStatetest554_d0g0v0_Frontier...ok
ok
   - Opcodes_TransactionInit_d102g0v0_Frontier...   - modexp_0_1_0_20500_d0g1v0_Byzantium...ok
   - randomStatetest554_d0g0v0_Homestead...ok
   - Opcodes_TransactionInit_d102g0v0_Homestead...ok
   - modexp_0_1_0_20500_d0g1v0_EIP150...ok
   - SuicidesStopAfterSuicide_d0g0v0_Byzantium...ok
   - randomStatetest211_d0g0v0_Byzantium...ok
   - modexp_0_1_0_20500_d0g1v0_EIP158...ok
   - SuicidesStopAfterSuicide_d0g0v0_EIP150...ok
   - modexp_0_1_0_20500_d0g1v0_Frontier...ok
   - randomStatetest211_d0g0v0_EIP150...ok
   - modexp_0_1_0_20500_d0g1v0_Homestead...ok
   - SuicidesStopAfterSuicide_d0g0v0_EIP158...ok
ok
   - randomStatetest211_d0g0v0_EIP158...   - modexp_49_2401_2401_155000_d0g1v0_Byzantium...ok
   - SuicidesStopAfterSuicide_d0g0v0_Frontier...ok
   - randomStatetest211_d0g0v0_Frontier...ok
   - modexp_49_2401_2401_155000_d0g1v0_EIP150...ok
   - SuicidesStopAfterSuicide_d0g0v0_Homestead...ok
   - randomStatetest211_d0g0v0_Homestead...ok
   - modexp_49_2401_2401_155000_d0g1v0_EIP158...ok
   - Opcodes_TransactionInit_d49g0v0_Byzantium...ok
   - Opcodes_TransactionInit_d49g0v0_EIP150...ok
   - modexp_49_2401_2401_155000_d0g1v0_Frontier...ok
   - Opcodes_TransactionInit_d49g0v0_EIP158...ok
   - randomStatetest645_d0g0v1_Byzantium...ok
   - modexp_49_2401_2401_155000_d0g1v0_Homestead...ok
   - randomStatetest645_d0g0v1_EIP150...ok
   - Opcodes_TransactionInit_d49g0v0_Frontier...ok
ok
   - randomStatetest645_d0g0v1_EIP158...ok
   - Opcodes_TransactionInit_d49g0v0_Homestead...ok
   - randomStatetest645_d0g0v1_Frontier...ok
   - Opcodes_TransactionInit_d18g0v0_Byzantium...ok
   - randomStatetest645_d0g0v1_Homestead...ok
   - randomStatetest497_d0g0v0_Byzantium...ok
   - Opcodes_TransactionInit_d18g0v0_EIP150...ok
   - randomStatetest497_d0g0v0_EIP150...   - modexp_9_37111_37111_22000_d0g0v0_Byzantium...ok
   - Opcodes_TransactionInit_d18g0v0_EIP158...ok
   - randomStatetest497_d0g0v0_EIP158...ok
   - modexp_9_37111_37111_22000_d0g0v0_EIP150...ok
   - Opcodes_TransactionInit_d18g0v0_Frontier...ok
   - randomStatetest497_d0g0v0_Frontier...ok
   - randomStatetest497_d0g0v0_Homestead...ok
   - modexp_9_37111_37111_22000_d0g0v0_EIP158...ok
   - Opcodes_TransactionInit_d18g0v0_Homestead...ok
   - Opcodes_TransactionInit_d58g0v0_Byzantium...ok
   - modexp_9_37111_37111_22000_d0g0v0_Frontier...ok
   - randomStatetest579_d0g0v0_Byzantium...ok
   - Opcodes_TransactionInit_d58g0v0_EIP150...ok
   - randomStatetest579_d0g0v0_EIP150...ok
   - modexp_9_37111_37111_22000_d0g0v0_Homestead...ok
   - Opcodes_TransactionInit_d58g0v0_EIP158...ok
ok
   - randomStatetest579_d0g0v0_EIP158...ok
   - Opcodes_TransactionInit_d58g0v0_Frontier...ok
   - Opcodes_TransactionInit_d58g0v0_Homestead...ok
   - randomStatetest579_d0g0v0_Frontier...ok
   - EmptyTransaction3_d0g0v0_Byzantium...   - CALLCODESha256_3_d0g0v0_Byzantium...ok
   - randomStatetest579_d0g0v0_Homestead...ok
   - EmptyTransaction3_d0g0v0_EIP150...ok
   - EmptyTransaction3_d0g0v0_EIP158...ok
   - randomStatetest143_d0g0v0_Byzantium...ok
   - CALLCODESha256_3_d0g0v0_EIP150...ok
   - randomStatetest143_d0g0v0_EIP150...ok
   - CALLCODESha256_3_d0g0v0_EIP158...ok
   - EmptyTransaction3_d0g0v0_Frontier...ok
   - randomStatetest143_d0g0v0_EIP158...ok
   - CALLCODESha256_3_d0g0v0_Frontier...ok
   - EmptyTransaction3_d0g0v0_Homestead...ok
   - randomStatetest143_d0g0v0_Frontier...ok
   - CALLCODESha256_3_d0g0v0_Homestead...ok
   - Opcodes_TransactionInit_d89g0v0_Byzantium...ok
   - randomStatetest143_d0g0v0_Homestead...ok
ok
   - Opcodes_TransactionInit_d89g0v0_EIP150...ok
   - randomStatetest142_d0g0v0_Byzantium...   - CallRipemd160_4_d0g0v0_Byzantium...ok
   - randomStatetest142_d0g0v0_EIP150...ok
   - Opcodes_TransactionInit_d89g0v0_EIP158...ok
   - CallRipemd160_4_d0g0v0_EIP150...ok
   - randomStatetest142_d0g0v0_EIP158...ok
   - CallRipemd160_4_d0g0v0_EIP158...ok
   - Opcodes_TransactionInit_d89g0v0_Frontier...ok
   - randomStatetest142_d0g0v0_Frontier...ok
   - Opcodes_TransactionInit_d89g0v0_Homestead...ok
   - CallRipemd160_4_d0g0v0_Frontier...ok
   - randomStatetest142_d0g0v0_Homestead...ok
   - Opcodes_TransactionInit_d35g0v0_Byzantium...ok
   - randomStatetest216_d0g0v0_Byzantium...ok
   - CallRipemd160_4_d0g0v0_Homestead...ok
   - Opcodes_TransactionInit_d35g0v0_EIP150...ok
   - randomStatetest216_d0g0v0_EIP150...ok
   - Opcodes_TransactionInit_d35g0v0_EIP158...ok
   - CallRipemd160_2_d0g0v0_Byzantium...ok
   - randomStatetest216_d0g0v0_EIP158...ok
   - Opcodes_TransactionInit_d35g0v0_Frontier...ok
   - CallRipemd160_2_d0g0v0_EIP150...ok
   - randomStatetest216_d0g0v0_Frontier...ok
   - Opcodes_TransactionInit_d35g0v0_Homestead...ok
   - randomStatetest216_d0g0v0_Homestead...ok
   - Opcodes_TransactionInit_d118g0v0_Byzantium...ok
   - CallRipemd160_2_d0g0v0_EIP158...ok
   - randomStatetest3_d0g0v0_Byzantium...ok
   - randomStatetest3_d0g0v0_EIP150...ok
   - Opcodes_TransactionInit_d118g0v0_EIP150...ok
   - CallRipemd160_2_d0g0v0_Frontier...ok
   - Opcodes_TransactionInit_d118g0v0_EIP158...ok
   - CallRipemd160_2_d0g0v0_Homestead...ok
   - randomStatetest3_d0g0v0_EIP158...ok
   - Opcodes_TransactionInit_d118g0v0_Frontier...ok
   - randomStatetest3_d0g0v0_Frontier...ok
   - CALLCODEIdentity_4_gas18_d0g0v0_Byzantium...ok
   - randomStatetest3_d0g0v0_Homestead...ok
   - Opcodes_TransactionInit_d118g0v0_Homestead...ok
   - CALLCODEIdentity_4_gas18_d0g0v0_EIP150...ok
   - randomStatetest436_d0g0v0_Byzantium...ok
ok
   - randomStatetest436_d0g0v0_EIP150...   - SuicidesAndInternlCallSuicidesOOG_d0g0v0_Byzantium...ok
   - CALLCODEIdentity_4_gas18_d0g0v0_EIP158...ok
   - randomStatetest436_d0g0v0_EIP158...ok
   - SuicidesAndInternlCallSuicidesOOG_d0g0v0_EIP150...ok
   - randomStatetest436_d0g0v0_Frontier...ok
   - CALLCODEIdentity_4_gas18_d0g0v0_Frontier...ok
   - randomStatetest436_d0g0v0_Homestead...ok
   - SuicidesAndInternlCallSuicidesOOG_d0g0v0_EIP158...ok
   - CALLCODEIdentity_4_gas18_d0g0v0_Homestead...ok
   - randomStatetest248_d0g0v0_Byzantium...ok
   - randomStatetest248_d0g0v0_EIP150...ok
   - SuicidesAndInternlCallSuicidesOOG_d0g0v0_Frontier...ok
   - modexp_3_09984_39936_22000_d0g2v0_Byzantium...ok
   - randomStatetest248_d0g0v0_EIP158...ok
   - modexp_3_09984_39936_22000_d0g2v0_EIP150...ok
   - SuicidesAndInternlCallSuicidesOOG_d0g0v0_Homestead...ok
   - modexp_3_09984_39936_22000_d0g2v0_EIP158...ok
   - randomStatetest248_d0g0v0_Frontier...ok
   - Opcodes_TransactionInit_d124g0v0_Byzantium...ok
   - modexp_3_09984_39936_22000_d0g2v0_Frontier...ok
   - randomStatetest248_d0g0v0_Homestead...ok
   - Opcodes_TransactionInit_d124g0v0_EIP150...ok
   - randomStatetest294_d0g0v0_Byzantium...ok
   - Opcodes_TransactionInit_d124g0v0_EIP158...ok
   - modexp_3_09984_39936_22000_d0g2v0_Homestead...ok
   - Opcodes_TransactionInit_d124g0v0_Frontier...ok
   - Opcodes_TransactionInit_d124g0v0_Homestead...ok
ok
   - randomStatetest294_d0g0v0_EIP150...ok
   - Opcodes_TransactionInit_d2g0v0_Byzantium...   - modexp_37120_37111_0_1000000_d0g2v0_Byzantium...ok
   - randomStatetest294_d0g0v0_EIP158...ok
   - Opcodes_TransactionInit_d2g0v0_EIP150...ok
   - Opcodes_TransactionInit_d2g0v0_EIP158...ok
   - modexp_37120_37111_0_1000000_d0g2v0_EIP150...ok
   - randomStatetest294_d0g0v0_Frontier...ok
   - Opcodes_TransactionInit_d2g0v0_Frontier...ok
   - modexp_37120_37111_0_1000000_d0g2v0_EIP158...ok
   - Opcodes_TransactionInit_d2g0v0_Homestead...ok
   - randomStatetest294_d0g0v0_Homestead...ok
   - modexp_37120_37111_0_1000000_d0g2v0_Frontier...ok
   - Opcodes_TransactionInit_d103g0v0_Byzantium...ok
   - Opcodes_TransactionInit_d103g0v0_EIP150...ok
   - randomStatetest641_d0g0v0_Byzantium...ok
   - Opcodes_TransactionInit_d103g0v0_EIP158...ok
   - modexp_37120_37111_0_1000000_d0g2v0_Homestead...ok
   - randomStatetest641_d0g0v0_EIP150...ok
   - Opcodes_TransactionInit_d103g0v0_Frontier...ok
   - randomStatetest641_d0g0v0_EIP158...ok
   - modexp_0_0_0_1000000_d0g2v0_Byzantium...ok
   - Opcodes_TransactionInit_d103g0v0_Homestead...ok
   - EmptyTransaction2_d0g0v0_Byzantium...ok
   - randomStatetest641_d0g0v0_Frontier...ok
   - randomStatetest641_d0g0v0_Homestead...ok
   - EmptyTransaction2_d0g0v0_EIP150...ok
   - modexp_0_0_0_1000000_d0g2v0_EIP150...ok
   - modexp_0_0_0_1000000_d0g2v0_EIP158...ok
   - randomStatetest177_d0g0v0_Byzantium...ok
   - EmptyTransaction2_d0g0v0_EIP158...ok
   - modexp_0_0_0_1000000_d0g2v0_Frontier...ok
   - EmptyTransaction2_d0g0v0_Frontier...ok
   - modexp_0_0_0_1000000_d0g2v0_Homestead...ok
   - randomStatetest177_d0g0v0_EIP150...ok
   - EmptyTransaction2_d0g0v0_Homestead...ok
   - modexp_d14g1v0_Byzantium...ok
   - randomStatetest177_d0g0v0_EIP158...ok
   - Opcodes_TransactionInit_d70g0v0_Byzantium...ok
ok
   - modexp_d14g1v0_EIP150...   - randomStatetest177_d0g0v0_Frontier...ok
   - Opcodes_TransactionInit_d70g0v0_EIP150...ok
   - modexp_d14g1v0_EIP158...ok
   - randomStatetest177_d0g0v0_Homestead...ok
   - Opcodes_TransactionInit_d70g0v0_EIP158...ok
   - modexp_d14g1v0_Frontier...ok
   - randomStatetest188_d0g0v0_Byzantium...ok
   - Opcodes_TransactionInit_d70g0v0_Frontier...ok
   - randomStatetest188_d0g0v0_EIP150...ok
   - modexp_d14g1v0_Homestead...ok
   - Opcodes_TransactionInit_d70g0v0_Homestead...ok
   - randomStatetest188_d0g0v0_EIP158...ok
   - Opcodes_TransactionInit_d43g0v0_Byzantium...ok
ok
   - randomStatetest188_d0g0v0_Frontier...   - modexp_0_3_100_22000_d0g3v0_Byzantium...ok
   - Opcodes_TransactionInit_d43g0v0_EIP150...ok
   - randomStatetest188_d0g0v0_Homestead...ok
   - Opcodes_TransactionInit_d43g0v0_EIP158...ok
   - modexp_0_3_100_22000_d0g3v0_EIP150...ok
   - randomStatetest204_d0g0v0_Byzantium...ok
   - Opcodes_TransactionInit_d43g0v0_Frontier...ok
   - modexp_0_3_100_22000_d0g3v0_EIP158...ok
   - randomStatetest204_d0g0v0_EIP150...ok
   - Opcodes_TransactionInit_d43g0v0_Homestead...ok
   - modexp_0_3_100_22000_d0g3v0_Frontier...ok
   - randomStatetest204_d0g0v0_EIP158...ok
   - Opcodes_TransactionInit_d11g0v0_Byzantium...ok
   - modexp_0_3_100_22000_d0g3v0_Homestead...ok
   - Opcodes_TransactionInit_d11g0v0_EIP150...ok
   - randomStatetest204_d0g0v0_Frontier...ok
ok
   - Opcodes_TransactionInit_d11g0v0_EIP158...   - CallIdentity_5_d0g0v0_Byzantium...ok
   - CallIdentity_5_d0g0v0_EIP150...ok
   - randomStatetest204_d0g0v0_Homestead...ok
   - Opcodes_TransactionInit_d11g0v0_Frontier...ok
   - CallIdentity_5_d0g0v0_EIP158...ok
   - randomStatetest292_d0g0v0_Byzantium...ok
   - Opcodes_TransactionInit_d11g0v0_Homestead...ok
ok
   - CallIdentity_5_d0g0v0_Frontier...   - Opcodes_TransactionInit_d21g0v0_Byzantium...ok
   - randomStatetest292_d0g0v0_EIP150...ok
   - CallIdentity_5_d0g0v0_Homestead...ok
   - Opcodes_TransactionInit_d21g0v0_EIP150...ok
   - randomStatetest292_d0g0v0_EIP158...ok
ok
   - randomStatetest292_d0g0v0_Frontier...ok
   - Opcodes_TransactionInit_d21g0v0_EIP158...   - modexp_0_1_0_25000_d0g2v0_Byzantium...ok
   - randomStatetest292_d0g0v0_Homestead...ok
   - Opcodes_TransactionInit_d21g0v0_Frontier...ok
   - randomStatetest82_d0g0v0_Byzantium...ok
   - modexp_0_1_0_25000_d0g2v0_EIP150...ok
   - Opcodes_TransactionInit_d21g0v0_Homestead...ok
   - modexp_0_1_0_25000_d0g2v0_EIP158...ok
   - randomStatetest82_d0g0v0_EIP150...ok
   - Opcodes_TransactionInit_d1g0v0_Byzantium...ok
   - modexp_0_1_0_25000_d0g2v0_Frontier...ok
   - Opcodes_TransactionInit_d1g0v0_EIP150...ok
   - randomStatetest82_d0g0v0_EIP158...ok
   - Opcodes_TransactionInit_d1g0v0_EIP158...ok
   - randomStatetest82_d0g0v0_Frontier...ok
   - modexp_0_1_0_25000_d0g2v0_Homestead...ok
   - Opcodes_TransactionInit_d1g0v0_Frontier...ok
   - randomStatetest82_d0g0v0_Homestead...ok
ok
   - Opcodes_TransactionInit_d1g0v0_Homestead...   - modexp_3_09984_39936_22000_d0g3v0_Byzantium...ok
   - randomStatetest556_d0g0v0_Byzantium...ok
   - SuicidesMixingCoinbase_d0g0v0_Byzantium...ok
   - modexp_3_09984_39936_22000_d0g3v0_EIP150...ok
   - SuicidesMixingCoinbase_d0g0v0_EIP150...ok
   - randomStatetest556_d0g0v0_EIP150...ok
   - modexp_3_09984_39936_22000_d0g3v0_EIP158...ok
   - SuicidesMixingCoinbase_d0g0v0_EIP158...ok
   - modexp_3_09984_39936_22000_d0g3v0_Frontier...ok
   - randomStatetest556_d0g0v0_EIP158...ok
   - modexp_3_09984_39936_22000_d0g3v0_Homestead...ok
   - SuicidesMixingCoinbase_d0g0v0_Frontier...ok
ok
   - randomStatetest556_d0g0v0_Frontier...   - modexp_d17g1v0_Byzantium...ok
   - SuicidesMixingCoinbase_d0g0v0_Homestead...ok
   - randomStatetest556_d0g0v0_Homestead...ok
   - modexp_d17g1v0_EIP150...ok
   - Opcodes_TransactionInit_d40g0v0_Byzantium...ok
   - randomStatetest219_d0g0v0_Byzantium...ok
   - Opcodes_TransactionInit_d40g0v0_EIP150...ok
   - modexp_d17g1v0_EIP158...ok
   - randomStatetest219_d0g0v0_EIP150...ok
   - Opcodes_TransactionInit_d40g0v0_EIP158...ok
   - randomStatetest219_d0g0v0_EIP158...ok
   - modexp_d17g1v0_Frontier...ok
   - Opcodes_TransactionInit_d40g0v0_Frontier...ok
   - randomStatetest219_d0g0v0_Frontier...ok
   - modexp_d17g1v0_Homestead...ok
   - Opcodes_TransactionInit_d40g0v0_Homestead...ok
   - randomStatetest219_d0g0v0_Homestead...ok
ok
   - TransactionNonceCheck_d0g0v0_Byzantium...   - modexp_3_28948_11579_20500_d0g3v0_Byzantium...ok
   - randomStatetest324_d0g0v0_Byzantium...ok
   - TransactionNonceCheck_d0g0v0_EIP150...ok
   - modexp_3_28948_11579_20500_d0g3v0_EIP150...ok
   - randomStatetest324_d0g0v0_EIP150...ok
   - TransactionNonceCheck_d0g0v0_EIP158...ok
   - modexp_3_28948_11579_20500_d0g3v0_EIP158...ok
   - randomStatetest324_d0g0v0_EIP158...ok
   - modexp_3_28948_11579_20500_d0g3v0_Frontier...ok
   - TransactionNonceCheck_d0g0v0_Frontier...ok
   - modexp_3_28948_11579_20500_d0g3v0_Homestead...ok
   - static_Call50000_sha256_d1g0v0_EIP150...ok
   - randomStatetest324_d0g0v0_Frontier...ok
   - TransactionNonceCheck_d0g0v0_Homestead...ok
   - static_Call50000_sha256_d1g0v0_EIP158...ok
ok
   - randomStatetest324_d0g0v0_Homestead...   - modexp_d9g2v0_Byzantium...ok
   - Opcodes_TransactionInit_d93g0v0_Byzantium...ok
   - static_Call50000_sha256_d1g0v0_Frontier...ok
   - randomStatetest397_d0g0v0_Byzantium...ok
   - Opcodes_TransactionInit_d93g0v0_EIP150...ok
   - modexp_d9g2v0_EIP150...ok
   - randomStatetest397_d0g0v0_EIP150...ok
   - static_Call50000_sha256_d1g0v0_Homestead...ok
ok
   - modexp_d9g2v0_EIP158...ok
   - randomStatetest397_d0g0v0_EIP158...ok
   - Opcodes_TransactionInit_d93g0v0_EIP158...ok
   - randomStatetest397_d0g0v0_Frontier...ok
   - modexp_d9g2v0_Frontier...ok
   - Opcodes_TransactionInit_d93g0v0_Frontier...ok
   - randomStatetest397_d0g0v0_Homestead...ok
   - Opcodes_TransactionInit_d93g0v0_Homestead...   - static_Call50000bytesContract50_1_d1g0v0_Byzantium...ok
   - modexp_d9g2v0_Homestead...ok
   - randomStatetest616_d0g0v0_Byzantium...ok
ok
   - randomStatetest616_d0g0v0_EIP150...   - Opcodes_TransactionInit_d3g0v0_Byzantium...ok
   - CallSha256_1_nonzeroValue_d0g0v0_Byzantium...ok
   - randomStatetest616_d0g0v0_EIP158...ok
   - Opcodes_TransactionInit_d3g0v0_EIP150...ok
   - randomStatetest616_d0g0v0_Frontier...ok
   - CallSha256_1_nonzeroValue_d0g0v0_EIP150...ok
   - randomStatetest616_d0g0v0_Homestead...ok
   - Opcodes_TransactionInit_d3g0v0_EIP158...ok
   - static_Call50000bytesContract50_1_d1g0v0_EIP150...ok
   - CallSha256_1_nonzeroValue_d0g0v0_EIP158...ok
   - randomStatetest269_d0g0v0_Byzantium...ok
   - Opcodes_TransactionInit_d3g0v0_Frontier...ok
   - static_Call50000bytesContract50_1_d1g0v0_EIP158...ok
   - randomStatetest269_d0g0v0_EIP150...ok
   - CallSha256_1_nonzeroValue_d0g0v0_Frontier...ok
   - Opcodes_TransactionInit_d3g0v0_Homestead...ok
   - CallSha256_1_nonzeroValue_d0g0v0_Homestead...ok
   - static_Call50000bytesContract50_1_d1g0v0_Frontier...ok
   - randomStatetest269_d0g0v0_EIP158...ok
   - Opcodes_TransactionInit_d8g0v0_Byzantium...ok
ok
   - randomStatetest269_d0g0v0_Frontier...ok
   - static_Call50000bytesContract50_1_d1g0v0_Homestead...ok
   - Opcodes_TransactionInit_d8g0v0_EIP150...   - modexp_1_0_1_155000_d0g0v0_Byzantium...ok
   - randomStatetest269_d0g0v0_Homestead...ok
ok
   - Opcodes_TransactionInit_d8g0v0_EIP158...   - static_callcallcallcode_001_OOGMAfter_d0g0v0_Byzantium...ok
   - modexp_1_0_1_155000_d0g0v0_EIP150...ok
   - randomStatetest474_d0g0v0_Byzantium...ok
   - Opcodes_TransactionInit_d8g0v0_Frontier...ok
   - modexp_1_0_1_155000_d0g0v0_EIP158...ok
   - static_callcallcallcode_001_OOGMAfter_d0g0v0_EIP150...ok
   - modexp_1_0_1_155000_d0g0v0_Frontier...ok
   - Opcodes_TransactionInit_d8g0v0_Homestead...ok
   - randomStatetest474_d0g0v0_EIP150...ok
   - static_callcallcallcode_001_OOGMAfter_d0g0v0_EIP158...ok
   - Opcodes_TransactionInit_d4g0v0_Byzantium...ok
   - modexp_1_0_1_155000_d0g0v0_Homestead...ok
   - randomStatetest474_d0g0v0_EIP158...ok
ok
   - Opcodes_TransactionInit_d4g0v0_EIP150...ok
   - static_callcallcallcode_001_OOGMAfter_d0g0v0_Frontier...ok
   - randomStatetest474_d0g0v0_Frontier...   - modexp_1_0_0_22000_d0g1v0_Byzantium...ok
   - Opcodes_TransactionInit_d4g0v0_EIP158...ok
   - static_callcallcallcode_001_OOGMAfter_d0g0v0_Homestead...ok
   - Opcodes_TransactionInit_d4g0v0_Frontier...ok
   - modexp_1_0_0_22000_d0g1v0_EIP150...ok
   - randomStatetest474_d0g0v0_Homestead...ok
   - Opcodes_TransactionInit_d4g0v0_Homestead...ok
   - static_CheckOpcodes_d1g1v0_Byzantium...ok
   - randomStatetest352_d0g0v0_Byzantium...ok
   - modexp_1_0_0_22000_d0g1v0_EIP158...ok
   - Opcodes_TransactionInit_d34g0v0_Byzantium...ok
   - modexp_1_0_0_22000_d0g1v0_Frontier...ok
   - static_CheckOpcodes_d1g1v0_EIP150...ok
   - randomStatetest352_d0g0v0_EIP150...ok
   - Opcodes_TransactionInit_d34g0v0_EIP150...ok
   - modexp_1_0_0_22000_d0g1v0_Homestead...ok
   - randomStatetest352_d0g0v0_EIP158...ok
   - static_CheckOpcodes_d1g1v0_EIP158...ok
   - Opcodes_TransactionInit_d34g0v0_EIP158...ok
   - modexp_55190_55190_42965_35000_d0g0v0_Byzantium...ok
   - randomStatetest352_d0g0v0_Frontier...ok
   - modexp_55190_55190_42965_35000_d0g0v0_EIP150...ok
   - static_CheckOpcodes_d1g1v0_Frontier...ok
   - Opcodes_TransactionInit_d34g0v0_Frontier...ok
   - randomStatetest352_d0g0v0_Homestead...ok
   - static_CheckOpcodes_d1g1v0_Homestead...ok
   - modexp_55190_55190_42965_35000_d0g0v0_EIP158...ok
   - Opcodes_TransactionInit_d34g0v0_Homestead...ok
   - static_CheckOpcodes4_d0g1v0_Byzantium...ok
   - randomStatetest368_d0g0v0_Byzantium...ok
   - RefundOverflow_d0g0v0_Byzantium...ok
   - modexp_55190_55190_42965_35000_d0g0v0_Frontier...ok
   - randomStatetest368_d0g0v0_EIP150...ok
   - modexp_55190_55190_42965_35000_d0g0v0_Homestead...ok
   - static_CheckOpcodes4_d0g1v0_EIP150...ok
   - RefundOverflow_d0g0v0_EIP150...ok
   - randomStatetest368_d0g0v0_EIP158...ok
   - RefundOverflow_d0g0v0_EIP158...ok
   - modexp_37120_37111_1_25000_d0g2v0_Byzantium...ok
   - static_CheckOpcodes4_d0g1v0_EIP158...ok
   - randomStatetest368_d0g0v0_Frontier...ok
   - RefundOverflow_d0g0v0_Frontier...ok
   - modexp_37120_37111_1_25000_d0g2v0_EIP150...ok
   - static_CheckOpcodes4_d0g1v0_Frontier...ok
   - randomStatetest368_d0g0v0_Homestead...ok
   - modexp_37120_37111_1_25000_d0g2v0_EIP158...ok
   - RefundOverflow_d0g0v0_Homestead...ok
   - RefundOverflow2_d0g0v0_Byzantium...ok
   - static_CheckOpcodes4_d0g1v0_Homestead...ok
   - modexp_37120_37111_1_25000_d0g2v0_Frontier...ok
   - randomStatetest642_d0g0v0_Byzantium...ok
   - static_CheckOpcodes5_d3g1v1_Byzantium...ok
   - RefundOverflow2_d0g0v0_EIP150...ok
   - modexp_37120_37111_1_25000_d0g2v0_Homestead...ok
   - RefundOverflow2_d0g0v0_EIP158...ok
   - static_CheckOpcodes5_d3g1v1_EIP150...ok
   - randomStatetest642_d0g0v0_EIP150...ok
   - static_CheckOpcodes5_d3g1v1_EIP158...ok
   - RefundOverflow2_d0g0v0_Frontier...ok
ok
   - static_CheckOpcodes5_d3g1v1_Frontier...ok
   - randomStatetest642_d0g0v0_EIP158...   - modexp_1_1_1_155000_d0g1v0_Byzantium...ok
   - static_CheckOpcodes5_d3g1v1_Homestead...ok
   - RefundOverflow2_d0g0v0_Homestead...ok
   - modexp_1_1_1_155000_d0g1v0_EIP150...ok
   - randomStatetest642_d0g0v0_Frontier...ok
   - modexp_1_1_1_155000_d0g1v0_EIP158...ok
   - static_callcallcall_000_OOGMAfter_d0g0v0_Byzantium...ok
   - modexp_1_1_1_155000_d0g1v0_Frontier...ok
   - Opcodes_TransactionInit_d81g0v0_Byzantium...ok
   - randomStatetest642_d0g0v0_Homestead...ok
   - static_callcallcall_000_OOGMAfter_d0g0v0_EIP150...ok
   - Opcodes_TransactionInit_d81g0v0_EIP150...ok
   - modexp_1_1_1_155000_d0g1v0_Homestead...ok
   - static_callcallcall_000_OOGMAfter_d0g0v0_EIP158...ok
   - randomStatetest549_d0g0v0_Byzantium...ok
   - modexp_37120_37111_0_20500_d0g3v0_Byzantium...ok
   - Opcodes_TransactionInit_d81g0v0_EIP158...ok
   - static_callcallcall_000_OOGMAfter_d0g0v0_Frontier...ok
   - randomStatetest549_d0g0v0_EIP150...ok
   - modexp_37120_37111_0_20500_d0g3v0_EIP150...ok
   - static_callcallcall_000_OOGMAfter_d0g0v0_Homestead...ok
   - randomStatetest549_d0g0v0_EIP158...ok
   - modexp_37120_37111_0_20500_d0g3v0_EIP158...ok
   - Opcodes_TransactionInit_d81g0v0_Frontier...ok
   - randomStatetest549_d0g0v0_Frontier...ok
   - static_callcallcallcode_001_OOGMBefore_d1g0v0_Byzantium...ok
   - Opcodes_TransactionInit_d81g0v0_Homestead...ok
   - modexp_37120_37111_0_20500_d0g3v0_Frontier...ok
   - static_callcallcallcode_001_OOGMBefore_d1g0v0_EIP150...ok
   - randomStatetest549_d0g0v0_Homestead...ok
   - Opcodes_TransactionInit_d94g0v0_Byzantium...ok
   - modexp_37120_37111_0_20500_d0g3v0_Homestead...ok
   - static_callcallcallcode_001_OOGMBefore_d1g0v0_EIP158...ok
   - randomStatetest122_d0g0v0_Byzantium...ok
   - Opcodes_TransactionInit_d94g0v0_EIP150...ok
ok
   - static_callcallcallcode_001_OOGMBefore_d1g0v0_Frontier...   - modexp_d28g2v0_Byzantium...ok
   - Opcodes_TransactionInit_d94g0v0_EIP158...ok
   - randomStatetest122_d0g0v0_EIP150...ok
   - randomStatetest122_d0g0v0_EIP158...ok
   - static_callcallcallcode_001_OOGMBefore_d1g0v0_Homestead...ok
   - modexp_d28g2v0_EIP150...ok
   - randomStatetest122_d0g0v0_Frontier...ok
   - Opcodes_TransactionInit_d94g0v0_Frontier...ok
   - static_CheckOpcodes4_d0g1v1_Byzantium...ok
   - randomStatetest122_d0g0v0_Homestead...ok
   - Opcodes_TransactionInit_d94g0v0_Homestead...ok
   - static_CheckOpcodes4_d0g1v1_EIP150...ok
   - modexp_d28g2v0_EIP158...ok
   - randomStatetest596_d0g0v0_Byzantium...ok
   - randomStatetest596_d0g0v0_EIP150...ok
   - TransactionToItself_d0g0v0_Byzantium...ok
   - modexp_d28g2v0_Frontier...ok
   - static_CheckOpcodes4_d0g1v1_EIP158...ok
   - TransactionToItself_d0g0v0_EIP150...ok
   - randomStatetest596_d0g0v0_EIP158...ok
   - TransactionToItself_d0g0v0_EIP158...ok
   - static_CheckOpcodes4_d0g1v1_Frontier...ok
   - modexp_d28g2v0_Homestead...ok
   - TransactionToItself_d0g0v0_Frontier...ok
   - static_CheckOpcodes4_d0g1v1_Homestead...ok
   - randomStatetest596_d0g0v0_Frontier...ok
   - TransactionToItself_d0g0v0_Homestead...ok
ok
   - randomStatetest596_d0g0v0_Homestead...   - modexp_1_0_0_35000_d0g1v0_Byzantium...ok
   - static_CheckOpcodes2_d0g1v0_Byzantium...ok
   - Opcodes_TransactionInit_d104g0v0_Byzantium...ok
   - Opcodes_TransactionInit_d104g0v0_EIP150...ok
   - randomStatetest249_d0g0v0_Byzantium...ok
   - modexp_1_0_0_35000_d0g1v0_EIP150...ok
   - static_CheckOpcodes2_d0g1v0_EIP150...ok
   - modexp_1_0_0_35000_d0g1v0_EIP158...ok
   - Opcodes_TransactionInit_d104g0v0_EIP158...ok
   - modexp_1_0_0_35000_d0g1v0_Frontier...ok
ok
   - static_CheckOpcodes2_d0g1v0_EIP158...   - randomStatetest249_d0g0v0_EIP150...ok
   - randomStatetest249_d0g0v0_EIP158...ok
   - Opcodes_TransactionInit_d104g0v0_Frontier...ok
   - static_CheckOpcodes2_d0g1v0_Frontier...ok
   - modexp_1_0_0_35000_d0g1v0_Homestead...ok
   - randomStatetest249_d0g0v0_Frontier...ok
   - Opcodes_TransactionInit_d104g0v0_Homestead...ok
   - static_CheckOpcodes2_d0g1v0_Homestead...ok
   - randomStatetest249_d0g0v0_Homestead...ok
   - Opcodes_TransactionInit_d22g0v0_Byzantium...ok
   - modexp_55190_55190_42965_155000_d0g2v0_Byzantium...ok
   - Opcodes_TransactionInit_d22g0v0_EIP150...ok
   - modexp_55190_55190_42965_155000_d0g2v0_EIP150...ok
   - randomStatetest156_d0g0v0_Byzantium...ok
   - static_callcodecallcodecall_110_SuicideMiddle_d0g0v0_Byzantium...ok
   - static_callcodecallcodecall_110_SuicideMiddle_d0g0v0_EIP150...ok
   - randomStatetest156_d0g0v0_EIP150...ok
   - modexp_55190_55190_42965_155000_d0g2v0_EIP158...ok
   - Opcodes_TransactionInit_d22g0v0_EIP158...ok
   - Opcodes_TransactionInit_d22g0v0_Frontier...ok
   - static_callcodecallcodecall_110_SuicideMiddle_d0g0v0_EIP158...ok
   - randomStatetest156_d0g0v0_EIP158...ok
   - randomStatetest156_d0g0v0_Frontier...ok
   - modexp_55190_55190_42965_155000_d0g2v0_Frontier...ok
   - Opcodes_TransactionInit_d22g0v0_Homestead...ok
   - static_callcodecallcodecall_110_SuicideMiddle_d0g0v0_Frontier...ok
   - randomStatetest156_d0g0v0_Homestead...ok
   - randomStatetest416_d0g0v0_Byzantium...ok
ok
   - modexp_55190_55190_42965_155000_d0g2v0_Homestead...   - static_callcodecallcodecall_110_SuicideMiddle_d0g0v0_Homestead...ok
   - CreateTransactionReverted_d0g0v0_Byzantium...ok
ok
   - randomStatetest416_d0g0v0_EIP150...ok
   - static_CallEcrecoverR_prefixed0_d0g0v0_Byzantium...ok
   - CreateTransactionReverted_d0g0v0_EIP150...   - modexp_0_0_0_20500_d0g3v0_Byzantium...ok
   - randomStatetest416_d0g0v0_EIP158...ok
   - static_CallEcrecoverR_prefixed0_d0g0v0_EIP150...ok
   - CreateTransactionReverted_d0g0v0_EIP158...ok
   - modexp_0_0_0_20500_d0g3v0_EIP150...ok
   - randomStatetest416_d0g0v0_Frontier...ok
   - CreateTransactionReverted_d0g0v0_Frontier...ok
   - static_CallEcrecoverR_prefixed0_d0g0v0_EIP158...ok
   - randomStatetest416_d0g0v0_Homestead...ok
   - modexp_0_0_0_20500_d0g3v0_EIP158...ok
   - static_CallEcrecoverR_prefixed0_d0g0v0_Frontier...ok
   - CreateTransactionReverted_d0g0v0_Homestead...ok
   - randomStatetest369_d0g0v0_Byzantium...ok
   - modexp_0_0_0_20500_d0g3v0_Frontier...ok
   - Opcodes_TransactionInit_d119g0v0_Byzantium...ok
   - Opcodes_TransactionInit_d119g0v0_EIP150...ok
   - static_CallEcrecoverR_prefixed0_d0g0v0_Homestead...ok
   - randomStatetest369_d0g0v0_EIP150...ok
   - modexp_0_0_0_20500_d0g3v0_Homestead...ok
   - Opcodes_TransactionInit_d119g0v0_EIP158...ok
   - static_callcodecallcodecall_110_SuicideMiddle2_d0g0v0_Byzantium...ok
   - randomStatetest369_d0g0v0_EIP158...ok
ok
   - static_callcodecallcodecall_110_SuicideMiddle2_d0g0v0_EIP150...ok
   - Opcodes_TransactionInit_d119g0v0_Frontier...   - modexp_1_0_1_35000_d0g2v0_Byzantium...ok
   - randomStatetest369_d0g0v0_Frontier...ok
   - static_callcodecallcodecall_110_SuicideMiddle2_d0g0v0_EIP158...ok
   - Opcodes_TransactionInit_d119g0v0_Homestead...ok
   - modexp_1_0_1_35000_d0g2v0_EIP150...ok
   - randomStatetest369_d0g0v0_Homestead...ok
   - Opcodes_TransactionInit_d20g0v0_Byzantium...ok
   - static_callcodecallcodecall_110_SuicideMiddle2_d0g0v0_Frontier...ok
   - modexp_1_0_1_35000_d0g2v0_EIP158...ok
   - Opcodes_TransactionInit_d20g0v0_EIP150...ok
   - randomStatetest387_d0g0v0_Byzantium...ok
   - modexp_1_0_1_35000_d0g2v0_Frontier...ok
   - static_callcodecallcodecall_110_SuicideMiddle2_d0g0v0_Homestead...ok
   - Opcodes_TransactionInit_d20g0v0_EIP158...ok
   - static_Call10_d1g0v0_Byzantium...ok
   - randomStatetest387_d0g0v0_EIP150...ok
   - modexp_1_0_1_35000_d0g2v0_Homestead...ok
   - Opcodes_TransactionInit_d20g0v0_Frontier...ok
   - static_Call10_d1g0v0_EIP150...ok
   - Opcodes_TransactionInit_d20g0v0_Homestead...ok
   - randomStatetest387_d0g0v0_EIP158...ok
ok
   - static_Call10_d1g0v0_EIP158...   - CallEcrecoverH_prefixed0_d0g0v0_Byzantium...ok
   - CallEcrecoverH_prefixed0_d0g0v0_EIP150...ok
   - Opcodes_TransactionInit_d125g0v0_Byzantium...ok
   - static_Call10_d1g0v0_Frontier...ok
   - randomStatetest387_d0g0v0_Frontier...ok
   - static_Call10_d1g0v0_Homestead...ok
   - CallEcrecoverH_prefixed0_d0g0v0_EIP158...ok
   - Opcodes_TransactionInit_d125g0v0_EIP150...ok
   - static_callcodecallcallcode_101_OOGMBefore_d0g0v0_Byzantium...ok
   - Opcodes_TransactionInit_d125g0v0_EIP158...ok
   - randomStatetest387_d0g0v0_Homestead...ok
   - CallEcrecoverH_prefixed0_d0g0v0_Frontier...ok
   - randomStatetest104_d0g0v0_Byzantium...ok
   - static_callcodecallcallcode_101_OOGMBefore_d0g0v0_EIP150...ok
   - Opcodes_TransactionInit_d125g0v0_Frontier...ok
   - CallEcrecoverH_prefixed0_d0g0v0_Homestead...ok
   - randomStatetest104_d0g0v0_EIP150...ok
   - static_callcodecallcallcode_101_OOGMBefore_d0g0v0_EIP158...ok
   - Opcodes_TransactionInit_d125g0v0_Homestead...ok
   - modexp_d28g1v0_Byzantium...ok
   - randomStatetest104_d0g0v0_EIP158...ok
   - Opcodes_TransactionInit_d53g0v0_Byzantium...ok
   - static_callcodecallcallcode_101_OOGMBefore_d0g0v0_Frontier...ok
   - modexp_d28g1v0_EIP150...ok
   - randomStatetest104_d0g0v0_Frontier...ok
   - Opcodes_TransactionInit_d53g0v0_EIP150...ok
   - static_callcodecallcallcode_101_OOGMBefore_d0g0v0_Homestead...ok
   - modexp_d28g1v0_EIP158...ok
   - randomStatetest104_d0g0v0_Homestead...ok
   - Opcodes_TransactionInit_d53g0v0_EIP158...ok
   - static_callcodecallcallcode_101_SuicideEnd_d0g0v0_Byzantium...ok
   - modexp_d28g1v0_Frontier...ok
   - static_callcodecallcallcode_101_SuicideEnd_d0g0v0_EIP150...ok
   - randomStatetest329_d0g0v0_Byzantium...ok
   - modexp_d28g1v0_Homestead...ok
   - Opcodes_TransactionInit_d53g0v0_Frontier...ok
   - static_callcodecallcallcode_101_SuicideEnd_d0g0v0_EIP158...ok
   - Opcodes_TransactionInit_d53g0v0_Homestead...ok
   - randomStatetest329_d0g0v0_EIP150...ok
ok
   - Opcodes_TransactionInit_d48g0v0_Byzantium...   - CallEcrecover80_d0g0v0_Byzantium...ok
   - static_callcodecallcallcode_101_SuicideEnd_d0g0v0_Frontier...ok
   - randomStatetest329_d0g0v0_EIP158...ok
   - Opcodes_TransactionInit_d48g0v0_EIP150...ok
   - static_callcodecallcallcode_101_SuicideEnd_d0g0v0_Homestead...ok
ok
   - Opcodes_TransactionInit_d48g0v0_EIP158...   - CallEcrecover80_d0g0v0_EIP150...ok
   - randomStatetest329_d0g0v0_Frontier...ok
   - static_callToCallCodeOpCodeCheck_d0g0v0_Byzantium...ok
   - CallEcrecover80_d0g0v0_EIP158...ok
   - Opcodes_TransactionInit_d48g0v0_Frontier...ok
   - static_callToCallCodeOpCodeCheck_d0g0v0_EIP150...ok
   - randomStatetest329_d0g0v0_Homestead...ok
   - Opcodes_TransactionInit_d48g0v0_Homestead...ok
   - CallEcrecover80_d0g0v0_Frontier...ok
   - Opcodes_TransactionInit_d51g0v0_Byzantium...ok
   - static_callToCallCodeOpCodeCheck_d0g0v0_EIP158...ok
ok
   - Opcodes_TransactionInit_d51g0v0_EIP150...   - randomStatetest2_d0g0v0_Byzantium...ok
   - CallEcrecover80_d0g0v0_Homestead...ok
   - static_callToCallCodeOpCodeCheck_d0g0v0_Frontier...ok
   - Opcodes_TransactionInit_d51g0v0_EIP158...ok
   - randomStatetest2_d0g0v0_EIP150...ok
ok
   - Opcodes_TransactionInit_d51g0v0_Frontier...ok
   - static_callToCallCodeOpCodeCheck_d0g0v0_Homestead...ok
   - randomStatetest2_d0g0v0_EIP158...   - modexp_0_3_100_20500_d0g1v0_Byzantium...ok
   - Opcodes_TransactionInit_d51g0v0_Homestead...ok
   - static_callcallcallcode_001_SuicideEnd2_d0g0v0_Byzantium...ok
   - modexp_0_3_100_20500_d0g1v0_EIP150...ok
   - randomStatetest2_d0g0v0_Frontier...ok
   - randomStatetest2_d0g0v0_Homestead...ok
   - Opcodes_TransactionInit_d29g0v0_Byzantium...ok
   - static_callcallcallcode_001_SuicideEnd2_d0g0v0_EIP150...ok
   - modexp_0_3_100_20500_d0g1v0_EIP158...ok
   - static_callcallcallcode_001_SuicideEnd2_d0g0v0_EIP158...ok
   - modexp_0_3_100_20500_d0g1v0_Frontier...ok
   - Opcodes_TransactionInit_d29g0v0_EIP150...ok
   - randomStatetest30_d0g0v0_Byzantium...ok
   - modexp_0_3_100_20500_d0g1v0_Homestead...ok
   - static_callcallcallcode_001_SuicideEnd2_d0g0v0_Frontier...ok
   - Opcodes_TransactionInit_d29g0v0_EIP158...ok
   - randomStatetest30_d0g0v0_EIP150...ok
ok
   - randomStatetest30_d0g0v0_EIP158...ok
   - static_callcallcallcode_001_SuicideEnd2_d0g0v0_Homestead...   - CallSha256_3_postfix0_d0g0v0_Byzantium...ok
   - Opcodes_TransactionInit_d29g0v0_Frontier...ok
   - randomStatetest30_d0g0v0_Frontier...ok
   - static_InternalCallHittingGasLimit2_d0g0v0_Byzantium...ok
   - Opcodes_TransactionInit_d29g0v0_Homestead...ok
   - randomStatetest30_d0g0v0_Homestead...ok
   - CallSha256_3_postfix0_d0g0v0_EIP150...ok
   - Opcodes_TransactionInit_d54g0v0_Byzantium...ok
   - static_InternalCallHittingGasLimit2_d0g0v0_EIP150...ok
   - randomStatetest135_d0g0v0_Byzantium...ok
   - CallSha256_3_postfix0_d0g0v0_EIP158...ok
   - Opcodes_TransactionInit_d54g0v0_EIP150...ok
   - static_InternalCallHittingGasLimit2_d0g0v0_EIP158...ok
   - randomStatetest135_d0g0v0_EIP150...ok
   - CallSha256_3_postfix0_d0g0v0_Frontier...ok
   - Opcodes_TransactionInit_d54g0v0_EIP158...ok
   - static_InternalCallHittingGasLimit2_d0g0v0_Frontier...ok
   - randomStatetest135_d0g0v0_EIP158...ok
   - CallSha256_3_postfix0_d0g0v0_Homestead...ok
   - Opcodes_TransactionInit_d54g0v0_Frontier...ok
   - randomStatetest135_d0g0v0_Frontier...ok
   - static_InternalCallHittingGasLimit2_d0g0v0_Homestead...ok
   - Opcodes_TransactionInit_d54g0v0_Homestead...ok
ok
   - static_CREATE_ContractSuicideDuringInit_d0g0v0_Byzantium...   - modexp_d26g0v0_Byzantium...ok
   - Opcodes_TransactionInit_d66g0v0_Byzantium...ok
   - randomStatetest135_d0g0v0_Homestead...ok
   - static_CREATE_ContractSuicideDuringInit_d0g0v0_EIP150...ok
   - randomStatetest456_d0g0v0_Byzantium...ok
   - Opcodes_TransactionInit_d66g0v0_EIP150...ok
   - modexp_d26g0v0_EIP150...ok
   - Opcodes_TransactionInit_d66g0v0_EIP158...ok
   - modexp_d26g0v0_EIP158...ok
   - static_CREATE_ContractSuicideDuringInit_d0g0v0_EIP158...ok
   - randomStatetest456_d0g0v0_EIP150...ok
   - static_CREATE_ContractSuicideDuringInit_d0g0v0_Frontier...ok
   - modexp_d26g0v0_Frontier...ok
   - static_CREATE_ContractSuicideDuringInit_d0g0v0_Homestead...ok
   - Opcodes_TransactionInit_d66g0v0_Frontier...ok
   - static_Call50000_identity2_d0g0v0_Byzantium...ok
   - modexp_d26g0v0_Homestead...ok
   - randomStatetest456_d0g0v0_EIP158...ok
   - Opcodes_TransactionInit_d66g0v0_Homestead...ok
ok
   - TransactionFromCoinbaseHittingBlockGasLimit_d0g0v0_Byzantium...ok
   - randomStatetest456_d0g0v0_Frontier...   - modexp_d15g3v0_Byzantium...ok
   - TransactionFromCoinbaseHittingBlockGasLimit_d0g0v0_EIP150...ok
   - randomStatetest456_d0g0v0_Homestead...ok
   - modexp_d15g3v0_EIP150...ok
   - TransactionFromCoinbaseHittingBlockGasLimit_d0g0v0_EIP158...ok
   - randomStatetest323_d0g0v0_Byzantium...ok
   - modexp_d15g3v0_EIP158...ok
   - TransactionFromCoinbaseHittingBlockGasLimit_d0g0v0_Frontier...ok
   - static_Call50000_identity2_d0g0v0_EIP150...ok
   - TransactionFromCoinbaseHittingBlockGasLimit_d0g0v0_Homestead...ok
   - static_Call50000_identity2_d0g0v0_EIP158...ok
   - modexp_d15g3v0_Frontier...ok
   - randomStatetest323_d0g0v0_EIP150...ok
   - Opcodes_TransactionInit_d67g0v0_Byzantium...ok
   - static_Call50000_identity2_d0g0v0_Frontier...ok
   - randomStatetest323_d0g0v0_EIP158...ok
   - modexp_d15g3v0_Homestead...ok
   - Opcodes_TransactionInit_d67g0v0_EIP150...ok
   - static_Call50000_identity2_d0g0v0_Homestead...ok
   - randomStatetest323_d0g0v0_Frontier...ok
ok
   - randomStatetest323_d0g0v0_Homestead...ok
   - static_ZeroValue_CALL_OOGRevert_d0g0v0_Byzantium...   - modexp_49_2401_2401_1000000_d0g2v0_Byzantium...ok
   - Opcodes_TransactionInit_d67g0v0_EIP158...ok
   - Opcodes_TransactionInit_d67g0v0_Frontier...ok
   - static_ZeroValue_CALL_OOGRevert_d0g0v0_EIP150...ok
   - randomStatetest53_d0g0v0_Byzantium...ok
   - modexp_49_2401_2401_1000000_d0g2v0_EIP150...ok
   - Opcodes_TransactionInit_d67g0v0_Homestead...ok
   - static_ZeroValue_CALL_OOGRevert_d0g0v0_EIP158...ok
   - randomStatetest53_d0g0v0_EIP150...ok
ok
   - static_ZeroValue_CALL_OOGRevert_d0g0v0_Frontier...   - InternalCallHittingGasLimit2_d0g0v0_Byzantium...ok
   - modexp_49_2401_2401_1000000_d0g2v0_EIP158...ok
   - InternalCallHittingGasLimit2_d0g0v0_EIP150...ok
   - randomStatetest53_d0g0v0_EIP158...ok
   - static_ZeroValue_CALL_OOGRevert_d0g0v0_Homestead...ok
   - modexp_49_2401_2401_1000000_d0g2v0_Frontier...ok
   - InternalCallHittingGasLimit2_d0g0v0_EIP158...ok
   - randomStatetest53_d0g0v0_Frontier...ok
   - modexp_49_2401_2401_1000000_d0g2v0_Homestead...ok
ok
   - randomStatetest53_d0g0v0_Homestead...   - static_CheckOpcodes2_d4g0v1_Byzantium...ok
   - InternalCallHittingGasLimit2_d0g0v0_Frontier...ok
ok
   - randomStatetest83_d0g0v0_Byzantium...   - modexp_37120_22411_22000_d0g0v0_Byzantium...ok
   - InternalCallHittingGasLimit2_d0g0v0_Homestead...ok
   - randomStatetest83_d0g0v0_EIP150...ok
   - static_CheckOpcodes2_d4g0v1_EIP150...ok
   - modexp_37120_22411_22000_d0g0v0_EIP150...ok
   - randomStatetest83_d0g0v0_EIP158...ok
   - CreateTransactionSuccess_d0g0v0_Byzantium...ok
   - static_CheckOpcodes2_d4g0v1_EIP158...ok
   - CreateTransactionSuccess_d0g0v0_EIP150...ok
   - modexp_37120_22411_22000_d0g0v0_EIP158...ok
   - randomStatetest83_d0g0v0_Frontier...ok
   - static_CheckOpcodes2_d4g0v1_Frontier...ok
   - CreateTransactionSuccess_d0g0v0_EIP158...ok
   - modexp_37120_22411_22000_d0g0v0_Frontier...ok
   - static_CheckOpcodes2_d4g0v1_Homestead...ok
   - modexp_37120_22411_22000_d0g0v0_Homestead...ok
   - CreateTransactionSuccess_d0g0v0_Frontier...ok
   - randomStatetest83_d0g0v0_Homestead...ok
   - CreateTransactionSuccess_d0g0v0_Homestead...ok
   - CallRipemd160_3_d0g0v0_Byzantium...ok
   - static_callcodecallcodecall_110_OOGMAfter2_d0g0v1_Byzantium...ok
   - randomStatetest237_d0g0v0_Byzantium...ok
   - Opcodes_TransactionInit_d55g0v0_Byzantium...ok
   - CallRipemd160_3_d0g0v0_EIP150...ok
   - randomStatetest237_d0g0v0_EIP150...ok
   - static_callcodecallcodecall_110_OOGMAfter2_d0g0v1_EIP150...ok
   - CallRipemd160_3_d0g0v0_EIP158...ok
   - Opcodes_TransactionInit_d55g0v0_EIP150...ok
   - static_callcodecallcodecall_110_OOGMAfter2_d0g0v1_EIP158...ok
   - CallRipemd160_3_d0g0v0_Frontier...ok
   - randomStatetest237_d0g0v0_EIP158...ok
   - static_callcodecallcodecall_110_OOGMAfter2_d0g0v1_Frontier...ok
   - Opcodes_TransactionInit_d55g0v0_EIP158...ok
   - CallRipemd160_3_d0g0v0_Homestead...ok
   - randomStatetest237_d0g0v0_Frontier...ok
   - Opcodes_TransactionInit_d55g0v0_Frontier...ok
   - static_callcodecallcodecall_110_OOGMAfter2_d0g0v1_Homestead...ok
ok
   - Opcodes_TransactionInit_d55g0v0_Homestead...ok
   - randomStatetest237_d0g0v0_Homestead...ok
   - static_callcodecallcodecall_110_OOGMBefore2_d0g0v1_Byzantium...ok
   - Opcodes_TransactionInit_d115g0v0_Byzantium...ok
   - static_callcodecallcodecall_110_OOGMBefore2_d0g0v1_EIP150...ok
   - randomStatetest534_d0g0v0_Byzantium...   - CALLCODERipemd160_5_d0g0v0_Byzantium...ok
   - Opcodes_TransactionInit_d115g0v0_EIP150...ok
   - CALLCODERipemd160_5_d0g0v0_EIP150...ok
   - static_callcodecallcodecall_110_OOGMBefore2_d0g0v1_EIP158...ok
   - Opcodes_TransactionInit_d115g0v0_EIP158...ok
   - randomStatetest534_d0g0v0_EIP150...ok
   - static_callcodecallcodecall_110_OOGMBefore2_d0g0v1_Frontier...ok
   - CALLCODERipemd160_5_d0g0v0_EIP158...ok
   - static_callcodecallcodecall_110_OOGMBefore2_d0g0v1_Homestead...ok
   - randomStatetest534_d0g0v0_EIP158...ok
   - Opcodes_TransactionInit_d115g0v0_Frontier...ok
   - static_callcallcodecallcode_011_OOGMAfter_d1g0v0_Byzantium...ok
   - randomStatetest534_d0g0v0_Frontier...ok
   - CALLCODERipemd160_5_d0g0v0_Frontier...ok
   - static_callcallcodecallcode_011_OOGMAfter_d1g0v0_EIP150...ok
   - Opcodes_TransactionInit_d115g0v0_Homestead...ok
   - CALLCODERipemd160_5_d0g0v0_Homestead...ok
   - randomStatetest534_d0g0v0_Homestead...ok
   - static_callcallcodecallcode_011_OOGMAfter_d1g0v0_EIP158...ok
   - static_callcallcodecallcode_011_OOGMAfter_d1g0v0_Frontier...ok
   - Opcodes_TransactionInit_d113g0v0_Byzantium...ok
   - randomStatetest358_d0g0v0_Byzantium...ok
ok
   - static_callcallcodecallcode_011_OOGMAfter_d1g0v0_Homestead...   - CallIdentitiy_0_d0g0v0_Byzantium...ok
   - Opcodes_TransactionInit_d113g0v0_EIP150...ok
   - randomStatetest358_d0g0v0_EIP150...ok
   - static_callCreate2_d1g0v0_Byzantium...ok
   - CallIdentitiy_0_d0g0v0_EIP150...ok
   - Opcodes_TransactionInit_d113g0v0_EIP158...ok
   - randomStatetest358_d0g0v0_EIP158...ok
   - static_callCreate2_d1g0v0_EIP150...ok
   - CallIdentitiy_0_d0g0v0_EIP158...ok
   - Opcodes_TransactionInit_d113g0v0_Frontier...ok
   - randomStatetest358_d0g0v0_Frontier...ok
   - static_callCreate2_d1g0v0_EIP158...ok
   - CallIdentitiy_0_d0g0v0_Frontier...ok
   - static_callCreate2_d1g0v0_Frontier...ok
   - Opcodes_TransactionInit_d113g0v0_Homestead...ok
   - randomStatetest358_d0g0v0_Homestead...ok
   - CallIdentitiy_0_d0g0v0_Homestead...ok
   - randomStatetest52_d0g0v0_Byzantium...ok
   - static_callCreate2_d1g0v0_Homestead...ok
   - Opcodes_TransactionInit_d33g0v0_Byzantium...ok
ok
   - randomStatetest52_d0g0v0_EIP150...ok
   - Opcodes_TransactionInit_d33g0v0_EIP150...   - modexp_d0g1v0_Byzantium...ok
   - static_RawCallGasAsk_d2g0v0_Byzantium...ok
   - modexp_d0g1v0_EIP150...ok
   - randomStatetest52_d0g0v0_EIP158...ok
   - static_RawCallGasAsk_d2g0v0_EIP150...ok
   - Opcodes_TransactionInit_d33g0v0_EIP158...ok
   - modexp_d0g1v0_EIP158...ok
   - randomStatetest52_d0g0v0_Frontier...ok
   - static_RawCallGasAsk_d2g0v0_EIP158...ok
   - static_RawCallGasAsk_d2g0v0_Frontier...ok
   - Opcodes_TransactionInit_d33g0v0_Frontier...ok
   - modexp_d0g1v0_Frontier...ok
   - randomStatetest52_d0g0v0_Homestead...ok
ok
   - static_RawCallGasAsk_d2g0v0_Homestead...   - randomStatetest380_d0g0v0_Byzantium...ok
   - modexp_d0g1v0_Homestead...ok
   - Opcodes_TransactionInit_d33g0v0_Homestead...ok
ok
   - randomStatetest380_d0g0v0_EIP150...ok
   - Opcodes_TransactionInit_d56g0v0_Byzantium...   - modexp_0_0_0_35000_d0g3v0_Byzantium...ok
   - static_callcallcode_01_OOGE_2_d1g0v0_Byzantium...ok
   - static_callcallcode_01_OOGE_2_d1g0v0_EIP150...ok
   - randomStatetest380_d0g0v0_EIP158...ok
   - modexp_0_0_0_35000_d0g3v0_EIP150...ok
   - Opcodes_TransactionInit_d56g0v0_EIP150...ok
   - static_callcallcode_01_OOGE_2_d1g0v0_EIP158...ok
   - randomStatetest380_d0g0v0_Frontier...ok
   - modexp_0_0_0_35000_d0g3v0_EIP158...ok
   - Opcodes_TransactionInit_d56g0v0_EIP158...ok
   - randomStatetest380_d0g0v0_Homestead...ok
   - static_callcallcode_01_OOGE_2_d1g0v0_Frontier...ok
   - modexp_0_0_0_35000_d0g3v0_Frontier...ok
   - Opcodes_TransactionInit_d56g0v0_Frontier...ok
   - static_callcallcode_01_OOGE_2_d1g0v0_Homestead...ok
   - randomStatetest410_d0g0v0_Byzantium...ok
   - modexp_0_0_0_35000_d0g3v0_Homestead...ok
   - Opcodes_TransactionInit_d56g0v0_Homestead...ok
   - static_callcall_00_OOGE_d0g0v0_Byzantium...ok
   - modexp_37120_37111_1_1000000_d0g2v0_Byzantium...ok
   - Opcodes_TransactionInit_d101g0v0_Byzantium...ok
   - randomStatetest410_d0g0v0_EIP150...ok
   - static_callcall_00_OOGE_d0g0v0_EIP150...ok
   - modexp_37120_37111_1_1000000_d0g2v0_EIP150...ok
   - static_callcall_00_OOGE_d0g0v0_EIP158...ok
   - Opcodes_TransactionInit_d101g0v0_EIP150...ok
   - modexp_37120_37111_1_1000000_d0g2v0_EIP158...ok
   - randomStatetest410_d0g0v0_EIP158...ok
   - modexp_37120_37111_1_1000000_d0g2v0_Frontier...ok
   - randomStatetest410_d0g0v0_Frontier...ok
   - Opcodes_TransactionInit_d101g0v0_EIP158...ok
   - randomStatetest410_d0g0v0_Homestead...ok
   - static_callcall_00_OOGE_d0g0v0_Frontier...ok
   - modexp_37120_37111_1_1000000_d0g2v0_Homestead...ok
   - static_callcall_00_OOGE_d0g0v0_Homestead...ok
   - randomStatetest221_d0g0v0_Byzantium...ok
ok
   - modexp_d15g0v0_Byzantium...   - static_CallIdentity_3_d0g0v0_Byzantium...ok
   - Opcodes_TransactionInit_d101g0v0_Frontier...ok
   - randomStatetest221_d0g0v0_EIP150...ok
   - randomStatetest221_d0g0v0_EIP158...ok
   - modexp_d15g0v0_EIP150...ok
   - static_CallIdentity_3_d0g0v0_EIP150...ok
   - Opcodes_TransactionInit_d101g0v0_Homestead...ok
   - static_CallIdentity_3_d0g0v0_EIP158...ok
   - modexp_d15g0v0_EIP158...ok
   - randomStatetest221_d0g0v0_Frontier...ok
   - randomStatetest221_d0g0v0_Homestead...ok
   - InternalCallHittingGasLimit_d0g0v0_Byzantium...ok
   - static_CallIdentity_3_d0g0v0_Frontier...ok
   - modexp_d15g0v0_Frontier...ok
   - randomStatetest632_d0g0v0_Byzantium...ok
   - static_CallIdentity_3_d0g0v0_Homestead...ok
   - modexp_d15g0v0_Homestead...ok
   - InternalCallHittingGasLimit_d0g0v0_EIP150...ok
   - static_callcallcodecallcode_011_OOGMAfter_1_d0g0v0_Byzantium...ok
   - CALLCODEEcrecoverV_prefixedf0_d1g0v0_Byzantium...ok
   - randomStatetest632_d0g0v0_EIP150...ok
   - static_callcallcodecallcode_011_OOGMAfter_1_d0g0v0_EIP150...ok
   - CALLCODEEcrecoverV_prefixedf0_d1g0v0_EIP150...ok
   - InternalCallHittingGasLimit_d0g0v0_EIP158...ok
   - CALLCODEEcrecoverV_prefixedf0_d1g0v0_EIP158...ok
   - randomStatetest632_d0g0v0_EIP158...ok
   - CALLCODEEcrecoverV_prefixedf0_d1g0v0_Frontier...ok
   - static_callcallcodecallcode_011_OOGMAfter_1_d0g0v0_EIP158...ok
   - InternalCallHittingGasLimit_d0g0v0_Frontier...ok
   - randomStatetest632_d0g0v0_Frontier...ok
   - CALLCODEEcrecoverV_prefixedf0_d1g0v0_Homestead...ok
   - static_callcallcodecallcode_011_OOGMAfter_1_d0g0v0_Frontier...ok
   - InternalCallHittingGasLimit_d0g0v0_Homestead...ok
   - static_callcallcodecallcode_011_OOGMAfter_1_d0g0v0_Homestead...ok
   - randomStatetest632_d0g0v0_Homestead...ok
   - modexp_1_0_1_1000000_d0g0v0_Byzantium...ok
   - randomStatetest291_d0g0v0_Byzantium...ok
ok
   - Opcodes_TransactionInit_d60g0v0_Byzantium...   - static_ExecuteCallThatAskForeGasThenTrabsactionHas_d0g0v0_Byzantium...ok
   - modexp_1_0_1_1000000_d0g0v0_EIP150...ok
   - randomStatetest291_d0g0v0_EIP150...ok
   - Opcodes_TransactionInit_d60g0v0_EIP150...ok
   - static_ExecuteCallThatAskForeGasThenTrabsactionHas_d0g0v0_EIP150...ok
   - modexp_1_0_1_1000000_d0g0v0_EIP158...ok
ok
   - randomStatetest291_d0g0v0_EIP158...   - Opcodes_TransactionInit_d60g0v0_EIP158...ok
   - static_ExecuteCallThatAskForeGasThenTrabsactionHas_d0g0v0_EIP158...ok
   - modexp_1_0_1_1000000_d0g0v0_Frontier...ok
   - randomStatetest291_d0g0v0_Frontier...ok
   - Opcodes_TransactionInit_d60g0v0_Frontier...ok
   - static_ExecuteCallThatAskForeGasThenTrabsactionHas_d0g0v0_Frontier...ok
   - modexp_1_0_1_1000000_d0g0v0_Homestead...ok
   - Opcodes_TransactionInit_d60g0v0_Homestead...ok
   - randomStatetest291_d0g0v0_Homestead...ok
   - static_ExecuteCallThatAskForeGasThenTrabsactionHas_d0g0v0_Homestead...ok
ok
   - Opcodes_TransactionInit_d46g0v0_Byzantium...   - modexp_d14g3v0_Byzantium...ok
   - static_refund_CallToSuicideTwice_d1g0v0_Byzantium...ok
ok
   - Opcodes_TransactionInit_d46g0v0_EIP150...   - randomStatetest422_d0g0v0_Byzantium...ok
   - modexp_d14g3v0_EIP150...ok
   - static_refund_CallToSuicideTwice_d1g0v0_EIP150...ok
   - Opcodes_TransactionInit_d46g0v0_EIP158...ok
   - modexp_d14g3v0_EIP158...ok
   - static_refund_CallToSuicideTwice_d1g0v0_EIP158...ok
   - randomStatetest422_d0g0v0_EIP150...ok
   - modexp_d14g3v0_Frontier...ok
   - Opcodes_TransactionInit_d46g0v0_Frontier...ok
   - static_refund_CallToSuicideTwice_d1g0v0_Frontier...ok
   - modexp_d14g3v0_Homestead...ok
   - randomStatetest422_d0g0v0_EIP158...ok
   - static_refund_CallToSuicideTwice_d1g0v0_Homestead...ok
   - Opcodes_TransactionInit_d46g0v0_Homestead...ok
   - static_callcallcode_01_2_d1g0v0_Byzantium...ok
ok
   - randomStatetest422_d0g0v0_Frontier...   - modexp_49_2401_2401_1000000_d0g0v0_Byzantium...ok
   - Opcodes_TransactionInit_d38g0v0_Byzantium...ok
   - modexp_49_2401_2401_1000000_d0g0v0_EIP150...ok
   - static_callcallcode_01_2_d1g0v0_EIP150...ok
   - randomStatetest422_d0g0v0_Homestead...ok
   - Opcodes_TransactionInit_d38g0v0_EIP150...ok
   - randomStatetest341_d0g0v0_Byzantium...ok
   - modexp_49_2401_2401_1000000_d0g0v0_EIP158...ok
   - static_callcallcode_01_2_d1g0v0_EIP158...ok
   - Opcodes_TransactionInit_d38g0v0_EIP158...ok
   - randomStatetest341_d0g0v0_EIP150...ok
   - modexp_49_2401_2401_1000000_d0g0v0_Frontier...ok
   - static_callcallcode_01_2_d1g0v0_Frontier...ok
   - Opcodes_TransactionInit_d38g0v0_Frontier...ok
   - randomStatetest341_d0g0v0_EIP158...ok
   - Opcodes_TransactionInit_d38g0v0_Homestead...ok
   - modexp_49_2401_2401_1000000_d0g0v0_Homestead...ok
   - static_callcallcode_01_2_d1g0v0_Homestead...ok
ok
   - randomStatetest341_d0g0v0_Frontier...ok
   - Opcodes_TransactionInit_d30g0v0_Byzantium...   - modexp_37120_37111_37111_155000_d0g0v0_Byzantium...ok
   - static_callcodecallcallcode_ABCB_RECURSIVE_d0g0v0_Byzantium...ok
   - static_callcodecallcallcode_ABCB_RECURSIVE_d0g0v0_EIP150...ok
   - randomStatetest341_d0g0v0_Homestead...ok
   - Opcodes_TransactionInit_d30g0v0_EIP150...ok
   - modexp_37120_37111_37111_155000_d0g0v0_EIP150...ok
   - randomStatetest487_d0g0v0_Byzantium...ok
   - static_callcodecallcallcode_ABCB_RECURSIVE_d0g0v0_EIP158...ok
   - Opcodes_TransactionInit_d30g0v0_EIP158...ok
   - modexp_37120_37111_37111_155000_d0g0v0_EIP158...ok
   - randomStatetest487_d0g0v0_EIP150...ok
   - Opcodes_TransactionInit_d30g0v0_Frontier...ok
   - static_callcodecallcallcode_ABCB_RECURSIVE_d0g0v0_Frontier...ok
   - modexp_37120_37111_37111_155000_d0g0v0_Frontier...ok
   - randomStatetest487_d0g0v0_EIP158...ok
   - static_callcodecallcallcode_ABCB_RECURSIVE_d0g0v0_Homestead...ok
   - Opcodes_TransactionInit_d30g0v0_Homestead...ok
   - randomStatetest487_d0g0v0_Frontier...ok
   - modexp_37120_37111_37111_155000_d0g0v0_Homestead...ok
   - static_CallSha256_3_postfix0_d0g0v0_Byzantium...ok
ok
   - randomStatetest487_d0g0v0_Homestead...ok
   - Opcodes_TransactionInit_d31g0v0_Byzantium...   - modexp_d32g1v0_Byzantium...ok
   - static_CallSha256_3_postfix0_d0g0v0_EIP150...ok
   - randomStatetest624_d0g0v0_Byzantium...ok
   - modexp_d32g1v0_EIP150...ok
   - Opcodes_TransactionInit_d31g0v0_EIP150...ok
   - static_CallSha256_3_postfix0_d0g0v0_EIP158...ok
   - randomStatetest624_d0g0v0_EIP150...ok
   - modexp_d32g1v0_EIP158...ok
   - Opcodes_TransactionInit_d31g0v0_EIP158...ok
   - static_CallSha256_3_postfix0_d0g0v0_Frontier...ok
   - randomStatetest624_d0g0v0_EIP158...ok
   - modexp_d32g1v0_Frontier...ok
   - Opcodes_TransactionInit_d31g0v0_Frontier...ok
   - static_CallSha256_3_postfix0_d0g0v0_Homestead...ok
   - randomStatetest624_d0g0v0_Frontier...ok
   - modexp_d32g1v0_Homestead...ok
   - Opcodes_TransactionInit_d31g0v0_Homestead...ok
   - static_callcallcode_01_SuicideEnd_d0g0v0_Byzantium...ok
   - randomStatetest624_d0g0v0_Homestead...ok
   - modexp_9_3711_37111_25000_d0g0v0_Byzantium...ok
   - Opcodes_TransactionInit_d120g0v0_Byzantium...ok
   - randomStatetest281_d0g0v0_Byzantium...ok
   - static_callcallcode_01_SuicideEnd_d0g0v0_EIP150...ok
   - modexp_9_3711_37111_25000_d0g0v0_EIP150...ok
   - randomStatetest281_d0g0v0_EIP150...ok
   - Opcodes_TransactionInit_d120g0v0_EIP150...ok
   - static_callcallcode_01_SuicideEnd_d0g0v0_EIP158...ok
   - randomStatetest281_d0g0v0_EIP158...ok
   - modexp_9_3711_37111_25000_d0g0v0_EIP158...ok
   - Opcodes_TransactionInit_d120g0v0_EIP158...ok
   - randomStatetest281_d0g0v0_Frontier...ok
   - Opcodes_TransactionInit_d120g0v0_Frontier...ok
   - static_callcallcode_01_SuicideEnd_d0g0v0_Frontier...ok
   - modexp_9_3711_37111_25000_d0g0v0_Frontier...ok
   - Opcodes_TransactionInit_d120g0v0_Homestead...ok
   - randomStatetest281_d0g0v0_Homestead...ok
   - modexp_9_3711_37111_25000_d0g0v0_Homestead...ok
   - TransactionSendingToEmpty_d0g0v0_Byzantium...ok
   - static_callcallcode_01_SuicideEnd_d0g0v0_Homestead...ok
   - randomStatetest500_d0g0v0_Byzantium...ok
   - static_CheckOpcodes5_d3g0v0_Byzantium...ok
   - modexp_0_1_0_1000000_d0g3v0_Byzantium...ok
   - randomStatetest500_d0g0v0_EIP150...ok
   - modexp_0_1_0_1000000_d0g3v0_EIP150...ok
   - TransactionSendingToEmpty_d0g0v0_EIP150...ok
   - static_CheckOpcodes5_d3g0v0_EIP150...ok
   - modexp_0_1_0_1000000_d0g3v0_EIP158...ok
   - randomStatetest500_d0g0v0_EIP158...ok
   - TransactionSendingToEmpty_d0g0v0_EIP158...ok
   - TransactionSendingToEmpty_d0g0v0_Frontier...ok
   - static_CheckOpcodes5_d3g0v0_EIP158...ok
   - modexp_0_1_0_1000000_d0g3v0_Frontier...ok
   - randomStatetest500_d0g0v0_Frontier...ok
   - static_CheckOpcodes5_d3g0v0_Frontier...ok
   - TransactionSendingToEmpty_d0g0v0_Homestead...ok
   - modexp_0_1_0_1000000_d0g3v0_Homestead...ok
   - randomStatetest500_d0g0v0_Homestead...ok
   - static_CheckOpcodes5_d3g0v0_Homestead...ok
   - randomStatetest307_d0g0v0_Byzantium...ok
ok
   - Opcodes_TransactionInit_d92g0v0_Byzantium...   - modexp_49_2401_2401_35000_d0g1v0_Byzantium...ok
   - static_callcodecallcodecall_1102_d0g0v0_Byzantium...ok
   - randomStatetest307_d0g0v0_EIP150...ok
   - static_callcodecallcodecall_1102_d0g0v0_EIP150...ok
   - Opcodes_TransactionInit_d92g0v0_EIP150...ok
   - modexp_49_2401_2401_35000_d0g1v0_EIP150...ok
   - randomStatetest307_d0g0v0_EIP158...ok
   - static_callcodecallcodecall_1102_d0g0v0_EIP158...ok
   - Opcodes_TransactionInit_d92g0v0_EIP158...ok
   - randomStatetest307_d0g0v0_Frontier...ok
   - modexp_49_2401_2401_35000_d0g1v0_EIP158...ok
   - randomStatetest307_d0g0v0_Homestead...ok
   - Opcodes_TransactionInit_d92g0v0_Frontier...ok
   - static_callcodecallcodecall_1102_d0g0v0_Frontier...ok
   - modexp_49_2401_2401_35000_d0g1v0_Frontier...ok
   - Opcodes_TransactionInit_d92g0v0_Homestead...ok
   - static_callcodecallcodecall_1102_d0g0v0_Homestead...ok
ok
   - randomStatetest155_d0g0v0_Byzantium...   - static_callcodecallcall_100_OOGMAfter_3_d0g0v1_Byzantium...ok
   - modexp_49_2401_2401_35000_d0g1v0_Homestead...ok
   - Opcodes_TransactionInit_d27g0v0_Byzantium...ok
   - static_callcodecallcall_100_OOGMAfter_3_d0g0v1_EIP150...ok
   - Opcodes_TransactionInit_d27g0v0_EIP150...ok
ok
   - randomStatetest155_d0g0v0_EIP150...ok
   - static_callcodecallcall_100_OOGMAfter_3_d0g0v1_EIP158...   - modexp_0_0_0_155000_d0g0v0_Byzantium...ok
   - Opcodes_TransactionInit_d27g0v0_EIP158...ok
   - Opcodes_TransactionInit_d27g0v0_Frontier...ok
   - randomStatetest155_d0g0v0_EIP158...ok
   - static_callcodecallcall_100_OOGMAfter_3_d0g0v1_Frontier...ok
   - modexp_0_0_0_155000_d0g0v0_EIP150...ok
   - Opcodes_TransactionInit_d27g0v0_Homestead...ok
   - Opcodes_TransactionInit_d0g0v0_Byzantium...ok
   - modexp_0_0_0_155000_d0g0v0_EIP158...ok
   - randomStatetest155_d0g0v0_Frontier...ok
   - static_callcodecallcall_100_OOGMAfter_3_d0g0v1_Homestead...ok
   - randomStatetest155_d0g0v0_Homestead...ok
   - static_InternalCallHittingGasLimit_d0g0v0_Byzantium...ok
   - Opcodes_TransactionInit_d0g0v0_EIP150...ok
   - randomStatetest124_d0g0v0_Byzantium...ok
   - Opcodes_TransactionInit_d0g0v0_EIP158...ok
   - modexp_0_0_0_155000_d0g0v0_Frontier...ok
   - Opcodes_TransactionInit_d0g0v0_Frontier...ok
   - static_InternalCallHittingGasLimit_d0g0v0_EIP150...ok
   - randomStatetest124_d0g0v0_EIP150...ok
   - modexp_0_0_0_155000_d0g0v0_Homestead...ok
   - Opcodes_TransactionInit_d0g0v0_Homestead...ok
   - static_InternalCallHittingGasLimit_d0g0v0_EIP158...ok
   - randomStatetest124_d0g0v0_EIP158...ok
ok
   - InternlCallStoreClearsSucces_d0g0v0_Byzantium...ok
   - static_InternalCallHittingGasLimit_d0g0v0_Frontier...   - modexp_9_3711_37111_25000_d0g3v0_Byzantium...ok
   - randomStatetest124_d0g0v0_Frontier...ok
   - modexp_9_3711_37111_25000_d0g3v0_EIP150...ok
   - static_InternalCallHittingGasLimit_d0g0v0_Homestead...ok
   - modexp_9_3711_37111_25000_d0g3v0_EIP158...ok
   - randomStatetest124_d0g0v0_Homestead...ok
   - InternlCallStoreClearsSucces_d0g0v0_EIP150...ok
   - static_callcallcodecallcode_ABCB_RECURSIVE2_d0g0v0_Byzantium...ok
   - InternlCallStoreClearsSucces_d0g0v0_EIP158...ok
   - modexp_9_3711_37111_25000_d0g3v0_Frontier...ok
   - static_callcallcodecallcode_ABCB_RECURSIVE2_d0g0v0_EIP150...ok
   - randomStatetest103_d0g0v0_Byzantium...ok
   - InternlCallStoreClearsSucces_d0g0v0_Frontier...ok
   - modexp_9_3711_37111_25000_d0g3v0_Homestead...ok
   - static_callcallcodecallcode_ABCB_RECURSIVE2_d0g0v0_EIP158...ok
   - randomStatetest103_d0g0v0_EIP150...ok
   - InternlCallStoreClearsSucces_d0g0v0_Homestead...ok
   - static_callcallcodecallcode_ABCB_RECURSIVE2_d0g0v0_Frontier...ok
   - CallSha256_1_d0g0v0_Byzantium...ok
   - SuicidesAndSendMoneyToItselfEtherDestroyed_d0g0v0_Byzantium...ok
   - static_callcallcodecallcode_ABCB_RECURSIVE2_d0g0v0_Homestead...ok
   - randomStatetest103_d0g0v0_EIP158...ok
   - CallSha256_1_d0g0v0_EIP150...ok
   - randomStatetest103_d0g0v0_Frontier...ok
   - static_CheckOpcodes3_d4g0v0_Byzantium...ok
   - SuicidesAndSendMoneyToItselfEtherDestroyed_d0g0v0_EIP150...ok
   - CallSha256_1_d0g0v0_EIP158...ok
   - SuicidesAndSendMoneyToItselfEtherDestroyed_d0g0v0_EIP158...ok
   - static_CheckOpcodes3_d4g0v0_EIP150...ok
   - randomStatetest103_d0g0v0_Homestead...ok
   - CallSha256_1_d0g0v0_Frontier...ok
   - SuicidesAndSendMoneyToItselfEtherDestroyed_d0g0v0_Frontier...ok
   - CallSha256_1_d0g0v0_Homestead...ok
   - randomStatetest264_d0g0v0_Byzantium...ok
   - static_CheckOpcodes3_d4g0v0_EIP158...ok
ok
   - SuicidesAndSendMoneyToItselfEtherDestroyed_d0g0v0_Homestead...   - CALLCODERipemd160_0_d0g0v0_Byzantium...ok
ok
   - TransactionDataCosts652_d0g0v0_Byzantium...   - static_CheckOpcodes3_d4g0v0_Frontier...ok
   - randomStatetest264_d0g0v0_EIP150...ok
   - CALLCODERipemd160_0_d0g0v0_EIP150...ok
   - TransactionDataCosts652_d0g0v0_EIP150...ok
   - static_CheckOpcodes3_d4g0v0_Homestead...ok
   - randomStatetest264_d0g0v0_EIP158...ok
   - CALLCODERipemd160_0_d0g0v0_EIP158...ok
   - TransactionDataCosts652_d0g0v0_EIP158...ok
   - static_callcallcallcode_001_2_d1g0v0_Byzantium...ok
   - randomStatetest264_d0g0v0_Frontier...ok
   - TransactionDataCosts652_d0g0v0_Frontier...ok
   - CALLCODERipemd160_0_d0g0v0_Frontier...ok
   - TransactionDataCosts652_d0g0v0_Homestead...ok
   - static_callcallcallcode_001_2_d1g0v0_EIP150...ok
   - randomStatetest264_d0g0v0_Homestead...ok
ok
   - CALLCODERipemd160_0_d0g0v0_Homestead...   - static_callcallcallcode_001_2_d1g0v0_EIP158...ok
   - InternalCallHittingGasLimitSuccess_d0g0v0_Byzantium...ok
   - randomStatetest608_d0g0v0_Byzantium...ok
   - modexp_1_1_1_25000_d0g2v0_Byzantium...ok
   - static_callcallcallcode_001_2_d1g0v0_Frontier...ok
   - InternalCallHittingGasLimitSuccess_d0g0v0_EIP150...ok
   - randomStatetest608_d0g0v0_EIP150...ok
   - modexp_1_1_1_25000_d0g2v0_EIP150...ok
   - InternalCallHittingGasLimitSuccess_d0g0v0_EIP158...ok
   - static_callcallcallcode_001_2_d1g0v0_Homestead...ok
   - modexp_1_1_1_25000_d0g2v0_EIP158...ok
   - InternalCallHittingGasLimitSuccess_d0g0v0_Frontier...ok
   - randomStatetest608_d0g0v0_EIP158...ok
   - static_CallEcrecover0_0input_d1g0v0_Byzantium...ok
   - InternalCallHittingGasLimitSuccess_d0g0v0_Homestead...ok
   - randomStatetest608_d0g0v0_Frontier...ok
   - modexp_1_1_1_25000_d0g2v0_Frontier...ok
   - static_CallEcrecover0_0input_d1g0v0_EIP150...ok
   - randomStatetest608_d0g0v0_Homestead...ok
   - Opcodes_TransactionInit_d74g0v0_Byzantium...ok
   - static_CallEcrecover0_0input_d1g0v0_EIP158...ok
   - modexp_1_1_1_25000_d0g2v0_Homestead...ok
   - Opcodes_TransactionInit_d74g0v0_EIP150...ok
   - static_CallEcrecover0_0input_d1g0v0_Frontier...ok
   - randomStatetest313_d0g0v0_Byzantium...ok
   - CALLCODERipemd160_3_d0g0v0_Byzantium...ok
   - Opcodes_TransactionInit_d74g0v0_EIP158...ok
   - CALLCODERipemd160_3_d0g0v0_EIP150...ok
   - randomStatetest313_d0g0v0_EIP150...ok
   - static_CallEcrecover0_0input_d1g0v0_Homestead...ok
   - Opcodes_TransactionInit_d74g0v0_Frontier...ok
   - randomStatetest313_d0g0v0_EIP158...ok
   - CALLCODERipemd160_3_d0g0v0_EIP158...ok
ok
   - randomStatetest313_d0g0v0_Frontier...ok
   - Opcodes_TransactionInit_d74g0v0_Homestead...ok
ok
   - CALLCODERipemd160_3_d0g0v0_Frontier...   - Opcodes_TransactionInit_d61g0v0_Byzantium...ok
   - randomStatetest313_d0g0v0_Homestead...ok
ok
   - Opcodes_TransactionInit_d61g0v0_EIP150...   - randomStatetest244_d0g0v0_Byzantium...ok
   - CALLCODERipemd160_3_d0g0v0_Homestead...   - static_Call50000bytesContract50_1_d0g0v0_Byzantium...ok
   - Opcodes_TransactionInit_d61g0v0_EIP158...ok
   - randomStatetest244_d0g0v0_EIP150...ok
   - Opcodes_TransactionInit_d61g0v0_Frontier...ok
ok
   - static_Call50000bytesContract50_1_d0g0v0_EIP150...   - modexp_d10g2v0_Byzantium...ok
   - Opcodes_TransactionInit_d61g0v0_Homestead...ok
   - randomStatetest244_d0g0v0_EIP158...ok
   - randomStatetest244_d0g0v0_Frontier...ok
ok
   - static_Call50000bytesContract50_1_d0g0v0_EIP158...   - Opcodes_TransactionInit_d91g0v0_Byzantium...ok
   - modexp_d10g2v0_EIP150...ok
   - modexp_d10g2v0_EIP158...ok
   - randomStatetest244_d0g0v0_Homestead...ok
   - Opcodes_TransactionInit_d91g0v0_EIP150...ok
   - static_Call50000bytesContract50_1_d0g0v0_Frontier...ok
ok
   - modexp_d10g2v0_Frontier...   - randomStatetest133_d0g0v0_Byzantium...ok
   - Opcodes_TransactionInit_d91g0v0_EIP158...ok
   - static_Call50000bytesContract50_1_d0g0v0_Homestead...ok
   - modexp_d10g2v0_Homestead...ok
   - randomStatetest133_d0g0v0_EIP150...ok
ok
   - Opcodes_TransactionInit_d91g0v0_Frontier...   - static_callcallcodecall_010_SuicideMiddle_d0g0v0_Byzantium...ok
   - Opcodes_TransactionInit_d91g0v0_Homestead...ok
   - randomStatetest133_d0g0v0_EIP158...ok
   - static_callcallcodecall_010_SuicideMiddle_d0g0v0_EIP150...ok
   - modexp_d28g3v0_Byzantium...ok
   - static_callcallcodecall_010_SuicideMiddle_d0g0v0_EIP158...ok
   - Opcodes_TransactionInit_d88g0v0_Byzantium...ok
   - randomStatetest133_d0g0v0_Frontier...ok
   - static_callcallcodecall_010_SuicideMiddle_d0g0v0_Frontier...ok
   - modexp_d28g3v0_EIP150...ok
   - static_callcallcodecall_010_SuicideMiddle_d0g0v0_Homestead...ok
   - randomStatetest133_d0g0v0_Homestead...ok
   - Opcodes_TransactionInit_d88g0v0_EIP150...ok
   - modexp_d28g3v0_EIP158...ok
   - static_CallRipemd160_5_d0g0v0_Byzantium...ok
   - randomStatetest398_d0g0v0_Byzantium...ok
   - Opcodes_TransactionInit_d88g0v0_EIP158...ok
   - modexp_d28g3v0_Frontier...ok
   - randomStatetest398_d0g0v0_EIP150...ok
   - static_CallRipemd160_5_d0g0v0_EIP150...ok
   - modexp_d28g3v0_Homestead...ok
   - Opcodes_TransactionInit_d88g0v0_Frontier...ok
   - randomStatetest398_d0g0v0_EIP158...ok
ok
   - static_CallRipemd160_5_d0g0v0_EIP158...   - modexp_d18g2v0_Byzantium...ok
   - Opcodes_TransactionInit_d88g0v0_Homestead...ok
   - randomStatetest398_d0g0v0_Frontier...ok
   - modexp_d18g2v0_EIP150...ok
   - static_CallRipemd160_5_d0g0v0_Frontier...ok
   - UserTransactionZeroCostWithData_d0g0v0_Byzantium...ok
   - randomStatetest398_d0g0v0_Homestead...ok
   - static_CallRipemd160_5_d0g0v0_Homestead...ok
   - modexp_d18g2v0_EIP158...ok
   - randomStatetest18_d0g0v0_Byzantium...ok
   - UserTransactionZeroCostWithData_d0g0v0_EIP150...ok
   - static_log_Caller_d3g0v0_Byzantium...ok
   - randomStatetest18_d0g0v0_EIP150...ok
   - modexp_d18g2v0_Frontier...ok
   - UserTransactionZeroCostWithData_d0g0v0_EIP158...ok
   - randomStatetest18_d0g0v0_EIP158...ok
   - randomStatetest18_d0g0v0_Frontier...ok
   - modexp_d18g2v0_Homestead...ok
   - randomStatetest18_d0g0v0_Homestead...ok
ok
   - static_log_Caller_d3g0v0_EIP150...ok
   - UserTransactionZeroCostWithData_d0g0v0_Frontier...   - modexp_1_0_1_35000_d0g3v0_Byzantium...ok
   - randomStatetest536_d0g0v0_Byzantium...ok
   - static_log_Caller_d3g0v0_EIP158...ok
   - UserTransactionZeroCostWithData_d0g0v0_Homestead...ok
   - modexp_1_0_1_35000_d0g3v0_EIP150...ok
   - randomStatetest536_d0g0v0_EIP150...ok
ok
   - static_log_Caller_d3g0v0_Frontier...   - ContractStoreClearsOOG_d0g0v0_Byzantium...ok
   - modexp_1_0_1_35000_d0g3v0_EIP158...ok
   - randomStatetest536_d0g0v0_EIP158...ok
   - static_log_Caller_d3g0v0_Homestead...ok
   - modexp_1_0_1_35000_d0g3v0_Frontier...ok
   - ContractStoreClearsOOG_d0g0v0_EIP150...ok
   - static_CallToNameRegistrator0_d0g0v0_Byzantium...ok
   - randomStatetest536_d0g0v0_Frontier...ok
   - modexp_1_0_1_35000_d0g3v0_Homestead...ok
   - static_CallToNameRegistrator0_d0g0v0_EIP150...ok
   - ContractStoreClearsOOG_d0g0v0_EIP158...ok
ok
   - static_CallToNameRegistrator0_d0g0v0_EIP158...ok
   - randomStatetest536_d0g0v0_Homestead...   - modexp_0_1_0_35000_d0g1v0_Byzantium...ok
   - ContractStoreClearsOOG_d0g0v0_Frontier...ok
   - static_CallToNameRegistrator0_d0g0v0_Frontier...ok
   - randomStatetest633_d0g0v0_Byzantium...ok
   - modexp_0_1_0_35000_d0g1v0_EIP150...ok
   - ContractStoreClearsOOG_d0g0v0_Homestead...ok
   - static_CallToNameRegistrator0_d0g0v0_Homestead...ok
   - UserTransactionZeroCost_d0g0v0_Byzantium...ok
   - randomStatetest633_d0g0v0_EIP150...ok
   - modexp_0_1_0_35000_d0g1v0_EIP158...ok
   - UserTransactionZeroCost_d0g0v0_EIP150...ok
ok
   - modexp_0_1_0_35000_d0g1v0_Frontier...   - static_callcodecall_10_OOGE_2_d0g0v0_Byzantium...ok
   - UserTransactionZeroCost_d0g0v0_EIP158...ok
   - randomStatetest633_d0g0v0_EIP158...ok
   - UserTransactionZeroCost_d0g0v0_Frontier...ok
   - modexp_0_1_0_35000_d0g1v0_Homestead...ok
   - static_callcodecall_10_OOGE_2_d0g0v0_EIP150...ok
   - modexp_d2g0v0_Byzantium...ok
   - randomStatetest633_d0g0v0_Frontier...ok
   - UserTransactionZeroCost_d0g0v0_Homestead...ok
   - modexp_d2g0v0_EIP150...ok
   - static_callcodecall_10_OOGE_2_d0g0v0_EIP158...ok
   - Opcodes_TransactionInit_d13g0v0_Byzantium...ok
   - randomStatetest633_d0g0v0_Homestead...ok
   - modexp_d2g0v0_EIP158...ok
   - static_callcodecall_10_OOGE_2_d0g0v0_Frontier...ok
   - modexp_d2g0v0_Frontier...ok
   - Opcodes_TransactionInit_d13g0v0_EIP150...ok
   - static_callcodecall_10_OOGE_2_d0g0v0_Homestead...ok
   - modexp_d2g0v0_Homestead...ok
   - randomStatetest36_d0g0v0_Byzantium...ok
   - static_callBasic_d3g0v0_Byzantium...ok
ok
   - Opcodes_TransactionInit_d13g0v0_EIP158...   - modexp_3_09984_39936_22000_d0g0v0_Byzantium...ok
   - static_callBasic_d3g0v0_EIP150...ok
   - modexp_3_09984_39936_22000_d0g0v0_EIP150...ok
   - Opcodes_TransactionInit_d13g0v0_Frontier...ok
   - Opcodes_TransactionInit_d13g0v0_Homestead...ok
   - static_callBasic_d3g0v0_EIP158...ok
   - modexp_3_09984_39936_22000_d0g0v0_EIP158...ok
   - Opcodes_TransactionInit_d28g0v0_Byzantium...ok
   - static_callBasic_d3g0v0_Frontier...ok
   - modexp_3_09984_39936_22000_d0g0v0_Frontier...ok
   - static_callBasic_d3g0v0_Homestead...ok
   - Opcodes_TransactionInit_d28g0v0_EIP150...ok
   - modexp_3_09984_39936_22000_d0g0v0_Homestead...ok
ok
   - Opcodes_TransactionInit_d28g0v0_EIP158...   - static_CallRipemd160_2_d0g0v0_Byzantium...ok
   - Opcodes_TransactionInit_d28g0v0_Frontier...ok
   - randomStatetest36_d0g0v0_EIP150...ok
ok
   - static_CallRipemd160_2_d0g0v0_EIP150...   - modexp_3_5_100_35000_d0g2v0_Byzantium...ok
   - Opcodes_TransactionInit_d28g0v0_Homestead...ok
   - static_CallRipemd160_2_d0g0v0_EIP158...ok
   - TransactionToAddressh160minusOne_d0g0v0_Byzantium...ok
   - modexp_3_5_100_35000_d0g2v0_EIP150...ok
   - modexp_3_5_100_35000_d0g2v0_EIP158...ok
   - static_CallRipemd160_2_d0g0v0_Frontier...ok
   - TransactionToAddressh160minusOne_d0g0v0_EIP150...ok
   - static_CallRipemd160_2_d0g0v0_Homestead...ok
   - TransactionToAddressh160minusOne_d0g0v0_EIP158...ok
   - modexp_3_5_100_35000_d0g2v0_Frontier...ok
   - static_callcodecallcallcode_101_OOGE_2_d0g0v0_Byzantium...ok
   - modexp_3_5_100_35000_d0g2v0_Homestead...ok
   - randomStatetest36_d0g0v0_EIP158...ok
   - TransactionToAddressh160minusOne_d0g0v0_Frontier...ok
   - static_callcodecallcallcode_101_OOGE_2_d0g0v0_EIP150...ok
   - modexp_0_0_0_155000_d0g2v0_Byzantium...ok
   - static_callcodecallcallcode_101_OOGE_2_d0g0v0_EIP158...ok
   - TransactionToAddressh160minusOne_d0g0v0_Homestead...ok
   - modexp_0_0_0_155000_d0g2v0_EIP150...ok
   - Opcodes_TransactionInit_d10g0v0_Byzantium...ok
   - static_callcodecallcallcode_101_OOGE_2_d0g0v0_Frontier...ok
   - modexp_0_0_0_155000_d0g2v0_EIP158...ok
   - Opcodes_TransactionInit_d10g0v0_EIP150...ok
   - modexp_0_0_0_155000_d0g2v0_Frontier...ok
   - static_callcodecallcallcode_101_OOGE_2_d0g0v0_Homestead...ok
   - Opcodes_TransactionInit_d10g0v0_EIP158...ok
   - static_Call1024BalanceTooLow_d1g0v0_Byzantium...ok
   - modexp_0_0_0_155000_d0g2v0_Homestead...ok
   - Opcodes_TransactionInit_d10g0v0_Frontier...ok
   - randomStatetest36_d0g0v0_Frontier...ok
   - Opcodes_TransactionInit_d10g0v0_Homestead...ok
ok
   - static_Call1024BalanceTooLow_d1g0v0_EIP150...   - modexp_55190_55190_42965_1000000_d0g3v0_Byzantium...ok
   - Opcodes_TransactionInit_d79g0v0_Byzantium...ok
   - modexp_55190_55190_42965_1000000_d0g3v0_EIP150...ok
   - static_Call1024BalanceTooLow_d1g0v0_EIP158...ok
   - modexp_55190_55190_42965_1000000_d0g3v0_EIP158...ok
   - Opcodes_TransactionInit_d79g0v0_EIP150...ok
   - static_Call1024BalanceTooLow_d1g0v0_Frontier...ok
   - modexp_55190_55190_42965_1000000_d0g3v0_Frontier...ok
   - Opcodes_TransactionInit_d79g0v0_EIP158...ok
   - static_Call1024BalanceTooLow_d1g0v0_Homestead...ok
   - modexp_55190_55190_42965_1000000_d0g3v0_Homestead...ok
   - Opcodes_TransactionInit_d79g0v0_Frontier...ok
   - modexp_d33g2v0_Byzantium...ok
   - static_contractCreationMakeCallThatAskMoreGasThenTransactionProvided_d1g0v0_Byzantium...ok
   - Opcodes_TransactionInit_d79g0v0_Homestead...ok
   - modexp_d33g2v0_EIP150...ok
   - randomStatetest36_d0g0v0_Homestead...ok
ok
   - static_contractCreationMakeCallThatAskMoreGasThenTransactionProvided_d1g0v0_EIP150...   - Opcodes_TransactionInit_d23g0v0_Byzantium...ok
   - modexp_d33g2v0_EIP158...ok
   - Opcodes_TransactionInit_d23g0v0_EIP150...ok
   - static_contractCreationMakeCallThatAskMoreGasThenTransactionProvided_d1g0v0_EIP158...ok
   - modexp_d33g2v0_Frontier...ok
   - static_contractCreationMakeCallThatAskMoreGasThenTransactionProvided_d1g0v0_Frontier...ok
   - Opcodes_TransactionInit_d23g0v0_EIP158...ok
   - modexp_d33g2v0_Homestead...ok
   - modexp_d32g2v0_Byzantium...ok
   - static_contractCreationMakeCallThatAskMoreGasThenTransactionProvided_d1g0v0_Homestead...ok
   - Opcodes_TransactionInit_d23g0v0_Frontier...ok
   - Opcodes_TransactionInit_d23g0v0_Homestead...ok
   - static_callChangeRevert_d2g0v0_Byzantium...ok
test json_tests::chain::block_tests::BlockchainTests_GeneralStateTest_stTransactionTest ... ok
ok
   - modexp_d32g2v0_EIP150...   - createNameRegistratorPerTxsNotEnoughGasAt_d0g0v0_Byzantium...ok
   - randomStatetest574_d0g0v0_Byzantium...ok
   - createNameRegistratorPerTxsNotEnoughGasAt_d0g0v0_EIP150...ok
   - static_callChangeRevert_d2g0v0_EIP150...ok
   - modexp_d32g2v0_EIP158...ok
   - createNameRegistratorPerTxsNotEnoughGasAt_d0g0v0_EIP158...ok
   - randomStatetest574_d0g0v0_EIP150...ok
   - static_callChangeRevert_d2g0v0_EIP158...ok
   - randomStatetest574_d0g0v0_EIP158...ok
   - modexp_d32g2v0_Frontier...ok
   - createNameRegistratorPerTxsNotEnoughGasAt_d0g0v0_Frontier...ok
   - static_callChangeRevert_d2g0v0_Frontier...ok
   - randomStatetest574_d0g0v0_Frontier...ok
   - static_callChangeRevert_d2g0v0_Homestead...ok
   - modexp_d32g2v0_Homestead...ok
ok
   - randomStatetest574_d0g0v0_Homestead...   - createNameRegistratorPerTxsNotEnoughGasAt_d0g0v0_Homestead...ok
   - static_callOutput3Fail_d0g0v0_Byzantium...ok
ok
   - createNameRegistratorPerTxsAt_d0g0v0_Byzantium...   - modexp_49_2401_2401_35000_d0g3v0_Byzantium...ok
ok
   - modexp_49_2401_2401_35000_d0g3v0_EIP150...   - randomStatetest312_d0g0v0_Byzantium...ok
   - static_callOutput3Fail_d0g0v0_EIP150...ok
   - createNameRegistratorPerTxsAt_d0g0v0_EIP150...ok
   - modexp_49_2401_2401_35000_d0g3v0_EIP158...ok
   - randomStatetest312_d0g0v0_EIP150...ok
   - static_callOutput3Fail_d0g0v0_EIP158...ok
   - modexp_49_2401_2401_35000_d0g3v0_Frontier...ok
   - createNameRegistratorPerTxsAt_d0g0v0_EIP158...ok
   - modexp_49_2401_2401_35000_d0g3v0_Homestead...ok
   - randomStatetest312_d0g0v0_EIP158...ok
   - createNameRegistratorPerTxsAt_d0g0v0_Frontier...ok
   - static_callOutput3Fail_d0g0v0_Frontier...ok
   - modexp_d1g2v0_Byzantium...ok
   - modexp_d1g2v0_EIP150...ok
   - randomStatetest312_d0g0v0_Frontier...ok
   - static_callOutput3Fail_d0g0v0_Homestead...ok
   - createNameRegistratorPerTxsAt_d0g0v0_Homestead...ok
   - randomStatetest312_d0g0v0_Homestead...ok
   - modexp_d1g2v0_EIP158...ok
   - createNameRegistratorPerTxsBefore_d0g0v0_Byzantium...ok
ok
   - static_log_Caller_d0g0v0_Byzantium...   - randomStatetest328_d0g0v0_Byzantium...ok
   - modexp_d1g2v0_Frontier...ok
   - static_log_Caller_d0g0v0_EIP150...ok
   - randomStatetest328_d0g0v0_EIP150...ok
   - createNameRegistratorPerTxsBefore_d0g0v0_EIP150...ok
   - modexp_d1g2v0_Homestead...ok
   - static_log_Caller_d0g0v0_EIP158...ok
   - createNameRegistratorPerTxsBefore_d0g0v0_EIP158...ok
   - randomStatetest328_d0g0v0_EIP158...ok
   - createNameRegistratorPerTxsBefore_d0g0v0_Frontier...ok
   - randomStatetest328_d0g0v0_Frontier...ok
ok
   - static_log_Caller_d0g0v0_Frontier...   - modexp_37120_37111_97_35000_d0g2v0_Byzantium...ok
   - createNameRegistratorPerTxsBefore_d0g0v0_Homestead...ok
   - randomStatetest328_d0g0v0_Homestead...ok
   - modexp_37120_37111_97_35000_d0g2v0_EIP150...ok
   - static_log_Caller_d0g0v0_Homestead...ok
   - createNameRegistratorPerTxsNotEnoughGasBefore_d0g0v0_Byzantium...ok
   - randomStatetest558_d0g0v0_Byzantium...ok
   - static_callcall_00_d1g0v0_Byzantium...ok
   - modexp_37120_37111_97_35000_d0g2v0_EIP158...ok
   - createNameRegistratorPerTxsNotEnoughGasBefore_d0g0v0_EIP150...ok
   - createNameRegistratorPerTxsNotEnoughGasBefore_d0g0v0_EIP158...ok
   - modexp_37120_37111_97_35000_d0g2v0_Frontier...ok
   - randomStatetest558_d0g0v0_EIP150...ok
   - createNameRegistratorPerTxsNotEnoughGasBefore_d0g0v0_Frontier...ok
   - static_callcall_00_d1g0v0_EIP150...ok
   - modexp_37120_37111_97_35000_d0g2v0_Homestead...ok
   - static_callcall_00_d1g0v0_EIP158...ok
ok
   - createNameRegistratorPerTxsNotEnoughGasBefore_d0g0v0_Homestead...ok
   - randomStatetest558_d0g0v0_EIP158...   - modexp_37120_37111_0_1000000_d0g0v0_Byzantium...ok
   - delegatecallAfterTransition_d0g0v0_Byzantium...ok
   - static_callcall_00_d1g0v0_Frontier...ok
   - randomStatetest558_d0g0v0_Frontier...ok
   - modexp_37120_37111_0_1000000_d0g0v0_EIP150...ok
   - modexp_37120_37111_0_1000000_d0g0v0_EIP158...ok
   - static_callcall_00_d1g0v0_Homestead...ok
   - delegatecallAfterTransition_d0g0v0_EIP150...ok
   - randomStatetest558_d0g0v0_Homestead...ok
   - modexp_37120_37111_0_1000000_d0g0v0_Frontier...ok
   - delegatecallAfterTransition_d0g0v0_EIP158...ok
   - static_Call50000_sha256_d0g0v0_Byzantium...ok
   - randomStatetest404_d0g0v0_Byzantium...ok
   - modexp_37120_37111_0_1000000_d0g0v0_Homestead...ok
   - delegatecallAfterTransition_d0g0v0_Frontier...ok
   - randomStatetest404_d0g0v0_EIP150...ok
   - modexp_37120_37111_1_155000_d0g1v0_Byzantium...ok
ok
   - delegatecallAfterTransition_d0g0v0_Homestead...   - randomStatetest404_d0g0v0_EIP158...ok
   - modexp_37120_37111_1_155000_d0g1v0_EIP150...ok
   - delegatecallBeforeTransition_d0g0v0_Byzantium...ok
   - randomStatetest404_d0g0v0_Frontier...ok
   - modexp_37120_37111_1_155000_d0g1v0_EIP158...ok
   - delegatecallBeforeTransition_d0g0v0_EIP150...ok
   - modexp_37120_37111_1_155000_d0g1v0_Frontier...ok
   - randomStatetest404_d0g0v0_Homestead...ok
   - modexp_37120_37111_1_155000_d0g1v0_Homestead...ok
   - randomStatetest618_d0g0v0_Byzantium...ok
   - delegatecallBeforeTransition_d0g0v0_EIP158...ok
   - delegatecallBeforeTransition_d0g0v0_Frontier...ok
   - modexp_d25g0v0_Byzantium...ok
   - delegatecallBeforeTransition_d0g0v0_Homestead...ok
   - randomStatetest618_d0g0v0_EIP150...ok
   - randomStatetest618_d0g0v0_EIP158...ok
   - modexp_d25g0v0_EIP150...ok
   - createNameRegistratorPerTxsNotEnoughGasAfter_d0g0v0_Byzantium...ok
   - randomStatetest618_d0g0v0_Frontier...ok
   - modexp_d25g0v0_EIP158...ok
   - createNameRegistratorPerTxsNotEnoughGasAfter_d0g0v0_EIP150...ok
   - randomStatetest618_d0g0v0_Homestead...ok
   - modexp_d25g0v0_Frontier...ok
   - randomStatetest265_d0g0v0_Byzantium...ok
   - createNameRegistratorPerTxsNotEnoughGasAfter_d0g0v0_EIP158...ok
   - randomStatetest265_d0g0v0_EIP150...ok
   - modexp_d25g0v0_Homestead...ok
   - createNameRegistratorPerTxsNotEnoughGasAfter_d0g0v0_Frontier...ok
   - modexp_d1g3v0_Byzantium...ok
   - createNameRegistratorPerTxsNotEnoughGasAfter_d0g0v0_Homestead...ok
   - randomStatetest265_d0g0v0_EIP158...ok
   - modexp_d1g3v0_EIP150...ok
   - randomStatetest265_d0g0v0_Frontier...ok
ok
   - modexp_d1g3v0_EIP158...   - delegatecallAtTransition_d0g0v0_Byzantium...ok
   - randomStatetest265_d0g0v0_Homestead...ok
   - modexp_d1g3v0_Frontier...ok
   - delegatecallAtTransition_d0g0v0_EIP150...ok
   - randomStatetest131_d0g0v0_Byzantium...ok
   - modexp_d1g3v0_Homestead...ok
   - randomStatetest131_d0g0v0_EIP150...ok
   - delegatecallAtTransition_d0g0v0_EIP158...ok
ok
   - randomStatetest131_d0g0v0_EIP158...   - modexp_55190_55190_42965_22000_d0g1v0_Byzantium...ok
   - randomStatetest131_d0g0v0_Frontier...ok
   - delegatecallAtTransition_d0g0v0_Frontier...ok
   - randomStatetest131_d0g0v0_Homestead...ok
   - modexp_55190_55190_42965_22000_d0g1v0_EIP150...ok
   - delegatecallAtTransition_d0g0v0_Homestead...ok
   - randomStatetest494_d0g0v0_Byzantium...ok
   - createNameRegistratorPerTxsAfter_d0g0v0_Byzantium...ok
   - randomStatetest494_d0g0v0_EIP150...ok
   - modexp_55190_55190_42965_22000_d0g1v0_EIP158...ok
   - createNameRegistratorPerTxsAfter_d0g0v0_EIP150...ok
   - randomStatetest494_d0g0v0_EIP158...ok
   - modexp_55190_55190_42965_22000_d0g1v0_Frontier...ok
   - createNameRegistratorPerTxsAfter_d0g0v0_EIP158...ok
   - randomStatetest494_d0g0v0_Frontier...ok
   - modexp_55190_55190_42965_22000_d0g1v0_Homestead...ok
   - randomStatetest494_d0g0v0_Homestead...ok
   - createNameRegistratorPerTxsAfter_d0g0v0_Frontier...ok
   - randomStatetest176_d0g0v0_Byzantium...ok
ok
   - createNameRegistratorPerTxsAfter_d0g0v0_Homestead...   - modexp_37120_37111_97_20500_d0g0v0_Byzantium...ok
   - randomStatetest176_d0g0v0_EIP150...ok
test json_tests::chain::block_tests::BlockchainTests_GeneralStateTest_stTransitionTest ... ok
   - dayLimitResetSpentToday_d0g0v0_Byzantium...ok
   - modexp_37120_37111_97_20500_d0g0v0_EIP150...ok
   - randomStatetest176_d0g0v0_EIP158...ok
   - dayLimitResetSpentToday_d0g0v0_EIP150...ok
   - randomStatetest176_d0g0v0_Frontier...ok
   - dayLimitResetSpentToday_d0g0v0_EIP158...ok
   - modexp_37120_37111_97_20500_d0g0v0_EIP158...ok
   - dayLimitResetSpentToday_d0g0v0_Frontier...ok
   - randomStatetest176_d0g0v0_Homestead...ok
   - randomStatetest50_d0g0v0_Byzantium...ok
   - dayLimitResetSpentToday_d0g0v0_Homestead...ok
   - modexp_37120_37111_97_20500_d0g0v0_Frontier...ok
   - randomStatetest50_d0g0v0_EIP150...ok
   - modexp_37120_37111_97_20500_d0g0v0_Homestead...ok
   - walletConstructionPartial_d0g0v0_Byzantium...ok
   - randomStatetest50_d0g0v0_EIP158...ok
ok
   - walletConstructionPartial_d0g0v0_EIP150...   - modexp_0_3_100_25000_d0g1v0_Byzantium...ok
   - randomStatetest50_d0g0v0_Frontier...ok
   - walletConstructionPartial_d0g0v0_EIP158...ok
   - modexp_0_3_100_25000_d0g1v0_EIP150...ok
   - randomStatetest50_d0g0v0_Homestead...ok
   - walletConstructionPartial_d0g0v0_Frontier...ok
   - modexp_0_3_100_25000_d0g1v0_EIP158...ok
   - randomStatetest466_d0g0v0_Byzantium...ok
   - walletConstructionPartial_d0g0v0_Homestead...ok
   - modexp_0_3_100_25000_d0g1v0_Frontier...ok
   - randomStatetest466_d0g0v0_EIP150...ok
   - randomStatetest466_d0g0v0_EIP158...ok
   - dayLimitSetDailyLimitNoData_d0g0v0_Byzantium...ok
   - randomStatetest466_d0g0v0_Frontier...ok
   - modexp_0_3_100_25000_d0g1v0_Homestead...ok
   - dayLimitSetDailyLimitNoData_d0g0v0_EIP150...ok
   - randomStatetest466_d0g0v0_Homestead...ok
   - CALLCODESha256_4_d0g0v0_Byzantium...ok
   - dayLimitSetDailyLimitNoData_d0g0v0_EIP158...ok
   - randomStatetest610_d0g0v0_Byzantium...ok
   - dayLimitSetDailyLimitNoData_d0g0v0_Frontier...ok
   - CALLCODESha256_4_d0g0v0_EIP150...ok
   - randomStatetest610_d0g0v0_EIP150...ok
   - dayLimitSetDailyLimitNoData_d0g0v0_Homestead...ok
   - CALLCODESha256_4_d0g0v0_EIP158...ok
   - multiOwnedRevokeNothing_d0g0v0_Byzantium...ok
   - randomStatetest610_d0g0v0_EIP158...ok
   - multiOwnedRevokeNothing_d0g0v0_EIP150...ok
   - CALLCODESha256_4_d0g0v0_Frontier...ok
   - randomStatetest610_d0g0v0_Frontier...ok
   - multiOwnedRevokeNothing_d0g0v0_EIP158...ok
   - multiOwnedRevokeNothing_d0g0v0_Frontier...ok
   - CALLCODESha256_4_d0g0v0_Homestead...ok
   - randomStatetest610_d0g0v0_Homestead...ok
   - multiOwnedRevokeNothing_d0g0v0_Homestead...ok
ok
   - randomStatetest424_d0g0v0_Byzantium...   - modexp_d9g0v0_Byzantium...ok
ok
   - randomStatetest424_d0g0v0_EIP150...   - multiOwnedConstructionCorrect_d0g0v0_Byzantium...ok
   - modexp_d9g0v0_EIP150...ok
   - multiOwnedConstructionCorrect_d0g0v0_EIP150...ok
   - randomStatetest424_d0g0v0_EIP158...ok
   - modexp_d9g0v0_EIP158...ok
   - multiOwnedConstructionCorrect_d0g0v0_EIP158...ok
   - modexp_d9g0v0_Frontier...ok
   - randomStatetest424_d0g0v0_Frontier...ok
   - multiOwnedConstructionCorrect_d0g0v0_Frontier...ok
   - modexp_d9g0v0_Homestead...ok
   - multiOwnedConstructionCorrect_d0g0v0_Homestead...ok
   - randomStatetest424_d0g0v0_Homestead...ok
ok
   - multiOwnedConstructionNotEnoughGas_d0g0v0_Byzantium...ok
   - modexp_37120_37111_97_22000_d0g1v0_Byzantium...   - randomStatetest304_d0g0v0_Byzantium...ok
   - multiOwnedConstructionNotEnoughGas_d0g0v0_EIP150...ok
   - randomStatetest304_d0g0v0_EIP150...ok
   - modexp_37120_37111_97_22000_d0g1v0_EIP150...ok
   - multiOwnedConstructionNotEnoughGas_d0g0v0_EIP158...ok
   - modexp_37120_37111_97_22000_d0g1v0_EIP158...ok
   - randomStatetest304_d0g0v0_EIP158...ok
   - multiOwnedConstructionNotEnoughGas_d0g0v0_Frontier...ok
   - modexp_37120_37111_97_22000_d0g1v0_Frontier...ok
   - multiOwnedConstructionNotEnoughGas_d0g0v0_Homestead...ok
   - randomStatetest304_d0g0v0_Frontier...ok
   - modexp_37120_37111_97_22000_d0g1v0_Homestead...ok
   - multiOwnedConstructionNotEnoughGasPartial_d0g0v0_Byzantium...ok
ok
   - randomStatetest304_d0g0v0_Homestead...   - modexp_9_37111_37111_35000_d0g2v0_Byzantium...ok
   - multiOwnedConstructionNotEnoughGasPartial_d0g0v0_EIP150...ok
   - modexp_9_37111_37111_35000_d0g2v0_EIP150...ok
   - multiOwnedConstructionNotEnoughGasPartial_d0g0v0_EIP158...ok
   - modexp_9_37111_37111_35000_d0g2v0_EIP158...ok
   - randomStatetest63_d0g0v0_Byzantium...ok
   - modexp_9_37111_37111_35000_d0g2v0_Frontier...ok
   - multiOwnedConstructionNotEnoughGasPartial_d0g0v0_Frontier...ok
   - modexp_9_37111_37111_35000_d0g2v0_Homestead...ok
   - randomStatetest63_d0g0v0_EIP150...ok
   - randomStatetest63_d0g0v0_EIP158...ok
   - multiOwnedConstructionNotEnoughGasPartial_d0g0v0_Homestead...ok
   - modexp_0_1_0_1000000_d0g0v0_Byzantium...ok
ok
   - randomStatetest63_d0g0v0_Frontier...   - walletConstruction_d0g0v0_Byzantium...ok
   - randomStatetest63_d0g0v0_Homestead...ok
   - modexp_0_1_0_1000000_d0g0v0_EIP150...ok
   - walletConstruction_d0g0v0_EIP150...ok
   - randomStatetest383_d0g0v0_Byzantium...ok
   - randomStatetest383_d0g0v0_EIP150...ok
   - modexp_0_1_0_1000000_d0g0v0_EIP158...ok
   - walletConstruction_d0g0v0_EIP158...ok
   - randomStatetest383_d0g0v0_EIP158...ok
   - modexp_0_1_0_1000000_d0g0v0_Frontier...ok
   - walletConstruction_d0g0v0_Frontier...ok
   - randomStatetest383_d0g0v0_Frontier...ok
   - modexp_0_1_0_1000000_d0g0v0_Homestead...ok
   - walletConstruction_d0g0v0_Homestead...ok
   - randomStatetest383_d0g0v0_Homestead...ok
ok
   - multiOwnedRemoveOwner_d0g0v0_Byzantium...   - modexp_39936_1_55201_25000_d0g0v0_Byzantium...ok
   - randomStatetest350_d0g0v0_Byzantium...ok
   - modexp_39936_1_55201_25000_d0g0v0_EIP150...ok
   - multiOwnedRemoveOwner_d0g0v0_EIP150...ok
   - randomStatetest350_d0g0v0_EIP150...ok
   - modexp_39936_1_55201_25000_d0g0v0_EIP158...ok
   - randomStatetest350_d0g0v0_EIP158...ok
   - multiOwnedRemoveOwner_d0g0v0_EIP158...ok
   - modexp_39936_1_55201_25000_d0g0v0_Frontier...ok
   - randomStatetest350_d0g0v0_Frontier...ok
   - randomStatetest350_d0g0v0_Homestead...ok
   - modexp_39936_1_55201_25000_d0g0v0_Homestead...ok
   - multiOwnedRemoveOwner_d0g0v0_Frontier...ok
   - randomStatetest430_d0g0v0_Byzantium...ok
   - multiOwnedRemoveOwner_d0g0v0_Homestead...ok
ok
   - randomStatetest430_d0g0v0_EIP150...   - CALLCODEEcrecoverV_prefixedf0_d0g0v0_Byzantium...ok
   - walletRemoveOwnerRemovePendingTransaction_d0g0v0_Byzantium...ok
   - walletRemoveOwnerRemovePendingTransaction_d0g0v0_EIP150...ok
   - CALLCODEEcrecoverV_prefixedf0_d0g0v0_EIP150...ok
   - randomStatetest430_d0g0v0_EIP158...ok
   - CALLCODEEcrecoverV_prefixedf0_d0g0v0_EIP158...ok
   - walletRemoveOwnerRemovePendingTransaction_d0g0v0_EIP158...ok
   - CALLCODEEcrecoverV_prefixedf0_d0g0v0_Frontier...ok
   - randomStatetest430_d0g0v0_Frontier...ok
   - walletRemoveOwnerRemovePendingTransaction_d0g0v0_Frontier...ok
   - CALLCODEEcrecoverV_prefixedf0_d0g0v0_Homestead...ok
   - randomStatetest430_d0g0v0_Homestead...ok
   - walletRemoveOwnerRemovePendingTransaction_d0g0v0_Homestead...ok
   - modexp_37120_37111_37111_155000_d0g2v0_Byzantium...ok
ok
   - randomStatetest640_d0g0v0_Byzantium...   - walletKillNotByOwner_d0g0v0_Byzantium...ok
   - randomStatetest640_d0g0v0_EIP150...ok
   - modexp_37120_37111_37111_155000_d0g2v0_EIP150...ok
   - walletKillNotByOwner_d0g0v0_EIP150...ok
   - modexp_37120_37111_37111_155000_d0g2v0_EIP158...ok
   - randomStatetest640_d0g0v0_EIP158...ok
   - walletKillNotByOwner_d0g0v0_EIP158...ok
   - modexp_37120_37111_37111_155000_d0g2v0_Frontier...ok
   - randomStatetest640_d0g0v0_Frontier...ok
   - walletKillNotByOwner_d0g0v0_Frontier...ok
   - modexp_37120_37111_37111_155000_d0g2v0_Homestead...ok
   - randomStatetest640_d0g0v0_Homestead...ok
   - walletKillNotByOwner_d0g0v0_Homestead...ok
ok
   - randomStatetest80_d0g0v0_Byzantium...ok
   - CALLCODEEcrecover0_completeReturnValue_d0g0v0_Byzantium...   - walletExecuteOverDailyLimitOnlyOneOwner_d0g0v0_Byzantium...ok
   - randomStatetest80_d0g0v0_EIP150...ok
   - CALLCODEEcrecover0_completeReturnValue_d0g0v0_EIP150...ok
   - randomStatetest80_d0g0v0_EIP158...ok
   - CALLCODEEcrecover0_completeReturnValue_d0g0v0_EIP158...ok
   - walletExecuteOverDailyLimitOnlyOneOwner_d0g0v0_EIP150...ok
   - randomStatetest80_d0g0v0_Frontier...ok
   - CALLCODEEcrecover0_completeReturnValue_d0g0v0_Frontier...ok
   - walletExecuteOverDailyLimitOnlyOneOwner_d0g0v0_EIP158...ok
   - randomStatetest80_d0g0v0_Homestead...ok
   - CALLCODEEcrecover0_completeReturnValue_d0g0v0_Homestead...ok
   - walletExecuteOverDailyLimitOnlyOneOwner_d0g0v0_Frontier...ok
   - randomStatetest130_d0g0v0_Byzantium...ok
   - randomStatetest130_d0g0v0_EIP150...ok
   - modexp_d27g3v0_Byzantium...ok
   - walletExecuteOverDailyLimitOnlyOneOwner_d0g0v0_Homestead...ok
   - randomStatetest130_d0g0v0_EIP158...ok
   - modexp_d27g3v0_EIP150...ok
   - randomStatetest130_d0g0v0_Frontier...ok
   - modexp_d27g3v0_EIP158...ok
   - multiOwnedRemoveOwnerByNonOwner_d0g0v0_Byzantium...ok
   - randomStatetest130_d0g0v0_Homestead...ok
   - modexp_d27g3v0_Frontier...ok
   - randomStatetest19_d0g0v0_Byzantium...ok
   - modexp_d27g3v0_Homestead...ok
   - multiOwnedRemoveOwnerByNonOwner_d0g0v0_EIP150...ok
   - randomStatetest19_d0g0v0_EIP150...ok
   - randomStatetest19_d0g0v0_EIP158...ok
ok
   - multiOwnedRemoveOwnerByNonOwner_d0g0v0_EIP158...   - modexp_37120_37111_37111_1000000_d0g3v0_Byzantium...ok
   - randomStatetest19_d0g0v0_Frontier...ok
   - multiOwnedRemoveOwnerByNonOwner_d0g0v0_Frontier...ok
   - modexp_37120_37111_37111_1000000_d0g3v0_EIP150...ok
   - randomStatetest19_d0g0v0_Homestead...ok
   - modexp_37120_37111_37111_1000000_d0g3v0_EIP158...ok
   - multiOwnedRemoveOwnerByNonOwner_d0g0v0_Homestead...ok
   - randomStatetest426_d0g0v0_Byzantium...ok
   - multiOwnedAddOwnerAddMyself_d0g0v0_Byzantium...ok
   - modexp_37120_37111_37111_1000000_d0g3v0_Frontier...ok
   - randomStatetest426_d0g0v0_EIP150...ok
   - multiOwnedAddOwnerAddMyself_d0g0v0_EIP150...ok
   - randomStatetest426_d0g0v0_EIP158...ok
   - modexp_37120_37111_37111_1000000_d0g3v0_Homestead...ok
   - multiOwnedAddOwnerAddMyself_d0g0v0_EIP158...ok
   - randomStatetest426_d0g0v0_Frontier...ok
ok
   - multiOwnedAddOwnerAddMyself_d0g0v0_Frontier...   - modexp_1_0_0_35000_d0g2v0_Byzantium...ok
   - randomStatetest426_d0g0v0_Homestead...ok
   - multiOwnedAddOwnerAddMyself_d0g0v0_Homestead...ok
   - modexp_1_0_0_35000_d0g2v0_EIP150...ok
   - walletDefault_d0g0v0_Byzantium...ok
   - randomStatetest75_d0g0v0_Byzantium...ok
   - walletDefault_d0g0v0_EIP150...ok
   - modexp_1_0_0_35000_d0g2v0_EIP158...ok
   - walletDefault_d0g0v0_EIP158...ok
   - randomStatetest75_d0g0v0_EIP150...ok
   - modexp_1_0_0_35000_d0g2v0_Frontier...ok
   - walletDefault_d0g0v0_Frontier...ok
   - modexp_1_0_0_35000_d0g2v0_Homestead...ok
   - walletDefault_d0g0v0_Homestead...ok
   - randomStatetest75_d0g0v0_EIP158...ok
ok
   - walletAddOwnerRemovePendingTransaction_d0g0v0_Byzantium...   - modexp_d20g2v0_Byzantium...ok
   - randomStatetest75_d0g0v0_Frontier...ok
   - walletAddOwnerRemovePendingTransaction_d0g0v0_EIP150...ok
   - walletAddOwnerRemovePendingTransaction_d0g0v0_EIP158...ok
   - modexp_d20g2v0_EIP150...ok
   - randomStatetest75_d0g0v0_Homestead...ok
   - modexp_d20g2v0_EIP158...ok
   - walletAddOwnerRemovePendingTransaction_d0g0v0_Frontier...ok
   - randomStatetest449_d0g0v0_Byzantium...ok
   - modexp_d20g2v0_Frontier...ok
   - walletAddOwnerRemovePendingTransaction_d0g0v0_Homestead...ok
   - randomStatetest449_d0g0v0_EIP150...ok
   - modexp_d20g2v0_Homestead...ok
   - walletConstructionOOG_d0g0v0_Byzantium...ok
   - randomStatetest449_d0g0v0_EIP158...ok
   - walletConstructionOOG_d0g0v0_EIP150...ok
   - CALLCODEEcrecover0_d0g0v0_Byzantium...ok
   - randomStatetest449_d0g0v0_Frontier...ok
   - walletConstructionOOG_d0g0v0_EIP158...ok
   - randomStatetest449_d0g0v0_Homestead...ok
   - CALLCODEEcrecover0_d0g0v0_EIP150...ok
   - walletConstructionOOG_d0g0v0_Frontier...ok
   - CALLCODEEcrecover0_d0g0v0_EIP158...ok
   - randomStatetest84_d0g0v0_Byzantium...ok
   - walletConstructionOOG_d0g0v0_Homestead...ok
   - CALLCODEEcrecover0_d0g0v0_Frontier...ok
   - randomStatetest84_d0g0v0_EIP150...ok
   - CALLCODEEcrecover0_d0g0v0_Homestead...ok
   - multiOwnedIsOwnerFalse_d0g0v0_Byzantium...ok
   - randomStatetest84_d0g0v0_EIP158...ok
ok
   - randomStatetest84_d0g0v0_Frontier...   - CallIdentity_4_gas17_d0g0v0_Byzantium...ok
   - multiOwnedIsOwnerFalse_d0g0v0_EIP150...ok
   - randomStatetest84_d0g0v0_Homestead...ok
   - randomStatetest16_d0g0v0_Byzantium...ok
   - multiOwnedIsOwnerFalse_d0g0v0_EIP158...ok
   - CallIdentity_4_gas17_d0g0v0_EIP150...ok
   - randomStatetest16_d0g0v0_EIP150...ok
   - multiOwnedIsOwnerFalse_d0g0v0_Frontier...ok
   - randomStatetest16_d0g0v0_EIP158...ok
   - CallIdentity_4_gas17_d0g0v0_EIP158...ok
   - randomStatetest16_d0g0v0_Frontier...ok
   - multiOwnedIsOwnerFalse_d0g0v0_Homestead...ok
   - CallIdentity_4_gas17_d0g0v0_Frontier...ok
   - multiOwnedChangeRequirementTo2_d0g0v0_Byzantium...ok
   - CallIdentity_4_gas17_d0g0v0_Homestead...ok
   - randomStatetest16_d0g0v0_Homestead...ok
   - CallSha256_4_d0g0v0_Byzantium...ok
   - multiOwnedChangeRequirementTo2_d0g0v0_EIP150...ok
   - randomStatetest612_d0g0v0_Byzantium...ok
   - CallSha256_4_d0g0v0_EIP150...ok
   - multiOwnedChangeRequirementTo2_d0g0v0_EIP158...ok
   - randomStatetest612_d0g0v0_EIP150...ok
   - CallSha256_4_d0g0v0_EIP158...ok
   - randomStatetest612_d0g0v0_EIP158...ok
   - multiOwnedChangeRequirementTo2_d0g0v0_Frontier...ok
   - CallSha256_4_d0g0v0_Frontier...ok
   - multiOwnedChangeRequirementTo2_d0g0v0_Homestead...ok
   - randomStatetest612_d0g0v0_Frontier...ok
   - CallSha256_4_d0g0v0_Homestead...ok
   - randomStatetest612_d0g0v0_Homestead...ok
   - walletExecuteUnderDailyLimit_d0g0v0_Byzantium...ok
   - CALLCODERipemd160_4_gas719_d0g0v0_Byzantium...ok
   - walletExecuteUnderDailyLimit_d0g0v0_EIP150...ok
   - randomStatetest136_d0g0v0_Byzantium...ok
   - CALLCODERipemd160_4_gas719_d0g0v0_EIP150...ok
   - walletExecuteUnderDailyLimit_d0g0v0_EIP158...ok
   - CALLCODERipemd160_4_gas719_d0g0v0_EIP158...ok
   - randomStatetest136_d0g0v0_EIP150...ok
   - walletExecuteUnderDailyLimit_d0g0v0_Frontier...ok
   - randomStatetest136_d0g0v0_EIP158...ok
   - CALLCODERipemd160_4_gas719_d0g0v0_Frontier...ok
   - walletExecuteUnderDailyLimit_d0g0v0_Homestead...ok
   - randomStatetest136_d0g0v0_Frontier...ok
   - CALLCODERipemd160_4_gas719_d0g0v0_Homestead...ok
ok
   - randomStatetest136_d0g0v0_Homestead...   - walletChangeOwnerRemovePendingTransaction_d0g0v0_Byzantium...ok
   - modexp_1_0_0_155000_d0g0v0_Byzantium...ok
   - randomStatetest504_d0g0v0_Byzantium...ok
   - walletChangeOwnerRemovePendingTransaction_d0g0v0_EIP150...ok
   - randomStatetest504_d0g0v0_EIP150...ok
   - modexp_1_0_0_155000_d0g0v0_EIP150...ok
   - walletChangeOwnerRemovePendingTransaction_d0g0v0_EIP158...ok
   - modexp_1_0_0_155000_d0g0v0_EIP158...ok
   - randomStatetest504_d0g0v0_EIP158...ok
   - walletChangeOwnerRemovePendingTransaction_d0g0v0_Frontier...ok
   - modexp_1_0_0_155000_d0g0v0_Frontier...ok
   - walletChangeOwnerRemovePendingTransaction_d0g0v0_Homestead...ok
   - randomStatetest504_d0g0v0_Frontier...ok
   - modexp_1_0_0_155000_d0g0v0_Homestead...ok
   - multiOwnedChangeOwner_d0g0v0_Byzantium...ok
   - randomStatetest504_d0g0v0_Homestead...ok
ok
   - multiOwnedChangeOwner_d0g0v0_EIP150...   - modexp_3_5_100_1000000_d0g2v0_Byzantium...ok
   - randomStatetest471_d0g0v0_Byzantium...ok
   - multiOwnedChangeOwner_d0g0v0_EIP158...ok
   - modexp_3_5_100_1000000_d0g2v0_EIP150...ok
   - multiOwnedChangeOwner_d0g0v0_Frontier...ok
   - randomStatetest471_d0g0v0_EIP150...ok
   - multiOwnedChangeOwner_d0g0v0_Homestead...ok
   - modexp_3_5_100_1000000_d0g2v0_EIP158...ok
   - randomStatetest471_d0g0v0_EIP158...ok
   - modexp_3_5_100_1000000_d0g2v0_Frontier...ok
   - randomStatetest471_d0g0v0_Frontier...ok
   - dayLimitSetDailyLimit_d0g0v0_Byzantium...ok
   - modexp_3_5_100_1000000_d0g2v0_Homestead...ok
   - randomStatetest471_d0g0v0_Homestead...ok
   - dayLimitSetDailyLimit_d0g0v0_EIP150...ok
   - randomStatetest523_d0g0v0_Byzantium...ok
   - modexp_d31g3v0_Byzantium...ok
   - randomStatetest523_d0g0v0_EIP150...ok
   - dayLimitSetDailyLimit_d0g0v0_EIP158...ok
   - modexp_d31g3v0_EIP150...ok
   - randomStatetest523_d0g0v0_EIP158...ok
   - dayLimitSetDailyLimit_d0g0v0_Frontier...ok
   - randomStatetest523_d0g0v0_Frontier...ok
   - modexp_d31g3v0_EIP158...ok
   - dayLimitSetDailyLimit_d0g0v0_Homestead...ok
   - randomStatetest523_d0g0v0_Homestead...ok
ok
   - randomStatetest238_d0g0v0_Byzantium...ok
   - modexp_d31g3v0_Frontier...   - walletConfirm_d0g0v0_Byzantium...ok
   - modexp_d31g3v0_Homestead...ok
   - randomStatetest238_d0g0v0_EIP150...ok
   - modexp_37120_37111_37111_25000_d0g0v0_Byzantium...ok
   - walletConfirm_d0g0v0_EIP150...ok
   - randomStatetest238_d0g0v0_EIP158...ok
   - walletConfirm_d0g0v0_EIP158...ok
   - modexp_37120_37111_37111_25000_d0g0v0_EIP150...ok
   - randomStatetest238_d0g0v0_Frontier...ok
   - walletConfirm_d0g0v0_Frontier...ok
   - walletConfirm_d0g0v0_Homestead...ok
   - modexp_37120_37111_37111_25000_d0g0v0_EIP158...ok
   - multiOwnedRemoveOwner_mySelf_d0g0v0_Byzantium...ok
   - randomStatetest238_d0g0v0_Homestead...ok
   - modexp_37120_37111_37111_25000_d0g0v0_Frontier...ok
   - multiOwnedRemoveOwner_mySelf_d0g0v0_EIP150...ok
   - randomStatetest201_d0g0v0_Byzantium...ok
   - modexp_37120_37111_37111_25000_d0g0v0_Homestead...ok
   - multiOwnedRemoveOwner_mySelf_d0g0v0_EIP158...ok
ok
   - randomStatetest201_d0g0v0_EIP150...   - modexp_d13g1v0_Byzantium...ok
   - multiOwnedRemoveOwner_mySelf_d0g0v0_Frontier...ok
   - multiOwnedRemoveOwner_mySelf_d0g0v0_Homestead...ok
   - randomStatetest201_d0g0v0_EIP158...ok
   - modexp_d13g1v0_EIP150...ok
   - walletConstructionOOG_d0g1v0_Byzantium...ok
   - randomStatetest201_d0g0v0_Frontier...ok
   - walletConstructionOOG_d0g1v0_EIP150...ok
   - modexp_d13g1v0_EIP158...ok
   - walletConstructionOOG_d0g1v0_EIP158...ok
   - randomStatetest201_d0g0v0_Homestead...ok
   - modexp_d13g1v0_Frontier...ok
   - walletConstructionOOG_d0g1v0_Frontier...ok
   - modexp_d13g1v0_Homestead...ok
   - walletConstructionOOG_d0g1v0_Homestead...ok
   - randomStatetest399_d0g0v0_Byzantium...ok
   - modexp_9_37111_37111_22000_d0g3v0_Byzantium...ok
   - randomStatetest399_d0g0v0_EIP150...ok
   - walletChangeRequirementRemovePendingTransaction_d0g0v0_Byzantium...ok
   - modexp_9_37111_37111_22000_d0g3v0_EIP150...ok
   - walletChangeRequirementRemovePendingTransaction_d0g0v0_EIP150...ok
   - randomStatetest399_d0g0v0_EIP158...ok
   - modexp_9_37111_37111_22000_d0g3v0_EIP158...ok
   - walletChangeRequirementRemovePendingTransaction_d0g0v0_EIP158...ok
   - randomStatetest399_d0g0v0_Frontier...ok
   - modexp_9_37111_37111_22000_d0g3v0_Frontier...ok
   - modexp_9_37111_37111_22000_d0g3v0_Homestead...ok
   - walletChangeRequirementRemovePendingTransaction_d0g0v0_Frontier...ok
   - randomStatetest399_d0g0v0_Homestead...ok
   - randomStatetest563_d0g0v0_Byzantium...ok
ok
   - randomStatetest563_d0g0v0_EIP150...   - modexp_d3g2v0_Byzantium...ok
   - walletChangeRequirementRemovePendingTransaction_d0g0v0_Homestead...ok
   - randomStatetest563_d0g0v0_EIP158...ok
   - modexp_d3g2v0_EIP150...ok
   - dayLimitConstruction_d0g0v0_Byzantium...ok
   - randomStatetest563_d0g0v0_Frontier...ok
   - modexp_d3g2v0_EIP158...ok
   - dayLimitConstruction_d0g0v0_EIP150...ok
   - modexp_d3g2v0_Frontier...ok
   - randomStatetest563_d0g0v0_Homestead...ok
   - dayLimitConstruction_d0g0v0_EIP158...ok
   - modexp_d3g2v0_Homestead...ok
   - dayLimitConstruction_d0g0v0_Frontier...ok
   - randomStatetest73_d0g0v0_Byzantium...ok
   - modexp_d6g2v0_Byzantium...ok
   - randomStatetest73_d0g0v0_EIP150...ok
   - dayLimitConstruction_d0g0v0_Homestead...ok
   - modexp_d6g2v0_EIP150...ok
   - walletExecuteOverDailyLimitOnlyOneOwnerNew_d0g0v0_Byzantium...ok
   - randomStatetest73_d0g0v0_EIP158...ok
   - modexp_d6g2v0_EIP158...ok
   - walletExecuteOverDailyLimitOnlyOneOwnerNew_d0g0v0_EIP150...ok
   - randomStatetest73_d0g0v0_Frontier...ok
   - modexp_d6g2v0_Frontier...ok
   - walletExecuteOverDailyLimitOnlyOneOwnerNew_d0g0v0_EIP158...ok
   - randomStatetest73_d0g0v0_Homestead...ok
   - walletExecuteOverDailyLimitOnlyOneOwnerNew_d0g0v0_Frontier...ok
   - modexp_d6g2v0_Homestead...ok
   - randomStatetest160_d0g0v0_Byzantium...ok
   - modexp_37120_37111_0_155000_d0g0v0_Byzantium...ok
   - walletExecuteOverDailyLimitOnlyOneOwnerNew_d0g0v0_Homestead...ok
   - randomStatetest160_d0g0v0_EIP150...ok
ok
   - modexp_37120_37111_0_155000_d0g0v0_EIP150...   - multiOwnedChangeOwner_toIsOwner_d0g0v0_Byzantium...ok
   - randomStatetest160_d0g0v0_EIP158...ok
   - modexp_37120_37111_0_155000_d0g0v0_EIP158...ok
   - multiOwnedChangeOwner_toIsOwner_d0g0v0_EIP150...ok
   - randomStatetest160_d0g0v0_Frontier...ok
   - modexp_37120_37111_0_155000_d0g0v0_Frontier...ok
   - randomStatetest160_d0g0v0_Homestead...ok
   - multiOwnedChangeOwner_toIsOwner_d0g0v0_EIP158...ok
   - modexp_37120_37111_0_155000_d0g0v0_Homestead...ok
test json_tests::chain::block_tests::BlockchainTests_GeneralStateTest_stRandom ... ok
   - ZeroValue_CALLCODE_ToNonZeroBalance_OOGRevert_d0g0v0_Byzantium...ok
   - modexp_0_3_100_22000_d0g2v0_Byzantium...ok
   - multiOwnedChangeOwner_toIsOwner_d0g0v0_Frontier...ok
   - modexp_0_3_100_22000_d0g2v0_EIP150...ok
   - ZeroValue_CALLCODE_ToNonZeroBalance_OOGRevert_d0g0v0_EIP150...ok
   - multiOwnedChangeOwner_toIsOwner_d0g0v0_Homestead...ok
   - modexp_0_3_100_22000_d0g2v0_EIP158...ok
   - multiOwnedIsOwnerTrue_d0g0v0_Byzantium...ok
   - ZeroValue_CALLCODE_ToNonZeroBalance_OOGRevert_d0g0v0_EIP158...ok
   - modexp_0_3_100_22000_d0g2v0_Frontier...ok
   - ZeroValue_CALLCODE_ToNonZeroBalance_OOGRevert_d0g0v0_Frontier...ok
   - multiOwnedIsOwnerTrue_d0g0v0_EIP150...ok
ok
   - ZeroValue_CALLCODE_ToNonZeroBalance_OOGRevert_d0g0v0_Homestead...   - modexp_0_3_100_22000_d0g2v0_Homestead...ok
   - multiOwnedIsOwnerTrue_d0g0v0_EIP158...ok
   - multiOwnedIsOwnerTrue_d0g0v0_Frontier...ok
ok
   - ZeroValue_TransactionCALL_OOGRevert_d0g0v0_Byzantium...   - modexp_37120_37111_1_25000_d0g3v0_Byzantium...ok
   - multiOwnedIsOwnerTrue_d0g0v0_Homestead...ok
   - modexp_37120_37111_1_25000_d0g3v0_EIP150...ok
   - ZeroValue_TransactionCALL_OOGRevert_d0g0v0_EIP150...ok
   - multiOwnedAddOwner_d0g0v0_Byzantium...ok
   - ZeroValue_TransactionCALL_OOGRevert_d0g0v0_EIP158...ok
   - modexp_37120_37111_1_25000_d0g3v0_EIP158...ok
   - multiOwnedAddOwner_d0g0v0_EIP150...ok
   - ZeroValue_TransactionCALL_OOGRevert_d0g0v0_Frontier...ok
   - modexp_37120_37111_1_25000_d0g3v0_Frontier...ok
   - multiOwnedAddOwner_d0g0v0_EIP158...ok
   - ZeroValue_TransactionCALL_OOGRevert_d0g0v0_Homestead...ok
   - multiOwnedAddOwner_d0g0v0_Frontier...ok
   - modexp_37120_37111_1_25000_d0g3v0_Homestead...ok
   - multiOwnedAddOwner_d0g0v0_Homestead...ok
   - ZeroValue_TransactionCALL_ToEmpty_OOGRevert_d0g0v0_Byzantium...ok
ok
   - multiOwnedChangeRequirementTo1_d0g0v0_Byzantium...   - modexp_0_3_100_35000_d0g2v0_Byzantium...ok
   - ZeroValue_TransactionCALL_ToEmpty_OOGRevert_d0g0v0_EIP150...ok
   - multiOwnedChangeRequirementTo1_d0g0v0_EIP150...ok
   - modexp_0_3_100_35000_d0g2v0_EIP150...ok
   - ZeroValue_TransactionCALL_ToEmpty_OOGRevert_d0g0v0_EIP158...ok
   - multiOwnedChangeRequirementTo1_d0g0v0_EIP158...ok
   - modexp_0_3_100_35000_d0g2v0_EIP158...ok
   - ZeroValue_TransactionCALL_ToEmpty_OOGRevert_d0g0v0_Frontier...ok
   - modexp_0_3_100_35000_d0g2v0_Frontier...ok
   - multiOwnedChangeRequirementTo1_d0g0v0_Frontier...ok
   - modexp_0_3_100_35000_d0g2v0_Homestead...ok
   - ZeroValue_TransactionCALL_ToEmpty_OOGRevert_d0g0v0_Homestead...ok
   - multiOwnedChangeRequirementTo1_d0g0v0_Homestead...ok
   - ZeroValue_TransactionCALL_ToOneStorageKey_OOGRevert_d0g0v0_Byzantium...ok
ok
   - multiOwnedChangeRequirementTo0_d0g0v0_Byzantium...   - modexp_37120_37111_97_35000_d0g1v0_Byzantium...ok
   - multiOwnedChangeRequirementTo0_d0g0v0_EIP150...ok
   - ZeroValue_TransactionCALL_ToOneStorageKey_OOGRevert_d0g0v0_EIP150...ok
   - multiOwnedChangeRequirementTo0_d0g0v0_EIP158...ok
   - modexp_37120_37111_97_35000_d0g1v0_EIP150...ok
   - ZeroValue_TransactionCALL_ToOneStorageKey_OOGRevert_d0g0v0_EIP158...ok
   - multiOwnedChangeRequirementTo0_d0g0v0_Frontier...ok
   - modexp_37120_37111_97_35000_d0g1v0_EIP158...ok
   - multiOwnedChangeRequirementTo0_d0g0v0_Homestead...ok
   - ZeroValue_TransactionCALL_ToOneStorageKey_OOGRevert_d0g0v0_Frontier...ok
   - modexp_37120_37111_97_35000_d0g1v0_Frontier...ok
   - walletConstruction_d0g1v0_Byzantium...ok
   - ZeroValue_TransactionCALL_ToOneStorageKey_OOGRevert_d0g0v0_Homestead...ok
   - modexp_37120_37111_97_35000_d0g1v0_Homestead...ok
   - walletConstruction_d0g1v0_EIP150...ok
ok
   - ZeroValue_DELEGATECALL_OOGRevert_d0g0v0_Byzantium...   - modexp_0_1_0_20500_d0g2v0_Byzantium...ok
   - walletConstruction_d0g1v0_EIP158...ok
   - modexp_0_1_0_20500_d0g2v0_EIP150...ok
   - ZeroValue_DELEGATECALL_OOGRevert_d0g0v0_EIP150...ok
   - walletConstruction_d0g1v0_Frontier...ok
   - modexp_0_1_0_20500_d0g2v0_EIP158...ok
   - ZeroValue_DELEGATECALL_OOGRevert_d0g0v0_EIP158...ok
   - walletConstruction_d0g1v0_Homestead...ok
   - modexp_0_1_0_20500_d0g2v0_Frontier...ok
   - walletDefaultWithOutValue_d0g0v0_Byzantium...ok
   - modexp_0_1_0_20500_d0g2v0_Homestead...ok
   - walletDefaultWithOutValue_d0g0v0_EIP150...ok
   - ZeroValue_DELEGATECALL_OOGRevert_d0g0v0_Frontier...ok
ok
   - walletDefaultWithOutValue_d0g0v0_EIP158...ok
   - ZeroValue_DELEGATECALL_OOGRevert_d0g0v0_Homestead...   - modexp_d25g3v0_Byzantium...ok
   - ZeroValue_SUICIDE_ToNonZeroBalance_OOGRevert_d0g0v0_Byzantium...ok
   - walletDefaultWithOutValue_d0g0v0_Frontier...ok
   - modexp_d25g3v0_EIP150...ok
   - ZeroValue_SUICIDE_ToNonZeroBalance_OOGRevert_d0g0v0_EIP150...ok
   - modexp_d25g3v0_EIP158...ok
   - walletDefaultWithOutValue_d0g0v0_Homestead...ok
   - ZeroValue_SUICIDE_ToNonZeroBalance_OOGRevert_d0g0v0_EIP158...ok
   - modexp_d25g3v0_Frontier...ok
   - modexp_d25g3v0_Homestead...ok
   - ZeroValue_SUICIDE_ToNonZeroBalance_OOGRevert_d0g0v0_Frontier...ok
   - multiOwnedChangeOwner_fromNotOwner_d0g0v0_Byzantium...ok
   - modexp_0_0_0_155000_d0g3v0_Byzantium...ok
   - multiOwnedChangeOwner_fromNotOwner_d0g0v0_EIP150...ok
   - ZeroValue_SUICIDE_ToNonZeroBalance_OOGRevert_d0g0v0_Homestead...ok
   - multiOwnedChangeOwner_fromNotOwner_d0g0v0_EIP158...ok
   - modexp_0_0_0_155000_d0g3v0_EIP150...ok
   - ZeroValue_DELEGATECALL_ToEmpty_OOGRevert_d0g0v0_Byzantium...ok
   - modexp_0_0_0_155000_d0g3v0_EIP158...ok
   - multiOwnedChangeOwner_fromNotOwner_d0g0v0_Frontier...ok
   - ZeroValue_DELEGATECALL_ToEmpty_OOGRevert_d0g0v0_EIP150...ok
   - modexp_0_0_0_155000_d0g3v0_Frontier...ok
   - multiOwnedChangeOwner_fromNotOwner_d0g0v0_Homestead...ok
ok
   - ZeroValue_DELEGATECALL_ToEmpty_OOGRevert_d0g0v0_EIP158...ok
   - modexp_0_0_0_155000_d0g3v0_Homestead...   - dayLimitConstructionPartial_d0g0v0_Byzantium...ok
ok
   - ZeroValue_DELEGATECALL_ToEmpty_OOGRevert_d0g0v0_Frontier...   - modexp_9_3711_37111_25000_d0g2v0_Byzantium...ok
   - dayLimitConstructionPartial_d0g0v0_EIP150...ok
   - ZeroValue_DELEGATECALL_ToEmpty_OOGRevert_d0g0v0_Homestead...ok
   - modexp_9_3711_37111_25000_d0g2v0_EIP150...ok
   - modexp_9_3711_37111_25000_d0g2v0_EIP158...ok
   - dayLimitConstructionPartial_d0g0v0_EIP158...ok
   - ZeroValue_DELEGATECALL_ToNonZeroBalance_OOGRevert_d0g0v0_Byzantium...ok
   - modexp_9_3711_37111_25000_d0g2v0_Frontier...ok
   - dayLimitConstructionPartial_d0g0v0_Frontier...ok
   - modexp_9_3711_37111_25000_d0g2v0_Homestead...ok
   - ZeroValue_DELEGATECALL_ToNonZeroBalance_OOGRevert_d0g0v0_EIP150...ok
   - dayLimitConstructionPartial_d0g0v0_Homestead...ok
   - CALLCODEIdentity_1_nonzeroValue_d0g0v0_Byzantium...ok
ok
   - ZeroValue_DELEGATECALL_ToNonZeroBalance_OOGRevert_d0g0v0_EIP158...   - walletExecuteOverDailyLimitMultiOwner_d0g0v0_Byzantium...ok
   - CALLCODEIdentity_1_nonzeroValue_d0g0v0_EIP150...ok
   - CALLCODEIdentity_1_nonzeroValue_d0g0v0_EIP158...ok
   - ZeroValue_DELEGATECALL_ToNonZeroBalance_OOGRevert_d0g0v0_Frontier...ok
   - walletExecuteOverDailyLimitMultiOwner_d0g0v0_EIP150...ok
   - CALLCODEIdentity_1_nonzeroValue_d0g0v0_Frontier...ok
   - ZeroValue_DELEGATECALL_ToNonZeroBalance_OOGRevert_d0g0v0_Homestead...ok
   - walletExecuteOverDailyLimitMultiOwner_d0g0v0_EIP158...ok
   - CALLCODEIdentity_1_nonzeroValue_d0g0v0_Homestead...ok
ok
   - walletExecuteOverDailyLimitMultiOwner_d0g0v0_Frontier...   - ZeroValue_DELEGATECALL_ToOneStorageKey_OOGRevert_d0g0v0_Byzantium...ok
ok
   - walletExecuteOverDailyLimitMultiOwner_d0g0v0_Homestead...ok
   - ZeroValue_DELEGATECALL_ToOneStorageKey_OOGRevert_d0g0v0_EIP150...   - modexp_0_3_100_20500_d0g3v0_Byzantium...ok
   - modexp_0_3_100_20500_d0g3v0_EIP150...ok
   - walletKill_d0g0v0_Byzantium...ok
   - ZeroValue_DELEGATECALL_ToOneStorageKey_OOGRevert_d0g0v0_EIP158...ok
   - modexp_0_3_100_20500_d0g3v0_EIP158...ok
   - walletKill_d0g0v0_EIP150...ok
   - ZeroValue_DELEGATECALL_ToOneStorageKey_OOGRevert_d0g0v0_Frontier...ok
   - modexp_0_3_100_20500_d0g3v0_Frontier...ok
   - ZeroValue_DELEGATECALL_ToOneStorageKey_OOGRevert_d0g0v0_Homestead...ok
   - walletKill_d0g0v0_EIP158...ok
ok
   - modexp_0_3_100_20500_d0g3v0_Homestead...   - ZeroValue_TransactionCALLwithData_ToEmpty_OOGRevert_d0g0v0_Byzantium...ok
   - walletKill_d0g0v0_Frontier...ok
   - ZeroValue_TransactionCALLwithData_ToEmpty_OOGRevert_d0g0v0_EIP150...ok
ok
   - walletKill_d0g0v0_Homestead...   - modexp_d22g0v0_Byzantium...ok
   - ZeroValue_TransactionCALLwithData_ToEmpty_OOGRevert_d0g0v0_EIP158...ok
   - dayLimitConstructionOOG_d0g0v0_Byzantium...ok
   - modexp_d22g0v0_EIP150...ok
   - ZeroValue_TransactionCALLwithData_ToEmpty_OOGRevert_d0g0v0_Frontier...ok
   - modexp_d22g0v0_EIP158...ok
   - dayLimitConstructionOOG_d0g0v0_EIP150...ok
   - ZeroValue_TransactionCALLwithData_ToEmpty_OOGRevert_d0g0v0_Homestead...ok
   - dayLimitConstructionOOG_d0g0v0_EIP158...ok
   - modexp_d22g0v0_Frontier...ok
   - modexp_d22g0v0_Homestead...ok
   - ZeroValue_CALLCODE_ToEmpty_OOGRevert_d0g0v0_Byzantium...ok
   - dayLimitConstructionOOG_d0g0v0_Frontier...ok
   - dayLimitConstructionOOG_d0g0v0_Homestead...ok
ok
   - modexp_49_2401_2401_20500_d0g2v0_Byzantium...   - multiOwnedChangeOwnerNoArgument_d0g0v0_Byzantium...ok
   - ZeroValue_CALLCODE_ToEmpty_OOGRevert_d0g0v0_EIP150...ok
   - modexp_49_2401_2401_20500_d0g2v0_EIP150...ok
   - multiOwnedChangeOwnerNoArgument_d0g0v0_EIP150...ok
   - ZeroValue_CALLCODE_ToEmpty_OOGRevert_d0g0v0_EIP158...ok
   - modexp_49_2401_2401_20500_d0g2v0_EIP158...ok
   - multiOwnedChangeOwnerNoArgument_d0g0v0_EIP158...ok
   - ZeroValue_CALLCODE_ToEmpty_OOGRevert_d0g0v0_Frontier...ok
   - modexp_49_2401_2401_20500_d0g2v0_Frontier...ok
   - multiOwnedChangeOwnerNoArgument_d0g0v0_Frontier...ok
   - ZeroValue_CALLCODE_ToEmpty_OOGRevert_d0g0v0_Homestead...ok
   - multiOwnedChangeOwnerNoArgument_d0g0v0_Homestead...ok
   - modexp_49_2401_2401_20500_d0g2v0_Homestead...ok
   - ZeroValue_CALLCODE_OOGRevert_d0g0v0_Byzantium...ok
   - multiOwnedRemoveOwner_ownerIsNotOwner_d0g0v0_Byzantium...ok
   - ZeroValue_CALLCODE_OOGRevert_d0g0v0_EIP150...ok
   - modexp_d30g2v0_Byzantium...ok
   - ZeroValue_CALLCODE_OOGRevert_d0g0v0_EIP158...ok
   - multiOwnedRemoveOwner_ownerIsNotOwner_d0g0v0_EIP150...ok
   - ZeroValue_CALLCODE_OOGRevert_d0g0v0_Frontier...ok
   - modexp_d30g2v0_EIP150...ok
   - multiOwnedRemoveOwner_ownerIsNotOwner_d0g0v0_EIP158...ok
   - ZeroValue_CALLCODE_OOGRevert_d0g0v0_Homestead...ok
   - multiOwnedRemoveOwner_ownerIsNotOwner_d0g0v0_Frontier...ok
   - modexp_d30g2v0_EIP158...ok
   - ZeroValue_TransactionCALLwithData_ToOneStorageKey_OOGRevert_d0g0v0_Byzantium...ok
   - modexp_d30g2v0_Frontier...ok
   - multiOwnedRemoveOwner_ownerIsNotOwner_d0g0v0_Homestead...ok
   - modexp_d30g2v0_Homestead...ok
   - ZeroValue_TransactionCALLwithData_ToOneStorageKey_OOGRevert_d0g0v0_EIP150...ok
   - walletKillToWallet_d0g0v0_Byzantium...ok
   - modexp_d16g2v0_Byzantium...ok
   - ZeroValue_TransactionCALLwithData_ToOneStorageKey_OOGRevert_d0g0v0_EIP158...ok
   - walletKillToWallet_d0g0v0_EIP150...ok
   - modexp_d16g2v0_EIP150...ok
   - ZeroValue_TransactionCALLwithData_ToOneStorageKey_OOGRevert_d0g0v0_Frontier...ok
   - walletKillToWallet_d0g0v0_EIP158...ok
   - modexp_d16g2v0_EIP158...ok
   - ZeroValue_TransactionCALLwithData_ToOneStorageKey_OOGRevert_d0g0v0_Homestead...ok
   - walletKillToWallet_d0g0v0_Frontier...ok
   - ZeroValue_SUICIDE_ToEmpty_OOGRevert_d0g0v0_Byzantium...ok
   - modexp_d16g2v0_Frontier...ok
   - walletKillToWallet_d0g0v0_Homestead...ok
   - ZeroValue_SUICIDE_ToEmpty_OOGRevert_d0g0v0_EIP150...ok
   - modexp_d16g2v0_Homestead...ok
   - dayLimitConstruction_d0g1v0_Byzantium...ok
ok
   - ZeroValue_SUICIDE_ToEmpty_OOGRevert_d0g0v0_EIP158...   - modexp_d30g1v0_Byzantium...ok
   - dayLimitConstruction_d0g1v0_EIP150...ok
   - ZeroValue_SUICIDE_ToEmpty_OOGRevert_d0g0v0_Frontier...ok
   - dayLimitConstruction_d0g1v0_EIP158...ok
   - modexp_d30g1v0_EIP150...ok
   - dayLimitConstruction_d0g1v0_Frontier...ok
   - ZeroValue_SUICIDE_ToEmpty_OOGRevert_d0g0v0_Homestead...ok
   - modexp_d30g1v0_EIP158...ok
   - dayLimitConstruction_d0g1v0_Homestead...ok
   - modexp_d30g1v0_Frontier...ok
   - ZeroValue_SUICIDE_ToOneStorageKey_OOGRevert_d0g0v0_Byzantium...ok
test json_tests::chain::block_tests::BlockchainTests_GeneralStateTest_stWalletTest ... ok
   - ZeroValue_SUICIDE_ToEmpty_d0g0v0_Byzantium...ok
   - modexp_d30g1v0_Homestead...ok
   - ZeroValue_SUICIDE_ToOneStorageKey_OOGRevert_d0g0v0_EIP150...ok
   - ZeroValue_SUICIDE_ToEmpty_d0g0v0_EIP150...ok
   - modexp_d6g0v0_Byzantium...ok
   - ZeroValue_SUICIDE_ToEmpty_d0g0v0_EIP158...ok
   - ZeroValue_SUICIDE_ToOneStorageKey_OOGRevert_d0g0v0_EIP158...ok
   - modexp_d6g0v0_EIP150...ok
   - ZeroValue_SUICIDE_ToEmpty_d0g0v0_Frontier...ok
   - ZeroValue_SUICIDE_ToOneStorageKey_OOGRevert_d0g0v0_Frontier...ok
   - modexp_d6g0v0_EIP158...ok
   - ZeroValue_SUICIDE_ToOneStorageKey_OOGRevert_d0g0v0_Homestead...ok
   - ZeroValue_SUICIDE_ToEmpty_d0g0v0_Homestead...ok
   - ZeroValue_DELEGATECALL_ToNonZeroBalance_d0g0v0_Byzantium...ok
   - ZeroValue_CALLCODE_ToOneStorageKey_OOGRevert_d0g0v0_Byzantium...ok
   - modexp_d6g0v0_Frontier...ok
   - ZeroValue_DELEGATECALL_ToNonZeroBalance_d0g0v0_EIP150...ok
   - ZeroValue_CALLCODE_ToOneStorageKey_OOGRevert_d0g0v0_EIP150...ok
   - modexp_d6g0v0_Homestead...ok
   - ZeroValue_DELEGATECALL_ToNonZeroBalance_d0g0v0_EIP158...ok
   - ZeroValue_CALLCODE_ToOneStorageKey_OOGRevert_d0g0v0_EIP158...ok
   - modexp_37120_37111_0_20500_d0g2v0_Byzantium...ok
   - ZeroValue_CALLCODE_ToOneStorageKey_OOGRevert_d0g0v0_Frontier...ok
   - ZeroValue_DELEGATECALL_ToNonZeroBalance_d0g0v0_Frontier...ok
   - modexp_37120_37111_0_20500_d0g2v0_EIP150...ok
   - ZeroValue_DELEGATECALL_ToNonZeroBalance_d0g0v0_Homestead...ok
   - ZeroValue_CALLCODE_ToOneStorageKey_OOGRevert_d0g0v0_Homestead...ok
   - ZeroValue_DELEGATECALL_ToOneStorageKey_d0g0v0_Byzantium...ok
   - modexp_37120_37111_0_20500_d0g2v0_EIP158...ok
   - ZeroValue_CALL_OOGRevert_d0g0v0_Byzantium...ok
   - modexp_37120_37111_0_20500_d0g2v0_Frontier...ok
ok
   - ZeroValue_DELEGATECALL_ToOneStorageKey_d0g0v0_EIP150...   - ZeroValue_CALL_OOGRevert_d0g0v0_EIP150...ok
   - modexp_37120_37111_0_20500_d0g2v0_Homestead...ok
   - ZeroValue_CALL_OOGRevert_d0g0v0_EIP158...ok
ok
   - ZeroValue_DELEGATECALL_ToOneStorageKey_d0g0v0_EIP158...   - modexp_0_1_0_25000_d0g1v0_Byzantium...ok
   - ZeroValue_DELEGATECALL_ToOneStorageKey_d0g0v0_Frontier...ok
   - ZeroValue_CALL_OOGRevert_d0g0v0_Frontier...ok
   - modexp_0_1_0_25000_d0g1v0_EIP150...ok
   - ZeroValue_DELEGATECALL_ToOneStorageKey_d0g0v0_Homestead...ok
   - ZeroValue_CALL_OOGRevert_d0g0v0_Homestead...ok
   - modexp_0_1_0_25000_d0g1v0_EIP158...ok
   - ZeroValue_CALL_d0g0v0_Byzantium...ok
   - ZeroValue_CALL_ToOneStorageKey_OOGRevert_d0g0v0_Byzantium...ok
   - ZeroValue_CALL_d0g0v0_EIP150...ok
   - modexp_0_1_0_25000_d0g1v0_Frontier...ok
   - ZeroValue_CALL_ToOneStorageKey_OOGRevert_d0g0v0_EIP150...ok
   - ZeroValue_CALL_d0g0v0_EIP158...ok
   - modexp_0_1_0_25000_d0g1v0_Homestead...ok
   - ZeroValue_CALL_ToOneStorageKey_OOGRevert_d0g0v0_EIP158...ok
   - modexp_d9g3v0_Byzantium...ok
   - ZeroValue_CALL_d0g0v0_Frontier...ok
   - modexp_d9g3v0_EIP150...ok
   - ZeroValue_CALL_ToOneStorageKey_OOGRevert_d0g0v0_Frontier...ok
   - ZeroValue_CALL_d0g0v0_Homestead...ok
   - modexp_d9g3v0_EIP158...ok
   - ZeroValue_TransactionCALLwithData_ToEmpty_d0g0v0_Byzantium...ok
   - ZeroValue_CALL_ToOneStorageKey_OOGRevert_d0g0v0_Homestead...ok
   - ZeroValue_TransactionCALLwithData_ToEmpty_d0g0v0_EIP150...ok
   - ZeroValue_CALL_ToEmpty_OOGRevert_d0g0v0_Byzantium...ok
   - modexp_d9g3v0_Frontier...ok
   - ZeroValue_CALL_ToEmpty_OOGRevert_d0g0v0_EIP150...ok
   - ZeroValue_TransactionCALLwithData_ToEmpty_d0g0v0_EIP158...ok
   - modexp_d9g3v0_Homestead...ok
   - ZeroValue_CALL_ToEmpty_OOGRevert_d0g0v0_EIP158...ok
   - ZeroValue_TransactionCALLwithData_ToEmpty_d0g0v0_Frontier...ok
   - ZeroValue_TransactionCALLwithData_ToEmpty_d0g0v0_Homestead...ok
ok
   - ZeroValue_CALL_ToEmpty_OOGRevert_d0g0v0_Frontier...   - modexp_d5g1v0_Byzantium...ok
   - ZeroValue_CALLCODE_ToOneStorageKey_d0g0v0_Byzantium...ok
   - modexp_d5g1v0_EIP150...ok
   - ZeroValue_CALL_ToEmpty_OOGRevert_d0g0v0_Homestead...ok
   - ZeroValue_CALLCODE_ToOneStorageKey_d0g0v0_EIP150...ok
   - modexp_d5g1v0_EIP158...ok
   - ZeroValue_TransactionCALLwithData_ToNonZeroBalance_OOGRevert_d0g0v0_Byzantium...ok
   - ZeroValue_CALLCODE_ToOneStorageKey_d0g0v0_EIP158...ok
   - ZeroValue_CALLCODE_ToOneStorageKey_d0g0v0_Frontier...ok
   - ZeroValue_TransactionCALLwithData_ToNonZeroBalance_OOGRevert_d0g0v0_EIP150...ok
   - modexp_d5g1v0_Frontier...ok
   - ZeroValue_CALLCODE_ToOneStorageKey_d0g0v0_Homestead...ok
   - ZeroValue_TransactionCALLwithData_ToNonZeroBalance_OOGRevert_d0g0v0_EIP158...ok
   - modexp_d5g1v0_Homestead...ok
   - ZeroValue_TransactionCALLwithData_ToNonZeroBalance_d0g0v0_Byzantium...ok
ok
   - ZeroValue_TransactionCALLwithData_ToNonZeroBalance_OOGRevert_d0g0v0_Frontier...   - modexp_d3g1v0_Byzantium...ok
   - ZeroValue_TransactionCALLwithData_ToNonZeroBalance_d0g0v0_EIP150...ok
   - ZeroValue_TransactionCALLwithData_ToNonZeroBalance_d0g0v0_EIP158...ok
   - ZeroValue_TransactionCALLwithData_ToNonZeroBalance_OOGRevert_d0g0v0_Homestead...ok
   - modexp_d3g1v0_EIP150...ok
   - ZeroValue_TransactionCALLwithData_ToNonZeroBalance_d0g0v0_Frontier...ok
   - modexp_d3g1v0_EIP158...ok
   - ZeroValue_SUICIDE_OOGRevert_d0g0v0_Byzantium...ok
   - modexp_d3g1v0_Frontier...ok
   - ZeroValue_SUICIDE_OOGRevert_d0g0v0_EIP150...ok
   - ZeroValue_TransactionCALLwithData_ToNonZeroBalance_d0g0v0_Homestead...ok
   - modexp_d3g1v0_Homestead...ok
   - ZeroValue_CALLCODE_ToNonZeroBalance_d0g0v0_Byzantium...ok
   - ZeroValue_SUICIDE_OOGRevert_d0g0v0_EIP158...ok
   - ZeroValue_CALLCODE_ToNonZeroBalance_d0g0v0_EIP150...ok
   - ZeroValue_SUICIDE_OOGRevert_d0g0v0_Frontier...ok
   - modexp_55190_55190_42965_1000000_d0g0v0_Byzantium...ok
   - ZeroValue_CALLCODE_ToNonZeroBalance_d0g0v0_EIP158...ok
   - ZeroValue_SUICIDE_OOGRevert_d0g0v0_Homestead...ok
   - modexp_55190_55190_42965_1000000_d0g0v0_EIP150...ok
   - ZeroValue_CALLCODE_ToNonZeroBalance_d0g0v0_Frontier...ok
   - ZeroValue_CALL_ToNonZeroBalance_OOGRevert_d0g0v0_Byzantium...ok
   - ZeroValue_CALLCODE_ToNonZeroBalance_d0g0v0_Homestead...ok
   - modexp_55190_55190_42965_1000000_d0g0v0_EIP158...ok
   - ZeroValue_CALL_ToNonZeroBalance_OOGRevert_d0g0v0_EIP150...ok
   - ZeroValue_CALL_ToNonZeroBalance_d0g0v0_Byzantium...ok
   - ZeroValue_CALL_ToNonZeroBalance_d0g0v0_EIP150...ok
   - modexp_55190_55190_42965_1000000_d0g0v0_Frontier...ok
   - ZeroValue_CALL_ToNonZeroBalance_OOGRevert_d0g0v0_EIP158...ok
   - ZeroValue_CALL_ToNonZeroBalance_d0g0v0_EIP158...ok
   - ZeroValue_CALL_ToNonZeroBalance_OOGRevert_d0g0v0_Frontier...ok
   - modexp_55190_55190_42965_1000000_d0g0v0_Homestead...ok
   - ZeroValue_CALL_ToNonZeroBalance_d0g0v0_Frontier...ok
ok
   - ZeroValue_CALL_ToNonZeroBalance_OOGRevert_d0g0v0_Homestead...   - modexp_9_37111_37111_155000_d0g1v0_Byzantium...ok
   - ZeroValue_CALL_ToNonZeroBalance_d0g0v0_Homestead...ok
   - ZeroValue_TransactionCALLwithData_OOGRevert_d0g0v0_Byzantium...ok
ok
   - modexp_9_37111_37111_155000_d0g1v0_EIP150...   - ZeroValue_CALL_ToOneStorageKey_d0g0v0_Byzantium...ok
   - ZeroValue_TransactionCALLwithData_OOGRevert_d0g0v0_EIP150...ok
   - ZeroValue_CALL_ToOneStorageKey_d0g0v0_EIP150...ok
   - modexp_9_37111_37111_155000_d0g1v0_EIP158...ok
   - ZeroValue_TransactionCALLwithData_OOGRevert_d0g0v0_EIP158...ok
   - modexp_9_37111_37111_155000_d0g1v0_Frontier...ok
   - ZeroValue_CALL_ToOneStorageKey_d0g0v0_EIP158...ok
   - ZeroValue_TransactionCALLwithData_OOGRevert_d0g0v0_Frontier...ok
   - modexp_9_37111_37111_155000_d0g1v0_Homestead...ok
   - ZeroValue_CALL_ToOneStorageKey_d0g0v0_Frontier...ok
   - ZeroValue_TransactionCALLwithData_OOGRevert_d0g0v0_Homestead...ok
   - modexp_d16g1v0_Byzantium...ok
   - ZeroValue_CALL_ToOneStorageKey_d0g0v0_Homestead...ok
   - ZeroValue_TransactionCALL_ToNonZeroBalance_OOGRevert_d0g0v0_Byzantium...ok
   - modexp_d16g1v0_EIP150...ok
   - ZeroValue_SUICIDE_d0g0v0_Byzantium...ok
   - ZeroValue_TransactionCALL_ToNonZeroBalance_OOGRevert_d0g0v0_EIP150...ok
   - modexp_d16g1v0_EIP158...ok
   - ZeroValue_SUICIDE_d0g0v0_EIP150...ok
   - ZeroValue_TransactionCALL_ToNonZeroBalance_OOGRevert_d0g0v0_EIP158...ok
   - ZeroValue_SUICIDE_d0g0v0_EIP158...ok
   - modexp_d16g1v0_Frontier...ok
   - ZeroValue_TransactionCALL_ToNonZeroBalance_OOGRevert_d0g0v0_Frontier...ok
   - ZeroValue_SUICIDE_d0g0v0_Frontier...ok
   - modexp_d16g1v0_Homestead...ok
   - ZeroValue_SUICIDE_d0g0v0_Homestead...ok
   - ZeroValue_TransactionCALL_ToNonZeroBalance_OOGRevert_d0g0v0_Homestead...ok
   - modexp_1_0_1_20500_d0g2v0_Byzantium...ok
test json_tests::chain::block_tests::BlockchainTests_GeneralStateTest_stZeroCallsRevert ... ok
ok
   - ZeroValue_CALLCODE_ToEmpty_d0g0v0_Byzantium...   - ecmul_0-0_0_21000_80_d0g0v0_Byzantium...ok
   - modexp_1_0_1_20500_d0g2v0_EIP150...ok
   - ecmul_0-0_0_21000_80_d0g0v0_EIP150...ok
   - ZeroValue_CALLCODE_ToEmpty_d0g0v0_EIP150...ok
   - modexp_1_0_1_20500_d0g2v0_EIP158...ok
   - ZeroValue_CALLCODE_ToEmpty_d0g0v0_EIP158...ok
   - ecmul_0-0_0_21000_80_d0g0v0_EIP158...ok
   - ZeroValue_CALLCODE_ToEmpty_d0g0v0_Frontier...ok
   - modexp_1_0_1_20500_d0g2v0_Frontier...ok
   - ecmul_0-0_0_21000_80_d0g0v0_Frontier...ok
   - ZeroValue_CALLCODE_ToEmpty_d0g0v0_Homestead...ok
   - modexp_1_0_1_20500_d0g2v0_Homestead...ok
ok
   - ecmul_0-0_0_21000_80_d0g0v0_Homestead...   - ZeroValue_TransactionCALL_d0g0v0_Byzantium...ok
ok
ok
   - ZeroValue_TransactionCALL_d0g0v0_EIP150...   - pointMulAdd2_d21g2v0_Byzantium...   - modexp_3_5_100_25000_d0g1v0_Byzantium...ok
   - modexp_3_5_100_25000_d0g1v0_EIP150...ok
   - ZeroValue_TransactionCALL_d0g0v0_EIP158...ok
   - pointMulAdd2_d21g2v0_EIP150...ok
   - ZeroValue_TransactionCALL_d0g0v0_Frontier...ok
   - modexp_3_5_100_25000_d0g1v0_EIP158...ok
   - pointMulAdd2_d21g2v0_EIP158...ok
   - pointMulAdd2_d21g2v0_Frontier...ok
   - ZeroValue_TransactionCALL_d0g0v0_Homestead...ok
   - modexp_3_5_100_25000_d0g1v0_Frontier...ok
   - ZeroValue_SUICIDE_ToOneStorageKey_d0g0v0_Byzantium...ok
   - pointMulAdd2_d21g2v0_Homestead...ok
   - modexp_3_5_100_25000_d0g1v0_Homestead...ok
   - ZeroValue_SUICIDE_ToOneStorageKey_d0g0v0_EIP150...ok
   - ecmul_0-0_0_28000_40_d0g2v0_Byzantium...ok
   - modexp_37120_37111_0_22000_d0g2v0_Byzantium...ok
   - ZeroValue_SUICIDE_ToOneStorageKey_d0g0v0_EIP158...ok
   - ecmul_0-0_0_28000_40_d0g2v0_EIP150...ok
   - ZeroValue_SUICIDE_ToOneStorageKey_d0g0v0_Frontier...ok
   - modexp_37120_37111_0_22000_d0g2v0_EIP150...ok
   - ZeroValue_SUICIDE_ToOneStorageKey_d0g0v0_Homestead...ok
   - modexp_37120_37111_0_22000_d0g2v0_EIP158...ok
   - ecmul_0-0_0_28000_40_d0g2v0_EIP158...ok
   - ZeroValue_TransactionCALLwithData_ToOneStorageKey_d0g0v0_Byzantium...ok
   - ecmul_0-0_0_28000_40_d0g2v0_Frontier...ok
   - modexp_37120_37111_0_22000_d0g2v0_Frontier...ok
   - ZeroValue_TransactionCALLwithData_ToOneStorageKey_d0g0v0_EIP150...ok
   - ecmul_0-0_0_28000_40_d0g2v0_Homestead...ok
   - modexp_37120_37111_0_22000_d0g2v0_Homestead...ok
   - ZeroValue_TransactionCALLwithData_ToOneStorageKey_d0g0v0_EIP158...ok
   - ecmul_0-0_0_28000_128_d0g2v0_Byzantium...ok
   - modexp_39936_1_55201_22000_d0g1v0_Byzantium...ok
   - ZeroValue_TransactionCALLwithData_ToOneStorageKey_d0g0v0_Frontier...ok
   - ecmul_0-0_0_28000_128_d0g2v0_EIP150...ok
   - modexp_39936_1_55201_22000_d0g1v0_EIP150...ok
   - ZeroValue_TransactionCALLwithData_ToOneStorageKey_d0g0v0_Homestead...ok
   - ecmul_0-0_0_28000_128_d0g2v0_EIP158...ok
   - ecmul_0-0_0_28000_128_d0g2v0_Frontier...ok
   - ZeroValue_DELEGATECALL_d0g0v0_Byzantium...ok
   - modexp_39936_1_55201_22000_d0g1v0_EIP158...ok
   - ecmul_0-0_0_28000_128_d0g2v0_Homestead...ok
   - ZeroValue_DELEGATECALL_d0g0v0_EIP150...ok
   - modexp_39936_1_55201_22000_d0g1v0_Frontier...ok
   - ecmul_7827-6598_9935_28000_96_d0g1v0_Byzantium...ok
   - modexp_39936_1_55201_22000_d0g1v0_Homestead...ok
   - ecmul_7827-6598_9935_28000_96_d0g1v0_EIP150...ok
   - ZeroValue_DELEGATECALL_d0g0v0_EIP158...ok
   - ZeroValue_DELEGATECALL_d0g0v0_Frontier...ok
   - ecmul_7827-6598_9935_28000_96_d0g1v0_EIP158...ok
ok
   - ZeroValue_DELEGATECALL_d0g0v0_Homestead...   - modexp_37120_37111_97_155000_d0g2v0_Byzantium...ok
   - ecmul_7827-6598_9935_28000_96_d0g1v0_Frontier...ok
   - ZeroValue_DELEGATECALL_ToEmpty_d0g0v0_Byzantium...ok
   - modexp_37120_37111_97_155000_d0g2v0_EIP150...ok
   - ecmul_7827-6598_9935_28000_96_d0g1v0_Homestead...ok
   - ZeroValue_DELEGATECALL_ToEmpty_d0g0v0_EIP150...ok
   - modexp_37120_37111_97_155000_d0g2v0_EIP158...ok
   - ecadd_1-2_0-0_21000_64_d0g1v0_Byzantium...ok
   - ZeroValue_DELEGATECALL_ToEmpty_d0g0v0_EIP158...ok
   - modexp_37120_37111_97_155000_d0g2v0_Frontier...ok
   - ecadd_1-2_0-0_21000_64_d0g1v0_EIP150...ok
   - ZeroValue_DELEGATECALL_ToEmpty_d0g0v0_Frontier...ok
   - modexp_37120_37111_97_155000_d0g2v0_Homestead...ok
   - ecadd_1-2_0-0_21000_64_d0g1v0_EIP158...ok
   - ZeroValue_DELEGATECALL_ToEmpty_d0g0v0_Homestead...ok
   - modexp_d22g3v0_Byzantium...ok
   - ecadd_1-2_0-0_21000_64_d0g1v0_Frontier...ok
   - ZeroValue_SUICIDE_ToNonZeroBalance_d0g0v0_Byzantium...ok
   - ecadd_1-2_0-0_21000_64_d0g1v0_Homestead...ok
   - ZeroValue_SUICIDE_ToNonZeroBalance_d0g0v0_EIP150...ok
   - modexp_d22g3v0_EIP150...ok
ok
   - ZeroValue_SUICIDE_ToNonZeroBalance_d0g0v0_EIP158...   - ecmul_7827-6598_1456_28000_96_d0g3v0_Byzantium...ok
   - modexp_d22g3v0_EIP158...ok
   - ecmul_7827-6598_1456_28000_96_d0g3v0_EIP150...ok
   - ZeroValue_SUICIDE_ToNonZeroBalance_d0g0v0_Frontier...ok
   - modexp_d22g3v0_Frontier...ok
   - ecmul_7827-6598_1456_28000_96_d0g3v0_EIP158...ok
   - modexp_d22g3v0_Homestead...ok
   - ZeroValue_SUICIDE_ToNonZeroBalance_d0g0v0_Homestead...ok
   - ecmul_7827-6598_1456_28000_96_d0g3v0_Frontier...ok
ok
   - ZeroValue_CALL_ToEmpty_d0g0v0_Byzantium...   - modexp_d9g1v0_Byzantium...ok
   - ecmul_7827-6598_1456_28000_96_d0g3v0_Homestead...ok
   - modexp_d9g1v0_EIP150...ok
   - ZeroValue_CALL_ToEmpty_d0g0v0_EIP150...ok
   - ecmul_1-2_9_28000_96_d0g3v0_Byzantium...ok
   - modexp_d9g1v0_EIP158...ok
   - ZeroValue_CALL_ToEmpty_d0g0v0_EIP158...ok
   - ecmul_1-2_9_28000_96_d0g3v0_EIP150...ok
   - modexp_d9g1v0_Frontier...ok
   - ZeroValue_CALL_ToEmpty_d0g0v0_Frontier...ok
   - modexp_d9g1v0_Homestead...ok
   - ecmul_1-2_9_28000_96_d0g3v0_EIP158...ok
   - ZeroValue_CALL_ToEmpty_d0g0v0_Homestead...ok
   - CallEcrecover2_d0g0v0_Byzantium...ok
   - ecmul_1-2_9_28000_96_d0g3v0_Frontier...ok
   - ZeroValue_CALLCODE_d0g0v0_Byzantium...ok
   - CallEcrecover2_d0g0v0_EIP150...ok
   - ecmul_1-2_9_28000_96_d0g3v0_Homestead...ok
   - ZeroValue_CALLCODE_d0g0v0_EIP150...ok
   - CallEcrecover2_d0g0v0_EIP158...ok
   - ecpairing_perturb_g2_by_field_modulus_again_d0g1v0_Byzantium...ok
   - ZeroValue_CALLCODE_d0g0v0_EIP158...ok
   - CallEcrecover2_d0g0v0_Frontier...ok
   - ecpairing_perturb_g2_by_field_modulus_again_d0g1v0_EIP150...ok
   - CallEcrecover2_d0g0v0_Homestead...ok
   - ZeroValue_CALLCODE_d0g0v0_Frontier...ok
   - ecpairing_perturb_g2_by_field_modulus_again_d0g1v0_EIP158...ok
   - modexp_55190_55190_42965_155000_d0g0v0_Byzantium...ok
   - ecpairing_perturb_g2_by_field_modulus_again_d0g1v0_Frontier...ok
   - ZeroValue_CALLCODE_d0g0v0_Homestead...ok
   - ecpairing_perturb_g2_by_field_modulus_again_d0g1v0_Homestead...ok
   - ZeroValue_TransactionCALL_ToNonZeroBalance_d0g0v0_Byzantium...ok
   - modexp_55190_55190_42965_155000_d0g0v0_EIP150...ok
   - ecmul_0-0_9935_28000_96_d0g2v0_Byzantium...ok
   - modexp_55190_55190_42965_155000_d0g0v0_EIP158...ok
   - ZeroValue_TransactionCALL_ToNonZeroBalance_d0g0v0_EIP150...ok
   - ecmul_0-0_9935_28000_96_d0g2v0_EIP150...ok
   - modexp_55190_55190_42965_155000_d0g0v0_Frontier...ok
   - ZeroValue_TransactionCALL_ToNonZeroBalance_d0g0v0_EIP158...ok
   - ecmul_0-0_9935_28000_96_d0g2v0_EIP158...ok
   - modexp_55190_55190_42965_155000_d0g0v0_Homestead...ok
   - ZeroValue_TransactionCALL_ToNonZeroBalance_d0g0v0_Frontier...ok
   - ecmul_0-0_9935_28000_96_d0g2v0_Frontier...ok
ok
   - ZeroValue_TransactionCALL_ToNonZeroBalance_d0g0v0_Homestead...ok
   - ecmul_0-0_9935_28000_96_d0g2v0_Homestead...   - modexp_d21g2v0_Byzantium...ok
   - ZeroValue_TransactionCALL_ToEmpty_d0g0v0_Byzantium...ok
ok
   - modexp_d21g2v0_EIP150...   - ecmul_1-2_616_28000_96_d0g0v0_Byzantium...ok
   - ZeroValue_TransactionCALL_ToEmpty_d0g0v0_EIP150...ok
   - modexp_d21g2v0_EIP158...ok
   - ecmul_1-2_616_28000_96_d0g0v0_EIP150...ok
   - ZeroValue_TransactionCALL_ToEmpty_d0g0v0_EIP158...ok
   - ecmul_1-2_616_28000_96_d0g0v0_EIP158...ok
   - modexp_d21g2v0_Frontier...ok
   - ecmul_1-2_616_28000_96_d0g0v0_Frontier...ok
   - ZeroValue_TransactionCALL_ToEmpty_d0g0v0_Frontier...ok
   - ecmul_1-2_616_28000_96_d0g0v0_Homestead...ok
   - modexp_d21g2v0_Homestead...ok
   - ecmul_0-0_5617_21000_96_d0g0v0_Byzantium...ok
   - static_Call50000_sha256_d0g0v0_EIP150...ok
   - ZeroValue_TransactionCALL_ToEmpty_d0g0v0_Homestead...ok
   - ecmul_0-0_5617_21000_96_d0g0v0_EIP150...ok
ok
   - static_Call50000_sha256_d0g0v0_EIP158...ok
   - ZeroValue_TransactionCALLwithData_d0g0v0_Byzantium...ok
   - ecmul_0-0_5617_21000_96_d0g0v0_EIP158...ok
   - ZeroValue_TransactionCALLwithData_d0g0v0_EIP150...ok
   - static_Call50000_sha256_d0g0v0_Frontier...ok
   - ecmul_0-0_5617_21000_96_d0g0v0_Frontier...ok
   - static_Call50000_sha256_d0g0v0_Homestead...ok
   - ZeroValue_TransactionCALLwithData_d0g0v0_EIP158...ok
   - ecmul_0-0_5617_21000_96_d0g0v0_Homestead...ok
   - static_log1_logMemStartTooHigh_d0g0v0_Byzantium...ok
   - ZeroValue_TransactionCALLwithData_d0g0v0_Frontier...ok
   - ecpairing_one_point_insufficient_gas_d0g1v0_Byzantium...ok
   - static_log1_logMemStartTooHigh_d0g0v0_EIP150...ok
   - ZeroValue_TransactionCALLwithData_d0g0v0_Homestead...   - modexp_0_1_0_1000000_d0g2v0_Byzantium...ok
   - ecpairing_one_point_insufficient_gas_d0g1v0_EIP150...ok
   - static_log1_logMemStartTooHigh_d0g0v0_EIP158...ok
   - modexp_0_1_0_1000000_d0g2v0_EIP150...ok
   - modexp_0_1_0_1000000_d0g2v0_EIP158...ok
   - ZeroValue_TransactionCALL_ToOneStorageKey_d0g0v0_Byzantium...ok
   - static_log1_logMemStartTooHigh_d0g0v0_Frontier...ok
   - modexp_0_1_0_1000000_d0g2v0_Frontier...ok
   - ecpairing_one_point_insufficient_gas_d0g1v0_EIP158...ok
   - ZeroValue_TransactionCALL_ToOneStorageKey_d0g0v0_EIP150...ok
   - static_log1_logMemStartTooHigh_d0g0v0_Homestead...ok
   - ecpairing_one_point_insufficient_gas_d0g1v0_Frontier...ok
   - modexp_0_1_0_1000000_d0g2v0_Homestead...ok
   - ZeroValue_TransactionCALL_ToOneStorageKey_d0g0v0_EIP158...ok
   - ZeroValue_TransactionCALL_ToOneStorageKey_d0g0v0_Frontier...ok
   - static_Call1024PreCalls_d1g0v0_Byzantium...ok
   - ecpairing_one_point_insufficient_gas_d0g1v0_Homestead...ok
ok
   - ZeroValue_TransactionCALL_ToOneStorageKey_d0g0v0_Homestead...ok
   - ecmul_0-0_1_21000_96_d0g3v0_Byzantium...ok
test json_tests::chain::block_tests::BlockchainTests_GeneralStateTest_stZeroCallsTest ... ok
   - ByzantiumTransition...   - modexp_37120_37111_37111_155000_d0g3v0_Byzantium...ok
   - ecmul_0-0_1_21000_96_d0g3v0_EIP150...ok
   - ecmul_0-0_1_21000_96_d0g3v0_EIP158...ok
   - modexp_37120_37111_37111_155000_d0g3v0_EIP150...ok
   - static_Call1024PreCalls_d1g0v0_EIP150...ok
   - ecmul_0-0_1_21000_96_d0g3v0_Frontier...ok
   - modexp_37120_37111_37111_155000_d0g3v0_EIP158...ok
   - ecmul_0-0_1_21000_96_d0g3v0_Homestead...ok
test json_tests::chain::block_tests::BlockchainTests_TransitionTests_bcEIP158ToByzantium ... ok
   - blockChainFrontierWithLargerTDvsHomesteadBlockchain...ok
   - static_Call1024PreCalls_d1g0v0_EIP158...ok
ok
   - modexp_37120_37111_37111_155000_d0g3v0_Frontier...   - ContractCreationFailsOnHomestead...   - UncleFromFrontierInHomestead...   - ecmul_0-3_0_28000_128_d0g3v0_Byzantium...   - UnclePopulation...   - HomesteadOverrideFrontier...   - blockChainFrontierWithLargerTDvsHomesteadBlockchain2...   - CallContractThatCreateContractBeforeAndAfterSwitchover...test json_tests::chain::block_tests::BlockchainTests_TransitionTests_bcFrontierToHomestead ... ok
   - DaoTransactions_EmptyTransactionAndForkBlocksAhead...   - DaoTransactions_XBlockm1...   - DaoTransactions...   - DaoTransactions_UncleExtradata...test json_tests::chain::block_tests::BlockchainTests_TransitionTests_bcHomesteadToDao ... ok
ok
   - ecmul_0-3_0_28000_128_d0g3v0_EIP150...ok
   - modexp_37120_37111_37111_155000_d0g3v0_Homestead...   - EIP150Transition...test json_tests::chain::block_tests::BlockchainTests_TransitionTests_bcHomesteadToEIP150 ... ok
ok
   - static_Call1024PreCalls_d1g0v0_Frontier...   - GasUsedHigherThanBlockGasLimitButNotWithRefundsSuicideFirst_Byzantium...ok
ok
   - ecmul_0-3_0_28000_128_d0g3v0_EIP158...ok
   - static_Call1024PreCalls_d1g0v0_Homestead...ok
   - GasUsedHigherThanBlockGasLimitButNotWithRefundsSuicideFirst_EIP150...ok
   - ecmul_0-3_0_28000_128_d0g3v0_Frontier...ok
   - static_CREATE_ContractSuicideDuringInit_d2g0v0_Byzantium...ok
   - GasUsedHigherThanBlockGasLimitButNotWithRefundsSuicideFirst_EIP158...ok
   - static_CREATE_ContractSuicideDuringInit_d2g0v0_EIP150...ok
   - ecmul_0-3_0_28000_128_d0g3v0_Homestead...ok
   - GasUsedHigherThanBlockGasLimitButNotWithRefundsSuicideFirst_Frontier...ok
   - static_CREATE_ContractSuicideDuringInit_d2g0v0_EIP158...ok
   - ecmul_7827-6598_1456_21000_96_d0g1v0_Byzantium...   - modexp_d22g2v0_Byzantium...ok
ok
   - modexp_d22g2v0_EIP150...   - GasUsedHigherThanBlockGasLimitButNotWithRefundsSuicideFirst_Homestead...ok
   - ecmul_7827-6598_1456_21000_96_d0g1v0_EIP150...ok
   - static_CREATE_ContractSuicideDuringInit_d2g0v0_Frontier...ok
   - modexp_d22g2v0_EIP158...ok
   - TransactionGasHigherThanLimit2p63m1_Byzantium...ok
   - ecmul_7827-6598_1456_21000_96_d0g1v0_EIP158...ok
   - TransactionGasHigherThanLimit2p63m1_EIP150...ok
   - modexp_d22g2v0_Frontier...ok
   - static_CREATE_ContractSuicideDuringInit_d2g0v0_Homestead...ok
   - modexp_d22g2v0_Homestead...ok
   - ecmul_7827-6598_1456_21000_96_d0g1v0_Frontier...ok
   - TransactionGasHigherThanLimit2p63m1_EIP158...ok
   - static_callcallcodecall_010_OOGMBefore_d0g0v0_Byzantium...ok
   - ecmul_7827-6598_1456_21000_96_d0g1v0_Homestead...ok
   - TransactionGasHigherThanLimit2p63m1_Frontier...ok
test json_tests::chain::block_tests::BlockchainTests_GeneralStateTest_stPreCompiledContracts ... ok
ok
   - pointAddTrunc_d8g3v0_Byzantium...ok
   - TransactionGasHigherThanLimit2p63m1_Homestead...ok
   - static_callcallcodecall_010_OOGMBefore_d0g0v0_EIP150...ok
   - pointAddTrunc_d8g3v0_EIP150...ok
   - static_callcallcodecall_010_OOGMBefore_d0g0v0_EIP158...ok
   - GasUsedHigherThanBlockGasLimitButNotWithRefundsSuicideLast_Byzantium...WARN:ethcore::verification::queue::kind::blocks: Stage 1 block verification failed for 0x453a…e3ea: Error(Block(TooMuchGasUsed(OutOfBounds { min: None, max: Some(0x23dd4), found: 0x24220 })), State { next_error: None, backtrace: InternalBacktrace { backtrace: None } })
ok
   - GasUsedHigherThanBlockGasLimitButNotWithRefundsSuicideLast_EIP150...WARN:ethcore::verification::queue::kind::blocks: Stage 1 block verification failed for 0x23bc…4c02: Error(Block(TooMuchGasUsed(OutOfBounds { min: None, max: Some(0x23dd4), found: 0x24220 })), State { next_error: None, backtrace: InternalBacktrace { backtrace: None } })
ok
   - pointAddTrunc_d8g3v0_EIP158...ok
   - GasUsedHigherThanBlockGasLimitButNotWithRefundsSuicideLast_EIP158...WARN:ethcore::verification::queue::kind::blocks: Stage 1 block verification failed for 0x2a6d…af45: Error(Block(TooMuchGasUsed(OutOfBounds { min: None, max: Some(0x23dd4), found: 0x24220 })), State { next_error: None, backtrace: InternalBacktrace { backtrace: None } })
ok
   - GasUsedHigherThanBlockGasLimitButNotWithRefundsSuicideLast_Frontier...ok
   - static_callcallcodecall_010_OOGMBefore_d0g0v0_Frontier...WARN:ethcore::client::client: Block import failed for #1 (0x72d2…eaa1)
Error: Error(Execution(BlockGasLimitReached { gas_limit: 0x23dd4, gas_used: 0x1ec30, gas: 0x55f0 }), State { next_error: None, backtrace: InternalBacktrace { backtrace: None } })
ok
   - GasUsedHigherThanBlockGasLimitButNotWithRefundsSuicideLast_Homestead...ok
   - static_callcallcodecall_010_OOGMBefore_d0g0v0_Homestead...ok
   - pointAddTrunc_d8g3v0_Frontier...WARN:ethcore::client::client: Block import failed for #1 (0xf7b6…3b75)
Error: Error(Execution(BlockGasLimitReached { gas_limit: 0x23dd4, gas_used: 0x1ec30, gas: 0x55f0 }), State { next_error: None, backtrace: InternalBacktrace { backtrace: None } })
ok
   - BlockGasLimit2p63m1_Byzantium...ok
   - pointAddTrunc_d8g3v0_Homestead...ok
   - static_callcallcallcode_001_OOGMBefore2_d0g0v0_Byzantium...ok
   - BlockGasLimit2p63m1_EIP150...ok
   - static_callcallcallcode_001_OOGMBefore2_d0g0v0_EIP150...ok
   - ecmul_0-0_2_21000_96_d0g1v0_Byzantium...ok
   - BlockGasLimit2p63m1_EIP158...ok
   - static_callcallcallcode_001_OOGMBefore2_d0g0v0_EIP158...ok
   - ecmul_0-0_2_21000_96_d0g1v0_EIP150...ok
   - BlockGasLimit2p63m1_Frontier...ok
   - static_callcallcallcode_001_OOGMBefore2_d0g0v0_Frontier...ok
   - ecmul_0-0_2_21000_96_d0g1v0_EIP158...ok
   - BlockGasLimit2p63m1_Homestead...ok
   - static_callcallcallcode_001_OOGMBefore2_d0g0v0_Homestead...ok
   - ecmul_0-0_2_21000_96_d0g1v0_Frontier...ok
   - static_callcallcodecall_ABCB_RECURSIVE2_d0g0v0_Byzantium...ok
   - SuicideTransaction_Byzantium...ok
   - static_callcallcodecall_ABCB_RECURSIVE2_d0g0v0_EIP150...ok
   - ecmul_0-0_2_21000_96_d0g1v0_Homestead...ok
   - SuicideTransaction_EIP150...ok
   - static_callcallcodecall_ABCB_RECURSIVE2_d0g0v0_EIP158...ok
   - ecmul_1-3_5616_28000_128_d0g3v0_Byzantium...ok
   - SuicideTransaction_EIP158...ok
   - static_callcallcodecall_ABCB_RECURSIVE2_d0g0v0_Frontier...ok
   - SuicideTransaction_Frontier...ok
   - static_callcallcodecall_ABCB_RECURSIVE2_d0g0v0_Homestead...ok
   - ecmul_1-3_5616_28000_128_d0g3v0_EIP150...ok
   - SuicideTransaction_Homestead...ok
   - ecmul_1-3_5616_28000_128_d0g3v0_EIP158...ok
   - static_Call50000_identity_d0g0v0_Byzantium...ok
   - ecmul_1-3_5616_28000_128_d0g3v0_Frontier...ok
   - TransactionGasHigherThanLimit2p63m1_2_Byzantium...ok
   - ecmul_1-3_5616_28000_128_d0g3v0_Homestead...ok
   - TransactionGasHigherThanLimit2p63m1_2_EIP150...ok
   - ecadd_0-0_0-0_25000_64_d0g1v0_Byzantium...ok
   - TransactionGasHigherThanLimit2p63m1_2_EIP158...ok
   - static_Call50000_identity_d0g0v0_EIP150...ok
   - ecadd_0-0_0-0_25000_64_d0g1v0_EIP150...ok
   - static_Call50000_identity_d0g0v0_EIP158...ok
   - TransactionGasHigherThanLimit2p63m1_2_Frontier...ok
   - ecadd_0-0_0-0_25000_64_d0g1v0_EIP158...ok
   - TransactionGasHigherThanLimit2p63m1_2_Homestead...ok
   - ecadd_0-0_0-0_25000_64_d0g1v0_Frontier...ok
   - static_Call50000_identity_d0g0v0_Frontier...ok
   - ecadd_0-0_0-0_25000_64_d0g1v0_Homestead...ok
test json_tests::chain::block_tests::BlockchainTests_bcBlockGasLimitTest ... ok
   - ForkUncle...ok
   - static_Call50000_identity_d0g0v0_Homestead...ok
   - ecmul_0-3_0_21000_64_d0g0v0_Byzantium...ok
   - static_CallEcrecover0_0input_d0g0v0_Byzantium...ok
   - ecmul_0-3_0_21000_64_d0g0v0_EIP150...WARN:ethcore::client::client: Stage 3 block verification failed for #5 (0x2555…217c)
Error: Error(Block(UncleParentNotInChain(0x06b2c962d95277f736161392c0c27e4de1164373e86dd0d53111bf232bfe0b25)), State { next_error: None, backtrace: InternalBacktrace { backtrace: None } })
ok
   - reusePreviousBlockAsUncleIgnoringLeadingZerosInMixHash...ok
   - static_CallEcrecover0_0input_d0g0v0_EIP150...ok
   - ecmul_0-3_0_21000_64_d0g0v0_EIP158...WARN:ethcore::verification::queue::kind::blocks: Stage 1 block verification failed for 0xdb88…ae8f: Error(Decoder(RlpIsTooShort), State { next_error: None, backtrace: InternalBacktrace { backtrace: None } })
ok
   - reusePreviousBlockAsUncleIgnoringLeadingZerosInNonce...ok
   - static_CallEcrecover0_0input_d0g0v0_EIP158...ok
   - ecmul_0-3_0_21000_64_d0g0v0_Frontier...WARN:ethcore::verification::queue::kind::blocks: Stage 1 block verification failed for 0x695d…5da2: Error(Decoder(RlpIsTooShort), State { next_error: None, backtrace: InternalBacktrace { backtrace: None } })
ok
   - BlockExtraData25...WARN:ethcore::verification::queue::kind::blocks: Stage 1 block verification failed for 0xcaf5…9428: Error(Block(ExtraDataOutOfBounds(OutOfBounds { min: None, max: Some(32), found: 1025 })), State { next_error: None, backtrace: InternalBacktrace { backtrace: None } })
ok
   - BlockWrongResetGas...ok
   - static_CallEcrecover0_0input_d0g0v0_Frontier...ok
   - ecmul_0-3_0_21000_64_d0g0v0_Homestead...WARN:ethcore::client::client: Stage 5 block verification failed for #1 (0xdcbf…84a8)
Error: Error(Block(InvalidGasUsed(Mismatch { expected: 0x5213, found: 0x6596 })), State { next_error: None, backtrace: InternalBacktrace { backtrace: None } })
ok
   - BlockWrongStoreClears...ok
   - static_CallEcrecover0_0input_d0g0v0_Homestead...ok
   - ecpairing_empty_data_d0g0v0_Byzantium...ok
   - static_callcodecall_10_OOGE_d1g0v0_Byzantium...WARN:ethcore::client::client: Stage 5 block verification failed for #1 (0x2a40…2f8e)
Error: Error(Block(InvalidGasUsed(Mismatch { expected: 0x2920, found: 0x59e7 })), State { next_error: None, backtrace: InternalBacktrace { backtrace: None } })
ok
   - BlockWrongStoreSetGas...ok
   - ecpairing_empty_data_d0g0v0_EIP150...ok
   - static_callcodecall_10_OOGE_d1g0v0_EIP150...WARN:ethcore::client::client: Stage 5 block verification failed for #1 (0xb513…c8ed)
Error: Error(Block(InvalidGasUsed(Mismatch { expected: 0x52d6, found: 0xa02e })), State { next_error: None, backtrace: InternalBacktrace { backtrace: None } })
ok
   - SimpleTxCosts20000...ok
   - ecpairing_empty_data_d0g0v0_EIP158...ok
   - static_callcodecall_10_OOGE_d1g0v0_EIP158...WARN:ethcore::client::client: Stage 5 block verification failed for #1 (0xac22…b762)
Error: Error(Block(InvalidGasUsed(Mismatch { expected: 0x4e20, found: 0x5208 })), State { next_error: None, backtrace: InternalBacktrace { backtrace: None } })
ok
ok
   - ecpairing_empty_data_d0g0v0_Frontier...   - BLOCK_HeaderGivenAsArray_0...ok
   - BLOCK_HeaderGivenAsArray_1...ok
   - static_callcodecall_10_OOGE_d1g0v0_Frontier...ok
   - BLOCK_HeaderLargerThanRLP_0...ok
   - BLOCK_HeaderLargerThanRLP_1...ok
   - ecpairing_empty_data_d0g0v0_Homestead...ok
   - BLOCK__RandomByteAtRLP_0...ok
   - BLOCK__RandomByteAtRLP_1...ok
   - BLOCK__RandomByteAtRLP_2...ok
   - static_callcodecall_10_OOGE_d1g0v0_Homestead...ok
   - BLOCK__RandomByteAtRLP_3...ok
   - BLOCK__RandomByteAtRLP_4...ok
   - BLOCK__RandomByteAtRLP_5...ok
   - BLOCK__RandomByteAtRLP_6...ok
ok
   - BLOCK__RandomByteAtRLP_7...ok
   - BLOCK__RandomByteAtRLP_8...   - ecadd_0-0_0-0_21000_80_d0g1v0_Byzantium...ok
   - BLOCK__RandomByteAtRLP_9...ok
   - BLOCK__RandomByteAtTheEnd...ok
   - BLOCK__WrongCharAtRLP_0...ok
   - BLOCK__WrongCharAtRLP_1...ok
   - BLOCK__WrongCharAtRLP_2...ok
   - BLOCK__WrongCharAtRLP_3...ok
   - BLOCK__WrongCharAtRLP_4...ok
   - BLOCK__WrongCharAtRLP_5...ok
   - static_callcallcodecallcode_011_OOGMBefore_d0g0v0_Byzantium...ok
   - BLOCK__WrongCharAtRLP_6...ok
   - BLOCK__WrongCharAtRLP_7...ok
   - BLOCK__WrongCharAtRLP_8...ok
   - ecadd_0-0_0-0_21000_80_d0g1v0_EIP150...ok
   - BLOCK__WrongCharAtRLP_9...ok
   - BLOCK__ZeroByteAtRLP_0...ok
   - BLOCK__ZeroByteAtRLP_1...ok
   - BLOCK__ZeroByteAtRLP_2...ok
   - BLOCK__ZeroByteAtRLP_3...ok
   - BLOCK__ZeroByteAtRLP_4...ok
   - BLOCK__ZeroByteAtRLP_5...ok
   - BLOCK__ZeroByteAtRLP_6...ok
   - static_callcallcodecallcode_011_OOGMBefore_d0g0v0_EIP150...ok
   - BLOCK__ZeroByteAtRLP_7...ok
   - BLOCK__ZeroByteAtRLP_8...ok
   - BLOCK__ZeroByteAtRLP_9...ok
   - BLOCK__ZeroByteAtTheEnd...ok
   - ecadd_0-0_0-0_21000_80_d0g1v0_EIP158...ok
   - BLOCK_bloom_Prefixed0000...ok
   - BLOCK_coinbase_GivenAsList...ok
   - BLOCK_coinbase_Prefixed0000...ok
   - static_callcallcodecallcode_011_OOGMBefore_d0g0v0_EIP158...ok
   - BLOCK_coinbase_TooLarge...ok
   - BLOCK_coinbase_TooShort...ok
   - BLOCK_difficulty_GivenAsList...ok
   - ecadd_0-0_0-0_21000_80_d0g1v0_Frontier...ok
   - BLOCK_difficulty_Prefixed0000...ok
   - BLOCK_difficulty_TooLarge...ok
   - BLOCK_gasLimit_GivenAsList...ok
   - static_callcallcodecallcode_011_OOGMBefore_d0g0v0_Frontier...ok
   - BLOCK_gasLimit_Prefixed0000...ok
   - BLOCK_gasLimit_TooLarge...ok
   - ecadd_0-0_0-0_21000_80_d0g1v0_Homestead...ok
   - BLOCK_gasUsed_GivenAsList...ok
   - BLOCK_gasUsed_Prefixed0000...ok
   - static_callcallcodecallcode_011_OOGMBefore_d0g0v0_Homestead...ok
   - BLOCK_gasUsed_TooLarge...ok
   - ecmul_0-0_9_21000_128_d0g1v0_Byzantium...ok
   - BLOCK_mixHash_GivenAsList...WARN:ethcore::verification::queue::kind::blocks: Stage 1 block verification failed for 0xdd5a…1bac: Error(Decoder(RlpExpectedToBeData), State { next_error: None, backtrace: InternalBacktrace { backtrace: None } })
ok
ok
   - BLOCK_mixHash_Prefixed0000...WARN:ethcore::verification::queue::kind::blocks: Stage 1 block verification failed for 0xe687…cc44: Error(Decoder(RlpIsTooBig), State { next_error: None, backtrace: InternalBacktrace { backtrace: None } })
   - static_CheckOpcodes5_d3g1v0_Byzantium...ok
   - BLOCK_mixHash_TooLarge...WARN:ethcore::verification::queue::kind::blocks: Stage 1 block verification failed for 0x0d1b…4c86: Error(Decoder(RlpIsTooBig), State { next_error: None, backtrace: InternalBacktrace { backtrace: None } })
ok
   - BLOCK_mixHash_TooShort...WARN:ethcore::verification::queue::kind::blocks: Stage 1 block verification failed for 0x563d…f558: Error(Decoder(RlpIsTooShort), State { next_error: None, backtrace: InternalBacktrace { backtrace: None } })
ok
   - BLOCK_nonce_GivenAsList...WARN:ethcore::verification::queue::kind::blocks: Stage 1 block verification failed for 0x00fc…cd35: Error(Decoder(RlpExpectedToBeData), State { next_error: None, backtrace: InternalBacktrace { backtrace: None } })
ok
   - BLOCK_nonce_Prefixed0000...WARN:ethcore::verification::queue::kind::blocks: Stage 1 block verification failed for 0xad36…cc4e: Error(Decoder(RlpIsTooBig), State { next_error: None, backtrace: InternalBacktrace { backtrace: None } })
ok
   - ecmul_0-0_9_21000_128_d0g1v0_EIP150...ok
   - static_CheckOpcodes5_d3g1v0_EIP150...ok
   - BLOCK_nonce_TooLarge...WARN:ethcore::verification::queue::kind::blocks: Stage 1 block verification failed for 0x6b37…1bdb: Error(Decoder(RlpIsTooBig), State { next_error: None, backtrace: InternalBacktrace { backtrace: None } })
ok
   - BLOCK_number_Prefixed0000...ok
   - BLOCK_parentHash_GivenAsList...ok
   - BLOCK_parentHash_Prefixed0000...ok
   - BLOCK_parentHash_TooLarge...ok
   - ecmul_0-0_9_21000_128_d0g1v0_EIP158...ok
   - static_CheckOpcodes5_d3g1v0_EIP158...ok
   - BLOCK_parentHash_TooShort...ok
   - BLOCK_receiptTrie_GivenAsList...ok
   - BLOCK_receiptTrie_Prefixed0000...ok
   - BLOCK_receiptTrie_TooLarge...ok
   - BLOCK_receiptTrie_TooShort...ok
   - BLOCK_stateRoot_GivenAsList...ok
   - BLOCK_stateRoot_Prefixed0000...ok
   - ecmul_0-0_9_21000_128_d0g1v0_Frontier...ok
   - BLOCK_stateRoot_TooLarge...ok
   - static_CheckOpcodes5_d3g1v0_Frontier...ok
   - BLOCK_stateRoot_TooShort...ok
   - BLOCK_timestamp_GivenAsList...ok
   - BLOCK_timestamp_Prefixed0000...ok
   - BLOCK_timestamp_TooLarge...ok
   - static_CheckOpcodes5_d3g1v0_Homestead...ok
   - BLOCK_transactionsTrie_GivenAsList...ok
   - ecmul_0-0_9_21000_128_d0g1v0_Homestead...ok
   - BLOCK_transactionsTrie_Prefixed0000...ok
   - BLOCK_transactionsTrie_TooLarge...ok
   - static_log1_logMemsizeZero_d0g0v0_Byzantium...ok
   - BLOCK_transactionsTrie_TooShort...ok
   - BLOCK_uncleHash_GivenAsList...ok
   - pointAddTrunc_d5g2v0_Byzantium...ok
   - BLOCK_uncleHash_Prefixed0000...ok
   - BLOCK_uncleHash_TooLarge...ok
   - BLOCK_uncleHash_TooShort...ok
   - RLPLengthOfLengthWithFirstZeros...ok
   - TRANSCT_HeaderGivenAsArray_0...WARN:ethcore::verification::queue::kind::blocks: Stage 1 block verification failed for 0x78de…fc94: Error(Block(InvalidTransactionsRoot(Mismatch { expected: 0x56e81f171bcc55a6ff8345e692c0f86e5b48e01b996cadc001622fb5e363b421, found: 0xb6c9fd1447d0b414a1f05957927746f58ef5a2ebde17db631d460eaf6a93b18d })), State { next_error: None, backtrace: InternalBacktrace { backtrace: None } })
ok
   - static_log1_logMemsizeZero_d0g0v0_EIP150...ok
   - TRANSCT_HeaderGivenAsArray_1...ok
   - pointAddTrunc_d5g2v0_EIP150...ok
   - TRANSCT_HeaderGivenAsArray_2...ok
   - TRANSCT_HeaderLargerThanRLP_0...ok
   - TRANSCT_HeaderLargerThanRLP_1...WARN:ethcore::verification::queue::kind::blocks: Stage 1 block verification failed for 0x78de…fc94: Error(Block(InvalidTransactionsRoot(Mismatch { expected: 0x56e81f171bcc55a6ff8345e692c0f86e5b48e01b996cadc001622fb5e363b421, found: 0xb6c9fd1447d0b414a1f05957927746f58ef5a2ebde17db631d460eaf6a93b18d })), State { next_error: None, backtrace: InternalBacktrace { backtrace: None } })
ok
   - TRANSCT_HeaderLargerThanRLP_2...ok
   - TRANSCT__RandomByteAtRLP_0...ok
   - TRANSCT__RandomByteAtRLP_1...ok
   - static_log1_logMemsizeZero_d0g0v0_EIP158...ok
   - TRANSCT__RandomByteAtRLP_2...ok
   - pointAddTrunc_d5g2v0_EIP158...ok
   - TRANSCT__RandomByteAtRLP_3...ok
   - TRANSCT__RandomByteAtRLP_4...ok
   - TRANSCT__RandomByteAtRLP_5...ok
   - TRANSCT__RandomByteAtRLP_6...ok
   - TRANSCT__RandomByteAtRLP_7...ok
   - pointAddTrunc_d5g2v0_Frontier...ok
   - TRANSCT__RandomByteAtRLP_8...ok
   - static_log1_logMemsizeZero_d0g0v0_Frontier...ok
   - TRANSCT__RandomByteAtRLP_9...ok
   - TRANSCT__RandomByteAtTheEnd...ok
   - TRANSCT__WrongCharAtRLP_0...ok
   - TRANSCT__WrongCharAtRLP_1...ok
   - TRANSCT__WrongCharAtRLP_2...ok
   - TRANSCT__WrongCharAtRLP_3...ok
   - pointAddTrunc_d5g2v0_Homestead...ok
   - TRANSCT__WrongCharAtRLP_4...ok
   - TRANSCT__WrongCharAtRLP_5...ok
   - static_log1_logMemsizeZero_d0g0v0_Homestead...ok
   - TRANSCT__WrongCharAtRLP_6...ok
   - TRANSCT__WrongCharAtRLP_7...ok
   - static_callOutput3partialFail_d0g0v0_Byzantium...ok
   - TRANSCT__WrongCharAtRLP_8...ok
   - TRANSCT__WrongCharAtRLP_9...ok
   - ecmul_0-3_2_28000_96_d0g0v0_Byzantium...ok
   - TRANSCT__ZeroByteAtRLP_0...ok
   - TRANSCT__ZeroByteAtRLP_1...ok
   - TRANSCT__ZeroByteAtRLP_2...ok
   - TRANSCT__ZeroByteAtRLP_3...ok
   - static_callOutput3partialFail_d0g0v0_EIP150...ok
   - TRANSCT__ZeroByteAtRLP_4...ok
   - TRANSCT__ZeroByteAtRLP_5...ok
   - ecmul_0-3_2_28000_96_d0g0v0_EIP150...ok
   - TRANSCT__ZeroByteAtRLP_6...ok
   - TRANSCT__ZeroByteAtRLP_7...ok
   - TRANSCT__ZeroByteAtRLP_8...ok
   - TRANSCT__ZeroByteAtRLP_9...ok
   - TRANSCT__ZeroByteAtTheEnd...ok
   - TRANSCT_gasLimit_GivenAsList...ok
   - static_callOutput3partialFail_d0g0v0_EIP158...ok
   - TRANSCT_gasLimit_Prefixed0000...ok
   - TRANSCT_gasLimit_TooLarge...ok
   - TRANSCT_rvalue_GivenAsList...ok
   - ecmul_0-3_2_28000_96_d0g0v0_EIP158...ok
   - TRANSCT_rvalue_Prefixed0000...ok
   - TRANSCT_rvalue_TooLarge...ok
   - TRANSCT_rvalue_TooShort...WARN:ethcore::verification::queue::kind::blocks: Stage 1 block verification failed for 0x78de…fc94: Error(Block(InvalidTransactionsRoot(Mismatch { expected: 0x3a62595ea596889a4d204cda97606dab92105965dd2be5bf39a39bff8e8fb066, found: 0xb6c9fd1447d0b414a1f05957927746f58ef5a2ebde17db631d460eaf6a93b18d })), State { next_error: None, backtrace: InternalBacktrace { backtrace: None } })
ok
   - TRANSCT_svalue_GivenAsList...ok
   - TRANSCT_svalue_Prefixed0000...ok
   - TRANSCT_svalue_TooLarge...ok
   - static_callOutput3partialFail_d0g0v0_Frontier...ok
   - TRANSCT_svalue_TooShort...WARN:ethcore::verification::queue::kind::blocks: Stage 1 block verification failed for 0x78de…fc94: Error(Block(InvalidTransactionsRoot(Mismatch { expected: 0x341b619a320ca6261f359a6fc1c0aa5f257037a29f993c5167ee90098df34cad, found: 0xb6c9fd1447d0b414a1f05957927746f58ef5a2ebde17db631d460eaf6a93b18d })), State { next_error: None, backtrace: InternalBacktrace { backtrace: None } })
ok
   - ecmul_0-3_2_28000_96_d0g0v0_Frontier...ok
   - TRANSCT_to_GivenAsList...ok
   - TRANSCT_to_Prefixed0000...ok
   - TRANSCT_to_TooLarge...ok
   - TRANSCT_to_TooShort...ok
test json_tests::chain::block_tests::BlockchainTests_bcForgedTest ... ok
ok
   - static_callOutput3partialFail_d0g0v0_Homestead...ok
   - ecmul_0-3_2_28000_96_d0g0v0_Homestead...   - AmIOnEIP150_Byzantium...ok
   - static_callcallcode_01_OOGE_2_d0g0v0_Byzantium...ok
   - AmIOnEIP150_EIP150...   - SuicideIssue_Byzantium...ok
   - ecadd_6-9_19274124-124124_21000_128_d0g1v0_Byzantium...ok
   - static_callcallcode_01_OOGE_2_d0g0v0_EIP150...ok
   - AmIOnEIP150_EIP158...ok
   - ecadd_6-9_19274124-124124_21000_128_d0g1v0_EIP150...ok
   - static_callcallcode_01_OOGE_2_d0g0v0_EIP158...ok
   - AmIOnEIP150_Frontier...ok
   - ecadd_6-9_19274124-124124_21000_128_d0g1v0_EIP158...ok
   - static_callcallcode_01_OOGE_2_d0g0v0_Frontier...ok
   - AmIOnEIP150_Homestead...ok
   - ecadd_6-9_19274124-124124_21000_128_d0g1v0_Frontier...ok
ok
   - ecadd_6-9_19274124-124124_21000_128_d0g1v0_Homestead...ok
   - static_callcallcode_01_OOGE_2_d0g0v0_Homestead...ok
   - ecpairing_perturb_g2_by_curve_order_d0g2v0_Byzantium...ok
   - static_ABAcalls3_d1g0v0_Byzantium...ok
   - ecpairing_perturb_g2_by_curve_order_d0g2v0_EIP150...ok
   - static_ABAcalls3_d1g0v0_EIP150...ok
   - ecpairing_perturb_g2_by_curve_order_d0g2v0_EIP158...ok
   - static_ABAcalls3_d1g0v0_EIP158...ok
   - ecpairing_perturb_g2_by_curve_order_d0g2v0_Frontier...ok
   - static_ABAcalls3_d1g0v0_Frontier...ok
   - ecpairing_perturb_g2_by_curve_order_d0g2v0_Homestead...ok
   - static_ABAcalls3_d1g0v0_Homestead...ok
   - pointMulAdd2_d10g1v0_Byzantium...   - ForkStressTest_Byzantium...ok
ok
   - pointMulAdd2_d10g1v0_EIP150...   - static_callcodecallcall_100_2_d0g0v1_Byzantium...ok
   - pointMulAdd2_d10g1v0_EIP158...ok
   - static_callcodecallcall_100_2_d0g0v1_EIP150...ok
   - pointMulAdd2_d10g1v0_Frontier...ok
   - static_callcodecallcall_100_2_d0g0v1_EIP158...ok
   - pointMulAdd2_d10g1v0_Homestead...ok
   - static_callcodecallcall_100_2_d0g0v1_Frontier...ok
   - ecmul_1-2_5617_21000_128_d0g1v0_Byzantium...ok
   - static_callcodecallcall_100_2_d0g0v1_Homestead...ok
   - ecmul_1-2_5617_21000_128_d0g1v0_EIP150...ok
   - static_CheckOpcodes4_d0g0v1_Byzantium...ok
   - ecmul_1-2_5617_21000_128_d0g1v0_EIP158...ok
   - static_CheckOpcodes4_d0g0v1_EIP150...INFO:ethcore::blockchain::blockchain: Reorg to [1;33m#26 0x4110…b755[0m ([31m0x8a52…aae9 0x1dda…6c95 0x7294…c1b6 0xa4ae…e35c 0x618f…39fb 0xaf2b…7fa0 0x82fd…abb4 0x2008…cd8f 0xd912…859a 0xad9a…0349 0x52c7…e53a 0x8f89…6518 0x3da8…df7a 0x50a8…6013 0xbcec…806f 0x0214…f97c 0xb9bd…d4b1 0x1e9d…399d 0x9d77…91d0 0x8bac…1e93 0x7cdc…fe77 0x183b…867c 0x297b…f62e 0xde99…205e 0x67e6…61ac[0m [37m#0 0x5a39…c5ae[0m [32m0x688c…f759 0x7ff9…09b9 0xe6dc…196f 0x95cc…6a69 0xf66e…068d 0x7f1f…9037 0x9f01…d2da 0x9c10…72d3 0x4dc5…5eff 0xdd54…89a2 0x00db…1d0e 0x2042…ca56 0x747f…46ab 0x800b…4342 0xb2f7…8691 0xdb9f…474d 0xf4ee…a2d5 0x6576…abb6 0x5052…af7c 0xa922…d7ae 0xdb0c…6982 0x5005…e1c0 0xff3f…8a61 0x7804…a91b 0x4a43…cbba[0m)
ok
   - static_CheckOpcodes4_d0g0v1_EIP158...ok
   - ecmul_1-2_5617_21000_128_d0g1v0_Frontier...ok
   - static_CheckOpcodes4_d0g0v1_Frontier...ok
   - ecmul_1-2_5617_21000_128_d0g1v0_Homestead...ok
   - static_CheckOpcodes4_d0g0v1_Homestead...ok
   - ecmul_1-3_1_21000_128_d0g0v0_Byzantium...ok
   - static_CheckOpcodes2_d3g1v1_Byzantium...ok
   - ecmul_1-3_1_21000_128_d0g0v0_EIP150...ok
   - static_CheckOpcodes2_d3g1v1_EIP150...ok
   - static_CheckOpcodes2_d3g1v1_EIP158...ok
   - ecmul_1-3_1_21000_128_d0g0v0_EIP158...ok
   - static_CheckOpcodes2_d3g1v1_Frontier...ok
   - ecmul_1-3_1_21000_128_d0g0v0_Frontier...ok
   - ecmul_1-3_1_21000_128_d0g0v0_Homestead...ok
   - static_CheckOpcodes2_d3g1v1_Homestead...ok
   - pointAddTrunc_d5g3v0_Byzantium...ok
   - static_callcallcodecall_010_OOGMAfter_3_d0g0v0_Byzantium...ok
   - pointAddTrunc_d5g3v0_EIP150...ok
   - static_callcallcodecall_010_OOGMAfter_3_d0g0v0_EIP150...ok
   - pointAddTrunc_d5g3v0_EIP158...ok
   - SuicideIssue_EIP150...ok
   - static_callcallcodecall_010_OOGMAfter_3_d0g0v0_EIP158...ok
   - pointAddTrunc_d5g3v0_Frontier...ok
   - static_callcallcodecall_010_OOGMAfter_3_d0g0v0_Frontier...ok
   - static_callcallcodecall_010_OOGMAfter_3_d0g0v0_Homestead...ok
   - pointAddTrunc_d5g3v0_Homestead...ok
   - pointMulAdd2_d0g1v0_Byzantium...ok
   - static_CheckOpcodes2_d2g1v1_Byzantium...ok
   - pointMulAdd2_d0g1v0_EIP150...ok
   - static_CheckOpcodes2_d2g1v1_EIP150...ok
   - pointMulAdd2_d0g1v0_EIP158...ok
   - static_CheckOpcodes2_d2g1v1_EIP158...ok
   - pointMulAdd2_d0g1v0_Frontier...ok
   - static_CheckOpcodes2_d2g1v1_Frontier...ok
   - pointMulAdd2_d0g1v0_Homestead...ok
   - static_CheckOpcodes2_d2g1v1_Homestead...ok
   - pointMulAdd2_d27g0v0_Byzantium...ok
   - static_CallRecursiveBomb0_d0g0v0_Byzantium...ok
   - pointMulAdd2_d27g0v0_EIP150...ok
   - static_CallRecursiveBomb0_d0g0v0_EIP150...ok
   - pointMulAdd2_d27g0v0_EIP158...ok
   - static_CallRecursiveBomb0_d0g0v0_EIP158...ok
   - pointMulAdd2_d27g0v0_Frontier...ok
   - static_CallRecursiveBomb0_d0g0v0_Frontier...ok
   - pointMulAdd2_d27g0v0_Homestead...ok
   - static_CallRecursiveBomb0_d0g0v0_Homestead...ok
   - ecmul_0-0_0_21000_40_d0g3v0_Byzantium...ok
   - static_callcallcodecallcode_011_SuicideMiddle_d0g0v0_Byzantium...ok
   - ecmul_0-0_0_21000_40_d0g3v0_EIP150...ok
   - static_callcallcodecallcode_011_SuicideMiddle_d0g0v0_EIP150...ok
   - ecmul_0-0_0_21000_40_d0g3v0_EIP158...ok
   - static_callcallcodecallcode_011_SuicideMiddle_d0g0v0_EIP158...ok
   - ecmul_0-0_0_21000_40_d0g3v0_Frontier...ok
   - static_callcallcodecallcode_011_SuicideMiddle_d0g0v0_Frontier...ok
   - ecmul_0-0_0_21000_40_d0g3v0_Homestead...INFO:ethcore::blockchain::blockchain: Reorg to [1;33m#27 0x5f28…77d7[0m ([31m0x4110…b755 0x4a43…cbba 0x7804…a91b 0xff3f…8a61 0x5005…e1c0 0xdb0c…6982 0xa922…d7ae 0x5052…af7c 0x6576…abb6 0xf4ee…a2d5 0xdb9f…474d 0xb2f7…8691 0x800b…4342 0x747f…46ab 0x2042…ca56 0x00db…1d0e 0xdd54…89a2 0x4dc5…5eff 0x9c10…72d3 0x9f01…d2da 0x7f1f…9037 0xf66e…068d 0x95cc…6a69 0xe6dc…196f 0x7ff9…09b9 0x688c…f759[0m [37m#0 0x5a39…c5ae[0m [32m0x67e6…61ac 0xde99…205e 0x297b…f62e 0x183b…867c 0x7cdc…fe77 0x8bac…1e93 0x9d77…91d0 0x1e9d…399d 0xb9bd…d4b1 0x0214…f97c 0xbcec…806f 0x50a8…6013 0x3da8…df7a 0x8f89…6518 0x52c7…e53a 0xad9a…0349 0xd912…859a 0x2008…cd8f 0x82fd…abb4 0xaf2b…7fa0 0x618f…39fb 0xa4ae…e35c 0x7294…c1b6 0x1dda…6c95 0x8a52…aae9 0xb732…c559[0m)
ok
   - static_callcallcodecallcode_011_SuicideMiddle_d0g0v0_Homestead...ok
   - ForkStressTest_EIP150...ok
   - ecadd_1-2_0-0_21000_64_d0g2v0_Byzantium...ok
   - static_CALL_OneVCallSuicide_d0g0v0_Byzantium...ok
   - ecadd_1-2_0-0_21000_64_d0g2v0_EIP150...ok
   - static_CALL_OneVCallSuicide_d0g0v0_EIP150...ok
   - ecadd_1-2_0-0_21000_64_d0g2v0_EIP158...ok
   - ecadd_1-2_0-0_21000_64_d0g2v0_Frontier...ok
   - static_CALL_OneVCallSuicide_d0g0v0_EIP158...ok
   - ecadd_1-2_0-0_21000_64_d0g2v0_Homestead...ok
   - static_CALL_OneVCallSuicide_d0g0v0_Frontier...ok
   - ecmul_7827-6598_1456_21000_80_d0g1v0_Byzantium...ok
   - static_CALL_OneVCallSuicide_d0g0v0_Homestead...ok
   - ecmul_7827-6598_1456_21000_80_d0g1v0_EIP150...INFO:ethcore::blockchain::blockchain: Reorg to [1;33m#26 0x9b13…e794[0m ([31m0xbfc0…02bb 0x9bd6…5e9d 0x16c8…ec97 0x69b2…502f 0x70c0…0584 0x4231…d774 0xbe8c…58f0 0xdb27…7080 0x6c1d…160d 0xc76c…67c3 0xa19b…27f6 0xcd1e…369d 0x748e…734c 0xef35…1907 0x1cb5…282c 0xc7c5…5fa0 0x4cb2…6ce4 0x622f…74d8 0x1bd7…add1 0xf2e4…76c3 0x4976…53ea 0x21bd…4d7b 0x27ef…b36a 0x76f3…6f0f 0x3918…4ed5[0m [37m#0 0x5a39…c5ae[0m [32m0xbdc6…c3f9 0x4518…e580 0xe154…7def 0xa4e4…61d6 0x5cfb…7005 0x040a…8c45 0x22e5…e2f0 0xe962…337f 0x337a…d5e8 0x1bcf…b725 0xffae…2f83 0xa86f…0718 0x7b64…92c1 0xd822…d463 0x0ca6…51ed 0x74fb…210d 0xa1c7…d0bd 0x06c2…80b2 0x1300…4644 0xc1f2…f319 0x15a3…453c 0xb5ef…83ac 0x7749…02b3 0x22d7…2b42 0xd31c…f926[0m)
ok
   - static_ZeroValue_SUICIDE_OOGRevert_d0g0v0_Byzantium...ok
   - ecmul_7827-6598_1456_21000_80_d0g1v0_EIP158...ok
   - static_ZeroValue_SUICIDE_OOGRevert_d0g0v0_EIP150...ok
   - ecmul_7827-6598_1456_21000_80_d0g1v0_Frontier...ok
   - static_ZeroValue_SUICIDE_OOGRevert_d0g0v0_EIP158...ok
   - ecmul_7827-6598_1456_21000_80_d0g1v0_Homestead...ok
   - static_ZeroValue_SUICIDE_OOGRevert_d0g0v0_Frontier...ok
   - ecpairing_perturb_zeropoint_by_curve_order_d0g3v0_Byzantium...ok
   - static_ZeroValue_SUICIDE_OOGRevert_d0g0v0_Homestead...ok
   - ecpairing_perturb_zeropoint_by_curve_order_d0g3v0_EIP150...ok
   - ecpairing_perturb_zeropoint_by_curve_order_d0g3v0_EIP158...ok
   - SuicideIssue_EIP158...ok
   - static_CallEcrecoverV_prefixed0_d0g0v0_Byzantium...ok
   - ecpairing_perturb_zeropoint_by_curve_order_d0g3v0_Frontier...ok
   - static_CallEcrecoverV_prefixed0_d0g0v0_EIP150...ok
   - ecpairing_perturb_zeropoint_by_curve_order_d0g3v0_Homestead...ok
   - static_CallEcrecoverV_prefixed0_d0g0v0_EIP158...ok
   - ecmul_7827-6598_5616_28000_96_d0g1v0_Byzantium...ok
   - static_CallEcrecoverV_prefixed0_d0g0v0_Frontier...ok
   - ecmul_7827-6598_5616_28000_96_d0g1v0_EIP150...ok
   - static_CallEcrecoverV_prefixed0_d0g0v0_Homestead...ok
   - ecmul_7827-6598_5616_28000_96_d0g1v0_EIP158...ok
   - static_callBasic_d0g0v0_Byzantium...ok
   - ecmul_7827-6598_5616_28000_96_d0g1v0_Frontier...ok
   - static_callBasic_d0g0v0_EIP150...ok
   - static_callBasic_d0g0v0_EIP158...ok
   - ecmul_7827-6598_5616_28000_96_d0g1v0_Homestead...ok
   - static_callBasic_d0g0v0_Frontier...ok
   - ecmul_0-0_5617_28000_96_d0g0v0_Byzantium...ok
   - static_callBasic_d0g0v0_Homestead...ok
   - ecmul_0-0_5617_28000_96_d0g0v0_EIP150...ok
   - ecmul_0-0_5617_28000_96_d0g0v0_EIP158...ok
   - static_CallGoesOOGOnSecondLevel2_d1g0v0_Byzantium...ok
   - static_CallGoesOOGOnSecondLevel2_d1g0v0_EIP150...ok
   - ecmul_0-0_5617_28000_96_d0g0v0_Frontier...ok
   - static_CallGoesOOGOnSecondLevel2_d1g0v0_EIP158...ok
   - ecmul_0-0_5617_28000_96_d0g0v0_Homestead...ok
   - static_CallGoesOOGOnSecondLevel2_d1g0v0_Frontier...ok
   - ecmul_1-3_2_21000_96_d0g1v0_Byzantium...ok
   - static_CallGoesOOGOnSecondLevel2_d1g0v0_Homestead...ok
   - ecmul_1-3_2_21000_96_d0g1v0_EIP150...ok
   - static_ABAcalls1_d1g0v0_Byzantium...ok
   - ecmul_1-3_2_21000_96_d0g1v0_EIP158...ok
   - ecmul_1-3_2_21000_96_d0g1v0_Frontier...ok
   - static_ABAcalls1_d1g0v0_EIP150...ok
   - static_ABAcalls1_d1g0v0_EIP158...ok
   - ecmul_1-3_2_21000_96_d0g1v0_Homestead...ok
   - static_ABAcalls1_d1g0v0_Frontier...ok
   - ecmul_1-2_9_21000_128_d0g2v0_Byzantium...ok
   - static_ABAcalls1_d1g0v0_Homestead...ok
   - ecmul_1-2_9_21000_128_d0g2v0_EIP150...ok
   - static_callcallcode_01_SuicideEnd2_d0g0v0_Byzantium...ok
   - ecmul_1-2_9_21000_128_d0g2v0_EIP158...ok
   - static_callcallcode_01_SuicideEnd2_d0g0v0_EIP150...ok
   - static_callcallcode_01_SuicideEnd2_d0g0v0_EIP158...ok
   - ecmul_1-2_9_21000_128_d0g2v0_Frontier...ok
   - static_callcallcode_01_SuicideEnd2_d0g0v0_Frontier...ok
   - static_callcallcode_01_SuicideEnd2_d0g0v0_Homestead...ok
   - ecmul_1-2_9_21000_128_d0g2v0_Homestead...ok
   - static_CallIdentitiy_1_d0g0v0_Byzantium...ok
ok
   - static_CallIdentitiy_1_d0g0v0_EIP150...   - ecmul_1-2_0_21000_80_d0g0v0_Byzantium...ok
   - static_CallIdentitiy_1_d0g0v0_EIP158...ok
   - ecmul_1-2_0_21000_80_d0g0v0_EIP150...ok
   - static_CallIdentitiy_1_d0g0v0_Frontier...ok
   - ecmul_1-2_0_21000_80_d0g0v0_EIP158...ok
   - ecmul_1-2_0_21000_80_d0g0v0_Frontier...ok
   - static_CallIdentitiy_1_d0g0v0_Homestead...ok
   - static_CallEcrecover0_0input_d3g0v0_Byzantium...INFO:ethcore::blockchain::blockchain: Reorg to [1;33m#27 0xed6b…02bb[0m ([31m0x9b13…e794 0xd31c…f926 0x22d7…2b42 0x7749…02b3 0xb5ef…83ac 0x15a3…453c 0xc1f2…f319 0x1300…4644 0x06c2…80b2 0xa1c7…d0bd 0x74fb…210d 0x0ca6…51ed 0xd822…d463 0x7b64…92c1 0xa86f…0718 0xffae…2f83 0x1bcf…b725 0x337a…d5e8 0xe962…337f 0x22e5…e2f0 0x040a…8c45 0x5cfb…7005 0xa4e4…61d6 0xe154…7def 0x4518…e580 0xbdc6…c3f9[0m [37m#0 0x5a39…c5ae[0m [32m0x3918…4ed5 0x76f3…6f0f 0x27ef…b36a 0x21bd…4d7b 0x4976…53ea 0xf2e4…76c3 0x1bd7…add1 0x622f…74d8 0x4cb2…6ce4 0xc7c5…5fa0 0x1cb5…282c 0xef35…1907 0x748e…734c 0xcd1e…369d 0xa19b…27f6 0xc76c…67c3 0x6c1d…160d 0xdb27…7080 0xbe8c…58f0 0x4231…d774 0x70c0…0584 0x69b2…502f 0x16c8…ec97 0x9bd6…5e9d 0xbfc0…02bb 0x6fe7…cb3f[0m)
ok
ok
   - ecmul_1-2_0_21000_80_d0g0v0_Homestead...   - ForkStressTest_EIP158...ok
   - static_CallEcrecover0_0input_d3g0v0_EIP150...ok
   - static_CallEcrecover0_0input_d3g0v0_EIP158...ok
   - ecmul_0-0_0_28000_0_d0g0v0_Byzantium...ok
   - static_CallEcrecover0_0input_d3g0v0_Frontier...ok
   - ecmul_0-0_0_28000_0_d0g0v0_EIP150...ok
   - ecmul_0-0_0_28000_0_d0g0v0_EIP158...ok
   - static_CallEcrecover0_0input_d3g0v0_Homestead...ok
   - ecmul_0-0_0_28000_0_d0g0v0_Frontier...ok
   - SuicideIssue_Frontier...ok
   - static_CheckOpcodes3_d4g1v1_Byzantium...ok
   - ecmul_0-0_0_28000_0_d0g0v0_Homestead...ok
   - static_CheckOpcodes3_d4g1v1_EIP150...ok
   - pointMulAdd_d4g2v0_Byzantium...ok
   - pointMulAdd_d4g2v0_EIP150...ok
   - static_CheckOpcodes3_d4g1v1_EIP158...ok
   - pointMulAdd_d4g2v0_EIP158...ok
   - static_CheckOpcodes3_d4g1v1_Frontier...INFO:ethcore::blockchain::blockchain: Reorg to [1;33m#26 0xa62f…96a1[0m ([31m0x6df8…dda4 0x9433…7612 0x9188…8537 0xc88d…1cc0 0x851d…aa35 0x77c8…9375 0x4d99…0bc4 0x7847…1407 0x53c8…8268 0x09cf…f942 0xc1c2…1022 0x7ce3…9ffc 0x634e…e8fa 0x4ccb…a938 0x116f…9f7e 0x2817…154b 0x5bc4…8d3a 0xef66…a204 0xd976…6d5e 0x99bc…6448 0x3528…e578 0xce52…8cda 0x4912…97e8 0xbe6b…3c84 0x856a…622c[0m [37m#0 0x5a39…c5ae[0m [32m0xa09d…b154 0x6269…6e56 0xa79f…32a8 0xc626…5d2b 0xb3ea…763a 0x8ae3…d837 0x7bd8…3690 0x0165…07e4 0xe9d7…9ca7 0xd7ae…892a 0x3c14…eb3e 0x597b…bed1 0x6225…c686 0xfb1d…4fff 0x52f8…0c99 0xdd6a…44a5 0x9cce…b2b1 0x3fe6…f96b 0xc49a…a3fd 0x31fc…9a37 0xde0c…a61a 0x84d5…1b8c 0xa805…087f 0x3dc9…b0c3 0xf38d…ca1c[0m)
ok
   - pointMulAdd_d4g2v0_Frontier...ok
   - static_CheckOpcodes3_d4g1v1_Homestead...ok
   - pointMulAdd_d4g2v0_Homestead...ok
   - static_callcallcodecallcode_011_SuicideEnd2_d0g0v0_Byzantium...ok
   - ecmul_0-3_340282366920938463463374607431768211456_28000_96_d0g1v0_Byzantium...ok
   - static_callcallcodecallcode_011_SuicideEnd2_d0g0v0_EIP150...ok
   - ecmul_0-3_340282366920938463463374607431768211456_28000_96_d0g1v0_EIP150...ok
   - static_callcallcodecallcode_011_SuicideEnd2_d0g0v0_EIP158...ok
   - static_callcallcodecallcode_011_SuicideEnd2_d0g0v0_Frontier...ok
   - ecmul_0-3_340282366920938463463374607431768211456_28000_96_d0g1v0_EIP158...ok
   - static_callcallcodecallcode_011_SuicideEnd2_d0g0v0_Homestead...ok
   - ecmul_0-3_340282366920938463463374607431768211456_28000_96_d0g1v0_Frontier...ok
   - static_callcallcodecall_010_OOGMBefore2_d1g0v0_Byzantium...ok
   - ecmul_0-3_340282366920938463463374607431768211456_28000_96_d0g1v0_Homestead...ok
ok
   - static_callcallcodecall_010_OOGMBefore2_d1g0v0_EIP150...   - ecmul_0-3_1_21000_96_d0g0v0_Byzantium...ok
   - static_callcallcodecall_010_OOGMBefore2_d1g0v0_EIP158...ok
   - ecmul_0-3_1_21000_96_d0g0v0_EIP150...ok
   - static_callcallcodecall_010_OOGMBefore2_d1g0v0_Frontier...ok
   - ecmul_0-3_1_21000_96_d0g0v0_EIP158...ok
   - ecmul_0-3_1_21000_96_d0g0v0_Frontier...ok
   - static_callcallcodecall_010_OOGMBefore2_d1g0v0_Homestead...ok
   - ecmul_0-3_1_21000_96_d0g0v0_Homestead...ok
   - static_LoopCallsThenRevert_d0g0v0_Byzantium...ok
   - ecpairing_one_point_with_g2_zero_and_g1_invalid_d0g3v0_Byzantium...ok
   - ecpairing_one_point_with_g2_zero_and_g1_invalid_d0g3v0_EIP150...ok
   - ecpairing_one_point_with_g2_zero_and_g1_invalid_d0g3v0_EIP158...ok
   - ecpairing_one_point_with_g2_zero_and_g1_invalid_d0g3v0_Frontier...ok
   - static_LoopCallsThenRevert_d0g0v0_EIP150...ok
   - ecpairing_one_point_with_g2_zero_and_g1_invalid_d0g3v0_Homestead...ok
   - static_LoopCallsThenRevert_d0g0v0_EIP158...ok
   - pointMulAdd2_d28g1v0_Byzantium...ok
   - static_LoopCallsThenRevert_d0g0v0_Frontier...ok
   - pointMulAdd2_d28g1v0_EIP150...ok
   - static_LoopCallsThenRevert_d0g0v0_Homestead...ok
   - pointMulAdd2_d28g1v0_EIP158...ok
   - static_CallContractToCreateContractWhichWouldCreateContractIfCalled_d0g0v0_Byzantium...ok
   - pointMulAdd2_d28g1v0_Frontier...ok
   - static_CallContractToCreateContractWhichWouldCreateContractIfCalled_d0g0v0_EIP150...ok
   - pointMulAdd2_d28g1v0_Homestead...ok
   - static_CallContractToCreateContractWhichWouldCreateContractIfCalled_d0g0v0_EIP158...ok
   - ecadd_1-2_0-0_25000_64_d0g2v0_Byzantium...ok
   - static_CallContractToCreateContractWhichWouldCreateContractIfCalled_d0g0v0_Frontier...ok
   - ecadd_1-2_0-0_25000_64_d0g2v0_EIP150...ok
   - static_CallContractToCreateContractWhichWouldCreateContractIfCalled_d0g0v0_Homestead...ok
   - ecadd_1-2_0-0_25000_64_d0g2v0_EIP158...ok
   - static_callcodecall_10_SuicideEnd_d0g0v0_Byzantium...ok
   - ecadd_1-2_0-0_25000_64_d0g2v0_Frontier...ok
   - static_callcodecall_10_SuicideEnd_d0g0v0_EIP150...ok
   - ecadd_1-2_0-0_25000_64_d0g2v0_Homestead...ok
   - static_callcodecall_10_SuicideEnd_d0g0v0_EIP158...ok
   - ecpairing_two_point_fail_2_d0g1v0_Byzantium...ok
   - ecpairing_two_point_fail_2_d0g1v0_EIP150...ok
   - static_callcodecall_10_SuicideEnd_d0g0v0_Frontier...ok
   - ecpairing_two_point_fail_2_d0g1v0_EIP158...ok
   - static_callcodecall_10_SuicideEnd_d0g0v0_Homestead...ok
   - static_refund_CallToSuicideNoStorage_d0g0v0_Byzantium...ok
   - ecpairing_two_point_fail_2_d0g1v0_Frontier...ok
   - static_refund_CallToSuicideNoStorage_d0g0v0_EIP150...ok
   - static_refund_CallToSuicideNoStorage_d0g0v0_EIP158...ok
   - static_refund_CallToSuicideNoStorage_d0g0v0_Frontier...ok
   - ecpairing_two_point_fail_2_d0g1v0_Homestead...ok
   - pointMulAdd2_d14g3v0_Byzantium...INFO:ethcore::blockchain::blockchain: Reorg to [1;33m#27 0x83b0…aad9[0m ([31m0xa62f…96a1 0xf38d…ca1c 0x3dc9…b0c3 0xa805…087f 0x84d5…1b8c 0xde0c…a61a 0x31fc…9a37 0xc49a…a3fd 0x3fe6…f96b 0x9cce…b2b1 0xdd6a…44a5 0x52f8…0c99 0xfb1d…4fff 0x6225…c686 0x597b…bed1 0x3c14…eb3e 0xd7ae…892a 0xe9d7…9ca7 0x0165…07e4 0x7bd8…3690 0x8ae3…d837 0xb3ea…763a 0xc626…5d2b 0xa79f…32a8 0x6269…6e56 0xa09d…b154[0m [37m#0 0x5a39…c5ae[0m [32m0x856a…622c 0xbe6b…3c84 0x4912…97e8 0xce52…8cda 0x3528…e578 0x99bc…6448 0xd976…6d5e 0xef66…a204 0x5bc4…8d3a 0x2817…154b 0x116f…9f7e 0x4ccb…a938 0x634e…e8fa 0x7ce3…9ffc 0xc1c2…1022 0x09cf…f942 0x53c8…8268 0x7847…1407 0x4d99…0bc4 0x77c8…9375 0x851d…aa35 0xc88d…1cc0 0x9188…8537 0x9433…7612 0x6df8…dda4 0x42bd…67cd[0m)
ok
   - ForkStressTest_Frontier...ok
   - static_refund_CallToSuicideNoStorage_d0g0v0_Homestead...ok
   - pointMulAdd2_d14g3v0_EIP150...ok
   - pointMulAdd2_d14g3v0_EIP158...ok
   - static_Call1024OOG_d1g0v0_Byzantium...ok
   - pointMulAdd2_d14g3v0_Frontier...ok
   - pointMulAdd2_d14g3v0_Homestead...ok
   - static_Call1024OOG_d1g0v0_EIP150...ok
   - ecmul_0-0_2_21000_128_d0g2v0_Byzantium...ok
   - static_Call1024OOG_d1g0v0_EIP158...ok
   - ecmul_0-0_2_21000_128_d0g2v0_EIP150...ok
   - static_Call1024OOG_d1g0v0_Frontier...ok
   - ecmul_0-0_2_21000_128_d0g2v0_EIP158...ok
ok
   - static_Call1024OOG_d1g0v0_Homestead...   - SuicideIssue_Homestead...ok
   - ecmul_0-0_2_21000_128_d0g2v0_Frontier...ok
   - ecmul_0-0_2_21000_128_d0g2v0_Homestead...ok
   - static_callcallcodecall_010_SuicideMiddle2_d0g0v0_Byzantium...INFO:ethcore::blockchain::blockchain: Reorg to [1;33m#26 0x34f3…1e35[0m ([31m0x0951…fcf8 0x4dc3…1d65 0x2bbc…e38e 0x85c5…f265 0x1dde…7006 0xb807…a01e 0xe8b8…77a6 0x6885…11c9 0x0f48…b5f1 0x0a5a…0e17 0x11bc…fb73 0x0bf9…f8f1 0x8e7a…07d0 0x001d…3290 0x94ca…205f 0xe088…882d 0xf11d…3116 0xa8e2…c7d3 0x191c…e1b7 0x5c1c…1a24 0x7bb1…11bf 0x3115…a399 0x6638…ab67 0xd197…153d 0xe32e…463f[0m [37m#0 0x5a39…c5ae[0m [32m0x6d2b…94fd 0xf5c1…0656 0x7b10…9942 0x502e…0eec 0xfbc6…20d8 0x1974…1f8b 0x6406…0912 0x736b…1acf 0x105f…abf2 0x0a06…04e4 0x6d06…b796 0x686b…6846 0xf01a…1b2e 0x4cae…aac6 0x071f…2249 0x383f…1956 0xab3c…3dd3 0xd3ad…f578 0x24bb…3722 0xb49e…12fa 0xf94c…00c3 0xea10…b6d7 0x436a…85e2 0xecfd…4f24 0x7615…7c9c[0m)
ok
   - static_callcallcodecall_010_SuicideMiddle2_d0g0v0_EIP150...ok
   - ecadd_0-0_1-3_25000_128_d0g0v0_Byzantium...ok
   - static_callcallcodecall_010_SuicideMiddle2_d0g0v0_EIP158...ok
   - ecadd_0-0_1-3_25000_128_d0g0v0_EIP150...ok
   - static_callcallcodecall_010_SuicideMiddle2_d0g0v0_Frontier...ok
   - ecadd_0-0_1-3_25000_128_d0g0v0_EIP158...ok
   - static_callcallcodecall_010_SuicideMiddle2_d0g0v0_Homestead...ok
   - ecadd_0-0_1-3_25000_128_d0g0v0_Frontier...ok
   - static_callcodecallcodecall_ABCB_RECURSIVE2_d0g0v1_Byzantium...ok
   - ecadd_0-0_1-3_25000_128_d0g0v0_Homestead...ok
   - static_callcodecallcodecall_ABCB_RECURSIVE2_d0g0v1_EIP150...ok
   - ecadd_1145-3932_1145-4651_21000_192_d0g0v0_Byzantium...ok
   - static_callcodecallcodecall_ABCB_RECURSIVE2_d0g0v1_EIP158...ok
   - ecadd_1145-3932_1145-4651_21000_192_d0g0v0_EIP150...ok
   - static_callcodecallcodecall_ABCB_RECURSIVE2_d0g0v1_Frontier...ok
   - ecadd_1145-3932_1145-4651_21000_192_d0g0v0_EIP158...ok
   - static_callcodecallcodecall_ABCB_RECURSIVE2_d0g0v1_Homestead...ok
   - ecadd_1145-3932_1145-4651_21000_192_d0g0v0_Frontier...ok
   - static_CallEcrecover0_gas3000_d0g0v0_Byzantium...ok
   - ecadd_1145-3932_1145-4651_21000_192_d0g0v0_Homestead...ok
   - static_CallEcrecover0_gas3000_d0g0v0_EIP150...ok
   - ecmul_1-2_9935_21000_96_d0g1v0_Byzantium...ok
   - static_CallEcrecover0_gas3000_d0g0v0_EIP158...ok
   - static_CallEcrecover0_gas3000_d0g0v0_Frontier...ok
   - ecmul_1-2_9935_21000_96_d0g1v0_EIP150...ok
   - static_CallEcrecover0_gas3000_d0g0v0_Homestead...ok
   - ecmul_1-2_9935_21000_96_d0g1v0_EIP158...ok
   - static_callcodecallcall_100_OOGMBefore_d0g0v0_Byzantium...ok
   - ecmul_1-2_9935_21000_96_d0g1v0_Frontier...ok
   - static_callcodecallcall_100_OOGMBefore_d0g0v0_EIP150...ok
   - ecmul_1-2_9935_21000_96_d0g1v0_Homestead...ok
   - static_callcodecallcall_100_OOGMBefore_d0g0v0_EIP158...ok
   - static_callcodecallcall_100_OOGMBefore_d0g0v0_Frontier...ok
   - static_callcodecallcall_100_OOGMBefore_d0g0v0_Homestead...ok
   - ecpairing_one_point_with_g2_zero_d0g0v0_Byzantium...ok
   - static_callcodecallcall_ABCB_RECURSIVE_d0g0v0_Byzantium...ok
   - ecpairing_one_point_with_g2_zero_d0g0v0_EIP150...ok
   - static_callcodecallcall_ABCB_RECURSIVE_d0g0v0_EIP150...ok
   - ecpairing_one_point_with_g2_zero_d0g0v0_EIP158...ok
   - static_callcodecallcall_ABCB_RECURSIVE_d0g0v0_EIP158...ok
   - static_callcodecallcall_ABCB_RECURSIVE_d0g0v0_Frontier...ok
   - ecpairing_one_point_with_g2_zero_d0g0v0_Frontier...ok
   - static_callcodecallcall_ABCB_RECURSIVE_d0g0v0_Homestead...ok
   - ecpairing_one_point_with_g2_zero_d0g0v0_Homestead...ok
   - static_CheckOpcodes_d1g1v1_Byzantium...ok
   - ecmul_0-3_340282366920938463463374607431768211456_21000_128_d0g0v0_Byzantium...ok
   - static_CheckOpcodes_d1g1v1_EIP150...ok
   - ecmul_0-3_340282366920938463463374607431768211456_21000_128_d0g0v0_EIP150...ok
   - static_CheckOpcodes_d1g1v1_EIP158...ok
   - ecmul_0-3_340282366920938463463374607431768211456_21000_128_d0g0v0_EIP158...ok
   - static_CheckOpcodes_d1g1v1_Frontier...ok
   - ecmul_0-3_340282366920938463463374607431768211456_21000_128_d0g0v0_Frontier...ok
   - static_CheckOpcodes_d1g1v1_Homestead...ok
   - ecmul_0-3_340282366920938463463374607431768211456_21000_128_d0g0v0_Homestead...ok
   - ecadd_1-3_0-0_21000_80_d0g3v0_Byzantium...ok
   - static_CallRipemd160_1_d0g0v0_Byzantium...ok
   - ecadd_1-3_0-0_21000_80_d0g3v0_EIP150...ok
   - static_CallRipemd160_1_d0g0v0_EIP150...ok
   - ecadd_1-3_0-0_21000_80_d0g3v0_EIP158...ok
   - static_CallRipemd160_1_d0g0v0_EIP158...ok
   - ecadd_1-3_0-0_21000_80_d0g3v0_Frontier...ok
   - static_CallRipemd160_1_d0g0v0_Frontier...ok
   - ecadd_1-3_0-0_21000_80_d0g3v0_Homestead...ok
   - static_CallRipemd160_1_d0g0v0_Homestead...INFO:ethcore::blockchain::blockchain: Reorg to [1;33m#27 0x1672…a9a5[0m ([31m0x34f3…1e35 0x7615…7c9c 0xecfd…4f24 0x436a…85e2 0xea10…b6d7 0xf94c…00c3 0xb49e…12fa 0x24bb…3722 0xd3ad…f578 0xab3c…3dd3 0x383f…1956 0x071f…2249 0x4cae…aac6 0xf01a…1b2e 0x686b…6846 0x6d06…b796 0x0a06…04e4 0x105f…abf2 0x736b…1acf 0x6406…0912 0x1974…1f8b 0xfbc6…20d8 0x502e…0eec 0x7b10…9942 0xf5c1…0656 0x6d2b…94fd[0m [37m#0 0x5a39…c5ae[0m [32m0xe32e…463f 0xd197…153d 0x6638…ab67 0x3115…a399 0x7bb1…11bf 0x5c1c…1a24 0x191c…e1b7 0xa8e2…c7d3 0xf11d…3116 0xe088…882d 0x94ca…205f 0x001d…3290 0x8e7a…07d0 0x0bf9…f8f1 0x11bc…fb73 0x0a5a…0e17 0x0f48…b5f1 0x6885…11c9 0xe8b8…77a6 0xb807…a01e 0x1dde…7006 0x85c5…f265 0x2bbc…e38e 0x4dc3…1d65 0x0951…fcf8 0x416d…b61a[0m)
ok
   - ForkStressTest_Homestead...ok
   - pointAdd_d4g2v0_Byzantium...ok
   - static_log1_logMemsizeTooHigh_d0g0v0_Byzantium...ok
   - pointAdd_d4g2v0_EIP150...ok
   - static_log1_logMemsizeTooHigh_d0g0v0_EIP150...ok
   - pointAdd_d4g2v0_EIP158...ok
   - static_log1_logMemsizeTooHigh_d0g0v0_EIP158...ok
   - pointAdd_d4g2v0_Frontier...ok
   - static_log1_logMemsizeTooHigh_d0g0v0_Frontier...ok
   - pointAdd_d4g2v0_Homestead...ok
ok
   - static_log1_logMemsizeTooHigh_d0g0v0_Homestead...   - ecadd_0-0_0-0_25000_80_d0g3v0_Byzantium...ok
   - ecadd_0-0_0-0_25000_80_d0g3v0_EIP150...ok
   - static_CREATE_ContractSuicideDuringInit_ThenStoreThenReturn_d1g0v0_Byzantium...ok
   - ecadd_0-0_0-0_25000_80_d0g3v0_EIP158...INFO:ethcore::blockchain::blockchain: Reorg to [1;33m#25 0xf754…5ac1[0m ([31m0x9f39…28fb 0x9e15…52e6 0xa9b7…1a48 0x4500…06f7 0xe68a…446f 0x106d…5a50 0x5767…43e8 0x1a5a…a772 0x8644…8aa2 0xaac5…cf8b 0x759e…aba2 0xb906…bb8d 0x7baa…8f39 0x003e…4008 0xce79…5445 0xd7c2…a9bf 0xe806…1110 0x637f…4c1e 0xc7fc…cea2 0x6073…c206 0xc36d…b121 0xb1c6…04b6 0x2c73…a753 0xacd7…7808 0x129e…d2f6[0m [37m#0 0x5a39…c5ae[0m [32m0xc71b…142d 0x516a…cf74 0x8374…f8a4 0x1fae…510c 0x2343…929f 0x1d3c…399f 0xc519…e0dd 0x16f4…c4c0 0xa10e…358c 0xad18…b70e 0x334b…48ae 0x649c…02a3 0xfece…c5bc 0xd2f4…fdfd 0xeafc…7a59 0x8aaf…7092 0x5351…a291 0xce91…ae99 0xc9e0…e241 0xe73e…dd53 0x9738…31c8 0x6f47…e819 0x32f7…f215 0xca10…6799[0m)
ok
   - static_CREATE_ContractSuicideDuringInit_ThenStoreThenReturn_d1g0v0_EIP150...ok
   - ecadd_0-0_0-0_25000_80_d0g3v0_Frontier...ok
ok
   - static_CREATE_ContractSuicideDuringInit_ThenStoreThenReturn_d1g0v0_EIP158...ok
   - static_CREATE_ContractSuicideDuringInit_ThenStoreThenReturn_d1g0v0_Frontier...ok
   - ecadd_0-0_0-0_25000_80_d0g3v0_Homestead...   - DelegateCallSpam_Byzantium...ok
   - static_CREATE_ContractSuicideDuringInit_ThenStoreThenReturn_d1g0v0_Homestead...ok
   - ecmul_0-3_1_28000_128_d0g0v0_Byzantium...ok
   - static_CallSha256_1_nonzeroValue_d0g0v0_Byzantium...ok
   - static_CallSha256_1_nonzeroValue_d0g0v0_EIP150...ok
   - ecmul_0-3_1_28000_128_d0g0v0_EIP150...ok
   - DelegateCallSpam_EIP150...ok
   - static_CallSha256_1_nonzeroValue_d0g0v0_EIP158...ok
   - ecmul_0-3_1_28000_128_d0g0v0_EIP158...ok
   - ecmul_0-3_1_28000_128_d0g0v0_Frontier...ok
   - static_CallSha256_1_nonzeroValue_d0g0v0_Frontier...ok
   - DelegateCallSpam_EIP158...ok
   - ecmul_0-3_1_28000_128_d0g0v0_Homestead...ok
   - static_CallSha256_1_nonzeroValue_d0g0v0_Homestead...ok
   - ecmul_0-0_1_21000_128_d0g1v0_Byzantium...ok
   - static_callcallcodecallcode_011_OOGMAfter_d0g0v0_Byzantium...ok
   - DelegateCallSpam_Frontier...ok
   - ecmul_0-0_1_21000_128_d0g1v0_EIP150...ok
   - DelegateCallSpam_Homestead...ok
   - static_callcallcodecallcode_011_OOGMAfter_d0g0v0_EIP150...ok
   - static_callcallcodecallcode_011_OOGMAfter_d0g0v0_EIP158...ok
   - ecmul_0-0_1_21000_128_d0g1v0_EIP158...ok
   - static_callcallcodecallcode_011_OOGMAfter_d0g0v0_Frontier...ok
   - ecmul_0-0_1_21000_128_d0g1v0_Frontier...ok
   - static_callcallcodecallcode_011_OOGMAfter_d0g0v0_Homestead...ok
   - ecmul_0-0_1_21000_128_d0g1v0_Homestead...ok
   - static_CallLoseGasOOG_d0g0v0_Byzantium...ok
   - ecadd_0-0_1-2_25000_192_d0g1v0_Byzantium...ok
   - static_CallLoseGasOOG_d0g0v0_EIP150...ok
ok
   - ecadd_0-0_1-2_25000_192_d0g1v0_EIP150...ok
   - static_CallLoseGasOOG_d0g0v0_EIP158...ok
ok
   - ecadd_0-0_1-2_25000_192_d0g1v0_EIP158...   - static_CallLoseGasOOG_d0g0v0_Frontier...ok
   - static_CallLoseGasOOG_d0g0v0_Homestead...ok
   - ecadd_0-0_1-2_25000_192_d0g1v0_Frontier...ok
   - ecadd_0-0_1-2_25000_192_d0g1v0_Homestead...ok
   - static_CheckOpcodes5_d0g1v1_Byzantium...ok
   - static_CheckOpcodes5_d0g1v1_EIP150...ok
   - ecmul_1-3_9_21000_96_d0g2v0_Byzantium...ok
   - static_CheckOpcodes5_d0g1v1_EIP158...ok
   - ecmul_1-3_9_21000_96_d0g2v0_EIP150...ok
   - static_CheckOpcodes5_d0g1v1_Frontier...ok
   - ecmul_1-3_9_21000_96_d0g2v0_EIP158...ok
   - static_CheckOpcodes5_d0g1v1_Homestead...ok
   - static_call_OOG_additionalGasCosts2_d0g0v0_Byzantium...ok
   - ecmul_1-3_9_21000_96_d0g2v0_Frontier...ok
   - static_call_OOG_additionalGasCosts2_d0g0v0_EIP150...ok
   - ecmul_1-3_9_21000_96_d0g2v0_Homestead...ok
   - ecmul_0-0_340282366920938463463374607431768211456_21000_128_d0g0v0_Byzantium...ok
   - static_call_OOG_additionalGasCosts2_d0g0v0_EIP158...ok
   - ecmul_0-0_340282366920938463463374607431768211456_21000_128_d0g0v0_EIP150...ok
   - ecmul_0-0_340282366920938463463374607431768211456_21000_128_d0g0v0_EIP158...ok
   - static_call_OOG_additionalGasCosts2_d0g0v0_Frontier...ok
   - ecmul_0-0_340282366920938463463374607431768211456_21000_128_d0g0v0_Frontier...ok
   - ecmul_0-0_340282366920938463463374607431768211456_21000_128_d0g0v0_Homestead...ok
   - static_call_OOG_additionalGasCosts2_d0g0v0_Homestead...ok
   - pointMulAdd2_d9g0v0_Byzantium...ok
   - static_CheckOpcodes2_d0g0v1_Byzantium...ok
   - pointMulAdd2_d9g0v0_EIP150...ok
   - static_CheckOpcodes2_d0g0v1_EIP150...ok
   - pointMulAdd2_d9g0v0_EIP158...ok
   - static_CheckOpcodes2_d0g0v1_EIP158...ok
   - pointMulAdd2_d9g0v0_Frontier...ok
   - static_CheckOpcodes2_d0g0v1_Frontier...ok
   - pointMulAdd2_d9g0v0_Homestead...ok
   - ecadd_1-2_1-2_21000_192_d0g2v0_Byzantium...ok
   - ecadd_1-2_1-2_21000_192_d0g2v0_EIP150...ok
   - static_CheckOpcodes2_d0g0v1_Homestead...INFO:ethcore::blockchain::blockchain: Reorg to [1;33m#27 0xe503…6c06[0m ([31m0x7d75…d6fb 0xf754…5ac1 0xca10…6799 0x32f7…f215 0x6f47…e819 0x9738…31c8 0xe73e…dd53 0xc9e0…e241 0xce91…ae99 0x5351…a291 0x8aaf…7092 0xeafc…7a59 0xd2f4…fdfd 0xfece…c5bc 0x649c…02a3 0x334b…48ae 0xad18…b70e 0xa10e…358c 0x16f4…c4c0 0xc519…e0dd 0x1d3c…399f 0x2343…929f 0x1fae…510c 0x8374…f8a4 0x516a…cf74 0xc71b…142d[0m [37m#0 0x5a39…c5ae[0m [32m0x129e…d2f6 0xacd7…7808 0x2c73…a753 0xb1c6…04b6 0xc36d…b121 0x6073…c206 0xc7fc…cea2 0x637f…4c1e 0xe806…1110 0xd7c2…a9bf 0xce79…5445 0x003e…4008 0x7baa…8f39 0xb906…bb8d 0x759e…aba2 0xaac5…cf8b 0x8644…8aa2 0x1a5a…a772 0x5767…43e8 0x106d…5a50 0xe68a…446f 0x4500…06f7 0xa9b7…1a48 0x9e15…52e6 0x9f39…28fb 0x343b…08eb[0m)
ok
   - ecadd_1-2_1-2_21000_192_d0g2v0_EIP158...ok
test json_tests::chain::block_tests::BlockchainTests_bcForkStressTest ... ok
ok
   - static_CallEcrecoverS_prefixed0_d0g0v0_Byzantium...ok
   - ecadd_1-2_1-2_21000_192_d0g2v0_Frontier...   - RPC_API_Test_Byzantium...ok
   - static_CallEcrecoverS_prefixed0_d0g0v0_EIP150...ok
   - ecadd_1-2_1-2_21000_192_d0g2v0_Homestead...ok
   - static_CallEcrecoverS_prefixed0_d0g0v0_EIP158...ok
   - ecmul_1-2_9_28000_96_d0g1v0_Byzantium...ok
   - static_CallEcrecoverS_prefixed0_d0g0v0_Frontier...ok
   - ecmul_1-2_9_28000_96_d0g1v0_EIP150...   - ShanghaiLove_Byzantium...ok
   - static_CallEcrecoverS_prefixed0_d0g0v0_Homestead...ok
   - ecmul_1-2_9_28000_96_d0g1v0_EIP158...ok
   - static_log0_logMemStartTooHigh_d0g0v0_Byzantium...ok
   - ecmul_1-2_9_28000_96_d0g1v0_Frontier...INFO:ethcore::blockchain::blockchain: Reorg to [1;33m#29 0x2c02…4e13[0m ([31m0x7c39…4140 0x0bb7…2924[0m [37m#26 0xd41b…89de[0m [32m0xd30a…b891 0x72ca…ea15[0m)
ok
   - static_log0_logMemStartTooHigh_d0g0v0_EIP150...ok
   - RPC_API_Test_EIP150...ok
   - ShanghaiLove_EIP150...ok
   - ecmul_1-2_9_28000_96_d0g1v0_Homestead...ok
   - static_log0_logMemStartTooHigh_d0g0v0_EIP158...ok
   - ecmul_0-3_340282366920938463463374607431768211456_21000_80_d0g2v0_Byzantium...ok
   - static_log0_logMemStartTooHigh_d0g0v0_Frontier...ok
   - ecmul_0-3_340282366920938463463374607431768211456_21000_80_d0g2v0_EIP150...ok
   - static_log0_logMemStartTooHigh_d0g0v0_Homestead...ok
   - ecmul_0-3_340282366920938463463374607431768211456_21000_80_d0g2v0_EIP158...ok
   - ShanghaiLove_EIP158...ok
   - static_ExecuteCallThatAskForeGasThenTrabsactionHas_d1g0v0_Byzantium...ok
   - ecmul_0-3_340282366920938463463374607431768211456_21000_80_d0g2v0_Frontier...ok
   - static_ExecuteCallThatAskForeGasThenTrabsactionHas_d1g0v0_EIP150...INFO:ethcore::blockchain::blockchain: Reorg to [1;33m#29 0x9171…a51a[0m ([31m0x268b…5c5c 0x7de1…701f[0m [37m#26 0x4dee…be16[0m [32m0xbe5f…2110 0xbe0b…900e[0m)
ok
   - ecmul_0-3_340282366920938463463374607431768211456_21000_80_d0g2v0_Homestead...ok
   - RPC_API_Test_EIP158...ok
   - static_ExecuteCallThatAskForeGasThenTrabsactionHas_d1g0v0_EIP158...ok
   - ecmul_1-3_5616_28000_96_d0g3v0_Byzantium...ok
   - ShanghaiLove_Frontier...ok
   - static_ExecuteCallThatAskForeGasThenTrabsactionHas_d1g0v0_Frontier...ok
   - ecmul_1-3_5616_28000_96_d0g3v0_EIP150...ok
   - static_ExecuteCallThatAskForeGasThenTrabsactionHas_d1g0v0_Homestead...ok
   - ecmul_1-3_5616_28000_96_d0g3v0_EIP158...ok
   - ecmul_1-3_5616_28000_96_d0g3v0_Frontier...ok
   - static_callcallcall_000_d1g0v0_Byzantium...ok
   - ecmul_1-3_5616_28000_96_d0g3v0_Homestead...ok
   - static_callcallcall_000_d1g0v0_EIP150...INFO:ethcore::blockchain::blockchain: Reorg to [1;33m#29 0x8ebc…35fd[0m ([31m0x350a…66b1 0xc0c9…62f4[0m [37m#26 0x2c9a…6d10[0m [32m0x2797…ca6b 0x807d…1626[0m)
ok
   - RPC_API_Test_Frontier...ok
ok
   - static_callcallcall_000_d1g0v0_EIP158...   - ecadd_0-0_1-2_21000_128_d0g2v0_Byzantium...ok
   - ecadd_0-0_1-2_21000_128_d0g2v0_EIP150...ok
   - static_callcallcall_000_d1g0v0_Frontier...ok
   - ecadd_0-0_1-2_21000_128_d0g2v0_EIP158...ok
   - static_callcallcall_000_d1g0v0_Homestead...ok
   - ecadd_0-0_1-2_21000_128_d0g2v0_Frontier...ok
   - static_callBasic_d2g0v0_Byzantium...ok
   - ecadd_0-0_1-2_21000_128_d0g2v0_Homestead...ok
   - ShanghaiLove_Homestead...ok
   - static_callBasic_d2g0v0_EIP150...ok
   - ecmul_0-0_2_21000_128_d0g0v0_Byzantium...INFO:ethcore::blockchain::blockchain: Reorg to [1;33m#29 0x8a24…416d[0m ([31m0x1d7e…8462 0xe84f…a084[0m [37m#26 0x7b2d…feed[0m [32m0x747a…67ea 0xd239…6eff[0m)
ok
   - static_callBasic_d2g0v0_EIP158...ok
   - ecmul_0-0_2_21000_128_d0g0v0_EIP150...ok
   - RPC_API_Test_Homestead...ok
ok
   - ecmul_0-0_2_21000_128_d0g0v0_EIP158...   - static_callBasic_d2g0v0_Frontier...ok
ok
   - ecmul_0-0_2_21000_128_d0g0v0_Frontier...   - static_callBasic_d2g0v0_Homestead...ok
   - ecmul_0-0_2_21000_128_d0g0v0_Homestead...ok
   - static_callcodecallcallcode_101_SuicideEnd2_d0g0v1_Byzantium...ok
   - pointMulAdd_d8g1v0_Byzantium...ok
   - static_callcodecallcallcode_101_SuicideEnd2_d0g0v1_EIP150...ok
   - pointMulAdd_d8g1v0_EIP150...ok
   - static_callcodecallcallcode_101_SuicideEnd2_d0g0v1_EIP158...INFO:ethcore::blockchain::blockchain: Reorg to [1;33m#29 0x454a…36ac[0m ([31m0x744a…6d73 0x27dd…e89c[0m [37m#26 0xf9a9…5382[0m [32m0xb1b8…cb58 0x073e…9eb7[0m)
ok
ok
   - StrangeContractCreation_Byzantium...   - notxs_Byzantium...ok
ok
   - pointMulAdd_d8g1v0_EIP158...   - static_callcodecallcallcode_101_SuicideEnd2_d0g0v1_Frontier...ok
   - StrangeContractCreation_EIP150...ok
   - pointMulAdd_d8g1v0_Frontier...ok
   - static_callcodecallcallcode_101_SuicideEnd2_d0g0v1_Homestead...ok
   - pointMulAdd_d8g1v0_Homestead...ok
   - StrangeContractCreation_EIP158...ok
   - static_CallEcrecover0_0input_d4g0v0_Byzantium...ok
   - StrangeContractCreation_Frontier...ok
   - ecmul_1-2_1_21000_128_d0g2v0_Byzantium...ok
   - static_CallEcrecover0_0input_d4g0v0_EIP150...ok
   - notxs_EIP150...ok
   - StrangeContractCreation_Homestead...ok
   - static_CallEcrecover0_0input_d4g0v0_EIP158...ok
   - ecmul_1-2_1_21000_128_d0g2v0_EIP150...ok
test json_tests::chain::block_tests::BlockchainTests_bcExploitTest ... ok
   - wrongMixHash_Byzantium...WARN:ethcore::verification::queue::kind::blocks: Stage 1 block verification failed for 0xd4f5…09ab: Error(Block(InvalidProofOfWork(OutOfBounds { min: Some(0x20000), max: None, found: 0x6 })), State { next_error: None, backtrace: InternalBacktrace { backtrace: None } })
ok
   - wrongMixHash_EIP150...WARN:ethcore::verification::queue::kind::blocks: Stage 1 block verification failed for 0xc612…ded0: Error(Block(InvalidProofOfWork(OutOfBounds { min: Some(0x20000), max: None, found: 0x0 })), State { next_error: None, backtrace: InternalBacktrace { backtrace: None } })
ok
   - static_CallEcrecover0_0input_d4g0v0_Frontier...ok
   - wrongMixHash_EIP158...WARN:ethcore::verification::queue::kind::blocks: Stage 1 block verification failed for 0xa617…74f1: Error(Block(InvalidProofOfWork(OutOfBounds { min: Some(0x20000), max: None, found: 0x2 })), State { next_error: None, backtrace: InternalBacktrace { backtrace: None } })
ok
   - wrongMixHash_Frontier...WARN:ethcore::verification::queue::kind::blocks: Stage 1 block verification failed for 0x7a3c…052e: Error(Block(InvalidProofOfWork(OutOfBounds { min: Some(0x20000), max: None, found: 0x0 })), State { next_error: None, backtrace: InternalBacktrace { backtrace: None } })
ok
   - wrongMixHash_Homestead...WARN:ethcore::verification::queue::kind::blocks: Stage 1 block verification failed for 0xb90f…daac: Error(Block(InvalidProofOfWork(OutOfBounds { min: Some(0x20000), max: None, found: 0x0 })), State { next_error: None, backtrace: InternalBacktrace { backtrace: None } })
ok
   - ecmul_1-2_1_21000_128_d0g2v0_EIP158...ok
   - log1_wrongBloom_Byzantium...ok
   - notxs_EIP158...ok
   - static_CallEcrecover0_0input_d4g0v0_Homestead...WARN:ethcore::client::client: Stage 5 block verification failed for #1 (0x6ed7…bac9)
Error: Error(Block(InvalidLogBloom(Mismatch { expected: 0x00000000000000000000000000000000000000000000000000000000000000000000000000000000000000000000000000000000000000000000000000000000000000000000000000000000000000000000000000000000000000000000000000000000000000000000000000000000000000000000000000000000000000000000000000000000000000000000000000000000000000000000000000000000000000000000000000000000000000000000000000000000000000000000000000000000000000000000000000000000000000000000000000000000000000000000000000000000000000000000000000000000000000000000000000000000, found: 0x00000000000000001000000000000000000000000000000000000000000000000000000000000000000000000000000000000000000000000000000000000000000000000000000000000000000000000000000000000000000000000000000000000000020000000000000000000800000000000000000000000000000000000000000000000000000000000000000000000000000000000000000000000000000000000000000004000000000000000000000000000000000000000000000000000000000000000000000000000000000000000000000000000000000020000000000040000000000000000000000000000000000000000000000000000000 })), State { next_error: None, backtrace: InternalBacktrace { backtrace: None } })
ok
   - log1_wrongBloom_EIP150...ok
   - ecmul_1-2_1_21000_128_d0g2v0_Frontier...ok
   - static_Call50000_rip160_d0g0v0_Byzantium...ok
   - ecmul_1-2_1_21000_128_d0g2v0_Homestead...WARN:ethcore::client::client: Stage 5 block verification failed for #1 (0xc212…2db4)
Error: Error(Block(InvalidLogBloom(Mismatch { expected: 0x00000000000000000000000000000000000000000000000000000000000000000000000000000000000000000000000000000000000000000000000000000000000000000000000000000000000000000000000000000000000000000000000000000000000000000000000000000000000000000000000000000000000000000000000000000000000000000000000000000000000000000000000000000000000000000000000000000000000000000000000000000000000000000000000000000000000000000000000000000000000000000000000000000000000000000000000000000000000000000000000000000000000000000000000000000000, found: 0x00000000000000001000000000000000000000000000000000000000000000000000000000000000000000000000000000000000000000000000000000000000000000000000000000000000000000000000000000000000000000000000000000000000020000000000000000000800000000000000000000000000000000000000000000000000000000000000000000000000000000000000000000000000000000000000000004000000000000000000000000000000000000000000000000000000000000000000000000000000000000000000000000000000000020000000000040000000000000000000000000000000000000000000000000000000 })), State { next_error: None, backtrace: InternalBacktrace { backtrace: None } })
ok
   - log1_wrongBloom_EIP158...WARN:ethcore::client::client: Stage 5 block verification failed for #1 (0xfa83…f7b4)
Error: Error(Block(InvalidLogBloom(Mismatch { expected: 0x00000000000000000000000000000000000000000000000000000000000000000000000000000000000000000000000000000000000000000000000000000000000000000000000000000000000000000000000000000000000000000000000000000000000000000000000000000000000000000000000000000000000000000000000000000000000000000000000000000000000000000000000000000000000000000000000000000000000000000000000000000000000000000000000000000000000000000000000000000000000000000000000000000000000000000000000000000000000000000000000000000000000000000000000000000000, found: 0x00000000000000001000000000000000000000000000000000000000000000000000000000000000000000000000000000000000000000000000000000000000000000000000000000000000000000000000000000000000000000000000000000000000020000000000000000000800000000000000000000000000000000000000000000000000000000000000000000000000000000000000000000000000000000000000000004000000000000000000000000000000000000000000000000000000000000000000000000000000000000000000000000000000000020000000000040000000000000000000000000000000000000000000000000000000 })), State { next_error: None, backtrace: InternalBacktrace { backtrace: None } })
ok
   - pointMulAdd2_d30g1v0_Byzantium...ok
   - log1_wrongBloom_Frontier...ok
   - pointMulAdd2_d30g1v0_EIP150...ok
   - notxs_Frontier...WARN:ethcore::client::client: Stage 5 block verification failed for #1 (0xe34d…8fe4)
Error: Error(Block(InvalidLogBloom(Mismatch { expected: 0x00000000000000000000000000000000000000000000000000000000000000000000000000000000000000000000000000000000000000000000000000000000000000000000000000000000000000000000000000000000000000000000000000000000000000000000000000000000000000000000000000000000000000000000000000000000000000000000000000000000000000000000000000000000000000000000000000000000000000000000000000000000000000000000000000000000000000000000000000000000000000000000000000000000000000000000000000000000000000000000000000000000000000000000000000000000, found: 0x00000000000000001000000000000000000000000000000000000000000000000000000000000000000000000000000000000000000000000000000000000000000000000000000000000000000000000000000000000000000000000000000000000000020000000000000000000800000000000000000000000000000000000000000000000000000000000000000000000000000000000000000000000000000000000000000004000000000000000000000000000000000000000000000000000000000000000000000000000000000000000000000000000000000020000000000040000000000000000000000000000000000000000000000000000000 })), State { next_error: None, backtrace: InternalBacktrace { backtrace: None } })
ok
   - log1_wrongBloom_Homestead...ok
   - pointMulAdd2_d30g1v0_EIP158...WARN:ethcore::client::client: Stage 5 block verification failed for #1 (0x124c…48b7)
Error: Error(Block(InvalidLogBloom(Mismatch { expected: 0x00000000000000000000000000000000000000000000000000000000000000000000000000000000000000000000000000000000000000000000000000000000000000000000000000000000000000000000000000000000000000000000000000000000000000000000000000000000000000000000000000000000000000000000000000000000000000000000000000000000000000000000000000000000000000000000000000000000000000000000000000000000000000000000000000000000000000000000000000000000000000000000000000000000000000000000000000000000000000000000000000000000000000000000000000000000, found: 0x00000000000000001000000000000000000000000000000000000000000000000000000000000000000000000000000000000000000000000000000000000000000000000000000000000000000000000000000000000000000000000000000000000000020000000000000000000800000000000000000000000000000000000000000000000000000000000000000000000000000000000000000000000000000000000000000004000000000000000000000000000000000000000000000000000000000000000000000000000000000000000000000000000000000020000000000040000000000000000000000000000000000000000000000000000000 })), State { next_error: None, backtrace: InternalBacktrace { backtrace: None } })
ok
   - wrongNumber_Byzantium...ok
   - pointMulAdd2_d30g1v0_Frontier...WARN:ethcore::client::client: Stage 3 block verification failed for #0 (0x7869…6ffe)
Error: Error(Block(InvalidNumber(Mismatch { expected: 1, found: 0 })), State { next_error: None, backtrace: InternalBacktrace { backtrace: None } })
ok
   - wrongNumber_EIP150...ok
   - pointMulAdd2_d30g1v0_Homestead...WARN:ethcore::client::client: Stage 3 block verification failed for #0 (0x47e8…0bbf)
Error: Error(Block(InvalidNumber(Mismatch { expected: 1, found: 0 })), State { next_error: None, backtrace: InternalBacktrace { backtrace: None } })
ok
   - wrongNumber_EIP158...ok
   - ecmul_0-0_5616_21000_128_d0g0v0_Byzantium...ok
   - notxs_Homestead...WARN:ethcore::client::client: Stage 3 block verification failed for #0 (0x6db5…bbf8)
Error: Error(Block(InvalidNumber(Mismatch { expected: 1, found: 0 })), State { next_error: None, backtrace: InternalBacktrace { backtrace: None } })
ok
   - wrongNumber_Frontier...ok
   - ecmul_0-0_5616_21000_128_d0g0v0_EIP150...WARN:ethcore::client::client: Stage 3 block verification failed for #0 (0x0458…7e8e)
Error: Error(Block(InvalidNumber(Mismatch { expected: 1, found: 0 })), State { next_error: None, backtrace: InternalBacktrace { backtrace: None } })
ok
   - wrongNumber_Homestead...WARN:ethcore::client::client: Stage 3 block verification failed for #0 (0x1d3e…c33b)
Error: Error(Block(InvalidNumber(Mismatch { expected: 1, found: 0 })), State { next_error: None, backtrace: InternalBacktrace { backtrace: None } })
ok
   - DifferentExtraData1025_Byzantium...ok
   - ecmul_0-0_5616_21000_128_d0g0v0_EIP158...WARN:ethcore::verification::queue::kind::blocks: Stage 1 block verification failed for 0x3878…217e: Error(Block(ExtraDataOutOfBounds(OutOfBounds { min: None, max: Some(32), found: 1025 })), State { next_error: None, backtrace: InternalBacktrace { backtrace: None } })
ok
   - DifferentExtraData1025_EIP150...WARN:ethcore::verification::queue::kind::blocks: Stage 1 block verification failed for 0x7482…e1f7: Error(Block(ExtraDataOutOfBounds(OutOfBounds { min: None, max: Some(32), found: 1025 })), State { next_error: None, backtrace: InternalBacktrace { backtrace: None } })
ok
   - DifferentExtraData1025_EIP158...WARN:ethcore::verification::queue::kind::blocks: Stage 1 block verification failed for 0xeb9c…78c2: Error(Block(ExtraDataOutOfBounds(OutOfBounds { min: None, max: Some(32), found: 1025 })), State { next_error: None, backtrace: InternalBacktrace { backtrace: None } })
ok
   - ecmul_0-0_5616_21000_128_d0g0v0_Frontier...ok
   - DifferentExtraData1025_Frontier...WARN:ethcore::verification::queue::kind::blocks: Stage 1 block verification failed for 0x3ca1…85ac: Error(Block(ExtraDataOutOfBounds(OutOfBounds { min: None, max: Some(32), found: 1025 })), State { next_error: None, backtrace: InternalBacktrace { backtrace: None } })
ok
   - highGasUsage_Byzantium...ok
   - DifferentExtraData1025_Homestead...WARN:ethcore::verification::queue::kind::blocks: Stage 1 block verification failed for 0xb224…4b78: Error(Block(ExtraDataOutOfBounds(OutOfBounds { min: None, max: Some(32), found: 1025 })), State { next_error: None, backtrace: InternalBacktrace { backtrace: None } })
ok
   - wrongStateRoot_Byzantium...ok
   - ecmul_0-0_5616_21000_128_d0g0v0_Homestead...WARN:ethcore::client::client: Stage 5 block verification failed for #1 (0x1721…deb6)
Error: Error(Block(InvalidStateRoot(Mismatch { expected: 0xf99eb1626cfa6db435c0836235942d7ccaa935f1ae247d3f1c21e495685f903a, found: 0x3a764379c6d6441923aad8d1a8795f3a1585a80fb18927704ffd78d81a6c91d6 })), State { next_error: None, backtrace: InternalBacktrace { backtrace: None } })
ok
   - wrongStateRoot_EIP150...ok
   - static_Call50000_rip160_d0g0v0_EIP150...ok
   - pointAddTrunc_d9g3v0_Byzantium...ok
   - static_Call50000_rip160_d0g0v0_EIP158...WARN:ethcore::client::client: Stage 5 block verification failed for #1 (0x5cc6…699b)
Error: Error(Block(InvalidStateRoot(Mismatch { expected: 0xf99eb1626cfa6db435c0836235942d7ccaa935f1ae247d3f1c21e495685f903a, found: 0x201eacb02252d150f7f1a1dc2440f7fab2f468329953051836f81bae65e26914 })), State { next_error: None, backtrace: InternalBacktrace { backtrace: None } })
ok
   - wrongStateRoot_EIP158...ok
   - highGasUsage_EIP150...ok
   - static_Call50000_rip160_d0g0v0_Frontier...WARN:ethcore::client::client: Stage 5 block verification failed for #1 (0x5e93…22b0)
Error: Error(Block(InvalidStateRoot(Mismatch { expected: 0xf99eb1626cfa6db435c0836235942d7ccaa935f1ae247d3f1c21e495685f903a, found: 0x201eacb02252d150f7f1a1dc2440f7fab2f468329953051836f81bae65e26914 })), State { next_error: None, backtrace: InternalBacktrace { backtrace: None } })
ok
   - wrongStateRoot_Frontier...ok
   - pointAddTrunc_d9g3v0_EIP150...ok
   - pointAddTrunc_d9g3v0_EIP158...ok
   - static_Call50000_rip160_d0g0v0_Homestead...WARN:ethcore::client::client: Stage 5 block verification failed for #1 (0x2a7c…504a)
Error: Error(Block(InvalidStateRoot(Mismatch { expected: 0xf99eb1626cfa6db435c0836235942d7ccaa935f1ae247d3f1c21e495685f903a, found: 0x201eacb02252d150f7f1a1dc2440f7fab2f468329953051836f81bae65e26914 })), State { next_error: None, backtrace: InternalBacktrace { backtrace: None } })
ok
   - wrongStateRoot_Homestead...ok
   - pointAddTrunc_d9g3v0_Frontier...ok
   - static_ABAcallsSuicide1_d1g0v0_Byzantium...WARN:ethcore::client::client: Stage 5 block verification failed for #1 (0x9bca…3b86)
Error: Error(Block(InvalidStateRoot(Mismatch { expected: 0xf99eb1626cfa6db435c0836235942d7ccaa935f1ae247d3f1c21e495685f903a, found: 0x201eacb02252d150f7f1a1dc2440f7fab2f468329953051836f81bae65e26914 })), State { next_error: None, backtrace: InternalBacktrace { backtrace: None } })
ok
   - pointAddTrunc_d9g3v0_Homestead...ok
   - wrongUncleHash_Byzantium...WARN:ethcore::verification::queue::kind::blocks: Stage 1 block verification failed for 0xd65b…c591: Error(Block(InvalidUnclesHash(Mismatch { expected: 0x1dcc4de8dec75d7aab85b567b6ccd41ad312451b948a7413f0a142fd40d49347, found: 0x0dcc4de8dec75d7aab85b567b6ccd41ad312451b948a7413f0a142fd40d49347 })), State { next_error: None, backtrace: InternalBacktrace { backtrace: None } })
ok
   - highGasUsage_EIP158...ok
   - wrongUncleHash_EIP150...WARN:ethcore::verification::queue::kind::blocks: Stage 1 block verification failed for 0x9d43…1264: Error(Block(InvalidUnclesHash(Mismatch { expected: 0x1dcc4de8dec75d7aab85b567b6ccd41ad312451b948a7413f0a142fd40d49347, found: 0x0dcc4de8dec75d7aab85b567b6ccd41ad312451b948a7413f0a142fd40d49347 })), State { next_error: None, backtrace: InternalBacktrace { backtrace: None } })
ok
   - wrongUncleHash_EIP158...WARN:ethcore::verification::queue::kind::blocks: Stage 1 block verification failed for 0xfc5e…d695: Error(Block(InvalidUnclesHash(Mismatch { expected: 0x1dcc4de8dec75d7aab85b567b6ccd41ad312451b948a7413f0a142fd40d49347, found: 0x0dcc4de8dec75d7aab85b567b6ccd41ad312451b948a7413f0a142fd40d49347 })), State { next_error: None, backtrace: InternalBacktrace { backtrace: None } })
ok
   - pointMulAdd2_d13g2v0_Byzantium...ok
   - wrongUncleHash_Frontier...WARN:ethcore::verification::queue::kind::blocks: Stage 1 block verification failed for 0xba46…2546: Error(Block(InvalidUnclesHash(Mismatch { expected: 0x1dcc4de8dec75d7aab85b567b6ccd41ad312451b948a7413f0a142fd40d49347, found: 0x0dcc4de8dec75d7aab85b567b6ccd41ad312451b948a7413f0a142fd40d49347 })), State { next_error: None, backtrace: InternalBacktrace { backtrace: None } })
ok
   - wrongUncleHash_Homestead...WARN:ethcore::verification::queue::kind::blocks: Stage 1 block verification failed for 0x5ec5…4e30: Error(Block(InvalidUnclesHash(Mismatch { expected: 0x1dcc4de8dec75d7aab85b567b6ccd41ad312451b948a7413f0a142fd40d49347, found: 0x0dcc4de8dec75d7aab85b567b6ccd41ad312451b948a7413f0a142fd40d49347 })), State { next_error: None, backtrace: InternalBacktrace { backtrace: None } })
ok
   - log1_wrongBlockNumber_Byzantium...ok
   - static_ABAcallsSuicide1_d1g0v0_EIP150...ok
   - pointMulAdd2_d13g2v0_EIP150...ok
   - static_ABAcallsSuicide1_d1g0v0_EIP158...WARN:ethcore::client::client: Stage 3 block verification failed for #2 (0xdde3…63a3)
Error: Error(Block(InvalidNumber(Mismatch { expected: 1, found: 2 })), State { next_error: None, backtrace: InternalBacktrace { backtrace: None } })
ok
   - static_ABAcallsSuicide1_d1g0v0_Frontier...ok
   - log1_wrongBlockNumber_EIP150...ok
   - highGasUsage_Frontier...ok
   - pointMulAdd2_d13g2v0_EIP158...ok
   - static_ABAcallsSuicide1_d1g0v0_Homestead...ok
   - pointMulAdd2_d13g2v0_Frontier...WARN:ethcore::client::client: Stage 3 block verification failed for #2 (0x94b9…a81d)
Error: Error(Block(InvalidNumber(Mismatch { expected: 1, found: 2 })), State { next_error: None, backtrace: InternalBacktrace { backtrace: None } })
ok
ok
   - log1_wrongBlockNumber_EIP158...   - static_callcodecallcall_100_OOGE_d0g0v0_Byzantium...ok
   - pointMulAdd2_d13g2v0_Homestead...ok
   - highGasUsage_Homestead...ok
   - static_callcodecallcall_100_OOGE_d0g0v0_EIP150...ok
   - ecmul_0-3_0_28000_96_d0g0v0_Byzantium...WARN:ethcore::client::client: Stage 3 block verification failed for #2 (0xded4…7554)
Error: Error(Block(InvalidNumber(Mismatch { expected: 1, found: 2 })), State { next_error: None, backtrace: InternalBacktrace { backtrace: None } })
ok
   - log1_wrongBlockNumber_Frontier...WARN:ethcore::client::client: Stage 3 block verification failed for #2 (0xe66e…855e)
Error: Error(Block(InvalidNumber(Mismatch { expected: 1, found: 2 })), State { next_error: None, backtrace: InternalBacktrace { backtrace: None } })
ok
   - log1_wrongBlockNumber_Homestead...ok
   - ecmul_0-3_0_28000_96_d0g0v0_EIP150...WARN:ethcore::client::client: Stage 3 block verification failed for #2 (0xd9e5…f757)
Error: Error(Block(InvalidNumber(Mismatch { expected: 1, found: 2 })), State { next_error: None, backtrace: InternalBacktrace { backtrace: None } })
ok
   - static_callcodecallcall_100_OOGE_d0g0v0_EIP158...ok
   - ExtraData33_Byzantium...WARN:ethcore::verification::queue::kind::blocks: Stage 1 block verification failed for 0xfc95…0169: Error(Block(ExtraDataOutOfBounds(OutOfBounds { min: None, max: Some(32), found: 33 })), State { next_error: None, backtrace: InternalBacktrace { backtrace: None } })
ok
   - ExtraData33_EIP150...WARN:ethcore::verification::queue::kind::blocks: Stage 1 block verification failed for 0x1436…8f6f: Error(Block(ExtraDataOutOfBounds(OutOfBounds { min: None, max: Some(32), found: 33 })), State { next_error: None, backtrace: InternalBacktrace { backtrace: None } })
ok
   - ExtraData33_EIP158...WARN:ethcore::verification::queue::kind::blocks: Stage 1 block verification failed for 0x8438…d640: Error(Block(ExtraDataOutOfBounds(OutOfBounds { min: None, max: Some(32), found: 33 })), State { next_error: None, backtrace: InternalBacktrace { backtrace: None } })
ok
   - ecmul_0-3_0_28000_96_d0g0v0_EIP158...ok
   - ExtraData33_Frontier...WARN:ethcore::verification::queue::kind::blocks: Stage 1 block verification failed for 0xfe70…5a87: Error(Block(ExtraDataOutOfBounds(OutOfBounds { min: None, max: Some(32), found: 33 })), State { next_error: None, backtrace: InternalBacktrace { backtrace: None } })
ok
   - static_callcodecallcall_100_OOGE_d0g0v0_Frontier...ok
   - ExtraData33_Homestead...WARN:ethcore::verification::queue::kind::blocks: Stage 1 block verification failed for 0x3dfd…e284: Error(Block(ExtraDataOutOfBounds(OutOfBounds { min: None, max: Some(32), found: 33 })), State { next_error: None, backtrace: InternalBacktrace { backtrace: None } })
ok
test json_tests::chain::block_tests::BlockchainTests_bcGasPricerTest ... ok
ok
   - wrongTransactionsTrie_Byzantium...WARN:ethcore::verification::queue::kind::blocks: Stage 1 block verification failed for 0x1751…9a42: Error(Block(InvalidTransactionsRoot(Mismatch { expected: 0xc590d5598e571c0acebad12175f241738803400f57cfb272e595999dbbfd08d7, found: 0x55e81f171bcc55a6ff8345e692c0f86e5b48e01b996cadc001622fb5e363b421 })), State { next_error: None, backtrace: InternalBacktrace { backtrace: None } })
ok
   - wrongTransactionsTrie_EIP150...WARN:ethcore::verification::queue::kind::blocks: Stage 1 block verification failed for 0x59f0…35f3: Error(Block(InvalidTransactionsRoot(Mismatch { expected: 0xc590d5598e571c0acebad12175f241738803400f57cfb272e595999dbbfd08d7, found: 0x55e81f171bcc55a6ff8345e692c0f86e5b48e01b996cadc001622fb5e363b421 })), State { next_error: None, backtrace: InternalBacktrace { backtrace: None } })
ok
   - wrongTransactionsTrie_EIP158...WARN:ethcore::verification::queue::kind::blocks: Stage 1 block verification failed for 0x38b1…cb5d: Error(Block(InvalidTransactionsRoot(Mismatch { expected: 0xc590d5598e571c0acebad12175f241738803400f57cfb272e595999dbbfd08d7, found: 0x55e81f171bcc55a6ff8345e692c0f86e5b48e01b996cadc001622fb5e363b421 })), State { next_error: None, backtrace: InternalBacktrace { backtrace: None } })
   - ChainAtoChainBCallContractFormA_Byzantium...ok
   - wrongTransactionsTrie_Frontier...WARN:ethcore::verification::queue::kind::blocks: Stage 1 block verification failed for 0xfbf4…a8b5: Error(Block(InvalidTransactionsRoot(Mismatch { expected: 0xc590d5598e571c0acebad12175f241738803400f57cfb272e595999dbbfd08d7, found: 0x55e81f171bcc55a6ff8345e692c0f86e5b48e01b996cadc001622fb5e363b421 })), State { next_error: None, backtrace: InternalBacktrace { backtrace: None } })
ok
   - ecmul_0-3_0_28000_96_d0g0v0_Frontier...ok
   - wrongTransactionsTrie_Homestead...ok
   - static_callcodecallcall_100_OOGE_d0g0v0_Homestead...WARN:ethcore::verification::queue::kind::blocks: Stage 1 block verification failed for 0x47a2…43c7: Error(Block(InvalidTransactionsRoot(Mismatch { expected: 0xc590d5598e571c0acebad12175f241738803400f57cfb272e595999dbbfd08d7, found: 0x55e81f171bcc55a6ff8345e692c0f86e5b48e01b996cadc001622fb5e363b421 })), State { next_error: None, backtrace: InternalBacktrace { backtrace: None } })
ok
   - wrongNonce_Byzantium...WARN:ethcore::verification::queue::kind::blocks: Stage 1 block verification failed for 0x3e2d…798f: Error(Block(InvalidProofOfWork(OutOfBounds { min: Some(0x20000), max: None, found: 0x2 })), State { next_error: None, backtrace: InternalBacktrace { backtrace: None } })
ok
   - wrongNonce_EIP150...WARN:ethcore::verification::queue::kind::blocks: Stage 1 block verification failed for 0xe8a6…1886: Error(Block(InvalidProofOfWork(OutOfBounds { min: Some(0x20000), max: None, found: 0x0 })), State { next_error: None, backtrace: InternalBacktrace { backtrace: None } })
ok
   - wrongNonce_EIP158...WARN:ethcore::verification::queue::kind::blocks: Stage 1 block verification failed for 0xb00b…1601: Error(Block(InvalidProofOfWork(OutOfBounds { min: Some(0x20000), max: None, found: 0x2 })), State { next_error: None, backtrace: InternalBacktrace { backtrace: None } })
ok
   - wrongNonce_Frontier...WARN:ethcore::verification::queue::kind::blocks: Stage 1 block verification failed for 0xda9a…a600: Error(Block(InvalidProofOfWork(OutOfBounds { min: Some(0x20000), max: None, found: 0x4 })), State { next_error: None, backtrace: InternalBacktrace { backtrace: None } })
ok
   - wrongNonce_Homestead...WARN:ethcore::verification::queue::kind::blocks: Stage 1 block verification failed for 0x885a…88ce: Error(Block(InvalidProofOfWork(OutOfBounds { min: Some(0x20000), max: None, found: 0x2 })), State { next_error: None, backtrace: InternalBacktrace { backtrace: None } })
ok
   - wrongCoinbase_Byzantium...ok
   - ecmul_0-3_0_28000_96_d0g0v0_Homestead...ok
   - static_calldelcode_01_OOGE_d1g0v0_Byzantium...INFO:ethcore::blockchain::blockchain: Reorg to [1;33m#4 0x0baa…d95d[0m ([31m0x4336…986e 0x41bb…eaad 0xcba0…2418[0m [37m#0 0x5a39…c5ae[0m [32m0x661c…8f60 0x6267…c2ee 0x8d6d…1ea4[0m)
ok
   - ChainAtoChainBCallContractFormA_EIP150...ok
   - ecmul_0-3_0_21000_80_d0g1v0_Byzantium...ok
   - static_calldelcode_01_OOGE_d1g0v0_EIP150...WARN:ethcore::client::client: Stage 5 block verification failed for #1 (0x20bd…b6f9)
Error: Error(Block(InvalidStateRoot(Mismatch { expected: 0x3a764379c6d6441923aad8d1a8795f3a1585a80fb18927704ffd78d81a6c91d6, found: 0xaaade5dd1aceec869e83e2439cf5aa5d08bec79b2009f235f9d3ada1b950ec2d })), State { next_error: None, backtrace: InternalBacktrace { backtrace: None } })
ok
   - wrongCoinbase_EIP150...ok
   - static_calldelcode_01_OOGE_d1g0v0_EIP158...INFO:ethcore::blockchain::blockchain: Reorg to [1;33m#4 0xd1b4…01db[0m ([31m0x5d59…b6ee 0x2ae1…e2aa 0x8e91…a68c[0m [37m#0 0x5a39…c5ae[0m [32m0x8547…0616 0x6171…94d7 0x34d7…81e0[0m)
ok
   - ChainAtoChainBCallContractFormA_EIP158...ok
   - ecmul_0-3_0_21000_80_d0g1v0_EIP150...WARN:ethcore::client::client: Stage 5 block verification failed for #1 (0xa576…12b1)
Error: Error(Block(InvalidStateRoot(Mismatch { expected: 0x201eacb02252d150f7f1a1dc2440f7fab2f468329953051836f81bae65e26914, found: 0x3848100ad5901526c351c7524a9376cd9d4347174c34c01880dd402ecb5c962b })), State { next_error: None, backtrace: InternalBacktrace { backtrace: None } })
ok
   - wrongCoinbase_EIP158...ok
   - static_calldelcode_01_OOGE_d1g0v0_Frontier...WARN:ethcore::client::client: Stage 5 block verification failed for #1 (0x5482…4fad)
Error: Error(Block(InvalidStateRoot(Mismatch { expected: 0x201eacb02252d150f7f1a1dc2440f7fab2f468329953051836f81bae65e26914, found: 0x3848100ad5901526c351c7524a9376cd9d4347174c34c01880dd402ecb5c962b })), State { next_error: None, backtrace: InternalBacktrace { backtrace: None } })
ok
   - ecmul_0-3_0_21000_80_d0g1v0_EIP158...ok
   - wrongCoinbase_Frontier...INFO:ethcore::blockchain::blockchain: Reorg to [1;33m#4 0xe88c…bc70[0m ([31m0x9f7f…9051 0x42a8…ad45 0x0bea…9399[0m [37m#0 0x5a39…c5ae[0m [32m0x3dc8…1a28 0x79ae…1327 0xbe2b…b2cb[0m)
ok
   - ChainAtoChainBCallContractFormA_Frontier...ok
   - ecmul_0-3_0_21000_80_d0g1v0_Frontier...ok
   - static_calldelcode_01_OOGE_d1g0v0_Homestead...ok
   - ecmul_0-3_0_21000_80_d0g1v0_Homestead...WARN:ethcore::client::client: Stage 5 block verification failed for #1 (0x652f…b1b5)
Error: Error(Block(InvalidStateRoot(Mismatch { expected: 0x201eacb02252d150f7f1a1dc2440f7fab2f468329953051836f81bae65e26914, found: 0x3848100ad5901526c351c7524a9376cd9d4347174c34c01880dd402ecb5c962b })), State { next_error: None, backtrace: InternalBacktrace { backtrace: None } })
ok
   - wrongCoinbase_Homestead...INFO:ethcore::blockchain::blockchain: Reorg to [1;33m#4 0xa3b6…20be[0m ([31m0x50b4…5be6 0x327a…4206 0xe29f…5c84[0m [37m#0 0x5a39…c5ae[0m [32m0xc7a3…c3b9 0x36cd…9544 0xc5cd…742e[0m)
ok
   - ChainAtoChainBCallContractFormA_Homestead...ok
   - static_callcallcallcode_001_SuicideEnd_d0g0v0_Byzantium...ok
WARN:ethcore::client::client: Stage 5 block verification failed for #1 (0xd5bc…061a)
Error: Error(Block(InvalidStateRoot(Mismatch { expected: 0x201eacb02252d150f7f1a1dc2440f7fab2f468329953051836f81bae65e26914, found: 0x3848100ad5901526c351c7524a9376cd9d4347174c34c01880dd402ecb5c962b })), State { next_error: None, backtrace: InternalBacktrace { backtrace: None } })
ok
   - wrongDifficulty_Byzantium...WARN:ethcore::verification::queue::kind::blocks: Stage 1 block verification failed for 0xd6a8…3002: Error(Block(DifficultyOutOfBounds(OutOfBounds { min: Some(0x20000), max: None, found: 0x2710 })), State { next_error: None, backtrace: InternalBacktrace { backtrace: None } })
   - ecmul_0-3_5616_21000_128_d0g2v0_Byzantium...ok
   - wrongDifficulty_EIP150...WARN:ethcore::verification::queue::kind::blocks: Stage 1 block verification failed for 0xe08e…d6c7: Error(Block(DifficultyOutOfBounds(OutOfBounds { min: Some(0x20000), max: None, found: 0x2710 })), State { next_error: None, backtrace: InternalBacktrace { backtrace: None } })
ok
   - wrongDifficulty_EIP158...WARN:ethcore::verification::queue::kind::blocks: Stage 1 block verification failed for 0xc41d…2ce1: Error(Block(DifficultyOutOfBounds(OutOfBounds { min: Some(0x20000), max: None, found: 0x2710 })), State { next_error: None, backtrace: InternalBacktrace { backtrace: None } })
ok
   - wrongDifficulty_Frontier...WARN:ethcore::verification::queue::kind::blocks: Stage 1 block verification failed for 0x4a6d…afba: Error(Block(DifficultyOutOfBounds(OutOfBounds { min: Some(0x20000), max: None, found: 0x2710 })), State { next_error: None, backtrace: InternalBacktrace { backtrace: None } })
ok
   - wrongDifficulty_Homestead...WARN:ethcore::verification::queue::kind::blocks: Stage 1 block verification failed for 0x39fb…d157: Error(Block(DifficultyOutOfBounds(OutOfBounds { min: Some(0x20000), max: None, found: 0x2710 })), State { next_error: None, backtrace: InternalBacktrace { backtrace: None } })
ok
   - wrongTimestamp_Byzantium...ok
   - static_callcallcallcode_001_SuicideEnd_d0g0v0_EIP150...INFO:ethcore::blockchain::blockchain: Reorg to [1;33m#4 0x3fb4…bbf7[0m ([31m0x2696…8b85 0x44c6…f7e6 0x3079…f0d0[0m [37m#0 0x5a39…c5ae[0m [32m0x9994…17b2 0xea28…831b 0xa7e9…69bc[0m)
ok
   - ChainAtoChainB_BlockHash_Byzantium...ok
   - ecmul_0-3_5616_21000_128_d0g2v0_EIP150...ok
   - static_callcallcallcode_001_SuicideEnd_d0g0v0_EIP158...WARN:ethcore::client::client: Stage 3 block verification failed for #1 (0x36a2…f030)
Error: Error(Block(InvalidTimestamp(OutOfBounds { min: Some(SystemTime { tv_sec: 2955103452, tv_nsec: 936245102 }), max: None, found: SystemTime { tv_sec: 2955103450, tv_nsec: 936245269 } })), State { next_error: None, backtrace: InternalBacktrace { backtrace: None } })
ok
   - static_callcallcallcode_001_SuicideEnd_d0g0v0_Frontier...ok
   - wrongTimestamp_EIP150...ok
   - ecmul_0-3_5616_21000_128_d0g2v0_EIP158...INFO:ethcore::blockchain::blockchain: Reorg to [1;33m#3 0xa63f…74d1[0m ([31m0x6769…e019 0xe5be…36b8 0x0e8d…a2ad[0m [37m#0 0x61ab…3432[0m [32m0xd833…80ed 0x26ea…3526[0m)
ok
   - ChainAtoChainB_BlockHash_EIP150...WARN:ethcore::client::client: Stage 3 block verification failed for #1 (0x4452…78cc)
Error: Error(Block(InvalidTimestamp(OutOfBounds { min: Some(SystemTime { tv_sec: 2955103452, tv_nsec: 988362868 }), max: None, found: SystemTime { tv_sec: 2955103450, tv_nsec: 988363053 } })), State { next_error: None, backtrace: InternalBacktrace { backtrace: None } })
ok
   - static_callcallcallcode_001_SuicideEnd_d0g0v0_Homestead...ok
   - wrongTimestamp_EIP158...ok
   - ecmul_0-3_5616_21000_128_d0g2v0_Frontier...ok
   - static_callcodecall_10_SuicideEnd2_d0g0v1_Byzantium...WARN:ethcore::client::client: Stage 3 block verification failed for #1 (0xa9d4…8c02)
Error: Error(Block(InvalidTimestamp(OutOfBounds { min: Some(SystemTime { tv_sec: 2955103453, tv_nsec: 31190103 }), max: None, found: SystemTime { tv_sec: 2955103451, tv_nsec: 31190238 } })), State { next_error: None, backtrace: InternalBacktrace { backtrace: None } })
ok
   - wrongTimestamp_Frontier...ok
   - ecmul_0-3_5616_21000_128_d0g2v0_Homestead...INFO:ethcore::blockchain::blockchain: Reorg to [1;33m#3 0xe44c…9382[0m ([31m0x6ef3…795e 0x988b…d44c 0xc1a0…c998[0m [37m#0 0x61ab…3432[0m [32m0x2a37…03ab 0x5523…be9d[0m)
ok
   - ChainAtoChainB_BlockHash_EIP158...WARN:ethcore::client::client: Stage 3 block verification failed for #1 (0x9ac6…3362)
Error: Error(Block(InvalidTimestamp(OutOfBounds { min: Some(SystemTime { tv_sec: 2955103453, tv_nsec: 74509227 }), max: None, found: SystemTime { tv_sec: 2955103451, tv_nsec: 74509403 } })), State { next_error: None, backtrace: InternalBacktrace { backtrace: None } })
ok
   - wrongTimestamp_Homestead...ok
   - static_callcodecall_10_SuicideEnd2_d0g0v1_EIP150...ok
   - ecmul_1-3_5616_28000_96_d0g0v0_Byzantium...WARN:ethcore::client::client: Stage 3 block verification failed for #1 (0xe830…b926)
Error: Error(Block(InvalidTimestamp(OutOfBounds { min: Some(SystemTime { tv_sec: 2955103453, tv_nsec: 132289749 }), max: None, found: SystemTime { tv_sec: 2955103451, tv_nsec: 132289918 } })), State { next_error: None, backtrace: InternalBacktrace { backtrace: None } })
ok
   - ecmul_1-3_5616_28000_96_d0g0v0_EIP150...ok
   - GasLimitHigherThan2p63m1_Byzantium...INFO:ethcore::blockchain::blockchain: Reorg to [1;33m#3 0x3b70…9b52[0m ([31m0xceea…d662 0xad44…b574 0x06df…f515[0m [37m#0 0x61ab…3432[0m [32m0x773f…c556 0x136d…e0e1[0m)
ok
   - static_callcodecall_10_SuicideEnd2_d0g0v1_EIP158...WARN:ethcore::verification::queue::kind::blocks: Stage 1 block verification failed for 0xdf88…3905: Error(Block(InvalidGasLimit(OutOfBounds { min: None, max: Some(0x7fffffffffffffff), found: 0x8000000000000000 })), State { next_error: None, backtrace: InternalBacktrace { backtrace: None } })
ok
   - GasLimitHigherThan2p63m1_EIP150...WARN:ethcore::verification::queue::kind::blocks: Stage 1 block verification failed for 0x4bc8…5a84: Error(Block(InvalidGasLimit(OutOfBounds { min: None, max: Some(0x7fffffffffffffff), found: 0x8000000000000000 })), State { next_error: None, backtrace: InternalBacktrace { backtrace: None } })
ok
   - ChainAtoChainB_BlockHash_Frontier...ok
   - GasLimitHigherThan2p63m1_EIP158...WARN:ethcore::verification::queue::kind::blocks: Stage 1 block verification failed for 0x8023…e549: Error(Block(InvalidGasLimit(OutOfBounds { min: None, max: Some(0x7fffffffffffffff), found: 0x8000000000000000 })), State { next_error: None, backtrace: InternalBacktrace { backtrace: None } })
ok
   - GasLimitHigherThan2p63m1_Frontier...WARN:ethcore::verification::queue::kind::blocks: Stage 1 block verification failed for 0x734f…0497: Error(Block(InvalidGasLimit(OutOfBounds { min: None, max: Some(0x7fffffffffffffff), found: 0x8000000000000000 })), State { next_error: None, backtrace: InternalBacktrace { backtrace: None } })
ok
   - GasLimitHigherThan2p63m1_Homestead...WARN:ethcore::verification::queue::kind::blocks: Stage 1 block verification failed for 0x167e…2fab: Error(Block(InvalidGasLimit(OutOfBounds { min: None, max: Some(0x7fffffffffffffff), found: 0x8000000000000000 })), State { next_error: None, backtrace: InternalBacktrace { backtrace: None } })
ok
   - ExtraData1024_Byzantium...WARN:ethcore::verification::queue::kind::blocks: Stage 1 block verification failed for 0x16c7…19f1: Error(Block(ExtraDataOutOfBounds(OutOfBounds { min: None, max: Some(32), found: 1024 })), State { next_error: None, backtrace: InternalBacktrace { backtrace: None } })
ok
   - ecmul_1-3_5616_28000_96_d0g0v0_EIP158...ok
   - ExtraData1024_EIP150...WARN:ethcore::verification::queue::kind::blocks: Stage 1 block verification failed for 0xfc73…600a: Error(Block(ExtraDataOutOfBounds(OutOfBounds { min: None, max: Some(32), found: 1024 })), State { next_error: None, backtrace: InternalBacktrace { backtrace: None } })
ok
   - static_callcodecall_10_SuicideEnd2_d0g0v1_Frontier...ok
   - ExtraData1024_EIP158...WARN:ethcore::verification::queue::kind::blocks: Stage 1 block verification failed for 0x5fd0…70c9: Error(Block(ExtraDataOutOfBounds(OutOfBounds { min: None, max: Some(32), found: 1024 })), State { next_error: None, backtrace: InternalBacktrace { backtrace: None } })
ok
   - ExtraData1024_Frontier...WARN:ethcore::verification::queue::kind::blocks: Stage 1 block verification failed for 0x0d59…5045: Error(Block(ExtraDataOutOfBounds(OutOfBounds { min: None, max: Some(32), found: 1024 })), State { next_error: None, backtrace: InternalBacktrace { backtrace: None } })
ok
   - ExtraData1024_Homestead...WARN:ethcore::verification::queue::kind::blocks: Stage 1 block verification failed for 0xcb44…b4ff: Error(Block(ExtraDataOutOfBounds(OutOfBounds { min: None, max: Some(32), found: 1024 })), State { next_error: None, backtrace: InternalBacktrace { backtrace: None } })
INFO:ethcore::blockchain::blockchain: Reorg to [1;33m#3 0xc956…258f[0m ([31m0x54be…e542 0xa9c2…2fe5 0x3bd0…28f9[0m [37m#0 0x61ab…3432[0m [32m0xac46…98f5 0x203f…ae97[0m)
ok
   - ChainAtoChainB_BlockHash_Homestead...ok
   - GasLimitIsZero_Byzantium...WARN:ethcore::verification::queue::kind::blocks: Stage 1 block verification failed for 0x20bd…39f0: Error(Block(TooMuchGasUsed(OutOfBounds { min: None, max: Some(0x0), found: 0x560b })), State { next_error: None, backtrace: InternalBacktrace { backtrace: None } })
ok
   - GasLimitIsZero_EIP150...WARN:ethcore::verification::queue::kind::blocks: Stage 1 block verification failed for 0x9831…e709: Error(Block(TooMuchGasUsed(OutOfBounds { min: None, max: Some(0x0), found: 0x560b })), State { next_error: None, backtrace: InternalBacktrace { backtrace: None } })
ok
   - ecmul_1-3_5616_28000_96_d0g0v0_Frontier...ok
   - static_callcodecall_10_SuicideEnd2_d0g0v1_Homestead...ok
   - GasLimitIsZero_EIP158...WARN:ethcore::verification::queue::kind::blocks: Stage 1 block verification failed for 0x1f2a…7f86: Error(Block(TooMuchGasUsed(OutOfBounds { min: None, max: Some(0x0), found: 0x560b })), State { next_error: None, backtrace: InternalBacktrace { backtrace: None } })
ok
   - GasLimitIsZero_Frontier...WARN:ethcore::verification::queue::kind::blocks: Stage 1 block verification failed for 0xd60d…8573: Error(Block(TooMuchGasUsed(OutOfBounds { min: None, max: Some(0x0), found: 0x560b })), State { next_error: None, backtrace: InternalBacktrace { backtrace: None } })
ok
   - GasLimitIsZero_Homestead...WARN:ethcore::verification::queue::kind::blocks: Stage 1 block verification failed for 0xf306…8488: Error(Block(TooMuchGasUsed(OutOfBounds { min: None, max: Some(0x0), found: 0x560b })), State { next_error: None, backtrace: InternalBacktrace { backtrace: None } })
ok
   - wrongGasLimit_Byzantium...ok
INFO:ethcore::blockchain::blockchain: Reorg to [1;33m#3 0x28a4…c235[0m ([31m0xddb2…378a 0x1dd6…df8b 0xd4f1…62af[0m [37m#0 0x61ab…3432[0m [32m0x9e6c…bd40 0xadbf…65b6[0m)
   - static_callcodecallcallcode_101_OOGMBefore2_d0g0v0_Byzantium...ok
   - ecmul_1-3_5616_28000_96_d0g0v0_Homestead...ok
   - ChainAtoChainB_difficultyB_Byzantium...WARN:ethcore::client::client: Stage 3 block verification failed for #1 (0xca4d…f590)
Error: Error(Block(InvalidGasLimit(OutOfBounds { min: Some(0x2fe3dd), max: Some(0x2ffbd3), found: 0x186a0 })), State { next_error: None, backtrace: InternalBacktrace { backtrace: None } })
ok
   - wrongGasLimit_EIP150...ok
   - pointAdd_d9g2v0_Byzantium...ok
   - static_callcodecallcallcode_101_OOGMBefore2_d0g0v0_EIP150...WARN:ethcore::client::client: Stage 3 block verification failed for #1 (0x7b6d…bded)
Error: Error(Block(InvalidGasLimit(OutOfBounds { min: Some(0x2fe3dd), max: Some(0x2ffbd3), found: 0x186a0 })), State { next_error: None, backtrace: InternalBacktrace { backtrace: None } })
ok
   - wrongGasLimit_EIP158...ok
   - static_callcodecallcallcode_101_OOGMBefore2_d0g0v0_EIP158...ok
   - pointAdd_d9g2v0_EIP150...INFO:ethcore::blockchain::blockchain: Reorg to [1;33m#3 0x400a…a190[0m ([31m0xf0ff…7732 0xd2e4…b136 0xb0a6…9bf0[0m [37m#0 0x5a39…c5ae[0m [32m0x1e33…6649 0x274d…ecac[0m)
ok
   - ChainAtoChainB_difficultyB_EIP150...ok
   - static_callcodecallcallcode_101_OOGMBefore2_d0g0v0_Frontier...WARN:ethcore::client::client: Stage 3 block verification failed for #1 (0xdecb…8a5c)
Error: Error(Block(InvalidGasLimit(OutOfBounds { min: Some(0x2fe3dd), max: Some(0x2ffbd3), found: 0x186a0 })), State { next_error: None, backtrace: InternalBacktrace { backtrace: None } })
ok
   - wrongGasLimit_Frontier...ok
   - pointAdd_d9g2v0_EIP158...ok
   - static_callcodecallcallcode_101_OOGMBefore2_d0g0v0_Homestead...WARN:ethcore::client::client: Stage 3 block verification failed for #1 (0x5aa3…dae2)
Error: Error(Block(InvalidGasLimit(OutOfBounds { min: Some(0x2fe3dd), max: Some(0x2ffbd3), found: 0x186a0 })), State { next_error: None, backtrace: InternalBacktrace { backtrace: None } })
ok
   - wrongGasLimit_Homestead...INFO:ethcore::blockchain::blockchain: Reorg to [1;33m#3 0x67b7…56b0[0m ([31m0xac0e…4a53 0x7ba1…cfba 0xd681…bf6a[0m [37m#0 0x5a39…c5ae[0m [32m0xea10…832a 0xccd0…8d81[0m)
ok
   - pointAdd_d9g2v0_Frontier...ok
   - ChainAtoChainB_difficultyB_EIP158...WARN:ethcore::client::client: Stage 3 block verification failed for #1 (0x7ced…7718)
Error: Error(Block(InvalidGasLimit(OutOfBounds { min: Some(0x2fe3dd), max: Some(0x2ffbd3), found: 0x186a0 })), State { next_error: None, backtrace: InternalBacktrace { backtrace: None } })
ok
   - wrongParentHash2_Byzantium...ok
   - wrongParentHash2_EIP150...ok
   - wrongParentHash2_EIP158...ok
   - static_LoopCallsDepthThenRevert_d0g0v0_Byzantium...ok
   - wrongParentHash2_Frontier...ok
   - wrongParentHash2_Homestead...ok
   - pointAdd_d9g2v0_Homestead...ok
   - wrongParentHash_Byzantium...ok
   - wrongParentHash_EIP150...ok
   - wrongParentHash_EIP158...ok
   - wrongParentHash_Frontier...ok
   - wrongParentHash_Homestead...INFO:ethcore::blockchain::blockchain: Reorg to [1;33m#3 0x8889…56a8[0m ([31m0x72a2…471c 0xc322…e47b 0x5308…a3a9[0m [37m#0 0x5a39…c5ae[0m [32m0x3d82…adba 0x6919…09db[0m)ok

   - wrongGasUsed_Byzantium...ok
   - ChainAtoChainB_difficultyB_Frontier...ok
   - static_LoopCallsDepthThenRevert_d0g0v0_EIP150...ok
   - ecadd_6-9_19274124-124124_25000_128_d0g3v0_Byzantium...WARN:ethcore::client::client: Stage 5 block verification failed for #1 (0x10dd…511b)
Error: Error(Block(InvalidGasUsed(Mismatch { expected: 0x0, found: 0x560b })), State { next_error: None, backtrace: InternalBacktrace { backtrace: None } })
ok
   - wrongGasUsed_EIP150...ok
   - static_LoopCallsDepthThenRevert_d0g0v0_EIP158...ok
   - ecadd_6-9_19274124-124124_25000_128_d0g3v0_EIP150...INFO:ethcore::blockchain::blockchain: Reorg to [1;33m#3 0x335f…e97c[0m ([31m0xeb61…63f5 0x7486…ebdb 0x9128…5100[0m [37m#0 0x5a39…c5ae[0m [32m0x349f…47a0 0xfb80…05bb[0m)
ok
   - ChainAtoChainB_difficultyB_Homestead...WARN:ethcore::client::client: Stage 5 block verification failed for #1 (0x0285…004f)
Error: Error(Block(InvalidGasUsed(Mismatch { expected: 0x0, found: 0x560b })), State { next_error: None, backtrace: InternalBacktrace { backtrace: None } })
ok
   - static_LoopCallsDepthThenRevert_d0g0v0_Frontier...ok
   - wrongGasUsed_EIP158...ok
   - ecadd_6-9_19274124-124124_25000_128_d0g3v0_EIP158...WARN:ethcore::client::client: Stage 5 block verification failed for #1 (0x52ba…855b)
Error: Error(Block(InvalidGasUsed(Mismatch { expected: 0x0, found: 0x560b })), State { next_error: None, backtrace: InternalBacktrace { backtrace: None } })
ok
   - wrongGasUsed_Frontier...INFO:ethcore::blockchain::blockchain: Reorg to [1;33m#3 0x44bd…851e[0m ([31m0x2315…6191 0x9c3e…70f0 0xcbd8…fa78[0m [37m#0 0x5a39…c5ae[0m [32m0xce27…c52c 0x8c54…b55a[0m)
ok
   - ChainAtoChainBtoChainA_Byzantium...ok
   - static_LoopCallsDepthThenRevert_d0g0v0_Homestead...ok
   - ecadd_6-9_19274124-124124_25000_128_d0g3v0_Frontier...WARN:ethcore::client::client: Stage 5 block verification failed for #1 (0xc321…4364)
Error: Error(Block(InvalidGasUsed(Mismatch { expected: 0x0, found: 0x560b })), State { next_error: None, backtrace: InternalBacktrace { backtrace: None } })
ok
   - wrongGasUsed_Homestead...ok
   - static_callcodecallcallcode_101_OOGMAfter_3_d0g0v0_Byzantium...ok
   - ecadd_6-9_19274124-124124_25000_128_d0g3v0_Homestead...INFO:ethcore::blockchain::blockchain: Reorg to [1;33m#4 0x3141…1198[0m ([31m0xb542…8f04 0xef59…9b6d 0xa750…3200[0m [37m#0 0x5a39…c5ae[0m [32m0xa3bd…cae8 0xb7e9…25b5 0x4136…68bb[0m)
WARN:ethcore::client::client: Stage 5 block verification failed for #1 (0x7b0f…3307)
Error: Error(Block(InvalidGasUsed(Mismatch { expected: 0x0, found: 0x560b })), State { next_error: None, backtrace: InternalBacktrace { backtrace: None } })
ok
   - DifficultyIsZero_Byzantium...WARN:ethcore::verification::queue::kind::blocks: Stage 1 block verification failed for 0x8ef6…b18e: Error(Block(DifficultyOutOfBounds(OutOfBounds { min: Some(0x20000), max: None, found: 0x0 })), State { next_error: None, backtrace: InternalBacktrace { backtrace: None } })
ok
ok
   - static_callcodecallcallcode_101_OOGMAfter_3_d0g0v0_EIP150...ok
   - DifficultyIsZero_EIP150...WARN:ethcore::verification::queue::kind::blocks: Stage 1 block verification failed for 0x9f0f…4a6e: Error(Block(DifficultyOutOfBounds(OutOfBounds { min: Some(0x20000), max: None, found: 0x0 })), State { next_error: None, backtrace: InternalBacktrace { backtrace: None } })
   - ecmul_7827-6598_5617_28000_96_d0g3v0_Byzantium...INFO:ethcore::blockchain::blockchain: Reorg to [1;33m#6 0x5c01…63ed[0m ([31m0x70ba…4084 0x3141…1198 0x4136…68bb 0xb7e9…25b5 0xa3bd…cae8[0m [37m#0 0x5a39…c5ae[0m [32m0xa750…3200 0xef59…9b6d 0xb542…8f04 0xe7dc…47e9 0x2e5b…72f4[0m)
ok
   - DifficultyIsZero_EIP158...WARN:ethcore::verification::queue::kind::blocks: Stage 1 block verification failed for 0x08b0…a5da: Error(Block(DifficultyOutOfBounds(OutOfBounds { min: Some(0x20000), max: None, found: 0x0 })), State { next_error: None, backtrace: InternalBacktrace { backtrace: None } })
ok
   - ChainAtoChainBtoChainA_EIP150...ok
   - DifficultyIsZero_Frontier...WARN:ethcore::verification::queue::kind::blocks: Stage 1 block verification failed for 0x9096…4d7c: Error(Block(DifficultyOutOfBounds(OutOfBounds { min: Some(0x20000), max: None, found: 0x0 })), State { next_error: None, backtrace: InternalBacktrace { backtrace: None } })
ok
   - DifficultyIsZero_Homestead...WARN:ethcore::verification::queue::kind::blocks: Stage 1 block verification failed for 0x56bd…e75a: Error(Block(DifficultyOutOfBounds(OutOfBounds { min: Some(0x20000), max: None, found: 0x0 })), State { next_error: None, backtrace: InternalBacktrace { backtrace: None } })
ok
   - ecmul_7827-6598_5617_28000_96_d0g3v0_EIP150...ok
   - wrongReceiptTrie_Byzantium...ok
   - static_callcodecallcallcode_101_OOGMAfter_3_d0g0v0_EIP158...INFO:ethcore::blockchain::blockchain: Reorg to [1;33m#4 0x18d8…6c3e[0m ([31m0x4d45…14a5 0x8064…57a6 0xa7ab…e46e[0m [37m#0 0x5a39…c5ae[0m [32m0xd19c…cfc6 0x2991…3475 0xe963…eba8[0m)
INFO:ethcore::blockchain::blockchain: Reorg to [1;33m#6 0x71c6…e33b[0m ([31m0x96ee…7c54 0x18d8…6c3e 0xe963…eba8 0x2991…3475 0xd19c…cfc6[0m [37m#0 0x5a39…c5ae[0m [32m0xa7ab…e46e 0x8064…57a6 0x4d45…14a5 0xfb98…8f32 0x170d…06d2[0m)
WARN:ethcore::client::client: Stage 5 block verification failed for #1 (0x9b4a…1996)
Error: Error(Block(InvalidReceiptsRoot(Mismatch { expected: 0x56e81f171bcc55a6ff8345e692c0f86e5b48e01b996cadc001622fb5e363b421, found: 0x21f4ebc5b0fb1ad80a00f78d04e67d1b30af68cecb3a8a2bf55247f11df1e3ed })), State { next_error: None, backtrace: InternalBacktrace { backtrace: None } })
ok
   - ChainAtoChainBtoChainA_EIP158...ok
   - wrongReceiptTrie_EIP150...ok
   - ecmul_7827-6598_5617_28000_96_d0g3v0_EIP158...ok
   - static_callcodecallcallcode_101_OOGMAfter_3_d0g0v0_Frontier...WARN:ethcore::client::client: Stage 5 block verification failed for #1 (0x0ede…3dcb)
Error: Error(Block(InvalidReceiptsRoot(Mismatch { expected: 0x56e81f171bcc55a6ff8345e692c0f86e5b48e01b996cadc001622fb5e363b421, found: 0x5e7d8bf8bc817405813b0866e3bfa1ad048f982be5b81ab17b4db03266b24b26 })), State { next_error: None, backtrace: InternalBacktrace { backtrace: None } })
ok
   - wrongReceiptTrie_EIP158...ok
   - static_callcodecallcallcode_101_OOGMAfter_3_d0g0v0_Homestead...ok
   - ecmul_7827-6598_5617_28000_96_d0g3v0_Frontier...INFO:ethcore::blockchain::blockchain: Reorg to [1;33m#4 0x16a3…855e[0m ([31m0x662e…737f 0xfb3d…e3e8 0x4d21…b066[0m [37m#0 0x5a39…c5ae[0m [32m0x7a2c…bf2a 0x9a3e…4da5 0xda10…b43a[0m)
WARN:ethcore::client::client: Stage 5 block verification failed for #1 (0xa5a1…c113)
Error: Error(Block(InvalidReceiptsRoot(Mismatch { expected: 0x56e81f171bcc55a6ff8345e692c0f86e5b48e01b996cadc001622fb5e363b421, found: 0x5e7d8bf8bc817405813b0866e3bfa1ad048f982be5b81ab17b4db03266b24b26 })), State { next_error: None, backtrace: InternalBacktrace { backtrace: None } })
ok
   - wrongReceiptTrie_Frontier...INFO:ethcore::blockchain::blockchain: Reorg to [1;33m#6 0xe1b7…d9cb[0m ([31m0x4f21…dc95 0x16a3…855e 0xda10…b43a 0x9a3e…4da5 0x7a2c…bf2a[0m [37m#0 0x5a39…c5ae[0m [32m0x4d21…b066 0xfb3d…e3e8 0x662e…737f 0xae2e…6fd7 0x505a…4c03[0m)
ok
ok
   - ChainAtoChainBtoChainA_Frontier...   - static_callcallcodecallcode_011_2_d0g0v0_Byzantium...ok
   - ecmul_7827-6598_5617_28000_96_d0g3v0_Homestead...WARN:ethcore::client::client: Stage 5 block verification failed for #1 (0x0337…e9d6)
Error: Error(Block(InvalidReceiptsRoot(Mismatch { expected: 0x56e81f171bcc55a6ff8345e692c0f86e5b48e01b996cadc001622fb5e363b421, found: 0x5e7d8bf8bc817405813b0866e3bfa1ad048f982be5b81ab17b4db03266b24b26 })), State { next_error: None, backtrace: InternalBacktrace { backtrace: None } })
ok
   - wrongReceiptTrie_Homestead...ok
   - static_callcallcodecallcode_011_2_d0g0v0_EIP150...ok
   - ecmul_0-3_5617_28000_96_d0g1v0_Byzantium...INFO:ethcore::blockchain::blockchain: Reorg to [1;33m#4 0x641f…919a[0m ([31m0xefc7…1087 0x609e…0851 0xacb7…d1ec[0m [37m#0 0x5a39…c5ae[0m [32m0x61f2…96bd 0x0bad…5bf4 0x5f38…d1bf[0m)
WARN:ethcore::client::client: Stage 5 block verification failed for #1 (0x1691…6dc6)
Error: Error(Block(InvalidReceiptsRoot(Mismatch { expected: 0x56e81f171bcc55a6ff8345e692c0f86e5b48e01b996cadc001622fb5e363b421, found: 0x5e7d8bf8bc817405813b0866e3bfa1ad048f982be5b81ab17b4db03266b24b26 })), State { next_error: None, backtrace: InternalBacktrace { backtrace: None } })
ok
test json_tests::chain::block_tests::BlockchainTests_bcInvalidHeaderTest ... ok
INFO:ethcore::blockchain::blockchain: Reorg to [1;33m#6 0x1cd8…1cd4[0m ([31m0x7e2a…1e7b 0x641f…919a 0x5f38…d1bf 0x0bad…5bf4 0x61f2…96bd[0m [37m#0 0x5a39…c5ae[0m [32m0xacb7…d1ec 0x609e…0851 0xefc7…1087 0xc400…5b59 0x30bb…c647[0m)
   - randomStatetest239BC_Byzantium...ok
   - static_callcallcodecallcode_011_2_d0g0v0_EIP158...ok
   - ChainAtoChainBtoChainA_Homestead...ok
   - ecmul_0-3_5617_28000_96_d0g1v0_EIP150...ok
   - ecmul_0-3_5617_28000_96_d0g1v0_EIP158...ok
   - static_callcallcodecallcode_011_2_d0g0v0_Frontier...ok
   - randomStatetest239BC_EIP150...ok
   - ecmul_0-3_5617_28000_96_d0g1v0_Frontier...INFO:ethcore::blockchain::blockchain: Reorg to [1;33m#4 0xf296…9825[0m ([31m0x346e…0153 0x7714…ab88 0xe1ed…a930[0m [37m#0 0x5a39…c5ae[0m [32m0x30cb…6523 0x32a7…74c3 0x07e8…9cdc[0m)
ok
   - static_callcallcodecallcode_011_2_d0g0v0_Homestead...ok
INFO:ethcore::blockchain::blockchain: Reorg to [1;33m#6 0x6c99…729c[0m ([31m0x5e71…4301 0xf296…9825 0x07e8…9cdc 0x32a7…74c3 0x30cb…6523[0m [37m#0 0x5a39…c5ae[0m [32m0xe1ed…a930 0x7714…ab88 0x346e…0153 0x7cc4…e004 0xd9bc…1485[0m)
   - randomStatetest239BC_EIP158...ok
   - ChainAtoChainB_Byzantium...ok
   - ecmul_0-3_5617_28000_96_d0g1v0_Homestead...ok
   - static_callcallcallcode_001_OOGMAfter_d1g0v0_Byzantium...ok
   - randomStatetest239BC_Frontier...ok
   - static_callcallcallcode_001_OOGMAfter_d1g0v0_EIP150...INFO:ethcore::blockchain::blockchain: Reorg to [1;33m#4 0x860d…afc5[0m ([31m0x0ec2…80db 0x5c51…3076 0xe6b7…c7dc[0m [37m#0 0x5a39…c5ae[0m [32m0x60da…bfb6 0x67f0…48ba 0xf448…3f45[0m)
ok
   - ecmul_1-3_0_28000_64_d0g2v0_Byzantium...ok
   - ChainAtoChainB_EIP150...ok
   - randomStatetest239BC_Homestead...ok
   - ecmul_1-3_0_28000_64_d0g2v0_EIP150...ok
   - static_callcallcallcode_001_OOGMAfter_d1g0v0_EIP158...ok
   - randomStatetest86BC_Byzantium...INFO:ethcore::blockchain::blockchain: Reorg to [1;33m#4 0xb6bd…65a1[0m ([31m0x6e0c…123a 0xa1da…b9b9 0xb202…9377[0m [37m#0 0x5a39…c5ae[0m [32m0xa0bf…80a0 0x701d…9d47 0x2f03…6370[0m)
ok
   - ecmul_1-3_0_28000_64_d0g2v0_EIP158...ok
   - ChainAtoChainB_EIP158...ok
   - static_callcallcallcode_001_OOGMAfter_d1g0v0_Frontier...ok
   - randomStatetest86BC_EIP150...ok
   - ecmul_1-3_0_28000_64_d0g2v0_Frontier...ok
   - static_callcallcallcode_001_OOGMAfter_d1g0v0_Homestead...INFO:ethcore::blockchain::blockchain: Reorg to [1;33m#4 0xada9…466e[0m ([31m0x339f…0b3c 0xd126…11ad 0xa636…2e90[0m [37m#0 0x5a39…c5ae[0m [32m0xd124…e143 0x2fa1…2130 0x8f6f…0a96[0m)
ok
   - randomStatetest86BC_EIP158...ok
   - ChainAtoChainB_Frontier...ok
   - ecmul_1-3_0_28000_64_d0g2v0_Homestead...ok
   - static_log0_nonEmptyMem_logMemSize1_d0g0v0_Byzantium...ok
   - randomStatetest86BC_Frontier...INFO:ethcore::blockchain::blockchain: Reorg to [1;33m#4 0x2144…fb2f[0m ([31m0xfd1e…4866 0x2ac1…7619 0x7bf8…8d77[0m [37m#0 0x5a39…c5ae[0m [32m0xf644…e065 0xc1e7…cd14 0x2ec4…bc58[0m)
ok
ok
   - ChainAtoChainB_Homestead...ok
   - randomStatetest86BC_Homestead...   - ecmul_0-3_2_21000_96_d0g2v0_Byzantium...ok
   - static_log0_nonEmptyMem_logMemSize1_d0g0v0_EIP150...ok
   - ecmul_0-3_2_21000_96_d0g2v0_EIP150...ok
   - randomStatetest568BC_Byzantium...ok
   - static_log0_nonEmptyMem_logMemSize1_d0g0v0_EIP158...INFO:ethcore::blockchain::blockchain: Reorg to [1;33m#4 0x64ef…22db[0m ([31m0xe07c…d25b 0x377d…7ee0 0x0494…73eb[0m [37m#0 0x5a39…c5ae[0m [32m0x4e31…cb75 0x0ced…93b6 0x9677…5ec1[0m)
ok
   - ecmul_0-3_2_21000_96_d0g2v0_EIP158...ok
ok
   - randomStatetest568BC_EIP150...   - ChainAtoChainBtoChainAtoChainB_Byzantium...ok
   - static_log0_nonEmptyMem_logMemSize1_d0g0v0_Frontier...ok
   - ecmul_0-3_2_21000_96_d0g2v0_Frontier...ok
   - randomStatetest568BC_EIP158...ok
   - static_log0_nonEmptyMem_logMemSize1_d0g0v0_Homestead...ok
   - ecmul_0-3_2_21000_96_d0g2v0_Homestead...INFO:ethcore::blockchain::blockchain: Reorg to [1;33m#4 0x6295…9d33[0m ([31m0x7e0a…0cce 0x9bcb…4152 0x8de2…7b7f[0m [37m#0 0x5a39…c5ae[0m [32m0x08f6…88dc 0x883c…67f0 0x679a…8338[0m)
ok
   - randomStatetest568BC_Frontier...ok
   - static_callcallcallcode_001_OOGMAfter2_d1g0v0_Byzantium...INFO:ethcore::blockchain::blockchain: Reorg to [1;33m#6 0xd1ae…0d84[0m ([31m0x9de6…f819 0x6295…9d33 0x679a…8338 0x883c…67f0 0x08f6…88dc[0m [37m#0 0x5a39…c5ae[0m [32m0x8de2…7b7f 0x9bcb…4152 0x7e0a…0cce 0x61ef…6440 0x3f53…ba49[0m)
INFO:ethcore::blockchain::blockchain: Reorg to [1;33m#6 0xfbac…e4ea[0m ([31m0xd1ae…0d84 0x3f53…ba49 0x61ef…6440 0x7e0a…0cce 0x9bcb…4152 0x8de2…7b7f[0m [37m#0 0x5a39…c5ae[0m [32m0x08f6…88dc 0x883c…67f0 0x679a…8338 0x6295…9d33 0x9de6…f819[0m)
ok
   - ecmul_1-3_9935_28000_96_d0g2v0_Byzantium...ok
   - ChainAtoChainBtoChainAtoChainB_EIP150...ok
   - randomStatetest568BC_Homestead...ok
   - static_callcallcallcode_001_OOGMAfter2_d1g0v0_EIP150...ok
   - ecmul_1-3_9935_28000_96_d0g2v0_EIP150...ok
   - randomStatetest453BC_Byzantium...ok
   - static_callcallcallcode_001_OOGMAfter2_d1g0v0_EIP158...INFO:ethcore::blockchain::blockchain: Reorg to [1;33m#4 0xb9af…9b3b[0m ([31m0xe7e7…6565 0x4453…dee6 0x6ebe…5673[0m [37m#0 0x5a39…c5ae[0m [32m0x24cd…f5de 0x8682…b367 0x040a…aa9f[0m)
INFO:ethcore::blockchain::blockchain: Reorg to [1;33m#6 0x9175…7c34[0m ([31m0x6b74…61e4 0xb9af…9b3b 0x040a…aa9f 0x8682…b367 0x24cd…f5de[0m [37m#0 0x5a39…c5ae[0m [32m0x6ebe…5673 0x4453…dee6 0xe7e7…6565 0xfd36…9877 0x1477…db6c[0m)
ok
   - ecmul_1-3_9935_28000_96_d0g2v0_EIP158...INFO:ethcore::blockchain::blockchain: Reorg to [1;33m#6 0xdd83…e68b[0m ([31m0x9175…7c34 0x1477…db6c 0xfd36…9877 0xe7e7…6565 0x4453…dee6 0x6ebe…5673[0m [37m#0 0x5a39…c5ae[0m [32m0x24cd…f5de 0x8682…b367 0x040a…aa9f 0xb9af…9b3b 0x6b74…61e4[0m)
ok
   - static_callcallcallcode_001_OOGMAfter2_d1g0v0_Frontier...ok
   - randomStatetest453BC_EIP150...ok
   - ChainAtoChainBtoChainAtoChainB_EIP158...ok
   - ecmul_1-3_9935_28000_96_d0g2v0_Frontier...ok
   - static_callcallcallcode_001_OOGMAfter2_d1g0v0_Homestead...ok
   - randomStatetest453BC_EIP158...INFO:ethcore::blockchain::blockchain: Reorg to [1;33m#4 0x62ee…38da[0m ([31m0x322d…e7f5 0x4396…f8cc 0x5e65…3da3[0m [37m#0 0x5a39…c5ae[0m [32m0x52cc…97ea 0x2c1f…2c8f 0x0185…2f94[0m)
ok
   - randomStatetest453BC_Frontier...INFO:ethcore::blockchain::blockchain: Reorg to [1;33m#6 0x30ba…fed4[0m ([31m0x63f3…0da6 0x62ee…38da 0x0185…2f94 0x2c1f…2c8f 0x52cc…97ea[0m [37m#0 0x5a39…c5ae[0m [32m0x5e65…3da3 0x4396…f8cc 0x322d…e7f5 0xefc9…fa9a 0x0597…a639[0m)
ok
   - ecmul_1-3_9935_28000_96_d0g2v0_Homestead...INFO:ethcore::blockchain::blockchain: Reorg to [1;33m#6 0x32aa…3f8d[0m ([31m0x30ba…fed4 0x0597…a639 0xefc9…fa9a 0x322d…e7f5 0x4396…f8cc 0x5e65…3da3[0m [37m#0 0x5a39…c5ae[0m [32m0x52cc…97ea 0x2c1f…2c8f 0x0185…2f94 0x62ee…38da 0x63f3…0da6[0m)
ok
   - static_callcallcodecallcode_011_OOGE_d0g0v0_Byzantium...ok
   - ChainAtoChainBtoChainAtoChainB_Frontier...ok
ok
   - randomStatetest453BC_Homestead...   - ecmul_0-3_2_28000_96_d0g1v0_Byzantium...ok
   - static_callcallcodecallcode_011_OOGE_d0g0v0_EIP150...INFO:ethcore::blockchain::blockchain: Reorg to [1;33m#4 0xb4e3…84f0[0m ([31m0x97f0…4cb2 0x8600…aa3a 0xbe87…86f8[0m [37m#0 0x5a39…c5ae[0m [32m0xc84e…b869 0xd1da…cc74 0x9893…5d0f[0m)
ok
   - ecmul_0-3_2_28000_96_d0g1v0_EIP150...ok
   - randomStatetest314BC_Byzantium...INFO:ethcore::blockchain::blockchain: Reorg to [1;33m#6 0x223f…4a7b[0m ([31m0x80ab…c7ca 0xb4e3…84f0 0x9893…5d0f 0xd1da…cc74 0xc84e…b869[0m [37m#0 0x5a39…c5ae[0m [32m0xbe87…86f8 0x8600…aa3a 0x97f0…4cb2 0xcd26…546f 0x5c41…8428[0m)
INFO:ethcore::blockchain::blockchain: Reorg to [1;33m#7 0xdde0…695c[0m ([31m0x223f…4a7b 0x5c41…8428 0xcd26…546f 0x97f0…4cb2 0x8600…aa3a 0xbe87…86f8[0m [37m#0 0x5a39…c5ae[0m [32m0xc84e…b869 0xd1da…cc74 0x9893…5d0f 0xb4e3…84f0 0x80ab…c7ca 0xdb5a…1a2b[0m)
ok
   - ChainAtoChainBtoChainAtoChainB_Homestead...ok
   - ecmul_0-3_2_28000_96_d0g1v0_EIP158...ok
   - static_callcallcodecallcode_011_OOGE_d0g0v0_EIP158...ok
   - randomStatetest314BC_EIP150...ok
   - ecmul_0-3_2_28000_96_d0g1v0_Frontier...INFO:ethcore::blockchain::blockchain: Reorg to [1;33m#4 0x28d1…8034[0m ([31m0xa340…ccfe 0xe40a…daba 0x2b2e…7590[0m [37m#0 0x5a39…c5ae[0m [32m0x876c…abca 0xb6df…94b1 0x4dfc…73fe[0m)
ok
   - randomStatetest314BC_EIP158...ok
   - static_callcallcodecallcode_011_OOGE_d0g0v0_Frontier...INFO:ethcore::blockchain::blockchain: Reorg to [1;33m#6 0xda23…8e4e[0m ([31m0x1e2c…c6ec 0x28d1…8034 0x4dfc…73fe 0xb6df…94b1 0x876c…abca[0m [37m#0 0x5a39…c5ae[0m [32m0x2b2e…7590 0xe40a…daba 0xa340…ccfe 0xb6f2…fe78 0xd137…09d3[0m)
INFO:ethcore::blockchain::blockchain: Reorg to [1;33m#6 0xaebd…ec74[0m ([31m0xda23…8e4e 0xd137…09d3 0xb6f2…fe78 0xa340…ccfe 0xe40a…daba 0x2b2e…7590[0m [37m#0 0x5a39…c5ae[0m [32m0x876c…abca 0xb6df…94b1 0x4dfc…73fe 0x28d1…8034 0x1e2c…c6ec[0m)
ok
   - ecmul_0-3_2_28000_96_d0g1v0_Homestead...ok
   - CallContractFromNotBestBlock_Byzantium...ok
   - randomStatetest314BC_Frontier...ok
   - static_callcallcodecallcode_011_OOGE_d0g0v0_Homestead...ok
   - ecpairing_one_point_with_g2_zero_and_g1_invalid_d0g0v0_Byzantium...ok
   - CallContractFromNotBestBlock_EIP150...ok
   - randomStatetest314BC_Homestead...ok
   - static_contractCreationOOGdontLeaveEmptyContractViaTransaction_d0g0v0_Byzantium...ok
   - ecpairing_one_point_with_g2_zero_and_g1_invalid_d0g0v0_EIP150...ok
   - CallContractFromNotBestBlock_EIP158...ok
   - randomStatetest319BC_Byzantium...ok
   - static_contractCreationOOGdontLeaveEmptyContractViaTransaction_d0g0v0_EIP150...ok
   - ecpairing_one_point_with_g2_zero_and_g1_invalid_d0g0v0_EIP158...ok
   - randomStatetest319BC_EIP150...ok
   - CallContractFromNotBestBlock_Frontier...ok
   - static_contractCreationOOGdontLeaveEmptyContractViaTransaction_d0g0v0_EIP158...ok
   - ecpairing_one_point_with_g2_zero_and_g1_invalid_d0g0v0_Frontier...ok
   - randomStatetest319BC_EIP158...ok
   - CallContractFromNotBestBlock_Homestead...ok
   - static_contractCreationOOGdontLeaveEmptyContractViaTransaction_d0g0v0_Frontier...ok
   - ecpairing_one_point_with_g2_zero_and_g1_invalid_d0g0v0_Homestead...ok
   - randomStatetest319BC_Frontier...ok
ok
   - static_contractCreationOOGdontLeaveEmptyContractViaTransaction_d0g0v0_Homestead...ok
   - ecmul_0-3_5616_28000_96_d0g0v0_Byzantium...   - ChainAtoChainB_blockorder2_Byzantium...ok
   - randomStatetest319BC_Homestead...ok
   - ecmul_0-3_5616_28000_96_d0g0v0_EIP150...ok
   - static_callcodecallcallcode_101_2_d1g0v0_Byzantium...ok
ok
   - ecmul_0-3_5616_28000_96_d0g0v0_EIP158...   - randomStatetest182BC_Byzantium...INFO:ethcore::blockchain::blockchain: Reorg to [1;33m#3 0xe489…0f54[0m ([31m0xeda4…ff73 0x4ba2…a6ef[0m [37m#0 0x5a39…c5ae[0m [32m0xeee7…326f 0x8725…4227[0m)
ok
   - ChainAtoChainB_blockorder2_EIP150...ok
   - static_callcodecallcallcode_101_2_d1g0v0_EIP150...ok
   - ecmul_0-3_5616_28000_96_d0g0v0_Frontier...ok
   - randomStatetest182BC_EIP150...ok
   - static_callcodecallcallcode_101_2_d1g0v0_EIP158...INFO:ethcore::blockchain::blockchain: Reorg to [1;33m#3 0x5a5e…955b[0m ([31m0x42ee…0617 0x7882…1b21[0m [37m#0 0x5a39…c5ae[0m [32m0x36bd…62b2 0x76fe…5abe[0m)
ok
   - ecmul_0-3_5616_28000_96_d0g0v0_Homestead...ok
   - randomStatetest182BC_EIP158...ok
   - ChainAtoChainB_blockorder2_EIP158...ok
   - static_callcodecallcallcode_101_2_d1g0v0_Frontier...ok
   - ecmul_1-2_5616_21000_96_d0g0v0_Byzantium...ok
   - randomStatetest182BC_Frontier...INFO:ethcore::blockchain::blockchain: Reorg to [1;33m#3 0xbbc7…add6[0m ([31m0x7dfb…9bb7 0x510e…1a6a[0m [37m#0 0x5a39…c5ae[0m [32m0xdec4…0f48 0xf243…ccc6[0m)
ok
   - static_callcodecallcallcode_101_2_d1g0v0_Homestead...ok
   - ChainAtoChainB_blockorder2_Frontier...ok
   - ecmul_1-2_5616_21000_96_d0g0v0_EIP150...ok
   - randomStatetest182BC_Homestead...ok
   - static_CallSha256_2_d0g0v0_Byzantium...ok
   - ecmul_1-2_5616_21000_96_d0g0v0_EIP158...ok
   - static_CallSha256_2_d0g0v0_EIP150...INFO:ethcore::blockchain::blockchain: Reorg to [1;33m#3 0xc018…9f31[0m ([31m0x158d…9858 0x1dfc…8b7f[0m [37m#0 0x5a39…c5ae[0m [32m0xb246…717d 0x31dc…6b4a[0m)
ok
   - ecmul_1-2_5616_21000_96_d0g0v0_Frontier...ok
   - ChainAtoChainB_blockorder2_Homestead...ok
   - randomStatetest631BC_Byzantium...ok
   - static_CallSha256_2_d0g0v0_EIP158...ok
   - ecmul_1-2_5616_21000_96_d0g0v0_Homestead...ok
   - randomStatetest631BC_EIP150...ok
   - static_CallSha256_2_d0g0v0_Frontier...INFO:ethcore::blockchain::blockchain: Reorg to [1;33m#3 0xddb3…a098[0m ([31m0x6e93…ad5a 0x15d5…0f0a[0m [37m#0 0x5a39…c5ae[0m [32m0x32e8…8fc5 0x106e…0827[0m)
ok
ok
   - randomStatetest631BC_EIP158...   - UncleFromSideChain_Byzantium...ok
   - ecmul_0-3_9935_21000_128_d0g3v0_Byzantium...ok
   - static_CallSha256_2_d0g0v0_Homestead...ok
   - randomStatetest631BC_Frontier...ok
   - ecmul_0-3_9935_21000_128_d0g3v0_EIP150...ok
   - static_CallEcrecover2_d0g0v0_Byzantium...ok
   - randomStatetest631BC_Homestead...WARN:ethcore::client::client: Stage 3 block verification failed for #4 (0xa9dd…cd2d)
Error: Error(Block(UncleParentNotInChain(0x29a802c0616f706eb2a3723a9bf3700f99f647899270165bf23c65dcff6e6e29)), State { next_error: None, backtrace: InternalBacktrace { backtrace: None } })
INFO:ethcore::blockchain::blockchain: Reorg to [1;33m#4 0x40a7…b35a[0m ([31m0x4bb3…cac6 0x29a8…6e29 0xaa99…c060[0m [37m#0 0x5a39…c5ae[0m [32m0x0976…331b 0x3879…3e20 0xb2fa…10ad[0m)
ok
   - UncleFromSideChain_EIP150...ok
   - ecmul_0-3_9935_21000_128_d0g3v0_EIP158...ok
   - randomStatetest331BC_Byzantium...ok
   - static_CallEcrecover2_d0g0v0_EIP150...ok
   - ecmul_0-3_9935_21000_128_d0g3v0_Frontier...ok
   - randomStatetest331BC_EIP150...ok
   - static_CallEcrecover2_d0g0v0_EIP158...WARN:ethcore::client::client: Stage 3 block verification failed for #4 (0x639f…d641)
Error: Error(Block(UncleParentNotInChain(0x707ff2253578e6ec26d589af54bb770122d438841e8dfe22761900ea3354e19c)), State { next_error: None, backtrace: InternalBacktrace { backtrace: None } })
INFO:ethcore::blockchain::blockchain: Reorg to [1;33m#4 0x9e08…20bf[0m ([31m0x188b…64c5 0x707f…e19c 0xf873…1466[0m [37m#0 0x5a39…c5ae[0m [32m0xaae5…50df 0xc207…f23a 0x9766…9385[0m)
ok
   - UncleFromSideChain_EIP158...ok
   - ecmul_0-3_9935_21000_128_d0g3v0_Homestead...ok
   - static_CallEcrecover2_d0g0v0_Frontier...ok
   - randomStatetest331BC_EIP158...ok
   - ecmul_7827-6598_2_28000_96_d0g2v0_Byzantium...ok
   - randomStatetest331BC_Frontier...ok
   - static_CallEcrecover2_d0g0v0_Homestead...WARN:ethcore::client::client: Stage 3 block verification failed for #4 (0x2036…8069)
Error: Error(Block(UncleParentNotInChain(0x0419b9d39708fbbdd9e88f0dbba039390ec88d3773b04bbf8db3ca809b543419)), State { next_error: None, backtrace: InternalBacktrace { backtrace: None } })
INFO:ethcore::blockchain::blockchain: Reorg to [1;33m#4 0x1ff1…1f80[0m ([31m0x46d7…8c58 0x0419…3419 0x8405…4869[0m [37m#0 0x5a39…c5ae[0m [32m0xe3e0…d53b 0x532a…7ebb 0xa5a8…d510[0m)
ok
   - UncleFromSideChain_Frontier...ok
   - randomStatetest331BC_Homestead...ok
   - static_CREATE_EmptyContractAndCallIt_0wei_d0g0v0_Byzantium...ok
   - ecmul_7827-6598_2_28000_96_d0g2v0_EIP150...ok
   - static_CREATE_EmptyContractAndCallIt_0wei_d0g0v0_EIP150...ok
   - randomStatetest617BC_Byzantium...WARN:ethcore::client::client: Stage 3 block verification failed for #4 (0xc02b…827f)
Error: Error(Block(UncleParentNotInChain(0xb9ce34fcf50b2cac2bfe04d86b74469f20e8d7e03c2e957ca458fece3e246605)), State { next_error: None, backtrace: InternalBacktrace { backtrace: None } })
ok
   - ecmul_7827-6598_2_28000_96_d0g2v0_EIP158...INFO:ethcore::blockchain::blockchain: Reorg to [1;33m#4 0xffe3…0a99[0m ([31m0xf86a…54e5 0xb9ce…6605 0x6ef3…5d04[0m [37m#0 0x5a39…c5ae[0m [32m0xe36a…5ecb 0xd776…23fa 0x7afd…fdc2[0m)
ok
   - UncleFromSideChain_Homestead...ok
   - static_CREATE_EmptyContractAndCallIt_0wei_d0g0v0_EIP158...ok
   - randomStatetest617BC_EIP150...ok
   - ecmul_7827-6598_2_28000_96_d0g2v0_Frontier...ok
   - static_CREATE_EmptyContractAndCallIt_0wei_d0g0v0_Frontier...ok
   - ecmul_7827-6598_2_28000_96_d0g2v0_Homestead...ok
   - randomStatetest617BC_EIP158...WARN:ethcore::client::client: Stage 3 block verification failed for #4 (0xb8f3…9a1f)
Error: Error(Block(UncleParentNotInChain(0x73332aa700c2eb4d4782497796e4c4577269a2161e268eac6ebef58fae3c7ff7)), State { next_error: None, backtrace: InternalBacktrace { backtrace: None } })
INFO:ethcore::blockchain::blockchain: Reorg to [1;33m#4 0xa35c…9b64[0m ([31m0x70cd…eb35 0x7333…7ff7 0xa438…defe[0m [37m#0 0x5a39…c5ae[0m [32m0x374b…1d94 0x2a21…7b01 0x6d23…1d5c[0m)
ok
ok
   - static_CREATE_EmptyContractAndCallIt_0wei_d0g0v0_Homestead...ok
   - randomStatetest617BC_Frontier...   - ChainAtoChainB_blockorder1_Byzantium...ok
   - ecmul_0-0_5617_21000_96_d0g3v0_Byzantium...ok
ok
   - randomStatetest617BC_Homestead...   - static_CheckOpcodes_d0g0v1_Byzantium...ok
   - ChainAtoChainB_blockorder1_EIP150...ok
   - ecmul_0-0_5617_21000_96_d0g3v0_EIP150...ok
   - static_CheckOpcodes_d0g0v1_EIP150...ok
   - randomStatetest540BC_Byzantium...ok
   - ecmul_0-0_5617_21000_96_d0g3v0_EIP158...ok
   - ChainAtoChainB_blockorder1_EIP158...ok
   - static_CheckOpcodes_d0g0v1_EIP158...ok
   - ecmul_0-0_5617_21000_96_d0g3v0_Frontier...ok
   - randomStatetest540BC_EIP150...ok
   - ecmul_0-0_5617_21000_96_d0g3v0_Homestead...ok
   - static_CheckOpcodes_d0g0v1_Frontier...ok
   - ChainAtoChainB_blockorder1_Frontier...ok
   - randomStatetest540BC_EIP158...ok
   - ecmul_0-3_5616_21000_96_d0g3v0_Byzantium...ok
   - static_CheckOpcodes_d0g0v1_Homestead...ok
   - randomStatetest540BC_Frontier...ok
   - ChainAtoChainB_blockorder1_Homestead...ok
   - ecmul_0-3_5616_21000_96_d0g3v0_EIP150...ok
   - static_Call1024BalanceTooLow_d0g0v0_Byzantium...ok
   - randomStatetest540BC_Homestead...ok
   - randomStatetest434BC_Byzantium...ok
   - ecmul_0-3_5616_21000_96_d0g3v0_EIP158...ok
   - static_Call1024BalanceTooLow_d0g0v0_EIP150...ok
ok
   - randomStatetest434BC_EIP150...test json_tests::chain::block_tests::BlockchainTests_bcMultiChainTest ... ok
   - lotsOfBranchesOverrideAtTheEnd_Byzantium...ok
   - ecmul_0-3_5616_21000_96_d0g3v0_Frontier...ok
   - randomStatetest434BC_EIP158...ok
   - static_Call1024BalanceTooLow_d0g0v0_EIP158...ok
   - ecmul_0-3_5616_21000_96_d0g3v0_Homestead...ok
   - randomStatetest434BC_Frontier...ok
   - static_Call1024BalanceTooLow_d0g0v0_Frontier...ok
   - ecpairing_two_point_fail_1_d0g3v0_Byzantium...ok
   - randomStatetest434BC_Homestead...ok
   - static_Call1024BalanceTooLow_d0g0v0_Homestead...INFO:ethcore::blockchain::blockchain: Reorg to [1;33m#5 0x81ad…99de[0m ([31m0x0e45…844f 0x74a6…bc83[0m [37m#2 0xebb0…93e2[0m [32m0xb36b…5e23 0xee76…75d2[0m)
ok
   - lotsOfBranchesOverrideAtTheEnd_EIP150...ok
   - ecpairing_two_point_fail_1_d0g3v0_EIP150...ok
   - randomStatetest515BC_Byzantium...ok
   - static_log_Caller_d4g0v0_Byzantium...ok
   - ecpairing_two_point_fail_1_d0g3v0_EIP158...ok
   - randomStatetest515BC_EIP150...ok
   - static_log_Caller_d4g0v0_EIP150...INFO:ethcore::blockchain::blockchain: Reorg to [1;33m#5 0xd7ff…ba72[0m ([31m0x8ee3…f6ab 0xb44d…90aa[0m [37m#2 0xb86a…bb4f[0m [32m0x1aa1…1336 0xfb74…a471[0m)
ok
   - randomStatetest515BC_EIP158...ok
   - lotsOfBranchesOverrideAtTheEnd_EIP158...ok
   - ecpairing_two_point_fail_1_d0g3v0_Frontier...ok
   - static_log_Caller_d4g0v0_EIP158...ok
   - randomStatetest515BC_Frontier...ok
   - ecpairing_two_point_fail_1_d0g3v0_Homestead...ok
   - static_log_Caller_d4g0v0_Frontier...ok
   - randomStatetest515BC_Homestead...ok
INFO:ethcore::blockchain::blockchain: Reorg to [1;33m#5 0xc96e…9dcf[0m ([31m0x2b04…b4f1 0x18ce…2eb4[0m [37m#2 0x1bc3…0195[0m [32m0x5697…2fef 0x927a…08e8[0m)
   - ecmul_1-2_0_28000_128_d0g3v0_Byzantium...ok
   - lotsOfBranchesOverrideAtTheEnd_Frontier...ok
   - static_log_Caller_d4g0v0_Homestead...ok
   - randomStatetest141BC_Byzantium...ok
   - ecmul_1-2_0_28000_128_d0g3v0_EIP150...ok
   - static_refund_CallToSuicideTwice_d0g0v0_Byzantium...ok
   - ecmul_1-2_0_28000_128_d0g3v0_EIP158...ok
   - randomStatetest141BC_EIP150...ok
   - static_refund_CallToSuicideTwice_d0g0v0_EIP150...ok
   - ecmul_1-2_0_28000_128_d0g3v0_Frontier...INFO:ethcore::blockchain::blockchain: Reorg to [1;33m#5 0x100d…6e9b[0m ([31m0x3f96…91ab 0x9d7e…6f82[0m [37m#2 0x91d0…8506[0m [32m0x64dd…2c48 0x173b…2f01[0m)
ok
   - lotsOfBranchesOverrideAtTheEnd_Homestead...ok
   - randomStatetest141BC_EIP158...ok
   - ecmul_1-2_0_28000_128_d0g3v0_Homestead...ok
   - static_refund_CallToSuicideTwice_d0g0v0_EIP158...ok
   - randomStatetest141BC_Frontier...ok
   - ecmul_1-3_1_28000_128_d0g1v0_Byzantium...ok
   - static_refund_CallToSuicideTwice_d0g0v0_Frontier...ok
   - ecmul_1-3_1_28000_128_d0g1v0_EIP150...ok
   - randomStatetest141BC_Homestead...ok
   - static_refund_CallToSuicideTwice_d0g0v0_Homestead...INFO:ethcore::blockchain::blockchain: Reorg to [1;33m#5 0xa6ac…5c01[0m ([31m0x2c43…3e1f 0xf173…76a0[0m [37m#2 0x82ac…68d8[0m [32m0x0a21…a1a4 0xf1e9…1887[0m)
ok
   - uncleBlockAtBlock3AfterBlock3_Byzantium...ok
   - ecmul_1-3_1_28000_128_d0g1v0_EIP158...ok
   - static_callcallcodecall_010_OOGMAfter_2_d1g0v0_Byzantium...ok
   - randomStatetest224BC_Byzantium...ok
   - ecmul_1-3_1_28000_128_d0g1v0_Frontier...ok
   - static_callcallcodecall_010_OOGMAfter_2_d1g0v0_EIP150...ok
   - randomStatetest224BC_EIP150...INFO:ethcore::blockchain::blockchain: Reorg to [1;33m#4 0x711f…96bf[0m ([31m0x0ff8…0dae[0m [37m#2 0x6770…03a1[0m [32m0x52e4…2c00[0m)
ok
   - uncleBlockAtBlock3AfterBlock3_EIP150...ok
   - ecmul_1-3_1_28000_128_d0g1v0_Homestead...ok
   - static_callcallcodecall_010_OOGMAfter_2_d1g0v0_EIP158...ok
   - randomStatetest224BC_EIP158...ok
   - ecmul_0-3_0_28000_128_d0g2v0_Byzantium...ok
   - static_callcallcodecall_010_OOGMAfter_2_d1g0v0_Frontier...INFO:ethcore::blockchain::blockchain: Reorg to [1;33m#4 0xc44d…08ef[0m ([31m0xc4db…515f[0m [37m#2 0x19ef…74c8[0m [32m0xe8ed…89ac[0m)
ok
   - randomStatetest224BC_Frontier...ok
   - uncleBlockAtBlock3AfterBlock3_EIP158...ok
   - ecmul_0-3_0_28000_128_d0g2v0_EIP150...ok
ok
   - static_callcallcodecall_010_OOGMAfter_2_d1g0v0_Homestead...   - randomStatetest224BC_Homestead...INFO:ethcore::blockchain::blockchain: Reorg to [1;33m#4 0x1277…0f3d[0m ([31m0xa628…af7a[0m [37m#2 0x03f4…4d14[0m [32m0x4861…50b9[0m)
ok
   - uncleBlockAtBlock3AfterBlock3_Frontier...ok
   - ecmul_0-3_0_28000_128_d0g2v0_EIP158...ok
   - randomStatetest591BC_Byzantium...ok
   - static_callcallcodecallcode_011_OOGE_2_d1g0v0_Byzantium...INFO:ethcore::blockchain::blockchain: Reorg to [1;33m#4 0xd97a…52b0[0m ([31m0xa4e0…829d[0m [37m#2 0xb918…b205[0m [32m0xbaf0…7a72[0m)
ok
   - uncleBlockAtBlock3AfterBlock3_Homestead...ok
   - ecmul_0-3_0_28000_128_d0g2v0_Frontier...ok
   - randomStatetest591BC_EIP150...ok
   - static_callcallcodecallcode_011_OOGE_2_d1g0v0_EIP150...INFO:ethcore::blockchain::blockchain: Reorg to [1;33m#4 0x72f1…1002[0m ([31m0xc41d…a24e[0m [37m#2 0xc149…d688[0m [32m0x13b7…73af[0m)
ok
   - ecmul_0-3_0_28000_128_d0g2v0_Homestead...ok
   - lotsOfLeafs_Byzantium...ok
   - static_callcallcodecallcode_011_OOGE_2_d1g0v0_EIP158...ok
   - randomStatetest591BC_EIP158...ok
   - ecadd_0-0_0-0_21000_0_d0g2v0_Byzantium...INFO:ethcore::blockchain::blockchain: Reorg to [1;33m#3 0x7f0b…f434[0m ([31m0x8aab…5a95[0m [37m#2 0x5958…0b3b[0m [32m[0m)
ok
   - static_callcallcodecallcode_011_OOGE_2_d1g0v0_Frontier...ok
   - randomStatetest591BC_Frontier...ok
   - lotsOfLeafs_EIP150...ok
   - ecadd_0-0_0-0_21000_0_d0g2v0_EIP150...ok
   - static_callcallcodecallcode_011_OOGE_2_d1g0v0_Homestead...ok
   - randomStatetest591BC_Homestead...ok
   - ecadd_0-0_0-0_21000_0_d0g2v0_EIP158...INFO:ethcore::blockchain::blockchain: Reorg to [1;33m#3 0x183b…46ad[0m ([31m0xeea1…7c56[0m [37m#2 0x6b7a…4d2d[0m [32m[0m)
ok
   - static_CallSha256_3_d0g0v0_Byzantium...ok
   - randomStatetest132BC_Byzantium...ok
   - static_CallSha256_3_d0g0v0_EIP150...ok
   - ecadd_0-0_0-0_21000_0_d0g2v0_Frontier...ok
   - lotsOfLeafs_EIP158...ok
   - randomStatetest132BC_EIP150...INFO:ethcore::blockchain::blockchain: Reorg to [1;33m#3 0xbada…b5ce[0m ([31m0x36d3…2786[0m [37m#2 0xd243…437d[0m [32m[0m)
ok
   - static_CallSha256_3_d0g0v0_EIP158...ok
   - ecadd_0-0_0-0_21000_0_d0g2v0_Homestead...ok
   - randomStatetest132BC_EIP158...ok
   - lotsOfLeafs_Frontier...ok
   - static_CallSha256_3_d0g0v0_Frontier...ok
   - ecadd_1-2_0-0_25000_128_d0g2v0_Byzantium...ok
   - randomStatetest132BC_Frontier...ok
   - static_CallSha256_3_d0g0v0_Homestead...INFO:ethcore::blockchain::blockchain: Reorg to [1;33m#3 0x1fa8…a24d[0m ([31m0x4700…7590[0m [37m#2 0x7085…4ad2[0m [32m[0m)
ok
   - ecadd_1-2_0-0_25000_128_d0g2v0_EIP150...ok
ok
   - randomStatetest132BC_Homestead...   - static_CheckOpcodes5_d2g1v0_Byzantium...ok
   - lotsOfLeafs_Homestead...ok
   - ecadd_1-2_0-0_25000_128_d0g2v0_EIP158...ok
   - randomStatetest203BC_Byzantium...ok
   - static_CheckOpcodes5_d2g1v0_EIP150...INFO:ethcore::blockchain::blockchain: Reorg to [1;33m#3 0x916f…d017[0m ([31m0x54d2…6b44[0m [37m#2 0xe4b4…14a9[0m [32m[0m)
ok
   - randomStatetest203BC_EIP150...ok
   - ecadd_1-2_0-0_25000_128_d0g2v0_Frontier...ok
   - lotsOfBranches_Byzantium...ok
   - static_CheckOpcodes5_d2g1v0_EIP158...ok
   - randomStatetest203BC_EIP158...ok
   - static_CheckOpcodes5_d2g1v0_Frontier...ok
   - randomStatetest203BC_Frontier...ok
   - ecadd_1-2_0-0_25000_128_d0g2v0_Homestead...ok
   - ecmul_0-0_0_21000_80_d0g3v0_Byzantium...ok
   - randomStatetest203BC_Homestead...ok
   - static_CheckOpcodes5_d2g1v0_Homestead...ok
   - lotsOfBranches_EIP150...ok
   - ecmul_0-0_0_21000_80_d0g3v0_EIP150...ok
   - randomStatetest255BC_Byzantium...ok
   - static_CallRecursiveBombLog2_d0g0v0_Byzantium...ok
   - ecmul_0-0_0_21000_80_d0g3v0_EIP158...ok
   - ecmul_0-0_0_21000_80_d0g3v0_Frontier...ok
   - static_CallRecursiveBombLog2_d0g0v0_EIP150...ok
   - randomStatetest255BC_EIP150...ok
   - lotsOfBranches_EIP158...ok
   - ecmul_0-0_0_21000_80_d0g3v0_Homestead...ok
   - static_CallRecursiveBombLog2_d0g0v0_EIP158...ok
   - randomStatetest255BC_EIP158...ok
   - pointAdd_d8g3v0_Byzantium...ok
   - static_CallRecursiveBombLog2_d0g0v0_Frontier...ok
   - randomStatetest255BC_Frontier...ok
   - static_CallRecursiveBombLog2_d0g0v0_Homestead...ok
   - pointAdd_d8g3v0_EIP150...ok
   - lotsOfBranches_Frontier...ok
   - randomStatetest255BC_Homestead...ok
   - static_callcallcall_000_SuicideEnd_d0g0v0_Byzantium...ok
   - pointAdd_d8g3v0_EIP158...ok
   - static_callcallcall_000_SuicideEnd_d0g0v0_EIP150...ok
   - randomStatetest70BC_Byzantium...ok
   - pointAdd_d8g3v0_Frontier...ok
   - lotsOfBranches_Homestead...ok
   - static_callcallcall_000_SuicideEnd_d0g0v0_EIP158...ok
   - pointAdd_d8g3v0_Homestead...ok
   - randomStatetest70BC_EIP150...ok
   - static_callcallcall_000_SuicideEnd_d0g0v0_Frontier...ok
   - ecadd_1-2_1-2_25000_128_d0g0v0_Byzantium...ok
   - randomStatetest70BC_EIP158...ok
   - static_callcallcall_000_SuicideEnd_d0g0v0_Homestead...ok
   - ecadd_1-2_1-2_25000_128_d0g0v0_EIP150...ok
   - randomStatetest70BC_Frontier...ok
   - lotsOfBranchesOverrideAtTheMiddle_Byzantium...ok
   - ecadd_1-2_1-2_25000_128_d0g0v0_EIP158...ok
   - static_callToStaticOpCodeCheck_d0g0v0_Byzantium...ok
   - randomStatetest70BC_Homestead...ok
   - ecadd_1-2_1-2_25000_128_d0g0v0_Frontier...INFO:ethcore::blockchain::blockchain: Reorg to [1;33m#5 0x9304…bcc0[0m ([31m0x3e87…56a1 0x3fdc…9ccb[0m [37m#2 0xf1f8…cefc[0m [32m0x78f4…78df 0x93c7…02ba[0m)
ok
   - static_callToStaticOpCodeCheck_d0g0v0_EIP150...ok
   - randomStatetest551BC_Byzantium...ok
   - ecadd_1-2_1-2_25000_128_d0g0v0_Homestead...ok
   - lotsOfBranchesOverrideAtTheMiddle_EIP150...ok
   - static_callToStaticOpCodeCheck_d0g0v0_EIP158...ok
   - pointAdd_d5g1v0_Byzantium...ok
   - randomStatetest551BC_EIP150...ok
   - static_callToStaticOpCodeCheck_d0g0v0_Frontier...ok
   - randomStatetest551BC_EIP158...INFO:ethcore::blockchain::blockchain: Reorg to [1;33m#5 0x4c3d…dda8[0m ([31m0x5b4c…9b02 0x09f0…3dd1[0m [37m#2 0x98df…d0dc[0m [32m0x287a…c3e5 0xbb6a…7e2c[0m)
ok
   - pointAdd_d5g1v0_EIP150...ok
   - randomStatetest551BC_Frontier...ok
   - static_callToStaticOpCodeCheck_d0g0v0_Homestead...ok
   - lotsOfBranchesOverrideAtTheMiddle_EIP158...ok
   - pointAdd_d5g1v0_EIP158...ok
   - randomStatetest551BC_Homestead...ok
   - static_CheckCallCostOOG_d0g1v0_Byzantium...ok
   - pointAdd_d5g1v0_Frontier...INFO:ethcore::blockchain::blockchain: Reorg to [1;33m#5 0xc994…2aec[0m ([31m0xfb7e…8d15 0xdfae…8f12[0m [37m#2 0x0141…7680[0m [32m0x6bdd…89de 0x3743…c706[0m)
ok
   - static_CheckCallCostOOG_d0g1v0_EIP150...ok
   - randomStatetest613BC_Byzantium...ok
   - lotsOfBranchesOverrideAtTheMiddle_Frontier...ok
   - pointAdd_d5g1v0_Homestead...ok
   - static_CheckCallCostOOG_d0g1v0_EIP158...ok
   - randomStatetest613BC_EIP150...ok
   - static_CheckCallCostOOG_d0g1v0_Frontier...ok
   - ecmul_0-0_0_21000_96_d0g0v0_Byzantium...ok
   - randomStatetest613BC_EIP158...INFO:ethcore::blockchain::blockchain: Reorg to [1;33m#5 0xe2d4…f95e[0m ([31m0xc80d…e63c 0x2f3c…5114[0m [37m#2 0xdd8c…d07e[0m [32m0x10fd…7dc4 0x175e…fbed[0m)
ok
   - randomStatetest613BC_Frontier...ok
   - static_CheckCallCostOOG_d0g1v0_Homestead...ok
   - ecmul_0-0_0_21000_96_d0g0v0_EIP150...ok
   - lotsOfBranchesOverrideAtTheMiddle_Homestead...ok
   - ecmul_0-0_0_21000_96_d0g0v0_EIP158...ok
   - static_callcallcodecallcode_011_OOGMBefore2_d0g0v0_Byzantium...ok
   - randomStatetest613BC_Homestead...INFO:ethcore::blockchain::blockchain: Reorg to [1;33m#5 0xfc2b…7a08[0m ([31m0xd8ef…96db 0xfdb8…05b6[0m [37m#2 0x34cc…73f3[0m [32m0x5b6e…8f17 0xe476…a7a4[0m)
ok
   - ecmul_0-0_0_21000_96_d0g0v0_Frontier...ok
   - randomStatetest234BC_Byzantium...ok
   - static_callcallcodecallcode_011_OOGMBefore2_d0g0v0_EIP150...ok
   - sideChainWithMoreTransactions_Byzantium...ok
   - ecmul_0-0_0_21000_96_d0g0v0_Homestead...ok
   - randomStatetest234BC_EIP150...ok
   - static_callcallcodecallcode_011_OOGMBefore2_d0g0v0_EIP158...ok
   - pointMulAdd2_d9g1v0_Byzantium...ok
   - randomStatetest234BC_EIP158...ok
   - static_callcallcodecallcode_011_OOGMBefore2_d0g0v0_Frontier...ok
   - sideChainWithMoreTransactions_EIP150...ok
   - static_callcallcodecallcode_011_OOGMBefore2_d0g0v0_Homestead...ok
   - randomStatetest234BC_Frontier...ok
   - pointMulAdd2_d9g1v0_EIP150...ok
   - randomStatetest234BC_Homestead...ok
   - static_CallIdentity_2_d0g0v0_Byzantium...ok
   - sideChainWithMoreTransactions_EIP158...ok
   - pointMulAdd2_d9g1v0_EIP158...ok
   - randomStatetest317BC_Byzantium...ok
   - pointMulAdd2_d9g1v0_Frontier...ok
   - static_CallIdentity_2_d0g0v0_EIP150...ok
   - sideChainWithMoreTransactions_Frontier...ok
   - randomStatetest317BC_EIP150...ok
   - static_CallIdentity_2_d0g0v0_EIP158...ok
   - pointMulAdd2_d9g1v0_Homestead...ok
   - randomStatetest317BC_EIP158...ok
   - static_CallIdentity_2_d0g0v0_Frontier...ok
ok
   - sideChainWithMoreTransactions_Homestead...   - ecmul_0-3_5617_28000_96_d0g2v0_Byzantium...ok
   - ecmul_0-3_5617_28000_96_d0g2v0_EIP150...ok
   - randomStatetest317BC_Frontier...ok
   - static_CallIdentity_2_d0g0v0_Homestead...ok
   - ecmul_0-3_5617_28000_96_d0g2v0_EIP158...ok
ok
   - randomStatetest317BC_Homestead...ok
   - static_callcall_00_OOGE_2_d0g0v0_Byzantium...   - newChainFrom5Block_Byzantium...ok
   - ecmul_0-3_5617_28000_96_d0g2v0_Frontier...ok
   - ecmul_0-3_5617_28000_96_d0g2v0_Homestead...ok
   - static_callcall_00_OOGE_2_d0g0v0_EIP150...ok
   - randomStatetest76BC_Byzantium...ok
   - ecmul_0-0_5616_28000_96_d0g2v0_Byzantium...ok
   - static_callcall_00_OOGE_2_d0g0v0_EIP158...ok
   - randomStatetest76BC_EIP150...ok
   - ecmul_0-0_5616_28000_96_d0g2v0_EIP150...INFO:ethcore::blockchain::blockchain: Reorg to [1;33m#11 0x2f1f…d403[0m ([31m0xf0fa…0703 0x552a…1b15 0x4ec5…7b8e 0x159c…0d73 0xb310…2f06 0x3f7d…c56f[0m [37m#4 0xa701…e2ad[0m [32m0x5ed5…2c3f 0x60ad…cfd6 0xab8f…29b5 0x67d7…20d8 0xfff3…34cf 0x5f32…8298[0m)
ok
   - newChainFrom5Block_EIP150...ok
   - static_callcall_00_OOGE_2_d0g0v0_Frontier...ok
   - ecmul_0-0_5616_28000_96_d0g2v0_EIP158...ok
   - randomStatetest76BC_EIP158...ok
   - static_callcall_00_OOGE_2_d0g0v0_Homestead...ok
   - ecmul_0-0_5616_28000_96_d0g2v0_Frontier...ok
   - randomStatetest76BC_Frontier...ok
ok
   - randomStatetest76BC_Homestead...   - static_CheckOpcodes3_d2g1v1_Byzantium...ok
   - ecmul_0-0_5616_28000_96_d0g2v0_Homestead...INFO:ethcore::blockchain::blockchain: Reorg to [1;33m#11 0x8ae4…1030[0m ([31m0xad77…03d3 0xda7f…f6ad 0x13a4…58b3 0x351b…f372 0x6bfb…f4a6 0xe746…ee59[0m [37m#4 0x8fff…df4d[0m [32m0xf386…f625 0x422c…5e6f 0xc00e…7196 0x9e66…f581 0xb6bb…9d9f 0x08c6…b673[0m)
ok
   - newChainFrom5Block_EIP158...ok
   - static_CheckOpcodes3_d2g1v1_EIP150...ok
   - ecmul_1-3_9935_28000_128_d0g1v0_Byzantium...ok
   - randomStatetest213BC_Byzantium...ok
   - static_CheckOpcodes3_d2g1v1_EIP158...ok
   - ecmul_1-3_9935_28000_128_d0g1v0_EIP150...ok
   - randomStatetest213BC_EIP150...ok
   - static_CheckOpcodes3_d2g1v1_Frontier...ok
   - randomStatetest213BC_EIP158...ok
   - ecmul_1-3_9935_28000_128_d0g1v0_EIP158...INFO:ethcore::blockchain::blockchain: Reorg to [1;33m#11 0x0ad6…d965[0m ([31m0x3985…ddc8 0x53da…daa9 0x3edd…2dbc 0x1915…8cf6 0xa493…737e 0x1275…d2c1[0m [37m#4 0xebfa…ae4c[0m [32m0xc64b…9552 0xb4fe…d2f9 0xcc7a…7f11 0x2374…f27f 0x3c57…4f6a 0xd7d2…04e5[0m)
ok
   - newChainFrom5Block_Frontier...ok
   - ecmul_1-3_9935_28000_128_d0g1v0_Frontier...ok
   - static_CheckOpcodes3_d2g1v1_Homestead...ok
   - ecmul_1-3_9935_28000_128_d0g1v0_Homestead...ok
   - randomStatetest213BC_Frontier...ok
   - pointAdd_d4g0v0_Byzantium...ok
   - static_callOutput2_d0g0v0_Byzantium...ok
   - pointAdd_d4g0v0_EIP150...ok
   - randomStatetest213BC_Homestead...ok
   - static_callOutput2_d0g0v0_EIP150...INFO:ethcore::blockchain::blockchain: Reorg to [1;33m#11 0x1230…e1e8[0m ([31m0x02ed…8c3c 0xdc18…358f 0xdbef…dfa0 0x3fb5…bfcf 0xcd97…5084 0x0d2f…f143[0m [37m#4 0x92a8…b9c9[0m [32m0x7513…da92 0x7020…93ef 0x4947…1138 0xe12f…c729 0x7757…88e5 0x7f48…0cc0[0m)
ok
   - pointAdd_d4g0v0_EIP158...ok
   - newChainFrom5Block_Homestead...ok
   - randomStatetest240BC_Byzantium...ok
   - static_callOutput2_d0g0v0_EIP158...ok
   - pointAdd_d4g0v0_Frontier...ok
   - randomStatetest240BC_EIP150...ok
   - static_callOutput2_d0g0v0_Frontier...ok
   - randomStatetest240BC_EIP158...ok
   - pointAdd_d4g0v0_Homestead...INFO:ethcore::blockchain::blockchain: Reorg to [1;33m#11 0xd000…c4c1[0m ([31m0xdc66…8767 0x4ca0…6c3f 0x1f27…cd2e 0x3ee1…6cc5 0x104b…4d32 0x4184…f9cb[0m [37m#4 0xe9af…0a06[0m [32m0x8439…a861 0xc1a0…20b8 0x4cc3…b3ec 0x696a…2471 0x693c…f2c0 0x34f3…1d60[0m)
ok
   - static_callOutput2_d0g0v0_Homestead...ok
   - sideChainWithNewMaxDifficultyStartingFromBlock3AfterBlock4_Byzantium...ok
   - ecmul_0-0_0_28000_128_d0g1v0_Byzantium...ok
   - randomStatetest240BC_Frontier...ok
   - static_CallEcrecoverCheckLengthWrongV_d0g0v0_Byzantium...ok
   - ecmul_0-0_0_28000_128_d0g1v0_EIP150...ok
   - randomStatetest240BC_Homestead...ok
   - static_CallEcrecoverCheckLengthWrongV_d0g0v0_EIP150...INFO:ethcore::blockchain::blockchain: Reorg to [1;33m#5 0xdfe9…a37e[0m ([31m0xe4fe…1007 0x30de…8fc9[0m [37m#2 0x28a0…cd9f[0m [32m0xac89…e834 0x57c0…a6be[0m)
ok
   - sideChainWithNewMaxDifficultyStartingFromBlock3AfterBlock4_EIP150...ok
   - randomStatetest289BC_Byzantium...ok
   - ecmul_0-0_0_28000_128_d0g1v0_EIP158...ok
   - static_CallEcrecoverCheckLengthWrongV_d0g0v0_EIP158...ok
   - static_CallEcrecoverCheckLengthWrongV_d0g0v0_Frontier...ok
   - randomStatetest289BC_EIP150...ok
   - ecmul_0-0_0_28000_128_d0g1v0_Frontier...INFO:ethcore::blockchain::blockchain: Reorg to [1;33m#5 0x42e1…fc11[0m ([31m0x17ce…0b28 0x4100…0d54[0m [37m#2 0x3614…cd88[0m [32m0x4070…0d8f 0x1e22…3385[0m)
ok
   - sideChainWithNewMaxDifficultyStartingFromBlock3AfterBlock4_EIP158...ok
   - static_CallEcrecoverCheckLengthWrongV_d0g0v0_Homestead...ok
   - ecmul_0-0_0_28000_128_d0g1v0_Homestead...ok
   - randomStatetest289BC_EIP158...ok
   - static_callcallcallcode_001_OOGE_2_d1g0v0_Byzantium...ok
   - ecmul_1-2_5616_28000_128_d0g1v0_Byzantium...ok
   - randomStatetest289BC_Frontier...INFO:ethcore::blockchain::blockchain: Reorg to [1;33m#5 0x43ec…ae59[0m ([31m0x8573…f568 0x926c…8612[0m [37m#2 0x4f8b…b32d[0m [32m0xb81a…f0be 0x5b89…dbce[0m)
ok
   - sideChainWithNewMaxDifficultyStartingFromBlock3AfterBlock4_Frontier...ok
   - static_callcallcallcode_001_OOGE_2_d1g0v0_EIP150...ok
   - ecmul_1-2_5616_28000_128_d0g1v0_EIP150...ok
   - randomStatetest289BC_Homestead...ok
   - static_callcallcallcode_001_OOGE_2_d1g0v0_EIP158...ok
   - ecmul_1-2_5616_28000_128_d0g1v0_EIP158...INFO:ethcore::blockchain::blockchain: Reorg to [1;33m#5 0xa4cc…15e4[0m ([31m0xc522…ac08 0x37ee…2405[0m [37m#2 0x8600…7c4b[0m [32m0x7eb4…7f6b 0xcd7b…c856[0m)
ok
   - static_callcallcallcode_001_OOGE_2_d1g0v0_Frontier...ok
   - sideChainWithNewMaxDifficultyStartingFromBlock3AfterBlock4_Homestead...ok
   - ecmul_1-2_5616_28000_128_d0g1v0_Frontier...ok
   - randomStatetest570BC_Byzantium...ok
   - static_callcallcallcode_001_OOGE_2_d1g0v0_Homestead...ok
   - randomStatetest570BC_EIP150...ok
   - ecmul_1-2_5616_28000_128_d0g1v0_Homestead...INFO:ethcore::blockchain::blockchain: Reorg to [1;33m#5 0x3928…b7b3[0m ([31m0x2a8d…54b5 0xe33e…1338[0m [37m#2 0xb0ab…5faf[0m [32m0x8150…0796 0x2b2a…21f4[0m)
ok
ok
   - randomStatetest570BC_EIP158...   - newChainFrom4Block_Byzantium...ok
ok
   - static_ABAcallsSuicide0_d1g0v0_Byzantium...   - ecpairing_one_point_fail_d0g3v0_Byzantium...ok
   - randomStatetest570BC_Frontier...ok
   - static_ABAcallsSuicide0_d1g0v0_EIP150...ok
   - randomStatetest570BC_Homestead...ok
   - ecpairing_one_point_fail_d0g3v0_EIP150...ok
   - static_ABAcallsSuicide0_d1g0v0_EIP158...INFO:ethcore::blockchain::blockchain: Reorg to [1;33m#11 0xadec…582c[0m ([31m0x9a5c…b1c9 0xf049…cc78 0xef75…b304 0x9401…ae67 0xe97f…496a 0xf9ba…8286 0xff67…3116[0m [37m#3 0x58cc…aa1c[0m [32m0xc0a6…92a8 0x7eba…3b16 0x5e59…be51 0xf158…1f66 0x0989…9207 0x7b4b…4e88 0x6ed5…712e[0m)
ok
   - newChainFrom4Block_EIP150...ok
   - randomStatetest606BC_Byzantium...ok
   - ecpairing_one_point_fail_d0g3v0_EIP158...ok
   - static_ABAcallsSuicide0_d1g0v0_Frontier...ok
   - randomStatetest606BC_EIP150...ok
   - ecpairing_one_point_fail_d0g3v0_Frontier...ok
   - static_ABAcallsSuicide0_d1g0v0_Homestead...ok
   - randomStatetest606BC_EIP158...ok
   - ecpairing_one_point_fail_d0g3v0_Homestead...INFO:ethcore::blockchain::blockchain: Reorg to [1;33m#11 0xf8c6…3c7f[0m ([31m0x90ca…4a2d 0x8a6e…8d2a 0x28de…6f27 0xab07…ad56 0xb69f…b702 0xcab6…1db7 0xffad…e1a5[0m [37m#3 0x8524…41a6[0m [32m0x313c…285b 0x0d36…254f 0x0f00…5ad9 0x6c38…0ec6 0xb710…5846 0x860f…7597 0xcec8…164c[0m)
ok
   - newChainFrom4Block_EIP158...ok
   - static_log0_logMemsizeTooHigh_d0g0v0_Byzantium...ok
   - pointMulAdd2_d15g3v0_Byzantium...ok
   - randomStatetest606BC_Frontier...ok
   - static_log0_logMemsizeTooHigh_d0g0v0_EIP150...ok
   - pointMulAdd2_d15g3v0_EIP150...ok
   - randomStatetest606BC_Homestead...ok
   - static_log0_logMemsizeTooHigh_d0g0v0_EIP158...ok
   - pointMulAdd2_d15g3v0_EIP158...ok
   - randomStatetest492BC_Byzantium...INFO:ethcore::blockchain::blockchain: Reorg to [1;33m#11 0x0a3a…65e0[0m ([31m0x8277…bd6c 0xab59…9ebe 0x5eae…5296 0x92ba…fbcc 0x3c51…de44 0xfcc7…2792 0xdc52…5f11[0m [37m#3 0x281c…e473[0m [32m0x278b…b98c 0xecbf…2021 0x76fc…3db8 0x7775…2bc8 0x6cf9…8780 0x140e…7afd 0x68ae…2e64[0m)
ok
   - newChainFrom4Block_Frontier...ok
   - static_log0_logMemsizeTooHigh_d0g0v0_Frontier...ok
   - randomStatetest492BC_EIP150...ok
   - pointMulAdd2_d15g3v0_Frontier...ok
   - static_log0_logMemsizeTooHigh_d0g0v0_Homestead...ok
   - randomStatetest492BC_EIP158...ok
   - pointMulAdd2_d15g3v0_Homestead...ok
   - static_callcallcodecall_010_OOGMBefore_d1g0v0_Byzantium...ok
   - randomStatetest492BC_Frontier...ok
INFO:ethcore::blockchain::blockchain: Reorg to [1;33m#11 0xa266…ab7d[0m ([31m0x11b6…bfe8 0x09b1…fe03 0xca2b…6d17 0x25d6…b472 0xf5e6…930d 0xad45…b637 0x2512…9386[0m [37m#3 0xde13…2dab[0m [32m0x179a…fe46 0x2650…9e79 0x91df…15d3 0x8564…1cd3 0x9e7b…ebdd 0x6f75…8043 0x917b…0d83[0m)
   - ecmul_1-3_0_21000_128_d0g3v0_Byzantium...ok
   - newChainFrom4Block_Homestead...ok
   - static_callcallcodecall_010_OOGMBefore_d1g0v0_EIP150...ok
   - randomStatetest492BC_Homestead...ok
   - ecmul_1-3_0_21000_128_d0g3v0_EIP150...ok
   - static_callcallcodecall_010_OOGMBefore_d1g0v0_EIP158...ok
   - randomStatetest479BC_Byzantium...ok
   - ecmul_1-3_0_21000_128_d0g3v0_EIP158...ok
   - randomStatetest479BC_EIP150...ok
   - static_callcallcodecall_010_OOGMBefore_d1g0v0_Frontier...ok
   - ecmul_1-3_0_21000_128_d0g3v0_Frontier...INFO:ethcore::blockchain::blockchain: Reorg to [1;33m#11 0x8a4d…bbe3[0m ([31m0x2318…1694 0x7482…9584 0xc5d9…cf4e 0xbe4d…2de7 0xb577…e242 0xa523…d14e 0xcf45…7fc5[0m [37m#3 0x49dd…eaa2[0m [32m0x1da6…3728 0xea0a…9d5c 0xa33f…1670 0x4800…3375 0xa7fd…a2de 0x5d2a…9111 0x0809…afc5[0m)
ok
ok
   - randomStatetest479BC_EIP158...ok
   - static_callcallcodecall_010_OOGMBefore_d1g0v0_Homestead...   - uncleBlockAtBlock3afterBlock4_Byzantium...ok
   - randomStatetest479BC_Frontier...ok
   - ecmul_1-3_0_21000_128_d0g3v0_Homestead...ok
   - static_Call1024OOG_d0g0v0_Byzantium...ok
   - uncleBlockAtBlock3afterBlock4_EIP150...ok
   - randomStatetest479BC_Homestead...ok
ok
   - static_Call1024OOG_d0g0v0_EIP150...   - ecmul_0-3_0_28000_96_d0g1v0_Byzantium...ok
   - ecmul_0-3_0_28000_96_d0g1v0_EIP150...ok
   - randomStatetest140BC_Byzantium...ok
ok
   - ecmul_0-3_0_28000_96_d0g1v0_EIP158...   - static_Call1024OOG_d0g0v0_EIP158...ok
   - uncleBlockAtBlock3afterBlock4_EIP158...ok
   - randomStatetest140BC_EIP150...ok
   - static_Call1024OOG_d0g0v0_Frontier...ok
   - ecmul_0-3_0_28000_96_d0g1v0_Frontier...ok
   - randomStatetest140BC_EIP158...ok
   - uncleBlockAtBlock3afterBlock4_Frontier...ok
   - static_Call1024OOG_d0g0v0_Homestead...ok
   - ecmul_0-3_0_28000_96_d0g1v0_Homestead...ok
   - randomStatetest140BC_Frontier...ok
ok
   - static_callcallcodecallcode_011_OOGMAfter_1_d1g0v0_Byzantium...   - ecmul_7827-6598_0_28000_64_d0g3v0_Byzantium...ok
   - uncleBlockAtBlock3afterBlock4_Homestead...ok
   - randomStatetest140BC_Homestead...ok
   - ecmul_7827-6598_0_28000_64_d0g3v0_EIP150...ok
   - static_callcallcodecallcode_011_OOGMAfter_1_d1g0v0_EIP150...ok
ok
   - newChainFrom6Block_Byzantium...   - randomStatetest432BC_Byzantium...ok
   - ecmul_7827-6598_0_28000_64_d0g3v0_EIP158...ok
   - static_callcallcodecallcode_011_OOGMAfter_1_d1g0v0_EIP158...ok
   - randomStatetest432BC_EIP150...ok
   - ecmul_7827-6598_0_28000_64_d0g3v0_Frontier...ok
   - static_callcallcodecallcode_011_OOGMAfter_1_d1g0v0_Frontier...ok
   - randomStatetest432BC_EIP158...INFO:ethcore::blockchain::blockchain: Reorg to [1;33m#11 0x5db4…4467[0m ([31m0xd11c…3e23 0x58c4…5dc2 0xf574…c355 0xec88…f420 0x00e8…1a5a[0m [37m#5 0xc472…d01b[0m [32m0xfd96…4f41 0xd41c…d12d 0x8807…14fe 0xee82…9e07 0xfae8…4475[0m)
ok
   - ecmul_7827-6598_0_28000_64_d0g3v0_Homestead...ok
   - newChainFrom6Block_EIP150...ok
   - static_callcallcodecallcode_011_OOGMAfter_1_d1g0v0_Homestead...ok
   - randomStatetest432BC_Frontier...ok
   - static_callcodecallcallcode_101_OOGMAfter2_d0g0v0_Byzantium...ok
   - ecmul_0-0_5617_28000_128_d0g3v0_Byzantium...ok
   - randomStatetest432BC_Homestead...ok
   - static_callcodecallcallcode_101_OOGMAfter2_d0g0v0_EIP150...ok
   - ecmul_0-0_5617_28000_128_d0g3v0_EIP150...ok
   - randomStatetest168BC_Byzantium...INFO:ethcore::blockchain::blockchain: Reorg to [1;33m#11 0x52b5…b438[0m ([31m0xbdd9…be0d 0x31fd…2d57 0x9c86…95a6 0x321d…705b 0xad67…1d5e[0m [37m#5 0xd842…aa1d[0m [32m0x354a…f6b5 0x7212…d9ba 0x7610…ec08 0xaf28…d0ab 0xe619…db07[0m)
ok
   - newChainFrom6Block_EIP158...ok
   - ecmul_0-0_5617_28000_128_d0g3v0_EIP158...ok
   - static_callcodecallcallcode_101_OOGMAfter2_d0g0v0_EIP158...ok
   - randomStatetest168BC_EIP150...ok
   - ecmul_0-0_5617_28000_128_d0g3v0_Frontier...ok
   - static_callcodecallcallcode_101_OOGMAfter2_d0g0v0_Frontier...ok
   - randomStatetest168BC_EIP158...ok
   - static_callcodecallcallcode_101_OOGMAfter2_d0g0v0_Homestead...ok
   - ecmul_0-0_5617_28000_128_d0g3v0_Homestead...INFO:ethcore::blockchain::blockchain: Reorg to [1;33m#11 0x612c…34c7[0m ([31m0x1966…0a6a 0x109e…c60a 0x911c…58fe 0xe999…b86e 0x5779…a3ea[0m [37m#5 0x89a8…c327[0m [32m0x28c5…2d4d 0x910d…15ba 0xa774…84d9 0xbc8f…33ea 0x27a2…fd3a[0m)
ok
   - newChainFrom6Block_Frontier...ok
   - randomStatetest168BC_Frontier...ok
ok
   - ecmul_0-0_2_21000_96_d0g3v0_Byzantium...ok
   - randomStatetest168BC_Homestead...   - static_callcallcall_000_d0g0v0_Byzantium...ok
   - ecmul_0-0_2_21000_96_d0g3v0_EIP150...ok
   - static_callcallcall_000_d0g0v0_EIP150...ok
   - randomStatetest113BC_Byzantium...INFO:ethcore::blockchain::blockchain: Reorg to [1;33m#11 0xc780…d6a9[0m ([31m0x25e7…4fba 0x228f…4bb4 0x464b…d1de 0xadfd…9384 0x050f…87de[0m [37m#5 0x6a22…5bc2[0m [32m0xc30b…9799 0x7180…f09d 0x0f66…712a 0xfbea…0165 0x41f7…c58d[0m)
ok
   - newChainFrom6Block_Homestead...ok
   - ecmul_0-0_2_21000_96_d0g3v0_EIP158...ok
   - randomStatetest113BC_EIP150...ok
   - static_callcallcall_000_d0g0v0_EIP158...ok
   - ecmul_0-0_2_21000_96_d0g3v0_Frontier...ok
   - randomStatetest113BC_EIP158...ok
   - static_callcallcall_000_d0g0v0_Frontier...ok
   - static_callcallcall_000_d0g0v0_Homestead...ok
   - randomStatetest113BC_Frontier...ok
   - ecmul_0-0_2_21000_96_d0g3v0_Homestead...INFO:ethcore::blockchain::blockchain: Reorg to [1;33m#11 0x007d…2e51[0m ([31m0x86ad…8b82 0x8c96…45bb 0x1610…f654 0xc435…7e9f 0xc182…5a50[0m [37m#5 0x865e…6432[0m [32m0x267e…be2f 0x9d37…e7a1 0x7a32…d20e 0x8256…4908 0xcd37…625d[0m)
ok
test json_tests::chain::block_tests::BlockchainTests_bcTotalDifficultyTest ... ok
ok
   - diffTooLow2_Byzantium...   - static_callcodecallcodecall_110_OOGMBefore_d0g0v0_Byzantium...ok
   - randomStatetest113BC_Homestead...ok
   - pointMulAdd_d3g1v0_Byzantium...ok
   - static_callcodecallcodecall_110_OOGMBefore_d0g0v0_EIP150...ok
   - pointMulAdd_d3g1v0_EIP150...ok
   - randomStatetest93BC_Byzantium...WARN:ethcore::client::client: Stage 3 block verification failed for #3 (0xad85…3c55)
Error: Error(Block(InvalidDifficulty(Mismatch { expected: 0x35bbb, found: 0x385bf })), State { next_error: None, backtrace: InternalBacktrace { backtrace: None } })
ok
   - diffTooLow2_EIP150...ok
   - static_callcodecallcodecall_110_OOGMBefore_d0g0v0_EIP158...ok
   - pointMulAdd_d3g1v0_EIP158...ok
   - randomStatetest93BC_EIP150...ok
   - static_callcodecallcodecall_110_OOGMBefore_d0g0v0_Frontier...WARN:ethcore::client::client: Stage 3 block verification failed for #3 (0x20e0…2706)
Error: Error(Block(InvalidDifficulty(Mismatch { expected: 0x35b50, found: 0x385bf })), State { next_error: None, backtrace: InternalBacktrace { backtrace: None } })
ok
   - diffTooLow2_EIP158...ok
   - pointMulAdd_d3g1v0_Frontier...ok
   - pointMulAdd_d3g1v0_Homestead...ok
   - randomStatetest93BC_EIP158...ok
   - static_callcodecallcodecall_110_OOGMBefore_d0g0v0_Homestead...WARN:ethcore::client::client: Stage 3 block verification failed for #3 (0x213f…76a0)
Error: Error(Block(InvalidDifficulty(Mismatch { expected: 0x35bbb, found: 0x385bf })), State { next_error: None, backtrace: InternalBacktrace { backtrace: None } })
ok
   - diffTooLow2_Frontier...ok
ok
   - randomStatetest93BC_Frontier...   - pointMulAdd_d0g1v0_Byzantium...ok
   - static_CheckOpcodes5_d2g0v0_Byzantium...WARN:ethcore::client::client: Stage 3 block verification failed for #3 (0xd847…d675)
Error: Error(Block(InvalidDifficulty(Mismatch { expected: 0x386a0, found: 0x385bf })), State { next_error: None, backtrace: InternalBacktrace { backtrace: None } })
ok
   - diffTooLow2_Homestead...ok
   - pointMulAdd_d0g1v0_EIP150...ok
   - randomStatetest93BC_Homestead...ok
   - static_CheckOpcodes5_d2g0v0_EIP150...ok
   - pointMulAdd_d0g1v0_EIP158...ok
WARN:ethcore::client::client: Stage 3 block verification failed for #3 (0x1047…4d68)
Error: Error(Block(InvalidDifficulty(Mismatch { expected: 0x35bbb, found: 0x385bf })), State { next_error: None, backtrace: InternalBacktrace { backtrace: None } })
   - randomStatetest8BC_Byzantium...ok
   - wrongMixHash_Byzantium...ok
   - static_CheckOpcodes5_d2g0v0_EIP158...ok
   - randomStatetest8BC_EIP150...ok
   - pointMulAdd_d0g1v0_Frontier...WARN:ethcore::verification::queue::kind::blocks: Stage 1 block verification failed for 0xffc1…b132: Error(Block(InvalidProofOfWork(OutOfBounds { min: Some(0x35bbb), max: None, found: 0x2 })), State { next_error: None, backtrace: InternalBacktrace { backtrace: None } })
ok
   - wrongMixHash_EIP150...ok
   - randomStatetest8BC_EIP158...ok
   - static_CheckOpcodes5_d2g0v0_Frontier...ok
   - pointMulAdd_d0g1v0_Homestead...WARN:ethcore::verification::queue::kind::blocks: Stage 1 block verification failed for 0x517b…1e19: Error(Block(InvalidProofOfWork(OutOfBounds { min: Some(0x35b50), max: None, found: 0x0 })), State { next_error: None, backtrace: InternalBacktrace { backtrace: None } })
ok
   - wrongMixHash_EIP158...ok
   - static_CheckOpcodes5_d2g0v0_Homestead...ok
   - randomStatetest8BC_Frontier...ok
   - ecmul_7827-6598_0_28000_80_d0g3v0_Byzantium...WARN:ethcore::verification::queue::kind::blocks: Stage 1 block verification failed for 0xe757…f3ff: Error(Block(InvalidProofOfWork(OutOfBounds { min: Some(0x35b50), max: None, found: 0x0 })), State { next_error: None, backtrace: InternalBacktrace { backtrace: None } })
ok
   - wrongMixHash_Frontier...ok
   - ecmul_7827-6598_0_28000_80_d0g3v0_EIP150...ok
ok
   - randomStatetest8BC_Homestead...ok
   - static_Call1024PreCalls2_d0g0v0_Byzantium...   - ecmul_7827-6598_0_28000_80_d0g3v0_EIP158...ok
   - ecmul_7827-6598_0_28000_80_d0g3v0_Frontier...WARN:ethcore::verification::queue::kind::blocks: Stage 1 block verification failed for 0xfe38…f059: Error(Block(InvalidProofOfWork(OutOfBounds { min: Some(0x386a0), max: None, found: 0x0 })), State { next_error: None, backtrace: InternalBacktrace { backtrace: None } })
ok
   - wrongMixHash_Homestead...ok
ok
   - ecmul_7827-6598_0_28000_80_d0g3v0_Homestead...   - randomStatetest400BC_Byzantium...WARN:ethcore::verification::queue::kind::blocks: Stage 1 block verification failed for 0xdd78…0006: Error(Block(InvalidProofOfWork(OutOfBounds { min: Some(0x35bbb), max: None, found: 0x0 })), State { next_error: None, backtrace: InternalBacktrace { backtrace: None } })
ok
   - static_Call1024PreCalls2_d0g0v0_EIP150...ok
   - incorrectUncleNumber0_Byzantium...ok
ok
   - randomStatetest400BC_EIP150...   - ecpairing_perturb_g2_by_field_modulus_d0g2v0_Byzantium...ok
   - static_Call1024PreCalls2_d0g0v0_EIP158...ok
   - ecpairing_perturb_g2_by_field_modulus_d0g2v0_EIP150...ok
   - randomStatetest400BC_EIP158...WARN:ethcore::client::client: Stage 3 block verification failed for #3 (0xcc61…4ef6)
Error: Error(Block(UncleParentNotInChain(0xcf820037a5e9aea4109328945da3db6e769581ee6f6b2337ddbfb24801477fda)), State { next_error: None, backtrace: InternalBacktrace { backtrace: None } })
ok
   - incorrectUncleNumber0_EIP150...ok
   - static_Call1024PreCalls2_d0g0v0_Frontier...WARN:ethcore::client::client: Stage 3 block verification failed for #3 (0x4a90…8c48)
Error: Error(Block(UncleParentNotInChain(0x1ccba23e324539ff524870af1d2a5cc3840ffcd448fe760f7124e1c4487b3b88)), State { next_error: None, backtrace: InternalBacktrace { backtrace: None } })
ok
   - incorrectUncleNumber0_EIP158...ok
   - randomStatetest400BC_Frontier...ok
   - ecpairing_perturb_g2_by_field_modulus_d0g2v0_EIP158...WARN:ethcore::client::client: Stage 3 block verification failed for #3 (0xe1f9…de63)
Error: Error(Block(UncleParentNotInChain(0xc977302a69af65c6b5e5576b7d0a6f03609f06086535d9383a48722bd53452b9)), State { next_error: None, backtrace: InternalBacktrace { backtrace: None } })
ok
   - incorrectUncleNumber0_Frontier...ok
   - static_Call1024PreCalls2_d0g0v0_Homestead...ok
   - ecpairing_perturb_g2_by_field_modulus_d0g2v0_Frontier...ok
   - randomStatetest400BC_Homestead...ok
   - static_callcodecallcall_100_SuicideMiddle2_d0g0v1_Byzantium...WARN:ethcore::client::client: Stage 3 block verification failed for #3 (0x2b7d…ac0c)
Error: Error(Block(UncleParentNotInChain(0x5997f167535cab52def5fdbcfd26cc867d072133a3d7ac04275a866c03d9ad8d)), State { next_error: None, backtrace: InternalBacktrace { backtrace: None } })
ok
   - incorrectUncleNumber0_Homestead...ok
   - ecpairing_perturb_g2_by_field_modulus_d0g2v0_Homestead...ok
   - randomStatetest21BC_Byzantium...ok
   - static_callcodecallcall_100_SuicideMiddle2_d0g0v1_EIP150...ok
   - randomStatetest21BC_EIP150...ok
   - pointMulAdd_d6g1v0_Byzantium...ok
   - randomStatetest21BC_EIP158...ok
   - static_callcodecallcall_100_SuicideMiddle2_d0g0v1_EIP158...WARN:ethcore::client::client: Stage 3 block verification failed for #3 (0x4968…64f0)
Error: Error(Block(UncleParentNotInChain(0xd02d17d8f9d797dfdbe6fb0f3ff0ce4971a60b3975ec2277262cee5e0e5d2e85)), State { next_error: None, backtrace: InternalBacktrace { backtrace: None } })
ok
   - incorrectUncleTimestamp2_Byzantium...ok
   - randomStatetest21BC_Frontier...ok
   - static_callcodecallcall_100_SuicideMiddle2_d0g0v1_Frontier...ok
   - pointMulAdd_d6g1v0_EIP150...WARN:ethcore::client::client: Stage 5 block verification failed for #3 (0x4f7b…6c71)
Error: Error(Block(InvalidStateRoot(Mismatch { expected: 0x0e6fc2a2603c865d55e1210b3306d6a450183752927e1443fdddfff9991e845e, found: 0xaa4b1943360f5a0ea3b1a2a1d661de5b6d773eb371bd84b319837d96ffc7b630 })), State { next_error: None, backtrace: InternalBacktrace { backtrace: None } })
ok
   - incorrectUncleTimestamp2_EIP150...ok
   - static_callcodecallcall_100_SuicideMiddle2_d0g0v1_Homestead...ok
   - pointMulAdd_d6g1v0_EIP158...ok
   - randomStatetest21BC_Homestead...WARN:ethcore::client::client: Stage 5 block verification failed for #3 (0x31fc…5b36)
Error: Error(Block(InvalidStateRoot(Mismatch { expected: 0x611bfab1015d8c54765dff6be143b5ac81757633aa8859a72262099e1d848ce8, found: 0x77f96f4c766c10cd0207e2672b1b747c741ed75bc94e7be7abacb71cdca3c8fb })), State { next_error: None, backtrace: InternalBacktrace { backtrace: None } })
ok
   - incorrectUncleTimestamp2_EIP158...ok
   - static_callChangeRevert_d0g0v0_Byzantium...ok
   - randomStatetest634BC_Byzantium...ok
   - pointMulAdd_d6g1v0_Frontier...WARN:ethcore::client::client: Stage 5 block verification failed for #3 (0xefb5…ac72)
Error: Error(Block(InvalidStateRoot(Mismatch { expected: 0x611bfab1015d8c54765dff6be143b5ac81757633aa8859a72262099e1d848ce8, found: 0x77f96f4c766c10cd0207e2672b1b747c741ed75bc94e7be7abacb71cdca3c8fb })), State { next_error: None, backtrace: InternalBacktrace { backtrace: None } })
ok
   - incorrectUncleTimestamp2_Frontier...ok
   - static_callChangeRevert_d0g0v0_EIP150...ok
   - randomStatetest634BC_EIP150...ok
   - pointMulAdd_d6g1v0_Homestead...WARN:ethcore::client::client: Stage 5 block verification failed for #3 (0xc23b…9495)
Error: Error(Block(InvalidStateRoot(Mismatch { expected: 0x611bfab1015d8c54765dff6be143b5ac81757633aa8859a72262099e1d848ce8, found: 0x77f96f4c766c10cd0207e2672b1b747c741ed75bc94e7be7abacb71cdca3c8fb })), State { next_error: None, backtrace: InternalBacktrace { backtrace: None } })
ok
   - static_callChangeRevert_d0g0v0_EIP158...ok
   - incorrectUncleTimestamp2_Homestead...ok
   - ecmul_1-2_5617_28000_96_d0g3v0_Byzantium...ok
   - randomStatetest634BC_EIP158...ok
   - randomStatetest634BC_Frontier...ok
   - static_callChangeRevert_d0g0v0_Frontier...ok
   - ecmul_1-2_5617_28000_96_d0g3v0_EIP150...ok
   - randomStatetest634BC_Homestead...WARN:ethcore::client::client: Stage 5 block verification failed for #3 (0x33b1…9391)
Error: Error(Block(InvalidStateRoot(Mismatch { expected: 0x611bfab1015d8c54765dff6be143b5ac81757633aa8859a72262099e1d848ce8, found: 0x77f96f4c766c10cd0207e2672b1b747c741ed75bc94e7be7abacb71cdca3c8fb })), State { next_error: None, backtrace: InternalBacktrace { backtrace: None } })
ok
   - gasLimitTooLowExactBound_Byzantium...ok
   - randomStatetest165BC_Byzantium...ok
   - static_callChangeRevert_d0g0v0_Homestead...ok
   - ecmul_1-2_5617_28000_96_d0g3v0_EIP158...ok
   - randomStatetest165BC_EIP150...WARN:ethcore::client::client: Stage 3 block verification failed for #3 (0xd666…9028)
Error: Error(Block(InvalidGasLimit(OutOfBounds { min: Some(0x2fe3bf), max: Some(0x2ffbb5), found: 0x22917 })), State { next_error: None, backtrace: InternalBacktrace { backtrace: None } })
ok
ok
   - ecmul_1-2_5617_28000_96_d0g3v0_Frontier...   - gasLimitTooLowExactBound_EIP150...ok
   - static_callcallcodecall_010_OOGE_d1g0v0_Byzantium...ok
   - randomStatetest165BC_EIP158...ok
   - ecmul_1-2_5617_28000_96_d0g3v0_Homestead...ok
   - randomStatetest165BC_Frontier...ok
   - static_callcallcodecall_010_OOGE_d1g0v0_EIP150...WARN:ethcore::client::client: Stage 3 block verification failed for #3 (0x60c3…63a6)
Error: Error(Block(InvalidGasLimit(OutOfBounds { min: Some(0x2fe3bf), max: Some(0x2ffbb5), found: 0x22917 })), State { next_error: None, backtrace: InternalBacktrace { backtrace: None } })
ok
   - gasLimitTooLowExactBound_EIP158...ok
   - static_callcallcodecall_010_OOGE_d1g0v0_EIP158...ok
   - pointMulAdd2_d6g3v0_Byzantium...ok
   - randomStatetest165BC_Homestead...ok
   - static_callcallcodecall_010_OOGE_d1g0v0_Frontier...WARN:ethcore::client::client: Stage 3 block verification failed for #3 (0xe8f6…3a28)
Error: Error(Block(InvalidGasLimit(OutOfBounds { min: Some(0x2fe3bf), max: Some(0x2ffbb5), found: 0x22917 })), State { next_error: None, backtrace: InternalBacktrace { backtrace: None } })
ok
   - gasLimitTooLowExactBound_Frontier...ok
   - static_callcallcodecall_010_OOGE_d1g0v0_Homestead...ok
   - pointMulAdd2_d6g3v0_EIP150...ok
   - randomStatetest390BC_Byzantium...ok
   - static_callcodecallcall_100_OOGMBefore2_d0g0v0_Byzantium...ok
   - randomStatetest390BC_EIP150...ok
   - pointMulAdd2_d6g3v0_EIP158...WARN:ethcore::client::client: Stage 3 block verification failed for #3 (0xe491…d128)
Error: Error(Block(InvalidGasLimit(OutOfBounds { min: Some(0x2fe3bf), max: Some(0x2ffbb5), found: 0x22917 })), State { next_error: None, backtrace: InternalBacktrace { backtrace: None } })
ok
   - static_callcodecallcall_100_OOGMBefore2_d0g0v0_EIP150...ok
   - gasLimitTooLowExactBound_Homestead...ok
   - randomStatetest390BC_EIP158...ok
   - pointMulAdd2_d6g3v0_Frontier...ok
   - static_callcodecallcall_100_OOGMBefore2_d0g0v0_EIP158...WARN:ethcore::client::client: Stage 3 block verification failed for #3 (0xd160…9b53)
Error: Error(Block(InvalidGasLimit(OutOfBounds { min: Some(0x2fe3bf), max: Some(0x2ffbb5), found: 0x22917 })), State { next_error: None, backtrace: InternalBacktrace { backtrace: None } })
ok
   - correct_Byzantium...ok
   - pointMulAdd2_d6g3v0_Homestead...ok
   - randomStatetest390BC_Frontier...ok
   - static_callcodecallcall_100_OOGMBefore2_d0g0v0_Frontier...ok
   - correct_EIP150...ok
   - ecmul_1-3_340282366920938463463374607431768211456_21000_80_d0g0v0_Byzantium...ok
   - static_callcodecallcall_100_OOGMBefore2_d0g0v0_Homestead...ok
   - randomStatetest390BC_Homestead...ok
   - correct_EIP158...ok
   - static_callcallcodecallcode_011_OOGE_d1g0v0_Byzantium...ok
ok
   - ecmul_1-3_340282366920938463463374607431768211456_21000_80_d0g0v0_EIP150...   - randomStatetest595BC_Byzantium...ok
   - correct_Frontier...ok
   - static_callcallcodecallcode_011_OOGE_d1g0v0_EIP150...ok
   - ecmul_1-3_340282366920938463463374607431768211456_21000_80_d0g0v0_EIP158...ok
   - randomStatetest595BC_EIP150...ok
   - static_callcallcodecallcode_011_OOGE_d1g0v0_EIP158...ok
   - ecmul_1-3_340282366920938463463374607431768211456_21000_80_d0g0v0_Frontier...ok
   - correct_Homestead...ok
   - randomStatetest595BC_EIP158...ok
   - static_callcallcodecallcode_011_OOGE_d1g0v0_Frontier...ok
   - randomStatetest595BC_Frontier...ok
   - ecmul_1-3_340282366920938463463374607431768211456_21000_80_d0g0v0_Homestead...ok
   - gasLimitTooHighExactBound_Byzantium...ok
   - randomStatetest595BC_Homestead...ok
   - static_callcallcodecallcode_011_OOGE_d1g0v0_Homestead...ok
   - ecmul_0-3_340282366920938463463374607431768211456_28000_128_d0g0v0_Byzantium...ok
   - randomStatetest34BC_Byzantium...ok
   - ecmul_0-3_340282366920938463463374607431768211456_28000_128_d0g0v0_EIP150...ok
   - static_callcodecallcodecall_110_OOGMAfter2_d0g0v0_Byzantium...ok
   - randomStatetest34BC_EIP150...WARN:ethcore::client::client: Stage 3 block verification failed for #3 (0xf14e…afa7)
Error: Error(Block(InvalidGasLimit(OutOfBounds { min: Some(0x2fe3bf), max: Some(0x2ffbb5), found: 0x2ffbd4 })), State { next_error: None, backtrace: InternalBacktrace { backtrace: None } })
ok
   - gasLimitTooHighExactBound_EIP150...ok
   - static_callcodecallcodecall_110_OOGMAfter2_d0g0v0_EIP150...ok
   - ecmul_0-3_340282366920938463463374607431768211456_28000_128_d0g0v0_EIP158...ok
   - randomStatetest34BC_EIP158...ok
   - static_callcodecallcodecall_110_OOGMAfter2_d0g0v0_EIP158...WARN:ethcore::client::client: Stage 3 block verification failed for #3 (0x6d8e…bfd5)
Error: Error(Block(InvalidGasLimit(OutOfBounds { min: Some(0x2fe3bf), max: Some(0x2ffbb5), found: 0x2ffbd4 })), State { next_error: None, backtrace: InternalBacktrace { backtrace: None } })
ok
   - gasLimitTooHighExactBound_EIP158...ok
   - ecmul_0-3_340282366920938463463374607431768211456_28000_128_d0g0v0_Frontier...ok
   - randomStatetest34BC_Frontier...ok
   - static_callcodecallcodecall_110_OOGMAfter2_d0g0v0_Frontier...ok
   - ecmul_0-3_340282366920938463463374607431768211456_28000_128_d0g0v0_Homestead...WARN:ethcore::client::client: Stage 3 block verification failed for #3 (0x2c18…1594)
Error: Error(Block(InvalidGasLimit(OutOfBounds { min: Some(0x2fe3bf), max: Some(0x2ffbb5), found: 0x2ffbd4 })), State { next_error: None, backtrace: InternalBacktrace { backtrace: None } })
ok
   - gasLimitTooHighExactBound_Frontier...ok
   - randomStatetest34BC_Homestead...ok
   - pointMulAdd2_d18g2v0_Byzantium...ok
   - static_callcodecallcodecall_110_OOGMAfter2_d0g0v0_Homestead...ok
   - randomStatetest235BC_Byzantium...WARN:ethcore::client::client: Stage 3 block verification failed for #3 (0x0429…2921)
Error: Error(Block(InvalidGasLimit(OutOfBounds { min: Some(0x2fe3bf), max: Some(0x2ffbb5), found: 0x2ffbd4 })), State { next_error: None, backtrace: InternalBacktrace { backtrace: None } })
ok
   - gasLimitTooHighExactBound_Homestead...ok
   - pointMulAdd2_d18g2v0_EIP150...ok
   - randomStatetest235BC_EIP150...ok
WARN:ethcore::client::client: Stage 3 block verification failed for #3 (0xeeb3…cf3e)
Error: Error(Block(InvalidGasLimit(OutOfBounds { min: Some(0x2fe3bf), max: Some(0x2ffbb5), found: 0x2ffbd4 })), State { next_error: None, backtrace: InternalBacktrace { backtrace: None } })
   - static_CallRecursiveBombPreCall_d0g0v0_Byzantium...ok
   - timestampTooLow_Byzantium...ok
   - pointMulAdd2_d18g2v0_EIP158...ok
   - randomStatetest235BC_EIP158...ok
   - pointMulAdd2_d18g2v0_Frontier...WARN:ethcore::client::client: Stage 3 block verification failed for #3 (0xfde2…6d7c)
Error: Error(Block(InvalidTimestamp(OutOfBounds { min: Some(SystemTime { tv_sec: 3039920596, tv_nsec: 652432441 }), max: None, found: SystemTime { tv_sec: 2960962308, tv_nsec: 652432765 } })), State { next_error: None, backtrace: InternalBacktrace { backtrace: None } })
ok
   - timestampTooLow_EIP150...ok
   - static_CallRecursiveBombPreCall_d0g0v0_EIP150...ok
   - randomStatetest235BC_Frontier...WARN:ethcore::client::client: Stage 3 block verification failed for #3 (0x3c68…f8fc)
Error: Error(Block(InvalidTimestamp(OutOfBounds { min: Some(SystemTime { tv_sec: 3039920576, tv_nsec: 688810722 }), max: None, found: SystemTime { tv_sec: 2960962308, tv_nsec: 688810921 } })), State { next_error: None, backtrace: InternalBacktrace { backtrace: None } })
ok
   - timestampTooLow_EIP158...ok
   - pointMulAdd2_d18g2v0_Homestead...ok
   - static_CallRecursiveBombPreCall_d0g0v0_EIP158...ok
   - randomStatetest235BC_Homestead...WARN:ethcore::client::client: Stage 3 block verification failed for #3 (0x5312…ec74)
Error: Error(Block(InvalidTimestamp(OutOfBounds { min: Some(SystemTime { tv_sec: 3039920584, tv_nsec: 730669836 }), max: None, found: SystemTime { tv_sec: 2960962308, tv_nsec: 730670015 } })), State { next_error: None, backtrace: InternalBacktrace { backtrace: None } })
ok
   - timestampTooLow_Frontier...ok
ok
WARN:ethcore::client::client: Stage 3 block verification failed for #3 (0xa4fe…add0)
Error: Error(Block(InvalidTimestamp(OutOfBounds { min: Some(SystemTime { tv_sec: 3039920549, tv_nsec: 765167566 }), max: None, found: SystemTime { tv_sec: 2960962308, tv_nsec: 765167743 } })), State { next_error: None, backtrace: InternalBacktrace { backtrace: None } })
   - ecmul_1-2_1_28000_96_d0g3v0_Byzantium...   - randomStatetest593BC_Byzantium...ok
   - timestampTooLow_Homestead...ok
   - static_CallRecursiveBombPreCall_d0g0v0_Frontier...ok
   - randomStatetest593BC_EIP150...ok
   - ecmul_1-2_1_28000_96_d0g3v0_EIP150...ok
   - static_CallRecursiveBombPreCall_d0g0v0_Homestead...WARN:ethcore::client::client: Stage 3 block verification failed for #3 (0xfe15…4397)
Error: Error(Block(InvalidTimestamp(OutOfBounds { min: Some(SystemTime { tv_sec: 3039920566, tv_nsec: 836244261 }), max: None, found: SystemTime { tv_sec: 2960962308, tv_nsec: 836244454 } })), State { next_error: None, backtrace: InternalBacktrace { backtrace: None } })
ok
   - wrongStateRoot_Byzantium...ok
   - randomStatetest593BC_EIP158...ok
   - ecmul_1-2_1_28000_96_d0g3v0_EIP158...ok
   - static_callcodecallcall_100_OOGE2_d1g0v0_Byzantium...ok
   - randomStatetest593BC_Frontier...ok
   - ecmul_1-2_1_28000_96_d0g3v0_Frontier...WARN:ethcore::client::client: Stage 5 block verification failed for #3 (0x4bca…6d66)
Error: Error(Block(InvalidStateRoot(Mismatch { expected: 0x8236842f6634a0445d1351c43b7e70671f8021b04a63caaa30e004b05a6c8f03, found: 0x1fd79135f153845fabc3de453cd43456d44d41c19b9cf25c68f480c240f88f68 })), State { next_error: None, backtrace: InternalBacktrace { backtrace: None } })
ok
   - wrongStateRoot_EIP150...ok
   - static_callcodecallcall_100_OOGE2_d1g0v0_EIP150...ok
   - randomStatetest593BC_Homestead...ok
   - ecmul_1-2_1_28000_96_d0g3v0_Homestead...WARN:ethcore::client::client: Stage 5 block verification failed for #3 (0x88fe…1d25)
Error: Error(Block(InvalidStateRoot(Mismatch { expected: 0x7004f6faa7968b3116c68ab805974d2db1ac7de9f5c01d7f5e7e27110f632562, found: 0x786a9e24ae092a31dbf7fe0b03db2c9ec3a3013d8b4f341ea003a6d9a744aff7 })), State { next_error: None, backtrace: InternalBacktrace { backtrace: None } })
ok
ok
   - wrongStateRoot_EIP158...   - randomStatetest40BC_Byzantium...ok
   - static_callcodecallcall_100_OOGE2_d1g0v0_EIP158...WARN:ethcore::client::client: Stage 5 block verification failed for #3 (0x7793…6f87)
Error: Error(Block(InvalidStateRoot(Mismatch { expected: 0x7004f6faa7968b3116c68ab805974d2db1ac7de9f5c01d7f5e7e27110f632562, found: 0x786a9e24ae092a31dbf7fe0b03db2c9ec3a3013d8b4f341ea003a6d9a744aff7 })), State { next_error: None, backtrace: InternalBacktrace { backtrace: None } })
ok
   - wrongStateRoot_Frontier...ok
   - ecmul_7827-6598_0_21000_128_d0g0v0_Byzantium...ok
   - randomStatetest40BC_EIP150...ok
   - static_callcodecallcall_100_OOGE2_d1g0v0_Frontier...WARN:ethcore::client::client: Stage 5 block verification failed for #3 (0x6a07…3a22)
Error: Error(Block(InvalidStateRoot(Mismatch { expected: 0x7004f6faa7968b3116c68ab805974d2db1ac7de9f5c01d7f5e7e27110f632562, found: 0x786a9e24ae092a31dbf7fe0b03db2c9ec3a3013d8b4f341ea003a6d9a744aff7 })), State { next_error: None, backtrace: InternalBacktrace { backtrace: None } })
ok
   - wrongStateRoot_Homestead...ok
   - randomStatetest40BC_EIP158...ok
   - ecmul_7827-6598_0_21000_128_d0g0v0_EIP150...ok
   - static_callcodecallcall_100_OOGE2_d1g0v0_Homestead...ok
   - randomStatetest40BC_Frontier...WARN:ethcore::client::client: Stage 5 block verification failed for #3 (0x8a51…e302)
Error: Error(Block(InvalidStateRoot(Mismatch { expected: 0x7004f6faa7968b3116c68ab805974d2db1ac7de9f5c01d7f5e7e27110f632562, found: 0x786a9e24ae092a31dbf7fe0b03db2c9ec3a3013d8b4f341ea003a6d9a744aff7 })), State { next_error: None, backtrace: InternalBacktrace { backtrace: None } })
ok
   - pastUncleTimestamp_Byzantium...ok
   - static_CheckOpcodes3_d1g0v0_Byzantium...ok
   - ecmul_7827-6598_0_21000_128_d0g0v0_EIP158...ok
   - randomStatetest40BC_Homestead...ok
   - static_CheckOpcodes3_d1g0v0_EIP150...WARN:ethcore::client::client: Stage 3 block verification failed for #3 (0xc10a…417e)
Error: Error(Block(InvalidTimestamp(OutOfBounds { min: Some(SystemTime { tv_sec: 3039921557, tv_nsec: 155802709 }), max: None, found: SystemTime { tv_sec: 3034921556, tv_nsec: 155802958 } })), State { next_error: None, backtrace: InternalBacktrace { backtrace: None } })
ok
   - pastUncleTimestamp_EIP150...ok
   - ecmul_7827-6598_0_21000_128_d0g0v0_Frontier...ok
   - randomStatetest284BC_Byzantium...ok
   - static_CheckOpcodes3_d1g0v0_EIP158...ok
   - ecmul_7827-6598_0_21000_128_d0g0v0_Homestead...ok
   - randomStatetest284BC_EIP150...WARN:ethcore::client::client: Stage 3 block verification failed for #3 (0xacb8…7d6e)
Error: Error(Block(InvalidTimestamp(OutOfBounds { min: Some(SystemTime { tv_sec: 3039920863, tv_nsec: 229303384 }), max: None, found: SystemTime { tv_sec: 3034920862, tv_nsec: 229303624 } })), State { next_error: None, backtrace: InternalBacktrace { backtrace: None } })
ok
   - pastUncleTimestamp_EIP158...ok
   - static_CheckOpcodes3_d1g0v0_Frontier...ok
   - pairingTest_d4g1v0_Byzantium...ok
   - randomStatetest284BC_EIP158...WARN:ethcore::client::client: Stage 3 block verification failed for #3 (0xd67f…8b8e)
Error: Error(Block(InvalidTimestamp(OutOfBounds { min: Some(SystemTime { tv_sec: 3039920947, tv_nsec: 287183704 }), max: None, found: SystemTime { tv_sec: 3034920946, tv_nsec: 287183923 } })), State { next_error: None, backtrace: InternalBacktrace { backtrace: None } })
ok
   - pastUncleTimestamp_Frontier...ok
   - pairingTest_d4g1v0_EIP150...ok
   - static_CheckOpcodes3_d1g0v0_Homestead...ok
   - randomStatetest284BC_Frontier...ok
   - pairingTest_d4g1v0_EIP158...ok
ok
   - randomStatetest284BC_Homestead...WARN:ethcore::client::client: Stage 3 block verification failed for #3 (0x8b83…00a4)
Error: Error(Block(InvalidTimestamp(OutOfBounds { min: Some(SystemTime { tv_sec: 3039920793, tv_nsec: 356160622 }), max: None, found: SystemTime { tv_sec: 3034920792, tv_nsec: 356160812 } })), State { next_error: None, backtrace: InternalBacktrace { backtrace: None } })
   - static_CheckOpcodes_d0g1v0_Byzantium...ok
   - pastUncleTimestamp_Homestead...ok
   - pairingTest_d4g1v0_Frontier...WARN:ethcore::client::client: Stage 3 block verification failed for #3 (0x61ae…cb8a)
Error: Error(Block(InvalidTimestamp(OutOfBounds { min: Some(SystemTime { tv_sec: 3039920811, tv_nsec: 400162036 }), max: None, found: SystemTime { tv_sec: 3034920810, tv_nsec: 400162230 } })), State { next_error: None, backtrace: InternalBacktrace { backtrace: None } })
ok
   - randomStatetest181BC_Byzantium...ok
ok
   - static_CheckOpcodes_d0g1v0_EIP150...   - unknownUncleParentHash_Byzantium...ok
   - pairingTest_d4g1v0_Homestead...ok
   - randomStatetest181BC_EIP150...WARN:ethcore::client::client: Stage 3 block verification failed for #3 (0x2463…6fc7)
Error: Error(Block(UnknownUncleParent(0x0000000000000000000000000000000000000000000000000000000000000001)), State { next_error: None, backtrace: InternalBacktrace { backtrace: None } })
ok
   - unknownUncleParentHash_EIP150...ok
   - static_CheckOpcodes_d0g1v0_EIP158...ok
   - randomStatetest181BC_EIP158...ok
   - ecmul_1-2_2_28000_96_d0g1v0_Byzantium...WARN:ethcore::client::client: Stage 3 block verification failed for #3 (0x73c6…5d8f)
Error: Error(Block(UnknownUncleParent(0x0000000000000000000000000000000000000000000000000000000000000001)), State { next_error: None, backtrace: InternalBacktrace { backtrace: None } })
ok
   - unknownUncleParentHash_EIP158...ok
   - static_CheckOpcodes_d0g1v0_Frontier...ok
   - static_CheckOpcodes_d0g1v0_Homestead...ok
   - ecmul_1-2_2_28000_96_d0g1v0_EIP150...ok
   - randomStatetest181BC_Frontier...WARN:ethcore::client::client: Stage 3 block verification failed for #3 (0xf819…b612)
Error: Error(Block(UnknownUncleParent(0x0000000000000000000000000000000000000000000000000000000000000001)), State { next_error: None, backtrace: InternalBacktrace { backtrace: None } })
ok
   - unknownUncleParentHash_Frontier...ok
   - static_CallSha256_5_d0g0v0_Byzantium...ok
   - ecmul_1-2_2_28000_96_d0g1v0_EIP158...ok
   - randomStatetest181BC_Homestead...ok
   - static_CallSha256_5_d0g0v0_EIP150...WARN:ethcore::client::client: Stage 3 block verification failed for #3 (0x3c93…0ef6)
Error: Error(Block(UnknownUncleParent(0x0000000000000000000000000000000000000000000000000000000000000001)), State { next_error: None, backtrace: InternalBacktrace { backtrace: None } })
ok
   - unknownUncleParentHash_Homestead...ok
   - ecmul_1-2_2_28000_96_d0g1v0_Frontier...ok
   - static_CallSha256_5_d0g0v0_EIP158...ok
   - randomStatetest272BC_Byzantium...ok
   - static_CallSha256_5_d0g0v0_Frontier...WARN:ethcore::client::client: Stage 3 block verification failed for #3 (0x7dd2…8ae9)
Error: Error(Block(UnknownUncleParent(0x0000000000000000000000000000000000000000000000000000000000000001)), State { next_error: None, backtrace: InternalBacktrace { backtrace: None } })
ok
   - ecmul_1-2_2_28000_96_d0g1v0_Homestead...ok
   - randomStatetest272BC_EIP150...ok
   - diffTooHigh_Byzantium...ok
   - static_CallSha256_5_d0g0v0_Homestead...ok
   - ecmul_7827-6598_5616_21000_128_d0g1v0_Byzantium...ok
   - randomStatetest272BC_EIP158...WARN:ethcore::client::client: Stage 3 block verification failed for #3 (0x6676…9bd2)
Error: Error(Block(InvalidDifficulty(Mismatch { expected: 0x20040, found: 0x20001 })), State { next_error: None, backtrace: InternalBacktrace { backtrace: None } })
ok
   - diffTooHigh_EIP150...ok
   - static_callcodecallcodecall_1102_d0g0v2_Byzantium...ok
   - ecmul_7827-6598_5616_21000_128_d0g1v0_EIP150...ok
   - randomStatetest272BC_Frontier...ok
   - static_callcodecallcodecall_1102_d0g0v2_EIP150...WARN:ethcore::client::client: Stage 3 block verification failed for #3 (0x9deb…5327)
Error: Error(Block(InvalidDifficulty(Mismatch { expected: 0x20040, found: 0x20001 })), State { next_error: None, backtrace: InternalBacktrace { backtrace: None } })
ok
   - diffTooHigh_EIP158...ok
   - ecmul_7827-6598_5616_21000_128_d0g1v0_EIP158...ok
   - randomStatetest272BC_Homestead...ok
   - static_callcodecallcodecall_1102_d0g0v2_EIP158...WARN:ethcore::client::client: Stage 3 block verification failed for #3 (0xb2db…ab7a)
Error: Error(Block(InvalidDifficulty(Mismatch { expected: 0x20040, found: 0x20001 })), State { next_error: None, backtrace: InternalBacktrace { backtrace: None } })
ok
   - diffTooHigh_Frontier...ok
   - ecmul_7827-6598_5616_21000_128_d0g1v0_Frontier...ok
   - randomStatetest35BC_Byzantium...ok
   - static_callcodecallcodecall_1102_d0g0v2_Frontier...ok
   - static_callcodecallcodecall_1102_d0g0v2_Homestead...ok
   - randomStatetest35BC_EIP150...ok
   - ecmul_7827-6598_5616_21000_128_d0g1v0_Homestead...WARN:ethcore::client::client: Stage 3 block verification failed for #3 (0xa19d…20af)
Error: Error(Block(InvalidDifficulty(Mismatch { expected: 0x20040, found: 0x20001 })), State { next_error: None, backtrace: InternalBacktrace { backtrace: None } })
ok
   - static_CallGoesOOGOnSecondLevel_d0g0v0_Byzantium...ok
   - diffTooHigh_Homestead...ok
WARN:ethcore::client::client: Stage 3 block verification failed for #3 (0x5794…a99b)
Error: Error(Block(InvalidDifficulty(Mismatch { expected: 0x20040, found: 0x20001 })), State { next_error: None, backtrace: InternalBacktrace { backtrace: None } })
ok
   - randomStatetest35BC_EIP158...ok
   - static_CallGoesOOGOnSecondLevel_d0g0v0_EIP150...ok
   - ecmul_1-2_5616_28000_128_d0g2v0_Byzantium...   - gasLimitTooLow_Byzantium...ok
   - static_CallGoesOOGOnSecondLevel_d0g0v0_EIP158...ok
   - randomStatetest35BC_Frontier...WARN:ethcore::client::client: Stage 3 block verification failed for #3 (0x9d99…d2ed)
Error: Error(Block(InvalidGasLimit(OutOfBounds { min: Some(0x2fe3bf), max: Some(0x2ffbb5), found: 0x21d1c })), State { next_error: None, backtrace: InternalBacktrace { backtrace: None } })
ok
   - gasLimitTooLow_EIP150...ok
   - ecmul_1-2_5616_28000_128_d0g2v0_EIP150...ok
   - static_CallGoesOOGOnSecondLevel_d0g0v0_Frontier...ok
   - randomStatetest35BC_Homestead...WARN:ethcore::client::client: Stage 3 block verification failed for #3 (0x6e90…b89a)
Error: Error(Block(InvalidGasLimit(OutOfBounds { min: Some(0x2fe3bf), max: Some(0x2ffbb5), found: 0x21d1c })), State { next_error: None, backtrace: InternalBacktrace { backtrace: None } })
ok
   - gasLimitTooLow_EIP158...ok
   - ecmul_1-2_5616_28000_128_d0g2v0_EIP158...ok
   - static_CallGoesOOGOnSecondLevel_d0g0v0_Homestead...ok
   - ecmul_1-2_5616_28000_128_d0g2v0_Frontier...ok
   - randomStatetest374BC_Byzantium...ok
   - static_Call1MB1024Calldepth_d0g0v0_Byzantium...ok
   - ecmul_1-2_5616_28000_128_d0g2v0_Homestead...WARN:ethcore::client::client: Stage 3 block verification failed for #3 (0x0cb8…5dc5)
Error: Error(Block(InvalidGasLimit(OutOfBounds { min: Some(0x2fe3bf), max: Some(0x2ffbb5), found: 0x21d1c })), State { next_error: None, backtrace: InternalBacktrace { backtrace: None } })
ok
   - gasLimitTooLow_Frontier...ok
   - randomStatetest374BC_EIP150...ok
   - randomStatetest374BC_EIP158...ok
   - static_Call1MB1024Calldepth_d0g0v0_EIP150...ok
   - pointMulAdd_d5g2v0_Byzantium...WARN:ethcore::client::client: Stage 3 block verification failed for #3 (0x761b…2ccd)
Error: Error(Block(InvalidGasLimit(OutOfBounds { min: Some(0x2fe3bf), max: Some(0x2ffbb5), found: 0x21d1c })), State { next_error: None, backtrace: InternalBacktrace { backtrace: None } })
ok
   - gasLimitTooLow_Homestead...ok
   - randomStatetest374BC_Frontier...ok
   - randomStatetest374BC_Homestead...ok
   - static_Call1MB1024Calldepth_d0g0v0_EIP158...ok
   - pointMulAdd_d5g2v0_EIP150...ok
   - randomStatetest256BC_Byzantium...WARN:ethcore::client::client: Stage 3 block verification failed for #3 (0x67cb…7f96)
Error: Error(Block(InvalidGasLimit(OutOfBounds { min: Some(0x2fe3bf), max: Some(0x2ffbb5), found: 0x21d1c })), State { next_error: None, backtrace: InternalBacktrace { backtrace: None } })
ok
   - nonceWrong_Byzantium...ok
   - static_Call1MB1024Calldepth_d0g0v0_Frontier...ok
   - pointMulAdd_d5g2v0_EIP158...ok
   - randomStatetest256BC_EIP150...ok
   - static_Call1MB1024Calldepth_d0g0v0_Homestead...ok
   - pointMulAdd_d5g2v0_Frontier...WARN:ethcore::verification::queue::kind::blocks: Stage 1 block verification failed for 0xd7cc…860e: Error(Block(InvalidProofOfWork(OutOfBounds { min: Some(0x35bbb), max: None, found: 0x4 })), State { next_error: None, backtrace: InternalBacktrace { backtrace: None } })
ok
   - nonceWrong_EIP150...ok
   - randomStatetest256BC_EIP158...ok
   - static_callcallcallcode_001_SuicideMiddle_d0g0v0_Byzantium...ok
   - randomStatetest256BC_Frontier...WARN:ethcore::verification::queue::kind::blocks: Stage 1 block verification failed for 0xd267…55de: Error(Block(InvalidProofOfWork(OutOfBounds { min: Some(0x35bbb), max: None, found: 0x0 })), State { next_error: None, backtrace: InternalBacktrace { backtrace: None } })
ok
   - nonceWrong_EIP158...ok
   - pointMulAdd_d5g2v0_Homestead...ok
   - static_callcallcallcode_001_SuicideMiddle_d0g0v0_EIP150...ok
   - randomStatetest256BC_Homestead...ok
WARN:ethcore::verification::queue::kind::blocks: Stage 1 block verification failed for 0x1d49…de69: Error(Block(InvalidProofOfWork(OutOfBounds { min: Some(0x35bbb), max: None, found: 0x1c })), State { next_error: None, backtrace: InternalBacktrace { backtrace: None } })
ok
   - nonceWrong_Frontier...   - ecpairing_perturb_g2_by_field_modulus_d0g3v0_Byzantium...ok
   - static_callcallcallcode_001_SuicideMiddle_d0g0v0_EIP158...WARN:ethcore::verification::queue::kind::blocks: Stage 1 block verification failed for 0xe4cf…b72d: Error(Block(InvalidProofOfWork(OutOfBounds { min: Some(0x386a0), max: None, found: 0x4 })), State { next_error: None, backtrace: InternalBacktrace { backtrace: None } })
ok
   - ecpairing_perturb_g2_by_field_modulus_d0g3v0_EIP150...ok
ok
   - nonceWrong_Homestead...   - randomStatetest392BC_Byzantium...ok
   - randomStatetest392BC_EIP150...ok
   - static_callcallcallcode_001_SuicideMiddle_d0g0v0_Frontier...WARN:ethcore::verification::queue::kind::blocks: Stage 1 block verification failed for 0x4170…01de: Error(Block(InvalidProofOfWork(OutOfBounds { min: Some(0x35bbb), max: None, found: 0x0 })), State { next_error: None, backtrace: InternalBacktrace { backtrace: None } })
ok
   - futureUncleTimestamp3_Byzantium...ok
   - randomStatetest392BC_EIP158...ok
   - ecpairing_perturb_g2_by_field_modulus_d0g3v0_EIP158...ok
   - static_callcallcallcode_001_SuicideMiddle_d0g0v0_Homestead...ok
   - ecpairing_perturb_g2_by_field_modulus_d0g3v0_Frontier...ok
   - randomStatetest392BC_Frontier...WARN:ethcore::client::client: Stage 5 block verification failed for #3 (0x7036…f208)
Error: Error(Block(InvalidStateRoot(Mismatch { expected: 0x3e9110dccee270e36e254d8e3b67cb18c12a9a0aa24065e24372a85856195c70, found: 0xaa4b1943360f5a0ea3b1a2a1d661de5b6d773eb371bd84b319837d96ffc7b630 })), State { next_error: None, backtrace: InternalBacktrace { backtrace: None } })
ok
   - futureUncleTimestamp3_EIP150...ok
   - ecpairing_perturb_g2_by_field_modulus_d0g3v0_Homestead...ok
   - static_callcallcallcode_001_OOGMBefore2_d1g0v0_Byzantium...ok
   - randomStatetest392BC_Homestead...WARN:ethcore::client::client: Stage 5 block verification failed for #3 (0x099f…cab6)
Error: Error(Block(InvalidStateRoot(Mismatch { expected: 0x3e9110dccee270e36e254d8e3b67cb18c12a9a0aa24065e24372a85856195c70, found: 0x77f96f4c766c10cd0207e2672b1b747c741ed75bc94e7be7abacb71cdca3c8fb })), State { next_error: None, backtrace: InternalBacktrace { backtrace: None } })
ok
   - pointAddTrunc_d7g0v0_Byzantium...ok
   - futureUncleTimestamp3_EIP158...ok
   - static_callcallcallcode_001_OOGMBefore2_d1g0v0_EIP150...ok
   - randomStatetest277BC_Byzantium...ok
   - randomStatetest277BC_EIP150...ok
   - pointAddTrunc_d7g0v0_EIP150...WARN:ethcore::client::client: Stage 5 block verification failed for #3 (0x0084…e63f)
Error: Error(Block(InvalidStateRoot(Mismatch { expected: 0x3e9110dccee270e36e254d8e3b67cb18c12a9a0aa24065e24372a85856195c70, found: 0x77f96f4c766c10cd0207e2672b1b747c741ed75bc94e7be7abacb71cdca3c8fb })), State { next_error: None, backtrace: InternalBacktrace { backtrace: None } })
ok
   - futureUncleTimestamp3_Frontier...ok
   - static_callcallcallcode_001_OOGMBefore2_d1g0v0_EIP158...ok
   - randomStatetest277BC_EIP158...ok
   - static_callcallcallcode_001_OOGMBefore2_d1g0v0_Frontier...WARN:ethcore::client::client: Stage 5 block verification failed for #3 (0xce97…589b)
Error: Error(Block(InvalidStateRoot(Mismatch { expected: 0x3e9110dccee270e36e254d8e3b67cb18c12a9a0aa24065e24372a85856195c70, found: 0x77f96f4c766c10cd0207e2672b1b747c741ed75bc94e7be7abacb71cdca3c8fb })), State { next_error: None, backtrace: InternalBacktrace { backtrace: None } })
ok
   - pointAddTrunc_d7g0v0_EIP158...ok
   - futureUncleTimestamp3_Homestead...ok
   - randomStatetest277BC_Frontier...ok
   - static_callcallcallcode_001_OOGMBefore2_d1g0v0_Homestead...ok
   - pointAddTrunc_d7g0v0_Frontier...ok
   - randomStatetest277BC_Homestead...WARN:ethcore::client::client: Stage 5 block verification failed for #3 (0x0a58…d60b)
Error: Error(Block(InvalidStateRoot(Mismatch { expected: 0x3e9110dccee270e36e254d8e3b67cb18c12a9a0aa24065e24372a85856195c70, found: 0x77f96f4c766c10cd0207e2672b1b747c741ed75bc94e7be7abacb71cdca3c8fb })), State { next_error: None, backtrace: InternalBacktrace { backtrace: None } })
ok
   - timestampTooHigh_Byzantium...ok
   - static_CallEcrecover0_Gas2999_d0g0v0_Byzantium...ok
   - randomStatetest262BC_Byzantium...ok
   - pointAddTrunc_d7g0v0_Homestead...WARN:ethcore::client::client: Stage 3 block verification failed for #3 (0xe883…0170)
Error: Error(Block(InvalidDifficulty(Mismatch { expected: 0x331ef, found: 0x35bbb })), State { next_error: None, backtrace: InternalBacktrace { backtrace: None } })
ok
   - timestampTooHigh_EIP150...ok
   - randomStatetest262BC_EIP150...ok
   - static_CallEcrecover0_Gas2999_d0g0v0_EIP150...ok
   - ecmul_7827-6598_1456_21000_128_d0g2v0_Byzantium...ok
   - randomStatetest262BC_EIP158...WARN:ethcore::client::client: Stage 3 block verification failed for #3 (0x6cf7…9a1c)
Error: Error(Block(InvalidDifficulty(Mismatch { expected: 0x331ef, found: 0x35bbb })), State { next_error: None, backtrace: InternalBacktrace { backtrace: None } })
ok
   - timestampTooHigh_EIP158...ok
   - ecmul_7827-6598_1456_21000_128_d0g2v0_EIP150...ok
   - static_CallEcrecover0_Gas2999_d0g0v0_EIP158...ok
   - randomStatetest262BC_Frontier...ok
   - static_CallEcrecover0_Gas2999_d0g0v0_Frontier...ok
   - static_CallEcrecover0_Gas2999_d0g0v0_Homestead...ok
   - ecmul_7827-6598_1456_21000_128_d0g2v0_EIP158...ok
   - randomStatetest262BC_Homestead...ok
   - ecmul_7827-6598_1456_21000_128_d0g2v0_Frontier...WARN:ethcore::client::client: Stage 3 block verification failed for #3 (0x2e12…0fa8)
Error: Error(Block(InvalidDifficulty(Mismatch { expected: 0x331ef, found: 0x35bbb })), State { next_error: None, backtrace: InternalBacktrace { backtrace: None } })
ok
ok
   - timestampTooHigh_Frontier...   - static_CheckOpcodes3_d1g1v0_Byzantium...ok
   - ecmul_7827-6598_1456_21000_128_d0g2v0_Homestead...ok
   - static_CheckOpcodes3_d1g1v0_EIP150...ok
   - randomStatetest44BC_Byzantium...ok
   - ecmul_7827-6598_9935_21000_96_d0g3v0_Byzantium...WARN:ethcore::client::client: Stage 3 block verification failed for #3 (0xa34e…a947)
Error: Error(Block(InvalidDifficulty(Mismatch { expected: 0x385c0, found: 0x386a0 })), State { next_error: None, backtrace: InternalBacktrace { backtrace: None } })
ok
   - timestampTooHigh_Homestead...ok
   - static_CheckOpcodes3_d1g1v0_EIP158...ok
   - randomStatetest44BC_EIP150...ok
   - static_CheckOpcodes3_d1g1v0_Frontier...ok
   - ecmul_7827-6598_9935_21000_96_d0g3v0_EIP150...WARN:ethcore::client::client: Stage 3 block verification failed for #3 (0x0917…e0c6)
Error: Error(Block(InvalidDifficulty(Mismatch { expected: 0x331ef, found: 0x35b50 })), State { next_error: None, backtrace: InternalBacktrace { backtrace: None } })
ok
   - uncleBloomNot0_2_Byzantium...ok
   - randomStatetest44BC_EIP158...ok
   - static_CheckOpcodes3_d1g1v0_Homestead...ok
   - ecmul_7827-6598_9935_21000_96_d0g3v0_EIP158...ok
ok
   - uncleBloomNot0_2_EIP150...   - randomStatetest44BC_Frontier...ok
ok
   - ecmul_7827-6598_9935_21000_96_d0g3v0_Frontier...   - static_CheckOpcodes_d0g0v0_Byzantium...ok
   - static_CheckOpcodes_d0g0v0_EIP150...ok
   - ecmul_7827-6598_9935_21000_96_d0g3v0_Homestead...WARN:ethcore::client::client: Stage 5 block verification failed for #3 (0xa527…53e3)
Error: Error(Block(InvalidStateRoot(Mismatch { expected: 0xaa4b1943360f5a0ea3b1a2a1d661de5b6d773eb371bd84b319837d96ffc7b630, found: 0x77f96f4c766c10cd0207e2672b1b747c741ed75bc94e7be7abacb71cdca3c8fb })), State { next_error: None, backtrace: InternalBacktrace { backtrace: None } })
ok
   - uncleBloomNot0_2_EIP158...ok
   - randomStatetest44BC_Homestead...ok
   - pointMulAdd2_d2g3v0_Byzantium...ok
   - static_CheckOpcodes_d0g0v0_EIP158...ok
   - randomStatetest218BC_Byzantium...ok
   - randomStatetest218BC_EIP150...WARN:ethcore::client::client: Stage 5 block verification failed for #3 (0x5545…6043)
Error: Error(Block(InvalidStateRoot(Mismatch { expected: 0xaa4b1943360f5a0ea3b1a2a1d661de5b6d773eb371bd84b319837d96ffc7b630, found: 0x77f96f4c766c10cd0207e2672b1b747c741ed75bc94e7be7abacb71cdca3c8fb })), State { next_error: None, backtrace: InternalBacktrace { backtrace: None } })
ok
   - uncleBloomNot0_2_Frontier...ok
   - pointMulAdd2_d2g3v0_EIP150...ok
   - static_CheckOpcodes_d0g0v0_Frontier...ok
   - randomStatetest218BC_EIP158...ok
   - randomStatetest218BC_Frontier...ok
   - pointMulAdd2_d2g3v0_EIP158...WARN:ethcore::client::client: Stage 5 block verification failed for #3 (0xaac9…423a)
Error: Error(Block(InvalidStateRoot(Mismatch { expected: 0xaa4b1943360f5a0ea3b1a2a1d661de5b6d773eb371bd84b319837d96ffc7b630, found: 0x77f96f4c766c10cd0207e2672b1b747c741ed75bc94e7be7abacb71cdca3c8fb })), State { next_error: None, backtrace: InternalBacktrace { backtrace: None } })
ok
   - static_CheckOpcodes_d0g0v0_Homestead...ok
   - uncleBloomNot0_2_Homestead...ok
   - randomStatetest218BC_Homestead...ok
   - pointMulAdd2_d2g3v0_Frontier...ok
   - static_PostToReturn1_d0g0v0_Byzantium...WARN:ethcore::client::client: Stage 5 block verification failed for #3 (0x1b22…07ff)
Error: Error(Block(InvalidStateRoot(Mismatch { expected: 0xaa4b1943360f5a0ea3b1a2a1d661de5b6d773eb371bd84b319837d96ffc7b630, found: 0x77f96f4c766c10cd0207e2672b1b747c741ed75bc94e7be7abacb71cdca3c8fb })), State { next_error: None, backtrace: InternalBacktrace { backtrace: None } })
ok
   - futureUncleTimestamp2_Byzantium...ok
   - randomStatetest109BC_Byzantium...ok
   - pointMulAdd2_d2g3v0_Homestead...ok
ok
   - static_PostToReturn1_d0g0v0_EIP150...ok
   - randomStatetest109BC_EIP150...   - ecpairing_empty_data_insufficient_gas_d0g1v0_Byzantium...WARN:ethcore::client::client: Stage 5 block verification failed for #3 (0x14c7…a472)
Error: Error(Block(InvalidStateRoot(Mismatch { expected: 0x77f96f4c766c10cd0207e2672b1b747c741ed75bc94e7be7abacb71cdca3c8fb, found: 0xaa4b1943360f5a0ea3b1a2a1d661de5b6d773eb371bd84b319837d96ffc7b630 })), State { next_error: None, backtrace: InternalBacktrace { backtrace: None } })
ok
   - futureUncleTimestamp2_EIP150...ok
   - randomStatetest109BC_EIP158...ok
   - randomStatetest109BC_Frontier...ok
   - ecpairing_empty_data_insufficient_gas_d0g1v0_EIP150...ok
   - static_PostToReturn1_d0g0v0_EIP158...ok
   - randomStatetest109BC_Homestead...ok
   - futureUncleTimestamp2_EIP158...ok
   - ecpairing_empty_data_insufficient_gas_d0g1v0_EIP158...ok
   - randomStatetest530BC_Byzantium...ok
   - static_PostToReturn1_d0g0v0_Frontier...ok
   - ecpairing_empty_data_insufficient_gas_d0g1v0_Frontier...ok
   - randomStatetest530BC_EIP150...ok
   - futureUncleTimestamp2_Frontier...ok
   - ecpairing_empty_data_insufficient_gas_d0g1v0_Homestead...ok
   - static_PostToReturn1_d0g0v0_Homestead...ok
   - randomStatetest530BC_EIP158...ok
ok
   - futureUncleTimestamp2_Homestead...   - pointMulAdd2_d3g0v0_Byzantium...ok
   - static_RawCallGasAsk_d3g0v0_Byzantium...ok
   - randomStatetest530BC_Frontier...ok
   - pointMulAdd2_d3g0v0_EIP150...ok
   - static_RawCallGasAsk_d3g0v0_EIP150...ok
   - gasLimitLTGasUsageUncle_Byzantium...ok
   - randomStatetest530BC_Homestead...ok
   - static_RawCallGasAsk_d3g0v0_EIP158...ok
   - pointMulAdd2_d3g0v0_EIP158...ok
   - randomStatetest529BC_Byzantium...WARN:ethcore::verification::queue::kind::blocks: Stage 1 block verification failed for 0x1c22…5aed: Error(Block(TooMuchGasUsed(OutOfBounds { min: None, max: Some(0x2fefba), found: 0x12b9af98 })), State { next_error: None, backtrace: InternalBacktrace { backtrace: None } })
ok
   - gasLimitLTGasUsageUncle_EIP150...ok
   - static_RawCallGasAsk_d3g0v0_Frontier...ok
   - pointMulAdd2_d3g0v0_Frontier...WARN:ethcore::verification::queue::kind::blocks: Stage 1 block verification failed for 0x58f2…7c14: Error(Block(TooMuchGasUsed(OutOfBounds { min: None, max: Some(0x2fefba), found: 0x12b9af98 })), State { next_error: None, backtrace: InternalBacktrace { backtrace: None } })
ok
   - gasLimitLTGasUsageUncle_EIP158...ok
   - randomStatetest529BC_EIP150...ok
   - pointMulAdd2_d3g0v0_Homestead...ok
   - static_RawCallGasAsk_d3g0v0_Homestead...WARN:ethcore::verification::queue::kind::blocks: Stage 1 block verification failed for 0xb212…323b: Error(Block(TooMuchGasUsed(OutOfBounds { min: None, max: Some(0x2fefba), found: 0x12b9af98 })), State { next_error: None, backtrace: InternalBacktrace { backtrace: None } })
ok
   - randomStatetest529BC_EIP158...ok
   - gasLimitLTGasUsageUncle_Frontier...ok
   - ecmul_1-2_0_28000_80_d0g1v0_Byzantium...ok
   - static_callcallcodecallcode_011_OOGMBefore2_d1g0v0_Byzantium...ok
   - ecmul_1-2_0_28000_80_d0g1v0_EIP150...ok
   - randomStatetest529BC_Frontier...WARN:ethcore::verification::queue::kind::blocks: Stage 1 block verification failed for 0x302c…c9ad: Error(Block(TooMuchGasUsed(OutOfBounds { min: None, max: Some(0x2fefba), found: 0x12b9af98 })), State { next_error: None, backtrace: InternalBacktrace { backtrace: None } })
ok
   - ecmul_1-2_0_28000_80_d0g1v0_EIP158...ok
   - gasLimitLTGasUsageUncle_Homestead...ok
   - static_callcallcodecallcode_011_OOGMBefore2_d1g0v0_EIP150...ok
   - randomStatetest529BC_Homestead...ok
   - static_callcallcodecallcode_011_OOGMBefore2_d1g0v0_EIP158...ok
   - ecmul_1-2_0_28000_80_d0g1v0_Frontier...WARN:ethcore::verification::queue::kind::blocks: Stage 1 block verification failed for 0x38cf…3c41: Error(Block(TooMuchGasUsed(OutOfBounds { min: None, max: Some(0x2fefba), found: 0x12b9af98 })), State { next_error: None, backtrace: InternalBacktrace { backtrace: None } })
ok
   - futureUncleTimestampDifficultyDrop_Byzantium...ok
   - static_callcallcodecallcode_011_OOGMBefore2_d1g0v0_Frontier...ok
ok
   - ecmul_1-2_0_28000_80_d0g1v0_Homestead...   - randomStatetest253BC_Byzantium...ok
   - static_callcallcodecallcode_011_OOGMBefore2_d1g0v0_Homestead...WARN:ethcore::client::client: Stage 5 block verification failed for #3 (0x98e5…f725)
Error: Error(Block(InvalidStateRoot(Mismatch { expected: 0x77f96f4c766c10cd0207e2672b1b747c741ed75bc94e7be7abacb71cdca3c8fb, found: 0xaa4b1943360f5a0ea3b1a2a1d661de5b6d773eb371bd84b319837d96ffc7b630 })), State { next_error: None, backtrace: InternalBacktrace { backtrace: None } })
ok
   - randomStatetest253BC_EIP150...ok
ok
   - futureUncleTimestampDifficultyDrop_EIP150...   - ecadd_1-2_1-2_25000_192_d0g0v0_Byzantium...ok
   - static_RevertDepth2_d0g0v0_Byzantium...ok
   - static_RevertDepth2_d0g0v0_EIP150...ok
   - randomStatetest253BC_EIP158...ok
   - futureUncleTimestampDifficultyDrop_EIP158...ok
   - ecadd_1-2_1-2_25000_192_d0g0v0_EIP150...ok
   - ecadd_1-2_1-2_25000_192_d0g0v0_EIP158...ok
   - static_RevertDepth2_d0g0v0_EIP158...ok
   - randomStatetest253BC_Frontier...ok
   - ecadd_1-2_1-2_25000_192_d0g0v0_Frontier...ok
   - futureUncleTimestampDifficultyDrop_Frontier...ok
   - static_RevertDepth2_d0g0v0_Frontier...ok
   - randomStatetest253BC_Homestead...ok
   - ecadd_1-2_1-2_25000_192_d0g0v0_Homestead...ok
ok
   - static_RevertDepth2_d0g0v0_Homestead...ok
   - futureUncleTimestampDifficultyDrop_Homestead...   - ecadd_6-9_19274124-124124_21000_128_d0g3v0_Byzantium...ok
   - randomStatetest486BC_Byzantium...ok
   - ecadd_6-9_19274124-124124_21000_128_d0g3v0_EIP150...ok
   - randomStatetest486BC_EIP150...ok
   - static_callcodecallcall_100_OOGMBefore_d1g0v0_Byzantium...ok
ok
   - ecadd_6-9_19274124-124124_21000_128_d0g3v0_EIP158...   - gasLimitTooHigh_Byzantium...ok
   - static_callcodecallcall_100_OOGMBefore_d1g0v0_EIP150...ok
   - randomStatetest486BC_EIP158...ok
   - ecadd_6-9_19274124-124124_21000_128_d0g3v0_Frontier...WARN:ethcore::client::client: Stage 3 block verification failed for #3 (0x932a…40d4)
Error: Error(Block(InvalidGasLimit(OutOfBounds { min: Some(0x2fe3bf), max: Some(0x2ffbb5), found: 0xc88659 })), State { next_error: None, backtrace: InternalBacktrace { backtrace: None } })
ok
   - gasLimitTooHigh_EIP150...ok
   - ecadd_6-9_19274124-124124_21000_128_d0g3v0_Homestead...ok
   - randomStatetest486BC_Frontier...ok
   - static_callcodecallcall_100_OOGMBefore_d1g0v0_EIP158...WARN:ethcore::client::client: Stage 3 block verification failed for #3 (0xdf7d…64af)
Error: Error(Block(InvalidGasLimit(OutOfBounds { min: Some(0x2fe3bf), max: Some(0x2ffbb5), found: 0xc88659 })), State { next_error: None, backtrace: InternalBacktrace { backtrace: None } })
ok
   - gasLimitTooHigh_EIP158...ok
   - randomStatetest486BC_Homestead...ok
ok
   - static_callcodecallcall_100_OOGMBefore_d1g0v0_Frontier...   - pointAddTrunc_d2g0v0_Byzantium...ok
   - randomStatetest344BC_Byzantium...WARN:ethcore::client::client: Stage 3 block verification failed for #3 (0x0784…b4e1)
Error: Error(Block(InvalidGasLimit(OutOfBounds { min: Some(0x2fe3bf), max: Some(0x2ffbb5), found: 0xc88659 })), State { next_error: None, backtrace: InternalBacktrace { backtrace: None } })
ok
   - gasLimitTooHigh_Frontier...ok
   - static_callcodecallcall_100_OOGMBefore_d1g0v0_Homestead...ok
   - pointAddTrunc_d2g0v0_EIP150...WARN:ethcore::client::client: Stage 3 block verification failed for #3 (0x7b35…5d1d)
Error: Error(Block(InvalidGasLimit(OutOfBounds { min: Some(0x2fe3bf), max: Some(0x2ffbb5), found: 0xc88659 })), State { next_error: None, backtrace: InternalBacktrace { backtrace: None } })
ok
   - gasLimitTooHigh_Homestead...ok
   - randomStatetest344BC_EIP150...ok
   - static_callToDelCallOpCodeCheck_d0g0v0_Byzantium...ok
   - pointAddTrunc_d2g0v0_EIP158...WARN:ethcore::client::client: Stage 3 block verification failed for #3 (0x7537…8b9b)
Error: Error(Block(InvalidGasLimit(OutOfBounds { min: Some(0x2fe3bf), max: Some(0x2ffbb5), found: 0xc88659 })), State { next_error: None, backtrace: InternalBacktrace { backtrace: None } })
ok
   - futureUncleTimestampDifficultyDrop2_Byzantium...ok
   - randomStatetest344BC_EIP158...ok
   - static_callToDelCallOpCodeCheck_d0g0v0_EIP150...ok
   - pointAddTrunc_d2g0v0_Frontier...ok
   - futureUncleTimestampDifficultyDrop2_EIP150...ok
   - randomStatetest344BC_Frontier...ok
   - static_callToDelCallOpCodeCheck_d0g0v0_EIP158...ok
   - pointAddTrunc_d2g0v0_Homestead...ok
   - randomStatetest344BC_Homestead...ok
   - static_callToDelCallOpCodeCheck_d0g0v0_Frontier...WARN:ethcore::client::client: Stage 5 block verification failed for #3 (0xf5cc…9cda)
Error: Error(Block(InvalidStateRoot(Mismatch { expected: 0xaa4b1943360f5a0ea3b1a2a1d661de5b6d773eb371bd84b319837d96ffc7b630, found: 0x77f96f4c766c10cd0207e2672b1b747c741ed75bc94e7be7abacb71cdca3c8fb })), State { next_error: None, backtrace: InternalBacktrace { backtrace: None } })
ok
   - futureUncleTimestampDifficultyDrop2_EIP158...ok
   - ecmul_0-0_0_21000_40_d0g2v0_Byzantium...ok
   - randomStatetest71BC_Byzantium...ok
   - static_callToDelCallOpCodeCheck_d0g0v0_Homestead...ok
   - ecmul_0-0_0_21000_40_d0g2v0_EIP150...WARN:ethcore::client::client: Stage 5 block verification failed for #3 (0xd18a…3762)
Error: Error(Block(InvalidStateRoot(Mismatch { expected: 0xaa4b1943360f5a0ea3b1a2a1d661de5b6d773eb371bd84b319837d96ffc7b630, found: 0x77f96f4c766c10cd0207e2672b1b747c741ed75bc94e7be7abacb71cdca3c8fb })), State { next_error: None, backtrace: InternalBacktrace { backtrace: None } })
ok
   - randomStatetest71BC_EIP150...ok
   - futureUncleTimestampDifficultyDrop2_Frontier...ok
   - static_ABAcalls1_d0g0v0_Byzantium...ok
   - randomStatetest71BC_EIP158...WARN:ethcore::client::client: Stage 5 block verification failed for #3 (0x0a91…cdff)
Error: Error(Block(InvalidStateRoot(Mismatch { expected: 0xaa4b1943360f5a0ea3b1a2a1d661de5b6d773eb371bd84b319837d96ffc7b630, found: 0x77f96f4c766c10cd0207e2672b1b747c741ed75bc94e7be7abacb71cdca3c8fb })), State { next_error: None, backtrace: InternalBacktrace { backtrace: None } })
ok
   - futureUncleTimestampDifficultyDrop2_Homestead...ok
   - ecmul_0-0_0_21000_40_d0g2v0_EIP158...ok
   - randomStatetest71BC_Frontier...ok
   - ecmul_0-0_0_21000_40_d0g2v0_Frontier...ok
   - static_ABAcalls1_d0g0v0_EIP150...WARN:ethcore::client::client: Stage 5 block verification failed for #3 (0xa4f9…eca6)
Error: Error(Block(InvalidStateRoot(Mismatch { expected: 0xaa4b1943360f5a0ea3b1a2a1d661de5b6d773eb371bd84b319837d96ffc7b630, found: 0x77f96f4c766c10cd0207e2672b1b747c741ed75bc94e7be7abacb71cdca3c8fb })), State { next_error: None, backtrace: InternalBacktrace { backtrace: None } })
ok
   - incorrectUncleTimestamp_Byzantium...ok
   - static_ABAcalls1_d0g0v0_EIP158...ok
   - randomStatetest71BC_Homestead...ok
   - ecmul_0-0_0_21000_40_d0g2v0_Homestead...ok
   - static_ABAcalls1_d0g0v0_Frontier...WARN:ethcore::client::client: Stage 3 block verification failed for #3 (0x0e21…aaa8)
Error: Error(Block(InvalidTimestamp(OutOfBounds { min: Some(SystemTime { tv_sec: 3039922668, tv_nsec: 124924077 }), max: None, found: SystemTime { tv_sec: 3039922667, tv_nsec: 124924280 } })), State { next_error: None, backtrace: InternalBacktrace { backtrace: None } })
ok
   - incorrectUncleTimestamp_EIP150...ok
   - randomStatetest152BC_Byzantium...ok
   - ecadd_1145-3932_2969-1336_25000_128_d0g3v0_Byzantium...ok
   - static_ABAcalls1_d0g0v0_Homestead...ok
   - randomStatetest152BC_EIP150...WARN:ethcore::client::client: Stage 3 block verification failed for #3 (0x4ec1…caa8)
Error: Error(Block(InvalidTimestamp(OutOfBounds { min: Some(SystemTime { tv_sec: 3039922649, tv_nsec: 195874811 }), max: None, found: SystemTime { tv_sec: 3039922648, tv_nsec: 195875090 } })), State { next_error: None, backtrace: InternalBacktrace { backtrace: None } })
ok
   - incorrectUncleTimestamp_EIP158...ok
   - ecadd_1145-3932_2969-1336_25000_128_d0g3v0_EIP150...ok
ok
   - randomStatetest152BC_EIP158...   - static_CallIdentity_4_gas18_d0g0v0_Byzantium...ok
   - ecadd_1145-3932_2969-1336_25000_128_d0g3v0_EIP158...WARN:ethcore::client::client: Stage 3 block verification failed for #3 (0xb244…9d2a)
Error: Error(Block(InvalidTimestamp(OutOfBounds { min: Some(SystemTime { tv_sec: 3039922657, tv_nsec: 257777076 }), max: None, found: SystemTime { tv_sec: 3039922656, tv_nsec: 257777271 } })), State { next_error: None, backtrace: InternalBacktrace { backtrace: None } })
ok
   - incorrectUncleTimestamp_Frontier...ok
   - static_CallIdentity_4_gas18_d0g0v0_EIP150...ok
   - randomStatetest152BC_Frontier...ok
   - static_CallIdentity_4_gas18_d0g0v0_EIP158...ok
   - ecadd_1145-3932_2969-1336_25000_128_d0g3v0_Frontier...ok
   - randomStatetest152BC_Homestead...WARN:ethcore::client::client: Stage 3 block verification failed for #3 (0xf7f3…75f7)
Error: Error(Block(InvalidTimestamp(OutOfBounds { min: Some(SystemTime { tv_sec: 3039922632, tv_nsec: 320147371 }), max: None, found: SystemTime { tv_sec: 3039922631, tv_nsec: 320147478 } })), State { next_error: None, backtrace: InternalBacktrace { backtrace: None } })
ok
   - incorrectUncleTimestamp_Homestead...ok
   - ecadd_1145-3932_2969-1336_25000_128_d0g3v0_Homestead...ok
   - static_CallIdentity_4_gas18_d0g0v0_Frontier...ok
ok
   - randomStatetest394BC_Byzantium...   - ecmul_0-0_5616_21000_128_d0g1v0_Byzantium...WARN:ethcore::client::client: Stage 3 block verification failed for #3 (0xd9ae…5514)
Error: Error(Block(InvalidTimestamp(OutOfBounds { min: Some(SystemTime { tv_sec: 3039922640, tv_nsec: 382573921 }), max: None, found: SystemTime { tv_sec: 3039922639, tv_nsec: 382574104 } })), State { next_error: None, backtrace: InternalBacktrace { backtrace: None } })
ok
   - incorrectUncleNumber500_Byzantium...ok
   - static_CallIdentity_4_gas18_d0g0v0_Homestead...ok
   - randomStatetest394BC_EIP150...ok
   - static_log0_emptyMem_d0g0v0_Byzantium...ok
   - ecmul_0-0_5616_21000_128_d0g1v0_EIP150...ok
   - randomStatetest394BC_EIP158...WARN:ethcore::client::client: Stage 3 block verification failed for #3 (0xfd2b…f429)
Error: Error(Block(UncleIsBrother(OutOfBounds { min: Some(3), max: Some(2), found: 500 })), State { next_error: None, backtrace: InternalBacktrace { backtrace: None } })
ok
   - static_log0_emptyMem_d0g0v0_EIP150...ok
   - incorrectUncleNumber500_EIP150...ok
   - randomStatetest394BC_Frontier...WARN:ethcore::client::client: Stage 3 block verification failed for #3 (0xd505…efd7)
Error: Error(Block(UncleIsBrother(OutOfBounds { min: Some(3), max: Some(2), found: 500 })), State { next_error: None, backtrace: InternalBacktrace { backtrace: None } })
ok
   - ecmul_0-0_5616_21000_128_d0g1v0_EIP158...ok
   - incorrectUncleNumber500_EIP158...ok
   - static_log0_emptyMem_d0g0v0_EIP158...ok
   - ecmul_0-0_5616_21000_128_d0g1v0_Frontier...ok
   - static_log0_emptyMem_d0g0v0_Frontier...WARN:ethcore::client::client: Stage 3 block verification failed for #3 (0xe799…ec87)
Error: Error(Block(UncleIsBrother(OutOfBounds { min: Some(3), max: Some(2), found: 500 })), State { next_error: None, backtrace: InternalBacktrace { backtrace: None } })
ok
   - incorrectUncleNumber500_Frontier...ok
   - randomStatetest394BC_Homestead...ok
   - ecmul_0-0_5616_21000_128_d0g1v0_Homestead...ok
   - randomStatetest373BC_Byzantium...ok
   - static_log0_emptyMem_d0g0v0_Homestead...ok
   - randomStatetest373BC_EIP150...WARN:ethcore::client::client: Stage 3 block verification failed for #3 (0x96fd…e741)
Error: Error(Block(UncleIsBrother(OutOfBounds { min: Some(3), max: Some(2), found: 500 })), State { next_error: None, backtrace: InternalBacktrace { backtrace: None } })
ok
   - incorrectUncleNumber500_Homestead...ok
   - ecmul_1-2_9_21000_128_d0g3v0_Byzantium...ok
   - static_log_Caller_d1g0v0_Byzantium...ok
   - ecmul_1-2_9_21000_128_d0g3v0_EIP150...ok
   - randomStatetest373BC_EIP158...WARN:ethcore::client::client: Stage 3 block verification failed for #3 (0x905b…30a8)
Error: Error(Block(UncleIsBrother(OutOfBounds { min: Some(3), max: Some(2), found: 500 })), State { next_error: None, backtrace: InternalBacktrace { backtrace: None } })
ok
   - incorrectUncleNumber1_Byzantium...ok
   - ecmul_1-2_9_21000_128_d0g3v0_EIP158...ok
   - static_log_Caller_d1g0v0_EIP150...ok
   - randomStatetest373BC_Frontier...ok
   - ecmul_1-2_9_21000_128_d0g3v0_Frontier...ok
   - static_log_Caller_d1g0v0_EIP158...WARN:ethcore::client::client: Stage 3 block verification failed for #3 (0xa454…4fd7)
Error: Error(Block(UncleParentNotInChain(0xa3cd2798ccc7f84324a2ca59cac90ea5ad7948f48bcd4a6f847bffbba86b5a99)), State { next_error: None, backtrace: InternalBacktrace { backtrace: None } })
ok
   - incorrectUncleNumber1_EIP150...ok
   - ecmul_1-2_9_21000_128_d0g3v0_Homestead...ok
   - randomStatetest373BC_Homestead...ok
   - ecmul_7827-6598_5617_21000_128_d0g2v0_Byzantium...ok
   - static_log_Caller_d1g0v0_Frontier...WARN:ethcore::client::client: Stage 3 block verification failed for #3 (0xaf31…0ecd)
Error: Error(Block(UncleParentNotInChain(0xee7b6e4b7a81de0e0d4defa62ae217e1b2d5550d95517ebe5b9a7d643a6b55d8)), State { next_error: None, backtrace: InternalBacktrace { backtrace: None } })
ok
   - incorrectUncleNumber1_EIP158...ok
   - randomStatetest68BC_Byzantium...ok
   - static_log_Caller_d1g0v0_Homestead...ok
   - ecmul_7827-6598_5617_21000_128_d0g2v0_EIP150...WARN:ethcore::client::client: Stage 3 block verification failed for #3 (0xb1e5…798f)
Error: Error(Block(UncleParentNotInChain(0x8441183b300d43cfd50d56da5063d819d9921677c415478c9fb4f518120761e6)), State { next_error: None, backtrace: InternalBacktrace { backtrace: None } })
ok
   - randomStatetest68BC_EIP150...ok
   - incorrectUncleNumber1_Frontier...ok
   - static_callBasic_d1g0v0_Byzantium...ok
WARN:ethcore::client::client: Stage 3 block verification failed for #3 (0xd7d9…0a42)
Error: Error(Block(UncleParentNotInChain(0x209a13bfaa4432d6926ce14d0222c4dd83d0927e716745d162b905e83d5c0661)), State { next_error: None, backtrace: InternalBacktrace { backtrace: None } })   - randomStatetest68BC_EIP158...
ok
   - ecmul_7827-6598_5617_21000_128_d0g2v0_EIP158...ok
ok
   - incorrectUncleNumber1_Homestead...   - static_callBasic_d1g0v0_EIP150...ok
   - ecmul_7827-6598_5617_21000_128_d0g2v0_Frontier...ok
   - randomStatetest68BC_Frontier...WARN:ethcore::client::client: Stage 3 block verification failed for #3 (0x9aff…488f)
Error: Error(Block(UncleParentNotInChain(0x26055b0cdf30c414c1d1d99e9d78d0d2dd5f27316892ad7b738e9b871e9af700)), State { next_error: None, backtrace: InternalBacktrace { backtrace: None } })
ok
   - static_callBasic_d1g0v0_EIP158...ok
   - diffTooLow_Byzantium...ok
   - ecmul_7827-6598_5617_21000_128_d0g2v0_Homestead...ok
   - randomStatetest68BC_Homestead...WARN:ethcore::verification::queue::kind::blocks: Stage 1 block verification failed for 0x3941…85d9: Error(Block(DifficultyOutOfBounds(OutOfBounds { min: Some(0x20000), max: None, found: 0x1ffff })), State { next_error: None, backtrace: InternalBacktrace { backtrace: None } })
ok
   - diffTooLow_EIP150...ok
   - static_callBasic_d1g0v0_Frontier...ok
   - ecmul_1-3_9_28000_128_d0g1v0_Byzantium...ok
   - randomStatetest91BC_Byzantium...WARN:ethcore::verification::queue::kind::blocks: Stage 1 block verification failed for 0x58be…65b3: Error(Block(DifficultyOutOfBounds(OutOfBounds { min: Some(0x20000), max: None, found: 0x1ffff })), State { next_error: None, backtrace: InternalBacktrace { backtrace: None } })
ok
   - diffTooLow_EIP158...ok
   - static_callBasic_d1g0v0_Homestead...ok
   - randomStatetest91BC_EIP150...ok
   - ecmul_1-3_9_28000_128_d0g1v0_EIP150...WARN:ethcore::verification::queue::kind::blocks: Stage 1 block verification failed for 0xdbd0…ce50: Error(Block(DifficultyOutOfBounds(OutOfBounds { min: Some(0x20000), max: None, found: 0x1ffff })), State { next_error: None, backtrace: InternalBacktrace { backtrace: None } })
ok
   - diffTooLow_Frontier...ok
   - static_callcodecall_10_SuicideEnd_d1g0v0_Byzantium...WARN:ethcore::verification::queue::kind::blocks: Stage 1 block verification failed for 0xc848…632b: Error(Block(DifficultyOutOfBounds(OutOfBounds { min: Some(0x20000), max: None, found: 0x1ffff })), State { next_error: None, backtrace: InternalBacktrace { backtrace: None } })
ok
   - ecmul_1-3_9_28000_128_d0g1v0_EIP158...ok
   - diffTooLow_Homestead...ok
   - randomStatetest91BC_EIP158...ok
   - ecmul_1-3_9_28000_128_d0g1v0_Frontier...ok
   - static_callcodecall_10_SuicideEnd_d1g0v0_EIP150...WARN:ethcore::verification::queue::kind::blocks: Stage 1 block verification failed for 0xa76a…43ea: Error(Block(DifficultyOutOfBounds(OutOfBounds { min: Some(0x20000), max: None, found: 0x1ffff })), State { next_error: None, backtrace: InternalBacktrace { backtrace: None } })
ok
   - wrongParentHash_Byzantium...ok
   - randomStatetest91BC_Frontier...ok
   - ecmul_1-3_9_28000_128_d0g1v0_Homestead...ok
   - static_callcodecall_10_SuicideEnd_d1g0v0_EIP158...ok
   - ecmul_1-3_340282366920938463463374607431768211456_21000_128_d0g3v0_Byzantium...ok
   - randomStatetest91BC_Homestead...WARN:ethcore::client::client: Stage 3 block verification failed for #3 (0xc39c…ea16)
Error: Error(Block(UnknownUncleParent(0xbad4fc6b5d99ee03c4aab1592640f6f9dcbc850668d75d631aee34989b938fae)), State { next_error: None, backtrace: InternalBacktrace { backtrace: None } })
ok
   - wrongParentHash_EIP150...ok
   - static_callcodecall_10_SuicideEnd_d1g0v0_Frontier...ok
   - ecmul_1-3_340282366920938463463374607431768211456_21000_128_d0g3v0_EIP150...ok
   - randomStatetest258BC_Byzantium...ok
   - static_callcodecall_10_SuicideEnd_d1g0v0_Homestead...WARN:ethcore::client::client: Stage 3 block verification failed for #3 (0x036f…d815)
Error: Error(Block(UnknownUncleParent(0xbad4fc6b5d99ee03c4aab1592640f6f9dcbc850668d75d631aee34989b938fae)), State { next_error: None, backtrace: InternalBacktrace { backtrace: None } })
ok
   - wrongParentHash_EIP158...ok
   - static_CheckOpcodes2_d1g0v0_Byzantium...ok
   - ecmul_1-3_340282366920938463463374607431768211456_21000_128_d0g3v0_EIP158...ok
   - randomStatetest258BC_EIP150...ok
   - static_CheckOpcodes2_d1g0v0_EIP150...ok
   - randomStatetest258BC_EIP158...WARN:ethcore::client::client: Stage 3 block verification failed for #3 (0x6545…2900)
Error: Error(Block(UnknownUncleParent(0xbad4fc6b5d99ee03c4aab1592640f6f9dcbc850668d75d631aee34989b938fae)), State { next_error: None, backtrace: InternalBacktrace { backtrace: None } })
ok
   - wrongParentHash_Frontier...ok
   - static_CheckOpcodes2_d1g0v0_EIP158...ok
   - ecmul_1-3_340282366920938463463374607431768211456_21000_128_d0g3v0_Frontier...ok
   - randomStatetest258BC_Frontier...ok
   - static_CheckOpcodes2_d1g0v0_Frontier...WARN:ethcore::client::client: Stage 3 block verification failed for #3 (0xcbcf…e30d)
Error: Error(Block(UnknownUncleParent(0xbad4fc6b5d99ee03c4aab1592640f6f9dcbc850668d75d631aee34989b938fae)), State { next_error: None, backtrace: InternalBacktrace { backtrace: None } })
ok
   - ecmul_1-3_340282366920938463463374607431768211456_21000_128_d0g3v0_Homestead...ok
   - wrongParentHash_Homestead...ok
   - ecmul_1-3_2_28000_96_d0g1v0_Byzantium...ok
   - static_CheckOpcodes2_d1g0v0_Homestead...WARN:ethcore::client::client: Stage 3 block verification failed for #3 (0xfacb…a3ed)
Error: Error(Block(UnknownUncleParent(0xbad4fc6b5d99ee03c4aab1592640f6f9dcbc850668d75d631aee34989b938fae)), State { next_error: None, backtrace: InternalBacktrace { backtrace: None } })
ok
ok
   - randomStatetest258BC_Homestead...   - uncleBloomNot0_Byzantium...ok
   - ecmul_1-3_2_28000_96_d0g1v0_EIP150...WARN:ethcore::client::client: Stage 5 block verification failed for #3 (0xbd8b…959f)
Error: Error(Block(InvalidStateRoot(Mismatch { expected: 0x77f96f4c766c10cd0207e2672b1b747c741ed75bc94e7be7abacb71cdca3c8fb, found: 0xaa4b1943360f5a0ea3b1a2a1d661de5b6d773eb371bd84b319837d96ffc7b630 })), State { next_error: None, backtrace: InternalBacktrace { backtrace: None } })
ok
   - uncleBloomNot0_EIP150...ok
   - randomStatetest193BC_Byzantium...ok
   - static_callcodecallcallcode_ABCB_RECURSIVE2_d0g0v0_Byzantium...ok
   - ecmul_1-3_2_28000_96_d0g1v0_EIP158...ok
   - randomStatetest193BC_EIP150...ok
   - static_callcodecallcallcode_ABCB_RECURSIVE2_d0g0v0_EIP150...ok
   - uncleBloomNot0_EIP158...ok
   - ecmul_1-3_2_28000_96_d0g1v0_Frontier...ok
   - randomStatetest193BC_EIP158...ok
   - static_callcodecallcallcode_ABCB_RECURSIVE2_d0g0v0_EIP158...ok
   - static_callcodecallcallcode_ABCB_RECURSIVE2_d0g0v0_Frontier...ok
   - ecmul_1-3_2_28000_96_d0g1v0_Homestead...ok
   - randomStatetest193BC_Frontier...ok
   - uncleBloomNot0_Frontier...ok
   - static_callcodecallcallcode_ABCB_RECURSIVE2_d0g0v0_Homestead...ok
   - uncleBloomNot0_Homestead...ok
   - ecmul_0-3_340282366920938463463374607431768211456_21000_80_d0g3v0_Byzantium...ok
   - randomStatetest193BC_Homestead...ok
test json_tests::chain::block_tests::BlockchainTests_bcUncleHeaderValidity ... ok
   - uncleHeaderAtBlock2_Byzantium...ok
   - static_Call10_d0g0v0_Byzantium...ok
   - randomStatetest431BC_Byzantium...ok
   - ecmul_0-3_340282366920938463463374607431768211456_21000_80_d0g3v0_EIP150...ok
   - static_Call10_d0g0v0_EIP150...ok
   - static_Call10_d0g0v0_EIP158...WARN:ethcore::client::client: Stage 5 block verification failed for #2 (0xc334…0c7f)
Error: Error(Block(InvalidStateRoot(Mismatch { expected: 0x6ff22555fde6fe93e5b412a8691287a5be5708246adfd0c599604849925fcc34, found: 0xe1aff725a27c18dbb8d70c2d0e049511dabba2f595c20f7c67ad4026d6275f88 })), State { next_error: None, backtrace: InternalBacktrace { backtrace: None } })
ok
   - randomStatetest431BC_EIP150...ok
   - uncleHeaderAtBlock2_EIP150...ok
   - ecmul_0-3_340282366920938463463374607431768211456_21000_80_d0g3v0_EIP158...ok
   - static_Call10_d0g0v0_Frontier...ok
   - randomStatetest431BC_EIP158...ok
   - static_Call10_d0g0v0_Homestead...ok
   - ecmul_0-3_340282366920938463463374607431768211456_21000_80_d0g3v0_Frontier...ok
   - randomStatetest431BC_Frontier...ok
   - ecmul_0-3_340282366920938463463374607431768211456_21000_80_d0g3v0_Homestead...ok
   - uncleHeaderAtBlock2_EIP158...ok
   - randomStatetest431BC_Homestead...ok
   - static_callCreate_d3g0v0_Byzantium...ok
   - ecmul_1-3_9935_21000_96_d0g0v0_Byzantium...ok
   - randomStatetest61BC_Byzantium...ok
   - uncleHeaderAtBlock2_Frontier...ok
   - static_callCreate_d3g0v0_EIP150...ok
   - ecmul_1-3_9935_21000_96_d0g0v0_EIP150...ok
   - randomStatetest61BC_EIP150...ok
   - uncleHeaderAtBlock2_Homestead...ok
   - static_callCreate_d3g0v0_EIP158...ok
   - static_callCreate_d3g0v0_Frontier...ok
   - ecmul_1-3_9935_21000_96_d0g0v0_EIP158...ok
   - randomStatetest61BC_EIP158...ok
   - static_callCreate_d3g0v0_Homestead...ok
   - InChainUncle_Byzantium...ok
   - static_callcodecallcallcode_101_2_d0g0v0_Byzantium...ok
   - randomStatetest61BC_Frontier...ok
   - ecmul_1-3_9935_21000_96_d0g0v0_Frontier...ok
   - static_callcodecallcallcode_101_2_d0g0v0_EIP150...WARN:ethcore::client::client: Stage 3 block verification failed for #3 (0x7548…897c)
Error: Error(Block(UncleInChain(0xddd14d963e6be93785cc55cb7a2e3878b08968def4cf69fd7aaca511c34b590d)), State { next_error: None, backtrace: InternalBacktrace { backtrace: None } })
ok
   - ecmul_1-3_9935_21000_96_d0g0v0_Homestead...ok
   - InChainUncle_EIP150...ok
   - randomStatetest61BC_Homestead...ok
   - ecmul_1-3_0_28000_64_d0g1v0_Byzantium...ok
   - static_callcodecallcallcode_101_2_d0g0v0_EIP158...ok
   - randomStatetest622BC_Byzantium...WARN:ethcore::client::client: Stage 3 block verification failed for #3 (0x78a6…d300)
Error: Error(Block(UncleInChain(0x9fe17fc4dc7f078ca62d77d47d51a71f1dfee13fa06cb225164b089ce3724e35)), State { next_error: None, backtrace: InternalBacktrace { backtrace: None } })
ok
   - InChainUncle_EIP158...ok
   - ecmul_1-3_0_28000_64_d0g1v0_EIP150...ok
   - static_callcodecallcallcode_101_2_d0g0v0_Frontier...ok
   - ecmul_1-3_0_28000_64_d0g1v0_EIP158...ok
   - static_callcodecallcallcode_101_2_d0g0v0_Homestead...ok
   - randomStatetest622BC_EIP150...WARN:ethcore::client::client: Stage 3 block verification failed for #3 (0x2c36…cd66)
Error: Error(Block(UncleInChain(0xeff0e467b20709a6dd4ac29474944bdc82cd8127deba86165d02d69b9276cfcc)), State { next_error: None, backtrace: InternalBacktrace { backtrace: None } })
ok
   - InChainUncle_Frontier...ok
   - static_Call50000_rip160_d1g0v0_Byzantium...ok
   - ecmul_1-3_0_28000_64_d0g1v0_Frontier...ok
   - randomStatetest622BC_EIP158...WARN:ethcore::client::client: Stage 3 block verification failed for #3 (0xb582…203b)
Error: Error(Block(UncleInChain(0x3d2ebec51087203bb5b21353e6b0bea40fd8ccebdcb534232caff93d359c2d36)), State { next_error: None, backtrace: InternalBacktrace { backtrace: None } })
ok
   - InChainUncle_Homestead...ok
   - ecmul_1-3_0_28000_64_d0g1v0_Homestead...ok
   - ecmul_7827-6598_5616_28000_128_d0g0v0_Byzantium...WARN:ethcore::client::client: Stage 3 block verification failed for #3 (0x15cb…907f)
Error: Error(Block(UncleInChain(0xfbdc4a1101e4a3a62587defd7732855976f4b1ab9d8b6a60e726ec9d4c5d40ce)), State { next_error: None, backtrace: InternalBacktrace { backtrace: None } })
ok
ok
   - randomStatetest622BC_Frontier...   - threeUncle_Byzantium...ok
   - ecmul_7827-6598_5616_28000_128_d0g0v0_EIP150...ok
   - randomStatetest622BC_Homestead...ok
   - ecmul_7827-6598_5616_28000_128_d0g0v0_EIP158...WARN:ethcore::client::client: Stage 3 block verification failed for #3 (0x0382…715d)
Error: Error(Block(TooManyUncles(OutOfBounds { min: None, max: Some(2), found: 3 })), State { next_error: None, backtrace: InternalBacktrace { backtrace: None } })
ok
   - threeUncle_EIP150...ok
   - ecmul_7827-6598_5616_28000_128_d0g0v0_Frontier...ok
   - randomStatetest557BC_Byzantium...ok
   - ecmul_7827-6598_5616_28000_128_d0g0v0_Homestead...WARN:ethcore::client::client: Stage 3 block verification failed for #3 (0xdd96…c397)
Error: Error(Block(TooManyUncles(OutOfBounds { min: None, max: Some(2), found: 3 })), State { next_error: None, backtrace: InternalBacktrace { backtrace: None } })
ok
   - threeUncle_EIP158...ok
   - randomStatetest557BC_EIP150...ok
   - ecadd_1-2_0-0_25000_128_d0g0v0_Byzantium...ok
   - randomStatetest557BC_EIP158...ok
   - ecadd_1-2_0-0_25000_128_d0g0v0_EIP150...WARN:ethcore::client::client: Stage 3 block verification failed for #3 (0x8212…e43a)
Error: Error(Block(TooManyUncles(OutOfBounds { min: None, max: Some(2), found: 3 })), State { next_error: None, backtrace: InternalBacktrace { backtrace: None } })
ok
   - randomStatetest557BC_Frontier...ok
   - threeUncle_Frontier...ok
   - randomStatetest557BC_Homestead...ok
   - ecadd_1-2_0-0_25000_128_d0g0v0_EIP158...WARN:ethcore::client::client: Stage 3 block verification failed for #3 (0x27db…715e)
Error: Error(Block(TooManyUncles(OutOfBounds { min: None, max: Some(2), found: 3 })), State { next_error: None, backtrace: InternalBacktrace { backtrace: None } })
ok
   - threeUncle_Homestead...ok
   - randomStatetest128BC_Byzantium...ok
   - ecadd_1-2_0-0_25000_128_d0g0v0_Frontier...WARN:ethcore::client::client: Stage 3 block verification failed for #3 (0xbac8…c7a0)
Error: Error(Block(TooManyUncles(OutOfBounds { min: None, max: Some(2), found: 3 })), State { next_error: None, backtrace: InternalBacktrace { backtrace: None } })
ok
   - InChainUncleGreatGreatGreatGrandPa_Byzantium...ok
   - ecadd_1-2_0-0_25000_128_d0g0v0_Homestead...ok
   - randomStatetest128BC_EIP150...ok
   - static_Call50000_rip160_d1g0v0_EIP150...ok
   - ecmul_0-0_5616_28000_96_d0g3v0_Byzantium...ok
   - randomStatetest128BC_EIP158...WARN:ethcore::client::client: Stage 3 block verification failed for #6 (0xb6a9…03a4)
Error: Error(Block(UncleInChain(0x504efeb7e40a62b8969b9c33b84ac358d7e6baab7884bdb717badf93011951ea)), State { next_error: None, backtrace: InternalBacktrace { backtrace: None } })
ok
   - InChainUncleGreatGreatGreatGrandPa_EIP150...ok
   - static_Call50000_rip160_d1g0v0_EIP158...ok
   - ecmul_0-0_5616_28000_96_d0g3v0_EIP150...ok
   - randomStatetest128BC_Frontier...ok
   - static_Call50000_rip160_d1g0v0_Frontier...ok
   - ecmul_0-0_5616_28000_96_d0g3v0_EIP158...WARN:ethcore::client::client: Stage 3 block verification failed for #6 (0xe110…7049)
Error: Error(Block(UncleInChain(0xb4b4ea8c8012adbeff4bdc250d0392af333d146ef4f5c44ddf8c062528fbb537)), State { next_error: None, backtrace: InternalBacktrace { backtrace: None } })
ok
   - InChainUncleGreatGreatGreatGrandPa_EIP158...ok
   - randomStatetest128BC_Homestead...ok
   - static_Call50000_rip160_d1g0v0_Homestead...ok
   - ecmul_0-0_5616_28000_96_d0g3v0_Frontier...ok
   - static_callcallcodecall_010_OOGE_2_d1g0v0_Byzantium...ok
   - randomStatetest561BC_Byzantium...ok
   - ecmul_0-0_5616_28000_96_d0g3v0_Homestead...WARN:ethcore::client::client: Stage 3 block verification failed for #6 (0x8885…8213)
Error: Error(Block(UncleInChain(0x2bd45ba165d2a92440d8e4726a1ed53dc75526ade69f7d43d41c53979ea12c5a)), State { next_error: None, backtrace: InternalBacktrace { backtrace: None } })
ok
   - InChainUncleGreatGreatGreatGrandPa_Frontier...ok
ok
   - randomStatetest561BC_EIP150...   - static_callcallcodecall_010_OOGE_2_d1g0v0_EIP150...ok
   - pointMulAdd2_d26g2v0_Byzantium...WARN:ethcore::client::client: Stage 3 block verification failed for #6 (0x167f…5c0b)
Error: Error(Block(UncleInChain(0x71a08138fe7ee714652d9144a58a80ed83a1fa3f5d9e58a32a167e7720966072)), State { next_error: None, backtrace: InternalBacktrace { backtrace: None } })
ok
   - InChainUncleGreatGreatGreatGrandPa_Homestead...ok
   - static_callcallcodecall_010_OOGE_2_d1g0v0_EIP158...ok
   - randomStatetest561BC_EIP158...ok
   - pointMulAdd2_d26g2v0_EIP150...ok
   - static_callcallcodecall_010_OOGE_2_d1g0v0_Frontier...ok
   - pointMulAdd2_d26g2v0_EIP158...ok
   - randomStatetest561BC_Frontier...ok
   - static_callcallcodecall_010_OOGE_2_d1g0v0_Homestead...WARN:ethcore::client::client: Stage 3 block verification failed for #6 (0x6521…5bab)
Error: Error(Block(UncleInChain(0xdb1e709665afb8974d168af1c375387de827192a3ea8e637aa5fa7e3bad45de5)), State { next_error: None, backtrace: InternalBacktrace { backtrace: None } })
ok
   - InChainUncleGreatGrandPa_Byzantium...ok
   - pointMulAdd2_d26g2v0_Frontier...ok
   - static_Call1024PreCalls2_d1g0v0_Byzantium...ok
   - randomStatetest561BC_Homestead...WARN:ethcore::client::client: Stage 3 block verification failed for #4 (0xef5e…5719)
Error: Error(Block(UncleInChain(0x2c86b50630fed3a0b0951f41c483418b7edec201920ff50388aa7e9870eaa0d6)), State { next_error: None, backtrace: InternalBacktrace { backtrace: None } })
ok
   - InChainUncleGreatGrandPa_EIP150...ok
   - pointMulAdd2_d26g2v0_Homestead...ok
   - randomStatetest590BC_Byzantium...ok
   - ecmul_0-0_9935_21000_128_d0g2v0_Byzantium...ok
   - randomStatetest590BC_EIP150...ok
   - static_Call1024PreCalls2_d1g0v0_EIP150...WARN:ethcore::client::client: Stage 3 block verification failed for #4 (0xa56a…9310)
Error: Error(Block(UncleInChain(0xf4489a0251b027f976f730642fd54fcba7c0610a6db12fdefd957497d7b2908c)), State { next_error: None, backtrace: InternalBacktrace { backtrace: None } })
ok
   - ecmul_0-0_9935_21000_128_d0g2v0_EIP150...ok
   - InChainUncleGreatGrandPa_EIP158...ok
   - randomStatetest590BC_EIP158...ok
   - static_Call1024PreCalls2_d1g0v0_EIP158...ok
   - ecmul_0-0_9935_21000_128_d0g2v0_EIP158...ok
   - randomStatetest590BC_Frontier...ok
   - static_Call1024PreCalls2_d1g0v0_Frontier...WARN:ethcore::client::client: Stage 3 block verification failed for #4 (0xfc9a…2c5b)
Error: Error(Block(UncleInChain(0x94d4d4f3cd76a8fed9267bbca89705a016c5e4905c99be777c52e49629c51a7c)), State { next_error: None, backtrace: InternalBacktrace { backtrace: None } })
ok
   - InChainUncleGreatGrandPa_Frontier...ok
   - ecmul_0-0_9935_21000_128_d0g2v0_Frontier...ok
   - randomStatetest590BC_Homestead...ok
   - static_Call1024PreCalls2_d1g0v0_Homestead...ok
   - static_CALL_ZeroVCallSuicide_d0g0v0_Byzantium...ok
   - randomStatetest56BC_Byzantium...WARN:ethcore::client::client: Stage 3 block verification failed for #4 (0x6b46…0395)
Error: Error(Block(UncleInChain(0x645dfc13fa78c502d0e6a832ddb5ecf34ed34735b3971e1baa082c0f65b53421)), State { next_error: None, backtrace: InternalBacktrace { backtrace: None } })
ok
   - InChainUncleGreatGrandPa_Homestead...ok
   - ecmul_0-0_9935_21000_128_d0g2v0_Homestead...ok
   - static_CALL_ZeroVCallSuicide_d0g0v0_EIP150...ok
   - randomStatetest56BC_EIP150...ok
   - static_CALL_ZeroVCallSuicide_d0g0v0_EIP158...ok
   - ecmul_1-2_340282366920938463463374607431768211456_28000_128_d0g0v0_Byzantium...WARN:ethcore::client::client: Stage 3 block verification failed for #4 (0xf90d…78a8)
Error: Error(Block(UncleInChain(0x28b3270a48b1452ea6cc0cb4a9baadabb80e5166a7adaa7a40cb9357442682a0)), State { next_error: None, backtrace: InternalBacktrace { backtrace: None } })
ok
   - oneUncle_Byzantium...ok
   - static_CALL_ZeroVCallSuicide_d0g0v0_Frontier...ok
   - randomStatetest56BC_EIP158...ok
   - ecmul_1-2_340282366920938463463374607431768211456_28000_128_d0g0v0_EIP150...ok
   - static_CALL_ZeroVCallSuicide_d0g0v0_Homestead...ok
   - randomStatetest56BC_Frontier...ok
   - oneUncle_EIP150...ok
   - ecmul_1-2_340282366920938463463374607431768211456_28000_128_d0g0v0_EIP158...ok
   - static_contractCreationMakeCallThatAskMoreGasThenTransactionProvided_d0g0v0_Byzantium...ok
   - randomStatetest56BC_Homestead...ok
   - randomStatetest99BC_Byzantium...ok
   - ecmul_1-2_340282366920938463463374607431768211456_28000_128_d0g0v0_Frontier...ok
   - oneUncle_EIP158...ok
   - static_contractCreationMakeCallThatAskMoreGasThenTransactionProvided_d0g0v0_EIP150...ok
   - static_contractCreationMakeCallThatAskMoreGasThenTransactionProvided_d0g0v0_EIP158...ok
   - randomStatetest99BC_EIP150...ok
   - ecmul_1-2_340282366920938463463374607431768211456_28000_128_d0g0v0_Homestead...ok
   - static_contractCreationMakeCallThatAskMoreGasThenTransactionProvided_d0g0v0_Frontier...ok
   - oneUncle_Frontier...ok
   - pointAddTrunc_d2g1v0_Byzantium...ok
   - randomStatetest99BC_EIP158...ok
   - static_contractCreationMakeCallThatAskMoreGasThenTransactionProvided_d0g0v0_Homestead...ok
   - oneUncle_Homestead...ok
   - randomStatetest99BC_Frontier...ok
   - pointAddTrunc_d2g1v0_EIP150...ok
   - static_CallSha256_4_d0g0v0_Byzantium...ok
   - EqualUncleInTwoDifferentBlocks_Byzantium...ok
   - pointAddTrunc_d2g1v0_EIP158...ok
   - randomStatetest99BC_Homestead...ok
   - pointAddTrunc_d2g1v0_Frontier...ok
   - static_CallSha256_4_d0g0v0_EIP150...WARN:ethcore::client::client: Stage 3 block verification failed for #4 (0xda4d…f704)
Error: Error(Block(UncleInChain(0x2476b082ad2b3fdf409393b0d0530db7f03196d04dc60f3438898b5898dd7be2)), State { next_error: None, backtrace: InternalBacktrace { backtrace: None } })
ok
   - EqualUncleInTwoDifferentBlocks_EIP150...ok
   - randomStatetest522BC_Byzantium...ok
   - pointAddTrunc_d2g1v0_Homestead...ok
   - static_CallSha256_4_d0g0v0_EIP158...WARN:ethcore::client::client: Stage 3 block verification failed for #4 (0x6abb…3d03)
Error: Error(Block(UncleInChain(0x293cbb68fe0d87222e33df7ce375e1f60612f35165c5168ce789aa8b70aaf49b)), State { next_error: None, backtrace: InternalBacktrace { backtrace: None } })
ok
   - EqualUncleInTwoDifferentBlocks_EIP158...ok
   - randomStatetest522BC_EIP150...ok
ok
   - static_CallSha256_4_d0g0v0_Frontier...   - ecmul_7827-6598_0_28000_128_d0g1v0_Byzantium...WARN:ethcore::client::client: Stage 3 block verification failed for #4 (0x0cf4…33e6)
Error: Error(Block(UncleInChain(0x587c05e26f2b532cd048cc861f93b5a229994952064084e666d53ada35e4ac7a)), State { next_error: None, backtrace: InternalBacktrace { backtrace: None } })
ok
   - EqualUncleInTwoDifferentBlocks_Frontier...ok
   - randomStatetest522BC_EIP158...ok
   - static_CallSha256_4_d0g0v0_Homestead...ok
   - ecmul_7827-6598_0_28000_128_d0g1v0_EIP150...ok
   - randomStatetest522BC_Frontier...WARN:ethcore::client::client: Stage 3 block verification failed for #4 (0x596b…01fa)
Error: Error(Block(UncleInChain(0x1ee0f3d68300da9762f4e14034a206cec74acde47266aa5ef69c920b56d3473f)), State { next_error: None, backtrace: InternalBacktrace { backtrace: None } })
ok
   - EqualUncleInTwoDifferentBlocks_Homestead...ok
   - static_Call1024BalanceTooLow2_d0g0v0_Byzantium...ok
   - ecmul_7827-6598_0_28000_128_d0g1v0_EIP158...ok
   - randomStatetest522BC_Homestead...ok
   - static_Call1024BalanceTooLow2_d0g0v0_EIP150...ok
   - ecmul_7827-6598_0_28000_128_d0g1v0_Frontier...ok
   - randomStatetest463BC_Byzantium...WARN:ethcore::client::client: Stage 3 block verification failed for #4 (0xdb11…c87e)
Error: Error(Block(UncleInChain(0x906aabe9409dadd700b0a6244b9b387d2485a722ae2208837ff34c5868e14b8a)), State { next_error: None, backtrace: InternalBacktrace { backtrace: None } })
ok
   - uncleWithSameBlockNumber_Byzantium...ok
   - static_Call1024BalanceTooLow2_d0g0v0_EIP158...ok
   - ecmul_7827-6598_0_28000_128_d0g1v0_Homestead...ok
   - randomStatetest463BC_EIP150...WARN:ethcore::client::client: Stage 3 block verification failed for #3 (0x69c2…1313)
Error: Error(Block(UncleIsBrother(OutOfBounds { min: Some(3), max: Some(2), found: 3 })), State { next_error: None, backtrace: InternalBacktrace { backtrace: None } })
ok
   - uncleWithSameBlockNumber_EIP150...ok
   - ecadd_6-9_19274124-124124_25000_128_d0g2v0_Byzantium...ok
   - static_Call1024BalanceTooLow2_d0g0v0_Frontier...ok
   - randomStatetest463BC_EIP158...WARN:ethcore::client::client: Stage 3 block verification failed for #3 (0x2d2b…6e83)
Error: Error(Block(UncleIsBrother(OutOfBounds { min: Some(3), max: Some(2), found: 3 })), State { next_error: None, backtrace: InternalBacktrace { backtrace: None } })
ok
   - uncleWithSameBlockNumber_EIP158...ok
   - ecadd_6-9_19274124-124124_25000_128_d0g2v0_EIP150...ok
   - static_Call1024BalanceTooLow2_d0g0v0_Homestead...ok
   - randomStatetest463BC_Frontier...ok
   - ecadd_6-9_19274124-124124_25000_128_d0g2v0_EIP158...ok
WARN:ethcore::client::client: Stage 3 block verification failed for #3 (0x41ce…0429)
Error: Error(Block(UncleIsBrother(OutOfBounds { min: Some(3), max: Some(2), found: 3 })), State { next_error: None, backtrace: InternalBacktrace { backtrace: None } })
   - static_CheckOpcodes3_d1g0v1_Byzantium...ok
   - uncleWithSameBlockNumber_Frontier...ok
   - ecadd_6-9_19274124-124124_25000_128_d0g2v0_Frontier...ok
   - randomStatetest463BC_Homestead...ok
   - static_CheckOpcodes3_d1g0v1_EIP150...ok
WARN:ethcore::client::client: Stage 3 block verification failed for #3 (0xe9f7…8880)
Error: Error(Block(UncleIsBrother(OutOfBounds { min: Some(3), max: Some(2), found: 3 })), State { next_error: None, backtrace: InternalBacktrace { backtrace: None } })
   - randomStatetest330BC_Byzantium...ok
   - uncleWithSameBlockNumber_Homestead...ok
   - ecadd_6-9_19274124-124124_25000_128_d0g2v0_Homestead...ok
   - static_CheckOpcodes3_d1g0v1_EIP158...ok
   - randomStatetest330BC_EIP150...ok
WARN:ethcore::client::client: Stage 3 block verification failed for #3 (0xf2dc…3c36)
Error: Error(Block(UncleIsBrother(OutOfBounds { min: Some(3), max: Some(2), found: 3 })), State { next_error: None, backtrace: InternalBacktrace { backtrace: None } })
ok
   - ecmul_1-3_340282366920938463463374607431768211456_21000_128_d0g0v0_Byzantium...   - oneUncleGeneration2_Byzantium...ok
   - static_CheckOpcodes3_d1g0v1_Frontier...ok
   - randomStatetest330BC_EIP158...ok
   - ecmul_1-3_340282366920938463463374607431768211456_21000_128_d0g0v0_EIP150...ok
   - static_CheckOpcodes3_d1g0v1_Homestead...ok
   - oneUncleGeneration2_EIP150...ok
   - randomStatetest330BC_Frontier...ok
   - ecmul_1-3_340282366920938463463374607431768211456_21000_128_d0g0v0_EIP158...ok
   - static_callcodecallcodecall_110_SuicideEnd_d0g0v0_Byzantium...ok
   - randomStatetest330BC_Homestead...ok
   - oneUncleGeneration2_EIP158...ok
   - static_callcodecallcodecall_110_SuicideEnd_d0g0v0_EIP150...ok
   - ecmul_1-3_340282366920938463463374607431768211456_21000_128_d0g0v0_Frontier...ok
   - ecmul_1-3_340282366920938463463374607431768211456_21000_128_d0g0v0_Homestead...ok
   - randomStatetest186BC_Byzantium...ok
   - static_callcodecallcodecall_110_SuicideEnd_d0g0v0_EIP158...ok
   - oneUncleGeneration2_Frontier...ok
   - pointAdd_d7g1v0_Byzantium...ok
   - randomStatetest186BC_EIP150...ok
   - static_callcodecallcodecall_110_SuicideEnd_d0g0v0_Frontier...ok
   - pointAdd_d7g1v0_EIP150...ok
ok
   - randomStatetest186BC_EIP158...   - static_callcodecallcodecall_110_SuicideEnd_d0g0v0_Homestead...ok
   - oneUncleGeneration2_Homestead...ok
   - pointAdd_d7g1v0_EIP158...ok
   - static_CallContractToCreateContractOOG_d0g0v1_Byzantium...ok
   - pointAdd_d7g1v0_Frontier...ok
   - randomStatetest186BC_Frontier...ok
   - InChainUncleFather_Byzantium...ok
   - static_CallContractToCreateContractOOG_d0g0v1_EIP150...ok
   - pointAdd_d7g1v0_Homestead...ok
   - randomStatetest186BC_Homestead...WARN:ethcore::client::client: Stage 3 block verification failed for #3 (0x7867…1edc)
Error: Error(Block(UncleInChain(0x21eb08e1abc92c58c8815126abd47b48ec1c3de76a15e4a36f53e9a02e1f729b)), State { next_error: None, backtrace: InternalBacktrace { backtrace: None } })
ok
ok
ok
   - static_CallContractToCreateContractOOG_d0g0v1_EIP158...ok
   - InChainUncleFather_EIP150...   - ecpairing_two_point_match_2_d0g0v0_Byzantium...   - randomStatetest79BC_Byzantium...ok
   - static_CallContractToCreateContractOOG_d0g0v1_Frontier...ok
   - randomStatetest79BC_EIP150...WARN:ethcore::client::client: Stage 3 block verification failed for #3 (0x54cf…a6da)
Error: Error(Block(UncleInChain(0xc5f143cfc50be673453a152e12aa9a61c643b3baf73ba2909a6226274a762dd6)), State { next_error: None, backtrace: InternalBacktrace { backtrace: None } })
ok
   - InChainUncleFather_EIP158...ok
   - ecpairing_two_point_match_2_d0g0v0_EIP150...ok
   - randomStatetest79BC_EIP158...ok
   - static_CallContractToCreateContractOOG_d0g0v1_Homestead...WARN:ethcore::client::client: Stage 3 block verification failed for #3 (0x5fcb…2831)
Error: Error(Block(UncleInChain(0x10f84bab6d389018a483c1458e241789a5be774155c5dc771809b4df06dd93c4)), State { next_error: None, backtrace: InternalBacktrace { backtrace: None } })
ok
   - InChainUncleFather_Frontier...ok
   - ecpairing_two_point_match_2_d0g0v0_EIP158...ok
   - randomStatetest79BC_Frontier...ok
   - static_CallContractToCreateContractOOG_d0g0v0_Byzantium...ok
   - ecpairing_two_point_match_2_d0g0v0_Frontier...WARN:ethcore::client::client: Stage 3 block verification failed for #3 (0x35ba…0673)
Error: Error(Block(UncleInChain(0x90402641db61c9f9d3be68b6ec5b78821579816f7ede95fccf118b87d4a635e2)), State { next_error: None, backtrace: InternalBacktrace { backtrace: None } })
ok
   - InChainUncleFather_Homestead...ok
   - randomStatetest79BC_Homestead...ok
   - static_CallContractToCreateContractOOG_d0g0v0_EIP150...ok
   - ecpairing_two_point_match_2_d0g0v0_Homestead...WARN:ethcore::client::client: Stage 3 block verification failed for #3 (0x3ac4…05b1)
Error: Error(Block(UncleInChain(0x455fd3a33ea13570e9faa329be5c1e32cf03b247bf032c81c01bcae246a61823)), State { next_error: None, backtrace: InternalBacktrace { backtrace: None } })
ok
   - twoEqualUncle_Byzantium...ok
   - randomStatetest127BC_Byzantium...ok
   - static_CallContractToCreateContractOOG_d0g0v0_EIP158...ok
   - ecmul_0-0_0_21000_128_d0g0v0_Byzantium...ok
   - randomStatetest127BC_EIP150...ok
   - static_CallContractToCreateContractOOG_d0g0v0_Frontier...WARN:ethcore::client::client: Stage 3 block verification failed for #3 (0x8d8e…de00)
Error: Error(Block(DuplicateUncle(0x32acb5975df74dfee1fb76777abb1ab86d071369eea6833de651e0485033f9af)), State { next_error: None, backtrace: InternalBacktrace { backtrace: None } })
ok
   - twoEqualUncle_EIP150...ok
   - ecmul_0-0_0_21000_128_d0g0v0_EIP150...ok
   - randomStatetest127BC_EIP158...ok
   - static_CallContractToCreateContractOOG_d0g0v0_Homestead...ok
   - ecmul_0-0_0_21000_128_d0g0v0_EIP158...WARN:ethcore::client::client: Stage 3 block verification failed for #3 (0x45b7…3743)
Error: Error(Block(DuplicateUncle(0xc6ded62410f5d8bc226d7abad40f12e24d555da1b509a61f216aa4f84b690389)), State { next_error: None, backtrace: InternalBacktrace { backtrace: None } })
ok
   - twoEqualUncle_EIP158...ok
   - randomStatetest127BC_Frontier...ok
   - static_Call1024PreCalls3_d1g0v0_Byzantium...ok
   - ecmul_0-0_0_21000_128_d0g0v0_Frontier...ok
   - randomStatetest127BC_Homestead...WARN:ethcore::client::client: Stage 3 block verification failed for #3 (0x5458…f5f9)
Error: Error(Block(DuplicateUncle(0x8c3f2cd7a20d3659d6724c1869c5c7dc91ab7e1794559eacaa90a314ba992322)), State { next_error: None, backtrace: InternalBacktrace { backtrace: None } })
ok
   - twoEqualUncle_Frontier...ok
   - ecmul_0-0_0_21000_128_d0g0v0_Homestead...ok
ok
   - ecmul_7827-6598_0_28000_96_d0g0v0_Byzantium...   - randomStatetest427BC_Byzantium...WARN:ethcore::client::client: Stage 3 block verification failed for #3 (0xf571…2e4b)
Error: Error(Block(DuplicateUncle(0x2283121ea7ef758c1b067e2ea85b20c9519ff888d1ab3fed311e926fc7af3c9b)), State { next_error: None, backtrace: InternalBacktrace { backtrace: None } })
ok
   - twoEqualUncle_Homestead...ok
   - randomStatetest427BC_EIP150...ok
   - ecmul_7827-6598_0_28000_96_d0g0v0_EIP150...ok
   - static_Call1024PreCalls3_d1g0v0_EIP150...ok
   - randomStatetest427BC_EIP158...ok
   - ecmul_7827-6598_0_28000_96_d0g0v0_EIP158...ok
   - randomStatetest427BC_Frontier...WARN:ethcore::client::client: Stage 3 block verification failed for #3 (0x3ca1…3c7e)
Error: Error(Block(DuplicateUncle(0xbd9a646fb03351456ff85607a06098ee7d1dd4fa2d0063375b63fbaa7ce3eb4b)), State { next_error: None, backtrace: InternalBacktrace { backtrace: None } })
ok
ok
   - ecmul_7827-6598_0_28000_96_d0g0v0_Frontier...   - InChainUncleGreatGreatGrandPa_Byzantium...ok
   - static_Call1024PreCalls3_d1g0v0_EIP158...ok
   - static_Call1024PreCalls3_d1g0v0_Frontier...ok
   - randomStatetest427BC_Homestead...ok
   - ecmul_7827-6598_0_28000_96_d0g0v0_Homestead...WARN:ethcore::client::client: Stage 3 block verification failed for #5 (0xd29a…e89a)
Error: Error(Block(UncleInChain(0x22f393cd1ed0b3219a6d67a836ef6d7a2bc840246d85a699ee2ec58c44febb95)), State { next_error: None, backtrace: InternalBacktrace { backtrace: None } })
ok
   - InChainUncleGreatGreatGrandPa_EIP150...ok
   - static_Call1024PreCalls3_d1g0v0_Homestead...ok
   - randomStatetest490BC_Byzantium...ok
   - ecpairing_two_point_match_4_d0g3v0_Byzantium...ok
   - ecpairing_two_point_match_4_d0g3v0_EIP150...ok
   - static_callcallcodecall_010_2_d0g0v0_Byzantium...ok
   - randomStatetest490BC_EIP150...WARN:ethcore::client::client: Stage 3 block verification failed for #5 (0x4078…d3d3)
Error: Error(Block(UncleInChain(0x87079dbfe477b66a7035155f322e171e1bfe4eaadf6ba8d90d0b30f1cf913b30)), State { next_error: None, backtrace: InternalBacktrace { backtrace: None } })
ok
   - InChainUncleGreatGreatGrandPa_EIP158...ok
   - ecpairing_two_point_match_4_d0g3v0_EIP158...ok
   - randomStatetest490BC_EIP158...ok
   - ecpairing_two_point_match_4_d0g3v0_Frontier...ok
   - static_callcallcodecall_010_2_d0g0v0_EIP150...WARN:ethcore::client::client: Stage 3 block verification failed for #5 (0xbf86…e53a)
Error: Error(Block(UncleInChain(0x995d5116afb167a98c02b2542632f56d4249bcabeac322f5d014303f95a2d210)), State { next_error: None, backtrace: InternalBacktrace { backtrace: None } })
ok
   - randomStatetest490BC_Frontier...ok
   - InChainUncleGreatGreatGrandPa_Frontier...ok
   - ecpairing_two_point_match_4_d0g3v0_Homestead...ok
   - static_callcallcodecall_010_2_d0g0v0_EIP158...ok
   - ecmul_1-2_340282366920938463463374607431768211456_21000_80_d0g1v0_Byzantium...ok
   - randomStatetest490BC_Homestead...WARN:ethcore::client::client: Stage 3 block verification failed for #5 (0xd1b0…c036)
Error: Error(Block(UncleInChain(0x5a1d13830fd2b44d3fd50c3aaef7c4c4f01effc75cefc24c3a769b6da03155d1)), State { next_error: None, backtrace: InternalBacktrace { backtrace: None } })
ok
   - InChainUncleGreatGreatGrandPa_Homestead...ok
   - static_callcallcodecall_010_2_d0g0v0_Frontier...ok
   - ecmul_1-2_340282366920938463463374607431768211456_21000_80_d0g1v0_EIP150...ok
   - randomStatetest598BC_Byzantium...ok
   - static_callcallcodecall_010_2_d0g0v0_Homestead...WARN:ethcore::client::client: Stage 3 block verification failed for #5 (0x9b9a…64e1)
Error: Error(Block(UncleInChain(0x28cba5d900a809f97346ce806df5d65f8b176dcec61770268b112fba9772156d)), State { next_error: None, backtrace: InternalBacktrace { backtrace: None } })
ok
   - randomStatetest598BC_EIP150...ok
ok
   - ecmul_1-2_340282366920938463463374607431768211456_21000_80_d0g1v0_EIP158...ok
   - static_callcodecallcodecall_110_OOGE2_d0g0v0_Byzantium...   - oneUncleGeneration7_Byzantium...ok
   - static_callcodecallcodecall_110_OOGE2_d0g0v0_EIP150...ok
   - randomStatetest598BC_EIP158...ok
   - static_callcodecallcodecall_110_OOGE2_d0g0v0_EIP158...ok
   - ecmul_1-2_340282366920938463463374607431768211456_21000_80_d0g1v0_Frontier...ok
   - static_callcodecallcodecall_110_OOGE2_d0g0v0_Frontier...ok
   - randomStatetest598BC_Frontier...ok
   - ecmul_1-2_340282366920938463463374607431768211456_21000_80_d0g1v0_Homestead...WARN:ethcore::client::client: Stage 3 block verification failed for #9 (0x63fc…1eda)
Error: Error(Block(UncleTooOld(OutOfBounds { min: Some(2), max: Some(8), found: 2 })), State { next_error: None, backtrace: InternalBacktrace { backtrace: None } })
ok
   - oneUncleGeneration7_EIP150...ok
   - static_callcodecallcodecall_110_OOGE2_d0g0v0_Homestead...ok
ok
   - ecadd_1-3_0-0_25000_80_d0g2v0_Byzantium...   - static_log0_nonEmptyMem_d0g0v0_Byzantium...ok
   - randomStatetest598BC_Homestead...ok
   - randomStatetest65BC_Byzantium...ok
   - static_log0_nonEmptyMem_d0g0v0_EIP150...WARN:ethcore::client::client: Stage 3 block verification failed for #9 (0x7d7d…c4a3)
Error: Error(Block(UncleTooOld(OutOfBounds { min: Some(2), max: Some(8), found: 2 })), State { next_error: None, backtrace: InternalBacktrace { backtrace: None } })
ok
   - oneUncleGeneration7_EIP158...ok
   - ecadd_1-3_0-0_25000_80_d0g2v0_EIP150...ok
   - randomStatetest65BC_EIP150...ok
   - static_log0_nonEmptyMem_d0g0v0_EIP158...ok
   - ecadd_1-3_0-0_25000_80_d0g2v0_EIP158...ok
   - randomStatetest65BC_EIP158...ok
   - static_log0_nonEmptyMem_d0g0v0_Frontier...ok
   - ecadd_1-3_0-0_25000_80_d0g2v0_Frontier...WARN:ethcore::client::client: Stage 3 block verification failed for #9 (0x5b51…7228)
Error: Error(Block(UncleTooOld(OutOfBounds { min: Some(2), max: Some(8), found: 2 })), State { next_error: None, backtrace: InternalBacktrace { backtrace: None } })
ok
   - oneUncleGeneration7_Frontier...ok
   - randomStatetest65BC_Frontier...ok
   - static_log0_nonEmptyMem_d0g0v0_Homestead...ok
   - ecadd_1-3_0-0_25000_80_d0g2v0_Homestead...ok
   - randomStatetest65BC_Homestead...ok
   - static_callcallcallcode_001_OOGE_2_d0g0v0_Byzantium...ok
   - ecmul_0-3_340282366920938463463374607431768211456_21000_96_d0g2v0_Byzantium...WARN:ethcore::client::client: Stage 3 block verification failed for #9 (0xa595…3856)
Error: Error(Block(UncleTooOld(OutOfBounds { min: Some(2), max: Some(8), found: 2 })), State { next_error: None, backtrace: InternalBacktrace { backtrace: None } })
ok
   - randomStatetest614BC_Byzantium...ok
   - oneUncleGeneration7_Homestead...ok
   - static_callcallcallcode_001_OOGE_2_d0g0v0_EIP150...ok
   - ecmul_0-3_340282366920938463463374607431768211456_21000_96_d0g2v0_EIP150...ok
   - randomStatetest614BC_EIP150...ok
   - static_callcallcallcode_001_OOGE_2_d0g0v0_EIP158...WARN:ethcore::client::client: Stage 3 block verification failed for #9 (0xf4bf…4944)
Error: Error(Block(UncleTooOld(OutOfBounds { min: Some(2), max: Some(8), found: 2 })), State { next_error: None, backtrace: InternalBacktrace { backtrace: None } })
ok
   - ecmul_0-3_340282366920938463463374607431768211456_21000_96_d0g2v0_EIP158...ok
ok
   - randomStatetest614BC_EIP158...   - UncleIsBrother_Byzantium...ok
   - static_callcallcallcode_001_OOGE_2_d0g0v0_Frontier...ok
   - ecmul_0-3_340282366920938463463374607431768211456_21000_96_d0g2v0_Frontier...ok
   - randomStatetest614BC_Frontier...WARN:ethcore::client::client: Stage 3 block verification failed for #3 (0xf7b4…961f)
Error: Error(Block(UncleIsBrother(OutOfBounds { min: Some(3), max: Some(2), found: 3 })), State { next_error: None, backtrace: InternalBacktrace { backtrace: None } })
ok
   - UncleIsBrother_EIP150...ok
   - static_callcallcallcode_001_OOGE_2_d0g0v0_Homestead...ok
ok
   - randomStatetest614BC_Homestead...   - static_callcodecallcodecall_1102_d0g0v1_Byzantium...ok
   - ecmul_0-3_340282366920938463463374607431768211456_21000_96_d0g2v0_Homestead...ok
   - static_callcodecallcodecall_1102_d0g0v1_EIP150...WARN:ethcore::client::client: Stage 3 block verification failed for #3 (0xf0f7…e034)
Error: Error(Block(UncleIsBrother(OutOfBounds { min: Some(3), max: Some(2), found: 3 })), State { next_error: None, backtrace: InternalBacktrace { backtrace: None } })
ok
ok
   - UncleIsBrother_EIP158...   - ecmul_0-0_5616_21000_96_d0g3v0_Byzantium...ok
   - randomStatetest623BC_Byzantium...ok
   - static_callcodecallcodecall_1102_d0g0v1_EIP158...ok
   - randomStatetest623BC_EIP150...ok
   - ecmul_0-0_5616_21000_96_d0g3v0_EIP150...WARN:ethcore::client::client: Stage 3 block verification failed for #3 (0x833d…5a8b)
Error: Error(Block(UncleIsBrother(OutOfBounds { min: Some(3), max: Some(2), found: 3 })), State { next_error: None, backtrace: InternalBacktrace { backtrace: None } })
ok
   - UncleIsBrother_Frontier...ok
   - static_callcodecallcodecall_1102_d0g0v1_Frontier...ok
   - ecmul_0-0_5616_21000_96_d0g3v0_EIP158...ok
   - ecmul_0-0_5616_21000_96_d0g3v0_Frontier...WARN:ethcore::client::client: Stage 3 block verification failed for #3 (0x5e28…0ac5)
Error: Error(Block(UncleIsBrother(OutOfBounds { min: Some(3), max: Some(2), found: 3 })), State { next_error: None, backtrace: InternalBacktrace { backtrace: None } })
ok
   - randomStatetest623BC_EIP158...ok
   - UncleIsBrother_Homestead...ok
   - static_callcodecallcodecall_1102_d0g0v1_Homestead...ok
   - static_callcodecallcodecall_110_d0g0v0_Byzantium...ok
   - randomStatetest623BC_Frontier...ok
   - ecmul_0-0_5616_21000_96_d0g3v0_Homestead...WARN:ethcore::client::client: Stage 3 block verification failed for #3 (0x4779…925c)
Error: Error(Block(UncleIsBrother(OutOfBounds { min: Some(3), max: Some(2), found: 3 })), State { next_error: None, backtrace: InternalBacktrace { backtrace: None } })
ok
   - randomStatetest623BC_Homestead...ok
   - oneUncleGeneration6_Byzantium...ok
   - static_callcodecallcodecall_110_d0g0v0_EIP150...ok
   - ecmul_0-3_2_28000_128_d0g3v0_Byzantium...ok
   - randomStatetest403BC_Byzantium...ok
   - static_callcodecallcodecall_110_d0g0v0_EIP158...ok
   - randomStatetest403BC_EIP150...ok
   - oneUncleGeneration6_EIP150...ok
   - ecmul_0-3_2_28000_128_d0g3v0_EIP150...ok
   - randomStatetest403BC_EIP158...ok
   - static_callcodecallcodecall_110_d0g0v0_Frontier...ok
   - ecmul_0-3_2_28000_128_d0g3v0_EIP158...ok
   - randomStatetest403BC_Frontier...ok
   - static_callcodecallcodecall_110_d0g0v0_Homestead...ok
   - ecmul_0-3_2_28000_128_d0g3v0_Frontier...ok
   - oneUncleGeneration6_EIP158...ok
   - randomStatetest403BC_Homestead...ok
   - static_CheckOpcodes2_d2g1v0_Byzantium...ok
   - randomStatetest459BC_Byzantium...ok
   - ecmul_0-3_2_28000_128_d0g3v0_Homestead...ok
   - ecmul_0-0_5617_21000_128_d0g2v0_Byzantium...ok
   - static_CheckOpcodes2_d2g1v0_EIP150...ok
   - oneUncleGeneration6_Frontier...ok
   - randomStatetest459BC_EIP150...ok
   - ecmul_0-0_5617_21000_128_d0g2v0_EIP150...ok
ok
   - static_CheckOpcodes2_d2g1v0_EIP158...   - randomStatetest459BC_EIP158...ok
   - ecmul_0-0_5617_21000_128_d0g2v0_EIP158...ok
   - oneUncleGeneration6_Homestead...ok
   - static_CheckOpcodes2_d2g1v0_Frontier...ok
   - ecmul_0-0_5617_21000_128_d0g2v0_Frontier...ok
   - randomStatetest459BC_Frontier...ok
   - static_CheckOpcodes2_d2g1v0_Homestead...ok
   - ecmul_0-0_5617_21000_128_d0g2v0_Homestead...ok
   - oneUncleGeneration3_Byzantium...ok
   - randomStatetest459BC_Homestead...ok
   - static_callcallcall_000_OOGMBefore_d0g0v0_Byzantium...ok
   - pointAdd_d9g3v0_Byzantium...ok
test json_tests::chain::block_tests::BlockchainTests_bcRandomBlockhashTest ... ok
   - dataTx_Byzantium...ok
   - oneUncleGeneration3_EIP150...ok
   - static_callcallcall_000_OOGMBefore_d0g0v0_EIP150...ok
   - pointAdd_d9g3v0_EIP150...ok
   - dataTx_EIP150...ok
   - static_callcallcall_000_OOGMBefore_d0g0v0_EIP158...ok
   - dataTx_EIP158...ok
   - pointAdd_d9g3v0_EIP158...ok
   - oneUncleGeneration3_EIP158...ok
   - static_callcallcall_000_OOGMBefore_d0g0v0_Frontier...ok
   - dataTx_Frontier...ok
   - pointAdd_d9g3v0_Frontier...ok
   - static_callcallcall_000_OOGMBefore_d0g0v0_Homestead...ok
   - oneUncleGeneration3_Frontier...ok
   - dataTx_Homestead...ok
   - pointAdd_d9g3v0_Homestead...ok
   - static_CheckOpcodes2_d1g1v0_Byzantium...ok
   - timeDiff13_Byzantium...ok
   - oneUncleGeneration3_Homestead...ok
   - ecmul_7827-6598_0_28000_64_d0g0v0_Byzantium...ok
   - static_CheckOpcodes2_d1g1v0_EIP150...ok
   - timeDiff13_EIP150...ok
   - ecmul_7827-6598_0_28000_64_d0g0v0_EIP150...ok
ok
   - static_CheckOpcodes2_d1g1v0_EIP158...   - InChainUncleGreatGreatGreatGreatGrandPa_Byzantium...ok
   - timeDiff13_EIP158...ok
   - static_CheckOpcodes2_d1g1v0_Frontier...ok
   - ecmul_7827-6598_0_28000_64_d0g0v0_EIP158...WARN:ethcore::client::client: Stage 3 block verification failed for #7 (0xdc72…0bae)
Error: Error(Block(UncleInChain(0xb5f7b0b94b66e16b2d63c688d03ecccb11090be76acaa868f70b32f4a00c2849)), State { next_error: None, backtrace: InternalBacktrace { backtrace: None } })
ok
   - InChainUncleGreatGreatGreatGreatGrandPa_EIP150...ok
   - ecmul_7827-6598_0_28000_64_d0g0v0_Frontier...ok
   - static_CheckOpcodes2_d1g1v0_Homestead...ok
   - timeDiff13_Frontier...ok
   - ecmul_7827-6598_0_28000_64_d0g0v0_Homestead...WARN:ethcore::client::client: Stage 3 block verification failed for #7 (0x9bb8…1e2a)
Error: Error(Block(UncleInChain(0xad5b592a6b82ee586e68d3db68bf6f15aad85479ed9513dba0505c8fd7995dbd)), State { next_error: None, backtrace: InternalBacktrace { backtrace: None } })
ok
   - InChainUncleGreatGreatGreatGreatGrandPa_EIP158...ok
ok
   - timeDiff13_Homestead...   - static_callcodecallcall_100_SuicideMiddle_d0g0v0_Byzantium...ok
   - static_callcodecallcall_100_SuicideMiddle_d0g0v0_EIP150...ok
   - ecmul_1-2_5616_28000_128_d0g3v0_Byzantium...ok
   - timeDiff0_Byzantium...ok
   - static_callcodecallcall_100_SuicideMiddle_d0g0v0_EIP158...WARN:ethcore::client::client: Stage 3 block verification failed for #7 (0x78a7…8c27)
Error: Error(Block(UncleInChain(0xf6262e427eb954eff221bbfc2573eba1ae1f31449d04bc102b1c108f202ce8d4)), State { next_error: None, backtrace: InternalBacktrace { backtrace: None } })
ok
   - InChainUncleGreatGreatGreatGreatGrandPa_Frontier...WARN:ethcore::client::client: Stage 3 block verification failed for #2 (0x3c16…31cd)
Error: Error(Block(InvalidTimestamp(OutOfBounds { min: Some(SystemTime { tv_sec: 3039901687, tv_nsec: 687855161 }), max: None, found: SystemTime { tv_sec: 3039901686, tv_nsec: 687855330 } })), State { next_error: None, backtrace: InternalBacktrace { backtrace: None } })
ok
   - static_callcodecallcall_100_SuicideMiddle_d0g0v0_Frontier...ok
   - timeDiff0_EIP150...ok
   - ecmul_1-2_5616_28000_128_d0g3v0_EIP150...WARN:ethcore::client::client: Stage 3 block verification failed for #2 (0x4811…e49b)
Error: Error(Block(InvalidTimestamp(OutOfBounds { min: Some(SystemTime { tv_sec: 3039901671, tv_nsec: 734618887 }), max: None, found: SystemTime { tv_sec: 3039901670, tv_nsec: 734619056 } })), State { next_error: None, backtrace: InternalBacktrace { backtrace: None } })
ok
   - timeDiff0_EIP158...ok
   - static_callcodecallcall_100_SuicideMiddle_d0g0v0_Homestead...WARN:ethcore::client::client: Stage 3 block verification failed for #7 (0xc1b2…9da3)
Error: Error(Block(UncleInChain(0x57cb051f94aa07f4b1d1744191c9d5459e0b15a3003413679fc94b35e55c0dbd)), State { next_error: None, backtrace: InternalBacktrace { backtrace: None } })
ok
   - ecmul_1-2_5616_28000_128_d0g3v0_EIP158...ok
   - InChainUncleGreatGreatGreatGreatGrandPa_Homestead...WARN:ethcore::client::client: Stage 3 block verification failed for #2 (0xa8e0…a33d)
Error: Error(Block(InvalidTimestamp(OutOfBounds { min: Some(SystemTime { tv_sec: 3039901679, tv_nsec: 764957336 }), max: None, found: SystemTime { tv_sec: 3039901678, tv_nsec: 764957531 } })), State { next_error: None, backtrace: InternalBacktrace { backtrace: None } })
ok
   - timeDiff0_Frontier...ok
   - static_CallSha256_1_d0g0v0_Byzantium...ok
   - static_CallSha256_1_d0g0v0_EIP150...ok
   - ecmul_1-2_5616_28000_128_d0g3v0_Frontier...WARN:ethcore::client::client: Stage 3 block verification failed for #2 (0xb2bc…527f)
Error: Error(Block(InvalidTimestamp(OutOfBounds { min: Some(SystemTime { tv_sec: 3039901652, tv_nsec: 802628792 }), max: None, found: SystemTime { tv_sec: 3039901651, tv_nsec: 802628983 } })), State { next_error: None, backtrace: InternalBacktrace { backtrace: None } })
ok
   - timeDiff0_Homestead...ok
   - static_CallSha256_1_d0g0v0_EIP158...ok
WARN:ethcore::client::client: Stage 3 block verification failed for #7 (0x71ae…0bc9)
Error: Error(Block(UncleInChain(0x62489ea0b10ad0448ee0ee340fbd4a637bb60b0e7fc2b9e624889d85df3985af)), State { next_error: None, backtrace: InternalBacktrace { backtrace: None } })
   - ecmul_1-2_5616_28000_128_d0g3v0_Homestead...ok
   - InChainUncleGrandPa_Byzantium...WARN:ethcore::client::client: Stage 3 block verification failed for #2 (0x4c0d…df84)
Error: Error(Block(InvalidTimestamp(OutOfBounds { min: Some(SystemTime { tv_sec: 3039901661, tv_nsec: 847321924 }), max: None, found: SystemTime { tv_sec: 3039901660, tv_nsec: 847322094 } })), State { next_error: None, backtrace: InternalBacktrace { backtrace: None } })
ok
   - diff1024_Byzantium...ok
   - diff1024_EIP150...ok
   - ecmul_0-3_5616_28000_96_d0g1v0_Byzantium...WARN:ethcore::client::client: Stage 3 block verification failed for #3 (0xe2dc…d151)
Error: Error(Block(UncleInChain(0x285b2e74dbc0466a1fc714c8fb46d191d0339787e5a9b23a44b44b01bdcf7de6)), State { next_error: None, backtrace: InternalBacktrace { backtrace: None } })
ok
   - InChainUncleGrandPa_EIP150...ok
   - static_CallSha256_1_d0g0v0_Frontier...ok
   - ecmul_0-3_5616_28000_96_d0g1v0_EIP150...ok
   - diff1024_EIP158...ok
   - ecmul_0-3_5616_28000_96_d0g1v0_EIP158...ok
   - static_CallSha256_1_d0g0v0_Homestead...WARN:ethcore::client::client: Stage 3 block verification failed for #3 (0x9030…ac99)
Error: Error(Block(UncleInChain(0xd685ec8cd2fc54490bc00f560428803ef467bb2cfe1480bf537355c0f56cf8e6)), State { next_error: None, backtrace: InternalBacktrace { backtrace: None } })
ok
   - InChainUncleGrandPa_EIP158...ok
   - diff1024_Frontier...ok
   - ecmul_0-3_5616_28000_96_d0g1v0_Frontier...ok
   - ecmul_0-3_5616_28000_96_d0g1v0_Homestead...ok
   - diff1024_Homestead...ok
   - static_CheckOpcodes3_d0g1v0_Byzantium...ok
   - ecmul_7827-6598_5616_28000_128_d0g1v0_Byzantium...WARN:ethcore::client::client: Stage 3 block verification failed for #3 (0xb877…f4f3)
Error: Error(Block(UncleInChain(0x60ad5e2eb2cd8e03b0eeac9a4467fdf8a150acc2db8108e946172a3336946ca6)), State { next_error: None, backtrace: InternalBacktrace { backtrace: None } })
ok
   - InChainUncleGrandPa_Frontier...ok
   - txOrder_Byzantium...ok
   - static_CheckOpcodes3_d0g1v0_EIP150...ok
   - ecmul_7827-6598_5616_28000_128_d0g1v0_EIP150...ok
   - ecmul_7827-6598_5616_28000_128_d0g1v0_EIP158...WARN:ethcore::client::client: Stage 3 block verification failed for #3 (0x0b66…1887)
Error: Error(Block(UncleInChain(0x20fc6e473cae07e609d389c501f95ad81dc7abf5e2c8e9517327d6b92d9e6279)), State { next_error: None, backtrace: InternalBacktrace { backtrace: None } })
ok
   - InChainUncleGrandPa_Homestead...ok
   - txOrder_EIP150...ok
   - static_CheckOpcodes3_d0g1v0_EIP158...ok
   - ecmul_7827-6598_5616_28000_128_d0g1v0_Frontier...WARN:ethcore::client::client: Stage 3 block verification failed for #3 (0xd857…85a1)
Error: Error(Block(UncleInChain(0xb5bc3aada88ba9629f3faeec214c45c7e4aa3f48bff9a58cef6807171d70aeb2)), State { next_error: None, backtrace: InternalBacktrace { backtrace: None } })
ok
   - static_CheckOpcodes3_d0g1v0_Frontier...ok
ok
   - ecmul_7827-6598_5616_28000_128_d0g1v0_Homestead...   - oneUncleGeneration4_Byzantium...ok
   - txOrder_EIP158...ok
   - ecpairing_one_point_with_g1_zero_d0g2v0_Byzantium...ok
   - static_CheckOpcodes3_d0g1v0_Homestead...ok
   - txOrder_Frontier...ok
   - oneUncleGeneration4_EIP150...ok
   - ecpairing_one_point_with_g1_zero_d0g2v0_EIP150...ok
   - txOrder_Homestead...ok
   - static_callcodecallcallcode_ABCB_RECURSIVE2_d1g0v1_Byzantium...ok
   - RecallSuicidedContract_Byzantium...ok
   - ecpairing_one_point_with_g1_zero_d0g2v0_EIP158...ok
   - oneUncleGeneration4_EIP158...ok
   - static_callcodecallcallcode_ABCB_RECURSIVE2_d1g0v1_EIP150...ok
   - ecpairing_one_point_with_g1_zero_d0g2v0_Frontier...ok
   - RecallSuicidedContract_EIP150...ok
   - static_callcodecallcallcode_ABCB_RECURSIVE2_d1g0v1_EIP158...ok
   - ecpairing_one_point_with_g1_zero_d0g2v0_Homestead...ok
   - oneUncleGeneration4_Frontier...ok
   - static_callcodecallcallcode_ABCB_RECURSIVE2_d1g0v1_Frontier...ok
   - RecallSuicidedContract_EIP158...ok
   - pointMulAdd2_d3g2v0_Byzantium...ok
   - static_callcodecallcallcode_ABCB_RECURSIVE2_d1g0v1_Homestead...ok
   - oneUncleGeneration4_Homestead...ok
   - pointMulAdd2_d3g2v0_EIP150...ok
ok
ok
ok
   - RecallSuicidedContract_Frontier...   - pointMulAdd2_d3g2v0_EIP158...   - static_callcodecallcodecall_110_2_d0g0v2_Byzantium...   - oneUncleGeneration5_Byzantium...ok
   - pointMulAdd2_d3g2v0_Frontier...ok
   - static_callcodecallcodecall_110_2_d0g0v2_EIP150...ok
   - RecallSuicidedContract_Homestead...ok
   - oneUncleGeneration5_EIP150...ok
   - static_callcodecallcodecall_110_2_d0g0v2_EIP158...ok
   - pointMulAdd2_d3g2v0_Homestead...ok
   - SimpleTx3_Byzantium...ok
   - static_callcodecallcodecall_110_2_d0g0v2_Frontier...ok
   - ecmul_1-2_9935_21000_128_d0g0v0_Byzantium...ok
   - oneUncleGeneration5_EIP158...ok
   - SimpleTx3_EIP150...ok
   - static_callcodecallcodecall_110_2_d0g0v2_Homestead...ok
   - ecmul_1-2_9935_21000_128_d0g0v0_EIP150...ok
   - SimpleTx3_EIP158...ok
   - static_callCreate_d1g0v0_Byzantium...ok
   - ecmul_1-2_9935_21000_128_d0g0v0_EIP158...ok
   - SimpleTx3_Frontier...ok
   - oneUncleGeneration5_Frontier...ok
   - static_callCreate_d1g0v0_EIP150...ok
   - ecmul_1-2_9935_21000_128_d0g0v0_Frontier...ok
   - SimpleTx3_Homestead...ok
   - ecmul_1-2_9935_21000_128_d0g0v0_Homestead...ok
   - static_callCreate_d1g0v0_EIP158...ok
   - dataTx2_Byzantium...ok
   - oneUncleGeneration5_Homestead...ok
   - static_callCreate_d1g0v0_Frontier...ok
   - ecadd_6-9_19274124-124124_25000_128_d0g1v0_Byzantium...ok
   - dataTx2_EIP150...ok
   - static_callCreate_d1g0v0_Homestead...ok
   - ecadd_6-9_19274124-124124_25000_128_d0g1v0_EIP150...ok
   - dataTx2_EIP158...ok
   - twoUncle_Byzantium...ok
   - ecadd_6-9_19274124-124124_25000_128_d0g1v0_EIP158...ok
   - static_callcallcodecallcode_011_OOGMAfter2_d1g0v0_Byzantium...ok
   - dataTx2_Frontier...ok
   - static_callcallcodecallcode_011_OOGMAfter2_d1g0v0_EIP150...ok
   - static_callcallcodecallcode_011_OOGMAfter2_d1g0v0_EIP158...ok
   - ecadd_6-9_19274124-124124_25000_128_d0g1v0_Frontier...ok
   - twoUncle_EIP150...ok
   - dataTx2_Homestead...ok
   - static_callcallcodecallcode_011_OOGMAfter2_d1g0v0_Frontier...ok
   - ecadd_6-9_19274124-124124_25000_128_d0g1v0_Homestead...ok
   - RecallSuicidedContractInOneBlock_Byzantium...ok
   - twoUncle_EIP158...ok
   - static_callcallcodecallcode_011_OOGMAfter2_d1g0v0_Homestead...ok
   - twoUncle_Frontier...ok
   - RecallSuicidedContractInOneBlock_EIP150...ok
   - ecmul_1-3_340282366920938463463374607431768211456_21000_96_d0g1v0_Byzantium...ok
   - static_CallRipemd160_4_d0g0v0_Byzantium...ok
   - RecallSuicidedContractInOneBlock_EIP158...ok
   - ecmul_1-3_340282366920938463463374607431768211456_21000_96_d0g1v0_EIP150...ok
   - static_CallRipemd160_4_d0g0v0_EIP150...ok
   - twoUncle_Homestead...ok
   - ecmul_1-3_340282366920938463463374607431768211456_21000_96_d0g1v0_EIP158...ok
   - RecallSuicidedContractInOneBlock_Frontier...ok
   - static_CallRipemd160_4_d0g0v0_EIP158...ok
   - ecmul_1-3_340282366920938463463374607431768211456_21000_96_d0g1v0_Frontier...ok
   - uncleHeaderWithGeneration0_Byzantium...ok
   - static_CallRipemd160_4_d0g0v0_Frontier...ok
   - ecmul_1-3_340282366920938463463374607431768211456_21000_96_d0g1v0_Homestead...ok
   - RecallSuicidedContractInOneBlock_Homestead...WARN:ethcore::verification::queue::kind::blocks: Stage 1 block verification failed for 0xbd4c…250c: Error(Block(InvalidProofOfWork(OutOfBounds { min: Some(0x20000), max: None, found: 0x0 })), State { next_error: None, backtrace: InternalBacktrace { backtrace: None } })
ok
ok
   - static_CallRipemd160_4_d0g0v0_Homestead...ok
   - uncleHeaderWithGeneration0_EIP150...   - ecmul_1-3_9935_28000_96_d0g3v0_Byzantium...ok
   - ecmul_1-3_9935_28000_96_d0g3v0_EIP150...WARN:ethcore::verification::queue::kind::blocks: Stage 1 block verification failed for 0x59ee…9a87: Error(Block(InvalidProofOfWork(OutOfBounds { min: Some(0x20000), max: None, found: 0x0 })), State { next_error: None, backtrace: InternalBacktrace { backtrace: None } })
ok
   - uncleHeaderWithGeneration0_EIP158...ok
   - callRevert_Byzantium...ok
   - static_CallAndCallcodeConsumeMoreGasThenTransactionHas_d0g0v0_Byzantium...ok
   - ecmul_1-3_9935_28000_96_d0g3v0_EIP158...ok
   - callRevert_EIP150...WARN:ethcore::verification::queue::kind::blocks: Stage 1 block verification failed for 0x56df…238d: Error(Block(InvalidProofOfWork(OutOfBounds { min: Some(0x20000), max: None, found: 0x0 })), State { next_error: None, backtrace: InternalBacktrace { backtrace: None } })
ok
   - uncleHeaderWithGeneration0_Frontier...ok
   - ecmul_1-3_9935_28000_96_d0g3v0_Frontier...ok
   - static_CallAndCallcodeConsumeMoreGasThenTransactionHas_d0g0v0_EIP150...ok
   - callRevert_EIP158...ok
   - callRevert_Frontier...ok
   - static_CallAndCallcodeConsumeMoreGasThenTransactionHas_d0g0v0_EIP158...ok
   - ecmul_1-3_9935_28000_96_d0g3v0_Homestead...WARN:ethcore::verification::queue::kind::blocks: Stage 1 block verification failed for 0x246e…b391: Error(Block(InvalidProofOfWork(OutOfBounds { min: Some(0x20000), max: None, found: 0x0 })), State { next_error: None, backtrace: InternalBacktrace { backtrace: None } })
ok
   - uncleHeaderWithGeneration0_Homestead...ok
   - callRevert_Homestead...ok
   - static_CallAndCallcodeConsumeMoreGasThenTransactionHas_d0g0v0_Frontier...ok
   - pointMulAdd2_d5g1v0_Byzantium...WARN:ethcore::verification::queue::kind::blocks: Stage 1 block verification failed for 0x4693…c5ef: Error(Block(InvalidProofOfWork(OutOfBounds { min: Some(0x20000), max: None, found: 0x0 })), State { next_error: None, backtrace: InternalBacktrace { backtrace: None } })
ok
ok
   - uncleHeaderAtBlock2Byzantium_Byzantium...   - txEqualValue_Byzantium...ok
   - static_CallAndCallcodeConsumeMoreGasThenTransactionHas_d0g0v0_Homestead...ok
   - uncleHeaderAtBlock2Byzantium_EIP150...ok
   - txEqualValue_EIP150...ok
   - static_CheckOpcodes5_d4g1v0_Byzantium...ok
   - pointMulAdd2_d5g1v0_EIP150...WARN:ethcore::client::client: Stage 5 block verification failed for #2 (0x8fb1…ebbe)
Error: Error(Block(InvalidStateRoot(Mismatch { expected: 0xe1aff725a27c18dbb8d70c2d0e049511dabba2f595c20f7c67ad4026d6275f88, found: 0x6ff22555fde6fe93e5b412a8691287a5be5708246adfd0c599604849925fcc34 })), State { next_error: None, backtrace: InternalBacktrace { backtrace: None } })
ok
   - uncleHeaderAtBlock2Byzantium_EIP158...ok
   - txEqualValue_EIP158...ok
   - pointMulAdd2_d5g1v0_EIP158...WARN:ethcore::client::client: Stage 5 block verification failed for #2 (0xe5b7…1bf1)
Error: Error(Block(InvalidStateRoot(Mismatch { expected: 0xe1aff725a27c18dbb8d70c2d0e049511dabba2f595c20f7c67ad4026d6275f88, found: 0x6ff22555fde6fe93e5b412a8691287a5be5708246adfd0c599604849925fcc34 })), State { next_error: None, backtrace: InternalBacktrace { backtrace: None } })
ok
   - static_CheckOpcodes5_d4g1v0_EIP150...ok
   - uncleHeaderAtBlock2Byzantium_Frontier...ok
   - txEqualValue_Frontier...ok
   - pointMulAdd2_d5g1v0_Frontier...ok
   - static_CheckOpcodes5_d4g1v0_EIP158...WARN:ethcore::client::client: Stage 5 block verification failed for #2 (0xafac…408f)
Error: Error(Block(InvalidStateRoot(Mismatch { expected: 0xe1aff725a27c18dbb8d70c2d0e049511dabba2f595c20f7c67ad4026d6275f88, found: 0x6ff22555fde6fe93e5b412a8691287a5be5708246adfd0c599604849925fcc34 })), State { next_error: None, backtrace: InternalBacktrace { backtrace: None } })
ok
   - uncleHeaderAtBlock2Byzantium_Homestead...ok
   - pointMulAdd2_d5g1v0_Homestead...ok
   - txEqualValue_Homestead...ok
   - static_CheckOpcodes5_d4g1v0_Frontier...ok
WARN:ethcore::client::client: Stage 5 block verification failed for #2 (0x8f94…084f)
Error: Error(Block(InvalidStateRoot(Mismatch { expected: 0xe1aff725a27c18dbb8d70c2d0e049511dabba2f595c20f7c67ad4026d6275f88, found: 0x6ff22555fde6fe93e5b412a8691287a5be5708246adfd0c599604849925fcc34 })), State { next_error: None, backtrace: InternalBacktrace { backtrace: None } })
   - timeDiff14_Byzantium...ok
test json_tests::chain::block_tests::BlockchainTests_bcUncleTest ... ok
   - wallet2outOf3txsRevokeAndConfirmAgain_Byzantium...ok
   - ecpairing_perturb_zeropoint_by_field_modulus_d0g2v0_Byzantium...ok
   - static_CheckOpcodes5_d4g1v0_Homestead...ok
   - timeDiff14_EIP150...ok
   - ecpairing_perturb_zeropoint_by_field_modulus_d0g2v0_EIP150...ok
   - wallet2outOf3txsRevokeAndConfirmAgain_EIP150...ok
   - static_RawCallGasAsk_d0g0v0_Byzantium...ok
   - timeDiff14_EIP158...ok
   - ecpairing_perturb_zeropoint_by_field_modulus_d0g2v0_EIP158...ok
   - static_RawCallGasAsk_d0g0v0_EIP150...ok
   - timeDiff14_Frontier...ok
   - wallet2outOf3txsRevokeAndConfirmAgain_EIP158...ok
   - ecpairing_perturb_zeropoint_by_field_modulus_d0g2v0_Frontier...ok
   - static_RawCallGasAsk_d0g0v0_EIP158...ok
   - timeDiff14_Homestead...ok
   - ecpairing_perturb_zeropoint_by_field_modulus_d0g2v0_Homestead...ok
   - wallet2outOf3txsRevokeAndConfirmAgain_Frontier...ok
   - static_RawCallGasAsk_d0g0v0_Frontier...ok
   - SimpleTx3LowS_Byzantium...ok
   - pointMulAdd2_d15g1v0_Byzantium...ok
   - static_RawCallGasAsk_d0g0v0_Homestead...ok
   - wallet2outOf3txsRevokeAndConfirmAgain_Homestead...ok
   - SimpleTx3LowS_EIP150...ok
   - pointMulAdd2_d15g1v0_EIP150...ok
   - static_callcallcallcode_001_OOGMAfter_2_d0g0v0_Byzantium...ok
   - SimpleTx3LowS_EIP158...ok
   - pointMulAdd2_d15g1v0_EIP158...ok
ok
   - static_callcallcallcode_001_OOGMAfter_2_d0g0v0_EIP150...   - wallet2outOf3txs_Byzantium...ok
   - SimpleTx3LowS_Frontier...ok
   - pointMulAdd2_d15g1v0_Frontier...ok
   - static_callcallcallcode_001_OOGMAfter_2_d0g0v0_EIP158...ok
   - SimpleTx3LowS_Homestead...ok
   - wallet2outOf3txs_EIP150...ok
   - pointMulAdd2_d15g1v0_Homestead...ok
   - static_callcallcallcode_001_OOGMAfter_2_d0g0v0_Frontier...ok
   - timeDiff12_Byzantium...ok
   - ecmul_0-0_0_28000_128_d0g3v0_Byzantium...ok
   - static_callcallcallcode_001_OOGMAfter_2_d0g0v0_Homestead...ok
   - timeDiff12_EIP150...ok
   - wallet2outOf3txs_EIP158...ok
   - ecmul_0-0_0_28000_128_d0g3v0_EIP150...ok
   - static_callcall_00_OOGE_2_d1g0v0_Byzantium...ok
   - timeDiff12_EIP158...ok
   - ecmul_0-0_0_28000_128_d0g3v0_EIP158...ok
   - static_callcall_00_OOGE_2_d1g0v0_EIP150...ok
   - wallet2outOf3txs_Frontier...ok
   - timeDiff12_Frontier...ok
   - ecmul_0-0_0_28000_128_d0g3v0_Frontier...ok
   - static_callcall_00_OOGE_2_d1g0v0_EIP158...ok
   - timeDiff12_Homestead...ok
ok
   - ecmul_0-0_0_28000_128_d0g3v0_Homestead...   - wallet2outOf3txs_Homestead...ok
   - static_callcall_00_OOGE_2_d1g0v0_Frontier...ok
   - gasPrice0_Byzantium...ok
   - ecmul_0-3_0_28000_64_d0g3v0_Byzantium...ok
   - static_callcall_00_OOGE_2_d1g0v0_Homestead...ok
   - ecmul_0-3_0_28000_64_d0g3v0_EIP150...ok
   - gasPrice0_EIP150...ok
ok
   - static_callcodecallcall_100_SuicideMiddle2_d0g0v0_Byzantium...ok
   - gasPrice0_EIP158...ok
   - ecmul_0-3_0_28000_64_d0g3v0_EIP158...ok
   - static_callcodecallcall_100_SuicideMiddle2_d0g0v0_EIP150...ok
   - gasPrice0_Frontier...ok
   - ecmul_0-3_0_28000_64_d0g3v0_Frontier...ok
   - static_callcodecallcall_100_SuicideMiddle2_d0g0v0_EIP158...ok
   - gasPrice0_Homestead...ok
   - ecmul_0-3_0_28000_64_d0g3v0_Homestead...ok
   - static_callcodecallcall_100_SuicideMiddle2_d0g0v0_Frontier...ok
   - ecmul_7827-6598_0_21000_128_d0g3v0_Byzantium...ok
   - gasLimitTooHigh_Byzantium...ok
   - static_callcodecallcall_100_SuicideMiddle2_d0g0v0_Homestead...ok
   - ecmul_7827-6598_0_21000_128_d0g3v0_EIP150...ok
   - gasLimitTooHigh_EIP150...ok
   - static_CheckOpcodes5_d0g0v0_Byzantium...ok
   - ecmul_7827-6598_0_21000_128_d0g3v0_EIP158...ok
   - gasLimitTooHigh_EIP158...   - walletReorganizeOwners_Byzantium...ok
   - static_CheckOpcodes5_d0g0v0_EIP150...ok
   - ecmul_7827-6598_0_21000_128_d0g3v0_Frontier...ok
   - gasLimitTooHigh_Frontier...ok
   - static_CheckOpcodes5_d0g0v0_EIP158...ok
ok
   - gasLimitTooHigh_Homestead...   - ecmul_7827-6598_0_21000_128_d0g3v0_Homestead...ok
ok
   - gasLimitTooHigh2_Byzantium...ok
   - static_CheckOpcodes5_d0g0v0_Frontier...   - ecmul_0-0_9935_28000_96_d0g3v0_Byzantium...ok
   - static_CheckOpcodes5_d0g0v0_Homestead...ok
   - static_CallIdentity_4_gas17_d0g0v0_Byzantium...ok
   - gasLimitTooHigh2_EIP150...ok
   - ecmul_0-0_9935_28000_96_d0g3v0_EIP150...ok
   - static_CallIdentity_4_gas17_d0g0v0_EIP150...ok
   - gasLimitTooHigh2_EIP158...ok
   - ecmul_0-0_9935_28000_96_d0g3v0_EIP158...ok
   - static_CallIdentity_4_gas17_d0g0v0_EIP158...ok
   - gasLimitTooHigh2_Frontier...ok
   - ecmul_0-0_9935_28000_96_d0g3v0_Frontier...ok
   - static_CallIdentity_4_gas17_d0g0v0_Frontier...ok
   - gasLimitTooHigh2_Homestead...ok
   - ecmul_0-0_9935_28000_96_d0g3v0_Homestead...ok
   - static_CallIdentity_4_gas17_d0g0v0_Homestead...ok
ok
   - SimpleTx_Byzantium...   - ecpairing_one_point_insufficient_gas_d0g3v0_Byzantium...ok
   - static_callcodecall_10_OOGE_2_d1g0v0_Byzantium...ok
   - SimpleTx_EIP150...ok
   - ecpairing_one_point_insufficient_gas_d0g3v0_EIP150...ok
   - static_callcodecall_10_OOGE_2_d1g0v0_EIP150...ok
   - SimpleTx_EIP158...ok
   - ecpairing_one_point_insufficient_gas_d0g3v0_EIP158...ok
   - static_callcodecall_10_OOGE_2_d1g0v0_EIP158...ok
   - SimpleTx_Frontier...ok
   - ecpairing_one_point_insufficient_gas_d0g3v0_Frontier...ok
   - static_callcodecall_10_OOGE_2_d1g0v0_Frontier...ok
   - SimpleTx_Homestead...ok
   - ecpairing_one_point_insufficient_gas_d0g3v0_Homestead...ok
   - ExtraData32_Byzantium...ok
   - static_callcodecall_10_OOGE_2_d1g0v0_Homestead...ok
   - ExtraData32_EIP150...ok
   - pointAddTrunc_d0g3v0_Byzantium...ok
   - static_LoopCallsDepthThenRevert2_d0g0v0_Byzantium...ok
   - ExtraData32_EIP158...ok
   - pointAddTrunc_d0g3v0_EIP150...ok
   - ExtraData32_Frontier...ok
   - static_LoopCallsDepthThenRevert2_d0g0v0_EIP150...ok
   - pointAddTrunc_d0g3v0_EIP158...ok
   - static_LoopCallsDepthThenRevert2_d0g0v0_EIP158...ok
   - pointAddTrunc_d0g3v0_Frontier...ok
   - ExtraData32_Homestead...ok
   - pointAddTrunc_d0g3v0_Homestead...ok
   - static_LoopCallsDepthThenRevert2_d0g0v0_Frontier...ok
   - createRevert_Byzantium...ok
   - ecmul_1-2_9935_28000_128_d0g3v0_Byzantium...ok
   - static_LoopCallsDepthThenRevert2_d0g0v0_Homestead...ok
   - createRevert_EIP150...ok
ok
   - ecmul_1-2_9935_28000_128_d0g3v0_EIP150...   - static_callcodecallcallcode_101_OOGMAfter_1_d1g0v0_Byzantium...ok
   - createRevert_EIP158...ok
   - createRevert_Frontier...ok
   - ecmul_1-2_9935_28000_128_d0g3v0_EIP158...ok
   - static_callcodecallcallcode_101_OOGMAfter_1_d1g0v0_EIP150...ok
   - ecmul_1-2_9935_28000_128_d0g3v0_Frontier...ok
   - createRevert_Homestead...ok
   - ecmul_1-2_9935_28000_128_d0g3v0_Homestead...ok
ok
   - static_callcodecallcallcode_101_OOGMAfter_1_d1g0v0_EIP158...   - ecmul_1-2_1_28000_128_d0g0v0_Byzantium...ok
   - log1_correct_Byzantium...ok
   - static_callcodecallcallcode_101_OOGMAfter_1_d1g0v0_Frontier...ok
   - ecmul_1-2_1_28000_128_d0g0v0_EIP150...ok
   - log1_correct_EIP150...ok
   - static_callcodecallcallcode_101_OOGMAfter_1_d1g0v0_Homestead...ok
ok
   - log1_correct_EIP158...   - static_CheckOpcodes3_d0g0v0_Byzantium...ok
   - ecmul_1-2_1_28000_128_d0g0v0_EIP158...ok
   - static_CheckOpcodes3_d0g0v0_EIP150...ok
   - ecmul_1-2_1_28000_128_d0g0v0_Frontier...ok
   - log1_correct_Frontier...ok
   - static_CheckOpcodes3_d0g0v0_EIP158...ok
   - ecmul_1-2_1_28000_128_d0g0v0_Homestead...ok
   - log1_correct_Homestead...ok
   - static_CheckOpcodes3_d0g0v0_Frontier...ok
test json_tests::chain::block_tests::BlockchainTests_bcValidBlockTest ... ok
ok
   - ecmul_1-2_0_28000_96_d0g0v0_Byzantium...ok
   - static_CheckOpcodes3_d0g0v0_Homestead...ok
   - ecmul_1-2_0_28000_96_d0g0v0_EIP150...ok
   - static_callcallcodecallcode_011_d0g0v0_Byzantium...ok
   - static_callcallcodecallcode_011_d0g0v0_EIP150...ok
   - ecmul_1-2_0_28000_96_d0g0v0_EIP158...   - DifficultyTest1...ok
   - DifficultyTest10...ok
   - DifficultyTest100...ok
   - DifficultyTest1000...ok
   - DifficultyTest1001...ok
   - DifficultyTest1002...ok
   - DifficultyTest1003...ok
   - DifficultyTest1004...ok
   - DifficultyTest1005...ok
   - DifficultyTest1006...ok
   - DifficultyTest1007...ok
   - DifficultyTest1008...ok
   - DifficultyTest1009...ok
   - DifficultyTest101...ok
   - DifficultyTest1010...ok
   - DifficultyTest1011...ok
   - DifficultyTest1012...ok
   - DifficultyTest1013...ok
   - DifficultyTest1014...ok
   - DifficultyTest1015...ok
   - DifficultyTest1016...ok
   - DifficultyTest1017...ok
   - DifficultyTest1018...ok
   - DifficultyTest1019...ok
   - DifficultyTest102...ok
   - DifficultyTest1020...ok
   - DifficultyTest1021...ok
   - DifficultyTest1022...ok
   - DifficultyTest1023...ok
   - DifficultyTest1024...ok
   - DifficultyTest1025...ok
   - DifficultyTest1026...ok
   - DifficultyTest1027...ok
   - DifficultyTest1028...ok
   - DifficultyTest1029...ok
   - DifficultyTest103...ok
   - DifficultyTest1030...ok
   - DifficultyTest1031...ok
   - DifficultyTest1032...ok
   - DifficultyTest1033...ok
   - DifficultyTest1034...ok
   - DifficultyTest1035...ok
   - DifficultyTest1036...ok
   - DifficultyTest1037...ok
   - DifficultyTest1038...ok
   - DifficultyTest1039...ok
   - DifficultyTest104...ok
   - DifficultyTest1040...ok
   - DifficultyTest1041...ok
   - DifficultyTest1042...ok
   - DifficultyTest1043...ok
   - DifficultyTest1044...ok
   - DifficultyTest1045...ok
   - DifficultyTest1046...ok
   - DifficultyTest1047...ok
   - DifficultyTest1048...ok
   - DifficultyTest1049...ok
   - DifficultyTest105...ok
   - DifficultyTest1050...ok
   - DifficultyTest1051...ok
   - DifficultyTest1052...ok
   - DifficultyTest1053...ok
   - DifficultyTest1054...ok
   - DifficultyTest1055...ok
   - DifficultyTest1056...ok
   - DifficultyTest1057...ok
   - DifficultyTest1058...ok
   - DifficultyTest1059...ok
   - DifficultyTest106...ok
   - DifficultyTest1060...ok
   - DifficultyTest1061...ok
   - DifficultyTest1062...ok
   - DifficultyTest1063...ok
   - DifficultyTest1064...ok
   - DifficultyTest1065...ok
   - DifficultyTest1066...ok
   - DifficultyTest1067...ok
   - DifficultyTest1068...ok
   - DifficultyTest1069...ok
   - DifficultyTest107...ok
   - DifficultyTest1070...ok
   - DifficultyTest1071...ok
   - DifficultyTest1072...ok
   - DifficultyTest1073...ok
   - DifficultyTest1074...ok
   - DifficultyTest1075...ok
   - DifficultyTest1076...ok
   - DifficultyTest1077...ok
   - DifficultyTest1078...ok
   - DifficultyTest1079...ok
   - DifficultyTest108...ok
   - DifficultyTest1080...ok
   - DifficultyTest1081...ok
   - DifficultyTest1082...ok
   - DifficultyTest1083...ok
   - DifficultyTest1084...ok
   - DifficultyTest1085...ok
   - DifficultyTest1086...ok
   - DifficultyTest1087...ok
   - DifficultyTest1088...ok
   - DifficultyTest1089...ok
   - DifficultyTest109...ok
   - DifficultyTest1090...ok
   - DifficultyTest1091...ok
   - DifficultyTest1092...ok
   - DifficultyTest1093...ok
   - DifficultyTest1094...ok
   - DifficultyTest1095...ok
   - DifficultyTest1096...ok
   - DifficultyTest1097...ok
   - DifficultyTest1098...ok
   - DifficultyTest1099...ok
   - DifficultyTest11...ok
   - DifficultyTest110...ok
   - DifficultyTest1100...ok
   - DifficultyTest1101...ok
   - DifficultyTest1102...ok
   - DifficultyTest1103...ok
   - DifficultyTest1104...ok
   - DifficultyTest1105...ok
   - DifficultyTest1106...ok
   - DifficultyTest1107...ok
   - DifficultyTest1108...ok
   - DifficultyTest1109...ok
   - DifficultyTest111...ok
   - DifficultyTest1110...ok
   - DifficultyTest1111...ok
   - DifficultyTest1112...ok
   - DifficultyTest1113...ok
   - DifficultyTest1114...ok
   - DifficultyTest1115...ok
   - DifficultyTest1116...ok
   - DifficultyTest1117...ok
   - DifficultyTest1118...ok
   - DifficultyTest1119...ok
   - DifficultyTest112...ok
   - DifficultyTest1120...ok
   - DifficultyTest1121...ok
   - DifficultyTest1122...ok
   - DifficultyTest1123...ok
   - DifficultyTest1124...ok
   - DifficultyTest1125...ok
   - DifficultyTest1126...ok
   - DifficultyTest1127...ok
   - DifficultyTest1128...ok
   - DifficultyTest1129...ok
   - DifficultyTest113...ok
   - DifficultyTest1130...ok
   - DifficultyTest1131...ok
   - DifficultyTest1132...ok
   - DifficultyTest1133...ok
   - DifficultyTest1134...ok
   - DifficultyTest1135...ok
   - DifficultyTest1136...ok
   - DifficultyTest1137...ok
   - DifficultyTest1138...ok
   - DifficultyTest1139...ok
   - DifficultyTest114...ok
   - DifficultyTest1140...ok
   - DifficultyTest1141...ok
   - DifficultyTest1142...ok
   - DifficultyTest1143...ok
   - DifficultyTest1144...ok
   - DifficultyTest1145...ok
   - DifficultyTest1146...ok
   - DifficultyTest1147...ok
   - DifficultyTest1148...ok
   - DifficultyTest1149...ok
   - DifficultyTest115...ok
   - DifficultyTest1150...ok
   - DifficultyTest1151...ok
   - DifficultyTest1152...ok
   - DifficultyTest1153...ok
   - DifficultyTest1154...ok
   - DifficultyTest1155...ok
   - DifficultyTest1156...ok
   - DifficultyTest1157...ok
   - DifficultyTest1158...ok
   - DifficultyTest1159...ok
   - DifficultyTest116...ok
   - DifficultyTest1160...ok
   - DifficultyTest1161...ok
   - DifficultyTest1162...ok
   - DifficultyTest1163...ok
   - DifficultyTest1164...ok
   - DifficultyTest1165...ok
   - DifficultyTest1166...ok
   - DifficultyTest1167...ok
   - DifficultyTest1168...ok
   - DifficultyTest1169...ok
   - DifficultyTest117...ok
   - DifficultyTest1170...ok
   - DifficultyTest1171...ok
   - DifficultyTest1172...ok
   - DifficultyTest1173...ok
   - DifficultyTest1174...ok
   - DifficultyTest1175...ok
   - DifficultyTest1176...ok
   - DifficultyTest1177...ok
   - DifficultyTest1178...ok
   - DifficultyTest1179...ok
   - DifficultyTest118...ok
   - DifficultyTest1180...ok
   - DifficultyTest1181...ok
   - DifficultyTest1182...ok
   - DifficultyTest1183...ok
   - DifficultyTest1184...ok
   - DifficultyTest1185...ok
   - DifficultyTest1186...ok
   - DifficultyTest1187...ok
   - DifficultyTest1188...ok
   - DifficultyTest1189...ok
   - DifficultyTest119...ok
   - DifficultyTest1190...ok
   - DifficultyTest1191...ok
   - DifficultyTest1192...ok
   - DifficultyTest1193...ok
   - DifficultyTest1194...ok
   - DifficultyTest1195...ok
   - DifficultyTest1196...ok
   - DifficultyTest1197...ok
   - DifficultyTest1198...ok
   - DifficultyTest1199...ok
   - DifficultyTest12...ok
   - DifficultyTest120...ok
   - DifficultyTest1200...ok
   - DifficultyTest1201...ok
   - DifficultyTest1202...ok
   - DifficultyTest1203...ok
   - DifficultyTest1204...ok
   - DifficultyTest1205...ok
   - DifficultyTest1206...ok
   - DifficultyTest1207...ok
   - DifficultyTest1208...ok
   - DifficultyTest1209...ok
   - DifficultyTest121...ok
   - DifficultyTest1210...ok
   - DifficultyTest1211...ok
   - DifficultyTest1212...ok
   - DifficultyTest1213...ok
   - DifficultyTest1214...ok
   - DifficultyTest1215...ok
   - DifficultyTest1216...ok
   - DifficultyTest1217...ok
   - DifficultyTest1218...ok
   - DifficultyTest1219...ok
   - DifficultyTest122...ok
   - DifficultyTest1220...ok
   - DifficultyTest1221...ok
   - DifficultyTest1222...ok
   - DifficultyTest1223...ok
   - DifficultyTest1224...ok
   - DifficultyTest1225...ok
   - DifficultyTest1226...ok
   - DifficultyTest1227...ok
   - DifficultyTest1228...ok
   - DifficultyTest1229...ok
   - DifficultyTest123...ok
   - DifficultyTest1230...ok
   - DifficultyTest1231...ok
   - DifficultyTest1232...ok
   - DifficultyTest1233...ok
   - DifficultyTest1234...ok
   - DifficultyTest1235...ok
   - DifficultyTest1236...ok
   - DifficultyTest1237...ok
   - DifficultyTest1238...ok
   - DifficultyTest1239...ok
   - DifficultyTest124...ok
   - DifficultyTest1240...ok
   - DifficultyTest1241...ok
   - DifficultyTest1242...ok
   - DifficultyTest1243...ok
   - DifficultyTest1244...ok
   - DifficultyTest1245...ok
   - DifficultyTest1246...ok
   - DifficultyTest1247...ok
   - DifficultyTest1248...ok
   - DifficultyTest1249...ok
   - DifficultyTest125...ok
   - DifficultyTest1250...ok
   - DifficultyTest1251...ok
   - DifficultyTest1252...ok
   - DifficultyTest1253...ok
   - DifficultyTest1254...ok
   - DifficultyTest1255...ok
   - DifficultyTest1256...ok
   - DifficultyTest1257...ok
   - DifficultyTest1258...ok
   - DifficultyTest1259...ok
   - DifficultyTest126...ok
   - DifficultyTest1260...ok
   - DifficultyTest1261...ok
   - DifficultyTest1262...ok
   - DifficultyTest1263...ok
   - DifficultyTest1264...ok
   - DifficultyTest1265...ok
   - DifficultyTest1266...ok
   - DifficultyTest1267...ok
   - DifficultyTest1268...ok
   - DifficultyTest1269...ok
   - DifficultyTest127...ok
   - DifficultyTest1270...ok
   - DifficultyTest1271...ok
   - DifficultyTest1272...ok
   - DifficultyTest1273...ok
   - DifficultyTest1274...ok
   - DifficultyTest1275...ok
   - DifficultyTest1276...ok
   - DifficultyTest1277...ok
   - DifficultyTest1278...ok
   - DifficultyTest1279...ok
   - DifficultyTest128...ok
   - DifficultyTest1280...ok
   - DifficultyTest1281...ok
   - DifficultyTest1282...ok
   - DifficultyTest1283...ok
   - DifficultyTest1284...ok
   - DifficultyTest1285...ok
   - DifficultyTest1286...ok
   - DifficultyTest1287...ok
   - DifficultyTest1288...ok
   - DifficultyTest1289...ok
   - DifficultyTest129...ok
   - DifficultyTest1290...ok
   - DifficultyTest1291...ok
   - DifficultyTest1292...ok
   - DifficultyTest1293...ok
   - DifficultyTest1294...ok
   - DifficultyTest1295...ok
   - DifficultyTest1296...ok
   - DifficultyTest1297...ok
   - DifficultyTest1298...ok
   - DifficultyTest1299...ok
   - DifficultyTest13...ok
   - DifficultyTest130...ok
   - DifficultyTest1300...ok
   - DifficultyTest1301...ok
   - DifficultyTest1302...ok
   - DifficultyTest1303...ok
   - DifficultyTest1304...ok
   - DifficultyTest1305...ok
   - DifficultyTest1306...ok
   - DifficultyTest1307...ok
   - DifficultyTest1308...ok
   - DifficultyTest1309...ok
   - DifficultyTest131...ok
   - DifficultyTest1310...ok
   - DifficultyTest1311...ok
   - DifficultyTest1312...ok
   - DifficultyTest1313...ok
   - DifficultyTest1314...ok
   - DifficultyTest1315...ok
   - DifficultyTest1316...ok
   - DifficultyTest1317...ok
   - DifficultyTest1318...ok
   - DifficultyTest1319...ok
   - DifficultyTest132...ok
   - DifficultyTest1320...ok
   - DifficultyTest1321...ok
   - DifficultyTest1322...ok
   - DifficultyTest1323...ok
   - DifficultyTest1324...ok
   - DifficultyTest1325...ok
   - DifficultyTest1326...ok
   - DifficultyTest1327...ok
   - DifficultyTest1328...ok
   - DifficultyTest1329...ok
   - DifficultyTest133...ok
   - DifficultyTest1330...ok
   - DifficultyTest1331...ok
   - DifficultyTest1332...ok
   - DifficultyTest1333...ok
   - DifficultyTest1334...ok
   - DifficultyTest1335...ok
   - DifficultyTest1336...ok
   - DifficultyTest1337...ok
   - DifficultyTest1338...ok
   - DifficultyTest1339...ok
   - DifficultyTest134...ok
   - DifficultyTest1340...ok
   - DifficultyTest1341...ok
   - DifficultyTest1342...ok
   - DifficultyTest1343...ok
   - DifficultyTest1344...ok
   - DifficultyTest1345...ok
   - DifficultyTest1346...ok
   - DifficultyTest1347...ok
   - DifficultyTest1348...ok
   - DifficultyTest1349...ok
   - DifficultyTest135...ok
   - DifficultyTest1350...ok
   - DifficultyTest1351...ok
   - DifficultyTest1352...ok
   - DifficultyTest1353...ok
   - DifficultyTest1354...ok
   - DifficultyTest1355...ok
   - DifficultyTest1356...ok
   - DifficultyTest1357...ok
   - DifficultyTest1358...ok
   - DifficultyTest1359...ok
   - DifficultyTest136...ok
   - DifficultyTest1360...ok
   - DifficultyTest1361...ok
   - DifficultyTest1362...ok
   - DifficultyTest1363...ok
   - DifficultyTest1364...ok
   - DifficultyTest1365...ok
   - DifficultyTest1366...ok
   - DifficultyTest1367...ok
   - DifficultyTest1368...ok
   - DifficultyTest1369...ok
   - DifficultyTest137...ok
   - DifficultyTest1370...ok
   - DifficultyTest1371...ok
   - DifficultyTest1372...ok
   - DifficultyTest1373...ok
   - DifficultyTest1374...ok
   - DifficultyTest1375...ok
   - DifficultyTest1376...ok
   - DifficultyTest1377...ok
   - DifficultyTest1378...ok
   - DifficultyTest1379...ok
   - DifficultyTest138...ok
   - DifficultyTest1380...ok
   - DifficultyTest1381...ok
   - DifficultyTest1382...ok
   - DifficultyTest1383...ok
   - DifficultyTest1384...ok
   - DifficultyTest1385...ok
   - DifficultyTest1386...ok
   - DifficultyTest1387...ok
   - DifficultyTest1388...ok
   - DifficultyTest1389...ok
   - DifficultyTest139...ok
   - DifficultyTest1390...ok
   - DifficultyTest1391...ok
   - DifficultyTest1392...ok
   - DifficultyTest1393...ok
   - DifficultyTest1394...ok
   - DifficultyTest1395...ok
   - DifficultyTest1396...ok
   - DifficultyTest1397...ok
   - DifficultyTest1398...ok
   - DifficultyTest1399...ok
   - DifficultyTest14...ok
   - DifficultyTest140...ok
   - DifficultyTest1400...ok
   - DifficultyTest1401...ok
   - DifficultyTest1402...ok
   - DifficultyTest1403...ok
   - DifficultyTest1404...ok
   - DifficultyTest1405...ok
   - DifficultyTest1406...ok
   - DifficultyTest1407...ok
   - DifficultyTest1408...ok
   - DifficultyTest1409...ok
   - DifficultyTest141...ok
   - DifficultyTest1410...ok
   - DifficultyTest1411...ok
   - DifficultyTest1412...ok
   - DifficultyTest1413...ok
   - DifficultyTest1414...ok
   - DifficultyTest1415...ok
   - DifficultyTest1416...ok
   - DifficultyTest1417...ok
   - DifficultyTest1418...ok
   - DifficultyTest1419...ok
   - DifficultyTest142...ok
   - DifficultyTest1420...ok
   - DifficultyTest1421...ok
   - DifficultyTest1422...ok
   - DifficultyTest1423...ok
   - DifficultyTest1424...ok
   - DifficultyTest1425...ok
   - DifficultyTest1426...ok
   - DifficultyTest1427...ok
   - DifficultyTest1428...ok
   - DifficultyTest1429...ok
   - DifficultyTest143...ok
   - DifficultyTest1430...ok
   - DifficultyTest1431...ok
   - DifficultyTest1432...ok
   - DifficultyTest1433...ok
   - DifficultyTest1434...ok
   - DifficultyTest1435...ok
   - DifficultyTest1436...ok
   - DifficultyTest1437...ok
   - DifficultyTest1438...ok
   - DifficultyTest1439...ok
   - DifficultyTest144...ok
   - DifficultyTest1440...ok
   - DifficultyTest1441...ok
   - DifficultyTest1442...ok
   - DifficultyTest1443...ok
   - DifficultyTest1444...ok
   - DifficultyTest1445...ok
   - DifficultyTest1446...ok
   - DifficultyTest1447...ok
   - DifficultyTest1448...ok
   - DifficultyTest1449...ok
   - DifficultyTest145...ok
   - DifficultyTest1450...ok
   - DifficultyTest1451...ok
   - DifficultyTest1452...ok
   - DifficultyTest1453...ok
   - DifficultyTest1454...ok
   - DifficultyTest1455...ok
   - DifficultyTest1456...ok
   - DifficultyTest1457...ok
   - DifficultyTest1458...ok
   - DifficultyTest1459...ok
   - DifficultyTest146...ok
   - DifficultyTest1460...ok
   - DifficultyTest1461...ok
   - DifficultyTest1462...ok
   - DifficultyTest1463...ok
   - DifficultyTest1464...ok
   - DifficultyTest1465...ok
   - DifficultyTest1466...ok
   - DifficultyTest1467...ok
   - DifficultyTest1468...ok
   - DifficultyTest1469...ok
   - DifficultyTest147...ok
   - DifficultyTest1470...ok
   - DifficultyTest1471...ok
   - DifficultyTest1472...ok
   - DifficultyTest1473...ok
   - DifficultyTest1474...ok
   - DifficultyTest1475...ok
   - DifficultyTest1476...ok
   - DifficultyTest1477...ok
   - DifficultyTest1478...ok
   - DifficultyTest1479...ok
   - DifficultyTest148...ok
   - DifficultyTest1480...ok
   - DifficultyTest1481...ok
   - DifficultyTest1482...ok
   - DifficultyTest1483...ok
   - DifficultyTest1484...ok
   - DifficultyTest1485...ok
   - DifficultyTest1486...ok
   - DifficultyTest1487...ok
   - DifficultyTest1488...ok
   - DifficultyTest1489...ok
   - DifficultyTest149...ok
   - DifficultyTest1490...ok
   - DifficultyTest1491...ok
   - DifficultyTest1492...ok
   - DifficultyTest1493...ok
   - DifficultyTest1494...ok
   - DifficultyTest1495...ok
   - DifficultyTest1496...ok
   - DifficultyTest1497...ok
   - DifficultyTest1498...ok
   - DifficultyTest1499...ok
   - DifficultyTest15...ok
   - DifficultyTest150...ok
   - DifficultyTest1500...ok
   - DifficultyTest1501...ok
   - DifficultyTest1502...ok
   - DifficultyTest1503...ok
   - DifficultyTest1504...ok
   - DifficultyTest1505...ok
   - DifficultyTest1506...ok
   - DifficultyTest1507...ok
   - DifficultyTest1508...ok
   - DifficultyTest1509...ok
   - DifficultyTest151...ok
   - DifficultyTest1510...ok
   - DifficultyTest1511...ok
   - DifficultyTest1512...ok
   - DifficultyTest1513...ok
   - DifficultyTest1514...ok
   - DifficultyTest1515...ok
   - DifficultyTest1516...ok
   - DifficultyTest1517...ok
   - DifficultyTest1518...ok
   - DifficultyTest1519...ok
   - DifficultyTest152...ok
   - DifficultyTest1520...ok
   - DifficultyTest1521...ok
   - DifficultyTest1522...ok
   - DifficultyTest1523...ok
   - DifficultyTest1524...ok
   - DifficultyTest1525...ok
   - DifficultyTest1526...ok
   - DifficultyTest1527...ok
   - DifficultyTest1528...ok
   - DifficultyTest1529...ok
   - DifficultyTest153...ok
   - DifficultyTest1530...ok
   - DifficultyTest1531...ok
   - DifficultyTest1532...ok
   - DifficultyTest1533...ok
   - DifficultyTest1534...ok
   - DifficultyTest1535...ok
   - DifficultyTest1536...ok
   - DifficultyTest1537...ok
   - DifficultyTest1538...ok
   - DifficultyTest1539...ok
   - DifficultyTest154...ok
   - DifficultyTest1540...ok
   - DifficultyTest1541...ok
   - DifficultyTest1542...ok
   - DifficultyTest1543...ok
   - DifficultyTest1544...ok
   - DifficultyTest1545...ok
   - DifficultyTest1546...ok
   - DifficultyTest1547...ok
   - DifficultyTest1548...ok
   - DifficultyTest1549...ok
   - DifficultyTest155...ok
   - DifficultyTest1550...ok
   - DifficultyTest1551...ok
   - DifficultyTest1552...ok
   - DifficultyTest1553...ok
   - DifficultyTest1554...ok
   - DifficultyTest1555...ok
   - DifficultyTest1556...ok
   - DifficultyTest1557...ok
   - DifficultyTest1558...ok
   - DifficultyTest1559...ok
   - DifficultyTest156...ok
   - DifficultyTest1560...ok
   - DifficultyTest1561...ok
   - DifficultyTest1562...ok
   - DifficultyTest1563...ok
   - DifficultyTest1564...ok
   - DifficultyTest1565...ok
   - DifficultyTest1566...ok
   - DifficultyTest1567...ok
   - DifficultyTest1568...ok
   - DifficultyTest1569...ok
   - DifficultyTest157...ok
   - DifficultyTest1570...ok
   - DifficultyTest1571...ok
   - DifficultyTest1572...ok
   - DifficultyTest1573...ok
   - DifficultyTest1574...ok
   - DifficultyTest1575...ok
   - DifficultyTest1576...ok
   - DifficultyTest1577...ok
   - DifficultyTest1578...ok
   - DifficultyTest1579...ok
   - DifficultyTest158...ok
   - DifficultyTest1580...ok
   - DifficultyTest1581...ok
   - DifficultyTest1582...ok
   - DifficultyTest1583...ok
   - DifficultyTest1584...ok
   - DifficultyTest1585...ok
   - DifficultyTest1586...ok
   - DifficultyTest1587...ok
   - DifficultyTest1588...ok
   - DifficultyTest1589...ok
   - DifficultyTest159...ok
   - DifficultyTest1590...ok
   - DifficultyTest1591...ok
   - DifficultyTest1592...ok
   - DifficultyTest1593...ok
   - DifficultyTest1594...ok
   - DifficultyTest1595...ok
   - DifficultyTest1596...ok
   - DifficultyTest1597...ok
   - DifficultyTest1598...ok
   - DifficultyTest1599...ok
   - DifficultyTest16...ok
   - DifficultyTest160...ok
   - DifficultyTest1600...ok
   - DifficultyTest1601...ok
   - DifficultyTest1602...ok
   - DifficultyTest1603...ok
   - DifficultyTest1604...ok
   - DifficultyTest1605...ok
   - DifficultyTest1606...ok
   - DifficultyTest1607...ok
   - DifficultyTest1608...ok
   - DifficultyTest1609...ok
   - DifficultyTest161...ok
   - DifficultyTest1610...ok
   - DifficultyTest1611...ok
   - DifficultyTest1612...ok
   - DifficultyTest1613...ok
   - DifficultyTest1614...ok
   - DifficultyTest1615...ok
   - DifficultyTest1616...ok
   - DifficultyTest1617...ok
   - DifficultyTest1618...ok
   - DifficultyTest1619...ok
   - DifficultyTest162...ok
   - DifficultyTest1620...ok
   - DifficultyTest1621...ok
   - DifficultyTest1622...ok
   - DifficultyTest1623...ok
   - DifficultyTest1624...ok
   - DifficultyTest1625...ok
   - DifficultyTest1626...ok
   - DifficultyTest1627...ok
   - DifficultyTest1628...ok
   - DifficultyTest1629...ok
   - DifficultyTest163...ok
   - DifficultyTest1630...ok
   - DifficultyTest1631...ok
   - DifficultyTest1632...ok
   - DifficultyTest1633...ok
   - DifficultyTest1634...ok
   - DifficultyTest1635...ok
   - DifficultyTest1636...ok
   - DifficultyTest1637...ok
   - DifficultyTest1638...ok
   - DifficultyTest1639...ok
   - DifficultyTest164...ok
   - DifficultyTest1640...ok
   - DifficultyTest1641...ok
   - DifficultyTest1642...ok
   - DifficultyTest1643...ok
   - DifficultyTest1644...ok
   - DifficultyTest1645...ok
   - DifficultyTest1646...ok
   - DifficultyTest1647...ok
   - DifficultyTest1648...ok
   - DifficultyTest1649...ok
   - DifficultyTest165...ok
   - DifficultyTest1650...ok
   - DifficultyTest1651...ok
   - DifficultyTest1652...ok
   - DifficultyTest1653...ok
   - DifficultyTest1654...ok
   - DifficultyTest1655...ok
   - DifficultyTest1656...ok
   - DifficultyTest1657...ok
   - DifficultyTest1658...ok
   - DifficultyTest1659...ok
   - DifficultyTest166...ok
   - DifficultyTest1660...ok
   - DifficultyTest1661...ok
   - DifficultyTest1662...ok
   - DifficultyTest1663...ok
   - DifficultyTest1664...ok
   - DifficultyTest1665...ok
   - DifficultyTest1666...ok
   - DifficultyTest1667...ok
   - DifficultyTest1668...ok
   - DifficultyTest1669...ok
   - DifficultyTest167...ok
   - DifficultyTest1670...ok
   - DifficultyTest1671...ok
   - DifficultyTest1672...ok
   - DifficultyTest1673...ok
   - DifficultyTest1674...ok
   - DifficultyTest1675...ok
   - DifficultyTest1676...ok
   - DifficultyTest1677...ok
   - DifficultyTest1678...ok
   - DifficultyTest1679...ok
   - DifficultyTest168...ok
   - DifficultyTest1680...ok
   - DifficultyTest1681...ok
   - DifficultyTest1682...ok
   - DifficultyTest1683...ok
   - DifficultyTest1684...ok
   - DifficultyTest1685...ok
   - DifficultyTest1686...ok
   - DifficultyTest1687...ok
   - DifficultyTest1688...ok
   - DifficultyTest1689...ok
   - DifficultyTest169...ok
   - DifficultyTest1690...ok
   - DifficultyTest1691...ok
   - DifficultyTest1692...ok
   - DifficultyTest1693...ok
   - DifficultyTest1694...ok
   - DifficultyTest1695...ok
   - DifficultyTest1696...ok
   - DifficultyTest1697...ok
   - DifficultyTest1698...ok
   - DifficultyTest1699...ok
   - DifficultyTest17...ok
   - DifficultyTest170...ok
   - DifficultyTest1700...ok
   - DifficultyTest1701...ok
   - DifficultyTest1702...ok
   - DifficultyTest1703...ok
   - DifficultyTest1704...ok
   - DifficultyTest1705...ok
   - DifficultyTest1706...ok
   - DifficultyTest1707...ok
   - DifficultyTest1708...ok
   - DifficultyTest1709...ok
   - DifficultyTest171...ok
   - DifficultyTest1710...ok
   - DifficultyTest1711...ok
   - DifficultyTest1712...ok
   - DifficultyTest1713...ok
   - DifficultyTest1714...ok
   - DifficultyTest1715...ok
   - DifficultyTest1716...ok
   - DifficultyTest1717...ok
   - DifficultyTest1718...ok
   - DifficultyTest1719...ok
   - DifficultyTest172...ok
   - DifficultyTest1720...ok
   - DifficultyTest1721...ok
   - DifficultyTest1722...ok
   - DifficultyTest1723...ok
   - DifficultyTest1724...ok
   - DifficultyTest1725...ok
   - DifficultyTest1726...ok
   - DifficultyTest1727...ok
   - DifficultyTest1728...ok
   - DifficultyTest1729...ok
   - DifficultyTest173...ok
   - DifficultyTest1730...ok
   - DifficultyTest1731...ok
   - DifficultyTest1732...ok
   - DifficultyTest1733...ok
   - DifficultyTest1734...ok
   - DifficultyTest1735...ok
   - DifficultyTest1736...ok
   - DifficultyTest1737...ok
   - DifficultyTest1738...ok
   - DifficultyTest1739...ok
   - DifficultyTest174...ok
   - DifficultyTest1740...ok
   - DifficultyTest1741...ok
   - DifficultyTest1742...ok
   - DifficultyTest1743...ok
   - DifficultyTest1744...ok
   - DifficultyTest1745...ok
   - DifficultyTest1746...ok
   - DifficultyTest1747...ok
   - DifficultyTest1748...ok
   - DifficultyTest1749...ok
   - DifficultyTest175...ok
   - DifficultyTest1750...ok
   - DifficultyTest1751...ok
   - DifficultyTest1752...ok
   - DifficultyTest1753...ok
   - DifficultyTest1754...ok
   - DifficultyTest1755...ok
   - DifficultyTest1756...ok
   - DifficultyTest1757...ok
   - DifficultyTest1758...ok
   - DifficultyTest1759...ok
   - DifficultyTest176...ok
   - DifficultyTest1760...ok
   - DifficultyTest1761...ok
   - DifficultyTest1762...ok
   - DifficultyTest1763...ok
   - DifficultyTest1764...ok
   - DifficultyTest1765...ok
   - DifficultyTest1766...ok
   - DifficultyTest1767...ok
   - DifficultyTest1768...ok
   - DifficultyTest1769...ok
   - DifficultyTest177...ok
   - DifficultyTest1770...ok
   - DifficultyTest1771...ok
   - DifficultyTest1772...ok
   - DifficultyTest1773...ok
   - DifficultyTest1774...ok
   - DifficultyTest1775...ok
   - DifficultyTest1776...ok
   - DifficultyTest1777...ok
   - DifficultyTest1778...ok
   - DifficultyTest1779...ok
   - DifficultyTest178...ok
   - DifficultyTest1780...ok
   - DifficultyTest1781...ok
   - DifficultyTest1782...ok
   - DifficultyTest1783...ok
   - DifficultyTest1784...ok
   - DifficultyTest1785...ok
   - DifficultyTest1786...ok
   - DifficultyTest1787...ok
   - DifficultyTest1788...ok
   - DifficultyTest1789...ok
   - DifficultyTest179...ok
   - DifficultyTest1790...ok
   - DifficultyTest1791...ok
   - DifficultyTest1792...ok
   - DifficultyTest1793...ok
   - DifficultyTest1794...ok
   - DifficultyTest1795...ok
   - DifficultyTest1796...ok
   - DifficultyTest1797...ok
   - DifficultyTest1798...ok
   - DifficultyTest1799...ok
   - DifficultyTest18...ok
   - DifficultyTest180...ok
   - DifficultyTest1800...ok
   - DifficultyTest1801...ok
   - DifficultyTest1802...ok
   - DifficultyTest1803...ok
   - DifficultyTest1804...ok
   - DifficultyTest1805...ok
   - DifficultyTest1806...ok
   - DifficultyTest1807...ok
   - DifficultyTest1808...ok
   - DifficultyTest1809...ok
   - DifficultyTest181...ok
   - DifficultyTest1810...ok
   - DifficultyTest1811...ok
   - DifficultyTest1812...ok
   - DifficultyTest1813...ok
   - DifficultyTest1814...ok
   - DifficultyTest1815...ok
   - DifficultyTest1816...ok
   - DifficultyTest1817...ok
   - DifficultyTest1818...ok
   - DifficultyTest1819...ok
   - DifficultyTest182...ok
   - DifficultyTest1820...ok
   - DifficultyTest1821...ok
   - DifficultyTest1822...ok
   - DifficultyTest1823...ok
   - DifficultyTest1824...ok
   - DifficultyTest1825...ok
   - DifficultyTest1826...ok
   - DifficultyTest1827...ok
   - DifficultyTest1828...ok
   - DifficultyTest1829...ok
   - DifficultyTest183...ok
   - DifficultyTest1830...ok
   - DifficultyTest1831...ok
   - DifficultyTest1832...ok
   - DifficultyTest1833...ok
   - DifficultyTest1834...ok
   - DifficultyTest1835...ok
   - DifficultyTest1836...ok
   - DifficultyTest1837...ok
   - DifficultyTest1838...ok
   - DifficultyTest1839...ok
   - DifficultyTest184...ok
   - DifficultyTest1840...ok
   - DifficultyTest1841...ok
   - DifficultyTest1842...ok
   - DifficultyTest1843...ok
   - DifficultyTest1844...ok
   - DifficultyTest1845...ok
   - DifficultyTest1846...ok
   - DifficultyTest1847...ok
   - DifficultyTest1848...ok
   - DifficultyTest1849...ok
   - DifficultyTest185...ok
   - DifficultyTest1850...ok
   - DifficultyTest1851...ok
   - DifficultyTest1852...ok
   - DifficultyTest1853...ok
   - DifficultyTest1854...ok
   - DifficultyTest1855...ok
   - DifficultyTest1856...ok
   - DifficultyTest1857...ok
   - DifficultyTest1858...ok
   - DifficultyTest1859...ok
   - DifficultyTest186...ok
   - DifficultyTest1860...ok
   - DifficultyTest1861...ok
   - DifficultyTest1862...ok
   - DifficultyTest1863...ok
   - DifficultyTest1864...ok
   - DifficultyTest1865...ok
   - DifficultyTest1866...ok
   - DifficultyTest1867...ok
   - DifficultyTest1868...ok
   - DifficultyTest1869...ok
   - DifficultyTest187...ok
   - DifficultyTest1870...ok
   - DifficultyTest1871...ok
   - DifficultyTest1872...ok
   - DifficultyTest1873...ok
   - DifficultyTest1874...ok
   - DifficultyTest1875...ok
   - DifficultyTest1876...ok
   - DifficultyTest1877...ok
   - DifficultyTest1878...ok
   - DifficultyTest1879...ok
   - DifficultyTest188...ok
   - DifficultyTest1880...ok
   - DifficultyTest1881...ok
   - DifficultyTest1882...ok
   - DifficultyTest1883...ok
   - DifficultyTest1884...ok
   - DifficultyTest1885...ok
   - DifficultyTest1886...ok
   - DifficultyTest1887...ok
   - DifficultyTest1888...ok
   - DifficultyTest1889...ok
   - DifficultyTest189...ok
   - DifficultyTest1890...ok
   - DifficultyTest1891...ok
   - DifficultyTest1892...ok
   - DifficultyTest1893...ok
   - DifficultyTest1894...ok
   - DifficultyTest1895...ok
   - DifficultyTest1896...ok
   - DifficultyTest1897...ok
   - DifficultyTest1898...ok
   - DifficultyTest1899...ok
   - DifficultyTest19...ok
   - DifficultyTest190...ok
   - DifficultyTest1900...ok
   - DifficultyTest1901...ok
   - DifficultyTest1902...ok
   - DifficultyTest1903...ok
   - DifficultyTest1904...ok
   - DifficultyTest1905...ok
   - DifficultyTest1906...ok
   - DifficultyTest1907...ok
   - DifficultyTest1908...ok
   - DifficultyTest1909...ok
   - DifficultyTest191...ok
   - DifficultyTest1910...ok
   - DifficultyTest1911...ok
   - DifficultyTest1912...ok
   - DifficultyTest1913...ok
   - DifficultyTest1914...ok
   - DifficultyTest1915...ok
   - DifficultyTest1916...ok
   - DifficultyTest1917...ok
   - DifficultyTest1918...ok
   - DifficultyTest1919...ok
   - DifficultyTest192...ok
   - DifficultyTest1920...ok
   - DifficultyTest1921...ok
   - DifficultyTest1922...ok
   - DifficultyTest1923...ok
   - DifficultyTest1924...ok
   - DifficultyTest1925...ok
   - DifficultyTest1926...ok
   - DifficultyTest1927...ok
   - DifficultyTest1928...ok
   - DifficultyTest1929...ok
   - DifficultyTest193...ok
   - DifficultyTest1930...ok
   - DifficultyTest1931...ok
   - DifficultyTest1932...ok
   - DifficultyTest1933...ok
   - DifficultyTest1934...ok
   - DifficultyTest1935...ok
   - DifficultyTest1936...ok
   - DifficultyTest1937...ok
   - DifficultyTest1938...ok
   - DifficultyTest1939...ok
   - DifficultyTest194...ok
   - DifficultyTest1940...ok
   - DifficultyTest1941...ok
   - DifficultyTest1942...ok
   - DifficultyTest1943...ok
   - DifficultyTest1944...ok
   - DifficultyTest1945...ok
   - DifficultyTest1946...ok
   - DifficultyTest1947...ok
   - DifficultyTest1948...ok
   - DifficultyTest1949...ok
   - DifficultyTest195...ok
   - DifficultyTest1950...ok
   - DifficultyTest1951...ok
   - DifficultyTest1952...ok
   - DifficultyTest1953...ok
   - DifficultyTest1954...ok
   - DifficultyTest1955...ok
   - DifficultyTest1956...ok
   - DifficultyTest1957...ok
   - DifficultyTest1958...ok
   - DifficultyTest1959...ok
   - DifficultyTest196...ok
   - DifficultyTest1960...ok
   - DifficultyTest1961...ok
   - DifficultyTest1962...ok
   - DifficultyTest1963...ok
   - DifficultyTest1964...ok
   - DifficultyTest1965...ok
   - DifficultyTest1966...ok
   - DifficultyTest1967...ok
   - DifficultyTest1968...ok
   - DifficultyTest1969...ok
   - DifficultyTest197...ok
   - DifficultyTest1970...ok
   - DifficultyTest1971...ok
   - DifficultyTest1972...ok
   - DifficultyTest1973...ok
   - DifficultyTest1974...ok
   - DifficultyTest1975...ok
   - DifficultyTest1976...ok
ok
   - DifficultyTest1977...ok
   - DifficultyTest1978...ok
   - DifficultyTest1979...ok
   - DifficultyTest198...ok
   - DifficultyTest1980...ok
   - DifficultyTest1981...ok
   - DifficultyTest1982...ok
   - DifficultyTest1983...ok
   - DifficultyTest1984...ok
   - DifficultyTest1985...ok
   - DifficultyTest1986...ok
   - DifficultyTest1987...ok
   - DifficultyTest1988...   - static_callcallcodecallcode_011_d0g0v0_EIP158...ok
   - DifficultyTest1989...ok
   - DifficultyTest199...ok
   - DifficultyTest1990...ok
   - DifficultyTest1991...ok
   - DifficultyTest1992...ok
   - DifficultyTest1993...ok
   - DifficultyTest1994...ok
   - DifficultyTest1995...ok
   - DifficultyTest1996...ok
   - DifficultyTest1997...ok
   - DifficultyTest1998...ok
   - DifficultyTest1999...ok
   - DifficultyTest2...ok
   - DifficultyTest20...ok
   - DifficultyTest200...ok
   - DifficultyTest2000...ok
   - DifficultyTest2001...ok
   - DifficultyTest2002...ok
   - DifficultyTest2003...ok
   - DifficultyTest2004...ok
   - DifficultyTest2005...ok
   - DifficultyTest2006...ok
   - DifficultyTest2007...ok
   - DifficultyTest2008...ok
   - DifficultyTest2009...ok
   - DifficultyTest201...ok
   - DifficultyTest2010...ok
   - DifficultyTest2011...ok
   - DifficultyTest2012...ok
   - DifficultyTest2013...ok
   - DifficultyTest2014...ok
   - DifficultyTest2015...ok
   - DifficultyTest2016...ok
   - DifficultyTest2017...ok
   - DifficultyTest2018...ok
   - DifficultyTest2019...ok
   - DifficultyTest202...ok
   - DifficultyTest2020...ok
   - DifficultyTest2021...ok
   - DifficultyTest2022...ok
   - DifficultyTest2023...ok
   - DifficultyTest2024...ok
   - DifficultyTest2025...ok
   - DifficultyTest2026...ok
   - DifficultyTest2027...ok
   - DifficultyTest2028...ok
   - DifficultyTest2029...ok
   - DifficultyTest203...ok
   - DifficultyTest2030...ok
   - DifficultyTest2031...ok
   - DifficultyTest2032...ok
   - DifficultyTest2033...ok
   - DifficultyTest2034...ok
   - DifficultyTest2035...ok
   - DifficultyTest2036...ok
   - DifficultyTest2037...ok
   - DifficultyTest2038...ok
   - DifficultyTest2039...ok
   - DifficultyTest204...ok
   - DifficultyTest2040...ok
   - DifficultyTest2041...ok
   - DifficultyTest2042...ok
   - DifficultyTest2043...ok
   - DifficultyTest2044...ok
   - DifficultyTest2045...ok
   - DifficultyTest2046...ok
   - DifficultyTest2047...ok
   - DifficultyTest2048...ok
   - DifficultyTest2049...ok
   - DifficultyTest205...ok
   - DifficultyTest2050...ok
   - DifficultyTest2051...ok
   - DifficultyTest2052...ok
   - DifficultyTest2053...ok
   - DifficultyTest2054...ok
   - DifficultyTest2055...ok
   - DifficultyTest2056...ok
   - DifficultyTest2057...ok
   - DifficultyTest2058...ok
   - DifficultyTest2059...ok
   - DifficultyTest206...ok
   - DifficultyTest2060...ok
   - DifficultyTest2061...ok
   - DifficultyTest2062...ok
   - DifficultyTest2063...ok
   - DifficultyTest2064...ok
   - DifficultyTest2065...ok
   - DifficultyTest2066...ok
   - DifficultyTest2067...ok
   - DifficultyTest2068...ok
   - DifficultyTest2069...ok
   - DifficultyTest207...ok
   - DifficultyTest2070...ok
   - DifficultyTest2071...ok
   - DifficultyTest2072...ok
   - DifficultyTest2073...ok
   - DifficultyTest2074...ok
   - DifficultyTest2075...ok
   - DifficultyTest2076...ok
   - DifficultyTest2077...ok
   - DifficultyTest2078...ok
   - DifficultyTest2079...ok
   - DifficultyTest208...ok
   - DifficultyTest2080...ok
   - DifficultyTest2081...ok
   - DifficultyTest2082...ok
   - DifficultyTest2083...ok
   - DifficultyTest2084...ok
   - DifficultyTest2085...ok
   - DifficultyTest2086...ok
   - DifficultyTest2087...ok
   - DifficultyTest2088...ok
   - DifficultyTest2089...ok
   - DifficultyTest209...ok
   - DifficultyTest2090...ok
   - DifficultyTest2091...ok
   - DifficultyTest2092...ok
   - DifficultyTest2093...ok
   - DifficultyTest2094...ok
   - DifficultyTest2095...ok
   - DifficultyTest2096...ok
   - DifficultyTest2097...ok
   - DifficultyTest2098...ok
   - DifficultyTest2099...ok
   - DifficultyTest21...ok
   - DifficultyTest210...ok
   - DifficultyTest2100...ok
   - DifficultyTest2101...ok
   - DifficultyTest2102...ok
   - DifficultyTest2103...ok
   - DifficultyTest2104...ok
   - DifficultyTest2105...ok
   - DifficultyTest2106...ok
   - DifficultyTest2107...ok
   - DifficultyTest2108...ok
   - DifficultyTest2109...ok
   - DifficultyTest211...ok
   - DifficultyTest2110...ok
   - DifficultyTest2111...ok
   - DifficultyTest2112...ok
   - DifficultyTest2113...ok
   - DifficultyTest2114...ok
   - DifficultyTest2115...ok
   - DifficultyTest2116...ok
   - DifficultyTest2117...ok
   - DifficultyTest2118...ok
   - DifficultyTest2119...ok
   - DifficultyTest212...ok
   - DifficultyTest2120...ok
   - DifficultyTest2121...ok
   - DifficultyTest2122...ok
   - DifficultyTest2123...ok
   - DifficultyTest2124...ok
   - DifficultyTest2125...ok
   - DifficultyTest2126...ok
   - DifficultyTest2127...ok
   - DifficultyTest2128...ok
   - DifficultyTest2129...ok
   - DifficultyTest213...ok
   - DifficultyTest2130...ok
   - DifficultyTest2131...ok
   - DifficultyTest2132...ok
   - DifficultyTest2133...ok
   - DifficultyTest2134...ok
   - DifficultyTest2135...ok
   - DifficultyTest2136...ok
   - DifficultyTest2137...ok
   - DifficultyTest2138...ok
   - DifficultyTest2139...ok
   - DifficultyTest214...ok
   - DifficultyTest2140...ok
   - DifficultyTest2141...ok
   - DifficultyTest2142...ok
   - DifficultyTest2143...ok
   - DifficultyTest2144...ok
   - DifficultyTest2145...ok
   - DifficultyTest2146...ok
   - DifficultyTest2147...ok
   - DifficultyTest2148...ok
   - DifficultyTest2149...ok
   - DifficultyTest215...ok
   - DifficultyTest2150...ok
   - DifficultyTest2151...ok
   - DifficultyTest2152...ok
   - DifficultyTest2153...ok
   - DifficultyTest2154...ok
   - DifficultyTest2155...ok
   - DifficultyTest2156...ok
   - DifficultyTest2157...ok
   - DifficultyTest2158...ok
   - DifficultyTest2159...ok
   - DifficultyTest216...ok
   - DifficultyTest2160...ok
   - DifficultyTest2161...ok
   - DifficultyTest2162...ok
   - DifficultyTest2163...ok
   - DifficultyTest2164...ok
   - DifficultyTest2165...ok
   - DifficultyTest2166...ok
   - DifficultyTest2167...ok
   - DifficultyTest2168...ok
   - DifficultyTest2169...ok
   - DifficultyTest217...ok
   - DifficultyTest2170...ok
   - DifficultyTest2171...ok
   - DifficultyTest2172...ok
   - DifficultyTest2173...ok
   - DifficultyTest2174...ok
   - DifficultyTest2175...ok
   - DifficultyTest2176...ok
   - DifficultyTest2177...ok
   - DifficultyTest2178...ok
   - DifficultyTest2179...ok
   - DifficultyTest218...ok
   - DifficultyTest2180...ok
   - DifficultyTest2181...ok
   - DifficultyTest2182...ok
   - DifficultyTest2183...ok
   - DifficultyTest2184...ok
   - DifficultyTest2185...ok
   - DifficultyTest2186...ok
   - DifficultyTest2187...ok
   - DifficultyTest2188...ok
   - DifficultyTest2189...ok
   - DifficultyTest219...ok
   - DifficultyTest2190...ok
   - DifficultyTest2191...ok
   - DifficultyTest2192...ok
   - DifficultyTest2193...ok
   - DifficultyTest2194...ok
   - DifficultyTest2195...ok
   - DifficultyTest2196...ok
   - DifficultyTest2197...ok
   - DifficultyTest2198...ok
   - DifficultyTest2199...ok
   - DifficultyTest22...ok
   - DifficultyTest220...ok
   - DifficultyTest2200...ok
   - DifficultyTest2201...ok
   - DifficultyTest2202...ok
   - DifficultyTest2203...ok
   - DifficultyTest2204...ok
   - DifficultyTest2205...ok
   - DifficultyTest2206...ok
   - DifficultyTest2207...ok
   - DifficultyTest2208...ok
   - DifficultyTest2209...ok
   - DifficultyTest221...ok
   - DifficultyTest2210...ok
   - DifficultyTest2211...ok
   - DifficultyTest2212...ok
   - DifficultyTest2213...ok
   - DifficultyTest2214...ok
   - DifficultyTest2215...ok
   - DifficultyTest2216...ok
   - DifficultyTest2217...ok
   - DifficultyTest2218...ok
   - DifficultyTest2219...ok
   - DifficultyTest222...ok
   - DifficultyTest2220...ok
   - DifficultyTest2221...ok
   - DifficultyTest2222...ok
   - DifficultyTest2223...ok
   - DifficultyTest2224...ok
   - DifficultyTest2225...ok
   - DifficultyTest2226...ok
   - DifficultyTest2227...ok
   - DifficultyTest2228...ok
   - DifficultyTest2229...ok
   - DifficultyTest223...ok
   - DifficultyTest2230...ok
   - DifficultyTest2231...ok
   - DifficultyTest2232...ok
   - DifficultyTest2233...ok
   - DifficultyTest2234...ok
   - DifficultyTest2235...ok
   - DifficultyTest2236...ok
   - DifficultyTest2237...ok
   - DifficultyTest2238...ok
   - DifficultyTest2239...ok
   - DifficultyTest224...ok
   - DifficultyTest2240...ok
   - DifficultyTest2241...ok
   - DifficultyTest2242...ok
   - DifficultyTest2243...ok
   - DifficultyTest2244...ok
   - DifficultyTest2245...ok
   - DifficultyTest2246...ok
   - DifficultyTest2247...ok
   - DifficultyTest2248...ok
   - DifficultyTest2249...ok
   - DifficultyTest225...ok
   - DifficultyTest2250...ok
   - DifficultyTest2251...ok
   - DifficultyTest2252...ok
   - DifficultyTest2253...ok
   - DifficultyTest2254...ok
   - DifficultyTest226...ok
   - DifficultyTest227...ok
   - DifficultyTest228...ok
   - DifficultyTest229...ok
   - DifficultyTest23...ok
   - DifficultyTest230...ok
   - DifficultyTest231...ok
   - DifficultyTest232...ok
   - DifficultyTest233...ok
   - DifficultyTest234...ok
   - DifficultyTest235...ok
   - DifficultyTest236...ok
   - DifficultyTest237...ok
   - DifficultyTest238...ok
   - DifficultyTest239...ok
   - DifficultyTest24...ok
   - DifficultyTest240...ok
   - DifficultyTest241...ok
   - DifficultyTest242...ok
   - DifficultyTest243...ok
   - DifficultyTest244...ok
   - DifficultyTest245...ok
   - DifficultyTest246...ok
   - DifficultyTest247...ok
   - DifficultyTest248...ok
   - DifficultyTest249...ok
   - DifficultyTest25...ok
   - DifficultyTest250...ok
   - DifficultyTest251...ok
   - DifficultyTest252...ok
   - DifficultyTest253...ok
   - DifficultyTest254...ok
   - DifficultyTest255...ok
   - DifficultyTest256...ok
   - DifficultyTest257...ok
   - DifficultyTest258...ok
   - DifficultyTest259...ok
   - DifficultyTest26...ok
   - DifficultyTest260...ok
   - DifficultyTest261...ok
   - DifficultyTest262...ok
   - DifficultyTest263...ok
   - DifficultyTest264...ok
   - DifficultyTest265...ok
   - DifficultyTest266...ok
   - DifficultyTest267...ok
   - DifficultyTest268...ok
   - DifficultyTest269...ok
   - DifficultyTest27...ok
   - DifficultyTest270...ok
   - DifficultyTest271...ok
   - DifficultyTest272...ok
   - DifficultyTest273...ok
   - DifficultyTest274...ok
   - DifficultyTest275...ok
   - DifficultyTest276...ok
   - DifficultyTest277...ok
   - DifficultyTest278...ok
   - DifficultyTest279...ok
   - DifficultyTest28...ok
   - DifficultyTest280...ok
   - DifficultyTest281...ok
   - DifficultyTest282...ok
   - DifficultyTest283...ok
   - DifficultyTest284...ok
   - DifficultyTest285...ok
   - DifficultyTest286...ok
   - DifficultyTest287...ok
   - DifficultyTest288...ok
   - DifficultyTest289...ok
   - DifficultyTest29...ok
   - DifficultyTest290...ok
   - DifficultyTest291...ok
   - DifficultyTest292...ok
   - DifficultyTest293...ok
   - DifficultyTest294...ok
   - DifficultyTest295...ok
   - DifficultyTest296...ok
   - DifficultyTest297...ok
   - DifficultyTest298...ok
   - DifficultyTest299...ok
   - DifficultyTest3...ok
   - DifficultyTest30...ok
   - DifficultyTest300...ok
   - DifficultyTest301...ok
   - DifficultyTest302...ok
   - DifficultyTest303...ok
   - DifficultyTest304...ok
   - DifficultyTest305...ok
   - DifficultyTest306...ok
   - DifficultyTest307...ok
   - DifficultyTest308...ok
   - DifficultyTest309...ok
   - DifficultyTest31...ok
   - DifficultyTest310...ok
   - DifficultyTest311...ok
   - DifficultyTest312...ok
   - DifficultyTest313...ok
   - DifficultyTest314...ok
   - DifficultyTest315...ok
   - DifficultyTest316...ok
   - DifficultyTest317...ok
   - DifficultyTest318...ok
   - DifficultyTest319...ok
   - DifficultyTest32...ok
   - DifficultyTest320...ok
   - DifficultyTest321...ok
   - DifficultyTest322...ok
   - DifficultyTest323...ok
   - DifficultyTest324...ok
   - DifficultyTest325...ok
   - DifficultyTest326...ok
   - DifficultyTest327...ok
   - DifficultyTest328...ok
   - DifficultyTest329...ok
   - DifficultyTest33...ok
   - DifficultyTest330...ok
   - DifficultyTest331...ok
   - DifficultyTest332...ok
   - DifficultyTest333...ok
   - DifficultyTest334...ok
   - DifficultyTest335...ok
   - DifficultyTest336...ok
   - DifficultyTest337...ok
   - DifficultyTest338...ok
   - DifficultyTest339...ok
   - DifficultyTest34...ok
   - DifficultyTest340...ok
   - DifficultyTest341...ok
   - DifficultyTest342...ok
   - DifficultyTest343...ok
   - DifficultyTest344...ok
   - DifficultyTest345...ok
   - DifficultyTest346...ok
   - DifficultyTest347...ok
   - DifficultyTest348...ok
   - DifficultyTest349...ok
   - DifficultyTest35...ok
   - DifficultyTest350...ok
   - DifficultyTest351...ok
   - DifficultyTest352...ok
   - DifficultyTest353...ok
   - DifficultyTest354...ok
   - DifficultyTest355...ok
   - DifficultyTest356...ok
   - DifficultyTest357...ok
   - DifficultyTest358...ok
   - DifficultyTest359...ok
   - DifficultyTest36...ok
   - DifficultyTest360...ok
   - DifficultyTest361...ok
   - DifficultyTest362...ok
   - DifficultyTest363...ok
   - DifficultyTest364...ok
   - DifficultyTest365...ok
   - DifficultyTest366...ok
   - DifficultyTest367...ok
   - DifficultyTest368...ok
   - DifficultyTest369...ok
   - DifficultyTest37...ok
   - DifficultyTest370...ok
   - DifficultyTest371...ok
   - DifficultyTest372...ok
   - DifficultyTest373...ok
   - DifficultyTest374...ok
   - DifficultyTest375...ok
   - DifficultyTest376...ok
   - DifficultyTest377...ok
   - DifficultyTest378...ok
   - DifficultyTest379...ok
   - DifficultyTest38...ok
   - DifficultyTest380...ok
   - DifficultyTest381...ok
   - DifficultyTest382...ok
   - DifficultyTest383...ok
   - DifficultyTest384...ok
   - DifficultyTest385...ok
   - DifficultyTest386...ok
   - DifficultyTest387...ok
   - DifficultyTest388...ok
   - DifficultyTest389...ok
   - DifficultyTest39...ok
   - DifficultyTest390...ok
   - DifficultyTest391...ok
   - DifficultyTest392...ok
   - DifficultyTest393...ok
   - DifficultyTest394...ok
   - DifficultyTest395...ok
   - DifficultyTest396...ok
   - DifficultyTest397...ok
   - DifficultyTest398...ok
   - DifficultyTest399...ok
   - DifficultyTest4...ok
   - DifficultyTest40...ok
   - DifficultyTest400...ok
   - DifficultyTest401...ok
   - DifficultyTest402...ok
   - DifficultyTest403...ok
   - DifficultyTest404...ok
   - DifficultyTest405...ok
   - DifficultyTest406...ok
   - DifficultyTest407...ok
   - DifficultyTest408...ok
   - DifficultyTest409...ok
   - DifficultyTest41...ok
   - DifficultyTest410...ok
   - DifficultyTest411...ok
   - DifficultyTest412...ok
   - DifficultyTest413...ok
   - DifficultyTest414...ok
   - DifficultyTest415...ok
   - DifficultyTest416...ok
   - DifficultyTest417...ok
   - DifficultyTest418...ok
   - DifficultyTest419...ok
   - DifficultyTest42...ok
   - DifficultyTest420...ok
   - DifficultyTest421...ok
   - DifficultyTest422...ok
   - DifficultyTest423...ok
   - DifficultyTest424...ok
   - DifficultyTest425...ok
   - DifficultyTest426...ok
   - DifficultyTest427...ok
   - DifficultyTest428...ok
   - DifficultyTest429...ok
   - DifficultyTest43...ok
   - DifficultyTest430...ok
   - DifficultyTest431...ok
   - DifficultyTest432...ok
   - DifficultyTest433...ok
   - DifficultyTest434...ok
   - DifficultyTest435...ok
   - DifficultyTest436...ok
   - DifficultyTest437...ok
   - DifficultyTest438...ok
   - DifficultyTest439...ok
   - DifficultyTest44...ok
   - DifficultyTest440...ok
   - DifficultyTest441...ok
   - DifficultyTest442...ok
   - DifficultyTest443...ok
   - DifficultyTest444...ok
   - DifficultyTest445...ok
   - DifficultyTest446...ok
   - DifficultyTest447...ok
   - DifficultyTest448...ok
   - DifficultyTest449...ok
   - DifficultyTest45...ok
   - DifficultyTest450...ok
   - DifficultyTest451...ok
   - DifficultyTest452...ok
   - DifficultyTest453...ok
   - DifficultyTest454...ok
   - DifficultyTest455...ok
   - DifficultyTest456...ok
   - DifficultyTest457...ok
   - DifficultyTest458...ok
   - DifficultyTest459...ok
   - DifficultyTest46...ok
   - DifficultyTest460...ok
   - DifficultyTest461...ok
   - DifficultyTest462...ok
   - DifficultyTest463...ok
   - DifficultyTest464...ok
   - DifficultyTest465...ok
   - DifficultyTest466...ok
   - DifficultyTest467...ok
   - DifficultyTest468...ok
   - DifficultyTest469...ok
   - DifficultyTest47...ok
   - DifficultyTest470...ok
   - DifficultyTest471...ok
   - DifficultyTest472...ok
   - DifficultyTest473...ok
   - DifficultyTest474...ok
   - DifficultyTest475...ok
   - DifficultyTest476...ok
   - DifficultyTest477...ok
   - DifficultyTest478...ok
   - DifficultyTest479...ok
   - DifficultyTest48...ok
   - DifficultyTest480...ok
   - DifficultyTest481...ok
   - DifficultyTest482...ok
   - DifficultyTest483...ok
   - DifficultyTest484...ok
   - DifficultyTest485...ok
   - DifficultyTest486...ok
   - DifficultyTest487...ok
   - DifficultyTest488...ok
   - DifficultyTest489...ok
   - DifficultyTest49...ok
   - DifficultyTest490...ok
   - DifficultyTest491...ok
   - DifficultyTest492...ok
   - DifficultyTest493...ok
   - DifficultyTest494...ok
   - DifficultyTest495...ok
   - DifficultyTest496...ok
   - DifficultyTest497...ok
   - DifficultyTest498...ok
   - DifficultyTest499...ok
   - DifficultyTest5...ok
   - DifficultyTest50...ok
   - DifficultyTest500...ok
   - DifficultyTest501...ok
   - DifficultyTest502...ok
   - DifficultyTest503...ok
   - DifficultyTest504...ok
   - DifficultyTest505...ok
   - DifficultyTest506...ok
   - DifficultyTest507...ok
   - DifficultyTest508...ok
   - DifficultyTest509...ok
   - DifficultyTest51...ok
   - DifficultyTest510...ok
   - DifficultyTest511...ok
   - DifficultyTest512...ok
   - DifficultyTest513...ok
   - DifficultyTest514...ok
   - DifficultyTest515...ok
   - DifficultyTest516...ok
   - DifficultyTest517...ok
   - DifficultyTest518...ok
   - DifficultyTest519...ok
   - DifficultyTest52...ok
   - DifficultyTest520...ok
   - DifficultyTest521...ok
   - DifficultyTest522...ok
   - DifficultyTest523...ok
   - DifficultyTest524...ok
   - DifficultyTest525...ok
   - DifficultyTest526...ok
   - DifficultyTest527...ok
   - DifficultyTest528...ok
   - DifficultyTest529...ok
   - DifficultyTest53...ok
   - DifficultyTest530...ok
   - DifficultyTest531...ok
   - DifficultyTest532...ok
   - DifficultyTest533...ok
   - DifficultyTest534...ok
   - DifficultyTest535...ok
   - DifficultyTest536...ok
   - DifficultyTest537...ok
   - DifficultyTest538...ok
   - DifficultyTest539...ok
   - DifficultyTest54...ok
   - DifficultyTest540...ok
   - DifficultyTest541...ok
   - DifficultyTest542...ok
   - DifficultyTest543...ok
   - DifficultyTest544...ok
   - DifficultyTest545...ok
   - DifficultyTest546...ok
   - DifficultyTest547...ok
   - DifficultyTest548...ok
   - DifficultyTest549...ok
   - DifficultyTest55...ok
   - DifficultyTest550...ok
   - DifficultyTest551...ok
   - DifficultyTest552...ok
   - DifficultyTest553...ok
   - DifficultyTest554...ok
   - DifficultyTest555...ok
   - DifficultyTest556...ok
   - DifficultyTest557...ok
   - DifficultyTest558...ok
   - DifficultyTest559...ok
   - DifficultyTest56...ok
   - DifficultyTest560...ok
   - DifficultyTest561...ok
   - DifficultyTest562...ok
   - DifficultyTest563...ok
   - DifficultyTest564...ok
   - DifficultyTest565...ok
   - DifficultyTest566...ok
   - DifficultyTest567...ok
   - DifficultyTest568...ok
   - DifficultyTest569...ok
   - DifficultyTest57...ok
   - DifficultyTest570...ok
   - DifficultyTest571...ok
   - DifficultyTest572...ok
   - DifficultyTest573...ok
   - DifficultyTest574...ok
   - DifficultyTest575...ok
   - DifficultyTest576...ok
   - DifficultyTest577...ok
   - DifficultyTest578...ok
   - DifficultyTest579...ok
   - DifficultyTest58...ok
   - DifficultyTest580...ok
   - DifficultyTest581...ok
   - DifficultyTest582...ok
   - DifficultyTest583...ok
   - DifficultyTest584...ok
   - DifficultyTest585...ok
   - DifficultyTest586...ok
   - DifficultyTest587...ok
   - DifficultyTest588...ok
   - DifficultyTest589...ok
   - DifficultyTest59...ok
   - DifficultyTest590...ok
   - DifficultyTest591...ok
   - DifficultyTest592...ok
   - DifficultyTest593...ok
   - DifficultyTest594...ok
   - DifficultyTest595...ok
   - DifficultyTest596...ok
   - DifficultyTest597...ok
   - DifficultyTest598...ok
   - DifficultyTest599...ok
   - DifficultyTest6...ok
   - DifficultyTest60...ok
   - DifficultyTest600...ok
   - DifficultyTest601...ok
   - DifficultyTest602...ok
   - DifficultyTest603...ok
   - DifficultyTest604...ok
   - DifficultyTest605...ok
   - DifficultyTest606...ok
   - DifficultyTest607...ok
   - DifficultyTest608...ok
   - DifficultyTest609...ok
   - DifficultyTest61...ok
   - DifficultyTest610...ok
   - DifficultyTest611...ok
   - DifficultyTest612...ok
   - DifficultyTest613...ok
   - DifficultyTest614...ok
   - DifficultyTest615...ok
   - DifficultyTest616...ok
   - DifficultyTest617...ok
   - DifficultyTest618...ok
   - DifficultyTest619...ok
   - DifficultyTest62...ok
   - DifficultyTest620...ok
   - DifficultyTest621...ok
   - DifficultyTest622...ok
   - DifficultyTest623...ok
   - DifficultyTest624...ok
   - DifficultyTest625...ok
   - DifficultyTest626...ok
   - DifficultyTest627...ok
   - DifficultyTest628...ok
   - DifficultyTest629...ok
   - DifficultyTest63...ok
   - DifficultyTest630...ok
   - DifficultyTest631...ok
   - DifficultyTest632...ok
   - DifficultyTest633...ok
   - DifficultyTest634...ok
   - DifficultyTest635...ok
   - DifficultyTest636...ok
   - DifficultyTest637...ok
   - DifficultyTest638...ok
   - DifficultyTest639...ok
   - DifficultyTest64...ok
   - DifficultyTest640...ok
   - DifficultyTest641...ok
   - DifficultyTest642...ok
   - DifficultyTest643...ok
   - DifficultyTest644...ok
   - DifficultyTest645...ok
   - DifficultyTest646...ok
   - DifficultyTest647...ok
   - DifficultyTest648...ok
   - DifficultyTest649...ok
   - DifficultyTest65...ok
   - DifficultyTest650...ok
   - DifficultyTest651...ok
   - DifficultyTest652...ok
   - DifficultyTest653...ok
   - DifficultyTest654...ok
   - DifficultyTest655...ok
   - DifficultyTest656...ok
   - DifficultyTest657...ok
   - DifficultyTest658...ok
   - DifficultyTest659...ok
   - DifficultyTest66...ok
   - DifficultyTest660...ok
   - DifficultyTest661...ok
   - DifficultyTest662...ok
   - DifficultyTest663...ok
   - DifficultyTest664...ok
   - DifficultyTest665...ok
   - DifficultyTest666...ok
   - DifficultyTest667...ok
   - DifficultyTest668...ok
   - DifficultyTest669...ok
   - DifficultyTest67...ok
   - DifficultyTest670...ok
   - DifficultyTest671...ok
   - DifficultyTest672...ok
   - DifficultyTest673...ok
   - DifficultyTest674...ok
   - DifficultyTest675...ok
   - DifficultyTest676...ok
   - DifficultyTest677...ok
   - DifficultyTest678...ok
   - DifficultyTest679...ok
   - DifficultyTest68...ok
   - DifficultyTest680...ok
   - DifficultyTest681...ok
   - DifficultyTest682...ok
   - DifficultyTest683...ok
   - DifficultyTest684...ok
   - DifficultyTest685...ok
   - DifficultyTest686...ok
   - DifficultyTest687...ok
   - DifficultyTest688...ok
   - DifficultyTest689...ok
   - DifficultyTest69...ok
   - DifficultyTest690...ok
   - DifficultyTest691...ok
   - DifficultyTest692...ok
   - DifficultyTest693...ok
   - DifficultyTest694...ok
   - DifficultyTest695...ok
   - DifficultyTest696...ok
   - DifficultyTest697...ok
   - DifficultyTest698...ok
   - DifficultyTest699...ok
   - DifficultyTest7...ok
   - DifficultyTest70...ok
   - DifficultyTest700...ok
   - DifficultyTest701...ok
   - DifficultyTest702...ok
   - DifficultyTest703...ok
   - DifficultyTest704...ok
   - DifficultyTest705...ok
   - DifficultyTest706...ok
   - DifficultyTest707...ok
   - DifficultyTest708...ok
   - DifficultyTest709...ok
   - DifficultyTest71...ok
   - DifficultyTest710...ok
   - DifficultyTest711...ok
   - DifficultyTest712...ok
   - DifficultyTest713...ok
   - DifficultyTest714...ok
   - DifficultyTest715...ok
   - DifficultyTest716...ok
   - DifficultyTest717...ok
   - DifficultyTest718...ok
   - DifficultyTest719...ok
   - DifficultyTest72...ok
   - DifficultyTest720...ok
   - DifficultyTest721...ok
   - DifficultyTest722...ok
   - DifficultyTest723...ok
   - DifficultyTest724...ok
   - DifficultyTest725...ok
   - DifficultyTest726...ok
   - DifficultyTest727...ok
   - DifficultyTest728...ok
   - DifficultyTest729...ok
   - DifficultyTest73...ok
   - DifficultyTest730...ok
   - DifficultyTest731...ok
   - DifficultyTest732...ok
   - DifficultyTest733...ok
   - DifficultyTest734...ok
   - DifficultyTest735...ok
   - DifficultyTest736...ok
   - DifficultyTest737...ok
   - DifficultyTest738...ok
   - DifficultyTest739...ok
   - DifficultyTest74...ok
   - DifficultyTest740...ok
   - DifficultyTest741...ok
   - DifficultyTest742...ok
   - DifficultyTest743...ok
   - DifficultyTest744...ok
   - DifficultyTest745...ok
   - DifficultyTest746...ok
   - DifficultyTest747...ok
   - DifficultyTest748...ok
   - DifficultyTest749...ok
   - DifficultyTest75...ok
   - DifficultyTest750...ok
   - DifficultyTest751...ok
   - DifficultyTest752...ok
   - DifficultyTest753...ok
   - DifficultyTest754...ok
   - DifficultyTest755...ok
   - DifficultyTest756...ok
   - DifficultyTest757...ok
   - DifficultyTest758...ok
   - DifficultyTest759...ok
   - DifficultyTest76...ok
   - DifficultyTest760...ok
   - DifficultyTest761...ok
   - DifficultyTest762...ok
   - DifficultyTest763...ok
   - DifficultyTest764...ok
   - DifficultyTest765...ok
   - DifficultyTest766...ok
   - DifficultyTest767...ok
   - DifficultyTest768...ok
   - DifficultyTest769...ok
   - DifficultyTest77...ok
   - DifficultyTest770...ok
   - DifficultyTest771...ok
   - DifficultyTest772...ok
   - DifficultyTest773...ok
   - DifficultyTest774...ok
   - DifficultyTest775...ok
   - DifficultyTest776...ok
   - DifficultyTest777...ok
   - DifficultyTest778...ok
   - DifficultyTest779...ok
   - DifficultyTest78...ok
   - DifficultyTest780...ok
   - DifficultyTest781...ok
   - DifficultyTest782...ok
   - DifficultyTest783...ok
   - DifficultyTest784...ok
   - DifficultyTest785...ok
   - DifficultyTest786...ok
   - DifficultyTest787...ok
   - DifficultyTest788...ok
   - DifficultyTest789...ok
   - DifficultyTest79...ok
   - DifficultyTest790...ok
   - DifficultyTest791...ok
   - DifficultyTest792...ok
   - DifficultyTest793...ok
   - DifficultyTest794...ok
   - DifficultyTest795...ok
   - DifficultyTest796...ok
   - DifficultyTest797...ok
   - DifficultyTest798...ok
   - DifficultyTest799...ok
   - DifficultyTest8...ok
   - DifficultyTest80...ok
   - DifficultyTest800...ok
   - DifficultyTest801...ok
   - DifficultyTest802...ok
   - DifficultyTest803...ok
   - DifficultyTest804...ok
   - DifficultyTest805...ok
   - DifficultyTest806...ok
   - DifficultyTest807...ok
   - DifficultyTest808...ok
   - DifficultyTest809...ok
   - DifficultyTest81...ok
   - DifficultyTest810...ok
   - DifficultyTest811...ok
   - DifficultyTest812...ok
   - DifficultyTest813...ok
   - DifficultyTest814...ok
   - DifficultyTest815...ok
   - DifficultyTest816...ok
   - DifficultyTest817...ok
   - DifficultyTest818...ok
   - DifficultyTest819...ok
   - DifficultyTest82...ok
   - DifficultyTest820...ok
   - DifficultyTest821...ok
   - DifficultyTest822...ok
   - DifficultyTest823...ok
   - DifficultyTest824...ok
   - DifficultyTest825...ok
   - DifficultyTest826...ok
   - DifficultyTest827...ok
   - DifficultyTest828...ok
   - DifficultyTest829...ok
   - DifficultyTest83...ok
   - DifficultyTest830...ok
   - DifficultyTest831...ok
   - DifficultyTest832...ok
   - DifficultyTest833...ok
   - DifficultyTest834...ok
   - DifficultyTest835...ok
   - DifficultyTest836...ok
   - DifficultyTest837...ok
   - DifficultyTest838...ok
   - DifficultyTest839...ok
   - DifficultyTest84...ok
   - DifficultyTest840...ok
   - DifficultyTest841...ok
   - DifficultyTest842...ok
   - DifficultyTest843...ok
   - DifficultyTest844...ok
   - DifficultyTest845...ok
   - DifficultyTest846...ok
   - DifficultyTest847...ok
   - DifficultyTest848...ok
   - DifficultyTest849...ok
   - DifficultyTest85...ok
   - DifficultyTest850...ok
   - DifficultyTest851...ok
   - DifficultyTest852...ok
   - DifficultyTest853...ok
   - DifficultyTest854...ok
   - DifficultyTest855...ok
   - DifficultyTest856...ok
   - DifficultyTest857...ok
   - DifficultyTest858...ok
   - DifficultyTest859...ok
   - DifficultyTest86...ok
   - DifficultyTest860...ok
   - DifficultyTest861...ok
   - DifficultyTest862...ok
   - DifficultyTest863...ok
   - DifficultyTest864...ok
   - DifficultyTest865...ok
   - DifficultyTest866...ok
   - DifficultyTest867...ok
   - DifficultyTest868...ok
   - DifficultyTest869...ok
   - DifficultyTest87...ok
   - DifficultyTest870...ok
   - DifficultyTest871...ok
   - DifficultyTest872...ok
   - DifficultyTest873...ok
   - DifficultyTest874...ok
   - DifficultyTest875...ok
   - DifficultyTest876...ok
   - DifficultyTest877...ok
   - DifficultyTest878...ok
   - DifficultyTest879...ok
   - DifficultyTest88...ok
   - DifficultyTest880...ok
   - DifficultyTest881...ok
   - DifficultyTest882...ok
   - DifficultyTest883...ok
   - DifficultyTest884...ok
   - DifficultyTest885...ok
   - DifficultyTest886...ok
   - DifficultyTest887...ok
   - DifficultyTest888...ok
   - DifficultyTest889...ok
   - DifficultyTest89...ok
   - DifficultyTest890...ok
   - DifficultyTest891...ok
   - DifficultyTest892...ok
   - DifficultyTest893...ok
   - DifficultyTest894...ok
   - DifficultyTest895...ok
   - DifficultyTest896...ok
   - DifficultyTest897...ok
   - DifficultyTest898...ok
   - DifficultyTest899...ok
   - DifficultyTest9...ok
   - DifficultyTest90...ok
   - DifficultyTest900...ok
   - DifficultyTest901...ok
   - DifficultyTest902...ok
   - DifficultyTest903...ok
   - DifficultyTest904...ok
   - DifficultyTest905...ok
   - DifficultyTest906...ok
   - DifficultyTest907...ok
   - DifficultyTest908...ok
   - DifficultyTest909...ok
   - DifficultyTest91...ok
   - DifficultyTest910...ok
   - DifficultyTest911...ok
   - DifficultyTest912...ok
   - DifficultyTest913...ok
   - DifficultyTest914...ok
   - DifficultyTest915...ok
   - DifficultyTest916...ok
   - DifficultyTest917...ok
   - DifficultyTest918...ok
   - DifficultyTest919...ok
   - DifficultyTest92...ok
   - DifficultyTest920...ok
   - DifficultyTest921...ok
   - DifficultyTest922...ok
   - DifficultyTest923...ok
   - DifficultyTest924...ok
   - DifficultyTest925...ok
   - DifficultyTest926...ok
   - DifficultyTest927...ok
   - DifficultyTest928...ok
   - DifficultyTest929...ok
   - DifficultyTest93...ok
   - DifficultyTest930...ok
   - DifficultyTest931...ok
   - DifficultyTest932...ok
   - DifficultyTest933...ok
   - DifficultyTest934...ok
   - DifficultyTest935...ok
   - DifficultyTest936...ok
   - DifficultyTest937...ok
   - DifficultyTest938...ok
   - DifficultyTest939...ok
   - DifficultyTest94...ok
   - DifficultyTest940...ok
   - DifficultyTest941...ok
   - DifficultyTest942...ok
   - DifficultyTest943...ok
   - DifficultyTest944...ok
   - DifficultyTest945...ok
   - DifficultyTest946...ok
   - DifficultyTest947...ok
   - DifficultyTest948...ok
   - DifficultyTest949...ok
   - DifficultyTest95...ok
   - DifficultyTest950...ok
   - DifficultyTest951...ok
   - DifficultyTest952...ok
   - DifficultyTest953...ok
   - DifficultyTest954...ok
   - DifficultyTest955...ok
   - DifficultyTest956...ok
   - DifficultyTest957...ok
   - DifficultyTest958...ok
   - DifficultyTest959...ok
   - DifficultyTest96...ok
   - DifficultyTest960...ok
   - DifficultyTest961...ok
   - DifficultyTest962...ok
   - DifficultyTest963...ok
   - DifficultyTest964...ok
   - DifficultyTest965...ok
   - DifficultyTest966...ok
   - DifficultyTest967...ok
   - DifficultyTest968...ok
   - DifficultyTest969...ok
   - DifficultyTest97...ok
   - DifficultyTest970...ok
   - DifficultyTest971...ok
   - DifficultyTest972...ok
   - DifficultyTest973...ok
   - DifficultyTest974...ok
   - DifficultyTest975...ok
   - DifficultyTest976...ok
   - DifficultyTest977...ok
   - DifficultyTest978...ok
   - DifficultyTest979...ok
   - DifficultyTest98...ok
   - DifficultyTest980...ok
   - DifficultyTest981...ok
   - DifficultyTest982...ok
   - DifficultyTest983...ok
   - DifficultyTest984...ok
   - DifficultyTest985...ok
   - DifficultyTest986...ok
   - DifficultyTest987...ok
   - DifficultyTest988...ok
   - DifficultyTest989...ok
   - DifficultyTest99...ok
   - DifficultyTest990...ok
   - DifficultyTest991...ok
   - DifficultyTest992...ok
   - DifficultyTest993...ok
   - DifficultyTest994...ok
   - DifficultyTest995...ok
   - DifficultyTest996...ok
   - DifficultyTest997...ok
   - DifficultyTest998...ok
   - DifficultyTest999...ok
test json_tests::difficulty::difficulty_test_byzantium::DifficultyTests_difficultyByzantium ... ok
ok
   - static_callcallcodecallcode_011_d0g0v0_Frontier...ok
   - ecmul_1-2_0_28000_96_d0g0v0_Frontier...ok
   - ecmul_1-2_0_28000_96_d0g0v0_Homestead...ok
   - static_callcallcodecallcode_011_d0g0v0_Homestead...ok
   - pointMulAdd2_d18g3v0_Byzantium...ok
   - static_callcodecallcall_100_d0g0v0_Byzantium...ok
   - walletReorganizeOwners_EIP150...   - DifficultyTest1...ok
   - DifficultyTest10...ok
   - pointMulAdd2_d18g3v0_EIP150...ok
   - DifficultyTest100...ok
   - DifficultyTest1000...ok
   - DifficultyTest1001...ok
   - DifficultyTest1002...ok
   - DifficultyTest1003...ok
   - DifficultyTest1004...ok
   - DifficultyTest1005...ok
   - DifficultyTest1006...ok
   - DifficultyTest1007...ok
   - DifficultyTest1008...ok
   - DifficultyTest1009...ok
   - DifficultyTest101...ok
   - DifficultyTest1010...ok
   - DifficultyTest1011...ok
   - DifficultyTest1012...ok
   - DifficultyTest1013...ok
   - DifficultyTest1014...ok
   - DifficultyTest1015...ok
   - DifficultyTest1016...ok
   - DifficultyTest1017...ok
   - DifficultyTest1018...ok
   - DifficultyTest1019...ok
   - DifficultyTest102...ok
   - DifficultyTest1020...ok
   - DifficultyTest1021...ok
   - DifficultyTest1022...ok
   - DifficultyTest1023...ok
   - DifficultyTest1024...ok
   - DifficultyTest1025...ok
   - DifficultyTest1026...ok
   - DifficultyTest1027...ok
   - DifficultyTest1028...ok
   - DifficultyTest1029...ok
   - DifficultyTest103...ok
   - DifficultyTest1030...ok
   - DifficultyTest1031...ok
   - DifficultyTest1032...ok
   - DifficultyTest1033...ok
   - DifficultyTest1034...ok
   - DifficultyTest1035...ok
   - DifficultyTest1036...ok
   - DifficultyTest1037...ok
   - DifficultyTest1038...ok
   - DifficultyTest1039...ok
   - DifficultyTest104...ok
   - DifficultyTest1040...ok
   - DifficultyTest1041...ok
   - DifficultyTest1042...ok
   - DifficultyTest1043...ok
   - DifficultyTest1044...ok
   - DifficultyTest1045...ok
   - DifficultyTest1046...ok
   - DifficultyTest1047...ok
   - DifficultyTest1048...ok
   - DifficultyTest1049...ok
   - DifficultyTest105...ok
   - DifficultyTest1050...ok
   - DifficultyTest1051...ok
   - DifficultyTest1052...ok
   - DifficultyTest1053...ok
   - DifficultyTest1054...ok
   - DifficultyTest1055...ok
   - DifficultyTest1056...ok
   - DifficultyTest1057...ok
   - DifficultyTest1058...ok
   - DifficultyTest1059...ok
   - DifficultyTest106...ok
   - DifficultyTest1060...ok
   - DifficultyTest1061...ok
   - DifficultyTest1062...ok
   - DifficultyTest1063...ok
   - DifficultyTest1064...ok
   - DifficultyTest1065...ok
   - DifficultyTest1066...ok
   - DifficultyTest1067...ok
   - DifficultyTest1068...ok
   - DifficultyTest1069...ok
   - DifficultyTest107...ok
   - DifficultyTest1070...ok
   - DifficultyTest1071...ok
   - DifficultyTest1072...ok
   - DifficultyTest1073...ok
   - DifficultyTest1074...ok
   - DifficultyTest1075...ok
   - DifficultyTest1076...ok
   - DifficultyTest1077...ok
   - DifficultyTest1078...ok
   - DifficultyTest1079...ok
   - DifficultyTest108...ok
   - DifficultyTest1080...ok
   - DifficultyTest1081...ok
   - DifficultyTest1082...ok
   - DifficultyTest1083...ok
   - DifficultyTest1084...ok
   - DifficultyTest1085...ok
   - DifficultyTest1086...ok
   - DifficultyTest1087...ok
   - DifficultyTest1088...ok
   - DifficultyTest1089...ok
   - DifficultyTest109...ok
   - DifficultyTest1090...ok
   - DifficultyTest1091...ok
   - DifficultyTest1092...ok
   - DifficultyTest1093...ok
   - DifficultyTest1094...ok
   - DifficultyTest1095...ok
   - DifficultyTest1096...ok
   - DifficultyTest1097...ok
   - DifficultyTest1098...ok
   - DifficultyTest1099...ok
   - DifficultyTest11...ok
   - DifficultyTest110...ok
   - DifficultyTest1100...ok
   - DifficultyTest1101...ok
   - DifficultyTest1102...ok
   - DifficultyTest1103...ok
   - DifficultyTest1104...ok
   - DifficultyTest1105...ok
   - DifficultyTest1106...ok
   - DifficultyTest1107...ok
   - DifficultyTest1108...ok
   - DifficultyTest1109...ok
   - DifficultyTest111...ok
   - DifficultyTest1110...ok
   - DifficultyTest1111...ok
   - DifficultyTest1112...ok
   - DifficultyTest1113...ok
   - DifficultyTest1114...ok
   - DifficultyTest1115...ok
   - DifficultyTest1116...ok
   - DifficultyTest1117...ok
   - DifficultyTest1118...ok
   - DifficultyTest1119...ok
   - DifficultyTest112...ok
   - DifficultyTest1120...ok
   - DifficultyTest1121...ok
   - DifficultyTest1122...ok
   - DifficultyTest1123...ok
   - DifficultyTest1124...ok
   - DifficultyTest1125...ok
   - DifficultyTest1126...ok
   - DifficultyTest1127...ok
   - DifficultyTest1128...ok
   - DifficultyTest1129...ok
   - DifficultyTest113...ok
   - DifficultyTest1130...ok
   - DifficultyTest1131...ok
   - DifficultyTest1132...ok
   - DifficultyTest1133...ok
   - DifficultyTest1134...ok
   - DifficultyTest1135...ok
   - DifficultyTest1136...ok
   - DifficultyTest1137...ok
   - DifficultyTest1138...ok
   - DifficultyTest1139...ok
   - DifficultyTest114...ok
   - DifficultyTest1140...ok
   - DifficultyTest1141...ok
   - DifficultyTest1142...ok
   - DifficultyTest1143...ok
   - DifficultyTest1144...ok
   - DifficultyTest1145...ok
   - DifficultyTest1146...ok
   - DifficultyTest1147...ok
   - DifficultyTest1148...ok
   - DifficultyTest1149...ok
   - DifficultyTest115...ok
   - DifficultyTest1150...ok
   - DifficultyTest1151...ok
   - DifficultyTest1152...ok
   - DifficultyTest1153...ok
   - DifficultyTest1154...ok
   - DifficultyTest1155...ok
   - DifficultyTest1156...ok
   - DifficultyTest1157...ok
   - DifficultyTest1158...ok
   - DifficultyTest1159...ok
   - DifficultyTest116...ok
   - DifficultyTest1160...ok
   - DifficultyTest1161...ok
   - DifficultyTest1162...ok
   - DifficultyTest1163...ok
   - DifficultyTest1164...ok
   - DifficultyTest1165...ok
   - DifficultyTest1166...ok
   - DifficultyTest1167...ok
   - DifficultyTest1168...ok
   - DifficultyTest1169...ok
   - DifficultyTest117...ok
   - DifficultyTest1170...ok
   - DifficultyTest1171...ok
   - DifficultyTest1172...ok
   - DifficultyTest1173...ok
   - DifficultyTest1174...ok
   - DifficultyTest1175...ok
   - DifficultyTest1176...ok
   - DifficultyTest1177...ok
   - DifficultyTest1178...ok
   - DifficultyTest1179...ok
   - DifficultyTest118...ok
   - DifficultyTest1180...ok
   - DifficultyTest1181...ok
   - DifficultyTest1182...ok
   - DifficultyTest1183...ok
   - DifficultyTest1184...ok
   - DifficultyTest1185...ok
   - DifficultyTest1186...ok
   - DifficultyTest1187...ok
   - DifficultyTest1188...ok
   - DifficultyTest1189...ok
   - DifficultyTest119...ok
   - DifficultyTest1190...ok
   - DifficultyTest1191...ok
   - DifficultyTest1192...ok
   - DifficultyTest1193...ok
   - DifficultyTest1194...ok
   - DifficultyTest1195...ok
   - DifficultyTest1196...ok
   - DifficultyTest1197...ok
   - DifficultyTest1198...ok
   - DifficultyTest1199...ok
   - DifficultyTest12...ok
   - DifficultyTest120...ok
   - DifficultyTest1200...ok
   - DifficultyTest1201...ok
   - DifficultyTest1202...ok
   - DifficultyTest1203...ok
   - DifficultyTest1204...ok
   - DifficultyTest1205...ok
   - DifficultyTest1206...ok
   - DifficultyTest1207...ok
   - DifficultyTest1208...ok
   - DifficultyTest1209...ok
   - DifficultyTest121...ok
   - DifficultyTest1210...ok
   - DifficultyTest1211...ok
   - DifficultyTest1212...ok
   - DifficultyTest1213...ok
   - DifficultyTest1214...ok
   - DifficultyTest1215...ok
   - DifficultyTest1216...ok
   - DifficultyTest1217...ok
   - DifficultyTest1218...ok
   - DifficultyTest1219...ok
   - DifficultyTest122...ok
   - DifficultyTest1220...ok
   - DifficultyTest1221...ok
   - DifficultyTest1222...ok
   - DifficultyTest1223...ok
   - DifficultyTest1224...ok
   - DifficultyTest1225...ok
   - DifficultyTest1226...ok
   - DifficultyTest1227...ok
   - DifficultyTest1228...ok
   - DifficultyTest1229...ok
   - DifficultyTest123...ok
   - DifficultyTest1230...ok
   - DifficultyTest1231...ok
   - DifficultyTest1232...ok
   - DifficultyTest1233...ok
   - DifficultyTest1234...ok
   - DifficultyTest1235...ok
   - DifficultyTest1236...ok
   - DifficultyTest1237...ok
   - DifficultyTest1238...ok
   - DifficultyTest1239...ok
   - DifficultyTest124...ok
   - DifficultyTest1240...ok
   - DifficultyTest1241...ok
   - DifficultyTest1242...ok
   - DifficultyTest1243...ok
   - DifficultyTest1244...ok
   - DifficultyTest1245...ok
   - DifficultyTest1246...ok
   - DifficultyTest1247...ok
   - DifficultyTest1248...ok
   - DifficultyTest1249...ok
   - DifficultyTest125...ok
   - DifficultyTest1250...ok
   - DifficultyTest1251...ok
   - DifficultyTest1252...ok
   - DifficultyTest1253...ok
   - DifficultyTest1254...ok
   - DifficultyTest1255...ok
   - DifficultyTest1256...ok
   - DifficultyTest1257...ok
   - DifficultyTest1258...ok
   - DifficultyTest1259...ok
   - DifficultyTest126...ok
   - DifficultyTest1260...ok
   - DifficultyTest1261...ok
   - DifficultyTest1262...ok
   - DifficultyTest1263...ok
   - DifficultyTest1264...ok
   - DifficultyTest1265...ok
   - DifficultyTest1266...ok
   - DifficultyTest1267...ok
   - DifficultyTest1268...ok
   - DifficultyTest1269...ok
   - DifficultyTest127...ok
   - DifficultyTest1270...ok
   - DifficultyTest1271...ok
   - DifficultyTest1272...ok
   - DifficultyTest1273...ok
   - DifficultyTest1274...ok
   - DifficultyTest1275...ok
   - DifficultyTest1276...ok
   - DifficultyTest1277...ok
   - DifficultyTest1278...ok
   - DifficultyTest1279...ok
   - DifficultyTest128...ok
   - DifficultyTest1280...ok
   - DifficultyTest1281...ok
   - DifficultyTest1282...ok
   - DifficultyTest1283...ok
   - DifficultyTest1284...ok
   - DifficultyTest1285...ok
   - DifficultyTest1286...ok
   - DifficultyTest1287...ok
   - DifficultyTest1288...ok
   - DifficultyTest1289...ok
   - DifficultyTest129...ok
   - DifficultyTest1290...ok
   - DifficultyTest1291...ok
   - DifficultyTest1292...ok
   - DifficultyTest1293...ok
   - DifficultyTest1294...ok
   - DifficultyTest1295...ok
   - DifficultyTest1296...ok
   - DifficultyTest1297...ok
   - DifficultyTest1298...ok
   - DifficultyTest1299...ok
   - DifficultyTest13...ok
   - DifficultyTest130...ok
   - DifficultyTest1300...ok
   - DifficultyTest1301...ok
   - DifficultyTest1302...ok
   - DifficultyTest1303...ok
   - DifficultyTest1304...ok
   - DifficultyTest1305...ok
   - DifficultyTest1306...ok
   - DifficultyTest1307...ok
   - DifficultyTest1308...ok
   - DifficultyTest1309...ok
   - DifficultyTest131...ok
   - DifficultyTest1310...ok
   - DifficultyTest1311...ok
   - DifficultyTest1312...ok
   - DifficultyTest1313...ok
   - DifficultyTest1314...ok
   - DifficultyTest1315...ok
   - DifficultyTest1316...ok
   - DifficultyTest1317...ok
   - DifficultyTest1318...ok
   - DifficultyTest1319...ok
   - DifficultyTest132...ok
   - DifficultyTest1320...ok
   - DifficultyTest1321...ok
   - DifficultyTest1322...ok
   - DifficultyTest1323...ok
   - DifficultyTest1324...ok
   - DifficultyTest1325...ok
   - DifficultyTest1326...ok
   - DifficultyTest1327...ok
   - DifficultyTest1328...ok
   - DifficultyTest1329...ok
   - DifficultyTest133...ok
   - DifficultyTest1330...ok
   - DifficultyTest1331...ok
   - DifficultyTest1332...ok
   - DifficultyTest1333...ok
   - DifficultyTest1334...ok
   - DifficultyTest1335...ok
   - DifficultyTest1336...ok
   - DifficultyTest1337...ok
   - DifficultyTest1338...ok
   - DifficultyTest1339...ok
   - DifficultyTest134...ok
   - DifficultyTest1340...ok
   - DifficultyTest1341...ok
   - DifficultyTest1342...ok
   - DifficultyTest1343...ok
   - DifficultyTest1344...ok
   - DifficultyTest1345...ok
   - DifficultyTest1346...ok
   - DifficultyTest1347...ok
   - DifficultyTest1348...ok
   - DifficultyTest1349...ok
   - DifficultyTest135...ok
   - DifficultyTest1350...ok
   - DifficultyTest1351...ok
   - DifficultyTest1352...ok
   - DifficultyTest1353...ok
   - DifficultyTest1354...ok
   - DifficultyTest1355...ok
   - DifficultyTest1356...ok
   - DifficultyTest1357...ok
   - DifficultyTest1358...ok
   - DifficultyTest1359...ok
   - DifficultyTest136...ok
   - DifficultyTest1360...ok
   - DifficultyTest1361...ok
   - DifficultyTest1362...ok
   - DifficultyTest1363...ok
   - DifficultyTest1364...ok
   - DifficultyTest1365...ok
   - DifficultyTest1366...ok
   - DifficultyTest1367...ok
   - DifficultyTest1368...ok
   - DifficultyTest1369...ok
   - DifficultyTest137...ok
   - DifficultyTest1370...ok
   - DifficultyTest1371...ok
   - DifficultyTest1372...ok
   - DifficultyTest1373...ok
   - DifficultyTest1374...ok
   - DifficultyTest1375...ok
   - DifficultyTest1376...ok
   - DifficultyTest1377...ok
   - DifficultyTest1378...ok
   - DifficultyTest1379...ok
   - DifficultyTest138...ok
   - DifficultyTest1380...ok
   - DifficultyTest1381...ok
   - DifficultyTest1382...ok
   - DifficultyTest1383...ok
   - DifficultyTest1384...ok
   - DifficultyTest1385...ok
   - DifficultyTest1386...ok
   - DifficultyTest1387...ok
   - DifficultyTest1388...ok
   - DifficultyTest1389...ok
   - DifficultyTest139...ok
   - DifficultyTest1390...ok
   - DifficultyTest1391...ok
   - DifficultyTest1392...ok
   - DifficultyTest1393...ok
   - DifficultyTest1394...ok
   - DifficultyTest1395...ok
   - DifficultyTest1396...ok
   - DifficultyTest1397...ok
   - DifficultyTest1398...ok
   - DifficultyTest1399...ok
   - DifficultyTest14...ok
   - DifficultyTest140...ok
   - DifficultyTest1400...ok
   - DifficultyTest1401...ok
   - DifficultyTest1402...ok
   - DifficultyTest1403...ok
   - DifficultyTest1404...ok
   - DifficultyTest1405...ok
   - DifficultyTest1406...ok
   - DifficultyTest1407...ok
   - DifficultyTest1408...ok
   - DifficultyTest1409...ok
   - DifficultyTest141...ok
   - DifficultyTest1410...ok
   - DifficultyTest1411...ok
   - DifficultyTest1412...ok
   - DifficultyTest1413...ok
   - DifficultyTest1414...ok
   - DifficultyTest1415...ok
   - DifficultyTest1416...ok
   - DifficultyTest1417...ok
   - DifficultyTest1418...ok
   - DifficultyTest1419...ok
   - DifficultyTest142...ok
   - DifficultyTest1420...ok
   - DifficultyTest1421...ok
   - DifficultyTest1422...ok
   - DifficultyTest1423...ok
   - DifficultyTest1424...ok
   - DifficultyTest1425...ok
   - DifficultyTest1426...ok
   - DifficultyTest1427...ok
   - DifficultyTest1428...ok
   - DifficultyTest1429...ok
   - DifficultyTest143...ok
   - DifficultyTest1430...ok
   - DifficultyTest1431...ok
   - DifficultyTest1432...ok
   - DifficultyTest1433...ok
   - DifficultyTest1434...ok
   - DifficultyTest1435...ok
   - DifficultyTest1436...ok
   - DifficultyTest1437...ok
   - DifficultyTest1438...ok
   - DifficultyTest1439...ok
   - DifficultyTest144...ok
   - DifficultyTest1440...ok
   - DifficultyTest1441...ok
   - DifficultyTest1442...ok
   - DifficultyTest1443...ok
   - DifficultyTest1444...ok
   - DifficultyTest1445...ok
   - DifficultyTest1446...ok
   - DifficultyTest1447...ok
   - DifficultyTest1448...ok
   - DifficultyTest1449...ok
   - DifficultyTest145...ok
   - DifficultyTest1450...ok
   - DifficultyTest1451...ok
   - DifficultyTest1452...ok
   - DifficultyTest1453...ok
   - DifficultyTest1454...ok
   - DifficultyTest1455...ok
   - DifficultyTest1456...ok
   - DifficultyTest1457...ok
   - DifficultyTest1458...ok
   - DifficultyTest1459...ok
   - DifficultyTest146...ok
   - DifficultyTest1460...ok
   - DifficultyTest1461...ok
   - DifficultyTest1462...ok
   - DifficultyTest1463...ok
   - DifficultyTest1464...ok
   - DifficultyTest1465...ok
   - DifficultyTest1466...ok
   - DifficultyTest1467...ok
   - DifficultyTest1468...ok
   - DifficultyTest1469...ok
   - DifficultyTest147...ok
   - DifficultyTest1470...ok
   - DifficultyTest1471...ok
   - DifficultyTest1472...ok
   - DifficultyTest1473...ok
   - DifficultyTest1474...ok
   - DifficultyTest1475...ok
   - DifficultyTest1476...ok
   - DifficultyTest1477...ok
   - DifficultyTest1478...ok
   - DifficultyTest1479...ok
   - DifficultyTest148...ok
   - DifficultyTest1480...ok
   - DifficultyTest1481...ok
   - DifficultyTest1482...ok
   - DifficultyTest1483...ok
   - DifficultyTest1484...ok
   - DifficultyTest1485...ok
   - DifficultyTest1486...ok
   - DifficultyTest1487...ok
   - DifficultyTest1488...ok
   - DifficultyTest1489...ok
   - DifficultyTest149...ok
   - DifficultyTest1490...ok
   - DifficultyTest1491...ok
   - DifficultyTest1492...ok
   - DifficultyTest1493...ok
   - DifficultyTest1494...ok
   - DifficultyTest1495...ok
   - DifficultyTest1496...ok
   - DifficultyTest1497...ok
   - DifficultyTest1498...ok
   - DifficultyTest1499...ok
   - DifficultyTest15...ok
   - DifficultyTest150...ok
   - DifficultyTest1500...ok
   - DifficultyTest1501...ok
   - DifficultyTest1502...ok
   - DifficultyTest1503...ok
   - DifficultyTest1504...ok
   - DifficultyTest1505...ok
   - DifficultyTest1506...ok
   - DifficultyTest1507...ok
   - DifficultyTest1508...ok
   - DifficultyTest1509...ok
   - DifficultyTest151...ok
   - DifficultyTest1510...ok
   - DifficultyTest1511...ok
   - DifficultyTest1512...ok
   - DifficultyTest1513...ok
   - DifficultyTest1514...ok
   - DifficultyTest1515...ok
   - DifficultyTest1516...ok
   - DifficultyTest1517...ok
   - DifficultyTest1518...ok
   - DifficultyTest1519...ok
   - DifficultyTest152...ok
   - DifficultyTest1520...ok
   - DifficultyTest1521...ok
   - DifficultyTest1522...ok
   - DifficultyTest1523...ok
   - DifficultyTest1524...ok
   - DifficultyTest1525...ok
   - DifficultyTest1526...ok
   - DifficultyTest1527...ok
   - DifficultyTest1528...ok
   - DifficultyTest1529...ok
   - DifficultyTest153...ok
   - DifficultyTest1530...ok
   - DifficultyTest1531...ok
   - DifficultyTest1532...ok
   - DifficultyTest1533...ok
   - DifficultyTest1534...ok
   - DifficultyTest1535...ok
   - DifficultyTest1536...ok
   - DifficultyTest1537...ok
   - DifficultyTest1538...ok
   - DifficultyTest1539...ok
   - DifficultyTest154...ok
   - DifficultyTest1540...ok
   - DifficultyTest1541...ok
   - DifficultyTest1542...ok
   - DifficultyTest1543...ok
   - DifficultyTest1544...ok
   - DifficultyTest1545...ok
   - DifficultyTest1546...ok
   - DifficultyTest1547...ok
   - DifficultyTest1548...ok
   - DifficultyTest1549...ok
   - DifficultyTest155...ok
   - DifficultyTest1550...ok
   - DifficultyTest1551...ok
   - DifficultyTest1552...ok
   - DifficultyTest1553...ok
   - DifficultyTest1554...ok
   - DifficultyTest1555...ok
   - DifficultyTest1556...ok
   - DifficultyTest1557...ok
   - DifficultyTest1558...ok
   - DifficultyTest1559...ok
   - DifficultyTest156...ok
   - DifficultyTest1560...ok
   - DifficultyTest1561...ok
   - DifficultyTest1562...ok
   - DifficultyTest1563...ok
   - DifficultyTest1564...ok
   - DifficultyTest1565...ok
   - DifficultyTest1566...ok
   - DifficultyTest1567...ok
   - DifficultyTest1568...ok
   - DifficultyTest1569...ok
   - DifficultyTest157...ok
   - DifficultyTest1570...ok
   - DifficultyTest1571...ok
   - DifficultyTest1572...ok
   - DifficultyTest1573...ok
   - DifficultyTest1574...ok
   - DifficultyTest1575...ok
   - DifficultyTest1576...ok
   - DifficultyTest1577...ok
   - DifficultyTest1578...ok
   - DifficultyTest1579...ok
   - DifficultyTest158...ok
   - DifficultyTest1580...ok
   - DifficultyTest1581...ok
   - DifficultyTest1582...ok
   - DifficultyTest1583...ok
   - DifficultyTest1584...ok
   - DifficultyTest1585...ok
   - DifficultyTest1586...ok
   - DifficultyTest1587...ok
   - DifficultyTest1588...ok
   - DifficultyTest1589...ok
   - DifficultyTest159...ok
   - DifficultyTest1590...ok
   - DifficultyTest1591...ok
   - DifficultyTest1592...ok
   - DifficultyTest1593...ok
   - DifficultyTest1594...ok
   - DifficultyTest1595...ok
   - DifficultyTest1596...ok
   - DifficultyTest1597...ok
   - DifficultyTest1598...ok
   - DifficultyTest1599...ok
   - DifficultyTest16...ok
   - DifficultyTest160...ok
   - DifficultyTest1600...ok
   - DifficultyTest1601...ok
   - DifficultyTest1602...ok
   - DifficultyTest1603...ok
   - DifficultyTest1604...ok
   - DifficultyTest1605...ok
   - DifficultyTest1606...ok
   - DifficultyTest1607...ok
   - DifficultyTest1608...ok
   - DifficultyTest1609...ok
   - DifficultyTest161...ok
   - DifficultyTest1610...ok
   - DifficultyTest1611...ok
   - DifficultyTest1612...ok
   - DifficultyTest1613...ok
   - DifficultyTest1614...ok
   - DifficultyTest1615...ok
   - DifficultyTest1616...ok
   - DifficultyTest1617...ok
   - DifficultyTest1618...ok
   - DifficultyTest1619...ok
   - DifficultyTest162...ok
   - DifficultyTest1620...ok
   - DifficultyTest1621...ok
   - DifficultyTest1622...ok
   - DifficultyTest1623...ok
   - DifficultyTest1624...ok
   - DifficultyTest1625...ok
   - DifficultyTest1626...ok
   - DifficultyTest1627...ok
   - DifficultyTest1628...ok
   - DifficultyTest1629...ok
   - DifficultyTest163...ok
   - DifficultyTest1630...ok
   - DifficultyTest1631...ok
   - DifficultyTest1632...ok
   - DifficultyTest1633...ok
   - DifficultyTest1634...ok
   - DifficultyTest1635...ok
   - DifficultyTest1636...ok
   - DifficultyTest1637...ok
   - DifficultyTest1638...ok
   - DifficultyTest1639...ok
   - DifficultyTest164...ok
   - DifficultyTest1640...ok
   - DifficultyTest1641...ok
   - DifficultyTest1642...ok
   - DifficultyTest1643...ok
   - DifficultyTest1644...ok
   - DifficultyTest1645...ok
   - DifficultyTest1646...ok
   - DifficultyTest1647...ok
   - DifficultyTest1648...ok
   - DifficultyTest1649...ok
   - DifficultyTest165...ok
   - DifficultyTest1650...ok
   - DifficultyTest1651...ok
   - DifficultyTest1652...ok
   - DifficultyTest1653...ok
   - DifficultyTest1654...ok
   - DifficultyTest1655...ok
   - DifficultyTest1656...ok
   - DifficultyTest1657...ok
   - DifficultyTest1658...ok
   - DifficultyTest1659...ok
   - DifficultyTest166...ok
   - DifficultyTest1660...ok
   - DifficultyTest1661...ok
   - DifficultyTest1662...ok
   - DifficultyTest1663...ok
   - DifficultyTest1664...ok
   - DifficultyTest1665...ok
   - DifficultyTest1666...ok
   - DifficultyTest1667...ok
   - DifficultyTest1668...ok
   - DifficultyTest1669...ok
   - DifficultyTest167...ok
   - DifficultyTest1670...ok
   - DifficultyTest1671...ok
   - DifficultyTest1672...ok
   - DifficultyTest1673...ok
   - DifficultyTest1674...ok
   - DifficultyTest1675...ok
   - DifficultyTest1676...ok
   - DifficultyTest1677...ok
   - DifficultyTest1678...ok
   - DifficultyTest1679...ok
   - DifficultyTest168...ok
   - DifficultyTest1680...ok
   - DifficultyTest1681...ok
   - DifficultyTest1682...ok
   - DifficultyTest1683...ok
   - DifficultyTest1684...ok
   - DifficultyTest1685...ok
   - DifficultyTest1686...ok
   - DifficultyTest1687...ok
   - DifficultyTest1688...ok
   - DifficultyTest1689...ok
   - DifficultyTest169...ok
   - DifficultyTest1690...ok
   - DifficultyTest1691...ok
   - DifficultyTest1692...ok
   - DifficultyTest1693...ok
   - DifficultyTest1694...ok
   - DifficultyTest1695...ok
   - DifficultyTest1696...ok
   - DifficultyTest1697...ok
   - DifficultyTest1698...ok
   - DifficultyTest1699...ok
   - DifficultyTest17...ok
   - DifficultyTest170...ok
   - DifficultyTest1700...ok
   - DifficultyTest1701...ok
   - DifficultyTest1702...ok
   - DifficultyTest1703...ok
   - DifficultyTest1704...ok
   - DifficultyTest1705...ok
   - DifficultyTest1706...ok
   - DifficultyTest1707...ok
   - DifficultyTest1708...ok
   - DifficultyTest1709...ok
   - DifficultyTest171...ok
   - DifficultyTest1710...ok
   - DifficultyTest1711...ok
   - DifficultyTest1712...ok
   - DifficultyTest1713...ok
   - DifficultyTest1714...ok
   - DifficultyTest1715...ok
   - DifficultyTest1716...ok
   - DifficultyTest1717...ok
   - DifficultyTest1718...ok
   - DifficultyTest1719...ok
   - DifficultyTest172...ok
   - DifficultyTest1720...ok
   - DifficultyTest1721...ok
   - DifficultyTest1722...ok
   - DifficultyTest1723...ok
   - DifficultyTest1724...ok
   - DifficultyTest1725...ok
   - DifficultyTest1726...ok
   - DifficultyTest1727...ok
   - DifficultyTest1728...ok
   - DifficultyTest1729...ok
   - DifficultyTest173...ok
   - DifficultyTest1730...ok
   - DifficultyTest1731...ok
   - DifficultyTest1732...ok
   - DifficultyTest1733...ok
   - DifficultyTest1734...ok
   - DifficultyTest1735...ok
   - DifficultyTest1736...ok
   - DifficultyTest1737...ok
   - DifficultyTest1738...ok
   - DifficultyTest1739...ok
   - DifficultyTest174...ok
   - DifficultyTest1740...ok
   - DifficultyTest1741...ok
   - DifficultyTest1742...ok
   - DifficultyTest1743...ok
   - DifficultyTest1744...ok
   - DifficultyTest1745...ok
   - DifficultyTest1746...ok
   - DifficultyTest1747...ok
   - DifficultyTest1748...ok
   - DifficultyTest1749...ok
   - DifficultyTest175...ok
   - DifficultyTest1750...ok
   - DifficultyTest1751...ok
   - DifficultyTest1752...ok
   - DifficultyTest1753...ok
   - DifficultyTest1754...ok
   - DifficultyTest1755...ok
   - DifficultyTest1756...ok
   - DifficultyTest1757...ok
   - DifficultyTest1758...ok
   - DifficultyTest1759...ok
   - DifficultyTest176...ok
   - DifficultyTest1760...ok
   - DifficultyTest1761...ok
   - DifficultyTest1762...ok
   - DifficultyTest1763...ok
   - DifficultyTest1764...ok
   - DifficultyTest1765...ok
   - DifficultyTest1766...ok
   - DifficultyTest1767...ok
   - DifficultyTest1768...ok
   - DifficultyTest1769...ok
   - DifficultyTest177...ok
   - DifficultyTest1770...ok
   - DifficultyTest1771...ok
   - DifficultyTest1772...ok
   - DifficultyTest1773...ok
   - DifficultyTest1774...ok
   - DifficultyTest1775...ok
   - DifficultyTest1776...ok
   - DifficultyTest1777...ok
   - DifficultyTest1778...ok
   - DifficultyTest1779...ok
   - DifficultyTest178...ok
   - DifficultyTest1780...ok
   - DifficultyTest1781...ok
   - DifficultyTest1782...ok
   - DifficultyTest1783...ok
   - DifficultyTest1784...ok
   - DifficultyTest1785...ok
   - DifficultyTest1786...ok
   - DifficultyTest1787...ok
   - DifficultyTest1788...ok
   - DifficultyTest1789...ok
   - DifficultyTest179...ok
   - DifficultyTest1790...ok
   - DifficultyTest1791...ok
   - DifficultyTest1792...ok
   - DifficultyTest1793...ok
   - DifficultyTest1794...ok
   - DifficultyTest1795...ok
   - DifficultyTest1796...ok
   - DifficultyTest1797...ok
   - DifficultyTest1798...ok
   - DifficultyTest1799...ok
   - DifficultyTest18...ok
   - DifficultyTest180...ok
   - DifficultyTest1800...ok
   - DifficultyTest1801...ok
   - DifficultyTest1802...ok
   - DifficultyTest1803...ok
   - DifficultyTest1804...ok
   - DifficultyTest1805...ok
   - DifficultyTest1806...ok
   - DifficultyTest1807...ok
   - DifficultyTest1808...ok
   - DifficultyTest1809...ok
   - DifficultyTest181...ok
   - DifficultyTest1810...ok
   - DifficultyTest1811...ok
   - DifficultyTest1812...ok
   - DifficultyTest1813...ok
   - DifficultyTest1814...ok
   - DifficultyTest1815...ok
   - DifficultyTest1816...ok
   - DifficultyTest1817...ok
   - DifficultyTest1818...ok
   - DifficultyTest1819...ok
   - DifficultyTest182...ok
   - DifficultyTest1820...ok
   - DifficultyTest1821...ok
   - DifficultyTest1822...ok
   - DifficultyTest1823...ok
   - DifficultyTest1824...ok
   - DifficultyTest1825...ok
   - DifficultyTest1826...ok
   - DifficultyTest1827...ok
   - DifficultyTest1828...ok
   - DifficultyTest1829...ok
   - DifficultyTest183...ok
   - DifficultyTest1830...ok
   - DifficultyTest1831...ok
   - DifficultyTest1832...ok
   - DifficultyTest1833...ok
   - DifficultyTest1834...ok
   - DifficultyTest1835...ok
   - DifficultyTest1836...ok
   - DifficultyTest1837...ok
   - DifficultyTest1838...ok
   - DifficultyTest1839...ok
   - DifficultyTest184...ok
   - DifficultyTest1840...ok
   - DifficultyTest1841...ok
   - DifficultyTest1842...ok
   - DifficultyTest1843...ok
   - DifficultyTest1844...ok
   - DifficultyTest1845...ok
   - DifficultyTest1846...ok
   - DifficultyTest1847...ok
   - DifficultyTest1848...ok
   - DifficultyTest1849...ok
   - DifficultyTest185...ok
   - DifficultyTest1850...ok
   - DifficultyTest1851...ok
   - DifficultyTest1852...ok
   - DifficultyTest1853...ok
   - DifficultyTest1854...ok
   - DifficultyTest1855...ok
   - DifficultyTest1856...ok
   - DifficultyTest1857...ok
   - DifficultyTest1858...ok
   - DifficultyTest1859...ok
   - DifficultyTest186...ok
   - DifficultyTest1860...ok
   - DifficultyTest1861...ok
   - DifficultyTest1862...ok
   - DifficultyTest1863...ok
   - DifficultyTest1864...ok
   - DifficultyTest1865...ok
   - DifficultyTest1866...ok
   - DifficultyTest1867...ok
   - DifficultyTest1868...ok
   - DifficultyTest1869...ok
   - DifficultyTest187...ok
   - DifficultyTest1870...ok
   - DifficultyTest1871...ok
   - DifficultyTest1872...ok
   - DifficultyTest1873...ok
   - DifficultyTest1874...ok
   - DifficultyTest1875...ok
   - DifficultyTest1876...ok
   - DifficultyTest1877...ok
   - DifficultyTest1878...ok
   - DifficultyTest1879...ok
   - DifficultyTest188...ok
   - DifficultyTest1880...ok
   - DifficultyTest1881...ok
   - DifficultyTest1882...ok
   - DifficultyTest1883...ok
   - DifficultyTest1884...ok
   - DifficultyTest1885...ok
   - DifficultyTest1886...ok
   - DifficultyTest1887...ok
   - DifficultyTest1888...ok
   - DifficultyTest1889...ok
   - DifficultyTest189...ok
   - DifficultyTest1890...ok
   - DifficultyTest1891...ok
   - DifficultyTest1892...ok
   - DifficultyTest1893...ok
   - DifficultyTest1894...ok
   - DifficultyTest1895...ok
   - DifficultyTest1896...ok
   - DifficultyTest1897...ok
   - DifficultyTest1898...ok
   - DifficultyTest1899...ok
   - DifficultyTest19...ok
   - DifficultyTest190...ok
   - DifficultyTest1900...ok
   - DifficultyTest1901...ok
   - DifficultyTest1902...ok
   - DifficultyTest1903...ok
   - DifficultyTest1904...ok
   - DifficultyTest1905...ok
   - DifficultyTest1906...ok
   - DifficultyTest1907...ok
   - DifficultyTest1908...ok
   - DifficultyTest1909...ok
   - DifficultyTest191...ok
   - DifficultyTest1910...ok
   - DifficultyTest1911...ok
   - DifficultyTest1912...ok
   - DifficultyTest1913...ok
   - DifficultyTest1914...ok
   - DifficultyTest1915...ok
   - DifficultyTest1916...ok
   - DifficultyTest1917...ok
   - DifficultyTest1918...ok
   - DifficultyTest1919...ok
   - DifficultyTest192...ok
   - DifficultyTest1920...ok
   - DifficultyTest1921...ok
   - DifficultyTest1922...ok
   - DifficultyTest1923...ok
   - DifficultyTest1924...ok
   - DifficultyTest1925...ok
   - DifficultyTest1926...ok
   - DifficultyTest1927...ok
   - DifficultyTest1928...ok
   - DifficultyTest1929...ok
   - DifficultyTest193...ok
   - DifficultyTest1930...ok
   - DifficultyTest1931...ok
   - DifficultyTest1932...ok
   - DifficultyTest1933...ok
   - DifficultyTest1934...ok
   - DifficultyTest1935...ok
   - DifficultyTest1936...ok
   - DifficultyTest1937...ok
   - DifficultyTest1938...ok
   - DifficultyTest1939...ok
   - DifficultyTest194...ok
   - DifficultyTest1940...ok
   - DifficultyTest1941...ok
   - DifficultyTest1942...ok
   - DifficultyTest1943...ok
   - DifficultyTest1944...ok
   - DifficultyTest1945...ok
   - DifficultyTest1946...ok
   - DifficultyTest1947...ok
   - DifficultyTest1948...ok
   - DifficultyTest1949...ok
   - DifficultyTest195...ok
   - DifficultyTest1950...ok
   - DifficultyTest1951...ok
   - DifficultyTest1952...ok
   - DifficultyTest1953...ok
   - DifficultyTest1954...ok
   - DifficultyTest1955...ok
   - DifficultyTest1956...ok
   - DifficultyTest1957...ok
   - DifficultyTest1958...ok
   - DifficultyTest1959...ok
   - DifficultyTest196...ok
   - DifficultyTest1960...ok
   - DifficultyTest1961...ok
   - DifficultyTest1962...ok
   - DifficultyTest1963...ok
   - DifficultyTest1964...ok
   - DifficultyTest1965...ok
   - DifficultyTest1966...ok
   - DifficultyTest1967...ok
   - DifficultyTest1968...ok
   - DifficultyTest1969...ok
   - DifficultyTest197...ok
   - DifficultyTest1970...ok
   - DifficultyTest1971...ok
   - DifficultyTest1972...ok
   - DifficultyTest1973...ok
   - DifficultyTest1974...ok
   - DifficultyTest1975...ok
   - DifficultyTest1976...ok
   - DifficultyTest1977...ok
   - DifficultyTest1978...ok
   - DifficultyTest1979...ok
   - DifficultyTest198...ok
   - DifficultyTest1980...ok
   - DifficultyTest1981...ok
   - DifficultyTest1982...ok
   - DifficultyTest1983...ok
   - DifficultyTest1984...ok
   - DifficultyTest1985...ok
   - DifficultyTest1986...ok
   - DifficultyTest1987...ok
   - DifficultyTest1988...ok
   - DifficultyTest1989...ok
   - DifficultyTest199...ok
   - DifficultyTest1990...ok
   - DifficultyTest1991...ok
   - DifficultyTest1992...ok
   - DifficultyTest1993...ok
   - DifficultyTest1994...ok
   - DifficultyTest1995...ok
   - DifficultyTest1996...ok
   - DifficultyTest1997...ok
   - DifficultyTest1998...ok
   - DifficultyTest1999...ok
   - DifficultyTest2...ok
   - DifficultyTest20...ok
   - DifficultyTest200...ok
   - DifficultyTest2000...ok
   - DifficultyTest2001...ok
   - DifficultyTest2002...ok
   - DifficultyTest2003...ok
   - DifficultyTest2004...ok
   - DifficultyTest2005...ok
   - DifficultyTest2006...ok
   - DifficultyTest2007...ok
   - DifficultyTest2008...ok
   - DifficultyTest2009...ok
   - DifficultyTest201...ok
   - DifficultyTest2010...ok
   - DifficultyTest2011...ok
   - DifficultyTest2012...ok
   - DifficultyTest2013...ok
   - DifficultyTest2014...ok
   - DifficultyTest2015...ok
   - DifficultyTest2016...ok
   - DifficultyTest2017...ok
   - DifficultyTest2018...ok
   - DifficultyTest2019...ok
   - DifficultyTest202...ok
   - DifficultyTest2020...ok
   - DifficultyTest2021...ok
   - DifficultyTest2022...ok
   - DifficultyTest2023...ok
   - DifficultyTest2024...ok
   - DifficultyTest2025...ok
   - DifficultyTest2026...ok
   - DifficultyTest2027...ok
   - DifficultyTest2028...ok
   - DifficultyTest2029...ok
   - DifficultyTest203...ok
   - DifficultyTest2030...ok
   - DifficultyTest2031...ok
   - DifficultyTest2032...ok
   - DifficultyTest2033...ok
   - DifficultyTest2034...ok
   - DifficultyTest2035...ok
   - DifficultyTest2036...ok
   - DifficultyTest2037...ok
   - DifficultyTest2038...ok
   - DifficultyTest2039...ok
   - DifficultyTest204...ok
   - DifficultyTest2040...ok
   - DifficultyTest2041...ok
   - DifficultyTest2042...ok
   - DifficultyTest2043...ok
   - DifficultyTest2044...ok
   - DifficultyTest2045...ok
   - DifficultyTest2046...ok
   - DifficultyTest2047...ok
   - DifficultyTest2048...ok
   - DifficultyTest2049...ok
   - DifficultyTest205...ok
   - DifficultyTest2050...ok
   - DifficultyTest2051...ok
   - DifficultyTest2052...ok
   - DifficultyTest2053...ok
   - DifficultyTest2054...ok
   - DifficultyTest2055...ok
   - DifficultyTest2056...ok
   - DifficultyTest2057...ok
   - DifficultyTest2058...ok
   - DifficultyTest2059...ok
   - DifficultyTest206...ok
   - DifficultyTest2060...ok
   - DifficultyTest2061...ok
   - DifficultyTest2062...ok
   - DifficultyTest2063...ok
   - DifficultyTest2064...ok
   - DifficultyTest2065...ok
   - DifficultyTest2066...ok
   - DifficultyTest2067...ok
   - DifficultyTest2068...ok
   - DifficultyTest2069...ok
   - DifficultyTest207...ok
   - DifficultyTest2070...ok
   - DifficultyTest2071...ok
   - DifficultyTest2072...ok
   - DifficultyTest2073...ok
   - DifficultyTest2074...ok
   - DifficultyTest2075...ok
   - DifficultyTest2076...ok
   - DifficultyTest2077...ok
   - DifficultyTest2078...ok
   - DifficultyTest2079...ok
   - DifficultyTest208...ok
   - DifficultyTest2080...ok
   - DifficultyTest2081...ok
   - DifficultyTest2082...ok
   - DifficultyTest2083...ok
   - DifficultyTest2084...ok
   - DifficultyTest2085...ok
   - DifficultyTest2086...ok
   - DifficultyTest2087...ok
   - DifficultyTest2088...ok
   - DifficultyTest2089...ok
   - DifficultyTest209...ok
   - DifficultyTest2090...ok
   - DifficultyTest2091...ok
   - DifficultyTest2092...ok
   - DifficultyTest2093...ok
   - DifficultyTest2094...ok
   - DifficultyTest2095...ok
   - DifficultyTest2096...ok
   - DifficultyTest2097...ok
   - DifficultyTest2098...ok
   - DifficultyTest2099...ok
   - DifficultyTest21...ok
   - DifficultyTest210...ok
   - DifficultyTest2100...ok
   - DifficultyTest2101...ok
   - DifficultyTest2102...ok
   - DifficultyTest2103...ok
   - DifficultyTest2104...ok
   - DifficultyTest2105...ok
   - DifficultyTest2106...ok
   - DifficultyTest2107...ok
   - DifficultyTest2108...ok
   - DifficultyTest2109...ok
   - DifficultyTest211...ok
   - DifficultyTest2110...ok
   - DifficultyTest2111...ok
   - DifficultyTest2112...ok
   - DifficultyTest2113...ok
   - DifficultyTest2114...ok
   - DifficultyTest2115...ok
   - DifficultyTest2116...ok
   - DifficultyTest2117...ok
   - DifficultyTest2118...ok
   - DifficultyTest2119...ok
   - DifficultyTest212...ok
   - DifficultyTest2120...ok
   - DifficultyTest2121...ok
   - DifficultyTest2122...ok
   - DifficultyTest2123...ok
   - DifficultyTest2124...ok
   - DifficultyTest2125...ok
   - DifficultyTest2126...ok
   - DifficultyTest2127...ok
   - DifficultyTest2128...ok
   - DifficultyTest2129...ok
   - DifficultyTest213...ok
   - DifficultyTest2130...ok
   - DifficultyTest2131...ok
   - DifficultyTest2132...ok
   - DifficultyTest2133...ok
   - DifficultyTest2134...ok
   - DifficultyTest2135...ok
   - DifficultyTest2136...ok
   - DifficultyTest2137...ok
   - DifficultyTest2138...ok
   - DifficultyTest2139...ok
   - DifficultyTest214...ok
   - DifficultyTest2140...ok
   - DifficultyTest2141...ok
   - DifficultyTest2142...ok
   - DifficultyTest2143...ok
   - DifficultyTest2144...ok
   - DifficultyTest2145...ok
   - DifficultyTest2146...ok
   - DifficultyTest2147...ok
   - DifficultyTest2148...ok
   - DifficultyTest2149...ok
   - DifficultyTest215...ok
   - DifficultyTest2150...ok
   - DifficultyTest2151...ok
   - DifficultyTest2152...ok
   - DifficultyTest2153...ok
   - DifficultyTest2154...ok
   - DifficultyTest2155...ok
   - DifficultyTest2156...ok
   - DifficultyTest2157...ok
   - DifficultyTest2158...ok
   - DifficultyTest2159...ok
   - DifficultyTest216...ok
   - DifficultyTest2160...ok
   - DifficultyTest2161...ok
   - DifficultyTest2162...ok
   - DifficultyTest2163...ok
   - DifficultyTest2164...ok
   - DifficultyTest2165...ok
   - DifficultyTest2166...ok
   - DifficultyTest2167...ok
   - DifficultyTest2168...ok
   - DifficultyTest2169...ok
   - DifficultyTest217...ok
   - DifficultyTest2170...ok
   - DifficultyTest2171...ok
   - DifficultyTest2172...ok
   - DifficultyTest2173...ok
   - DifficultyTest2174...ok
   - DifficultyTest2175...ok
   - DifficultyTest2176...ok
   - DifficultyTest2177...ok
   - DifficultyTest2178...ok
   - DifficultyTest2179...ok
   - DifficultyTest218...ok
   - DifficultyTest2180...ok
   - DifficultyTest2181...ok
   - DifficultyTest2182...ok
   - DifficultyTest2183...ok
   - DifficultyTest2184...ok
   - DifficultyTest2185...ok
   - DifficultyTest2186...ok
   - DifficultyTest2187...ok
   - DifficultyTest2188...ok
   - DifficultyTest2189...ok
   - DifficultyTest219...ok
   - DifficultyTest2190...ok
   - DifficultyTest2191...ok
   - DifficultyTest2192...ok
   - DifficultyTest2193...ok
   - DifficultyTest2194...ok
   - DifficultyTest2195...ok
   - DifficultyTest2196...ok
   - DifficultyTest2197...ok
   - DifficultyTest2198...ok
   - DifficultyTest2199...ok
   - DifficultyTest22...ok
   - DifficultyTest220...ok
   - DifficultyTest2200...ok
   - DifficultyTest2201...ok
   - DifficultyTest2202...ok
   - DifficultyTest2203...ok
   - DifficultyTest2204...ok
   - DifficultyTest2205...ok
   - DifficultyTest2206...ok
   - DifficultyTest2207...ok
   - DifficultyTest2208...ok
   - DifficultyTest2209...ok
   - DifficultyTest221...ok
   - DifficultyTest2210...ok
   - DifficultyTest2211...ok
   - DifficultyTest2212...ok
   - DifficultyTest2213...ok
   - DifficultyTest2214...ok
   - DifficultyTest2215...ok
   - DifficultyTest2216...ok
   - DifficultyTest2217...ok
   - DifficultyTest2218...ok
   - DifficultyTest2219...ok
   - DifficultyTest222...ok
   - DifficultyTest2220...ok
   - DifficultyTest2221...ok
   - DifficultyTest2222...ok
   - DifficultyTest2223...ok
   - DifficultyTest2224...ok
   - DifficultyTest2225...ok
   - DifficultyTest2226...ok
   - DifficultyTest2227...ok
   - DifficultyTest2228...ok
   - DifficultyTest2229...ok
   - DifficultyTest223...ok
   - DifficultyTest2230...ok
   - DifficultyTest2231...ok
   - DifficultyTest2232...ok
   - DifficultyTest2233...ok
   - DifficultyTest2234...ok
   - DifficultyTest2235...ok
   - DifficultyTest2236...ok
   - DifficultyTest2237...ok
   - DifficultyTest2238...ok
   - DifficultyTest2239...ok
   - DifficultyTest224...ok
   - DifficultyTest2240...ok
   - DifficultyTest2241...ok
   - DifficultyTest2242...ok
   - DifficultyTest2243...ok
   - DifficultyTest2244...ok
   - DifficultyTest2245...ok
   - DifficultyTest2246...ok
   - DifficultyTest2247...ok
   - DifficultyTest2248...ok
   - DifficultyTest2249...ok
   - DifficultyTest225...ok
   - DifficultyTest2250...ok
   - DifficultyTest2251...ok
   - DifficultyTest2252...ok
   - DifficultyTest2253...ok
   - DifficultyTest2254...ok
   - DifficultyTest226...ok
   - DifficultyTest227...ok
   - DifficultyTest228...ok
   - DifficultyTest229...ok
   - DifficultyTest23...ok
   - DifficultyTest230...ok
   - DifficultyTest231...ok
   - DifficultyTest232...ok
   - DifficultyTest233...ok
   - DifficultyTest234...ok
   - DifficultyTest235...ok
   - DifficultyTest236...ok
   - DifficultyTest237...ok
   - DifficultyTest238...ok
   - DifficultyTest239...ok
   - DifficultyTest24...ok
   - DifficultyTest240...ok
   - DifficultyTest241...ok
   - DifficultyTest242...ok
   - DifficultyTest243...ok
   - DifficultyTest244...ok
   - DifficultyTest245...ok
   - DifficultyTest246...ok
   - DifficultyTest247...ok
   - DifficultyTest248...ok
   - DifficultyTest249...ok
   - DifficultyTest25...ok
   - DifficultyTest250...ok
   - DifficultyTest251...ok
   - DifficultyTest252...ok
   - DifficultyTest253...ok
   - DifficultyTest254...ok
   - DifficultyTest255...ok
   - DifficultyTest256...ok
   - DifficultyTest257...ok
   - DifficultyTest258...ok
   - DifficultyTest259...ok
   - DifficultyTest26...ok
   - DifficultyTest260...ok
   - DifficultyTest261...ok
   - DifficultyTest262...ok
   - DifficultyTest263...ok
   - DifficultyTest264...ok
   - DifficultyTest265...ok
   - DifficultyTest266...ok
   - DifficultyTest267...ok
   - DifficultyTest268...ok
   - DifficultyTest269...ok
   - DifficultyTest27...ok
   - DifficultyTest270...ok
   - DifficultyTest271...ok
   - DifficultyTest272...ok
   - DifficultyTest273...ok
   - DifficultyTest274...ok
   - DifficultyTest275...ok
   - DifficultyTest276...ok
   - DifficultyTest277...ok
   - DifficultyTest278...ok
   - DifficultyTest279...ok
   - DifficultyTest28...ok
   - DifficultyTest280...ok
   - DifficultyTest281...ok
   - DifficultyTest282...ok
   - DifficultyTest283...ok
   - DifficultyTest284...ok
   - DifficultyTest285...ok
   - DifficultyTest286...ok
   - DifficultyTest287...ok
   - DifficultyTest288...ok
   - DifficultyTest289...ok
   - DifficultyTest29...ok
   - DifficultyTest290...ok
   - DifficultyTest291...ok
   - DifficultyTest292...ok
   - DifficultyTest293...ok
   - DifficultyTest294...ok
   - DifficultyTest295...ok
   - DifficultyTest296...ok
   - DifficultyTest297...ok
   - DifficultyTest298...ok
   - DifficultyTest299...ok
   - DifficultyTest3...ok
   - DifficultyTest30...ok
   - DifficultyTest300...ok
   - DifficultyTest301...ok
   - DifficultyTest302...ok
   - DifficultyTest303...ok
   - DifficultyTest304...ok
   - DifficultyTest305...ok
   - DifficultyTest306...ok
   - DifficultyTest307...ok
   - DifficultyTest308...ok
   - DifficultyTest309...ok
   - DifficultyTest31...ok
   - DifficultyTest310...ok
   - DifficultyTest311...ok
   - DifficultyTest312...ok
   - DifficultyTest313...ok
   - DifficultyTest314...ok
   - DifficultyTest315...ok
   - DifficultyTest316...ok
   - DifficultyTest317...ok
   - DifficultyTest318...ok
   - DifficultyTest319...ok
   - DifficultyTest32...ok
   - DifficultyTest320...ok
   - DifficultyTest321...ok
   - DifficultyTest322...ok
   - DifficultyTest323...ok
   - DifficultyTest324...ok
   - DifficultyTest325...ok
   - DifficultyTest326...ok
   - DifficultyTest327...ok
   - DifficultyTest328...ok
   - DifficultyTest329...ok
   - DifficultyTest33...ok
   - DifficultyTest330...ok
   - DifficultyTest331...ok
   - DifficultyTest332...ok
   - DifficultyTest333...ok
   - DifficultyTest334...ok
   - DifficultyTest335...ok
   - DifficultyTest336...ok
   - DifficultyTest337...ok
   - DifficultyTest338...ok
   - DifficultyTest339...ok
   - DifficultyTest34...ok
   - DifficultyTest340...ok
   - DifficultyTest341...ok
   - DifficultyTest342...ok
   - DifficultyTest343...ok
   - DifficultyTest344...ok
   - DifficultyTest345...ok
   - DifficultyTest346...ok
   - DifficultyTest347...ok
   - DifficultyTest348...ok
   - DifficultyTest349...ok
   - DifficultyTest35...ok
   - DifficultyTest350...ok
   - DifficultyTest351...ok
   - DifficultyTest352...ok
   - DifficultyTest353...ok
   - DifficultyTest354...ok
   - DifficultyTest355...ok
   - DifficultyTest356...ok
   - DifficultyTest357...ok
   - DifficultyTest358...ok
   - DifficultyTest359...ok
   - DifficultyTest36...ok
   - DifficultyTest360...ok
   - DifficultyTest361...ok
   - DifficultyTest362...ok
   - DifficultyTest363...ok
   - DifficultyTest364...ok
   - DifficultyTest365...ok
   - DifficultyTest366...ok
   - DifficultyTest367...ok
   - DifficultyTest368...ok
   - DifficultyTest369...ok
   - DifficultyTest37...ok
   - DifficultyTest370...ok
   - DifficultyTest371...ok
   - DifficultyTest372...ok
   - DifficultyTest373...ok
   - DifficultyTest374...ok
   - DifficultyTest375...ok
   - DifficultyTest376...ok
   - DifficultyTest377...ok
   - DifficultyTest378...ok
   - DifficultyTest379...ok
   - DifficultyTest38...ok
   - DifficultyTest380...ok
   - DifficultyTest381...ok
   - DifficultyTest382...ok
   - DifficultyTest383...ok
   - DifficultyTest384...ok
   - DifficultyTest385...ok
   - DifficultyTest386...ok
   - DifficultyTest387...ok
   - DifficultyTest388...ok
   - DifficultyTest389...ok
   - DifficultyTest39...ok
   - DifficultyTest390...ok
   - DifficultyTest391...ok
   - DifficultyTest392...ok
   - DifficultyTest393...ok
   - DifficultyTest394...ok
   - DifficultyTest395...ok
   - DifficultyTest396...ok
   - DifficultyTest397...ok
   - DifficultyTest398...ok
   - DifficultyTest399...ok
   - DifficultyTest4...ok
   - DifficultyTest40...ok
   - DifficultyTest400...ok
   - DifficultyTest401...ok
   - DifficultyTest402...ok
   - DifficultyTest403...ok
   - DifficultyTest404...ok
   - DifficultyTest405...ok
   - DifficultyTest406...ok
   - DifficultyTest407...ok
   - DifficultyTest408...ok
   - DifficultyTest409...ok
   - DifficultyTest41...ok
   - DifficultyTest410...ok
   - DifficultyTest411...ok
   - DifficultyTest412...ok
   - DifficultyTest413...ok
   - DifficultyTest414...ok
   - DifficultyTest415...ok
   - DifficultyTest416...ok
   - DifficultyTest417...ok
   - DifficultyTest418...ok
   - DifficultyTest419...ok
   - DifficultyTest42...ok
   - DifficultyTest420...ok
   - DifficultyTest421...ok
   - DifficultyTest422...ok
   - DifficultyTest423...ok
   - DifficultyTest424...ok
   - DifficultyTest425...ok
   - DifficultyTest426...ok
   - DifficultyTest427...ok
   - DifficultyTest428...ok
   - DifficultyTest429...ok
   - DifficultyTest43...ok
   - DifficultyTest430...ok
   - DifficultyTest431...ok
   - DifficultyTest432...ok
   - DifficultyTest433...ok
   - DifficultyTest434...ok
   - DifficultyTest435...ok
   - DifficultyTest436...ok
   - DifficultyTest437...ok
   - DifficultyTest438...ok
   - DifficultyTest439...ok
   - DifficultyTest44...ok
   - DifficultyTest440...ok
   - DifficultyTest441...ok
   - DifficultyTest442...ok
   - DifficultyTest443...ok
   - DifficultyTest444...ok
   - DifficultyTest445...ok
   - DifficultyTest446...ok
   - DifficultyTest447...ok
   - DifficultyTest448...ok
   - DifficultyTest449...ok
   - DifficultyTest45...ok
   - DifficultyTest450...ok
   - DifficultyTest451...ok
   - DifficultyTest452...ok
   - DifficultyTest453...ok
   - DifficultyTest454...ok
   - DifficultyTest455...ok
   - DifficultyTest456...ok
   - DifficultyTest457...ok
   - DifficultyTest458...ok
   - DifficultyTest459...ok
   - DifficultyTest46...ok
   - DifficultyTest460...ok
   - DifficultyTest461...ok
   - DifficultyTest462...ok
   - DifficultyTest463...ok
   - DifficultyTest464...ok
   - DifficultyTest465...ok
   - DifficultyTest466...ok
   - DifficultyTest467...ok
   - DifficultyTest468...ok
   - DifficultyTest469...ok
   - DifficultyTest47...ok
   - DifficultyTest470...ok
   - DifficultyTest471...ok
   - DifficultyTest472...ok
   - DifficultyTest473...ok
   - DifficultyTest474...ok
   - DifficultyTest475...ok
   - DifficultyTest476...ok
   - DifficultyTest477...ok
   - DifficultyTest478...ok
   - DifficultyTest479...ok
   - DifficultyTest48...ok
   - DifficultyTest480...ok
   - DifficultyTest481...ok
   - DifficultyTest482...ok
   - DifficultyTest483...ok
   - DifficultyTest484...ok
   - DifficultyTest485...ok
   - DifficultyTest486...ok
   - DifficultyTest487...ok
   - DifficultyTest488...ok
   - DifficultyTest489...ok
   - DifficultyTest49...ok
   - DifficultyTest490...ok
   - DifficultyTest491...ok
   - DifficultyTest492...ok
   - DifficultyTest493...ok
   - DifficultyTest494...ok
   - DifficultyTest495...ok
   - DifficultyTest496...ok
   - DifficultyTest497...ok
   - DifficultyTest498...ok
   - DifficultyTest499...ok
   - DifficultyTest5...ok
   - DifficultyTest50...ok
   - DifficultyTest500...ok
   - DifficultyTest501...ok
   - DifficultyTest502...ok
   - DifficultyTest503...ok
   - DifficultyTest504...ok
   - DifficultyTest505...ok
   - DifficultyTest506...ok
   - DifficultyTest507...ok
   - DifficultyTest508...ok
   - DifficultyTest509...ok
   - DifficultyTest51...ok
   - DifficultyTest510...ok
   - DifficultyTest511...ok
   - DifficultyTest512...ok
   - DifficultyTest513...ok
   - DifficultyTest514...ok
   - DifficultyTest515...ok
   - DifficultyTest516...ok
   - DifficultyTest517...ok
   - DifficultyTest518...ok
   - DifficultyTest519...ok
   - DifficultyTest52...ok
   - DifficultyTest520...ok
   - DifficultyTest521...ok
   - DifficultyTest522...ok
   - DifficultyTest523...ok
   - DifficultyTest524...ok
   - DifficultyTest525...ok
   - DifficultyTest526...ok
   - DifficultyTest527...ok
   - DifficultyTest528...ok
   - DifficultyTest529...ok
   - DifficultyTest53...ok
   - DifficultyTest530...ok
   - DifficultyTest531...ok
   - DifficultyTest532...ok
   - DifficultyTest533...ok
   - DifficultyTest534...ok
   - DifficultyTest535...ok
   - DifficultyTest536...ok
   - DifficultyTest537...ok
   - DifficultyTest538...ok
   - DifficultyTest539...ok
   - DifficultyTest54...ok
   - DifficultyTest540...ok
   - DifficultyTest541...ok
   - DifficultyTest542...ok
   - DifficultyTest543...ok
   - DifficultyTest544...ok
   - DifficultyTest545...ok
   - DifficultyTest546...ok
   - DifficultyTest547...ok
   - DifficultyTest548...ok
   - DifficultyTest549...ok
   - DifficultyTest55...ok
   - DifficultyTest550...ok
   - DifficultyTest551...ok
   - DifficultyTest552...ok
   - DifficultyTest553...ok
   - DifficultyTest554...ok
   - DifficultyTest555...ok
   - DifficultyTest556...ok
   - DifficultyTest557...ok
   - DifficultyTest558...ok
   - DifficultyTest559...ok
   - DifficultyTest56...ok
   - DifficultyTest560...ok
   - DifficultyTest561...ok
   - DifficultyTest562...ok
   - DifficultyTest563...ok
   - DifficultyTest564...ok
   - DifficultyTest565...ok
   - DifficultyTest566...ok
   - DifficultyTest567...ok
   - DifficultyTest568...ok
   - DifficultyTest569...ok
   - DifficultyTest57...ok
   - DifficultyTest570...ok
   - DifficultyTest571...ok
   - DifficultyTest572...ok
   - DifficultyTest573...ok
   - DifficultyTest574...ok
   - DifficultyTest575...ok
   - DifficultyTest576...ok
   - DifficultyTest577...ok
   - DifficultyTest578...ok
   - DifficultyTest579...ok
   - DifficultyTest58...ok
   - DifficultyTest580...ok
   - DifficultyTest581...ok
   - DifficultyTest582...ok
   - DifficultyTest583...ok
   - DifficultyTest584...ok
   - DifficultyTest585...ok
   - DifficultyTest586...ok
   - DifficultyTest587...ok
   - DifficultyTest588...ok
   - DifficultyTest589...ok
   - DifficultyTest59...ok
   - DifficultyTest590...ok
   - DifficultyTest591...ok
   - DifficultyTest592...ok
   - DifficultyTest593...ok
   - DifficultyTest594...ok
   - DifficultyTest595...ok
   - DifficultyTest596...ok
   - DifficultyTest597...ok
   - DifficultyTest598...ok
   - DifficultyTest599...ok
   - DifficultyTest6...ok
   - DifficultyTest60...ok
   - DifficultyTest600...ok
   - DifficultyTest601...ok
   - DifficultyTest602...ok
   - DifficultyTest603...ok
   - DifficultyTest604...ok
   - DifficultyTest605...ok
   - DifficultyTest606...ok
   - DifficultyTest607...ok
   - DifficultyTest608...ok
   - DifficultyTest609...ok
   - DifficultyTest61...ok
   - DifficultyTest610...ok
   - DifficultyTest611...ok
   - DifficultyTest612...ok
   - DifficultyTest613...ok
   - DifficultyTest614...ok
   - DifficultyTest615...ok
   - DifficultyTest616...ok
   - DifficultyTest617...ok
   - DifficultyTest618...ok
   - DifficultyTest619...ok
   - DifficultyTest62...ok
   - DifficultyTest620...ok
   - DifficultyTest621...ok
   - DifficultyTest622...ok
   - DifficultyTest623...ok
   - DifficultyTest624...ok
   - DifficultyTest625...ok
   - DifficultyTest626...ok
   - DifficultyTest627...ok
   - DifficultyTest628...ok
   - DifficultyTest629...ok
   - DifficultyTest63...ok
   - DifficultyTest630...ok
   - DifficultyTest631...ok
   - DifficultyTest632...ok
   - DifficultyTest633...ok
   - DifficultyTest634...ok
   - DifficultyTest635...ok
   - DifficultyTest636...ok
   - DifficultyTest637...ok
   - DifficultyTest638...ok
   - DifficultyTest639...ok
   - DifficultyTest64...ok
   - DifficultyTest640...ok
   - DifficultyTest641...ok
   - DifficultyTest642...ok
   - DifficultyTest643...ok
   - DifficultyTest644...ok
   - DifficultyTest645...ok
   - DifficultyTest646...ok
   - DifficultyTest647...ok
   - DifficultyTest648...ok
   - DifficultyTest649...ok
   - DifficultyTest65...ok
   - DifficultyTest650...ok
   - DifficultyTest651...ok
   - DifficultyTest652...ok
   - DifficultyTest653...ok
   - DifficultyTest654...ok
   - DifficultyTest655...ok
   - DifficultyTest656...ok
   - DifficultyTest657...ok
   - DifficultyTest658...ok
   - DifficultyTest659...ok
   - DifficultyTest66...ok
   - DifficultyTest660...ok
   - DifficultyTest661...ok
   - DifficultyTest662...ok
   - DifficultyTest663...ok
   - DifficultyTest664...ok
   - DifficultyTest665...ok
   - DifficultyTest666...ok
   - DifficultyTest667...ok
   - DifficultyTest668...ok
   - DifficultyTest669...ok
   - DifficultyTest67...ok
   - DifficultyTest670...ok
   - DifficultyTest671...ok
   - DifficultyTest672...ok
   - DifficultyTest673...ok
   - DifficultyTest674...ok
   - DifficultyTest675...ok
   - DifficultyTest676...ok
   - DifficultyTest677...ok
   - DifficultyTest678...ok
   - DifficultyTest679...ok
   - DifficultyTest68...ok
   - DifficultyTest680...ok
   - DifficultyTest681...ok
   - DifficultyTest682...ok
   - DifficultyTest683...ok
   - DifficultyTest684...ok
   - DifficultyTest685...ok
   - DifficultyTest686...ok
   - DifficultyTest687...ok
   - DifficultyTest688...ok
   - DifficultyTest689...ok
   - DifficultyTest69...ok
   - DifficultyTest690...ok
   - DifficultyTest691...ok
   - DifficultyTest692...ok
   - DifficultyTest693...ok
   - DifficultyTest694...ok
   - DifficultyTest695...ok
   - DifficultyTest696...ok
   - DifficultyTest697...ok
   - DifficultyTest698...ok
   - DifficultyTest699...ok
   - DifficultyTest7...ok
   - DifficultyTest70...ok
   - DifficultyTest700...ok
   - DifficultyTest701...ok
   - DifficultyTest702...ok
   - DifficultyTest703...ok
   - DifficultyTest704...ok
   - DifficultyTest705...ok
   - DifficultyTest706...ok
   - DifficultyTest707...ok
   - DifficultyTest708...ok
   - DifficultyTest709...ok
   - DifficultyTest71...ok
   - DifficultyTest710...ok
   - DifficultyTest711...ok
   - DifficultyTest712...ok
   - DifficultyTest713...ok
   - DifficultyTest714...ok
   - DifficultyTest715...ok
   - DifficultyTest716...ok
   - DifficultyTest717...ok
   - DifficultyTest718...ok
   - DifficultyTest719...ok
   - DifficultyTest72...ok
   - DifficultyTest720...ok
   - DifficultyTest721...ok
   - DifficultyTest722...ok
   - DifficultyTest723...ok
   - DifficultyTest724...ok
   - DifficultyTest725...ok
   - DifficultyTest726...ok
   - DifficultyTest727...ok
   - DifficultyTest728...ok
   - DifficultyTest729...ok
   - DifficultyTest73...ok
   - DifficultyTest730...ok
   - DifficultyTest731...ok
   - DifficultyTest732...ok
   - DifficultyTest733...ok
   - DifficultyTest734...ok
   - DifficultyTest735...ok
   - DifficultyTest736...ok
   - DifficultyTest737...ok
   - DifficultyTest738...ok
   - DifficultyTest739...ok
   - DifficultyTest74...ok
   - DifficultyTest740...ok
   - DifficultyTest741...ok
   - DifficultyTest742...ok
   - DifficultyTest743...ok
   - DifficultyTest744...ok
   - DifficultyTest745...ok
   - DifficultyTest746...ok
   - DifficultyTest747...ok
   - DifficultyTest748...ok
   - DifficultyTest749...ok
   - DifficultyTest75...ok
   - DifficultyTest750...ok
   - DifficultyTest751...ok
   - DifficultyTest752...ok
   - DifficultyTest753...ok
   - DifficultyTest754...ok
   - DifficultyTest755...ok
   - DifficultyTest756...ok
   - DifficultyTest757...ok
   - DifficultyTest758...ok
   - DifficultyTest759...ok
   - DifficultyTest76...ok
   - DifficultyTest760...ok
   - DifficultyTest761...ok
   - DifficultyTest762...ok
   - DifficultyTest763...ok
   - DifficultyTest764...ok
   - DifficultyTest765...ok
   - DifficultyTest766...ok
   - DifficultyTest767...ok
   - DifficultyTest768...ok
   - DifficultyTest769...ok
   - DifficultyTest77...ok
   - DifficultyTest770...ok
   - DifficultyTest771...ok
   - DifficultyTest772...ok
   - DifficultyTest773...ok
   - DifficultyTest774...ok
   - DifficultyTest775...ok
   - DifficultyTest776...ok
   - DifficultyTest777...ok
   - DifficultyTest778...ok
   - DifficultyTest779...ok
   - DifficultyTest78...ok
   - DifficultyTest780...ok
   - DifficultyTest781...ok
   - DifficultyTest782...ok
   - DifficultyTest783...ok
   - DifficultyTest784...ok
   - DifficultyTest785...ok
   - DifficultyTest786...ok
   - DifficultyTest787...ok
   - DifficultyTest788...ok
   - DifficultyTest789...ok
   - DifficultyTest79...ok
   - DifficultyTest790...ok
   - DifficultyTest791...ok
   - DifficultyTest792...ok
   - DifficultyTest793...ok
   - DifficultyTest794...ok
   - DifficultyTest795...ok
   - DifficultyTest796...ok
   - DifficultyTest797...ok
   - DifficultyTest798...ok
   - DifficultyTest799...ok
   - DifficultyTest8...ok
   - DifficultyTest80...ok
   - DifficultyTest800...ok
   - DifficultyTest801...ok
   - DifficultyTest802...ok
   - DifficultyTest803...ok
   - DifficultyTest804...ok
   - DifficultyTest805...ok
   - DifficultyTest806...ok
   - DifficultyTest807...ok
   - DifficultyTest808...ok
   - DifficultyTest809...ok
   - DifficultyTest81...ok
   - DifficultyTest810...ok
   - DifficultyTest811...ok
   - DifficultyTest812...ok
   - DifficultyTest813...ok
   - DifficultyTest814...ok
   - DifficultyTest815...ok
   - DifficultyTest816...ok
   - DifficultyTest817...ok
   - DifficultyTest818...ok
   - DifficultyTest819...ok
   - DifficultyTest82...ok
   - DifficultyTest820...ok
   - DifficultyTest821...ok
   - DifficultyTest822...ok
   - DifficultyTest823...ok
   - DifficultyTest824...ok
   - DifficultyTest825...ok
   - DifficultyTest826...ok
   - DifficultyTest827...ok
   - DifficultyTest828...ok
   - DifficultyTest829...ok
   - DifficultyTest83...ok
   - DifficultyTest830...ok
   - DifficultyTest831...ok
   - DifficultyTest832...ok
   - DifficultyTest833...ok
   - DifficultyTest834...ok
   - DifficultyTest835...ok
   - DifficultyTest836...ok
   - DifficultyTest837...ok
   - DifficultyTest838...ok
   - DifficultyTest839...ok
   - DifficultyTest84...ok
   - DifficultyTest840...ok
   - DifficultyTest841...ok
   - DifficultyTest842...ok
   - DifficultyTest843...ok
   - DifficultyTest844...ok
   - DifficultyTest845...ok
   - DifficultyTest846...ok
   - DifficultyTest847...ok
   - DifficultyTest848...ok
   - DifficultyTest849...ok
   - DifficultyTest85...ok
   - DifficultyTest850...ok
   - DifficultyTest851...ok
   - DifficultyTest852...ok
   - DifficultyTest853...ok
   - DifficultyTest854...ok
   - DifficultyTest855...ok
   - DifficultyTest856...ok
   - DifficultyTest857...ok
   - DifficultyTest858...ok
   - DifficultyTest859...ok
   - DifficultyTest86...ok
   - DifficultyTest860...ok
   - DifficultyTest861...ok
   - DifficultyTest862...ok
   - DifficultyTest863...ok
   - DifficultyTest864...ok
   - DifficultyTest865...ok
   - DifficultyTest866...ok
   - DifficultyTest867...ok
   - DifficultyTest868...ok
   - DifficultyTest869...ok
   - DifficultyTest87...ok
   - DifficultyTest870...ok
   - DifficultyTest871...ok
   - DifficultyTest872...ok
   - DifficultyTest873...ok
   - DifficultyTest874...ok
   - DifficultyTest875...ok
   - DifficultyTest876...ok
   - DifficultyTest877...ok
   - DifficultyTest878...ok
   - DifficultyTest879...ok
   - DifficultyTest88...ok
   - DifficultyTest880...ok
   - DifficultyTest881...ok
   - DifficultyTest882...ok
   - DifficultyTest883...ok
   - DifficultyTest884...ok
   - DifficultyTest885...ok
   - DifficultyTest886...ok
   - DifficultyTest887...ok
   - DifficultyTest888...ok
   - DifficultyTest889...ok
   - DifficultyTest89...ok
   - DifficultyTest890...ok
   - DifficultyTest891...ok
   - DifficultyTest892...ok
   - DifficultyTest893...ok
   - DifficultyTest894...ok
   - DifficultyTest895...ok
   - DifficultyTest896...ok
   - DifficultyTest897...ok
   - DifficultyTest898...ok
   - DifficultyTest899...ok
   - DifficultyTest9...ok
   - DifficultyTest90...ok
   - DifficultyTest900...ok
   - DifficultyTest901...ok
   - DifficultyTest902...ok
   - DifficultyTest903...ok
   - DifficultyTest904...ok
   - DifficultyTest905...ok
   - DifficultyTest906...ok
   - DifficultyTest907...ok
   - DifficultyTest908...ok
   - DifficultyTest909...ok
   - DifficultyTest91...ok
   - DifficultyTest910...ok
   - DifficultyTest911...ok
   - DifficultyTest912...ok
   - DifficultyTest913...ok
   - DifficultyTest914...ok
   - DifficultyTest915...ok
   - DifficultyTest916...ok
   - DifficultyTest917...ok
   - DifficultyTest918...ok
   - DifficultyTest919...ok
   - DifficultyTest92...ok
   - DifficultyTest920...ok
   - DifficultyTest921...ok
   - DifficultyTest922...ok
   - DifficultyTest923...ok
   - DifficultyTest924...ok
   - DifficultyTest925...ok
   - DifficultyTest926...ok
   - DifficultyTest927...ok
   - DifficultyTest928...ok
   - DifficultyTest929...ok
   - DifficultyTest93...ok
   - DifficultyTest930...ok
   - DifficultyTest931...ok
   - DifficultyTest932...ok
   - DifficultyTest933...ok
   - DifficultyTest934...ok
   - DifficultyTest935...ok
   - DifficultyTest936...ok
   - DifficultyTest937...ok
   - DifficultyTest938...ok
   - DifficultyTest939...ok
   - DifficultyTest94...ok
   - DifficultyTest940...ok
   - DifficultyTest941...ok
   - DifficultyTest942...ok
   - DifficultyTest943...ok
   - DifficultyTest944...ok
   - DifficultyTest945...ok
   - DifficultyTest946...ok
   - DifficultyTest947...ok
   - DifficultyTest948...ok
   - DifficultyTest949...ok
   - DifficultyTest95...ok
   - DifficultyTest950...ok
   - DifficultyTest951...ok
   - DifficultyTest952...ok
   - DifficultyTest953...ok
   - DifficultyTest954...ok
   - DifficultyTest955...ok
   - DifficultyTest956...ok
   - DifficultyTest957...ok
   - DifficultyTest958...ok
   - DifficultyTest959...ok
   - DifficultyTest96...ok
   - DifficultyTest960...ok
   - DifficultyTest961...ok
   - DifficultyTest962...ok
   - DifficultyTest963...ok
   - DifficultyTest964...ok
   - DifficultyTest965...ok
   - DifficultyTest966...ok
   - DifficultyTest967...ok
   - DifficultyTest968...ok
   - DifficultyTest969...ok
   - DifficultyTest97...ok
   - DifficultyTest970...ok
   - DifficultyTest971...ok
   - DifficultyTest972...ok
   - DifficultyTest973...ok
   - DifficultyTest974...ok
   - DifficultyTest975...ok
   - DifficultyTest976...ok
   - DifficultyTest977...ok
   - DifficultyTest978...ok
   - DifficultyTest979...ok
   - DifficultyTest98...ok
   - DifficultyTest980...ok
   - DifficultyTest981...ok
   - DifficultyTest982...ok
   - DifficultyTest983...ok
   - DifficultyTest984...ok
   - DifficultyTest985...ok
   - DifficultyTest986...ok
   - DifficultyTest987...ok
   - DifficultyTest988...ok
   - DifficultyTest989...ok
   - DifficultyTest99...ok
   - DifficultyTest990...ok
   - DifficultyTest991...ok
   - DifficultyTest992...ok
   - DifficultyTest993...ok
   - DifficultyTest994...ok
   - DifficultyTest995...ok
   - DifficultyTest996...ok
   - DifficultyTest997...ok
   - DifficultyTest998...ok
   - DifficultyTest999...ok
ok
   - pointMulAdd2_d18g3v0_EIP158...ok
   - static_callcodecallcall_100_d0g0v0_EIP150...test json_tests::difficulty::difficulty_test_foundation::DifficultyTests_difficultyMainNetwork ... ok
INFO:ethcore::json_tests::executive: name: "mul7"
INFO:ethcore::json_tests::executive: name: "divByNonZero2"
INFO:ethcore::json_tests::executive: name: "sub4"
INFO:ethcore::json_tests::executive: name: "smod1"
INFO:ethcore::json_tests::executive: name: "expPowerOf256_31"
INFO:ethcore::json_tests::executive: name: "sdiv8"
INFO:ethcore::json_tests::executive: name: "expPowerOf256_33"
INFO:ethcore::json_tests::executive: name: "expPowerOf256Of256_21"
INFO:ethcore::json_tests::executive: name: "sub0"
INFO:ethcore::json_tests::executive: name: "expPowerOf256Of256_29"
INFO:ethcore::json_tests::executive: name: "exp2"
INFO:ethcore::json_tests::executive: name: "sdiv_i256min"
INFO:ethcore::json_tests::executive: name: "expPowerOf256_23"
INFO:ethcore::json_tests::executive: name: "sdiv_dejavu"
INFO:ethcore::json_tests::executive: name: "expPowerOf256Of256_12"
INFO:ethcore::json_tests::executive: name: "addmod3"
INFO:ethcore::json_tests::executive: name: "div1"
INFO:ethcore::json_tests::executive: name: "mulmod1_overflow4"
INFO:ethcore::json_tests::executive: name: "addmod2_1"
INFO:ethcore::json_tests::executive: name: "expPowerOf256Of256_8"
INFO:ethcore::json_tests::executive: name: "exp7"
INFO:ethcore::json_tests::executive: name: "mulmod4"
INFO:ethcore::json_tests::executive: name: "expPowerOf256Of256_27"
INFO:ethcore::json_tests::executive: name: "addmod0"
INFO:ethcore::json_tests::executive: name: "divBoostBug"
INFO:ethcore::json_tests::executive: name: "mulmod2_1"
INFO:ethcore::json_tests::executive: name: "signextend_Overflow_dj42"
INFO:ethcore::json_tests::executive: name: "expPowerOf256_20"
INFO:ethcore::json_tests::executive: name: "expPowerOf2_8"
INFO:ethcore::json_tests::executive: name: "expPowerOf256_6"
INFO:ethcore::json_tests::executive: name: "mulmoddivByZero3"
INFO:ethcore::json_tests::executive: name: "mod0"
INFO:ethcore::json_tests::executive: name: "sdiv0"
INFO:ethcore::json_tests::executive: name: "expPowerOf256_1"
INFO:ethcore::json_tests::executive: name: "expPowerOf256Of256_24"
INFO:ethcore::json_tests::executive: name: "smod8_byZero"
INFO:ethcore::json_tests::executive: name: "expPowerOf256Of256_2"
INFO:ethcore::json_tests::executive: name: "signextendInvalidByteNumber"
INFO:ethcore::json_tests::executive: name: "sdiv4"
INFO:ethcore::json_tests::executive: name: "mul1"
INFO:ethcore::json_tests::executive: name: "mulmoddivByZero2"
INFO:ethcore::json_tests::executive: name: "sdivByZero1"
INFO:ethcore::json_tests::executive: name: "expPowerOf256Of256_18"
INFO:ethcore::json_tests::executive: name: "expPowerOf2_4"
INFO:ethcore::json_tests::executive: name: "sdiv6"
INFO:ethcore::json_tests::executive: name: "addmodDivByZero1"
INFO:ethcore::json_tests::executive: name: "exp0"
INFO:ethcore::json_tests::executive: name: "add3"
INFO:ethcore::json_tests::executive: name: "addmod1_overflowDiff"
INFO:ethcore::json_tests::executive: name: "expPowerOf256_18"
INFO:ethcore::json_tests::executive: name: "smod5"
INFO:ethcore::json_tests::executive: name: "addmod2_0"
INFO:ethcore::json_tests::executive: name: "add0"
INFO:ethcore::json_tests::executive: name: "expPowerOf256_29"
INFO:ethcore::json_tests::executive: name: "mod2"
INFO:ethcore::json_tests::executive: name: "addmodBigIntCast"
INFO:ethcore::json_tests::executive: name: "expPowerOf256Of256_5"
INFO:ethcore::json_tests::executive: name: "expPowerOf2_256"
ok
   - static_callcodecallcall_100_d0g0v0_EIP158...INFO:ethcore::json_tests::executive: name: "expPowerOf256_11"
INFO:ethcore::json_tests::executive: name: "smod2"
INFO:ethcore::json_tests::executive: name: "exp6"
INFO:ethcore::json_tests::executive: name: "signextend_BitIsNotSetInHigherByte"
INFO:ethcore::json_tests::executive: name: "expPowerOf256Of256_33"
INFO:ethcore::json_tests::executive: name: "expXY_success"
INFO:ethcore::json_tests::executive: name: "addmod1"
INFO:ethcore::json_tests::executive: name: "divByNonZero0"
INFO:ethcore::json_tests::executive: name: "mulUnderFlow"
INFO:ethcore::json_tests::executive: name: "expPowerOf256_17"
INFO:ethcore::json_tests::executive: name: "signextend_BigBytePlus1_2"
INFO:ethcore::json_tests::executive: name: "addmod1_overflow4"ok

   - pointMulAdd2_d18g3v0_Frontier...INFO:ethcore::json_tests::executive: name: "signextend_BitIsSetInHigherByte"
INFO:ethcore::json_tests::executive: name: "signextend_00"
INFO:ethcore::json_tests::executive: name: "mulmod2"
INFO:ethcore::json_tests::executive: name: "mul6"
INFO:ethcore::json_tests::executive: name: "divByZero_2"
INFO:ethcore::json_tests::executive: name: "mul2"
INFO:ethcore::json_tests::executive: name: "expPowerOf2_64"
INFO:ethcore::json_tests::executive: name: "smod0"
INFO:ethcore::json_tests::executive: name: "modByZero"
INFO:ethcore::json_tests::executive: name: "expPowerOf256Of256_22"
INFO:ethcore::json_tests::executive: name: "expPowerOf256Of256_10"
INFO:ethcore::json_tests::executive: name: "expXY"
INFO:ethcore::json_tests::executive: name: "expPowerOf256_28"
INFO:ethcore::json_tests::executive: name: "expPowerOf256Of256_32"
INFO:ethcore::json_tests::executive: name: "smod4"
INFO:ethcore::json_tests::executive: name: "mulmoddivByZero1"
INFO:ethcore::json_tests::executive: name: "expPowerOf256_5"
INFO:ethcore::json_tests::executive: name: "exp1"
INFO:ethcore::json_tests::executive: name: "sdiv9"
INFO:ethcore::json_tests::executive: name: "expPowerOf256Of256_14"
INFO:ethcore::json_tests::executive: name: "expPowerOf256_9"
INFO:ethcore::json_tests::executive: name: "signextend_BigByteBigByte"
INFO:ethcore::json_tests::executive: name: "expPowerOf256Of256_28"
INFO:ethcore::json_tests::executive: name: "expPowerOf256Of256_7"
INFO:ethcore::json_tests::executive: name: "divByNonZero3"
INFO:ethcore::json_tests::executive: name: "signextend_bigBytePlus1"
INFO:ethcore::json_tests::executive: name: "expPowerOf256Of256_17"
INFO:ethcore::json_tests::executive: name: "expPowerOf256Of256_23"
INFO:ethcore::json_tests::executive: name: "addmod3_0"
INFO:ethcore::json_tests::executive: name: "smod_i256min1"
INFO:ethcore::json_tests::executive: name: "sdiv_i256min2"
INFO:ethcore::json_tests::executive: name: "expPowerOf256_13"
INFO:ethcore::json_tests::executive: name: "expPowerOf256_16"
INFO:ethcore::json_tests::executive: name: "expPowerOf256_14"
INFO:ethcore::json_tests::executive: name: "mulmod1"
INFO:ethcore::json_tests::executive: name: "expPowerOf256_24"
INFO:ethcore::json_tests::executive: name: "expPowerOf256Of256_6"
INFO:ethcore::json_tests::executive: name: "expPowerOf256_15"
INFO:ethcore::json_tests::executive: name: "exp5"
INFO:ethcore::json_tests::executive: name: "sdiv2"
INFO:ethcore::json_tests::executive: name: "expPowerOf256_30"
INFO:ethcore::json_tests::executive: name: "expPowerOf256Of256_11"
INFO:ethcore::json_tests::executive: name: "addmodDivByZero3"
INFO:ethcore::json_tests::executive: name: "expPowerOf256_2"
INFO:ethcore::json_tests::executive: name: "expPowerOf256Of256_9"
INFO:ethcore::json_tests::executive: name: "expPowerOf256Of256_13"
INFO:ethcore::json_tests::executive: name: "expPowerOf256Of256_0"
INFO:ethcore::json_tests::executive: name: "expPowerOf2_2"
INFO:ethcore::json_tests::executive: name: "expPowerOf256_4"
INFO:ethcore::json_tests::executive: name: "mod3"
INFO:ethcore::json_tests::executive: name: "expPowerOf2_32"
INFO:ethcore::json_tests::executive: name: "expPowerOf256_3"
INFO:ethcore::json_tests::executive: name: "divByNonZero1"
INFO:ethcore::json_tests::executive: name: "addmod2"
INFO:ethcore::json_tests::executive: name: "mulmod1_overflow3"
INFO:ethcore::json_tests::executive: name: "sdivByZero0"
INFO:ethcore::json_tests::executive: name: "addmod1_overflow2"
INFO:ethcore::json_tests::executive: name: "expPowerOf256_22"
INFO:ethcore::json_tests::executive: name: "expPowerOf256Of256_19"
INFO:ethcore::json_tests::executive: name: "signextend_0_BigByte"
INFO:ethcore::json_tests::executive: name: "expPowerOf256Of256_4"
INFO:ethcore::json_tests::executive: name: "expPowerOf256Of256_26"
INFO:ethcore::json_tests::executive: name: "expPowerOf256_26"
INFO:ethcore::json_tests::executive: name: "expPowerOf256_12"
INFO:ethcore::json_tests::executive: name: "mod4"
INFO:ethcore::json_tests::executive: name: "expPowerOf2_128"
INFO:ethcore::json_tests::executive: name: "expPowerOf256_19"
INFO:ethcore::json_tests::executive: name: "addmod1_overflow3"
INFO:ethcore::json_tests::executive: name: "divByZero"
INFO:ethcore::json_tests::executive: name: "mulmod1_overflow2"
INFO:ethcore::json_tests::executive: name: "add1"
INFO:ethcore::json_tests::executive: name: "sdiv7"
INFO:ethcore::json_tests::executive: name: "add2"
INFO:ethcore::json_tests::executive: name: "mulmod3"
INFO:ethcore::json_tests::executive: name: "stop"
ok
   - static_callcodecallcall_100_d0g0v0_Frontier...INFO:ethcore::json_tests::executive: name: "expPowerOf256_10"
INFO:ethcore::json_tests::executive: name: "signextend_AlmostBiggestByte"
INFO:ethcore::json_tests::executive: name: "expPowerOf256_7"
INFO:ethcore::json_tests::executive: name: "signextend_BigByte_0"
ok
   - pointMulAdd2_d18g3v0_Homestead...INFO:ethcore::json_tests::executive: name: "addmodDivByZero"
INFO:ethcore::json_tests::executive: name: "mul3"
INFO:ethcore::json_tests::executive: name: "mul4"
INFO:ethcore::json_tests::executive: name: "exp4"
INFO:ethcore::json_tests::executive: name: "sdiv_i256min3"
INFO:ethcore::json_tests::executive: name: "smod6"
INFO:ethcore::json_tests::executive: name: "exp3"
INFO:ethcore::json_tests::executive: name: "expPowerOf256_27"
INFO:ethcore::json_tests::executive: name: "expPowerOf256_8"
INFO:ethcore::json_tests::executive: name: "signextend_BitIsNotSet"
INFO:ethcore::json_tests::executive: name: "mulmod2_0"
INFO:ethcore::json_tests::executive: name: "mulmoddivByZero"
INFO:ethcore::json_tests::executive: name: "expPowerOf2_16"
INFO:ethcore::json_tests::executive: name: "expPowerOf256Of256_3"
INFO:ethcore::json_tests::executive: name: "expPowerOf256Of256_1"
INFO:ethcore::json_tests::executive: name: "expPowerOf256Of256_15"
INFO:ethcore::json_tests::executive: name: "sdiv5"
INFO:ethcore::json_tests::executive: name: "expPowerOf256Of256_20"
INFO:ethcore::json_tests::executive: name: "sub3"
INFO:ethcore::json_tests::executive: name: "sdiv1"
INFO:ethcore::json_tests::executive: name: "mulmod1_overflow"
INFO:ethcore::json_tests::executive: name: "mulmod3_0"
INFO:ethcore::json_tests::executive: name: "expPowerOf256Of256_25"
INFO:ethcore::json_tests::executive: name: "mod1"
INFO:ethcore::json_tests::executive: name: "signextend_bitIsSet"
INFO:ethcore::json_tests::executive: name: "smod3"
INFO:ethcore::json_tests::executive: name: "expPowerOf256_25"
INFO:ethcore::json_tests::executive: name: "expPowerOf256Of256_31"
INFO:ethcore::json_tests::executive: name: "expPowerOf256Of256_16"
INFO:ethcore::json_tests::executive: name: "sdivByZero2"
ok
   - static_callcodecallcall_100_d0g0v0_Homestead...INFO:ethcore::json_tests::executive: name: "expPowerOf256_21"
INFO:ethcore::json_tests::executive: name: "sub1"
INFO:ethcore::json_tests::executive: name: "mulmod0"
INFO:ethcore::json_tests::executive: name: "expPowerOf256Of256_30"
INFO:ethcore::json_tests::executive: name: "add4"
INFO:ethcore::json_tests::executive: name: "not1"
INFO:ethcore::json_tests::executive: name: "smod7"
INFO:ethcore::json_tests::executive: name: "arith1"
INFO:ethcore::json_tests::executive: name: "sub2"
INFO:ethcore::json_tests::executive: name: "smod_i256min2"
INFO:ethcore::json_tests::executive: name: "sdiv3"
INFO:ethcore::json_tests::executive: name: "mul5"
INFO:ethcore::json_tests::executive: name: "mul0"
INFO:ethcore::json_tests::executive: name: "expPowerOf256_32"
INFO:ethcore::json_tests::executive: name: "addmodDivByZero2"
INFO:ethcore::json_tests::executive: name: "fibbonacci_unrolled"
test json_tests::executive::ExecutiveTests_vmArithmeticTest ... ok
INFO:ethcore::json_tests::executive: name: "sgt4"
INFO:ethcore::json_tests::executive: name: "and2"
INFO:ethcore::json_tests::executive: name: "byte9"
INFO:ethcore::json_tests::executive: name: "or3"
INFO:ethcore::json_tests::executive: name: "not2"
INFO:ethcore::json_tests::executive: name: "byte0"
INFO:ethcore::json_tests::executive: name: "slt1"
INFO:ethcore::json_tests::executive: name: "or0"
INFO:ethcore::json_tests::executive: name: "xor0"
INFO:ethcore::json_tests::executive: name: "byte4"
INFO:ethcore::json_tests::executive: name: "or4"
INFO:ethcore::json_tests::executive: name: "byte5"
INFO:ethcore::json_tests::executive: name: "gt3"
INFO:ethcore::json_tests::executive: name: "byte8"
INFO:ethcore::json_tests::executive: name: "gt0"
INFO:ethcore::json_tests::executive: name: "lt3"
INFO:ethcore::json_tests::executive: name: "byte6"
INFO:ethcore::json_tests::executive: name: "not0"
INFO:ethcore::json_tests::executive: name: "not4"
INFO:ethcore::json_tests::executive: name: "and0"
INFO:ethcore::json_tests::executive: name: "and5"
INFO:ethcore::json_tests::executive: name: "xor4"
INFO:ethcore::json_tests::executive: name: "iszero1"
INFO:ethcore::json_tests::executive: name: "iszero0"
ok
INFO:ethcore::json_tests::executive: name: "slt3"
INFO:ethcore::json_tests::executive: name: "xor2"
INFO:ethcore::json_tests::executive: name: "byte7"
INFO:ethcore::json_tests::executive: name: "sgt1"
   - static_callcodecallcall_ABCB_RECURSIVE2_d0g0v1_Byzantium...INFO:ethcore::json_tests::executive: name: "gt1"
INFO:ethcore::json_tests::executive: name: "sgt2"
INFO:ethcore::json_tests::executive: name: "or5"
INFO:ethcore::json_tests::executive: name: "lt1"
INFO:ethcore::json_tests::executive: name: "or2"
ok
INFO:ethcore::json_tests::executive: name: "slt4"
INFO:ethcore::json_tests::executive: name: "iszeo2"
INFO:ethcore::json_tests::executive: name: "not3"
INFO:ethcore::json_tests::executive: name: "and1"
   - pairingTest_d3g3v0_Byzantium...INFO:ethcore::json_tests::executive: name: "eq1"
INFO:ethcore::json_tests::executive: name: "sgt0"
INFO:ethcore::json_tests::executive: name: "slt2"
INFO:ethcore::json_tests::executive: name: "lt2"
INFO:ethcore::json_tests::executive: name: "byte1"
INFO:ethcore::json_tests::executive: name: "and3"
INFO:ethcore::json_tests::executive: name: "eq0"
INFO:ethcore::json_tests::executive: name: "sgt3"
INFO:ethcore::json_tests::executive: name: "not5"
INFO:ethcore::json_tests::executive: name: "byte2"
INFO:ethcore::json_tests::executive: name: "byte10"
INFO:ethcore::json_tests::executive: name: "byte3"
INFO:ethcore::json_tests::executive: name: "byte11"
INFO:ethcore::json_tests::executive: name: "slt0"
INFO:ethcore::json_tests::executive: name: "gt2"
INFO:ethcore::json_tests::executive: name: "or1"
INFO:ethcore::json_tests::executive: name: "not1"
INFO:ethcore::json_tests::executive: name: "xor1"
INFO:ethcore::json_tests::executive: name: "xor5"
INFO:ethcore::json_tests::executive: name: "and4"
INFO:ethcore::json_tests::executive: name: "lt0"
INFO:ethcore::json_tests::executive: name: "xor3"
INFO:ethcore::json_tests::executive: name: "eq2"
test json_tests::executive::ExecutiveTests_vmBitwiseLogicOperationTest ... ok
INFO:ethcore::json_tests::executive: name: "timestamp"
INFO:ethcore::json_tests::executive: name: "blockhashOutOfRange"
INFO:ethcore::json_tests::executive: name: "coinbase"
INFO:ethcore::json_tests::executive: name: "number"
INFO:ethcore::json_tests::executive: name: "blockhashMyBlock"
INFO:ethcore::json_tests::executive: name: "blockhashInRange"
INFO:ethcore::json_tests::executive: name: "blockhash257Block"
INFO:ethcore::json_tests::executive: name: "difficulty"
ok
   - pairingTest_d3g3v0_EIP150...INFO:ethcore::json_tests::executive: name: "gaslimit"
INFO:ethcore::json_tests::executive: name: "blockhashUnderFlow"
INFO:ethcore::json_tests::executive: name: "blockhash258Block"
INFO:ethcore::json_tests::executive: name: "blockhashNotExistingBlock"
test json_tests::executive::ExecutiveTests_vmBlockInfoTest ... ok
INFO:ethcore::json_tests::executive: name: "ExtCodeSizeAddressInputTooBigLeftMyAddress"
INFO:ethcore::json_tests::executive: name: "balance1"
INFO:ethcore::json_tests::executive: name: "calldataload_BigOffset"
INFO:ethcore::json_tests::executive: name: "extcodecopy0"
INFO:ethcore::json_tests::executive: name: "origin"
INFO:ethcore::json_tests::executive: name: "codecopy_DataIndexTooHigh"
INFO:ethcore::json_tests::executive: name: "calldataload0"
INFO:ethcore::json_tests::executive: name: "calldatacopy0_return"
INFO:ethcore::json_tests::executive: name: "env1"
ok
   - static_callcodecallcall_ABCB_RECURSIVE2_d0g0v1_EIP150...INFO:ethcore::json_tests::executive: name: "calldatacopy_DataIndexTooHigh"
INFO:ethcore::json_tests::executive: name: "calldatacopy_DataIndexTooHigh2"
INFO:ethcore::json_tests::executive: name: "codecopy0"
INFO:ethcore::json_tests::executive: name: "calldatasize1"
INFO:ethcore::json_tests::executive: name: "extcodecopyZeroMemExpansion"
INFO:ethcore::json_tests::executive: name: "balanceAddressInputTooBigLeftMyAddress"
INFO:ethcore::json_tests::executive: name: "balanceAddressInputTooBigRightMyAddress"
INFO:ethcore::json_tests::executive: name: "calldatacopyZeroMemExpansion_return"
INFO:ethcore::json_tests::executive: name: "balance0"
INFO:ethcore::json_tests::executive: name: "calldatacopy1_return"
ok
INFO:ethcore::json_tests::executive: name: "extcodecopy0AddressTooBigLeft"
   - pairingTest_d3g3v0_EIP158...INFO:ethcore::json_tests::executive: name: "calldatacopy1"
INFO:ethcore::json_tests::executive: name: "calldatacopyZeroMemExpansion"
INFO:ethcore::json_tests::executive: name: "balanceCaller3"
INFO:ethcore::json_tests::executive: name: "calldatacopy2_return"
INFO:ethcore::json_tests::executive: name: "calldatacopy2"
INFO:ethcore::json_tests::executive: name: "codesize"
INFO:ethcore::json_tests::executive: name: "balanceAddressInputTooBig"
INFO:ethcore::json_tests::executive: name: "calldatacopy0"
INFO:ethcore::json_tests::executive: name: "calldataloadSizeTooHighPartial"
INFO:ethcore::json_tests::executive: name: "calldatacopyUnderFlow"
INFO:ethcore::json_tests::executive: name: "extcodesize0"
INFO:ethcore::json_tests::executive: name: "calldatasize0"
INFO:ethcore::json_tests::executive: name: "calldatacopy_DataIndexTooHigh2_return"
INFO:ethcore::json_tests::executive: name: "balanceAddress2"
INFO:ethcore::json_tests::executive: name: "calldatasize2"
INFO:ethcore::json_tests::executive: name: "extcodecopy0AddressTooBigRight"
INFO:ethcore::json_tests::executive: name: "extcodesize1"
INFO:ethcore::json_tests::executive: name: "caller"
INFO:ethcore::json_tests::executive: name: "gasprice"
INFO:ethcore::json_tests::executive: name: "balance01"
INFO:ethcore::json_tests::executive: name: "address1"
INFO:ethcore::json_tests::executive: name: "callvalue"
INFO:ethcore::json_tests::executive: name: "calldataload2"
INFO:ethcore::json_tests::executive: name: "calldataload1"
ok
   - static_callcodecallcall_ABCB_RECURSIVE2_d0g0v1_EIP158...INFO:ethcore::json_tests::executive: name: "extcodesizeUnderFlow"
INFO:ethcore::json_tests::executive: name: "calldatacopy_DataIndexTooHigh_return"
INFO:ethcore::json_tests::executive: name: "extcodecopy_DataIndexTooHigh"
INFO:ethcore::json_tests::executive: name: "address0"
INFO:ethcore::json_tests::executive: name: "ExtCodeSizeAddressInputTooBigRightMyAddress"
INFO:ethcore::json_tests::executive: name: "codecopyZeroMemExpansion"
INFO:ethcore::json_tests::executive: name: "calldatacopy_sec"
INFO:ethcore::json_tests::executive: name: "calldataloadSizeTooHigh"
test json_tests::executive::ExecutiveTests_vmEnvironmentalInfoTest ... ok
INFO:ethcore::json_tests::executive: name: "mstore8WordToBigError"
INFO:ethcore::json_tests::executive: name: "mstore_mload0"
ok
   - pairingTest_d3g3v0_Frontier...INFO:ethcore::json_tests::executive: name: "msize2"
INFO:ethcore::json_tests::executive: name: "mloadOutOfGasError2"
INFO:ethcore::json_tests::executive: name: "loop_stacklimit_1020"
INFO:ethcore::json_tests::executive: name: "return1"
INFO:ethcore::json_tests::executive: name: "bad_indirect_jump2"
INFO:ethcore::json_tests::executive: name: "jump0_jumpdest0"
INFO:ethcore::json_tests::executive: name: "JDfromStorageDynamicJump0_AfterJumpdest3"
INFO:ethcore::json_tests::executive: name: "BlockNumberDynamicJump0_AfterJumpdest3"
INFO:ethcore::json_tests::executive: name: "log1MemExp"
INFO:ethcore::json_tests::executive: name: "pop1"
INFO:ethcore::json_tests::executive: name: "DynamicJumpi1"
INFO:ethcore::json_tests::executive: name: "jumpDynamicJumpSameDest"
INFO:ethcore::json_tests::executive: name: "sha3MemExp"
INFO:ethcore::json_tests::executive: name: "DynamicJumpStartWithJumpDest"
INFO:ethcore::json_tests::executive: name: "JDfromStorageDynamicJumpifInsidePushWithoutJumpDest"
INFO:ethcore::json_tests::executive: name: "DynamicJumpPathologicalTest2"
INFO:ethcore::json_tests::executive: name: "indirect_jump2"
INFO:ethcore::json_tests::executive: name: "BlockNumberDynamicJumpInsidePushWithoutJumpDest"
INFO:ethcore::json_tests::executive: name: "mloadError0"
INFO:ethcore::json_tests::executive: name: "DynamicJump0_AfterJumpdest3"
INFO:ethcore::json_tests::executive: name: "mstore8_0"
INFO:ethcore::json_tests::executive: name: "indirect_jump1"
INFO:ethcore::json_tests::executive: name: "calldatacopyMemExp"
INFO:ethcore::json_tests::executive: name: "BlockNumberDynamicJumpInsidePushWithJumpDest"
INFO:ethcore::json_tests::executive: name: "JDfromStorageDynamicJumpi0"
INFO:ethcore::json_tests::executive: name: "when"
INFO:ethcore::json_tests::executive: name: "kv1"
INFO:ethcore::json_tests::executive: name: "BlockNumberDynamicJump0_jumpdest0"
INFO:ethcore::json_tests::executive: name: "bad_indirect_jump1"
INFO:ethcore::json_tests::executive: name: "jumpHigh"
INFO:ethcore::json_tests::executive: name: "jumpifInsidePushWithoutJumpDest"
ok
   - static_callcodecallcall_ABCB_RECURSIVE2_d0g0v1_Frontier...INFO:ethcore::json_tests::executive: name: "deadCode_1"
INFO:ethcore::json_tests::executive: name: "mstore0"
INFO:ethcore::json_tests::executive: name: "BlockNumberDynamicJumpifInsidePushWithoutJumpDest"
INFO:ethcore::json_tests::executive: name: "indirect_jump4"
INFO:ethcore::json_tests::executive: name: "DynamicJump_value1"
INFO:ethcore::json_tests::executive: name: "jumpdestBigList"
INFO:ethcore::json_tests::executive: name: "JDfromStorageDynamicJumpi1_jumpdest"
INFO:ethcore::json_tests::executive: name: "DynamicJump0_jumpdest2"
INFO:ethcore::json_tests::executive: name: "DynamicJumpiOutsideBoundary"
INFO:ethcore::json_tests::executive: name: "dupAt51becameMload"
INFO:ethcore::json_tests::executive: name: "BlockNumberDynamicJumpi0"
INFO:ethcore::json_tests::executive: name: "sstore_load_1"
INFO:ethcore::json_tests::executive: name: "DynamicJumpifInsidePushWithoutJumpDest"
INFO:ethcore::json_tests::executive: name: "jumpOntoJump"
INFO:ethcore::json_tests::executive: name: "jumpAfterStop"
INFO:ethcore::json_tests::executive: name: "BlockNumberDynamicJumpiOutsideBoundary"
INFO:ethcore::json_tests::executive: name: "DynamicJumpiAfterStop"
INFO:ethcore::json_tests::executive: name: "codecopyMemExp"
INFO:ethcore::json_tests::executive: name: "DynamicJump0_jumpdest0"
INFO:ethcore::json_tests::executive: name: "jumpiToUint64maxPlus1"
INFO:ethcore::json_tests::executive: name: "JDfromStorageDynamicJump0_withoutJumpdest"
INFO:ethcore::json_tests::executive: name: "jumpiToUintmaxPlus1"
INFO:ethcore::json_tests::executive: name: "DynamicJumpi1_jumpdest"
INFO:ethcore::json_tests::executive: name: "pop0"
INFO:ethcore::json_tests::executive: name: "gas0"
INFO:ethcore::json_tests::executive: name: "JDfromStorageDynamicJump0_jumpdest0"
INFO:ethcore::json_tests::executive: name: "mstore8MemExp"
INFO:ethcore::json_tests::executive: name: "msize0"
INFO:ethcore::json_tests::executive: name: "jumpi1_jumpdest"
INFO:ethcore::json_tests::executive: name: "gasOverFlow"
INFO:ethcore::json_tests::executive: name: "DynamicJump0_foreverOutOfGas"
INFO:ethcore::json_tests::executive: name: "DynamicJumpi0"
ok
   - pairingTest_d3g3v0_Homestead...INFO:ethcore::json_tests::executive: name: "DynamicJumpAfterStop"
INFO:ethcore::json_tests::executive: name: "loop_stacklimit_1021"
INFO:ethcore::json_tests::executive: name: "jump0_AfterJumpdest3"
INFO:ethcore::json_tests::executive: name: "mstoreWordToBigError"
INFO:ethcore::json_tests::executive: name: "for_loop1"
INFO:ethcore::json_tests::executive: name: "pc0"
INFO:ethcore::json_tests::executive: name: "mstore1"
INFO:ethcore::json_tests::executive: name: "indirect_jump3"
INFO:ethcore::json_tests::executive: name: "extcodecopyMemExp"
INFO:ethcore::json_tests::executive: name: "BlockNumberDynamicJumpi1"
INFO:ethcore::json_tests::executive: name: "BlockNumberDynamicJump1"
INFO:ethcore::json_tests::executive: name: "jump1"
INFO:ethcore::json_tests::executive: name: "jumpInsidePushWithoutJumpDest"
INFO:ethcore::json_tests::executive: name: "jumpTo1InstructionafterJump_noJumpDest"
INFO:ethcore::json_tests::executive: name: "JDfromStorageDynamicJumpInsidePushWithJumpDest"
INFO:ethcore::json_tests::executive: name: "jump0_foreverOutOfGas"
INFO:ethcore::json_tests::executive: name: "mstore8_1"
INFO:ethcore::json_tests::executive: name: "BlockNumberDynamicJumpifInsidePushWithJumpDest"
INFO:ethcore::json_tests::executive: name: "jumpToUint64maxPlus1"
INFO:ethcore::json_tests::executive: name: "jump0_outOfBoundary"
INFO:ethcore::json_tests::executive: name: "JDfromStorageDynamicJump0_jumpdest2"
INFO:ethcore::json_tests::executive: name: "DynamicJumpPathologicalTest0"
INFO:ethcore::json_tests::executive: name: "jump0_jumpdest2"
INFO:ethcore::json_tests::executive: name: "jumpTo1InstructionafterJump"
INFO:ethcore::json_tests::executive: name: "DynamicJump_valueUnderflow"
INFO:ethcore::json_tests::executive: name: "msize1"
INFO:ethcore::json_tests::executive: name: "byte1"
INFO:ethcore::json_tests::executive: name: "mstoreMemExp"
INFO:ethcore::json_tests::executive: name: "BlockNumberDynamicJump0_foreverOutOfGas"
ok
   - static_callcodecallcall_ABCB_RECURSIVE2_d0g0v1_Homestead...INFO:ethcore::json_tests::executive: name: "DynamicJumpifInsidePushWithJumpDest"
INFO:ethcore::json_tests::executive: name: "JDfromStorageDynamicJumpifInsidePushWithJumpDest"
INFO:ethcore::json_tests::executive: name: "DynamicJumpPathologicalTest1"
INFO:ethcore::json_tests::executive: name: "jumpifInsidePushWithJumpDest"
INFO:ethcore::json_tests::executive: name: "swapAt52becameMstore"
INFO:ethcore::json_tests::executive: name: "jumpi1"
INFO:ethcore::json_tests::executive: name: "BlockNumberDynamicJumpi1_jumpdest"
INFO:ethcore::json_tests::executive: name: "sstore_underflow"
INFO:ethcore::json_tests::executive: name: "jumpToUintmaxPlus1"
INFO:ethcore::json_tests::executive: name: "msize3"
INFO:ethcore::json_tests::executive: name: "jumpiAfterStop"
INFO:ethcore::json_tests::executive: name: "BlockNumberDynamicJump0_withoutJumpdest"
INFO:ethcore::json_tests::executive: name: "return2"
INFO:ethcore::json_tests::executive: name: "DynamicJumpInsidePushWithJumpDest"
INFO:ethcore::json_tests::executive: name: "jumpi_at_the_end"
INFO:ethcore::json_tests::executive: name: "jumpTo1InstructionafterJump_jumpdestFirstInstruction"
INFO:ethcore::json_tests::executive: name: "DynamicJump0_withoutJumpdest"
INFO:ethcore::json_tests::executive: name: "sstore_load_0"
INFO:ethcore::json_tests::executive: name: "DynamicJumpJD_DependsOnJumps1"
INFO:ethcore::json_tests::executive: name: "DynamicJump0_AfterJumpdest"
INFO:ethcore::json_tests::executive: name: "DynamicJump1"
INFO:ethcore::json_tests::executive: name: "mloadError1"
INFO:ethcore::json_tests::executive: name: "BlockNumberDynamicJump0_jumpdest2"
INFO:ethcore::json_tests::executive: name: "JDfromStorageDynamicJump0_AfterJumpdest"
INFO:ethcore::json_tests::executive: name: "JDfromStorageDynamicJump0_foreverOutOfGas"
INFO:ethcore::json_tests::executive: name: "jumpInsidePushWithJumpDest"
INFO:ethcore::json_tests::executive: name: "pc1"
INFO:ethcore::json_tests::executive: name: "jumpiOutsideBoundary"
INFO:ethcore::json_tests::executive: name: "JDfromStorageDynamicJumpiOutsideBoundary"
INFO:ethcore::json_tests::executive: name: "DynamicJump_value3"
INFO:ethcore::json_tests::executive: name: "DyanmicJump0_outOfBoundary"
INFO:ethcore::json_tests::executive: name: "sstore_load_2"
INFO:ethcore::json_tests::executive: name: "BlockNumberDynamicJumpiAfterStop"
INFO:ethcore::json_tests::executive: name: "BlockNumberDynamicJump0_AfterJumpdest"
INFO:ethcore::json_tests::executive: name: "memory1"
INFO:ethcore::json_tests::executive: name: "DynamicJumpPathologicalTest3"
INFO:ethcore::json_tests::executive: name: "jumpi0"
INFO:ethcore::json_tests::executive: name: "stack_loop"
INFO:ethcore::json_tests::executive: name: "JDfromStorageDynamicJumpi1"
INFO:ethcore::json_tests::executive: name: "DynamicJumpJD_DependsOnJumps0"
INFO:ethcore::json_tests::executive: name: "DynamicJumpInsidePushWithoutJumpDest"
INFO:ethcore::json_tests::executive: name: "JDfromStorageDynamicJumpInsidePushWithoutJumpDest"
INFO:ethcore::json_tests::executive: name: "gas1"
INFO:ethcore::json_tests::executive: name: "JDfromStorageDynamicJump1"
INFO:ethcore::json_tests::executive: name: "jump0_AfterJumpdest"
INFO:ethcore::json_tests::executive: name: "DynamicJump_value2"
INFO:ethcore::json_tests::executive: name: "stackjump1"
INFO:ethcore::json_tests::executive: name: "mloadMemExp"
INFO:ethcore::json_tests::executive: name: "jump0_withoutJumpdest"
INFO:ethcore::json_tests::executive: name: "JDfromStorageDynamicJumpiAfterStop"
INFO:ethcore::json_tests::executive: name: "for_loop2"
ok
test json_tests::executive::ExecutiveTests_vmIOandFlowOperationsTest ... ok
   - ecadd_0-3_1-2_21000_128_d0g1v0_Byzantium...INFO:ethcore::json_tests::executive: name: "log0_emptyMem"
INFO:ethcore::json_tests::executive: name: "log2_nonEmptyMem_logMemSize1"
INFO:ethcore::json_tests::executive: name: "log0_nonEmptyMem"
INFO:ethcore::json_tests::executive: name: "log1_nonEmptyMem_logMemSize1_logMemStart31"
ok
INFO:ethcore::json_tests::executive: name: "log4_logMemsizeTooHigh"
   - static_CheckOpcodes3_d3g0v1_Byzantium...INFO:ethcore::json_tests::executive: name: "log2_MaxTopic"
INFO:ethcore::json_tests::executive: name: "log2_logMemsizeTooHigh"
INFO:ethcore::json_tests::executive: name: "log1_Caller"
INFO:ethcore::json_tests::executive: name: "log1_MaxTopic"
INFO:ethcore::json_tests::executive: name: "log3_logMemsizeTooHigh"
INFO:ethcore::json_tests::executive: name: "log4_MaxTopic"
INFO:ethcore::json_tests::executive: name: "log2_nonEmptyMem"
INFO:ethcore::json_tests::executive: name: "log1_logMemsizeTooHigh"
INFO:ethcore::json_tests::executive: name: "log2_logMemsizeZero"
INFO:ethcore::json_tests::executive: name: "log2_logMemStartTooHigh"
INFO:ethcore::json_tests::executive: name: "log0_logMemStartTooHigh"
INFO:ethcore::json_tests::executive: name: "log4_logMemStartTooHigh"
INFO:ethcore::json_tests::executive: name: "log1_nonEmptyMem"
INFO:ethcore::json_tests::executive: name: "log3_emptyMem"
INFO:ethcore::json_tests::executive: name: "log2_nonEmptyMem_logMemSize1_logMemStart31"
INFO:ethcore::json_tests::executive: name: "log3_nonEmptyMem"
INFO:ethcore::json_tests::executive: name: "log2_Caller"
INFO:ethcore::json_tests::executive: name: "log4_logMemsizeZero"
INFO:ethcore::json_tests::executive: name: "log3_logMemsizeZero"
INFO:ethcore::json_tests::executive: name: "log3_MaxTopic"
INFO:ethcore::json_tests::executive: name: "log0_nonEmptyMem_logMemSize1_logMemStart31"
INFO:ethcore::json_tests::executive: name: "log4_nonEmptyMem"
INFO:ethcore::json_tests::executive: name: "log1_nonEmptyMem_logMemSize1"
INFO:ethcore::json_tests::executive: name: "log1_logMemsizeZero"
INFO:ethcore::json_tests::executive: name: "log0_nonEmptyMem_logMemSize1"
INFO:ethcore::json_tests::executive: name: "log4_nonEmptyMem_logMemSize1_logMemStart31"
INFO:ethcore::json_tests::executive: name: "log4_Caller"
INFO:ethcore::json_tests::executive: name: "log1_logMemStartTooHigh"
INFO:ethcore::json_tests::executive: name: "log1_emptyMem"
INFO:ethcore::json_tests::executive: name: "log0_logMemsizeTooHigh"
INFO:ethcore::json_tests::executive: name: "log3_nonEmptyMem_logMemSize1_logMemStart31"
INFO:ethcore::json_tests::executive: name: "log3_nonEmptyMem_logMemSize1"
INFO:ethcore::json_tests::executive: name: "log0_logMemsizeZero"
INFO:ethcore::json_tests::executive: name: "log3_logMemStartTooHigh"
INFO:ethcore::json_tests::executive: name: "log4_PC"
INFO:ethcore::json_tests::executive: name: "log3_PC"
INFO:ethcore::json_tests::executive: name: "log4_emptyMem"
INFO:ethcore::json_tests::executive: name: "log3_Caller"
INFO:ethcore::json_tests::executive: name: "log2_emptyMem"
INFO:ethcore::json_tests::executive: name: "log4_nonEmptyMem_logMemSize1"
INFO:ethcore::json_tests::executive: name: "log_2logs"
test json_tests::executive::ExecutiveTests_vmLogTest ... ok
INFO:ethcore::json_tests::executive: name: "push32"
INFO:ethcore::json_tests::executive: name: "swap2error"
INFO:ethcore::json_tests::executive: name: "dup2error"
INFO:ethcore::json_tests::executive: name: "dup11"
INFO:ethcore::json_tests::executive: name: "push17"
INFO:ethcore::json_tests::executive: name: "swap15"
INFO:ethcore::json_tests::executive: name: "push2"
INFO:ethcore::json_tests::executive: name: "push19"
INFO:ethcore::json_tests::executive: name: "push20"
INFO:ethcore::json_tests::executive: name: "push28"
INFO:ethcore::json_tests::executive: name: "dup9"
INFO:ethcore::json_tests::executive: name: "push30"
INFO:ethcore::json_tests::executive: name: "swap1"
INFO:ethcore::json_tests::executive: name: "swap14"
INFO:ethcore::json_tests::executive: name: "push7"
INFO:ethcore::json_tests::executive: name: "push10"
INFO:ethcore::json_tests::executive: name: "push26"
INFO:ethcore::json_tests::executive: name: "push11"
INFO:ethcore::json_tests::executive: name: "push32Undefined3"
INFO:ethcore::json_tests::executive: name: "push8"
INFO:ethcore::json_tests::executive: name: "dup13"
INFO:ethcore::json_tests::executive: name: "push12"
INFO:ethcore::json_tests::executive: name: "push32Undefined2"
INFO:ethcore::json_tests::executive: name: "swap2"
INFO:ethcore::json_tests::executive: name: "dup3"
INFO:ethcore::json_tests::executive: name: "push3"
INFO:ethcore::json_tests::executive: name: "push23"
INFO:ethcore::json_tests::executive: name: "swapjump1"
INFO:ethcore::json_tests::executive: name: "swap16"
ok
   - static_CheckOpcodes3_d3g0v1_EIP150...INFO:ethcore::json_tests::executive: name: "push24"
INFO:ethcore::json_tests::executive: name: "dup6"
INFO:ethcore::json_tests::executive: name: "swap11"
INFO:ethcore::json_tests::executive: name: "swap8"
ok
   - ecadd_0-3_1-2_21000_128_d0g1v0_EIP150...INFO:ethcore::json_tests::executive: name: "push22"
INFO:ethcore::json_tests::executive: name: "swap4"
INFO:ethcore::json_tests::executive: name: "push14"
INFO:ethcore::json_tests::executive: name: "dup12"
INFO:ethcore::json_tests::executive: name: "push16"
INFO:ethcore::json_tests::executive: name: "swap3"
INFO:ethcore::json_tests::executive: name: "push31"
INFO:ethcore::json_tests::executive: name: "dup15"
INFO:ethcore::json_tests::executive: name: "push27"
INFO:ethcore::json_tests::executive: name: "push6"
INFO:ethcore::json_tests::executive: name: "dup7"
INFO:ethcore::json_tests::executive: name: "swap13"
INFO:ethcore::json_tests::executive: name: "push32AndSuicide"
INFO:ethcore::json_tests::executive: name: "push25"
INFO:ethcore::json_tests::executive: name: "dup10"
INFO:ethcore::json_tests::executive: name: "dup1"
INFO:ethcore::json_tests::executive: name: "swap5"
INFO:ethcore::json_tests::executive: name: "push4"
INFO:ethcore::json_tests::executive: name: "swap12"
INFO:ethcore::json_tests::executive: name: "dup8"
INFO:ethcore::json_tests::executive: name: "dup4"
INFO:ethcore::json_tests::executive: name: "dup16"
INFO:ethcore::json_tests::executive: name: "swap7"
INFO:ethcore::json_tests::executive: name: "swap6"
INFO:ethcore::json_tests::executive: name: "dup14"
INFO:ethcore::json_tests::executive: name: "push9"
INFO:ethcore::json_tests::executive: name: "push29"
INFO:ethcore::json_tests::executive: name: "push32Undefined"
INFO:ethcore::json_tests::executive: name: "push21"
INFO:ethcore::json_tests::executive: name: "push15"
INFO:ethcore::json_tests::executive: name: "push1"
INFO:ethcore::json_tests::executive: name: "swap9"
INFO:ethcore::json_tests::executive: name: "push5"
INFO:ethcore::json_tests::executive: name: "push1_missingStack"
INFO:ethcore::json_tests::executive: name: "swap10"
INFO:ethcore::json_tests::executive: name: "push13"
INFO:ethcore::json_tests::executive: name: "push33"
INFO:ethcore::json_tests::executive: name: "dup5"
INFO:ethcore::json_tests::executive: name: "push18"
INFO:ethcore::json_tests::executive: name: "push32FillUpInputWithZerosAtTheEnd"
INFO:ethcore::json_tests::executive: name: "dup2"
test json_tests::executive::ExecutiveTests_vmPushDupSwapTest ... ok
INFO:ethcore::json_tests::executive: name: "201503110226PYTHON_DUP6"
INFO:ethcore::json_tests::executive: name: "201503110050PYTHON"
INFO:ethcore::json_tests::executive: name: "201503110526PYTHON"
INFO:ethcore::json_tests::executive: name: "201503110219PYTHON"
ok
INFO:ethcore::json_tests::executive: name: "201503110346PYTHON_PUSH24"
INFO:ethcore::json_tests::executive: name: "201503102300PYTHON"
   - ecadd_0-3_1-2_21000_128_d0g1v0_EIP158...INFO:ethcore::json_tests::executive: name: "201503102320PYTHON"
INFO:ethcore::json_tests::executive: name: "201503110206PYTHON"
INFO:ethcore::json_tests::executive: name: "201503120525PYTHON"
INFO:ethcore::json_tests::executive: name: "201503120317PYTHON"
INFO:ethcore::json_tests::executive: name: "201503120909PYTHON"
INFO:ethcore::json_tests::executive: name: "201503102148PYTHON"
INFO:ethcore::json_tests::executive: name: "201503112218PYTHON"
ok
   - static_CheckOpcodes3_d3g0v1_EIP158...INFO:ethcore::json_tests::executive: name: "201503111844PYTHON"
INFO:ethcore::json_tests::executive: name: "randomVMtest"
INFO:ethcore::json_tests::executive: name: "201503120547PYTHON"
INFO:ethcore::json_tests::executive: name: "201503102037PYTHON"
test json_tests::executive::ExecutiveTests_vmRandomTest ... ok
INFO:ethcore::json_tests::executive: name: "sha3_3"
INFO:ethcore::json_tests::executive: name: "sha3_6"
INFO:ethcore::json_tests::executive: name: "sha3_bigSize"
INFO:ethcore::json_tests::executive: name: "sha3_bigOffset2"
INFO:ethcore::json_tests::executive: name: "sha3_memSizeQuadraticCost64_2"
INFO:ethcore::json_tests::executive: name: "sha3_1"
INFO:ethcore::json_tests::executive: name: "sha3_memSizeQuadraticCost64"
INFO:ethcore::json_tests::executive: name: "sha3_memSizeQuadraticCost63"
INFO:ethcore::json_tests::executive: name: "sha3_5"
INFO:ethcore::json_tests::executive: name: "sha3_0"
INFO:ethcore::json_tests::executive: name: "sha3_2"
INFO:ethcore::json_tests::executive: name: "sha3_memSizeQuadraticCost32_zeroSize"
INFO:ethcore::json_tests::executive: name: "sha3_bigOffset"
INFO:ethcore::json_tests::executive: name: "sha3_memSizeQuadraticCost32"
INFO:ethcore::json_tests::executive: name: "sha3_memSizeQuadraticCost65"
INFO:ethcore::json_tests::executive: name: "sha3_memSizeQuadraticCost33"
INFO:ethcore::json_tests::executive: name: "sha3_4"
INFO:ethcore::json_tests::executive: name: "sha3_memSizeNoQuadraticCost31"
test json_tests::executive::ExecutiveTests_vmSha3Test ... ok
INFO:ethcore::json_tests::executive: name: "CallToNameRegistratorNotMuchMemory0"
INFO:ethcore::json_tests::executive: name: "return1"
INFO:ethcore::json_tests::executive: name: "createNameRegistratorValueTooHigh"
INFO:ethcore::json_tests::executive: name: "ABAcallsSuicide0"
INFO:ethcore::json_tests::executive: name: "suicideSendEtherToMe"
INFO:ethcore::json_tests::executive: name: "CallRecursiveBomb2"
INFO:ethcore::json_tests::executive: name: "callcodeToReturn1"
INFO:ethcore::json_tests::executive: name: "ABAcalls0"
INFO:ethcore::json_tests::executive: name: "CallToPrecompiledContract"
INFO:ethcore::json_tests::executive: name: "createNameRegistratorOutOfMemoryBonds0"
ok
   - static_CheckOpcodes3_d3g0v1_Frontier...INFO:ethcore::json_tests::executive: name: "CallRecursiveBomb0"
INFO:ethcore::json_tests::executive: name: "callstatelessToNameRegistrator0"
INFO:ethcore::json_tests::executive: name: "CallToNameRegistratorTooMuchMemory2"
INFO:ethcore::json_tests::executive: name: "PostToReturn1"
INFO:ethcore::json_tests::executive: name: "TestNameRegistrator"
INFO:ethcore::json_tests::executive: name: "CallToNameRegistratorTooMuchMemory1"
INFO:ethcore::json_tests::executive: name: "CallToNameRegistratorOutOfGas"
INFO:ethcore::json_tests::executive: name: "ABAcallsSuicide1"
INFO:ethcore::json_tests::executive: name: "CallToNameRegistratorNotMuchMemory1"
INFO:ethcore::json_tests::executive: name: "PostToNameRegistrator0"
INFO:ethcore::json_tests::executive: name: "CallToNameRegistrator0"
INFO:ethcore::json_tests::executive: name: "callcodeToNameRegistrator0"
INFO:ethcore::json_tests::executive: name: "suicide0"
INFO:ethcore::json_tests::executive: name: "createNameRegistratorOutOfMemoryBonds1"
INFO:ethcore::json_tests::executive: name: "CallToReturn1"
INFO:ethcore::json_tests::executive: name: "return0"
ok
INFO:ethcore::json_tests::executive: name: "ABAcalls3"
   - ecadd_0-3_1-2_21000_128_d0g1v0_Frontier...INFO:ethcore::json_tests::executive: name: "createNameRegistrator"
INFO:ethcore::json_tests::executive: name: "ABAcalls1"
INFO:ethcore::json_tests::executive: name: "CallToNameRegistratorTooMuchMemory0"
INFO:ethcore::json_tests::executive: name: "return2"
INFO:ethcore::json_tests::executive: name: "suicideNotExistingAccount"
INFO:ethcore::json_tests::executive: name: "callstatelessToReturn1"
INFO:ethcore::json_tests::executive: name: "CallRecursiveBomb3"
INFO:ethcore::json_tests::executive: name: "ABAcalls2"
INFO:ethcore::json_tests::executive: name: "CallRecursiveBomb1"
test json_tests::executive::ExecutiveTests_vmSystemOperationsTest ... ok
INFO:ethcore::json_tests::executive: name: "arith"
INFO:ethcore::json_tests::executive: name: "suicide"
INFO:ethcore::json_tests::executive: name: "boolean"
INFO:ethcore::json_tests::executive: name: "mktx"
test json_tests::executive::ExecutiveTests_vmTests ... ok
ok
   - static_CheckOpcodes3_d3g0v1_Homestead...ok
   - ecadd_0-3_1-2_21000_128_d0g1v0_Homestead...   - ContractCreationSpam | EIP150 (1/1) ... ok
   - ContractCreationSpam | EIP158 (1/1) ... ok
ok
   - static_callcallcodecallcode_011_OOGMBefore_d1g0v0_Byzantium...ok
   - pairingTest_d5g1v0_Byzantium...ok
   - static_callcallcodecallcode_011_OOGMBefore_d1g0v0_EIP150...ok
   - pairingTest_d5g1v0_EIP150...ok
   - static_callcallcodecallcode_011_OOGMBefore_d1g0v0_EIP158...ok
   - pairingTest_d5g1v0_EIP158...ok
   - static_callcallcodecallcode_011_OOGMBefore_d1g0v0_Frontier...ok
   - pairingTest_d5g1v0_Frontier...ok
   - static_callcallcodecallcode_011_OOGMBefore_d1g0v0_Homestead...ok
   - pairingTest_d5g1v0_Homestead...ok
   - static_CREATE_ContractSuicideDuringInit_ThenStoreThenReturn_d0g0v0_Byzantium...ok
   - static_CREATE_ContractSuicideDuringInit_ThenStoreThenReturn_d0g0v0_EIP150...ok
   - pointMulAdd2_d26g0v0_Byzantium...   - ContractCreationSpam | Frontier (1/1) ... ok
ok
   - static_CREATE_ContractSuicideDuringInit_ThenStoreThenReturn_d0g0v0_EIP158...ok
   - pointMulAdd2_d26g0v0_EIP150...ok
   - static_CREATE_ContractSuicideDuringInit_ThenStoreThenReturn_d0g0v0_Frontier...ok
   - pointMulAdd2_d26g0v0_EIP158...ok
   - static_CREATE_ContractSuicideDuringInit_ThenStoreThenReturn_d0g0v0_Homestead...ok
   - pointMulAdd2_d26g0v0_Frontier...ok
ok
   - pointMulAdd2_d26g0v0_Homestead...   - static_callcallcallcode_001_d1g0v0_Byzantium...ok
   - ecadd_1145-3932_1145-4651_25000_192_d0g0v0_Byzantium...ok
   - static_callcallcallcode_001_d1g0v0_EIP150...ok
   - ecadd_1145-3932_1145-4651_25000_192_d0g0v0_EIP150...ok
   - static_callcallcallcode_001_d1g0v0_EIP158...ok
   - static_callcallcallcode_001_d1g0v0_Frontier...ok
   - ecadd_1145-3932_1145-4651_25000_192_d0g0v0_EIP158...   - ContractCreationSpam | Homestead (1/1) ... ok
ok
   - static_callcallcallcode_001_d1g0v0_Homestead...   - ContractCreationSpam | Byzantium (1/1) ... ok
   - CrashingTransaction | EIP150 (1/1) ... ok
   - CrashingTransaction | EIP158 (1/1) ... ok
   - CrashingTransaction | Frontier (1/1) ... ok
   - CrashingTransaction | Homestead (1/1) ... ok
   - CrashingTransaction | Byzantium (1/1) ... ok
test json_tests::state::state_tests::GeneralStateTest_stAttackTest ... ok
ok
   - ecadd_1145-3932_1145-4651_25000_192_d0g0v0_Frontier...   - badOpcodes | EIP150 (1/122) ... ok
   - badOpcodes | EIP150 (2/122) ... ok
   - badOpcodes | EIP150 (3/122) ... ok
   - badOpcodes | EIP150 (4/122) ... ok
   - badOpcodes | EIP150 (5/122) ... ok
ok
   - badOpcodes | EIP150 (6/122) ... ok
   - badOpcodes | EIP150 (7/122) ... ok
   - badOpcodes | EIP150 (8/122) ... ok
   - static_CallIdentity_1_nonzeroValue_d0g0v0_Byzantium...   - badOpcodes | EIP150 (9/122) ... ok
   - badOpcodes | EIP150 (10/122) ... ok
   - badOpcodes | EIP150 (11/122) ... ok
   - badOpcodes | EIP150 (12/122) ... ok
   - badOpcodes | EIP150 (13/122) ... ok
   - badOpcodes | EIP150 (14/122) ... ok
   - badOpcodes | EIP150 (15/122) ... ok
   - badOpcodes | EIP150 (16/122) ... ok
   - badOpcodes | EIP150 (17/122) ... ok
   - badOpcodes | EIP150 (18/122) ... ok
   - badOpcodes | EIP150 (19/122) ... ok
   - badOpcodes | EIP150 (20/122) ... ok
   - badOpcodes | EIP150 (21/122) ... ok
   - badOpcodes | EIP150 (22/122) ... ok
   - badOpcodes | EIP150 (23/122) ... ok
   - badOpcodes | EIP150 (24/122) ... ok
   - badOpcodes | EIP150 (25/122) ... ok
   - badOpcodes | EIP150 (26/122) ... ok
   - badOpcodes | EIP150 (27/122) ... ok
   - badOpcodes | EIP150 (28/122) ... ok
   - badOpcodes | EIP150 (29/122) ... ok
   - badOpcodes | EIP150 (30/122) ... ok
   - badOpcodes | EIP150 (31/122) ... ok
   - badOpcodes | EIP150 (32/122) ... ok
   - badOpcodes | EIP150 (33/122) ... ok
   - badOpcodes | EIP150 (34/122) ... ok
   - badOpcodes | EIP150 (35/122) ... ok
   - badOpcodes | EIP150 (36/122) ... ok
   - badOpcodes | EIP150 (37/122) ... ok
   - badOpcodes | EIP150 (38/122) ... ok
   - badOpcodes | EIP150 (39/122) ... ok
   - badOpcodes | EIP150 (40/122) ... ok
   - badOpcodes | EIP150 (41/122) ... ok
   - badOpcodes | EIP150 (42/122) ... ok
   - badOpcodes | EIP150 (43/122) ... ok
   - badOpcodes | EIP150 (44/122) ... ok
   - badOpcodes | EIP150 (45/122) ... ok
   - badOpcodes | EIP150 (46/122) ... ok
   - badOpcodes | EIP150 (47/122) ... ok
   - badOpcodes | EIP150 (48/122) ... ok
   - badOpcodes | EIP150 (49/122) ... ok
   - badOpcodes | EIP150 (50/122) ... ok
   - badOpcodes | EIP150 (51/122) ... ok
   - badOpcodes | EIP150 (52/122) ... ok
   - badOpcodes | EIP150 (53/122) ... ok
   - badOpcodes | EIP150 (54/122) ... ok
   - badOpcodes | EIP150 (55/122) ... ok
   - badOpcodes | EIP150 (56/122) ... ok
   - badOpcodes | EIP150 (57/122) ... ok
   - badOpcodes | EIP150 (58/122) ... ok
ok
   - ecadd_1145-3932_1145-4651_25000_192_d0g0v0_Homestead...   - badOpcodes | EIP150 (59/122) ... ok
   - badOpcodes | EIP150 (60/122) ... ok
   - badOpcodes | EIP150 (61/122) ... ok
   - badOpcodes | EIP150 (62/122) ... ok
   - badOpcodes | EIP150 (63/122) ... ok
   - badOpcodes | EIP150 (64/122) ... ok
   - badOpcodes | EIP150 (65/122) ... ok
   - badOpcodes | EIP150 (66/122) ... ok
   - badOpcodes | EIP150 (67/122) ... ok
   - badOpcodes | EIP150 (68/122) ... ok
   - badOpcodes | EIP150 (69/122) ... ok
   - badOpcodes | EIP150 (70/122) ... ok
   - badOpcodes | EIP150 (71/122) ... ok
   - badOpcodes | EIP150 (72/122) ... ok
   - badOpcodes | EIP150 (73/122) ... ok
   - badOpcodes | EIP150 (74/122) ... ok
   - badOpcodes | EIP150 (75/122) ... ok
   - badOpcodes | EIP150 (76/122) ... ok
   - badOpcodes | EIP150 (77/122) ... ok
   - badOpcodes | EIP150 (78/122) ... ok
   - badOpcodes | EIP150 (79/122) ... ok
   - badOpcodes | EIP150 (80/122) ... ok
   - badOpcodes | EIP150 (81/122) ... ok
   - badOpcodes | EIP150 (82/122) ... ok
   - badOpcodes | EIP150 (83/122) ... ok
   - badOpcodes | EIP150 (84/122) ... ok
   - badOpcodes | EIP150 (85/122) ... ok
   - badOpcodes | EIP150 (86/122) ... ok
   - badOpcodes | EIP150 (87/122) ... ok
   - badOpcodes | EIP150 (88/122) ... ok
   - badOpcodes | EIP150 (89/122) ... ok
   - badOpcodes | EIP150 (90/122) ... ok
   - badOpcodes | EIP150 (91/122) ... ok
   - badOpcodes | EIP150 (92/122) ... ok
   - badOpcodes | EIP150 (93/122) ... ok
   - badOpcodes | EIP150 (94/122) ... ok
   - badOpcodes | EIP150 (95/122) ... ok
   - badOpcodes | EIP150 (96/122) ... ok
   - badOpcodes | EIP150 (97/122) ... ok
   - badOpcodes | EIP150 (98/122) ... ok
   - badOpcodes | EIP150 (99/122) ... ok
ok
   - static_CallIdentity_1_nonzeroValue_d0g0v0_EIP150...   - badOpcodes | EIP150 (100/122) ... ok
   - badOpcodes | EIP150 (101/122) ... ok
   - badOpcodes | EIP150 (102/122) ... ok
   - badOpcodes | EIP150 (103/122) ... ok
   - badOpcodes | EIP150 (104/122) ... ok
   - badOpcodes | EIP150 (105/122) ... ok
   - badOpcodes | EIP150 (106/122) ... ok
   - badOpcodes | EIP150 (107/122) ... ok
   - badOpcodes | EIP150 (108/122) ... ok
   - badOpcodes | EIP150 (109/122) ... ok
   - badOpcodes | EIP150 (110/122) ... ok
   - badOpcodes | EIP150 (111/122) ... ok
   - badOpcodes | EIP150 (112/122) ... ok
   - badOpcodes | EIP150 (113/122) ... ok
   - badOpcodes | EIP150 (114/122) ... ok
   - badOpcodes | EIP150 (115/122) ... ok
   - badOpcodes | EIP150 (116/122) ... ok
   - badOpcodes | EIP150 (117/122) ... ok
   - badOpcodes | EIP150 (118/122) ... ok
   - badOpcodes | EIP150 (119/122) ... ok
   - badOpcodes | EIP150 (120/122) ... ok
   - badOpcodes | EIP150 (121/122) ... ok
   - badOpcodes | EIP150 (122/122) ... ok
   - badOpcodes | EIP158 (1/122) ... ok
   - badOpcodes | EIP158 (2/122) ... ok
   - badOpcodes | EIP158 (3/122) ... ok
   - badOpcodes | EIP158 (4/122) ... ok
   - badOpcodes | EIP158 (5/122) ... ok
   - badOpcodes | EIP158 (6/122) ... ok
   - badOpcodes | EIP158 (7/122) ... ok
   - badOpcodes | EIP158 (8/122) ... ok
   - badOpcodes | EIP158 (9/122) ... ok
   - badOpcodes | EIP158 (10/122) ... ok
   - badOpcodes | EIP158 (11/122) ... ok
   - badOpcodes | EIP158 (12/122) ... ok
   - badOpcodes | EIP158 (13/122) ... ok
   - badOpcodes | EIP158 (14/122) ... ok
   - badOpcodes | EIP158 (15/122) ... ok
   - badOpcodes | EIP158 (16/122) ... ok
   - badOpcodes | EIP158 (17/122) ... ok
   - badOpcodes | EIP158 (18/122) ... ok
   - badOpcodes | EIP158 (19/122) ... ok
   - badOpcodes | EIP158 (20/122) ... ok
   - badOpcodes | EIP158 (21/122) ... ok
   - badOpcodes | EIP158 (22/122) ... ok
   - badOpcodes | EIP158 (23/122) ... ok
ok
   - static_CallIdentity_1_nonzeroValue_d0g0v0_EIP158...   - badOpcodes | EIP158 (24/122) ... ok
   - badOpcodes | EIP158 (25/122) ... ok
   - badOpcodes | EIP158 (26/122) ... ok
   - badOpcodes | EIP158 (27/122) ... ok
   - badOpcodes | EIP158 (28/122) ... ok
   - badOpcodes | EIP158 (29/122) ... ok
   - badOpcodes | EIP158 (30/122) ... ok
   - badOpcodes | EIP158 (31/122) ... ok
   - badOpcodes | EIP158 (32/122) ... ok
   - badOpcodes | EIP158 (33/122) ... ok
   - badOpcodes | EIP158 (34/122) ... ok
ok
   - badOpcodes | EIP158 (35/122) ... ok
   - badOpcodes | EIP158 (36/122) ... ok
   - badOpcodes | EIP158 (37/122) ... ok
   - badOpcodes | EIP158 (38/122) ... ok
   - badOpcodes | EIP158 (39/122) ... ok
   - badOpcodes | EIP158 (40/122) ... ok
   - badOpcodes | EIP158 (41/122) ... ok
   - ecmul_0-3_0_21000_128_d0g2v0_Byzantium...   - badOpcodes | EIP158 (42/122) ... ok
   - badOpcodes | EIP158 (43/122) ... ok
   - badOpcodes | EIP158 (44/122) ... ok
   - badOpcodes | EIP158 (45/122) ... ok
   - badOpcodes | EIP158 (46/122) ... ok
   - badOpcodes | EIP158 (47/122) ... ok
   - badOpcodes | EIP158 (48/122) ... ok
   - badOpcodes | EIP158 (49/122) ... ok
   - badOpcodes | EIP158 (50/122) ... ok
   - badOpcodes | EIP158 (51/122) ... ok
   - badOpcodes | EIP158 (52/122) ... ok
   - badOpcodes | EIP158 (53/122) ... ok
   - badOpcodes | EIP158 (54/122) ... ok
   - badOpcodes | EIP158 (55/122) ... ok
   - badOpcodes | EIP158 (56/122) ... ok
   - badOpcodes | EIP158 (57/122) ... ok
   - badOpcodes | EIP158 (58/122) ... ok
   - badOpcodes | EIP158 (59/122) ... ok
   - badOpcodes | EIP158 (60/122) ... ok
   - badOpcodes | EIP158 (61/122) ... ok
   - badOpcodes | EIP158 (62/122) ... ok
   - badOpcodes | EIP158 (63/122) ... ok
   - badOpcodes | EIP158 (64/122) ... ok
   - badOpcodes | EIP158 (65/122) ... ok
   - badOpcodes | EIP158 (66/122) ... ok
   - badOpcodes | EIP158 (67/122) ... ok
   - badOpcodes | EIP158 (68/122) ... ok
   - badOpcodes | EIP158 (69/122) ... ok
   - badOpcodes | EIP158 (70/122) ... ok
   - badOpcodes | EIP158 (71/122) ... ok
   - badOpcodes | EIP158 (72/122) ... ok
   - badOpcodes | EIP158 (73/122) ... ok
   - badOpcodes | EIP158 (74/122) ... ok
   - badOpcodes | EIP158 (75/122) ... ok
   - badOpcodes | EIP158 (76/122) ... ok
   - badOpcodes | EIP158 (77/122) ... ok
   - badOpcodes | EIP158 (78/122) ... ok
   - badOpcodes | EIP158 (79/122) ... ok
   - badOpcodes | EIP158 (80/122) ... ok
   - badOpcodes | EIP158 (81/122) ... ok
   - badOpcodes | EIP158 (82/122) ... ok
   - badOpcodes | EIP158 (83/122) ... ok
   - badOpcodes | EIP158 (84/122) ... ok
   - badOpcodes | EIP158 (85/122) ... ok
   - badOpcodes | EIP158 (86/122) ... ok
   - badOpcodes | EIP158 (87/122) ... ok
   - badOpcodes | EIP158 (88/122) ... ok
   - badOpcodes | EIP158 (89/122) ... ok
   - badOpcodes | EIP158 (90/122) ... ok
   - badOpcodes | EIP158 (91/122) ... ok
ok
   - static_CallIdentity_1_nonzeroValue_d0g0v0_Frontier...   - badOpcodes | EIP158 (92/122) ... ok
   - badOpcodes | EIP158 (93/122) ... ok
   - badOpcodes | EIP158 (94/122) ... ok
   - badOpcodes | EIP158 (95/122) ... ok
   - badOpcodes | EIP158 (96/122) ... ok
   - badOpcodes | EIP158 (97/122) ... ok
   - badOpcodes | EIP158 (98/122) ... ok
   - badOpcodes | EIP158 (99/122) ... ok
   - badOpcodes | EIP158 (100/122) ... ok
   - badOpcodes | EIP158 (101/122) ... ok
   - badOpcodes | EIP158 (102/122) ... ok
   - badOpcodes | EIP158 (103/122) ... ok
   - badOpcodes | EIP158 (104/122) ... ok
   - badOpcodes | EIP158 (105/122) ... ok
   - badOpcodes | EIP158 (106/122) ... ok
   - badOpcodes | EIP158 (107/122) ... ok
   - badOpcodes | EIP158 (108/122) ... ok
   - badOpcodes | EIP158 (109/122) ... ok
   - badOpcodes | EIP158 (110/122) ... ok
   - badOpcodes | EIP158 (111/122) ... ok
   - badOpcodes | EIP158 (112/122) ... ok
   - badOpcodes | EIP158 (113/122) ... ok
   - badOpcodes | EIP158 (114/122) ... ok
   - badOpcodes | EIP158 (115/122) ... ok
   - badOpcodes | EIP158 (116/122) ... ok
   - badOpcodes | EIP158 (117/122) ... ok
   - badOpcodes | EIP158 (118/122) ... ok
   - badOpcodes | EIP158 (119/122) ... ok
   - badOpcodes | EIP158 (120/122) ... ok
   - badOpcodes | EIP158 (121/122) ... ok
   - badOpcodes | EIP158 (122/122) ... ok
   - badOpcodes | Frontier (1/122) ... ok
   - badOpcodes | Frontier (2/122) ... ok
   - badOpcodes | Frontier (3/122) ... ok
   - badOpcodes | Frontier (4/122) ... ok
   - badOpcodes | Frontier (5/122) ... ok
   - badOpcodes | Frontier (6/122) ... ok
ok
   - ecmul_0-3_0_21000_128_d0g2v0_EIP150...ok
   - walletReorganizeOwners_EIP158...   - badOpcodes | Frontier (7/122) ... ok
   - badOpcodes | Frontier (8/122) ... ok
   - badOpcodes | Frontier (9/122) ... ok
   - badOpcodes | Frontier (10/122) ... ok
   - badOpcodes | Frontier (11/122) ... ok
   - badOpcodes | Frontier (12/122) ... ok
   - badOpcodes | Frontier (13/122) ... ok
   - badOpcodes | Frontier (14/122) ... ok
   - badOpcodes | Frontier (15/122) ... ok
   - badOpcodes | Frontier (16/122) ... ok
   - badOpcodes | Frontier (17/122) ... ok
   - badOpcodes | Frontier (18/122) ... ok
   - badOpcodes | Frontier (19/122) ... ok
   - badOpcodes | Frontier (20/122) ... ok
   - badOpcodes | Frontier (21/122) ... ok
   - badOpcodes | Frontier (22/122) ... ok
   - badOpcodes | Frontier (23/122) ... ok
   - badOpcodes | Frontier (24/122) ... ok
   - badOpcodes | Frontier (25/122) ... ok
   - badOpcodes | Frontier (26/122) ... ok
   - badOpcodes | Frontier (27/122) ... ok
   - badOpcodes | Frontier (28/122) ... ok
   - badOpcodes | Frontier (29/122) ... ok
   - badOpcodes | Frontier (30/122) ... ok
   - badOpcodes | Frontier (31/122) ... ok
   - badOpcodes | Frontier (32/122) ... ok
   - badOpcodes | Frontier (33/122) ... ok
   - badOpcodes | Frontier (34/122) ... ok
   - badOpcodes | Frontier (35/122) ... ok
   - badOpcodes | Frontier (36/122) ... ok
   - badOpcodes | Frontier (37/122) ... ok
   - badOpcodes | Frontier (38/122) ... ok
   - badOpcodes | Frontier (39/122) ... ok
   - badOpcodes | Frontier (40/122) ... ok
   - badOpcodes | Frontier (41/122) ... ok
   - badOpcodes | Frontier (42/122) ... ok
   - badOpcodes | Frontier (43/122) ... ok
ok
   - static_CallIdentity_1_nonzeroValue_d0g0v0_Homestead...   - badOpcodes | Frontier (44/122) ... ok
   - badOpcodes | Frontier (45/122) ... ok
   - badOpcodes | Frontier (46/122) ... ok
   - badOpcodes | Frontier (47/122) ... ok
   - badOpcodes | Frontier (48/122) ... ok
   - badOpcodes | Frontier (49/122) ... ok
   - badOpcodes | Frontier (50/122) ... ok
   - badOpcodes | Frontier (51/122) ... ok
   - badOpcodes | Frontier (52/122) ... ok
   - badOpcodes | Frontier (53/122) ... ok
   - badOpcodes | Frontier (54/122) ... ok
   - badOpcodes | Frontier (55/122) ... ok
   - badOpcodes | Frontier (56/122) ... ok
   - badOpcodes | Frontier (57/122) ... ok
   - badOpcodes | Frontier (58/122) ... ok
   - badOpcodes | Frontier (59/122) ... ok
   - badOpcodes | Frontier (60/122) ... ok
   - badOpcodes | Frontier (61/122) ... ok
   - badOpcodes | Frontier (62/122) ... ok
   - badOpcodes | Frontier (63/122) ... ok
   - badOpcodes | Frontier (64/122) ... ok
   - badOpcodes | Frontier (65/122) ... ok
   - badOpcodes | Frontier (66/122) ... ok
   - badOpcodes | Frontier (67/122) ... ok
   - badOpcodes | Frontier (68/122) ... ok
   - badOpcodes | Frontier (69/122) ... ok
   - badOpcodes | Frontier (70/122) ... ok
   - badOpcodes | Frontier (71/122) ... ok
   - badOpcodes | Frontier (72/122) ... ok
   - badOpcodes | Frontier (73/122) ... ok
   - badOpcodes | Frontier (74/122) ... ok
   - badOpcodes | Frontier (75/122) ... ok
ok
   - ecmul_0-3_0_21000_128_d0g2v0_EIP158...   - badOpcodes | Frontier (76/122) ... ok
   - badOpcodes | Frontier (77/122) ... ok
   - badOpcodes | Frontier (78/122) ... ok
   - badOpcodes | Frontier (79/122) ... ok
   - badOpcodes | Frontier (80/122) ... ok
   - badOpcodes | Frontier (81/122) ... ok
   - badOpcodes | Frontier (82/122) ... ok
   - badOpcodes | Frontier (83/122) ... ok
   - badOpcodes | Frontier (84/122) ... ok
   - badOpcodes | Frontier (85/122) ... ok
   - badOpcodes | Frontier (86/122) ... ok
   - badOpcodes | Frontier (87/122) ... ok
   - badOpcodes | Frontier (88/122) ... ok
   - badOpcodes | Frontier (89/122) ... ok
   - badOpcodes | Frontier (90/122) ... ok
   - badOpcodes | Frontier (91/122) ... ok
   - badOpcodes | Frontier (92/122) ... ok
   - badOpcodes | Frontier (93/122) ... ok
   - badOpcodes | Frontier (94/122) ... ok
   - badOpcodes | Frontier (95/122) ... ok
   - badOpcodes | Frontier (96/122) ... ok
   - badOpcodes | Frontier (97/122) ... ok
   - badOpcodes | Frontier (98/122) ... ok
   - badOpcodes | Frontier (99/122) ... ok
   - badOpcodes | Frontier (100/122) ... ok
   - badOpcodes | Frontier (101/122) ... ok
   - badOpcodes | Frontier (102/122) ... ok
   - badOpcodes | Frontier (103/122) ... ok
   - badOpcodes | Frontier (104/122) ... ok
   - badOpcodes | Frontier (105/122) ... ok
   - badOpcodes | Frontier (106/122) ... ok
   - badOpcodes | Frontier (107/122) ... ok
   - badOpcodes | Frontier (108/122) ... ok
   - badOpcodes | Frontier (109/122) ... ok
   - badOpcodes | Frontier (110/122) ... ok
   - badOpcodes | Frontier (111/122) ... ok
   - badOpcodes | Frontier (112/122) ... ok
   - badOpcodes | Frontier (113/122) ... ok
   - badOpcodes | Frontier (114/122) ... ok
   - badOpcodes | Frontier (115/122) ... ok
   - badOpcodes | Frontier (116/122) ... ok
   - badOpcodes | Frontier (117/122) ... ok
   - badOpcodes | Frontier (118/122) ... ok
   - badOpcodes | Frontier (119/122) ... ok
   - badOpcodes | Frontier (120/122) ... ok
   - badOpcodes | Frontier (121/122) ... ok
   - badOpcodes | Frontier (122/122) ... ok
   - badOpcodes | Homestead (1/122) ... ok
   - badOpcodes | Homestead (2/122) ... ok
   - badOpcodes | Homestead (3/122) ... ok
   - badOpcodes | Homestead (4/122) ... ok
   - badOpcodes | Homestead (5/122) ... ok
   - badOpcodes | Homestead (6/122) ... ok
   - badOpcodes | Homestead (7/122) ... ok
   - badOpcodes | Homestead (8/122) ... ok
   - badOpcodes | Homestead (9/122) ... ok
   - badOpcodes | Homestead (10/122) ... ok
   - badOpcodes | Homestead (11/122) ... ok
   - badOpcodes | Homestead (12/122) ... ok
   - badOpcodes | Homestead (13/122) ... ok
   - badOpcodes | Homestead (14/122) ... ok
   - badOpcodes | Homestead (15/122) ... ok
   - badOpcodes | Homestead (16/122) ... ok
   - badOpcodes | Homestead (17/122) ... ok
   - badOpcodes | Homestead (18/122) ... ok
   - badOpcodes | Homestead (19/122) ... ok
   - badOpcodes | Homestead (20/122) ... ok
   - badOpcodes | Homestead (21/122) ... ok
   - badOpcodes | Homestead (22/122) ... ok
   - badOpcodes | Homestead (23/122) ... ok
ok
   - badOpcodes | Homestead (24/122) ... ok
   - badOpcodes | Homestead (25/122) ... ok
   - badOpcodes | Homestead (26/122) ... ok
   - static_callcodecallcodecall_110_OOGMBefore2_d0g0v2_Byzantium...   - badOpcodes | Homestead (27/122) ... ok
   - badOpcodes | Homestead (28/122) ... ok
   - badOpcodes | Homestead (29/122) ... ok
   - badOpcodes | Homestead (30/122) ... ok
   - badOpcodes | Homestead (31/122) ... ok
   - badOpcodes | Homestead (32/122) ... ok
   - badOpcodes | Homestead (33/122) ... ok
   - badOpcodes | Homestead (34/122) ... ok
   - badOpcodes | Homestead (35/122) ... ok
   - badOpcodes | Homestead (36/122) ... ok
   - badOpcodes | Homestead (37/122) ... ok
   - badOpcodes | Homestead (38/122) ... ok
   - badOpcodes | Homestead (39/122) ... ok
   - badOpcodes | Homestead (40/122) ... ok
ok
   - ecmul_0-3_0_21000_128_d0g2v0_Frontier...   - badOpcodes | Homestead (41/122) ... ok
   - badOpcodes | Homestead (42/122) ... ok
   - badOpcodes | Homestead (43/122) ... ok
   - badOpcodes | Homestead (44/122) ... ok
   - badOpcodes | Homestead (45/122) ... ok
   - badOpcodes | Homestead (46/122) ... ok
   - badOpcodes | Homestead (47/122) ... ok
   - badOpcodes | Homestead (48/122) ... ok
   - badOpcodes | Homestead (49/122) ... ok
   - badOpcodes | Homestead (50/122) ... ok
   - badOpcodes | Homestead (51/122) ... ok
   - badOpcodes | Homestead (52/122) ... ok
   - badOpcodes | Homestead (53/122) ... ok
   - badOpcodes | Homestead (54/122) ... ok
   - badOpcodes | Homestead (55/122) ... ok
   - badOpcodes | Homestead (56/122) ... ok
   - badOpcodes | Homestead (57/122) ... ok
   - badOpcodes | Homestead (58/122) ... ok
   - badOpcodes | Homestead (59/122) ... ok
   - badOpcodes | Homestead (60/122) ... ok
   - badOpcodes | Homestead (61/122) ... ok
   - badOpcodes | Homestead (62/122) ... ok
   - badOpcodes | Homestead (63/122) ... ok
   - badOpcodes | Homestead (64/122) ... ok
   - badOpcodes | Homestead (65/122) ... ok
   - badOpcodes | Homestead (66/122) ... ok
   - badOpcodes | Homestead (67/122) ... ok
   - badOpcodes | Homestead (68/122) ... ok
   - badOpcodes | Homestead (69/122) ... ok
   - badOpcodes | Homestead (70/122) ... ok
   - badOpcodes | Homestead (71/122) ... ok
   - badOpcodes | Homestead (72/122) ... ok
   - badOpcodes | Homestead (73/122) ... ok
   - badOpcodes | Homestead (74/122) ... ok
   - badOpcodes | Homestead (75/122) ... ok
   - badOpcodes | Homestead (76/122) ... ok
   - badOpcodes | Homestead (77/122) ... ok
   - badOpcodes | Homestead (78/122) ... ok
   - badOpcodes | Homestead (79/122) ... ok
   - badOpcodes | Homestead (80/122) ... ok
   - badOpcodes | Homestead (81/122) ... ok
   - badOpcodes | Homestead (82/122) ... ok
   - badOpcodes | Homestead (83/122) ... ok
   - badOpcodes | Homestead (84/122) ... ok
   - badOpcodes | Homestead (85/122) ... ok
   - badOpcodes | Homestead (86/122) ... ok
   - badOpcodes | Homestead (87/122) ... ok
   - badOpcodes | Homestead (88/122) ... ok
   - badOpcodes | Homestead (89/122) ... ok
   - badOpcodes | Homestead (90/122) ... ok
   - badOpcodes | Homestead (91/122) ... ok
   - badOpcodes | Homestead (92/122) ... ok
   - badOpcodes | Homestead (93/122) ... ok
   - badOpcodes | Homestead (94/122) ... ok
   - badOpcodes | Homestead (95/122) ... ok
   - badOpcodes | Homestead (96/122) ... ok
ok
   - ecmul_0-3_0_21000_128_d0g2v0_Homestead...   - badOpcodes | Homestead (97/122) ... ok
   - badOpcodes | Homestead (98/122) ... ok
   - badOpcodes | Homestead (99/122) ... ok
   - badOpcodes | Homestead (100/122) ... ok
   - badOpcodes | Homestead (101/122) ... ok
   - badOpcodes | Homestead (102/122) ... ok
   - badOpcodes | Homestead (103/122) ... ok
   - badOpcodes | Homestead (104/122) ... ok
   - badOpcodes | Homestead (105/122) ... ok
   - badOpcodes | Homestead (106/122) ... ok
   - badOpcodes | Homestead (107/122) ... ok
ok
   - static_callcodecallcodecall_110_OOGMBefore2_d0g0v2_EIP150...   - badOpcodes | Homestead (108/122) ... ok
   - badOpcodes | Homestead (109/122) ... ok
   - badOpcodes | Homestead (110/122) ... ok
   - badOpcodes | Homestead (111/122) ... ok
   - badOpcodes | Homestead (112/122) ... ok
   - badOpcodes | Homestead (113/122) ... ok
   - badOpcodes | Homestead (114/122) ... ok
   - badOpcodes | Homestead (115/122) ... ok
   - badOpcodes | Homestead (116/122) ... ok
   - badOpcodes | Homestead (117/122) ... ok
   - badOpcodes | Homestead (118/122) ... ok
   - badOpcodes | Homestead (119/122) ... ok
   - badOpcodes | Homestead (120/122) ... ok
   - badOpcodes | Homestead (121/122) ... ok
   - badOpcodes | Homestead (122/122) ... ok
   - badOpcodes | Byzantium (1/122) ... ok
   - badOpcodes | Byzantium (2/122) ... ok
   - badOpcodes | Byzantium (3/122) ... ok
   - badOpcodes | Byzantium (4/122) ... ok
   - badOpcodes | Byzantium (5/122) ... ok
   - badOpcodes | Byzantium (6/122) ... ok
   - badOpcodes | Byzantium (7/122) ... ok
   - badOpcodes | Byzantium (8/122) ... ok
   - badOpcodes | Byzantium (9/122) ... ok
   - badOpcodes | Byzantium (10/122) ... ok
   - badOpcodes | Byzantium (11/122) ... ok
   - badOpcodes | Byzantium (12/122) ... ok
   - badOpcodes | Byzantium (13/122) ... ok
   - badOpcodes | Byzantium (14/122) ... ok
   - badOpcodes | Byzantium (15/122) ... ok
ok
   - badOpcodes | Byzantium (16/122) ... ok
   - badOpcodes | Byzantium (17/122) ... ok
   - pointMulAdd_d3g3v0_Byzantium...   - badOpcodes | Byzantium (18/122) ... ok
   - badOpcodes | Byzantium (19/122) ... ok
   - badOpcodes | Byzantium (20/122) ... ok
   - badOpcodes | Byzantium (21/122) ... ok
   - badOpcodes | Byzantium (22/122) ... ok
   - badOpcodes | Byzantium (23/122) ... ok
   - badOpcodes | Byzantium (24/122) ... ok
   - badOpcodes | Byzantium (25/122) ... ok
   - badOpcodes | Byzantium (26/122) ... ok
   - badOpcodes | Byzantium (27/122) ... ok
   - badOpcodes | Byzantium (28/122) ... ok
   - badOpcodes | Byzantium (29/122) ... ok
   - badOpcodes | Byzantium (30/122) ... ok
   - badOpcodes | Byzantium (31/122) ... ok
   - badOpcodes | Byzantium (32/122) ... ok
ok
   - static_callcodecallcodecall_110_OOGMBefore2_d0g0v2_EIP158...   - badOpcodes | Byzantium (33/122) ... ok
   - badOpcodes | Byzantium (34/122) ... ok
   - badOpcodes | Byzantium (35/122) ... ok
   - badOpcodes | Byzantium (36/122) ... ok
   - badOpcodes | Byzantium (37/122) ... ok
   - badOpcodes | Byzantium (38/122) ... ok
   - badOpcodes | Byzantium (39/122) ... ok
   - badOpcodes | Byzantium (40/122) ... ok
   - badOpcodes | Byzantium (41/122) ... ok
   - badOpcodes | Byzantium (42/122) ... ok
   - badOpcodes | Byzantium (43/122) ... ok
   - badOpcodes | Byzantium (44/122) ... ok
   - badOpcodes | Byzantium (45/122) ... ok
   - badOpcodes | Byzantium (46/122) ... ok
   - badOpcodes | Byzantium (47/122) ... ok
   - badOpcodes | Byzantium (48/122) ... ok
   - badOpcodes | Byzantium (49/122) ... ok
   - badOpcodes | Byzantium (50/122) ... ok
   - badOpcodes | Byzantium (51/122) ... ok
   - badOpcodes | Byzantium (52/122) ... ok
   - badOpcodes | Byzantium (53/122) ... ok
   - badOpcodes | Byzantium (54/122) ... ok
   - badOpcodes | Byzantium (55/122) ... ok
   - badOpcodes | Byzantium (56/122) ... ok
   - badOpcodes | Byzantium (57/122) ... ok
   - badOpcodes | Byzantium (58/122) ... ok
   - badOpcodes | Byzantium (59/122) ... ok
   - badOpcodes | Byzantium (60/122) ... ok
   - badOpcodes | Byzantium (61/122) ... ok
   - badOpcodes | Byzantium (62/122) ... ok
   - badOpcodes | Byzantium (63/122) ... ok
   - badOpcodes | Byzantium (64/122) ... ok
   - badOpcodes | Byzantium (65/122) ... ok
   - badOpcodes | Byzantium (66/122) ... ok
   - badOpcodes | Byzantium (67/122) ... ok
   - badOpcodes | Byzantium (68/122) ... ok
   - badOpcodes | Byzantium (69/122) ... ok
   - badOpcodes | Byzantium (70/122) ... ok
   - badOpcodes | Byzantium (71/122) ... ok
   - badOpcodes | Byzantium (72/122) ... ok
   - badOpcodes | Byzantium (73/122) ... ok
   - badOpcodes | Byzantium (74/122) ... ok
   - badOpcodes | Byzantium (75/122) ... ok
   - badOpcodes | Byzantium (76/122) ... ok
   - badOpcodes | Byzantium (77/122) ... ok
   - badOpcodes | Byzantium (78/122) ... ok
   - badOpcodes | Byzantium (79/122) ... ok
   - badOpcodes | Byzantium (80/122) ... ok
   - badOpcodes | Byzantium (81/122) ... ok
   - badOpcodes | Byzantium (82/122) ... ok
   - badOpcodes | Byzantium (83/122) ... ok
   - badOpcodes | Byzantium (84/122) ... ok
ok
   - pointMulAdd_d3g3v0_EIP150...   - badOpcodes | Byzantium (85/122) ... ok
   - badOpcodes | Byzantium (86/122) ... ok
   - badOpcodes | Byzantium (87/122) ... ok
   - badOpcodes | Byzantium (88/122) ... ok
   - badOpcodes | Byzantium (89/122) ... ok
   - badOpcodes | Byzantium (90/122) ... ok
   - badOpcodes | Byzantium (91/122) ... ok
   - badOpcodes | Byzantium (92/122) ... ok
   - badOpcodes | Byzantium (93/122) ... ok
   - badOpcodes | Byzantium (94/122) ... ok
   - badOpcodes | Byzantium (95/122) ... ok
   - badOpcodes | Byzantium (96/122) ... ok
   - badOpcodes | Byzantium (97/122) ... ok
   - badOpcodes | Byzantium (98/122) ... ok
   - badOpcodes | Byzantium (99/122) ... ok
   - badOpcodes | Byzantium (100/122) ... ok
   - badOpcodes | Byzantium (101/122) ... ok
   - badOpcodes | Byzantium (102/122) ... ok
   - badOpcodes | Byzantium (103/122) ... ok
ok
   - static_callcodecallcodecall_110_OOGMBefore2_d0g0v2_Frontier...   - badOpcodes | Byzantium (104/122) ... ok
   - badOpcodes | Byzantium (105/122) ... ok
   - badOpcodes | Byzantium (106/122) ... ok
   - badOpcodes | Byzantium (107/122) ... ok
   - badOpcodes | Byzantium (108/122) ... ok
   - badOpcodes | Byzantium (109/122) ... ok
   - badOpcodes | Byzantium (110/122) ... ok
   - badOpcodes | Byzantium (111/122) ... ok
   - badOpcodes | Byzantium (112/122) ... ok
   - badOpcodes | Byzantium (113/122) ... ok
   - badOpcodes | Byzantium (114/122) ... ok
   - badOpcodes | Byzantium (115/122) ... ok
   - badOpcodes | Byzantium (116/122) ... ok
   - badOpcodes | Byzantium (117/122) ... ok
   - badOpcodes | Byzantium (118/122) ... ok
   - badOpcodes | Byzantium (119/122) ... ok
   - badOpcodes | Byzantium (120/122) ... ok
ok
   - pointMulAdd_d3g3v0_EIP158...   - badOpcodes | Byzantium (121/122) ... ok
   - badOpcodes | Byzantium (122/122) ... ok
test json_tests::state::state_tests::GeneralStateTest_stBadOpcodeTest ... ok
   - callcallcodecallcode_011_SuicideEnd | EIP150 (1/1) ... ok
   - callcallcodecallcode_011_SuicideEnd | EIP158 (1/1) ... ok
   - callcallcodecallcode_011_SuicideEnd | Frontier (1/1) ... ok
   - callcallcodecallcode_011_SuicideEnd | Homestead (1/1) ... ok
   - callcallcodecallcode_011_SuicideEnd | Byzantium (1/1) ... ok
   - callcodeDynamicCode2SelfCall | EIP150 (1/1) ... ok
   - callcodeDynamicCode2SelfCall | EIP158 (1/1) ... ok
   - callcodeDynamicCode2SelfCall | Frontier (1/1) ... ok
   - callcodeDynamicCode2SelfCall | Homestead (1/1) ... ok
   - callcodeDynamicCode2SelfCall | Byzantium (1/1) ... ok
   - callcall_00_OOGE_valueTransfer | EIP150 (1/2) ... ok
   - callcall_00_OOGE_valueTransfer | EIP150 (2/2) ... ok
   - callcall_00_OOGE_valueTransfer | EIP158 (1/2) ... ok
   - callcall_00_OOGE_valueTransfer | EIP158 (2/2) ... ok
ok
   - static_callcodecallcodecall_110_OOGMBefore2_d0g0v2_Homestead...   - callcall_00_OOGE_valueTransfer | Frontier (1/2) ... ok
   - callcall_00_OOGE_valueTransfer | Frontier (2/2) ... ok
   - callcall_00_OOGE_valueTransfer | Homestead (1/2) ... ok
   - callcall_00_OOGE_valueTransfer | Homestead (2/2) ... ok
   - callcall_00_OOGE_valueTransfer | Byzantium (1/2) ... ok
   - callcall_00_OOGE_valueTransfer | Byzantium (2/2) ... ok
ok
   - pointMulAdd_d3g3v0_Frontier...   - callcodecallcodecallcode_ABCB_RECURSIVE | EIP150 (1/1) ... ok
   - callcodecallcodecallcode_ABCB_RECURSIVE | EIP158 (1/1) ... ok
   - callcodecallcodecallcode_ABCB_RECURSIVE | Frontier (1/1) ... ok
   - callcodecallcodecallcode_ABCB_RECURSIVE | Homestead (1/1) ... ok
   - callcodecallcodecallcode_ABCB_RECURSIVE | Byzantium (1/1) ... ok
   - callcallcode_01_SuicideEnd | EIP150 (1/1) ... ok
   - callcallcode_01_SuicideEnd | EIP158 (1/1) ... ok
   - callcallcode_01_SuicideEnd | Frontier (1/1) ... ok
   - callcallcode_01_SuicideEnd | Homestead (1/1) ... ok
   - callcallcode_01_SuicideEnd | Byzantium (1/1) ... ok
   - callcallcodecallcode_011 | EIP150 (1/1) ... ok
   - callcallcodecallcode_011 | EIP158 (1/1) ... ok
   - callcallcodecallcode_011 | Frontier (1/1) ... ok
   - callcallcodecallcode_011 | Homestead (1/1) ... ok
   - callcallcodecallcode_011 | Byzantium (1/1) ... ok
   - callcallcodecallcode_011_OOGMBefore | EIP150 (1/1) ... ok
   - callcallcodecallcode_011_OOGMBefore | EIP158 (1/1) ... ok
   - callcallcodecallcode_011_OOGMBefore | Frontier (1/1) ... ok
   - callcallcodecallcode_011_OOGMBefore | Homestead (1/1) ... ok
   - callcallcodecallcode_011_OOGMBefore | Byzantium (1/1) ... ok
   - callcodecallcodecallcode_111 | EIP150 (1/1) ... ok
   - callcodecallcodecallcode_111 | EIP158 (1/1) ... ok
   - callcodecallcodecallcode_111 | Frontier (1/1) ... ok
   - callcodecallcodecallcode_111 | Homestead (1/1) ... ok
   - callcodecallcodecallcode_111 | Byzantium (1/1) ... ok
   - callcodecallcodecallcode_111_SuicideEnd | EIP150 (1/1) ... ok
   - callcodecallcodecallcode_111_SuicideEnd | EIP158 (1/1) ... ok
   - callcodecallcodecallcode_111_SuicideEnd | Frontier (1/1) ... ok
   - callcodecallcodecallcode_111_SuicideEnd | Homestead (1/1) ... ok
   - callcodecallcodecallcode_111_SuicideEnd | Byzantium (1/1) ... ok
ok
   - callcodecallcallcode_101_SuicideMiddle | EIP150 (1/1) ... ok
   - static_Call1024PreCalls3_d0g0v0_Byzantium...   - callcodecallcallcode_101_SuicideMiddle | EIP158 (1/1) ... ok
   - callcodecallcallcode_101_SuicideMiddle | Frontier (1/1) ... ok
   - callcodecallcallcode_101_SuicideMiddle | Homestead (1/1) ... ok
   - callcodecallcallcode_101_SuicideMiddle | Byzantium (1/1) ... ok
   - callcallcallcode_001_OOGMAfter | EIP150 (1/1) ... ok
   - callcallcallcode_001_OOGMAfter | EIP158 (1/1) ... ok
   - callcallcallcode_001_OOGMAfter | Frontier (1/1) ... ok
   - callcallcallcode_001_OOGMAfter | Homestead (1/1) ... ok
   - callcallcallcode_001_OOGMAfter | Byzantium (1/1) ... ok
ok
   - pointMulAdd_d3g3v0_Homestead...   - callcodeInInitcodeToExistingContract | EIP150 (1/1) ... ok
   - callcodeInInitcodeToExistingContract | EIP158 (1/1) ... ok
   - callcodeInInitcodeToExistingContract | Frontier (1/1) ... ok
   - callcodeInInitcodeToExistingContract | Homestead (1/1) ... ok
   - callcodeInInitcodeToExistingContract | Byzantium (1/1) ... ok
   - callcodecallcall_100_OOGMBefore | EIP150 (1/1) ... ok
   - callcodecallcall_100_OOGMBefore | EIP158 (1/1) ... ok
   - callcodecallcall_100_OOGMBefore | Frontier (1/1) ... ok
   - callcodecallcall_100_OOGMBefore | Homestead (1/1) ... ok
   - callcodecallcall_100_OOGMBefore | Byzantium (1/1) ... ok
   - callcodecallcode_11 | EIP150 (1/1) ... ok
   - callcodecallcode_11 | EIP158 (1/1) ... ok
   - callcodecallcode_11 | Frontier (1/1) ... ok
   - callcodecallcode_11 | Homestead (1/1) ... ok
   - callcodecallcode_11 | Byzantium (1/1) ... ok
   - callcodecallcodecallcode_111_OOGMAfter | EIP150 (1/1) ... ok
   - callcodecallcodecallcode_111_OOGMAfter | EIP158 (1/1) ... ok
   - callcodecallcodecallcode_111_OOGMAfter | Frontier (1/1) ... ok
   - callcodecallcodecallcode_111_OOGMAfter | Homestead (1/1) ... ok
ok
   - static_Call1024PreCalls3_d0g0v0_EIP150...   - callcodecallcodecallcode_111_OOGMAfter | Byzantium (1/1) ... ok
   - callcallcodecall_ABCB_RECURSIVE | EIP150 (1/1) ... ok
ok
   - pointAddTrunc_d1g0v0_Byzantium...   - callcallcodecall_ABCB_RECURSIVE | EIP158 (1/1) ... ok
   - callcallcodecall_ABCB_RECURSIVE | Frontier (1/1) ... ok
   - callcallcodecall_ABCB_RECURSIVE | Homestead (1/1) ... ok
   - callcallcodecall_ABCB_RECURSIVE | Byzantium (1/1) ... ok
ok
   - static_Call1024PreCalls3_d0g0v0_EIP158...   - callcodecallcodecall_ABCB_RECURSIVE | EIP150 (1/1) ... ok
   - callcodecallcodecall_ABCB_RECURSIVE | EIP158 (1/1) ... ok
   - callcodecallcodecall_ABCB_RECURSIVE | Frontier (1/1) ... ok
   - callcodecallcodecall_ABCB_RECURSIVE | Homestead (1/1) ... ok
ok
   - pointAddTrunc_d1g0v0_EIP150...   - callcodecallcodecall_ABCB_RECURSIVE | Byzantium (1/1) ... ok
   - callcall_00_SuicideEnd | EIP150 (1/1) ... ok
   - callcall_00_SuicideEnd | EIP158 (1/1) ... ok
   - callcall_00_SuicideEnd | Frontier (1/1) ... ok
   - callcall_00_SuicideEnd | Homestead (1/1) ... ok
   - callcall_00_SuicideEnd | Byzantium (1/1) ... ok
   - callcodecall_10_SuicideEnd | EIP150 (1/1) ... ok
   - callcodecall_10_SuicideEnd | EIP158 (1/1) ... ok
   - callcodecall_10_SuicideEnd | Frontier (1/1) ... ok
   - callcodecall_10_SuicideEnd | Homestead (1/1) ... ok
   - callcodecall_10_SuicideEnd | Byzantium (1/1) ... ok
   - callcodecallcodecallcode_111_SuicideMiddle | EIP150 (1/1) ... ok
   - callcodecallcodecallcode_111_SuicideMiddle | EIP158 (1/1) ... ok
   - callcodecallcodecallcode_111_SuicideMiddle | Frontier (1/1) ... ok
   - callcodecallcodecallcode_111_SuicideMiddle | Homestead (1/1) ... ok
   - callcodecallcodecallcode_111_SuicideMiddle | Byzantium (1/1) ... ok
   - callcodecallcallcode_101_OOGMAfter | EIP150 (1/1) ... ok
   - callcodecallcallcode_101_OOGMAfter | EIP158 (1/1) ... ok
   - callcodecallcallcode_101_OOGMAfter | Frontier (1/1) ... ok
   - callcodecallcallcode_101_OOGMAfter | Homestead (1/1) ... ok
   - callcodecallcallcode_101_OOGMAfter | Byzantium (1/1) ... ok
   - callcodecallcall_100 | EIP150 (1/1) ... ok
ok
   - static_Call1024PreCalls3_d0g0v0_Frontier...   - callcodecallcall_100 | EIP158 (1/1) ... ok
   - callcodecallcall_100 | Frontier (1/1) ... ok
   - callcodecallcall_100 | Homestead (1/1) ... ok
   - callcodecallcall_100 | Byzantium (1/1) ... ok
   - callcallcodecall_010_SuicideEnd | EIP150 (1/1) ... ok
   - callcallcodecall_010_SuicideEnd | EIP158 (1/1) ... ok
ok
   - callcallcodecall_010_SuicideEnd | Frontier (1/1) ... ok
   - pointAddTrunc_d1g0v0_EIP158...   - callcallcodecall_010_SuicideEnd | Homestead (1/1) ... ok
   - callcallcodecall_010_SuicideEnd | Byzantium (1/1) ... ok
   - callcodecallcallcode_101_OOGE | EIP150 (1/1) ... ok
   - callcodecallcallcode_101_OOGE | EIP158 (1/1) ... ok
   - callcodecallcallcode_101_OOGE | Frontier (1/1) ... ok
   - callcodecallcallcode_101_OOGE | Homestead (1/1) ... ok
   - callcodecallcallcode_101_OOGE | Byzantium (1/1) ... ok
   - callcodecallcall_100_OOGE | EIP150 (1/1) ... ok
   - callcodecallcall_100_OOGE | EIP158 (1/1) ... ok
   - callcodecallcall_100_OOGE | Frontier (1/1) ... ok
   - callcodecallcall_100_OOGE | Homestead (1/1) ... ok
   - callcodecallcall_100_OOGE | Byzantium (1/1) ... ok
   - callcodecallcodecall_110_OOGMAfter | EIP150 (1/1) ... ok
   - callcodecallcodecall_110_OOGMAfter | EIP158 (1/1) ... ok
   - callcodecallcodecall_110_OOGMAfter | Frontier (1/1) ... ok
ok
   - static_Call1024PreCalls3_d0g0v0_Homestead...   - callcodecallcodecall_110_OOGMAfter | Homestead (1/1) ... ok
   - callcodecallcodecall_110_OOGMAfter | Byzantium (1/1) ... ok
   - callcodecallcallcode_101_OOGMBefore | EIP150 (1/1) ... ok
   - callcodecallcallcode_101_OOGMBefore | EIP158 (1/1) ... ok
   - callcodecallcallcode_101_OOGMBefore | Frontier (1/1) ... ok
   - callcodecallcallcode_101_OOGMBefore | Homestead (1/1) ... ok
   - callcodecallcallcode_101_OOGMBefore | Byzantium (1/1) ... ok
   - callcallcall_000_SuicideMiddle | EIP150 (1/1) ... ok
   - callcallcall_000_SuicideMiddle | EIP158 (1/1) ... ok
   - callcallcall_000_SuicideMiddle | Frontier (1/1) ... ok
   - callcallcall_000_SuicideMiddle | Homestead (1/1) ... ok
   - callcallcall_000_SuicideMiddle | Byzantium (1/1) ... ok
   - callcodecallcodecall_110_SuicideEnd | EIP150 (1/1) ... ok
   - callcodecallcodecall_110_SuicideEnd | EIP158 (1/1) ... ok
   - callcodecallcodecall_110_SuicideEnd | Frontier (1/1) ... ok
   - callcodecallcodecall_110_SuicideEnd | Homestead (1/1) ... ok
   - callcodecallcodecall_110_SuicideEnd | Byzantium (1/1) ... ok
   - callcallcallcode_001 | EIP150 (1/1) ... ok
   - callcallcallcode_001 | EIP158 (1/1) ... ok
   - callcallcallcode_001 | Frontier (1/1) ... ok
   - callcallcallcode_001 | Homestead (1/1) ... ok
   - callcallcallcode_001 | Byzantium (1/1) ... ok
ok
   - pointAddTrunc_d1g0v0_Frontier...   - callcodecall_10 | EIP150 (1/1) ... ok
   - callcodecall_10 | EIP158 (1/1) ... ok
   - callcodecall_10 | Frontier (1/1) ... ok
   - callcodecall_10 | Homestead (1/1) ... ok
   - callcodecall_10 | Byzantium (1/1) ... ok
   - callcodecallcall_100_SuicideEnd | EIP150 (1/1) ... ok
   - callcodecallcall_100_SuicideEnd | EIP158 (1/1) ... ok
   - callcodecallcall_100_SuicideEnd | Frontier (1/1) ... ok
   - callcodecallcall_100_SuicideEnd | Homestead (1/1) ... ok
ok
   - callcodecallcall_100_SuicideEnd | Byzantium (1/1) ... ok
   - callcodeInInitcodeToExistingContractWithValueTransfer | EIP150 (1/1) ... ok
   - callcodeInInitcodeToExistingContractWithValueTransfer | EIP158 (1/1) ... ok
   - callcodeInInitcodeToExistingContractWithValueTransfer | Frontier (1/1) ... ok
   - callcodeInInitcodeToExistingContractWithValueTransfer | Homestead (1/1) ... ok
   - callcodeInInitcodeToExistingContractWithValueTransfer | Byzantium (1/1) ... ok
   - callcallcall_000_OOGMBefore | EIP150 (1/1) ... ok
   - callcallcall_000_OOGMBefore | EIP158 (1/1) ... ok
   - callcallcall_000_OOGMBefore | Frontier (1/1) ... ok
   - callcallcall_000_OOGMBefore | Homestead (1/1) ... ok
   - callcallcall_000_OOGMBefore | Byzantium (1/1) ... ok
ok
   - pointAddTrunc_d1g0v0_Homestead...   - callcodecallcodecall_110 | EIP150 (1/1) ... ok
   - callcodecallcodecall_110 | EIP158 (1/1) ... ok
   - callcodecallcodecall_110 | Frontier (1/1) ... ok
   - callcodecallcodecall_110 | Homestead (1/1) ... ok
   - callcodecallcodecall_110 | Byzantium (1/1) ... ok
   - callcodeEmptycontract | EIP150 (1/1) ... ok
   - callcodeEmptycontract | EIP158 (1/1) ... ok
   - callcodeEmptycontract | Frontier (1/1) ... ok
   - callcodeEmptycontract | Homestead (1/1) ... ok
   - callcodeEmptycontract | Byzantium (1/1) ... ok
   - callcallcallcode_001_OOGMBefore | EIP150 (1/1) ... ok
   - callcallcallcode_001_OOGMBefore | EIP158 (1/1) ... ok
   - callcallcallcode_001_OOGMBefore | Frontier (1/1) ... ok
   - callcallcallcode_001_OOGMBefore | Homestead (1/1) ... ok
   - callcallcallcode_001_OOGMBefore | Byzantium (1/1) ... ok
   - callcodecallcode_11_SuicideEnd | EIP150 (1/1) ... ok
   - callcodecallcode_11_SuicideEnd | EIP158 (1/1) ... ok
   - callcodecallcode_11_SuicideEnd | Frontier (1/1) ... ok
   - callcodecallcode_11_SuicideEnd | Homestead (1/1) ... ok
   - callcodecallcode_11_SuicideEnd | Byzantium (1/1) ... ok
   - callcodecallcallcode_101_SuicideEnd | EIP150 (1/1) ... ok
   - callcodecallcallcode_101_SuicideEnd | EIP158 (1/1) ... ok
   - callcodecallcallcode_101_SuicideEnd | Frontier (1/1) ... ok
   - callcodecallcallcode_101_SuicideEnd | Homestead (1/1) ... ok
   - callcodecallcallcode_101_SuicideEnd | Byzantium (1/1) ... ok
   - call_OOG_additionalGasCosts2 | EIP150 (1/1) ... ok
   - call_OOG_additionalGasCosts2 | EIP158 (1/1) ... ok
   - call_OOG_additionalGasCosts2 | Frontier (1/1) ... ok
   - call_OOG_additionalGasCosts2 | Homestead (1/1) ... ok
   - call_OOG_additionalGasCosts2 | Byzantium (1/1) ... ok
   - callcodecallcodecall_110_SuicideMiddle | EIP150 (1/1) ... ok
   - callcodecallcodecall_110_SuicideMiddle | EIP158 (1/1) ... ok
   - callcodecallcodecall_110_SuicideMiddle | Frontier (1/1) ... ok
   - callcodecallcodecall_110_SuicideMiddle | Homestead (1/1) ... ok
   - callcodecallcodecall_110_SuicideMiddle | Byzantium (1/1) ... ok
   - callcallcodecall_010 | EIP150 (1/1) ... ok
   - callcallcodecall_010 | EIP158 (1/1) ... ok
ok
   - callcallcodecall_010 | Frontier (1/1) ... ok
   - callcallcodecall_010 | Homestead (1/1) ... ok
   - callcallcodecall_010 | Byzantium (1/1) ... ok
   - ecmul_7827-6598_9935_21000_128_d0g3v0_Byzantium...   - callcallcodecallcode_011_OOGMAfter | EIP150 (1/1) ... ok
   - callcallcodecallcode_011_OOGMAfter | EIP158 (1/1) ... ok
   - callcallcodecallcode_011_OOGMAfter | Frontier (1/1) ... ok
   - callcallcodecallcode_011_OOGMAfter | Homestead (1/1) ... ok
   - callcallcodecallcode_011_OOGMAfter | Byzantium (1/1) ... ok
   - callcodecallcodecall_110_OOGMBefore | EIP150 (1/1) ... ok
   - callcodecallcodecall_110_OOGMBefore | EIP158 (1/1) ... ok
   - callcodecallcodecall_110_OOGMBefore | Frontier (1/1) ... ok
   - callcodecallcodecall_110_OOGMBefore | Homestead (1/1) ... ok
   - callcodecallcodecall_110_OOGMBefore | Byzantium (1/1) ... ok
   - callcallcall_000_SuicideEnd | EIP150 (1/1) ... ok
   - callcallcall_000_SuicideEnd | EIP158 (1/1) ... ok
   - callcallcall_000_SuicideEnd | Frontier (1/1) ... ok
   - callcallcall_000_SuicideEnd | Homestead (1/1) ... ok
   - callcallcall_000_SuicideEnd | Byzantium (1/1) ... ok
   - callcallcodecall_010_OOGMAfter | EIP150 (1/1) ... ok
   - callcallcodecall_010_OOGMAfter | EIP158 (1/1) ... ok
   - callcallcodecall_010_OOGMAfter | Frontier (1/1) ... ok
   - callcallcodecall_010_OOGMAfter | Homestead (1/1) ... ok
   - callcallcodecall_010_OOGMAfter | Byzantium (1/1) ... ok
   - callcodeInInitcodeToExisContractWithVTransferNEMoney | EIP150 (1/1) ... ok
   - callcodeInInitcodeToExisContractWithVTransferNEMoney | EIP158 (1/1) ... ok
   - callcodeInInitcodeToExisContractWithVTransferNEMoney | Frontier (1/1) ... ok
   - callcodeInInitcodeToExisContractWithVTransferNEMoney | Homestead (1/1) ... ok
   - callcodeInInitcodeToExisContractWithVTransferNEMoney | Byzantium (1/1) ... ok
   - callcallcallcode_001_SuicideMiddle | EIP150 (1/1) ... ok
   - callcallcallcode_001_SuicideMiddle | EIP158 (1/1) ... ok
   - callcallcallcode_001_SuicideMiddle | Frontier (1/1) ... ok
   - callcallcallcode_001_SuicideMiddle | Homestead (1/1) ... ok
   - callcallcallcode_001_SuicideMiddle | Byzantium (1/1) ... ok
   - callcodeInInitcodeToEmptyContract | EIP150 (1/1) ... ok
ok
   - ecmul_7827-6598_9935_21000_128_d0g3v0_EIP150...   - callcodeInInitcodeToEmptyContract | EIP158 (1/1) ... ok
   - callcodeInInitcodeToEmptyContract | Frontier (1/1) ... ok
   - callcodeInInitcodeToEmptyContract | Homestead (1/1) ... ok
   - callcodeInInitcodeToEmptyContract | Byzantium (1/1) ... ok
   - callcallcode_01_OOGE | EIP150 (1/1) ... ok
   - callcallcode_01_OOGE | EIP158 (1/1) ... ok
   - callcallcode_01_OOGE | Frontier (1/1) ... ok
   - callcallcode_01_OOGE | Homestead (1/1) ... ok
   - callcallcode_01_OOGE | Byzantium (1/1) ... ok
   - callcallcodecallcode_ABCB_RECURSIVE | EIP150 (1/1) ... ok
   - callcallcodecallcode_ABCB_RECURSIVE | EIP158 (1/1) ... ok
   - callcallcodecallcode_ABCB_RECURSIVE | Frontier (1/1) ... ok
   - callcallcodecallcode_ABCB_RECURSIVE | Homestead (1/1) ... ok
   - callcallcodecallcode_ABCB_RECURSIVE | Byzantium (1/1) ... ok
   - callcodecallcodecallcode_111_OOGMBefore | EIP150 (1/1) ... ok
   - static_Call50000bytesContract50_2_d0g0v0_Byzantium...   - callcodecallcodecallcode_111_OOGMBefore | EIP158 (1/1) ... ok
   - callcodecallcodecallcode_111_OOGMBefore | Frontier (1/1) ... ok
   - callcodecallcodecallcode_111_OOGMBefore | Homestead (1/1) ... ok
ok
   - ecmul_7827-6598_9935_21000_128_d0g3v0_EIP158...   - callcodecallcodecallcode_111_OOGMBefore | Byzantium (1/1) ... ok
   - callcallcall_000_OOGE | EIP150 (1/1) ... ok
   - callcallcall_000_OOGE | EIP158 (1/1) ... ok
   - callcallcall_000_OOGE | Frontier (1/1) ... ok
   - callcallcall_000_OOGE | Homestead (1/1) ... ok
   - callcallcall_000_OOGE | Byzantium (1/1) ... ok
   - callcodecallcode_11_OOGE | EIP150 (1/1) ... ok
   - callcodecallcode_11_OOGE | EIP158 (1/1) ... ok
   - callcodecallcode_11_OOGE | Frontier (1/1) ... ok
   - callcodecallcode_11_OOGE | Homestead (1/1) ... ok
   - callcodecallcode_11_OOGE | Byzantium (1/1) ... ok
   - callcallcall_000 | EIP150 (1/1) ... ok
   - callcallcall_000 | EIP158 (1/1) ... ok
   - callcallcall_000 | Frontier (1/1) ... ok
   - callcallcall_000 | Homestead (1/1) ... ok
   - callcallcall_000 | Byzantium (1/1) ... ok
   - call_OOG_additionalGasCosts1 | EIP150 (1/1) ... ok
   - call_OOG_additionalGasCosts1 | EIP158 (1/1) ... ok
   - call_OOG_additionalGasCosts1 | Frontier (1/1) ... ok
   - call_OOG_additionalGasCosts1 | Homestead (1/1) ... ok
   - call_OOG_additionalGasCosts1 | Byzantium (1/1) ... ok
   - callcall_00 | EIP150 (1/1) ... ok
   - callcall_00 | EIP158 (1/1) ... ok
   - callcall_00 | Frontier (1/1) ... ok
   - callcall_00 | Homestead (1/1) ... ok
   - callcall_00 | Byzantium (1/1) ... ok
   - callcallcall_ABCB_RECURSIVE | EIP150 (1/1) ... ok
ok
   - ecmul_7827-6598_9935_21000_128_d0g3v0_Frontier...   - callcallcall_ABCB_RECURSIVE | EIP158 (1/1) ... ok
   - callcallcall_ABCB_RECURSIVE | Frontier (1/1) ... ok
   - callcallcall_ABCB_RECURSIVE | Homestead (1/1) ... ok
   - callcallcall_ABCB_RECURSIVE | Byzantium (1/1) ... ok
   - callcallcodecall_010_OOGMBefore | EIP150 (1/1) ... ok
   - callcallcodecall_010_OOGMBefore | EIP158 (1/1) ... ok
   - callcallcodecall_010_OOGMBefore | Frontier (1/1) ... ok
   - callcallcodecall_010_OOGMBefore | Homestead (1/1) ... ok
   - callcallcodecall_010_OOGMBefore | Byzantium (1/1) ... ok
   - callcodecallcallcode_101 | EIP150 (1/1) ... ok
   - callcodecallcallcode_101 | EIP158 (1/1) ... ok
   - callcodecallcallcode_101 | Frontier (1/1) ... ok
   - callcodecallcallcode_101 | Homestead (1/1) ... ok
ok
   - ecmul_7827-6598_9935_21000_128_d0g3v0_Homestead...   - callcodecallcallcode_101 | Byzantium (1/1) ... ok
   - callcodecallcodecall_110_OOGE | EIP150 (1/1) ... ok
   - callcodecallcodecall_110_OOGE | EIP158 (1/1) ... ok
   - callcodecallcodecall_110_OOGE | Frontier (1/1) ... ok
   - callcodecallcodecall_110_OOGE | Homestead (1/1) ... ok
   - callcodecallcodecall_110_OOGE | Byzantium (1/1) ... ok
   - callcodecallcodecallcode_111_OOGE | EIP150 (1/1) ... ok
   - callcodecallcodecallcode_111_OOGE | EIP158 (1/1) ... ok
   - callcodecallcodecallcode_111_OOGE | Frontier (1/1) ... ok
   - callcodecallcodecallcode_111_OOGE | Homestead (1/1) ... ok
   - callcodecallcodecallcode_111_OOGE | Byzantium (1/1) ... ok
ok
   - static_Call50000bytesContract50_2_d0g0v0_EIP150...ok
   - callcodecallcall_100_OOGMAfter | EIP150 (1/1) ... ok
   - ecpairing_perturb_g2_by_field_modulus_d0g0v0_Byzantium...   - callcodecallcall_100_OOGMAfter | EIP158 (1/1) ... ok
   - callcodecallcall_100_OOGMAfter | Frontier (1/1) ... ok
   - callcodecallcall_100_OOGMAfter | Homestead (1/1) ... ok
   - callcodecallcall_100_OOGMAfter | Byzantium (1/1) ... ok
   - callcallcallcode_ABCB_RECURSIVE | EIP150 (1/1) ... ok
   - callcallcallcode_ABCB_RECURSIVE | EIP158 (1/1) ... ok
   - callcallcallcode_ABCB_RECURSIVE | Frontier (1/1) ... ok
   - callcallcallcode_ABCB_RECURSIVE | Homestead (1/1) ... ok
   - callcallcallcode_ABCB_RECURSIVE | Byzantium (1/1) ... ok
   - callcallcallcode_001_SuicideEnd | EIP150 (1/1) ... ok
   - callcallcallcode_001_SuicideEnd | EIP158 (1/1) ... ok
   - callcallcallcode_001_SuicideEnd | Frontier (1/1) ... ok
   - callcallcallcode_001_SuicideEnd | Homestead (1/1) ... ok
   - callcallcallcode_001_SuicideEnd | Byzantium (1/1) ... ok
   - callcodecall_10_OOGE | EIP150 (1/1) ... ok
   - callcodecall_10_OOGE | EIP158 (1/1) ... ok
   - callcodecall_10_OOGE | Frontier (1/1) ... ok
   - callcodecall_10_OOGE | Homestead (1/1) ... ok
   - callcodecall_10_OOGE | Byzantium (1/1) ... ok
ok
   - ecpairing_perturb_g2_by_field_modulus_d0g0v0_EIP150...ok
   - static_Call50000bytesContract50_2_d0g0v0_EIP158...   - callcodecallcall_ABCB_RECURSIVE | EIP150 (1/1) ... ok
   - callcodecallcall_ABCB_RECURSIVE | EIP158 (1/1) ... ok
ok
ok
   - static_Call50000bytesContract50_2_d0g0v0_Frontier...   - ecpairing_perturb_g2_by_field_modulus_d0g0v0_EIP158...   - callcodecallcall_ABCB_RECURSIVE | Frontier (1/1) ... ok
   - callcodecallcall_ABCB_RECURSIVE | Homestead (1/1) ... ok
   - callcodecallcall_ABCB_RECURSIVE | Byzantium (1/1) ... ok
   - callcallcode_01 | EIP150 (1/1) ... ok
   - callcallcode_01 | EIP158 (1/1) ... ok
   - callcallcode_01 | Frontier (1/1) ... ok
   - callcallcode_01 | Homestead (1/1) ... ok
   - callcallcode_01 | Byzantium (1/1) ... ok
   - callcodecallcallcode_ABCB_RECURSIVE | EIP150 (1/1) ... ok
   - callcodecallcallcode_ABCB_RECURSIVE | EIP158 (1/1) ... ok
   - callcodecallcallcode_ABCB_RECURSIVE | Frontier (1/1) ... ok
   - callcodecallcallcode_ABCB_RECURSIVE | Homestead (1/1) ... ok
ok
   - static_Call50000bytesContract50_2_d0g0v0_Homestead...   - callcodecallcallcode_ABCB_RECURSIVE | Byzantium (1/1) ... ok
   - callcallcodecallcode_011_OOGE | EIP150 (1/1) ... ok
ok
   - ecpairing_perturb_g2_by_field_modulus_d0g0v0_Frontier...   - callcallcodecallcode_011_OOGE | EIP158 (1/1) ... ok
   - callcallcodecallcode_011_OOGE | Frontier (1/1) ... ok
   - callcallcodecallcode_011_OOGE | Homestead (1/1) ... ok
   - callcallcodecallcode_011_OOGE | Byzantium (1/1) ... ok
   - callcallcall_000_OOGMAfter | EIP150 (1/1) ... ok
   - callcallcall_000_OOGMAfter | EIP158 (1/1) ... ok
   - callcallcall_000_OOGMAfter | Frontier (1/1) ... ok
   - callcallcall_000_OOGMAfter | Homestead (1/1) ... ok
   - callcallcall_000_OOGMAfter | Byzantium (1/1) ... ok
   - callcodecallcall_100_SuicideMiddle | EIP150 (1/1) ... ok
   - callcodecallcall_100_SuicideMiddle | EIP158 (1/1) ... ok
   - callcodecallcall_100_SuicideMiddle | Frontier (1/1) ... ok
   - callcodecallcall_100_SuicideMiddle | Homestead (1/1) ... ok
   - callcodecallcall_100_SuicideMiddle | Byzantium (1/1) ... ok
   - callcode_checkPC | EIP150 (1/1) ... ok
   - callcode_checkPC | EIP158 (1/1) ... ok
   - callcode_checkPC | Frontier (1/1) ... ok
   - callcode_checkPC | Homestead (1/1) ... ok
   - callcode_checkPC | Byzantium (1/1) ... ok
   - callcallcodecallcode_011_SuicideMiddle | EIP150 (1/1) ... ok
   - callcallcodecallcode_011_SuicideMiddle | EIP158 (1/1) ... ok
   - callcallcodecallcode_011_SuicideMiddle | Frontier (1/1) ... ok
   - callcallcodecallcode_011_SuicideMiddle | Homestead (1/1) ... ok
   - callcallcodecallcode_011_SuicideMiddle | Byzantium (1/1) ... ok
   - callcallcodecall_010_SuicideMiddle | EIP150 (1/1) ... ok
   - callcallcodecall_010_SuicideMiddle | EIP158 (1/1) ... ok
   - callcallcodecall_010_SuicideMiddle | Frontier (1/1) ... ok
   - callcallcodecall_010_SuicideMiddle | Homestead (1/1) ... ok
   - callcallcodecall_010_SuicideMiddle | Byzantium (1/1) ... ok
   - callcall_00_OOGE | EIP150 (1/1) ... ok
   - callcall_00_OOGE | EIP158 (1/1) ... ok
   - callcall_00_OOGE | Frontier (1/1) ... ok
   - callcall_00_OOGE | Homestead (1/1) ... ok
   - callcall_00_OOGE | Byzantium (1/1) ... ok
   - callcallcallcode_001_OOGE | EIP150 (1/1) ... ok
   - callcallcallcode_001_OOGE | EIP158 (1/1) ... ok
   - callcallcallcode_001_OOGE | Frontier (1/1) ... ok
   - callcallcallcode_001_OOGE | Homestead (1/1) ... ok
   - callcallcallcode_001_OOGE | Byzantium (1/1) ... ok
   - callcodeDynamicCode | EIP150 (1/1) ... ok
   - callcodeDynamicCode | EIP158 (1/1) ... ok
   - callcodeDynamicCode | Frontier (1/1) ... ok
   - callcodeDynamicCode | Homestead (1/1) ... ok
   - callcodeDynamicCode | Byzantium (1/1) ... ok
ok
   - ecpairing_perturb_g2_by_field_modulus_d0g0v0_Homestead...   - callcallcodecall_010_OOGE | EIP150 (1/1) ... ok
   - callcallcodecall_010_OOGE | EIP158 (1/1) ... ok
   - callcallcodecall_010_OOGE | Frontier (1/1) ... ok
   - callcallcodecall_010_OOGE | Homestead (1/1) ... ok
   - callcallcodecall_010_OOGE | Byzantium (1/1) ... ok
test json_tests::state::state_tests::GeneralStateTest_stCallCodes ... ok
   - callcallcodecallcode_011_SuicideEnd | EIP150 (1/1) ... ok
   - callcallcodecallcode_011_SuicideEnd | EIP158 (1/1) ... ok
   - callcallcodecallcode_011_SuicideEnd | Frontier (1/1) ... ok
   - callcallcodecallcode_011_SuicideEnd | Homestead (1/1) ... ok
   - callcallcodecallcode_011_SuicideEnd | Byzantium (1/1) ... ok
ok
   - static_callcallcodecall_010_OOGE_2_d0g0v0_Byzantium...   - callcodecallcodecallcode_ABCB_RECURSIVE | EIP150 (1/1) ... ok
   - callcodecallcodecallcode_ABCB_RECURSIVE | EIP158 (1/1) ... ok
   - callcodecallcodecallcode_ABCB_RECURSIVE | Frontier (1/1) ... ok
   - callcodecallcodecallcode_ABCB_RECURSIVE | Homestead (1/1) ... ok
   - callcodecallcodecallcode_ABCB_RECURSIVE | Byzantium (1/1) ... ok
   - callcallcode_01_SuicideEnd | EIP150 (1/1) ... ok
   - callcallcode_01_SuicideEnd | EIP158 (1/1) ... ok
   - callcallcode_01_SuicideEnd | Frontier (1/1) ... ok
   - callcallcode_01_SuicideEnd | Homestead (1/1) ... ok
ok
   - callcallcode_01_SuicideEnd | Byzantium (1/1) ... ok
   - callcallcodecallcode_011 | EIP150 (1/1) ... ok
   - callcallcodecallcode_011 | EIP158 (1/1) ... ok
   - callcallcodecallcode_011 | Frontier (1/1) ... ok
   - callcallcodecallcode_011 | Homestead (1/1) ... ok
   - ecadd_1-2_1-2_25000_128_d0g2v0_Byzantium...   - callcallcodecallcode_011 | Byzantium (1/1) ... ok
   - callcallcodecallcode_011_OOGMBefore | EIP150 (1/1) ... ok
   - callcallcodecallcode_011_OOGMBefore | EIP158 (1/1) ... ok
   - callcallcodecallcode_011_OOGMBefore | Frontier (1/1) ... ok
   - callcallcodecallcode_011_OOGMBefore | Homestead (1/1) ... ok
   - callcallcodecallcode_011_OOGMBefore | Byzantium (1/1) ... ok
   - callcodecallcodecallcode_111 | EIP150 (1/1) ... ok
   - callcodecallcodecallcode_111 | EIP158 (1/1) ... ok
   - callcodecallcodecallcode_111 | Frontier (1/1) ... ok
   - callcodecallcodecallcode_111 | Homestead (1/1) ... ok
   - callcodecallcodecallcode_111 | Byzantium (1/1) ... ok
   - callcodecallcodecallcode_111_SuicideEnd | EIP150 (1/1) ... ok
   - callcodecallcodecallcode_111_SuicideEnd | EIP158 (1/1) ... ok
   - callcodecallcodecallcode_111_SuicideEnd | Frontier (1/1) ... ok
   - callcodecallcodecallcode_111_SuicideEnd | Homestead (1/1) ... ok
   - callcodecallcodecallcode_111_SuicideEnd | Byzantium (1/1) ... ok
   - callcodecallcallcode_101_SuicideMiddle | EIP150 (1/1) ... ok
   - callcodecallcallcode_101_SuicideMiddle | EIP158 (1/1) ... ok
   - callcodecallcallcode_101_SuicideMiddle | Frontier (1/1) ... ok
   - callcodecallcallcode_101_SuicideMiddle | Homestead (1/1) ... ok
   - callcodecallcallcode_101_SuicideMiddle | Byzantium (1/1) ... ok
   - callcallcallcode_001_OOGMAfter | EIP150 (1/1) ... ok
   - callcallcallcode_001_OOGMAfter | EIP158 (1/1) ... ok
   - callcallcallcode_001_OOGMAfter | Frontier (1/1) ... ok
   - callcallcallcode_001_OOGMAfter | Homestead (1/1) ... ok
   - callcallcallcode_001_OOGMAfter | Byzantium (1/1) ... ok
ok
   - static_callcallcodecall_010_OOGE_2_d0g0v0_EIP150...   - callcodecallcall_100_OOGMBefore | EIP150 (1/1) ... ok
ok
   - ecadd_1-2_1-2_25000_128_d0g2v0_EIP150...   - callcodecallcall_100_OOGMBefore | EIP158 (1/1) ... ok
   - callcodecallcall_100_OOGMBefore | Frontier (1/1) ... ok
   - callcodecallcall_100_OOGMBefore | Homestead (1/1) ... ok
   - callcodecallcall_100_OOGMBefore | Byzantium (1/1) ... ok
   - callcodecallcode_11 | EIP150 (1/1) ... ok
   - callcodecallcode_11 | EIP158 (1/1) ... ok
   - callcodecallcode_11 | Frontier (1/1) ... ok
   - callcodecallcode_11 | Homestead (1/1) ... ok
   - callcodecallcode_11 | Byzantium (1/1) ... ok
   - callcodecallcodecallcode_111_OOGMAfter | EIP150 (1/1) ... ok
   - callcodecallcodecallcode_111_OOGMAfter | EIP158 (1/1) ... ok
   - callcodecallcodecallcode_111_OOGMAfter | Frontier (1/1) ... ok
   - callcodecallcodecallcode_111_OOGMAfter | Homestead (1/1) ... ok
   - callcodecallcodecallcode_111_OOGMAfter | Byzantium (1/1) ... ok
   - callcallcodecall_ABCB_RECURSIVE | EIP150 (1/1) ... ok
   - callcallcodecall_ABCB_RECURSIVE | EIP158 (1/1) ... ok
   - callcallcodecall_ABCB_RECURSIVE | Frontier (1/1) ... ok
   - callcallcodecall_ABCB_RECURSIVE | Homestead (1/1) ... ok
   - callcallcodecall_ABCB_RECURSIVE | Byzantium (1/1) ... ok
   - callcodecallcodecall_ABCB_RECURSIVE | EIP150 (1/1) ... ok
   - callcodecallcodecall_ABCB_RECURSIVE | EIP158 (1/1) ... ok
   - callcodecallcodecall_ABCB_RECURSIVE | Frontier (1/1) ... ok
   - callcodecallcodecall_ABCB_RECURSIVE | Homestead (1/1) ... ok
ok
   - static_callcallcodecall_010_OOGE_2_d0g0v0_EIP158...   - callcodecallcodecall_ABCB_RECURSIVE | Byzantium (1/1) ... ok
   - callcodecall_10_SuicideEnd | EIP150 (1/1) ... ok
   - callcodecall_10_SuicideEnd | EIP158 (1/1) ... ok
   - callcodecall_10_SuicideEnd | Frontier (1/1) ... ok
   - callcodecall_10_SuicideEnd | Homestead (1/1) ... ok
   - callcodecall_10_SuicideEnd | Byzantium (1/1) ... ok
   - callcodecallcodecallcode_111_SuicideMiddle | EIP150 (1/1) ... ok
   - callcodecallcodecallcode_111_SuicideMiddle | EIP158 (1/1) ... ok
   - callcodecallcodecallcode_111_SuicideMiddle | Frontier (1/1) ... ok
   - callcodecallcodecallcode_111_SuicideMiddle | Homestead (1/1) ... ok
   - callcodecallcodecallcode_111_SuicideMiddle | Byzantium (1/1) ... ok
   - callcodecallcallcode_101_OOGMAfter | EIP150 (1/1) ... ok
   - callcodecallcallcode_101_OOGMAfter | EIP158 (1/1) ... ok
   - callcodecallcallcode_101_OOGMAfter | Frontier (1/1) ... ok
   - callcodecallcallcode_101_OOGMAfter | Homestead (1/1) ... ok
   - callcodecallcallcode_101_OOGMAfter | Byzantium (1/1) ... ok
   - callcodecallcall_100 | EIP150 (1/1) ... ok
   - callcodecallcall_100 | EIP158 (1/1) ... ok
   - callcodecallcall_100 | Frontier (1/1) ... ok
   - callcodecallcall_100 | Homestead (1/1) ... ok
   - callcodecallcall_100 | Byzantium (1/1) ... ok
   - callcallcodecall_010_SuicideEnd | EIP150 (1/1) ... ok
   - callcallcodecall_010_SuicideEnd | EIP158 (1/1) ... ok
   - callcallcodecall_010_SuicideEnd | Frontier (1/1) ... ok
   - callcallcodecall_010_SuicideEnd | Homestead (1/1) ... ok
   - callcallcodecall_010_SuicideEnd | Byzantium (1/1) ... ok
   - callcodecallcallcode_101_OOGE | EIP150 (1/1) ... ok
   - callcodecallcallcode_101_OOGE | EIP158 (1/1) ... ok
   - callcodecallcallcode_101_OOGE | Frontier (1/1) ... ok
   - callcodecallcallcode_101_OOGE | Homestead (1/1) ... ok
   - callcodecallcallcode_101_OOGE | Byzantium (1/1) ... ok
   - callcodecallcall_100_OOGE | EIP150 (1/1) ... ok
   - callcodecallcall_100_OOGE | EIP158 (1/1) ... ok
   - callcodecallcall_100_OOGE | Frontier (1/1) ... ok
   - callcodecallcall_100_OOGE | Homestead (1/1) ... ok
ok
   - callcodecallcall_100_OOGE | Byzantium (1/1) ... ok
   - ecadd_1-2_1-2_25000_128_d0g2v0_EIP158...   - callcodecallcodecall_110_OOGMAfter | EIP150 (1/1) ... ok
   - callcodecallcodecall_110_OOGMAfter | EIP158 (1/1) ... ok
   - callcodecallcodecall_110_OOGMAfter | Frontier (1/1) ... ok
   - callcodecallcodecall_110_OOGMAfter | Homestead (1/1) ... ok
   - callcodecallcodecall_110_OOGMAfter | Byzantium (1/1) ... ok
   - callcodecallcallcode_101_OOGMBefore | EIP150 (1/1) ... ok
   - callcodecallcallcode_101_OOGMBefore | EIP158 (1/1) ... ok
   - callcodecallcallcode_101_OOGMBefore | Frontier (1/1) ... ok
   - callcodecallcallcode_101_OOGMBefore | Homestead (1/1) ... ok
   - callcodecallcallcode_101_OOGMBefore | Byzantium (1/1) ... ok
   - callcodecallcodecall_110_SuicideEnd | EIP150 (1/1) ... ok
   - callcodecallcodecall_110_SuicideEnd | EIP158 (1/1) ... ok
   - callcodecallcodecall_110_SuicideEnd | Frontier (1/1) ... ok
   - callcodecallcodecall_110_SuicideEnd | Homestead (1/1) ... ok
   - callcodecallcodecall_110_SuicideEnd | Byzantium (1/1) ... ok
   - callcallcallcode_001 | EIP150 (1/1) ... ok
   - callcallcallcode_001 | EIP158 (1/1) ... ok
   - callcallcallcode_001 | Frontier (1/1) ... ok
ok
   - static_callcallcodecall_010_OOGE_2_d0g0v0_Frontier...   - callcallcallcode_001 | Homestead (1/1) ... ok
   - callcallcallcode_001 | Byzantium (1/1) ... ok
   - callcodecall_10 | EIP150 (1/1) ... ok
   - callcodecall_10 | EIP158 (1/1) ... ok
   - callcodecall_10 | Frontier (1/1) ... ok
   - callcodecall_10 | Homestead (1/1) ... ok
   - callcodecall_10 | Byzantium (1/1) ... ok
   - callcodecallcall_100_SuicideEnd | EIP150 (1/1) ... ok
   - callcodecallcall_100_SuicideEnd | EIP158 (1/1) ... ok
   - callcodecallcall_100_SuicideEnd | Frontier (1/1) ... ok
   - callcodecallcall_100_SuicideEnd | Homestead (1/1) ... ok
   - callcodecallcall_100_SuicideEnd | Byzantium (1/1) ... ok
   - callcodecallcodecall_110 | EIP150 (1/1) ... ok
   - callcodecallcodecall_110 | EIP158 (1/1) ... ok
   - callcodecallcodecall_110 | Frontier (1/1) ... ok
   - callcodecallcodecall_110 | Homestead (1/1) ... ok
   - callcodecallcodecall_110 | Byzantium (1/1) ... ok
   - callcallcallcode_001_OOGMBefore | EIP150 (1/1) ... ok
   - callcallcallcode_001_OOGMBefore | EIP158 (1/1) ... ok
   - callcallcallcode_001_OOGMBefore | Frontier (1/1) ... ok
   - callcallcallcode_001_OOGMBefore | Homestead (1/1) ... ok
   - callcallcallcode_001_OOGMBefore | Byzantium (1/1) ... ok
   - callcodecallcode_11_SuicideEnd | EIP150 (1/1) ... ok
   - callcodecallcode_11_SuicideEnd | EIP158 (1/1) ... ok
   - callcodecallcode_11_SuicideEnd | Frontier (1/1) ... ok
   - callcodecallcode_11_SuicideEnd | Homestead (1/1) ... ok
   - callcodecallcode_11_SuicideEnd | Byzantium (1/1) ... ok
   - callcodecallcallcode_101_SuicideEnd | EIP150 (1/1) ... ok
   - callcodecallcallcode_101_SuicideEnd | EIP158 (1/1) ... ok
   - callcodecallcallcode_101_SuicideEnd | Frontier (1/1) ... ok
   - callcodecallcallcode_101_SuicideEnd | Homestead (1/1) ... ok
   - callcodecallcallcode_101_SuicideEnd | Byzantium (1/1) ... ok
   - callcodecallcodecall_110_SuicideMiddle | EIP150 (1/1) ... ok
   - callcodecallcodecall_110_SuicideMiddle | EIP158 (1/1) ... ok
   - callcodecallcodecall_110_SuicideMiddle | Frontier (1/1) ... ok
   - callcodecallcodecall_110_SuicideMiddle | Homestead (1/1) ... ok
   - callcodecallcodecall_110_SuicideMiddle | Byzantium (1/1) ... ok
   - callcallcodecall_010 | EIP150 (1/1) ... ok
   - callcallcodecall_010 | EIP158 (1/1) ... ok
   - callcallcodecall_010 | Frontier (1/1) ... ok
   - callcallcodecall_010 | Homestead (1/1) ... ok
   - callcallcodecall_010 | Byzantium (1/1) ... ok
   - callcallcodecallcode_011_OOGMAfter | EIP150 (1/1) ... ok
   - callcallcodecallcode_011_OOGMAfter | EIP158 (1/1) ... ok
ok
   - callcallcodecallcode_011_OOGMAfter | Frontier (1/1) ... ok
   - static_callcallcodecall_010_OOGE_2_d0g0v0_Homestead...   - callcallcodecallcode_011_OOGMAfter | Homestead (1/1) ... ok
   - callcallcodecallcode_011_OOGMAfter | Byzantium (1/1) ... ok
   - callcodecallcodecall_110_OOGMBefore | EIP150 (1/1) ... ok
   - callcodecallcodecall_110_OOGMBefore | EIP158 (1/1) ... ok
   - callcodecallcodecall_110_OOGMBefore | Frontier (1/1) ... ok
   - callcodecallcodecall_110_OOGMBefore | Homestead (1/1) ... ok
   - callcodecallcodecall_110_OOGMBefore | Byzantium (1/1) ... ok
   - callcallcodecall_010_OOGMAfter | EIP150 (1/1) ... ok
   - callcallcodecall_010_OOGMAfter | EIP158 (1/1) ... ok
   - callcallcodecall_010_OOGMAfter | Frontier (1/1) ... ok
   - callcallcodecall_010_OOGMAfter | Homestead (1/1) ... ok
   - callcallcodecall_010_OOGMAfter | Byzantium (1/1) ... ok
ok
   - ecadd_1-2_1-2_25000_128_d0g2v0_Frontier...   - callcallcallcode_001_SuicideMiddle | EIP150 (1/1) ... ok
   - callcallcallcode_001_SuicideMiddle | EIP158 (1/1) ... ok
   - callcallcallcode_001_SuicideMiddle | Frontier (1/1) ... ok
   - callcallcallcode_001_SuicideMiddle | Homestead (1/1) ... ok
   - callcallcallcode_001_SuicideMiddle | Byzantium (1/1) ... ok
   - callcallcode_01_OOGE | EIP150 (1/1) ... ok
   - callcallcode_01_OOGE | EIP158 (1/1) ... ok
   - callcallcode_01_OOGE | Frontier (1/1) ... ok
   - callcallcode_01_OOGE | Homestead (1/1) ... ok
   - callcallcode_01_OOGE | Byzantium (1/1) ... ok
   - callcallcodecallcode_ABCB_RECURSIVE | EIP150 (1/1) ... ok
   - callcallcodecallcode_ABCB_RECURSIVE | EIP158 (1/1) ... ok
   - callcallcodecallcode_ABCB_RECURSIVE | Frontier (1/1) ... ok
   - callcallcodecallcode_ABCB_RECURSIVE | Homestead (1/1) ... ok
   - callcallcodecallcode_ABCB_RECURSIVE | Byzantium (1/1) ... ok
   - callcodecallcodecallcode_111_OOGMBefore | EIP150 (1/1) ... ok
   - callcodecallcodecallcode_111_OOGMBefore | EIP158 (1/1) ... ok
   - callcodecallcodecallcode_111_OOGMBefore | Frontier (1/1) ... ok
   - callcodecallcodecallcode_111_OOGMBefore | Homestead (1/1) ... ok
   - callcodecallcodecallcode_111_OOGMBefore | Byzantium (1/1) ... ok
   - callcodecallcode_11_OOGE | EIP150 (1/1) ... ok
   - callcodecallcode_11_OOGE | EIP158 (1/1) ... ok
   - callcodecallcode_11_OOGE | Frontier (1/1) ... ok
   - callcodecallcode_11_OOGE | Homestead (1/1) ... ok
   - callcodecallcode_11_OOGE | Byzantium (1/1) ... ok
   - callcallcodecall_010_OOGMBefore | EIP150 (1/1) ... ok
   - callcallcodecall_010_OOGMBefore | EIP158 (1/1) ... ok
   - callcallcodecall_010_OOGMBefore | Frontier (1/1) ... ok
ok
   - callcallcodecall_010_OOGMBefore | Homestead (1/1) ... ok
   - callcallcodecall_010_OOGMBefore | Byzantium (1/1) ... ok
   - callcodecallcallcode_101 | EIP150 (1/1) ... ok
   - callcodecallcallcode_101 | EIP158 (1/1) ... ok
   - callcodecallcallcode_101 | Frontier (1/1) ... ok
   - callcodecallcallcode_101 | Homestead (1/1) ... ok
   - static_callcodecallcall_100_OOGE_d1g0v0_Byzantium...   - callcodecallcallcode_101 | Byzantium (1/1) ... ok
ok
   - ecadd_1-2_1-2_25000_128_d0g2v0_Homestead...   - callcodecallcodecall_110_OOGE | EIP150 (1/1) ... ok
   - callcodecallcodecall_110_OOGE | EIP158 (1/1) ... ok
   - callcodecallcodecall_110_OOGE | Frontier (1/1) ... ok
   - callcodecallcodecall_110_OOGE | Homestead (1/1) ... ok
   - callcodecallcodecall_110_OOGE | Byzantium (1/1) ... ok
   - callcodecallcodecallcode_111_OOGE | EIP150 (1/1) ... ok
   - callcodecallcodecallcode_111_OOGE | EIP158 (1/1) ... ok
   - callcodecallcodecallcode_111_OOGE | Frontier (1/1) ... ok
   - callcodecallcodecallcode_111_OOGE | Homestead (1/1) ... ok
ok
   - callcodecallcodecallcode_111_OOGE | Byzantium (1/1) ... ok
   - walletReorganizeOwners_Frontier...   - callcodecallcall_100_OOGMAfter | EIP150 (1/1) ... ok
   - callcodecallcall_100_OOGMAfter | EIP158 (1/1) ... ok
   - callcodecallcall_100_OOGMAfter | Frontier (1/1) ... ok
   - callcodecallcall_100_OOGMAfter | Homestead (1/1) ... ok
   - callcodecallcall_100_OOGMAfter | Byzantium (1/1) ... ok
   - callcallcallcode_ABCB_RECURSIVE | EIP150 (1/1) ... ok
   - callcallcallcode_ABCB_RECURSIVE | EIP158 (1/1) ... ok
   - callcallcallcode_ABCB_RECURSIVE | Frontier (1/1) ... ok
   - callcallcallcode_ABCB_RECURSIVE | Homestead (1/1) ... ok
   - callcallcallcode_ABCB_RECURSIVE | Byzantium (1/1) ... ok
   - callcallcallcode_001_SuicideEnd | EIP150 (1/1) ... ok
   - callcallcallcode_001_SuicideEnd | EIP158 (1/1) ... ok
   - callcallcallcode_001_SuicideEnd | Frontier (1/1) ... ok
   - callcallcallcode_001_SuicideEnd | Homestead (1/1) ... ok
   - callcallcallcode_001_SuicideEnd | Byzantium (1/1) ... ok
ok
   - callcodecall_10_OOGE | EIP150 (1/1) ... ok
   - callcodecall_10_OOGE | EIP158 (1/1) ... ok
   - ecmul_0-0_5617_28000_96_d0g3v0_Byzantium...   - callcodecall_10_OOGE | Frontier (1/1) ... ok
   - callcodecall_10_OOGE | Homestead (1/1) ... ok
   - callcodecall_10_OOGE | Byzantium (1/1) ... ok
   - callcodecallcall_ABCB_RECURSIVE | EIP150 (1/1) ... ok
ok
   - static_callcodecallcall_100_OOGE_d1g0v0_EIP150...   - callcodecallcall_ABCB_RECURSIVE | EIP158 (1/1) ... ok
   - callcodecallcall_ABCB_RECURSIVE | Frontier (1/1) ... ok
   - callcodecallcall_ABCB_RECURSIVE | Homestead (1/1) ... ok
   - callcodecallcall_ABCB_RECURSIVE | Byzantium (1/1) ... ok
   - callcallcode_01 | EIP150 (1/1) ... ok
   - callcallcode_01 | EIP158 (1/1) ... ok
   - callcallcode_01 | Frontier (1/1) ... ok
   - callcallcode_01 | Homestead (1/1) ... ok
   - callcallcode_01 | Byzantium (1/1) ... ok
   - callcodecallcallcode_ABCB_RECURSIVE | EIP150 (1/1) ... ok
ok
   - ecmul_0-0_5617_28000_96_d0g3v0_EIP150...ok
   - static_callcodecallcall_100_OOGE_d1g0v0_EIP158...   - callcodecallcallcode_ABCB_RECURSIVE | EIP158 (1/1) ... ok
   - callcodecallcallcode_ABCB_RECURSIVE | Frontier (1/1) ... ok
   - callcodecallcallcode_ABCB_RECURSIVE | Homestead (1/1) ... ok
   - callcodecallcallcode_ABCB_RECURSIVE | Byzantium (1/1) ... ok
   - callcallcodecallcode_011_OOGE | EIP150 (1/1) ... ok
   - callcallcodecallcode_011_OOGE | EIP158 (1/1) ... ok
   - callcallcodecallcode_011_OOGE | Frontier (1/1) ... ok
   - callcallcodecallcode_011_OOGE | Homestead (1/1) ... ok
   - callcallcodecallcode_011_OOGE | Byzantium (1/1) ... ok
   - callcodecallcall_100_SuicideMiddle | EIP150 (1/1) ... ok
   - callcodecallcall_100_SuicideMiddle | EIP158 (1/1) ... ok
   - callcodecallcall_100_SuicideMiddle | Frontier (1/1) ... ok
ok
   - ecmul_0-0_5617_28000_96_d0g3v0_EIP158...   - callcodecallcall_100_SuicideMiddle | Homestead (1/1) ... ok
   - callcodecallcall_100_SuicideMiddle | Byzantium (1/1) ... ok
   - callcallcodecallcode_011_SuicideMiddle | EIP150 (1/1) ... ok
   - callcallcodecallcode_011_SuicideMiddle | EIP158 (1/1) ... ok
ok
   - static_callcodecallcall_100_OOGE_d1g0v0_Frontier...   - callcallcodecallcode_011_SuicideMiddle | Frontier (1/1) ... ok
   - callcallcodecallcode_011_SuicideMiddle | Homestead (1/1) ... ok
   - callcallcodecallcode_011_SuicideMiddle | Byzantium (1/1) ... ok
   - callcallcodecall_010_SuicideMiddle | EIP150 (1/1) ... ok
   - callcallcodecall_010_SuicideMiddle | EIP158 (1/1) ... ok
   - callcallcodecall_010_SuicideMiddle | Frontier (1/1) ... ok
   - callcallcodecall_010_SuicideMiddle | Homestead (1/1) ... ok
   - callcallcodecall_010_SuicideMiddle | Byzantium (1/1) ... ok
   - callcallcallcode_001_OOGE | EIP150 (1/1) ... ok
   - callcallcallcode_001_OOGE | EIP158 (1/1) ... ok
   - callcallcallcode_001_OOGE | Frontier (1/1) ... ok
   - callcallcallcode_001_OOGE | Homestead (1/1) ... ok
   - callcallcallcode_001_OOGE | Byzantium (1/1) ... ok
   - callcallcodecall_010_OOGE | EIP150 (1/1) ... ok
   - callcallcodecall_010_OOGE | EIP158 (1/1) ... ok
   - callcallcodecall_010_OOGE | Frontier (1/1) ... ok
   - callcallcodecall_010_OOGE | Homestead (1/1) ... ok
   - callcallcodecall_010_OOGE | Byzantium (1/1) ... ok
test json_tests::state::state_tests::GeneralStateTest_stCallDelegateCodesCallCodeHomestead ... ok
   - callcallcodecallcode_011_SuicideEnd | EIP150 (1/1) ... ok
   - callcallcodecallcode_011_SuicideEnd | EIP158 (1/1) ... ok
   - callcallcodecallcode_011_SuicideEnd | Frontier (1/1) ... ok
   - callcallcodecallcode_011_SuicideEnd | Homestead (1/1) ... ok
   - callcallcodecallcode_011_SuicideEnd | Byzantium (1/1) ... ok
   - callcodecallcodecallcode_ABCB_RECURSIVE | EIP150 (1/1) ... ok
   - callcodecallcodecallcode_ABCB_RECURSIVE | EIP158 (1/1) ... ok
   - callcodecallcodecallcode_ABCB_RECURSIVE | Frontier (1/1) ... ok
   - callcodecallcodecallcode_ABCB_RECURSIVE | Homestead (1/1) ... ok
ok
   - static_callcodecallcall_100_OOGE_d1g0v0_Homestead...   - callcodecallcodecallcode_ABCB_RECURSIVE | Byzantium (1/1) ... ok
   - callcallcode_01_SuicideEnd | EIP150 (1/1) ... ok
   - callcallcode_01_SuicideEnd | EIP158 (1/1) ... ok
   - callcallcode_01_SuicideEnd | Frontier (1/1) ... ok
   - callcallcode_01_SuicideEnd | Homestead (1/1) ... ok
   - callcallcode_01_SuicideEnd | Byzantium (1/1) ... ok
   - callcallcodecallcode_011 | EIP150 (1/1) ... ok
   - callcallcodecallcode_011 | EIP158 (1/1) ... ok
   - callcallcodecallcode_011 | Frontier (1/1) ... ok
   - callcallcodecallcode_011 | Homestead (1/1) ... ok
   - callcallcodecallcode_011 | Byzantium (1/1) ... ok
   - callcallcodecallcode_011_OOGMBefore | EIP150 (1/1) ... ok
   - callcallcodecallcode_011_OOGMBefore | EIP158 (1/1) ... ok
   - callcallcodecallcode_011_OOGMBefore | Frontier (1/1) ... ok
   - callcallcodecallcode_011_OOGMBefore | Homestead (1/1) ... ok
   - callcallcodecallcode_011_OOGMBefore | Byzantium (1/1) ... ok
   - callcodecallcodecallcode_111 | EIP150 (1/1) ... ok
   - callcodecallcodecallcode_111 | EIP158 (1/1) ... ok
   - callcodecallcodecallcode_111 | Frontier (1/1) ... ok
   - callcodecallcodecallcode_111 | Homestead (1/1) ... ok
   - callcodecallcodecallcode_111 | Byzantium (1/1) ... ok
   - callcodecallcodecallcode_111_SuicideEnd | EIP150 (1/1) ... ok
   - callcodecallcodecallcode_111_SuicideEnd | EIP158 (1/1) ... ok
   - callcodecallcodecallcode_111_SuicideEnd | Frontier (1/1) ... ok
   - callcodecallcodecallcode_111_SuicideEnd | Homestead (1/1) ... ok
   - callcodecallcodecallcode_111_SuicideEnd | Byzantium (1/1) ... ok
   - callcodecallcallcode_101_SuicideMiddle | EIP150 (1/1) ... ok
ok
   - ecmul_0-0_5617_28000_96_d0g3v0_Frontier...   - callcodecallcallcode_101_SuicideMiddle | EIP158 (1/1) ... ok
   - callcodecallcallcode_101_SuicideMiddle | Frontier (1/1) ... ok
   - callcodecallcallcode_101_SuicideMiddle | Homestead (1/1) ... ok
   - callcodecallcallcode_101_SuicideMiddle | Byzantium (1/1) ... ok
   - callcallcallcode_001_OOGMAfter | EIP150 (1/1) ... ok
   - callcallcallcode_001_OOGMAfter | EIP158 (1/1) ... ok
ok
   - callcallcallcode_001_OOGMAfter | Frontier (1/1) ... ok
   - callcallcallcode_001_OOGMAfter | Homestead (1/1) ... ok
   - static_callcodecallcall_100_OOGMBefore2_d1g0v0_Byzantium...   - callcallcallcode_001_OOGMAfter | Byzantium (1/1) ... ok
   - callcodecallcall_100_OOGMBefore | EIP150 (1/1) ... ok
   - callcodecallcall_100_OOGMBefore | EIP158 (1/1) ... ok
   - callcodecallcall_100_OOGMBefore | Frontier (1/1) ... ok
   - callcodecallcall_100_OOGMBefore | Homestead (1/1) ... ok
   - callcodecallcall_100_OOGMBefore | Byzantium (1/1) ... ok
   - callcodecallcode_11 | EIP150 (1/1) ... ok
   - callcodecallcode_11 | EIP158 (1/1) ... ok
   - callcodecallcode_11 | Frontier (1/1) ... ok
   - callcodecallcode_11 | Homestead (1/1) ... ok
   - callcodecallcode_11 | Byzantium (1/1) ... ok
   - callcodecallcodecallcode_111_OOGMAfter | EIP150 (1/1) ... ok
   - callcodecallcodecallcode_111_OOGMAfter | EIP158 (1/1) ... ok
   - callcodecallcodecallcode_111_OOGMAfter | Frontier (1/1) ... ok
   - callcodecallcodecallcode_111_OOGMAfter | Homestead (1/1) ... ok
   - callcodecallcodecallcode_111_OOGMAfter | Byzantium (1/1) ... ok
   - callcallcodecall_ABCB_RECURSIVE | EIP150 (1/1) ... ok
ok
   - static_callcodecallcall_100_OOGMBefore2_d1g0v0_EIP150...   - callcallcodecall_ABCB_RECURSIVE | EIP158 (1/1) ... ok
   - callcallcodecall_ABCB_RECURSIVE | Frontier (1/1) ... ok
   - callcallcodecall_ABCB_RECURSIVE | Homestead (1/1) ... ok
ok
   - ecmul_0-0_5617_28000_96_d0g3v0_Homestead...   - callcallcodecall_ABCB_RECURSIVE | Byzantium (1/1) ... ok
   - callcodecallcodecall_ABCB_RECURSIVE | EIP150 (1/1) ... ok
ok
   - static_callcodecallcall_100_OOGMBefore2_d1g0v0_EIP158...   - callcodecallcodecall_ABCB_RECURSIVE | EIP158 (1/1) ... ok
   - callcodecallcodecall_ABCB_RECURSIVE | Frontier (1/1) ... ok
   - callcodecallcodecall_ABCB_RECURSIVE | Homestead (1/1) ... ok
   - callcodecallcodecall_ABCB_RECURSIVE | Byzantium (1/1) ... ok
   - callcodecall_10_SuicideEnd | EIP150 (1/1) ... ok
   - callcodecall_10_SuicideEnd | EIP158 (1/1) ... ok
   - callcodecall_10_SuicideEnd | Frontier (1/1) ... ok
   - callcodecall_10_SuicideEnd | Homestead (1/1) ... ok
   - callcodecall_10_SuicideEnd | Byzantium (1/1) ... ok
   - callcodecallcodecallcode_111_SuicideMiddle | EIP150 (1/1) ... ok
   - callcodecallcodecallcode_111_SuicideMiddle | EIP158 (1/1) ... ok
   - callcodecallcodecallcode_111_SuicideMiddle | Frontier (1/1) ... ok
   - callcodecallcodecallcode_111_SuicideMiddle | Homestead (1/1) ... ok
   - callcodecallcodecallcode_111_SuicideMiddle | Byzantium (1/1) ... ok
   - callcodecallcallcode_101_OOGMAfter | EIP150 (1/1) ... ok
ok
   - callcodecallcallcode_101_OOGMAfter | EIP158 (1/1) ... ok
   - callcodecallcallcode_101_OOGMAfter | Frontier (1/1) ... ok
   - callcodecallcallcode_101_OOGMAfter | Homestead (1/1) ... ok
   - callcodecallcallcode_101_OOGMAfter | Byzantium (1/1) ... ok
   - ecpairing_empty_data_insufficient_gas_d0g3v0_Byzantium...   - callcodecallcall_100 | EIP150 (1/1) ... ok
   - callcodecallcall_100 | EIP158 (1/1) ... ok
   - callcodecallcall_100 | Frontier (1/1) ... ok
ok
   - static_callcodecallcall_100_OOGMBefore2_d1g0v0_Frontier...   - callcodecallcall_100 | Homestead (1/1) ... ok
   - callcodecallcall_100 | Byzantium (1/1) ... ok
   - callcallcodecall_010_SuicideEnd | EIP150 (1/1) ... ok
   - callcallcodecall_010_SuicideEnd | EIP158 (1/1) ... ok
   - callcallcodecall_010_SuicideEnd | Frontier (1/1) ... ok
   - callcallcodecall_010_SuicideEnd | Homestead (1/1) ... ok
   - callcallcodecall_010_SuicideEnd | Byzantium (1/1) ... ok
   - callcodecallcallcode_101_OOGE | EIP150 (1/1) ... ok
   - callcodecallcallcode_101_OOGE | EIP158 (1/1) ... ok
   - callcodecallcallcode_101_OOGE | Frontier (1/1) ... ok
   - callcodecallcallcode_101_OOGE | Homestead (1/1) ... ok
   - callcodecallcallcode_101_OOGE | Byzantium (1/1) ... ok
   - callcodecallcall_100_OOGE | EIP150 (1/1) ... ok
   - callcodecallcall_100_OOGE | EIP158 (1/1) ... ok
   - callcodecallcall_100_OOGE | Frontier (1/1) ... ok
   - callcodecallcall_100_OOGE | Homestead (1/1) ... ok
   - callcodecallcall_100_OOGE | Byzantium (1/1) ... ok
   - callcodecallcodecall_110_OOGMAfter | EIP150 (1/1) ... ok
   - callcodecallcodecall_110_OOGMAfter | EIP158 (1/1) ... ok
   - callcodecallcodecall_110_OOGMAfter | Frontier (1/1) ... ok
   - callcodecallcodecall_110_OOGMAfter | Homestead (1/1) ... ok
   - callcodecallcodecall_110_OOGMAfter | Byzantium (1/1) ... ok
   - callcodecallcallcode_101_OOGMBefore | EIP150 (1/1) ... ok
   - callcodecallcallcode_101_OOGMBefore | EIP158 (1/1) ... ok
   - callcodecallcallcode_101_OOGMBefore | Frontier (1/1) ... ok
   - callcodecallcallcode_101_OOGMBefore | Homestead (1/1) ... ok
   - callcodecallcallcode_101_OOGMBefore | Byzantium (1/1) ... ok
   - callcodecallcodecall_110_SuicideEnd | EIP150 (1/1) ... ok
   - callcodecallcodecall_110_SuicideEnd | EIP158 (1/1) ... ok
   - callcodecallcodecall_110_SuicideEnd | Frontier (1/1) ... ok
   - callcodecallcodecall_110_SuicideEnd | Homestead (1/1) ... ok
   - callcodecallcodecall_110_SuicideEnd | Byzantium (1/1) ... ok
   - callcallcallcode_001 | EIP150 (1/1) ... ok
   - callcallcallcode_001 | EIP158 (1/1) ... ok
   - callcallcallcode_001 | Frontier (1/1) ... ok
   - callcallcallcode_001 | Homestead (1/1) ... ok
   - callcallcallcode_001 | Byzantium (1/1) ... ok
   - callcodecall_10 | EIP150 (1/1) ... ok
   - callcodecall_10 | EIP158 (1/1) ... ok
   - callcodecall_10 | Frontier (1/1) ... ok
   - callcodecall_10 | Homestead (1/1) ... ok
   - callcodecall_10 | Byzantium (1/1) ... ok
   - callcodecallcall_100_SuicideEnd | EIP150 (1/1) ... ok
   - callcodecallcall_100_SuicideEnd | EIP158 (1/1) ... ok
   - callcodecallcall_100_SuicideEnd | Frontier (1/1) ... ok
   - callcodecallcall_100_SuicideEnd | Homestead (1/1) ... ok
   - callcodecallcall_100_SuicideEnd | Byzantium (1/1) ... ok
   - callcodecallcodecall_110 | EIP150 (1/1) ... ok
ok
   - static_callcodecallcall_100_OOGMBefore2_d1g0v0_Homestead...   - callcodecallcodecall_110 | EIP158 (1/1) ... ok
   - callcodecallcodecall_110 | Frontier (1/1) ... ok
ok
   - ecpairing_empty_data_insufficient_gas_d0g3v0_EIP150...   - callcodecallcodecall_110 | Homestead (1/1) ... ok
   - callcodecallcodecall_110 | Byzantium (1/1) ... ok
   - callcallcallcode_001_OOGMBefore | EIP150 (1/1) ... ok
   - callcallcallcode_001_OOGMBefore | EIP158 (1/1) ... ok
   - callcallcallcode_001_OOGMBefore | Frontier (1/1) ... ok
   - callcallcallcode_001_OOGMBefore | Homestead (1/1) ... ok
   - callcallcallcode_001_OOGMBefore | Byzantium (1/1) ... ok
   - callcodecallcode_11_SuicideEnd | EIP150 (1/1) ... ok
   - callcodecallcode_11_SuicideEnd | EIP158 (1/1) ... ok
   - callcodecallcode_11_SuicideEnd | Frontier (1/1) ... ok
   - callcodecallcode_11_SuicideEnd | Homestead (1/1) ... ok
   - callcodecallcode_11_SuicideEnd | Byzantium (1/1) ... ok
   - callcodecallcallcode_101_SuicideEnd | EIP150 (1/1) ... ok
   - callcodecallcallcode_101_SuicideEnd | EIP158 (1/1) ... ok
   - callcodecallcallcode_101_SuicideEnd | Frontier (1/1) ... ok
   - callcodecallcallcode_101_SuicideEnd | Homestead (1/1) ... ok
   - callcodecallcallcode_101_SuicideEnd | Byzantium (1/1) ... ok
   - callcodecallcodecall_110_SuicideMiddle | EIP150 (1/1) ... ok
   - callcodecallcodecall_110_SuicideMiddle | EIP158 (1/1) ... ok
   - callcodecallcodecall_110_SuicideMiddle | Frontier (1/1) ... ok
   - callcodecallcodecall_110_SuicideMiddle | Homestead (1/1) ... ok
   - callcodecallcodecall_110_SuicideMiddle | Byzantium (1/1) ... ok
   - callcallcodecall_010 | EIP150 (1/1) ... ok
   - callcallcodecall_010 | EIP158 (1/1) ... ok
   - callcallcodecall_010 | Frontier (1/1) ... ok
   - callcallcodecall_010 | Homestead (1/1) ... ok
   - callcallcodecall_010 | Byzantium (1/1) ... ok
   - callcallcodecallcode_011_OOGMAfter | EIP150 (1/1) ... ok
   - callcallcodecallcode_011_OOGMAfter | EIP158 (1/1) ... ok
   - callcallcodecallcode_011_OOGMAfter | Frontier (1/1) ... ok
   - callcallcodecallcode_011_OOGMAfter | Homestead (1/1) ... ok
   - callcallcodecallcode_011_OOGMAfter | Byzantium (1/1) ... ok
ok
   - ecpairing_empty_data_insufficient_gas_d0g3v0_EIP158...   - callcodecallcodecall_110_OOGMBefore | EIP150 (1/1) ... ok
   - callcodecallcodecall_110_OOGMBefore | EIP158 (1/1) ... ok
   - callcodecallcodecall_110_OOGMBefore | Frontier (1/1) ... ok
   - callcodecallcodecall_110_OOGMBefore | Homestead (1/1) ... ok
   - callcodecallcodecall_110_OOGMBefore | Byzantium (1/1) ... ok
   - callcallcodecall_010_OOGMAfter | EIP150 (1/1) ... ok
   - callcallcodecall_010_OOGMAfter | EIP158 (1/1) ... ok
   - callcallcodecall_010_OOGMAfter | Frontier (1/1) ... ok
   - callcallcodecall_010_OOGMAfter | Homestead (1/1) ... ok
   - callcallcodecall_010_OOGMAfter | Byzantium (1/1) ... ok
   - callcallcallcode_001_SuicideMiddle | EIP150 (1/1) ... ok
   - callcallcallcode_001_SuicideMiddle | EIP158 (1/1) ... ok
   - callcallcallcode_001_SuicideMiddle | Frontier (1/1) ... ok
   - callcallcallcode_001_SuicideMiddle | Homestead (1/1) ... ok
   - callcallcallcode_001_SuicideMiddle | Byzantium (1/1) ... ok
   - callcallcode_01_OOGE | EIP150 (1/1) ... ok
ok
   - callcallcode_01_OOGE | EIP158 (1/1) ... ok
   - static_callcodecallcallcode_101_OOGMAfter2_d0g0v1_Byzantium...   - callcallcode_01_OOGE | Frontier (1/1) ... ok
   - callcallcode_01_OOGE | Homestead (1/1) ... ok
   - callcallcode_01_OOGE | Byzantium (1/1) ... ok
   - callcallcodecallcode_ABCB_RECURSIVE | EIP150 (1/1) ... ok
   - callcallcodecallcode_ABCB_RECURSIVE | EIP158 (1/1) ... ok
   - callcallcodecallcode_ABCB_RECURSIVE | Frontier (1/1) ... ok
   - callcallcodecallcode_ABCB_RECURSIVE | Homestead (1/1) ... ok
ok
   - ecpairing_empty_data_insufficient_gas_d0g3v0_Frontier...   - callcallcodecallcode_ABCB_RECURSIVE | Byzantium (1/1) ... ok
   - callcodecallcodecallcode_111_OOGMBefore | EIP150 (1/1) ... ok
   - callcodecallcodecallcode_111_OOGMBefore | EIP158 (1/1) ... ok
   - callcodecallcodecallcode_111_OOGMBefore | Frontier (1/1) ... ok
   - callcodecallcodecallcode_111_OOGMBefore | Homestead (1/1) ... ok
   - callcodecallcodecallcode_111_OOGMBefore | Byzantium (1/1) ... ok
   - callcodecallcode_11_OOGE | EIP150 (1/1) ... ok
   - callcodecallcode_11_OOGE | EIP158 (1/1) ... ok
   - callcodecallcode_11_OOGE | Frontier (1/1) ... ok
   - callcodecallcode_11_OOGE | Homestead (1/1) ... ok
   - callcodecallcode_11_OOGE | Byzantium (1/1) ... ok
   - callcallcodecall_010_OOGMBefore | EIP150 (1/1) ... ok
   - callcallcodecall_010_OOGMBefore | EIP158 (1/1) ... ok
   - callcallcodecall_010_OOGMBefore | Frontier (1/1) ... ok
   - callcallcodecall_010_OOGMBefore | Homestead (1/1) ... ok
   - callcallcodecall_010_OOGMBefore | Byzantium (1/1) ... ok
   - callcodecallcallcode_101 | EIP150 (1/1) ... ok
   - callcodecallcallcode_101 | EIP158 (1/1) ... ok
   - callcodecallcallcode_101 | Frontier (1/1) ... ok
   - callcodecallcallcode_101 | Homestead (1/1) ... ok
   - callcodecallcallcode_101 | Byzantium (1/1) ... ok
   - callcodecallcodecall_110_OOGE | EIP150 (1/1) ... ok
   - callcodecallcodecall_110_OOGE | EIP158 (1/1) ... ok
   - callcodecallcodecall_110_OOGE | Frontier (1/1) ... ok
   - callcodecallcodecall_110_OOGE | Homestead (1/1) ... ok
   - callcodecallcodecall_110_OOGE | Byzantium (1/1) ... ok
   - callcodecallcodecallcode_111_OOGE | EIP150 (1/1) ... ok
ok
   - static_callcodecallcallcode_101_OOGMAfter2_d0g0v1_EIP150...   - callcodecallcodecallcode_111_OOGE | EIP158 (1/1) ... ok
   - callcodecallcodecallcode_111_OOGE | Frontier (1/1) ... ok
   - callcodecallcodecallcode_111_OOGE | Homestead (1/1) ... ok
   - callcodecallcodecallcode_111_OOGE | Byzantium (1/1) ... ok
ok
   - ecpairing_empty_data_insufficient_gas_d0g3v0_Homestead...   - callcodecallcall_100_OOGMAfter | EIP150 (1/1) ... ok
   - callcodecallcall_100_OOGMAfter | EIP158 (1/1) ... ok
   - callcodecallcall_100_OOGMAfter | Frontier (1/1) ... ok
   - callcodecallcall_100_OOGMAfter | Homestead (1/1) ... ok
   - callcodecallcall_100_OOGMAfter | Byzantium (1/1) ... ok
   - callcallcallcode_ABCB_RECURSIVE | EIP150 (1/1) ... ok
   - callcallcallcode_ABCB_RECURSIVE | EIP158 (1/1) ... ok
   - callcallcallcode_ABCB_RECURSIVE | Frontier (1/1) ... ok
   - callcallcallcode_ABCB_RECURSIVE | Homestead (1/1) ... ok
   - callcallcallcode_ABCB_RECURSIVE | Byzantium (1/1) ... ok
   - callcallcallcode_001_SuicideEnd | EIP150 (1/1) ... ok
   - callcallcallcode_001_SuicideEnd | EIP158 (1/1) ... ok
   - callcallcallcode_001_SuicideEnd | Frontier (1/1) ... ok
   - callcallcallcode_001_SuicideEnd | Homestead (1/1) ... ok
   - callcallcallcode_001_SuicideEnd | Byzantium (1/1) ... ok
   - callcodecall_10_OOGE | EIP150 (1/1) ... ok
   - callcodecall_10_OOGE | EIP158 (1/1) ... ok
   - callcodecall_10_OOGE | Frontier (1/1) ... ok
   - callcodecall_10_OOGE | Homestead (1/1) ... ok
ok
   - static_callcodecallcallcode_101_OOGMAfter2_d0g0v1_EIP158...   - callcodecall_10_OOGE | Byzantium (1/1) ... ok
   - callcodecallcall_ABCB_RECURSIVE | EIP150 (1/1) ... ok
   - callcodecallcall_ABCB_RECURSIVE | EIP158 (1/1) ... ok
   - callcodecallcall_ABCB_RECURSIVE | Frontier (1/1) ... ok
   - callcodecallcall_ABCB_RECURSIVE | Homestead (1/1) ... ok
   - callcodecallcall_ABCB_RECURSIVE | Byzantium (1/1) ... ok
   - callcallcode_01 | EIP150 (1/1) ... ok
   - callcallcode_01 | EIP158 (1/1) ... ok
   - callcallcode_01 | Frontier (1/1) ... ok
   - callcallcode_01 | Homestead (1/1) ... ok
   - callcallcode_01 | Byzantium (1/1) ... ok
   - callcodecallcallcode_ABCB_RECURSIVE | EIP150 (1/1) ... ok
ok
ok
   - static_callcodecallcallcode_101_OOGMAfter2_d0g0v1_Frontier...   - ecmul_1-3_9_21000_96_d0g3v0_Byzantium...   - callcodecallcallcode_ABCB_RECURSIVE | EIP158 (1/1) ... ok
   - callcodecallcallcode_ABCB_RECURSIVE | Frontier (1/1) ... ok
   - callcodecallcallcode_ABCB_RECURSIVE | Homestead (1/1) ... ok
   - callcodecallcallcode_ABCB_RECURSIVE | Byzantium (1/1) ... ok
   - callcallcodecallcode_011_OOGE | EIP150 (1/1) ... ok
   - callcallcodecallcode_011_OOGE | EIP158 (1/1) ... ok
   - callcallcodecallcode_011_OOGE | Frontier (1/1) ... ok
   - callcallcodecallcode_011_OOGE | Homestead (1/1) ... ok
   - callcallcodecallcode_011_OOGE | Byzantium (1/1) ... ok
   - callcodecallcall_100_SuicideMiddle | EIP150 (1/1) ... ok
   - callcodecallcall_100_SuicideMiddle | EIP158 (1/1) ... ok
   - callcodecallcall_100_SuicideMiddle | Frontier (1/1) ... ok
   - callcodecallcall_100_SuicideMiddle | Homestead (1/1) ... ok
   - callcodecallcall_100_SuicideMiddle | Byzantium (1/1) ... ok
   - callcallcodecallcode_011_SuicideMiddle | EIP150 (1/1) ... ok
   - callcallcodecallcode_011_SuicideMiddle | EIP158 (1/1) ... ok
   - callcallcodecallcode_011_SuicideMiddle | Frontier (1/1) ... ok
   - callcallcodecallcode_011_SuicideMiddle | Homestead (1/1) ... ok
   - callcallcodecallcode_011_SuicideMiddle | Byzantium (1/1) ... ok
   - callcallcodecall_010_SuicideMiddle | EIP150 (1/1) ... ok
   - callcallcodecall_010_SuicideMiddle | EIP158 (1/1) ... ok
   - callcallcodecall_010_SuicideMiddle | Frontier (1/1) ... ok
   - callcallcodecall_010_SuicideMiddle | Homestead (1/1) ... ok
   - callcallcodecall_010_SuicideMiddle | Byzantium (1/1) ... ok
   - callcallcallcode_001_OOGE | EIP150 (1/1) ... ok
   - callcallcallcode_001_OOGE | EIP158 (1/1) ... ok
   - callcallcallcode_001_OOGE | Frontier (1/1) ... ok
   - callcallcallcode_001_OOGE | Homestead (1/1) ... ok
ok
   - ecmul_1-3_9_21000_96_d0g3v0_EIP150...   - callcallcallcode_001_OOGE | Byzantium (1/1) ... ok
   - callcallcodecall_010_OOGE | EIP150 (1/1) ... ok
   - callcallcodecall_010_OOGE | EIP158 (1/1) ... ok
   - callcallcodecall_010_OOGE | Frontier (1/1) ... ok
   - callcallcodecall_010_OOGE | Homestead (1/1) ... ok
   - callcallcodecall_010_OOGE | Byzantium (1/1) ... ok
test json_tests::state::state_tests::GeneralStateTest_stCallDelegateCodesHomestead ... ok
ok
   - static_callcodecallcallcode_101_OOGMAfter2_d0g0v1_Homestead...   - callcall_00_OOGE_valueTransfer | EIP150 (1/1) ... ok
   - callcall_00_OOGE_valueTransfer | EIP158 (1/1) ... ok
   - callcall_00_OOGE_valueTransfer | Frontier (1/1) ... ok
   - callcall_00_OOGE_valueTransfer | Homestead (1/1) ... ok
   - callcall_00_OOGE_valueTransfer | Byzantium (1/1) ... ok
   - callcallcodecall_010_OOGMAfter_1 | EIP150 (1/1) ... ok
   - callcallcodecall_010_OOGMAfter_1 | EIP158 (1/1) ... ok
   - callcallcodecall_010_OOGMAfter_1 | Frontier (1/1) ... ok
   - callcallcodecall_010_OOGMAfter_1 | Homestead (1/1) ... ok
   - callcallcodecall_010_OOGMAfter_1 | Byzantium (1/1) ... ok
   - callcodecallcodecallcode_111_OOGMAfter | EIP150 (1/1) ... ok
   - callcodecallcodecallcode_111_OOGMAfter | EIP158 (1/1) ... ok
   - callcodecallcodecallcode_111_OOGMAfter | Frontier (1/1) ... ok
   - callcodecallcodecallcode_111_OOGMAfter | Homestead (1/1) ... ok
   - callcodecallcodecallcode_111_OOGMAfter | Byzantium (1/1) ... ok
   - callcall_00_OOGE_2 | EIP150 (1/1) ... ok
ok
   - ecmul_1-3_9_21000_96_d0g3v0_EIP158...ok
   - callcall_00_OOGE_2 | EIP158 (1/1) ... ok
   - static_CallRipemd160_3_prefixed0_d0g0v0_Byzantium...   - callcall_00_OOGE_2 | Frontier (1/1) ... ok
   - callcall_00_OOGE_2 | Homestead (1/1) ... ok
   - callcall_00_OOGE_2 | Byzantium (1/1) ... ok
   - createInitFail_OOGduringInit | EIP150 (1/1) ... ok
   - createInitFail_OOGduringInit | EIP158 (1/1) ... ok
   - createInitFail_OOGduringInit | Frontier (1/1) ... ok
   - createInitFail_OOGduringInit | Homestead (1/1) ... ok
   - createInitFail_OOGduringInit | Byzantium (1/1) ... ok
   - callcodecallcodecall_110_OOGMAfter_3 | EIP150 (1/1) ... ok
   - callcodecallcodecall_110_OOGMAfter_3 | EIP158 (1/1) ... ok
   - callcodecallcodecall_110_OOGMAfter_3 | Frontier (1/1) ... ok
   - callcodecallcodecall_110_OOGMAfter_3 | Homestead (1/1) ... ok
   - callcodecallcodecall_110_OOGMAfter_3 | Byzantium (1/1) ... ok
   - callcodecallcallcode_101_OOGMAfter_1 | EIP150 (1/1) ... ok
   - callcodecallcallcode_101_OOGMAfter_1 | EIP158 (1/1) ... ok
   - callcodecallcallcode_101_OOGMAfter_1 | Frontier (1/1) ... ok
   - callcodecallcallcode_101_OOGMAfter_1 | Homestead (1/1) ... ok
ok
   - static_CallRipemd160_3_prefixed0_d0g0v0_EIP150...   - callcodecallcallcode_101_OOGMAfter_1 | Byzantium (1/1) ... ok
   - callcodecallcallcode_101_OOGMAfter_3 | EIP150 (1/1) ... ok
   - callcodecallcallcode_101_OOGMAfter_3 | EIP158 (1/1) ... ok
   - callcodecallcallcode_101_OOGMAfter_3 | Frontier (1/1) ... ok
   - callcodecallcallcode_101_OOGMAfter_3 | Homestead (1/1) ... ok
   - callcodecallcallcode_101_OOGMAfter_3 | Byzantium (1/1) ... ok
   - callcodecallcall_100_OOGMAfter_3 | EIP150 (1/1) ... ok
   - callcodecallcall_100_OOGMAfter_3 | EIP158 (1/1) ... ok
   - callcodecallcall_100_OOGMAfter_3 | Frontier (1/1) ... ok
   - callcodecallcall_100_OOGMAfter_3 | Homestead (1/1) ... ok
   - callcodecallcall_100_OOGMAfter_3 | Byzantium (1/1) ... ok
ok
   - ecmul_1-3_9_21000_96_d0g3v0_Frontier...   - callcallcodecallcode_011_OOGMAfter_1 | EIP150 (1/1) ... ok
   - callcallcodecallcode_011_OOGMAfter_1 | EIP158 (1/1) ... ok
   - callcallcodecallcode_011_OOGMAfter_1 | Frontier (1/1) ... ok
   - callcallcodecallcode_011_OOGMAfter_1 | Homestead (1/1) ... ok
   - callcallcodecallcode_011_OOGMAfter_1 | Byzantium (1/1) ... ok
   - callcallcallcode_001_OOGMAfter_1 | EIP150 (1/1) ... ok
   - callcallcallcode_001_OOGMAfter_1 | EIP158 (1/1) ... ok
   - callcallcallcode_001_OOGMAfter_1 | Frontier (1/1) ... ok
ok
   - static_CallRipemd160_3_prefixed0_d0g0v0_EIP158...   - callcallcallcode_001_OOGMAfter_1 | Homestead (1/1) ... ok
   - callcallcallcode_001_OOGMAfter_1 | Byzantium (1/1) ... ok
ok
   - ecmul_1-3_9_21000_96_d0g3v0_Homestead...ok
   - static_CallRipemd160_3_prefixed0_d0g0v0_Frontier...   - Call1024PreCalls | EIP150 (1/1) ... ok
ok
   - ecmul_0-0_1_28000_96_d0g1v0_Byzantium...ok
   - static_CallRipemd160_3_prefixed0_d0g0v0_Homestead...   - Call1024PreCalls | EIP158 (1/1) ... ok
ok
   - ecmul_0-0_1_28000_96_d0g1v0_EIP150...   - Call1024PreCalls | Frontier (1/1) ... ok
   - Call1024PreCalls | Homestead (1/1) ... ok
ok
   - static_CallEcrecover0_0input_d6g0v0_Byzantium...ok
   - static_CallEcrecover0_0input_d6g0v0_EIP150...ok
   - ecmul_0-0_1_28000_96_d0g1v0_EIP158...   - Call1024PreCalls | Byzantium (1/1) ... ok
   - callcallcodecallcode_011_OOGMAfter_2 | EIP150 (1/1) ... ok
   - callcallcodecallcode_011_OOGMAfter_2 | EIP158 (1/1) ... ok
   - callcallcodecallcode_011_OOGMAfter_2 | Frontier (1/1) ... ok
   - callcallcodecallcode_011_OOGMAfter_2 | Homestead (1/1) ... ok
   - callcallcodecallcode_011_OOGMAfter_2 | Byzantium (1/1) ... ok
ok
   - ecmul_0-0_1_28000_96_d0g1v0_Frontier...ok
   - static_CallEcrecover0_0input_d6g0v0_EIP158...   - Callcode1024BalanceTooLow | EIP150 (1/1) ... ok
ok
   - static_CallEcrecover0_0input_d6g0v0_Frontier...ok
   - ecmul_0-0_1_28000_96_d0g1v0_Homestead...   - Callcode1024BalanceTooLow | EIP158 (1/1) ... ok
   - Callcode1024BalanceTooLow | Frontier (1/1) ... ok
   - Callcode1024BalanceTooLow | Homestead (1/1) ... ok
ok
   - static_CallEcrecover0_0input_d6g0v0_Homestead...   - Callcode1024BalanceTooLow | Byzantium (1/1) ... ok
   - callcodecallcallcode_101_OOGMAfter_2 | EIP150 (1/1) ... ok
   - callcodecallcallcode_101_OOGMAfter_2 | EIP158 (1/1) ... ok
   - callcodecallcallcode_101_OOGMAfter_2 | Frontier (1/1) ... ok
   - callcodecallcallcode_101_OOGMAfter_2 | Homestead (1/1) ... ok
   - callcodecallcallcode_101_OOGMAfter_2 | Byzantium (1/1) ... ok
   - callcodecallcodecall_110_OOGMAfter_2 | EIP150 (1/1) ... ok
   - callcodecallcodecall_110_OOGMAfter_2 | EIP158 (1/1) ... ok
   - callcodecallcodecall_110_OOGMAfter_2 | Frontier (1/1) ... ok
ok
   - callcodecallcodecall_110_OOGMAfter_2 | Homestead (1/1) ... ok
   - callcodecallcodecall_110_OOGMAfter_2 | Byzantium (1/1) ... ok
   - callcodecallcodecall_110_OOGMAfter_1 | EIP150 (1/1) ... ok
   - ecmul_1-2_5616_21000_128_d0g0v0_Byzantium...   - callcodecallcodecall_110_OOGMAfter_1 | EIP158 (1/1) ... ok
   - callcodecallcodecall_110_OOGMAfter_1 | Frontier (1/1) ... ok
ok
   - callcodecallcodecall_110_OOGMAfter_1 | Homestead (1/1) ... ok
   - callcodecallcodecall_110_OOGMAfter_1 | Byzantium (1/1) ... ok
   - static_callcallcodecallcode_011_OOGMBefore2_d2g0v0_Byzantium...   - Call1024BalanceTooLow | EIP150 (1/1) ... ok
ok
   - ecmul_1-2_5616_21000_128_d0g0v0_EIP150...ok
   - static_callcallcodecallcode_011_OOGMBefore2_d2g0v0_EIP150...   - Call1024BalanceTooLow | EIP158 (1/1) ... ok
   - Call1024BalanceTooLow | Frontier (1/1) ... ok
   - Call1024BalanceTooLow | Homestead (1/1) ... ok
ok
   - static_callcallcodecallcode_011_OOGMBefore2_d2g0v0_EIP158...ok
   - ecmul_1-2_5616_21000_128_d0g0v0_EIP158...   - Call1024BalanceTooLow | Byzantium (1/1) ... ok
   - callcodecallcall_100_OOGMAfter_2 | EIP150 (1/1) ... ok
   - callcodecallcall_100_OOGMAfter_2 | EIP158 (1/1) ... ok
   - callcodecallcall_100_OOGMAfter_2 | Frontier (1/1) ... ok
   - callcodecallcall_100_OOGMAfter_2 | Homestead (1/1) ... ok
   - callcodecallcall_100_OOGMAfter_2 | Byzantium (1/1) ... ok
   - callcall_00_OOGE_1 | EIP150 (1/1) ... ok
   - callcall_00_OOGE_1 | EIP158 (1/1) ... ok
ok
   - ecmul_1-2_5616_21000_128_d0g0v0_Frontier...   - callcall_00_OOGE_1 | Frontier (1/1) ... ok
   - callcall_00_OOGE_1 | Homestead (1/1) ... ok
   - callcall_00_OOGE_1 | Byzantium (1/1) ... ok
   - callcodecallcodecallcode_111_OOGMAfter_3 | EIP150 (1/1) ... ok
   - callcodecallcodecallcode_111_OOGMAfter_3 | EIP158 (1/1) ... ok
   - callcodecallcodecallcode_111_OOGMAfter_3 | Frontier (1/1) ... ok
   - callcodecallcodecallcode_111_OOGMAfter_3 | Homestead (1/1) ... ok
   - callcodecallcodecallcode_111_OOGMAfter_3 | Byzantium (1/1) ... ok
   - callcallcallcode_001_OOGMAfter_3 | EIP150 (1/1) ... ok
   - callcallcallcode_001_OOGMAfter_3 | EIP158 (1/1) ... ok
   - callcallcallcode_001_OOGMAfter_3 | Frontier (1/1) ... ok
   - callcallcallcode_001_OOGMAfter_3 | Homestead (1/1) ... ok
   - callcallcallcode_001_OOGMAfter_3 | Byzantium (1/1) ... ok
   - callcallcodecall_010_OOGMAfter_2 | EIP150 (1/1) ... ok
   - callcallcodecall_010_OOGMAfter_2 | EIP158 (1/1) ... ok
   - callcallcodecall_010_OOGMAfter_2 | Frontier (1/1) ... ok
   - callcallcodecall_010_OOGMAfter_2 | Homestead (1/1) ... ok
   - callcallcodecall_010_OOGMAfter_2 | Byzantium (1/1) ... ok
ok
   - ecmul_1-2_5616_21000_128_d0g0v0_Homestead...   - callcodecallcall_100_OOGMAfter_1 | EIP150 (1/1) ... ok
   - callcodecallcall_100_OOGMAfter_1 | EIP158 (1/1) ... ok
   - callcodecallcall_100_OOGMAfter_1 | Frontier (1/1) ... ok
   - callcodecallcall_100_OOGMAfter_1 | Homestead (1/1) ... ok
   - callcodecallcall_100_OOGMAfter_1 | Byzantium (1/1) ... ok
ok
   - static_callcallcodecallcode_011_OOGMBefore2_d2g0v0_Frontier...   - contractCreationMakeCallThatAskMoreGasThenTransactionProvided | EIP150 (1/2) ... ok
   - contractCreationMakeCallThatAskMoreGasThenTransactionProvided | EIP150 (2/2) ... ok
   - contractCreationMakeCallThatAskMoreGasThenTransactionProvided | EIP158 (1/2) ... ok
   - contractCreationMakeCallThatAskMoreGasThenTransactionProvided | EIP158 (2/2) ... ok
   - contractCreationMakeCallThatAskMoreGasThenTransactionProvided | Frontier (1/2) ... ok
   - contractCreationMakeCallThatAskMoreGasThenTransactionProvided | Frontier (2/2) ... ok
   - contractCreationMakeCallThatAskMoreGasThenTransactionProvided | Homestead (1/2) ... ok
   - contractCreationMakeCallThatAskMoreGasThenTransactionProvided | Homestead (2/2) ... ok
   - contractCreationMakeCallThatAskMoreGasThenTransactionProvided | Byzantium (1/2) ... ok
   - contractCreationMakeCallThatAskMoreGasThenTransactionProvided | Byzantium (2/2) ... ok
   - callcodecallcodecallcode_111_OOGMAfter_2 | EIP150 (1/1) ... ok
   - callcodecallcodecallcode_111_OOGMAfter_2 | EIP158 (1/1) ... ok
   - callcodecallcodecallcode_111_OOGMAfter_2 | Frontier (1/1) ... ok
   - callcodecallcodecallcode_111_OOGMAfter_2 | Homestead (1/1) ... ok
   - callcodecallcodecallcode_111_OOGMAfter_2 | Byzantium (1/1) ... ok
   - callcallcallcode_001_OOGMAfter_2 | EIP150 (1/1) ... ok
   - callcallcallcode_001_OOGMAfter_2 | EIP158 (1/1) ... ok
   - callcallcallcode_001_OOGMAfter_2 | Frontier (1/1) ... ok
   - callcallcallcode_001_OOGMAfter_2 | Homestead (1/1) ... ok
   - callcallcallcode_001_OOGMAfter_2 | Byzantium (1/1) ... ok
ok
   - static_callcallcodecallcode_011_OOGMBefore2_d2g0v0_Homestead...   - callcallcall_000_OOGMAfter | EIP150 (1/1) ... ok
   - callcallcall_000_OOGMAfter | EIP158 (1/1) ... ok
   - callcallcall_000_OOGMAfter | Frontier (1/1) ... ok
   - callcallcall_000_OOGMAfter | Homestead (1/1) ... ok
ok
   - callcallcall_000_OOGMAfter | Byzantium (1/1) ... ok
   - callcallcodecall_010_OOGMAfter_3 | EIP150 (1/1) ... ok
   - pointMulAdd2_d24g2v0_Byzantium...   - callcallcodecall_010_OOGMAfter_3 | EIP158 (1/1) ... ok
   - callcallcodecall_010_OOGMAfter_3 | Frontier (1/1) ... ok
   - callcallcodecall_010_OOGMAfter_3 | Homestead (1/1) ... ok
   - callcallcodecall_010_OOGMAfter_3 | Byzantium (1/1) ... ok
   - callcodecallcodecallcode_111_OOGMAfter_1 | EIP150 (1/1) ... ok
   - callcodecallcodecallcode_111_OOGMAfter_1 | EIP158 (1/1) ... ok
   - callcodecallcodecallcode_111_OOGMAfter_1 | Frontier (1/1) ... ok
   - callcodecallcodecallcode_111_OOGMAfter_1 | Homestead (1/1) ... ok
   - callcodecallcodecallcode_111_OOGMAfter_1 | Byzantium (1/1) ... ok
test json_tests::state::state_tests::GeneralStateTest_stChangedEIP150 ... ok
   - codesizeValid | EIP150 (1/1) ... ok
   - codesizeValid | EIP158 (1/1) ... ok
   - codesizeValid | Frontier (1/1) ... ok
   - codesizeValid | Homestead (1/1) ... ok
   - codesizeValid | Byzantium (1/1) ... ok
   - codesizeOOGInvalidSize | EIP150 (1/1) ... ok
ok
   - codesizeOOGInvalidSize | EIP158 (1/1) ... ok
   - codesizeOOGInvalidSize | Frontier (1/1) ... ok
   - static_CheckOpcodes3_d1g1v1_Byzantium...   - codesizeOOGInvalidSize | Homestead (1/1) ... ok
   - codesizeOOGInvalidSize | Byzantium (1/1) ... ok
test json_tests::state::state_tests::GeneralStateTest_stCodeSizeLimit ... ok
   - CREATE_ContractSuicideDuringInit_WithValue | EIP150 (1/1) ... ok
   - CREATE_ContractSuicideDuringInit_WithValue | EIP158 (1/1) ... ok
   - CREATE_ContractSuicideDuringInit_WithValue | Frontier (1/1) ... ok
   - CREATE_ContractSuicideDuringInit_WithValue | Homestead (1/1) ... ok
   - CREATE_ContractSuicideDuringInit_WithValue | Byzantium (1/1) ... ok
   - CREATE_EContract_ThenCALLToNonExistentAcc | EIP150 (1/1) ... ok
   - CREATE_EContract_ThenCALLToNonExistentAcc | EIP158 (1/1) ... ok
   - CREATE_EContract_ThenCALLToNonExistentAcc | Frontier (1/1) ... ok
   - CREATE_EContract_ThenCALLToNonExistentAcc | Homestead (1/1) ... ok
   - CREATE_EContract_ThenCALLToNonExistentAcc | Byzantium (1/1) ... ok
   - CREATE_EmptyContractWithStorage | EIP150 (1/1) ... ok
   - CREATE_EmptyContractWithStorage | EIP158 (1/1) ... ok
ok
   - pointMulAdd2_d24g2v0_EIP150...   - CREATE_EmptyContractWithStorage | Frontier (1/1) ... ok
   - CREATE_EmptyContractWithStorage | Homestead (1/1) ... ok
   - CREATE_EmptyContractWithStorage | Byzantium (1/1) ... ok
   - TransactionCollisionToEmpty | EIP150 (1/4) ... ok
   - TransactionCollisionToEmpty | EIP150 (2/4) ... ok
   - TransactionCollisionToEmpty | EIP150 (3/4) ... ok
   - TransactionCollisionToEmpty | EIP150 (4/4) ... ok
   - TransactionCollisionToEmpty | EIP158 (1/4) ... ok
   - TransactionCollisionToEmpty | EIP158 (2/4) ... ok
   - TransactionCollisionToEmpty | EIP158 (3/4) ... ok
   - TransactionCollisionToEmpty | EIP158 (4/4) ... ok
   - TransactionCollisionToEmpty | Frontier (1/4) ... ok
   - TransactionCollisionToEmpty | Frontier (2/4) ... ok
   - TransactionCollisionToEmpty | Frontier (3/4) ... ok
   - TransactionCollisionToEmpty | Frontier (4/4) ... ok
   - TransactionCollisionToEmpty | Homestead (1/4) ... ok
   - TransactionCollisionToEmpty | Homestead (2/4) ... ok
   - TransactionCollisionToEmpty | Homestead (3/4) ... ok
   - TransactionCollisionToEmpty | Homestead (4/4) ... ok
   - TransactionCollisionToEmpty | Byzantium (1/4) ... ok
   - TransactionCollisionToEmpty | Byzantium (2/4) ... ok
   - TransactionCollisionToEmpty | Byzantium (3/4) ... ok
   - TransactionCollisionToEmpty | Byzantium (4/4) ... ok
   - TransactionCollisionToEmptyButCode | EIP150 (1/4) ... ok
   - TransactionCollisionToEmptyButCode | EIP150 (2/4) ... ok
   - TransactionCollisionToEmptyButCode | EIP150 (3/4) ... ok
   - TransactionCollisionToEmptyButCode | EIP150 (4/4) ... ok
   - TransactionCollisionToEmptyButCode | EIP158 (1/4) ... ok
   - TransactionCollisionToEmptyButCode | EIP158 (2/4) ... ok
   - TransactionCollisionToEmptyButCode | EIP158 (3/4) ... ok
   - TransactionCollisionToEmptyButCode | EIP158 (4/4) ... ok
   - TransactionCollisionToEmptyButCode | Frontier (1/4) ... ok
   - TransactionCollisionToEmptyButCode | Frontier (2/4) ... ok
   - TransactionCollisionToEmptyButCode | Frontier (3/4) ... ok
   - TransactionCollisionToEmptyButCode | Frontier (4/4) ... ok
   - TransactionCollisionToEmptyButCode | Homestead (1/4) ... ok
   - TransactionCollisionToEmptyButCode | Homestead (2/4) ... ok
   - TransactionCollisionToEmptyButCode | Homestead (3/4) ... ok
   - TransactionCollisionToEmptyButCode | Homestead (4/4) ... ok
   - TransactionCollisionToEmptyButCode | Byzantium (1/4) ... ok
   - TransactionCollisionToEmptyButCode | Byzantium (2/4) ... ok
   - TransactionCollisionToEmptyButCode | Byzantium (3/4) ... ok
   - TransactionCollisionToEmptyButCode | Byzantium (4/4) ... ok
   - CREATE_ContractSuicideDuringInit_WithValueToItself | EIP150 (1/1) ... ok
   - CREATE_ContractSuicideDuringInit_WithValueToItself | EIP158 (1/1) ... ok
   - CREATE_ContractSuicideDuringInit_WithValueToItself | Frontier (1/1) ... ok
   - CREATE_ContractSuicideDuringInit_WithValueToItself | Homestead (1/1) ... ok
   - CREATE_ContractSuicideDuringInit_WithValueToItself | Byzantium (1/1) ... ok
ok
   - static_CheckOpcodes3_d1g1v1_EIP150...   - CREATE_AcreateB_BSuicide_BStore | EIP150 (1/1) ... ok
   - CREATE_AcreateB_BSuicide_BStore | EIP158 (1/1) ... ok
   - CREATE_AcreateB_BSuicide_BStore | Frontier (1/1) ... ok
   - CREATE_AcreateB_BSuicide_BStore | Homestead (1/1) ... ok
   - CREATE_AcreateB_BSuicide_BStore | Byzantium (1/1) ... ok
ok
   - pointMulAdd2_d24g2v0_EIP158...   - CREATE_EmptyContractWithStorageAndCallIt_1wei | EIP150 (1/1) ... ok
   - CREATE_EmptyContractWithStorageAndCallIt_1wei | EIP158 (1/1) ... ok
   - CREATE_EmptyContractWithStorageAndCallIt_1wei | Frontier (1/1) ... ok
   - CREATE_EmptyContractWithStorageAndCallIt_1wei | Homestead (1/1) ... ok
   - CREATE_EmptyContractWithStorageAndCallIt_1wei | Byzantium (1/1) ... ok
   - CREATE_EmptyContractAndCallIt_0wei | EIP150 (1/1) ... ok
   - CREATE_EmptyContractAndCallIt_0wei | EIP158 (1/1) ... ok
   - CREATE_EmptyContractAndCallIt_0wei | Frontier (1/1) ... ok
   - CREATE_EmptyContractAndCallIt_0wei | Homestead (1/1) ... ok
   - CREATE_EmptyContractAndCallIt_0wei | Byzantium (1/1) ... ok
   - CREATE_empty000CreateinInitCode_Transaction | EIP150 (1/1) ... ok
   - CREATE_empty000CreateinInitCode_Transaction | EIP158 (1/1) ... ok
   - CREATE_empty000CreateinInitCode_Transaction | Frontier (1/1) ... ok
   - CREATE_empty000CreateinInitCode_Transaction | Homestead (1/1) ... ok
   - CREATE_empty000CreateinInitCode_Transaction | Byzantium (1/1) ... ok
   - CREATE_EContractCreateNEContractInInit_Tr | EIP150 (1/1) ... ok
   - CREATE_EContractCreateNEContractInInit_Tr | EIP158 (1/1) ... ok
   - CREATE_EContractCreateNEContractInInit_Tr | Frontier (1/1) ... ok
   - CREATE_EContractCreateNEContractInInit_Tr | Homestead (1/1) ... ok
   - CREATE_EContractCreateNEContractInInit_Tr | Byzantium (1/1) ... ok
   - CREATE_EmptyContract | EIP150 (1/1) ... ok
   - CREATE_EmptyContract | EIP158 (1/1) ... ok
   - CREATE_EmptyContract | Frontier (1/1) ... ok
   - CREATE_EmptyContract | Homestead (1/1) ... ok
   - CREATE_EmptyContract | Byzantium (1/1) ... ok
   - CREATE_EmptyContractWithBalance | EIP150 (1/1) ... ok
   - CREATE_EmptyContractWithBalance | EIP158 (1/1) ... ok
   - CREATE_EmptyContractWithBalance | Frontier (1/1) ... ok
   - CREATE_EmptyContractWithBalance | Homestead (1/1) ... ok
   - CREATE_EmptyContractWithBalance | Byzantium (1/1) ... ok
   - CreateCollisionToEmpty | EIP150 (1/12) ... ok
   - CreateCollisionToEmpty | EIP150 (2/12) ... ok
   - CreateCollisionToEmpty | EIP150 (3/12) ... ok
   - CreateCollisionToEmpty | EIP150 (4/12) ... ok
   - CreateCollisionToEmpty | EIP150 (5/12) ... ok
   - CreateCollisionToEmpty | EIP150 (6/12) ... ok
   - CreateCollisionToEmpty | EIP150 (7/12) ... ok
   - CreateCollisionToEmpty | EIP150 (8/12) ... ok
   - CreateCollisionToEmpty | EIP150 (9/12) ... ok
   - CreateCollisionToEmpty | EIP150 (10/12) ... ok
   - CreateCollisionToEmpty | EIP150 (11/12) ... ok
   - CreateCollisionToEmpty | EIP150 (12/12) ... ok
   - CreateCollisionToEmpty | EIP158 (1/12) ... ok
   - CreateCollisionToEmpty | EIP158 (2/12) ... ok
   - CreateCollisionToEmpty | EIP158 (3/12) ... ok
   - CreateCollisionToEmpty | EIP158 (4/12) ... ok
   - CreateCollisionToEmpty | EIP158 (5/12) ... ok
   - CreateCollisionToEmpty | EIP158 (6/12) ... ok
   - CreateCollisionToEmpty | EIP158 (7/12) ... ok
   - CreateCollisionToEmpty | EIP158 (8/12) ... ok
   - CreateCollisionToEmpty | EIP158 (9/12) ... ok
   - CreateCollisionToEmpty | EIP158 (10/12) ... ok
   - CreateCollisionToEmpty | EIP158 (11/12) ... ok
   - CreateCollisionToEmpty | EIP158 (12/12) ... ok
   - CreateCollisionToEmpty | Frontier (1/12) ... ok
   - CreateCollisionToEmpty | Frontier (2/12) ... ok
   - CreateCollisionToEmpty | Frontier (3/12) ... ok
   - CreateCollisionToEmpty | Frontier (4/12) ... ok
   - CreateCollisionToEmpty | Frontier (5/12) ... ok
   - CreateCollisionToEmpty | Frontier (6/12) ... ok
   - CreateCollisionToEmpty | Frontier (7/12) ... ok
   - CreateCollisionToEmpty | Frontier (8/12) ... ok
   - CreateCollisionToEmpty | Frontier (9/12) ... ok
   - CreateCollisionToEmpty | Frontier (10/12) ... ok
   - CreateCollisionToEmpty | Frontier (11/12) ... ok
   - CreateCollisionToEmpty | Frontier (12/12) ... ok
ok
   - static_CheckOpcodes3_d1g1v1_EIP158...   - CreateCollisionToEmpty | Homestead (1/12) ... ok
   - CreateCollisionToEmpty | Homestead (2/12) ... ok
ok
   - pointMulAdd2_d24g2v0_Frontier...   - CreateCollisionToEmpty | Homestead (3/12) ... ok
   - CreateCollisionToEmpty | Homestead (4/12) ... ok
   - CreateCollisionToEmpty | Homestead (5/12) ... ok
   - CreateCollisionToEmpty | Homestead (6/12) ... ok
   - CreateCollisionToEmpty | Homestead (7/12) ... ok
   - CreateCollisionToEmpty | Homestead (8/12) ... ok
   - CreateCollisionToEmpty | Homestead (9/12) ... ok
   - CreateCollisionToEmpty | Homestead (10/12) ... ok
   - CreateCollisionToEmpty | Homestead (11/12) ... ok
   - CreateCollisionToEmpty | Homestead (12/12) ... ok
   - CreateCollisionToEmpty | Byzantium (1/12) ... ok
   - CreateCollisionToEmpty | Byzantium (2/12) ... ok
   - CreateCollisionToEmpty | Byzantium (3/12) ... ok
   - CreateCollisionToEmpty | Byzantium (4/12) ... ok
   - CreateCollisionToEmpty | Byzantium (5/12) ... ok
   - CreateCollisionToEmpty | Byzantium (6/12) ... ok
   - CreateCollisionToEmpty | Byzantium (7/12) ... ok
   - CreateCollisionToEmpty | Byzantium (8/12) ... ok
   - CreateCollisionToEmpty | Byzantium (9/12) ... ok
   - CreateCollisionToEmpty | Byzantium (10/12) ... ok
   - CreateCollisionToEmpty | Byzantium (11/12) ... ok
   - CreateCollisionToEmpty | Byzantium (12/12) ... ok
   - CREATE_EmptyContractAndCallIt_1wei | EIP150 (1/1) ... ok
   - CREATE_EmptyContractAndCallIt_1wei | EIP158 (1/1) ... ok
   - CREATE_EmptyContractAndCallIt_1wei | Frontier (1/1) ... ok
   - CREATE_EmptyContractAndCallIt_1wei | Homestead (1/1) ... ok
   - CREATE_EmptyContractAndCallIt_1wei | Byzantium (1/1) ... ok
   - CREATE_EContractCreateNEContractInInitOOG_Tr | EIP150 (1/2) ... ok
   - CREATE_EContractCreateNEContractInInitOOG_Tr | EIP150 (2/2) ... ok
   - CREATE_EContractCreateNEContractInInitOOG_Tr | EIP158 (1/2) ... ok
   - CREATE_EContractCreateNEContractInInitOOG_Tr | EIP158 (2/2) ... ok
   - CREATE_EContractCreateNEContractInInitOOG_Tr | Frontier (1/2) ... ok
   - CREATE_EContractCreateNEContractInInitOOG_Tr | Frontier (2/2) ... ok
   - CREATE_EContractCreateNEContractInInitOOG_Tr | Homestead (1/2) ... ok
   - CREATE_EContractCreateNEContractInInitOOG_Tr | Homestead (2/2) ... ok
   - CREATE_EContractCreateNEContractInInitOOG_Tr | Byzantium (1/2) ... ok
   - CREATE_EContractCreateNEContractInInitOOG_Tr | Byzantium (2/2) ... ok
ok
   - static_CheckOpcodes3_d1g1v1_Frontier...   - CREATE_ContractSuicideDuringInit_ThenStoreThenReturn | EIP150 (1/1) ... ok
   - CREATE_ContractSuicideDuringInit_ThenStoreThenReturn | EIP158 (1/1) ... ok
   - CREATE_ContractSuicideDuringInit_ThenStoreThenReturn | Frontier (1/1) ... ok
   - CREATE_ContractSuicideDuringInit_ThenStoreThenReturn | Homestead (1/1) ... ok
   - CREATE_ContractSuicideDuringInit_ThenStoreThenReturn | Byzantium (1/1) ... ok
   - CREATE_ContractSuicideDuringInit | EIP150 (1/1) ... ok
   - CREATE_ContractSuicideDuringInit | EIP158 (1/1) ... ok
   - CREATE_ContractSuicideDuringInit | Frontier (1/1) ... ok
   - CREATE_ContractSuicideDuringInit | Homestead (1/1) ... ok
   - CREATE_ContractSuicideDuringInit | Byzantium (1/1) ... ok
   - CREATE_ContractSSTOREDuringInit | EIP150 (1/1) ... ok
   - CREATE_ContractSSTOREDuringInit | EIP158 (1/1) ... ok
   - CREATE_ContractSSTOREDuringInit | Frontier (1/1) ... ok
   - CREATE_ContractSSTOREDuringInit | Homestead (1/1) ... ok
   - CREATE_ContractSSTOREDuringInit | Byzantium (1/1) ... ok
   - CREATE_EmptyContractWithStorageAndCallIt_0wei | EIP150 (1/1) ... ok
   - CREATE_EmptyContractWithStorageAndCallIt_0wei | EIP158 (1/1) ... ok
ok
   - pointMulAdd2_d24g2v0_Homestead...   - CREATE_EmptyContractWithStorageAndCallIt_0wei | Frontier (1/1) ... ok
   - CREATE_EmptyContractWithStorageAndCallIt_0wei | Homestead (1/1) ... ok
   - CREATE_EmptyContractWithStorageAndCallIt_0wei | Byzantium (1/1) ... ok
   - CREATE_EContractCreateEContractInInit_Tr | EIP150 (1/1) ... ok
   - CREATE_EContractCreateEContractInInit_Tr | EIP158 (1/1) ... ok
   - CREATE_EContractCreateEContractInInit_Tr | Frontier (1/1) ... ok
   - CREATE_EContractCreateEContractInInit_Tr | Homestead (1/1) ... ok
   - CREATE_EContractCreateEContractInInit_Tr | Byzantium (1/1) ... ok
   - TransactionCollisionToEmptyButNonce | EIP150 (1/4) ... ok
   - TransactionCollisionToEmptyButNonce | EIP150 (2/4) ... ok
   - TransactionCollisionToEmptyButNonce | EIP150 (3/4) ... ok
   - TransactionCollisionToEmptyButNonce | EIP150 (4/4) ... ok
   - TransactionCollisionToEmptyButNonce | EIP158 (1/4) ... ok
   - TransactionCollisionToEmptyButNonce | EIP158 (2/4) ... ok
   - TransactionCollisionToEmptyButNonce | EIP158 (3/4) ... ok
   - TransactionCollisionToEmptyButNonce | EIP158 (4/4) ... ok
   - TransactionCollisionToEmptyButNonce | Frontier (1/4) ... ok
   - TransactionCollisionToEmptyButNonce | Frontier (2/4) ... ok
   - TransactionCollisionToEmptyButNonce | Frontier (3/4) ... ok
   - TransactionCollisionToEmptyButNonce | Frontier (4/4) ... ok
   - TransactionCollisionToEmptyButNonce | Homestead (1/4) ... ok
   - TransactionCollisionToEmptyButNonce | Homestead (2/4) ... ok
   - TransactionCollisionToEmptyButNonce | Homestead (3/4) ... ok
ok
   - TransactionCollisionToEmptyButNonce | Homestead (4/4) ... ok
   - walletReorganizeOwners_Homestead...   - TransactionCollisionToEmptyButNonce | Byzantium (1/4) ... ok
   - TransactionCollisionToEmptyButNonce | Byzantium (2/4) ... ok
   - TransactionCollisionToEmptyButNonce | Byzantium (3/4) ... ok
   - TransactionCollisionToEmptyButNonce | Byzantium (4/4) ... ok
test json_tests::state::state_tests::GeneralStateTest_stCreateTest ... ok
   - callWithHighValueAndGasOOG | EIP150 (1/1) ... ok
   - callWithHighValueAndGasOOG | EIP158 (1/1) ... ok
   - callWithHighValueAndGasOOG | Frontier (1/1) ... ok
   - callWithHighValueAndGasOOG | Homestead (1/1) ... ok
   - callWithHighValueAndGasOOG | Byzantium (1/1) ... ok
   - CallcodeLoseGasOOG | EIP150 (1/1) ... ok
   - CallcodeLoseGasOOG | EIP158 (1/1) ... ok
   - CallcodeLoseGasOOG | Frontier (1/1) ... ok
ok
   - CallcodeLoseGasOOG | Homestead (1/1) ... ok
   - CallcodeLoseGasOOG | Byzantium (1/1) ... ok
   - callcodeOutput3 | EIP150 (1/1) ... ok (Error(Execution(BlockGasLimitReached { gas_limit: 0xf4240, gas_used: 0x0, gas: 0x10c8e0 }), State { next_error: None, backtrace: InternalBacktrace { backtrace: None } }))
   - ecmul_1-2_340282366920938463463374607431768211456_28000_96_d0g2v0_Byzantium...   - callcodeOutput3 | EIP158 (1/1) ... ok (Error(Execution(BlockGasLimitReached { gas_limit: 0xf4240, gas_used: 0x0, gas: 0x10c8e0 }), State { next_error: None, backtrace: InternalBacktrace { backtrace: None } }))
   - callcodeOutput3 | Frontier (1/1) ... ok (Error(Execution(BlockGasLimitReached { gas_limit: 0xf4240, gas_used: 0x0, gas: 0x10c8e0 }), State { next_error: None, backtrace: InternalBacktrace { backtrace: None } }))
   - callcodeOutput3 | Homestead (1/1) ... ok (Error(Execution(BlockGasLimitReached { gas_limit: 0xf4240, gas_used: 0x0, gas: 0x10c8e0 }), State { next_error: None, backtrace: InternalBacktrace { backtrace: None } }))
   - callcodeOutput3 | Byzantium (1/1) ... ok (Error(Execution(BlockGasLimitReached { gas_limit: 0xf4240, gas_used: 0x0, gas: 0x10c8e0 }), State { next_error: None, backtrace: InternalBacktrace { backtrace: None } }))
   - callcodeOutput3partialFail | EIP150 (1/1) ... ok (Error(Execution(BlockGasLimitReached { gas_limit: 0xf4240, gas_used: 0x0, gas: 0x10c8e0 }), State { next_error: None, backtrace: InternalBacktrace { backtrace: None } }))
   - callcodeOutput3partialFail | EIP158 (1/1) ... ok (Error(Execution(BlockGasLimitReached { gas_limit: 0xf4240, gas_used: 0x0, gas: 0x10c8e0 }), State { next_error: None, backtrace: InternalBacktrace { backtrace: None } }))
   - callcodeOutput3partialFail | Frontier (1/1) ... ok (Error(Execution(BlockGasLimitReached { gas_limit: 0xf4240, gas_used: 0x0, gas: 0x10c8e0 }), State { next_error: None, backtrace: InternalBacktrace { backtrace: None } }))
   - callcodeOutput3partialFail | Homestead (1/1) ... ok (Error(Execution(BlockGasLimitReached { gas_limit: 0xf4240, gas_used: 0x0, gas: 0x10c8e0 }), State { next_error: None, backtrace: InternalBacktrace { backtrace: None } }))
   - callcodeOutput3partialFail | Byzantium (1/1) ... ok (Error(Execution(BlockGasLimitReached { gas_limit: 0xf4240, gas_used: 0x0, gas: 0x10c8e0 }), State { next_error: None, backtrace: InternalBacktrace { backtrace: None } }))
   - callOutput3partial | EIP150 (1/2) ... ok (Error(Execution(BlockGasLimitReached { gas_limit: 0xf4240, gas_used: 0x0, gas: 0x10c8e0 }), State { next_error: None, backtrace: InternalBacktrace { backtrace: None } }))
   - callOutput3partial | EIP150 (2/2) ... ok
   - callOutput3partial | EIP158 (1/2) ... ok (Error(Execution(BlockGasLimitReached { gas_limit: 0xf4240, gas_used: 0x0, gas: 0x10c8e0 }), State { next_error: None, backtrace: InternalBacktrace { backtrace: None } }))
   - callOutput3partial | EIP158 (2/2) ... ok
ok
   - static_CheckOpcodes3_d1g1v1_Homestead...   - callOutput3partial | Frontier (1/2) ... ok (Error(Execution(BlockGasLimitReached { gas_limit: 0xf4240, gas_used: 0x0, gas: 0x10c8e0 }), State { next_error: None, backtrace: InternalBacktrace { backtrace: None } }))
   - callOutput3partial | Frontier (2/2) ... ok
   - callOutput3partial | Homestead (1/2) ... ok (Error(Execution(BlockGasLimitReached { gas_limit: 0xf4240, gas_used: 0x0, gas: 0x10c8e0 }), State { next_error: None, backtrace: InternalBacktrace { backtrace: None } }))
   - callOutput3partial | Homestead (2/2) ... ok
   - callOutput3partial | Byzantium (1/2) ... ok (Error(Execution(BlockGasLimitReached { gas_limit: 0xf4240, gas_used: 0x0, gas: 0x10c8e0 }), State { next_error: None, backtrace: InternalBacktrace { backtrace: None } }))
   - callOutput3partial | Byzantium (2/2) ... ok
   - delegatecallEmptycontract | EIP150 (1/1) ... ok
   - delegatecallEmptycontract | EIP158 (1/1) ... ok
   - delegatecallEmptycontract | Frontier (1/1) ... ok
   - delegatecallEmptycontract | Homestead (1/1) ... ok
   - delegatecallEmptycontract | Byzantium (1/1) ... ok
   - Delegatecall1024OOG | EIP150 (1/1) ... ok
   - Delegatecall1024OOG | EIP158 (1/1) ... ok
ok
   - ecmul_1-2_340282366920938463463374607431768211456_28000_96_d0g2v0_EIP150...   - Delegatecall1024OOG | Frontier (1/1) ... ok
ok
   - static_CallEcrecover80_d0g0v0_Byzantium...ok
   - static_CallEcrecover80_d0g0v0_EIP150...   - Delegatecall1024OOG | Homestead (1/1) ... ok
   - Delegatecall1024OOG | Byzantium (1/1) ... ok
   - callcodeOutput3partial | EIP150 (1/1) ... ok (Error(Execution(BlockGasLimitReached { gas_limit: 0xf4240, gas_used: 0x0, gas: 0x10c8e0 }), State { next_error: None, backtrace: InternalBacktrace { backtrace: None } }))
   - callcodeOutput3partial | EIP158 (1/1) ... ok (Error(Execution(BlockGasLimitReached { gas_limit: 0xf4240, gas_used: 0x0, gas: 0x10c8e0 }), State { next_error: None, backtrace: InternalBacktrace { backtrace: None } }))
   - callcodeOutput3partial | Frontier (1/1) ... ok (Error(Execution(BlockGasLimitReached { gas_limit: 0xf4240, gas_used: 0x0, gas: 0x10c8e0 }), State { next_error: None, backtrace: InternalBacktrace { backtrace: None } }))
   - callcodeOutput3partial | Homestead (1/1) ... ok (Error(Execution(BlockGasLimitReached { gas_limit: 0xf4240, gas_used: 0x0, gas: 0x10c8e0 }), State { next_error: None, backtrace: InternalBacktrace { backtrace: None } }))
   - callcodeOutput3partial | Byzantium (1/1) ... ok (Error(Execution(BlockGasLimitReached { gas_limit: 0xf4240, gas_used: 0x0, gas: 0x10c8e0 }), State { next_error: None, backtrace: InternalBacktrace { backtrace: None } }))
   - callcodeWithHighValueAndGasOOG | EIP150 (1/1) ... ok
   - callcodeWithHighValueAndGasOOG | EIP158 (1/1) ... ok
   - callcodeWithHighValueAndGasOOG | Frontier (1/1) ... ok
   - callcodeWithHighValueAndGasOOG | Homestead (1/1) ... ok
   - callcodeWithHighValueAndGasOOG | Byzantium (1/1) ... ok
   - callcodeOutput1 | EIP150 (1/1) ... ok (Error(Execution(BlockGasLimitReached { gas_limit: 0xf4240, gas_used: 0x0, gas: 0x10c8e0 }), State { next_error: None, backtrace: InternalBacktrace { backtrace: None } }))
   - callcodeOutput1 | EIP158 (1/1) ... ok (Error(Execution(BlockGasLimitReached { gas_limit: 0xf4240, gas_used: 0x0, gas: 0x10c8e0 }), State { next_error: None, backtrace: InternalBacktrace { backtrace: None } }))
   - callcodeOutput1 | Frontier (1/1) ... ok (Error(Execution(BlockGasLimitReached { gas_limit: 0xf4240, gas_used: 0x0, gas: 0x10c8e0 }), State { next_error: None, backtrace: InternalBacktrace { backtrace: None } }))
   - callcodeOutput1 | Homestead (1/1) ... ok (Error(Execution(BlockGasLimitReached { gas_limit: 0xf4240, gas_used: 0x0, gas: 0x10c8e0 }), State { next_error: None, backtrace: InternalBacktrace { backtrace: None } }))
   - callcodeOutput1 | Byzantium (1/1) ... ok (Error(Execution(BlockGasLimitReached { gas_limit: 0xf4240, gas_used: 0x0, gas: 0x10c8e0 }), State { next_error: None, backtrace: InternalBacktrace { backtrace: None } }))
   - delegatecallValueCheck | EIP150 (1/1) ... ok
ok
   - ecmul_1-2_340282366920938463463374607431768211456_28000_96_d0g2v0_EIP158...   - delegatecallValueCheck | EIP158 (1/1) ... ok
   - delegatecallValueCheck | Frontier (1/1) ... ok
   - delegatecallValueCheck | Homestead (1/1) ... ok
   - delegatecallValueCheck | Byzantium (1/1) ... ok
ok
   - static_CallEcrecover80_d0g0v0_EIP158...ok
   - static_CallEcrecover80_d0g0v0_Frontier...ok
   - ecmul_1-2_340282366920938463463374607431768211456_28000_96_d0g2v0_Frontier...   - Call1024PreCalls | EIP150 (1/1) ... ok
ok
   - static_CallEcrecover80_d0g0v0_Homestead...ok
   - ecmul_1-2_340282366920938463463374607431768211456_28000_96_d0g2v0_Homestead...ok
   - ecmul_0-3_0_28000_128_d0g0v0_Byzantium...ok
   - static_CallRecursiveBomb2_d0g0v0_Byzantium...   - Call1024PreCalls | EIP158 (1/1) ... ok
   - Call1024PreCalls | Frontier (1/1) ... ok
   - Call1024PreCalls | Homestead (1/1) ... ok
ok
   - ecmul_0-3_0_28000_128_d0g0v0_EIP150...ok
   - static_CallRecursiveBomb2_d0g0v0_EIP150...   - Call1024PreCalls | Byzantium (1/1) ... ok
   - delegatecallOOGinCall | EIP150 (1/1) ... ok
   - delegatecallOOGinCall | EIP158 (1/1) ... ok
   - delegatecallOOGinCall | Frontier (1/1) ... ok
   - delegatecallOOGinCall | Homestead (1/1) ... ok
ok
   - delegatecallOOGinCall | Byzantium (1/1) ... ok
   - ecmul_0-3_0_28000_128_d0g0v0_EIP158...   - callOutput3Fail | EIP150 (1/2) ... ok (Error(Execution(BlockGasLimitReached { gas_limit: 0xf4240, gas_used: 0x0, gas: 0x10c8e0 }), State { next_error: None, backtrace: InternalBacktrace { backtrace: None } }))
   - callOutput3Fail | EIP150 (2/2) ... ok
   - callOutput3Fail | EIP158 (1/2) ... ok (Error(Execution(BlockGasLimitReached { gas_limit: 0xf4240, gas_used: 0x0, gas: 0x10c8e0 }), State { next_error: None, backtrace: InternalBacktrace { backtrace: None } }))
   - callOutput3Fail | EIP158 (2/2) ... ok
   - callOutput3Fail | Frontier (1/2) ... ok (Error(Execution(BlockGasLimitReached { gas_limit: 0xf4240, gas_used: 0x0, gas: 0x10c8e0 }), State { next_error: None, backtrace: InternalBacktrace { backtrace: None } }))
   - callOutput3Fail | Frontier (2/2) ... ok
ok
   - static_CallRecursiveBomb2_d0g0v0_EIP158...   - callOutput3Fail | Homestead (1/2) ... ok (Error(Execution(BlockGasLimitReached { gas_limit: 0xf4240, gas_used: 0x0, gas: 0x10c8e0 }), State { next_error: None, backtrace: InternalBacktrace { backtrace: None } }))
   - callOutput3Fail | Homestead (2/2) ... ok
   - callOutput3Fail | Byzantium (1/2) ... ok (Error(Execution(BlockGasLimitReached { gas_limit: 0xf4240, gas_used: 0x0, gas: 0x10c8e0 }), State { next_error: None, backtrace: InternalBacktrace { backtrace: None } }))
   - callOutput3Fail | Byzantium (2/2) ... ok
   - delegatecodeDynamicCode2SelfCall | EIP150 (1/1) ... ok
   - delegatecodeDynamicCode2SelfCall | EIP158 (1/1) ... ok
   - delegatecodeDynamicCode2SelfCall | Frontier (1/1) ... ok
   - delegatecodeDynamicCode2SelfCall | Homestead (1/1) ... ok
   - delegatecodeDynamicCode2SelfCall | Byzantium (1/1) ... ok
   - callcodeOutput3Fail | EIP150 (1/1) ... ok (Error(Execution(BlockGasLimitReached { gas_limit: 0xf4240, gas_used: 0x0, gas: 0x10c8e0 }), State { next_error: None, backtrace: InternalBacktrace { backtrace: None } }))
   - callcodeOutput3Fail | EIP158 (1/1) ... ok (Error(Execution(BlockGasLimitReached { gas_limit: 0xf4240, gas_used: 0x0, gas: 0x10c8e0 }), State { next_error: None, backtrace: InternalBacktrace { backtrace: None } }))
   - callcodeOutput3Fail | Frontier (1/1) ... ok (Error(Execution(BlockGasLimitReached { gas_limit: 0xf4240, gas_used: 0x0, gas: 0x10c8e0 }), State { next_error: None, backtrace: InternalBacktrace { backtrace: None } }))
   - callcodeOutput3Fail | Homestead (1/1) ... ok (Error(Execution(BlockGasLimitReached { gas_limit: 0xf4240, gas_used: 0x0, gas: 0x10c8e0 }), State { next_error: None, backtrace: InternalBacktrace { backtrace: None } }))
   - callcodeOutput3Fail | Byzantium (1/1) ... ok (Error(Execution(BlockGasLimitReached { gas_limit: 0xf4240, gas_used: 0x0, gas: 0x10c8e0 }), State { next_error: None, backtrace: InternalBacktrace { backtrace: None } }))
ok
   - static_CallRecursiveBomb2_d0g0v0_Frontier...   - delegatecallInInitcodeToExistingContract | EIP150 (1/1) ... ok
   - delegatecallInInitcodeToExistingContract | EIP158 (1/1) ... ok
   - delegatecallInInitcodeToExistingContract | Frontier (1/1) ... ok
   - delegatecallInInitcodeToExistingContract | Homestead (1/1) ... ok
   - delegatecallInInitcodeToExistingContract | Byzantium (1/1) ... ok
   - callcodeOutput2 | EIP150 (1/1) ... ok (Error(Execution(BlockGasLimitReached { gas_limit: 0xf4240, gas_used: 0x0, gas: 0x10c8e0 }), State { next_error: None, backtrace: InternalBacktrace { backtrace: None } }))
   - callcodeOutput2 | EIP158 (1/1) ... ok (Error(Execution(BlockGasLimitReached { gas_limit: 0xf4240, gas_used: 0x0, gas: 0x10c8e0 }), State { next_error: None, backtrace: InternalBacktrace { backtrace: None } }))
   - callcodeOutput2 | Frontier (1/1) ... ok (Error(Execution(BlockGasLimitReached { gas_limit: 0xf4240, gas_used: 0x0, gas: 0x10c8e0 }), State { next_error: None, backtrace: InternalBacktrace { backtrace: None } }))
   - callcodeOutput2 | Homestead (1/1) ... ok (Error(Execution(BlockGasLimitReached { gas_limit: 0xf4240, gas_used: 0x0, gas: 0x10c8e0 }), State { next_error: None, backtrace: InternalBacktrace { backtrace: None } }))
   - callcodeOutput2 | Byzantium (1/1) ... ok (Error(Execution(BlockGasLimitReached { gas_limit: 0xf4240, gas_used: 0x0, gas: 0x10c8e0 }), State { next_error: None, backtrace: InternalBacktrace { backtrace: None } }))
   - delegatecallInInitcodeToExistingContractOOG | EIP150 (1/1) ... ok
   - delegatecallInInitcodeToExistingContractOOG | EIP158 (1/1) ... ok
   - delegatecallInInitcodeToExistingContractOOG | Frontier (1/1) ... ok
   - delegatecallInInitcodeToExistingContractOOG | Homestead (1/1) ... ok
ok
   - ecmul_0-3_0_28000_128_d0g0v0_Frontier...   - delegatecallInInitcodeToExistingContractOOG | Byzantium (1/1) ... ok
ok
   - static_CallRecursiveBomb2_d0g0v0_Homestead...ok
   - static_CallRecursiveBombPreCall2_d0g0v0_Byzantium...ok
   - ecmul_0-3_0_28000_128_d0g0v0_Homestead...   - Call1024BalanceTooLow | EIP150 (1/1) ... ok
ok
   - ecmul_1-2_5616_21000_128_d0g2v0_Byzantium...   - Call1024BalanceTooLow | EIP158 (1/1) ... ok
   - Call1024BalanceTooLow | Frontier (1/1) ... ok
   - Call1024BalanceTooLow | Homestead (1/1) ... ok
ok
   - ecmul_1-2_5616_21000_128_d0g2v0_EIP150...ok
   - static_CallRecursiveBombPreCall2_d0g0v0_EIP150...ok
   - ecmul_1-2_5616_21000_128_d0g2v0_EIP158...   - Call1024BalanceTooLow | Byzantium (1/1) ... ok
   - CallLoseGasOOG | EIP150 (1/1) ... ok
   - CallLoseGasOOG | EIP158 (1/1) ... ok
   - CallLoseGasOOG | Frontier (1/1) ... ok
   - CallLoseGasOOG | Homestead (1/1) ... ok
   - CallLoseGasOOG | Byzantium (1/1) ... ok
   - delegatecallSenderCheck | EIP150 (1/1) ... ok
   - delegatecallSenderCheck | EIP158 (1/1) ... ok
   - delegatecallSenderCheck | Frontier (1/1) ... ok
   - delegatecallSenderCheck | Homestead (1/1) ... ok
   - delegatecallSenderCheck | Byzantium (1/1) ... ok
   - delegatecallInInitcodeToEmptyContract | EIP150 (1/1) ... ok
   - delegatecallInInitcodeToEmptyContract | EIP158 (1/1) ... ok
ok
   - static_CallRecursiveBombPreCall2_d0g0v0_EIP158...   - delegatecallInInitcodeToEmptyContract | Frontier (1/1) ... ok
   - delegatecallInInitcodeToEmptyContract | Homestead (1/1) ... ok
   - delegatecallInInitcodeToEmptyContract | Byzantium (1/1) ... ok
   - callOutput1 | EIP150 (1/2) ... ok (Error(Execution(BlockGasLimitReached { gas_limit: 0xf4240, gas_used: 0x0, gas: 0x10c8e0 }), State { next_error: None, backtrace: InternalBacktrace { backtrace: None } }))
   - callOutput1 | EIP150 (2/2) ... ok
   - callOutput1 | EIP158 (1/2) ... ok (Error(Execution(BlockGasLimitReached { gas_limit: 0xf4240, gas_used: 0x0, gas: 0x10c8e0 }), State { next_error: None, backtrace: InternalBacktrace { backtrace: None } }))
   - callOutput1 | EIP158 (2/2) ... ok
   - callOutput1 | Frontier (1/2) ... ok (Error(Execution(BlockGasLimitReached { gas_limit: 0xf4240, gas_used: 0x0, gas: 0x10c8e0 }), State { next_error: None, backtrace: InternalBacktrace { backtrace: None } }))
   - callOutput1 | Frontier (2/2) ... ok
   - callOutput1 | Homestead (1/2) ... ok (Error(Execution(BlockGasLimitReached { gas_limit: 0xf4240, gas_used: 0x0, gas: 0x10c8e0 }), State { next_error: None, backtrace: InternalBacktrace { backtrace: None } }))
   - callOutput1 | Homestead (2/2) ... ok
   - callOutput1 | Byzantium (1/2) ... ok (Error(Execution(BlockGasLimitReached { gas_limit: 0xf4240, gas_used: 0x0, gas: 0x10c8e0 }), State { next_error: None, backtrace: InternalBacktrace { backtrace: None } }))
   - callOutput1 | Byzantium (2/2) ... ok
   - deleagateCallAfterValueTransfer | EIP150 (1/1) ... ok
   - deleagateCallAfterValueTransfer | EIP158 (1/1) ... ok
   - deleagateCallAfterValueTransfer | Frontier (1/1) ... ok
   - deleagateCallAfterValueTransfer | Homestead (1/1) ... ok
ok
   - ecmul_1-2_5616_21000_128_d0g2v0_Frontier...   - deleagateCallAfterValueTransfer | Byzantium (1/1) ... ok
   - delegatecallBasic | EIP150 (1/1) ... ok
   - delegatecallBasic | EIP158 (1/1) ... ok
   - delegatecallBasic | Frontier (1/1) ... ok
   - delegatecallBasic | Homestead (1/1) ... ok
   - delegatecallBasic | Byzantium (1/1) ... ok
ok
   - static_CallRecursiveBombPreCall2_d0g0v0_Frontier...   - Delegatecall1024 | EIP150 (1/1) ... ok
ok
   - ecmul_1-2_5616_21000_128_d0g2v0_Homestead...   - Delegatecall1024 | EIP158 (1/1) ... ok
   - Delegatecall1024 | Frontier (1/1) ... ok
   - Delegatecall1024 | Homestead (1/1) ... ok
ok
   - static_CallRecursiveBombPreCall2_d0g0v0_Homestead...ok
   - ecmul_0-0_5617_21000_128_d0g1v0_Byzantium...   - Delegatecall1024 | Byzantium (1/1) ... ok
   - Call1024OOG | EIP150 (1/1) ... ok
   - Call1024OOG | EIP158 (1/1) ... ok
   - Call1024OOG | Frontier (1/1) ... ok
ok
   - static_Call50000_identity2_d1g0v0_Byzantium...ok
   - ecmul_0-0_5617_21000_128_d0g1v0_EIP150...   - Call1024OOG | Homestead (1/1) ... ok
   - Call1024OOG | Byzantium (1/1) ... ok
   - delegatecodeDynamicCode | EIP150 (1/1) ... ok
   - delegatecodeDynamicCode | EIP158 (1/1) ... ok
   - delegatecodeDynamicCode | Frontier (1/1) ... ok
   - delegatecodeDynamicCode | Homestead (1/1) ... ok
   - delegatecodeDynamicCode | Byzantium (1/1) ... ok
   - callOutput2 | EIP150 (1/2) ... ok (Error(Execution(BlockGasLimitReached { gas_limit: 0xf4240, gas_used: 0x0, gas: 0x10c8e0 }), State { next_error: None, backtrace: InternalBacktrace { backtrace: None } }))
   - callOutput2 | EIP150 (2/2) ... ok
   - callOutput2 | EIP158 (1/2) ... ok (Error(Execution(BlockGasLimitReached { gas_limit: 0xf4240, gas_used: 0x0, gas: 0x10c8e0 }), State { next_error: None, backtrace: InternalBacktrace { backtrace: None } }))
   - callOutput2 | EIP158 (2/2) ... ok
   - callOutput2 | Frontier (1/2) ... ok (Error(Execution(BlockGasLimitReached { gas_limit: 0xf4240, gas_used: 0x0, gas: 0x10c8e0 }), State { next_error: None, backtrace: InternalBacktrace { backtrace: None } }))
   - callOutput2 | Frontier (2/2) ... ok
   - callOutput2 | Homestead (1/2) ... ok (Error(Execution(BlockGasLimitReached { gas_limit: 0xf4240, gas_used: 0x0, gas: 0x10c8e0 }), State { next_error: None, backtrace: InternalBacktrace { backtrace: None } }))
   - callOutput2 | Homestead (2/2) ... ok
   - callOutput2 | Byzantium (1/2) ... ok (Error(Execution(BlockGasLimitReached { gas_limit: 0xf4240, gas_used: 0x0, gas: 0x10c8e0 }), State { next_error: None, backtrace: InternalBacktrace { backtrace: None } }))
   - callOutput2 | Byzantium (2/2) ... ok
   - callOutput3 | EIP150 (1/2) ... ok (Error(Execution(BlockGasLimitReached { gas_limit: 0xf4240, gas_used: 0x0, gas: 0x10c8e0 }), State { next_error: None, backtrace: InternalBacktrace { backtrace: None } }))
   - callOutput3 | EIP150 (2/2) ... ok
   - callOutput3 | EIP158 (1/2) ... ok (Error(Execution(BlockGasLimitReached { gas_limit: 0xf4240, gas_used: 0x0, gas: 0x10c8e0 }), State { next_error: None, backtrace: InternalBacktrace { backtrace: None } }))
   - callOutput3 | EIP158 (2/2) ... ok
   - callOutput3 | Frontier (1/2) ... ok (Error(Execution(BlockGasLimitReached { gas_limit: 0xf4240, gas_used: 0x0, gas: 0x10c8e0 }), State { next_error: None, backtrace: InternalBacktrace { backtrace: None } }))
   - callOutput3 | Frontier (2/2) ... ok
   - callOutput3 | Homestead (1/2) ... ok (Error(Execution(BlockGasLimitReached { gas_limit: 0xf4240, gas_used: 0x0, gas: 0x10c8e0 }), State { next_error: None, backtrace: InternalBacktrace { backtrace: None } }))
ok
   - ecmul_0-0_5617_21000_128_d0g1v0_EIP158...   - callOutput3 | Homestead (2/2) ... ok
   - callOutput3 | Byzantium (1/2) ... ok (Error(Execution(BlockGasLimitReached { gas_limit: 0xf4240, gas_used: 0x0, gas: 0x10c8e0 }), State { next_error: None, backtrace: InternalBacktrace { backtrace: None } }))
   - callOutput3 | Byzantium (2/2) ... ok
   - callOutput3partialFail | EIP150 (1/2) ... ok (Error(Execution(BlockGasLimitReached { gas_limit: 0xf4240, gas_used: 0x0, gas: 0x10c8e0 }), State { next_error: None, backtrace: InternalBacktrace { backtrace: None } }))
   - callOutput3partialFail | EIP150 (2/2) ... ok
   - callOutput3partialFail | EIP158 (1/2) ... ok (Error(Execution(BlockGasLimitReached { gas_limit: 0xf4240, gas_used: 0x0, gas: 0x10c8e0 }), State { next_error: None, backtrace: InternalBacktrace { backtrace: None } }))
   - callOutput3partialFail | EIP158 (2/2) ... ok
   - callOutput3partialFail | Frontier (1/2) ... ok (Error(Execution(BlockGasLimitReached { gas_limit: 0xf4240, gas_used: 0x0, gas: 0x10c8e0 }), State { next_error: None, backtrace: InternalBacktrace { backtrace: None } }))
   - callOutput3partialFail | Frontier (2/2) ... ok
   - callOutput3partialFail | Homestead (1/2) ... ok (Error(Execution(BlockGasLimitReached { gas_limit: 0xf4240, gas_used: 0x0, gas: 0x10c8e0 }), State { next_error: None, backtrace: InternalBacktrace { backtrace: None } }))
   - callOutput3partialFail | Homestead (2/2) ... ok
   - callOutput3partialFail | Byzantium (1/2) ... ok (Error(Execution(BlockGasLimitReached { gas_limit: 0xf4240, gas_used: 0x0, gas: 0x10c8e0 }), State { next_error: None, backtrace: InternalBacktrace { backtrace: None } }))
   - callOutput3partialFail | Byzantium (2/2) ... ok
   - delegatecallAndOOGatTxLevel | EIP150 (1/1) ... ok
   - delegatecallAndOOGatTxLevel | EIP158 (1/1) ... ok
   - delegatecallAndOOGatTxLevel | Frontier (1/1) ... ok
   - delegatecallAndOOGatTxLevel | Homestead (1/1) ... ok
   - delegatecallAndOOGatTxLevel | Byzantium (1/1) ... ok
ok
   - ecmul_0-0_5617_21000_128_d0g1v0_Frontier...   - CallRecursiveBombPreCall | EIP150 (1/1) ... ok
ok
   - ecmul_0-0_5617_21000_128_d0g1v0_Homestead...   - CallRecursiveBombPreCall | EIP158 (1/1) ... ok
   - CallRecursiveBombPreCall | Frontier (1/1) ... ok
ok
   - pointAdd_d3g2v0_Byzantium...   - CallRecursiveBombPreCall | Homestead (1/1) ... ok
ok
   - pointAdd_d3g2v0_EIP150...   - CallRecursiveBombPreCall | Byzantium (1/1) ... ok
test json_tests::state::state_tests::GeneralStateTest_stDelegatecallTestHomestead ... ok
   - CallGoesOOGOnSecondLevel2 | EIP150 (1/1) ... ok
   - CallGoesOOGOnSecondLevel2 | EIP158 (1/1) ... ok
   - CallGoesOOGOnSecondLevel2 | Frontier (1/1) ... ok
   - CallGoesOOGOnSecondLevel2 | Homestead (1/1) ... ok
   - CallGoesOOGOnSecondLevel2 | Byzantium (1/1) ... ok
   - CallAskMoreGasOnDepth2ThenTransactionHas | EIP150 (1/1) ... ok
   - CallAskMoreGasOnDepth2ThenTransactionHas | EIP158 (1/1) ... ok
   - CallAskMoreGasOnDepth2ThenTransactionHas | Frontier (1/1) ... ok
   - CallAskMoreGasOnDepth2ThenTransactionHas | Homestead (1/1) ... ok
   - CallAskMoreGasOnDepth2ThenTransactionHas | Byzantium (1/1) ... ok
ok
   - pointAdd_d3g2v0_EIP158...   - CallAndCallcodeConsumeMoreGasThenTransactionHas | EIP150 (1/1) ... ok
   - CallAndCallcodeConsumeMoreGasThenTransactionHas | EIP158 (1/1) ... ok
   - CallAndCallcodeConsumeMoreGasThenTransactionHas | Frontier (1/1) ... ok
   - CallAndCallcodeConsumeMoreGasThenTransactionHas | Homestead (1/1) ... ok
   - CallAndCallcodeConsumeMoreGasThenTransactionHas | Byzantium (1/1) ... ok
   - CallGoesOOGOnSecondLevel | EIP150 (1/1) ... ok
   - CallGoesOOGOnSecondLevel | EIP158 (1/1) ... ok
   - CallGoesOOGOnSecondLevel | Frontier (1/1) ... ok
   - CallGoesOOGOnSecondLevel | Homestead (1/1) ... ok
   - CallGoesOOGOnSecondLevel | Byzantium (1/1) ... ok
   - CreateAndGasInsideCreate | EIP150 (1/1) ... ok
   - CreateAndGasInsideCreate | EIP158 (1/1) ... ok
   - CreateAndGasInsideCreate | Frontier (1/1) ... ok
   - CreateAndGasInsideCreate | Homestead (1/1) ... ok
   - CreateAndGasInsideCreate | Byzantium (1/1) ... ok
   - SuicideToNotExistingContract | EIP150 (1/1) ... ok
   - SuicideToNotExistingContract | EIP158 (1/1) ... ok
   - SuicideToNotExistingContract | Frontier (1/1) ... ok
   - SuicideToNotExistingContract | Homestead (1/1) ... ok
   - SuicideToNotExistingContract | Byzantium (1/1) ... ok
   - NewGasPriceForCodes | EIP150 (1/1) ... ok
   - NewGasPriceForCodes | EIP158 (1/1) ... ok
   - NewGasPriceForCodes | Frontier (1/1) ... ok
   - NewGasPriceForCodes | Homestead (1/1) ... ok
ok
   - pointAdd_d3g2v0_Frontier...   - NewGasPriceForCodes | Byzantium (1/1) ... ok
   - Transaction64Rule_d64m1 | EIP150 (1/1) ... ok
   - Transaction64Rule_d64m1 | EIP158 (1/1) ... ok
   - Transaction64Rule_d64m1 | Frontier (1/1) ... ok
   - Transaction64Rule_d64m1 | Homestead (1/1) ... ok
   - Transaction64Rule_d64m1 | Byzantium (1/1) ... ok
   - DelegateCallOnEIP | EIP150 (1/1) ... ok
   - DelegateCallOnEIP | EIP158 (1/1) ... ok
   - DelegateCallOnEIP | Frontier (1/1) ... ok
   - DelegateCallOnEIP | Homestead (1/1) ... ok
   - DelegateCallOnEIP | Byzantium (1/1) ... ok
   - Transaction64Rule_d64p1 | EIP150 (1/1) ... ok
   - Transaction64Rule_d64p1 | EIP158 (1/1) ... ok
   - Transaction64Rule_d64p1 | Frontier (1/1) ... ok
   - Transaction64Rule_d64p1 | Homestead (1/1) ... ok
   - Transaction64Rule_d64p1 | Byzantium (1/1) ... ok
   - SuicideToExistingContract | EIP150 (1/1) ... ok
   - SuicideToExistingContract | EIP158 (1/1) ... ok
   - SuicideToExistingContract | Frontier (1/1) ... ok
   - SuicideToExistingContract | Homestead (1/1) ... ok
   - SuicideToExistingContract | Byzantium (1/1) ... ok
   - Transaction64Rule_d64e0 | EIP150 (1/1) ... ok
   - Transaction64Rule_d64e0 | EIP158 (1/1) ... ok
   - Transaction64Rule_d64e0 | Frontier (1/1) ... ok
   - Transaction64Rule_d64e0 | Homestead (1/1) ... ok
   - Transaction64Rule_d64e0 | Byzantium (1/1) ... ok
   - ExecuteCallThatAskForeGasThenTrabsactionHas | EIP150 (1/1) ... ok
   - ExecuteCallThatAskForeGasThenTrabsactionHas | EIP158 (1/1) ... ok
   - ExecuteCallThatAskForeGasThenTrabsactionHas | Frontier (1/1) ... ok
ok
   - static_Call50000_identity2_d1g0v0_EIP150...   - ExecuteCallThatAskForeGasThenTrabsactionHas | Homestead (1/1) ... ok
   - ExecuteCallThatAskForeGasThenTrabsactionHas | Byzantium (1/1) ... ok
test json_tests::state::state_tests::GeneralStateTest_stEIP150Specific ... ok
   - RawCallCodeGasAsk | EIP150 (1/1) ... ok
   - RawCallCodeGasAsk | EIP158 (1/1) ... ok
   - RawCallCodeGasAsk | Frontier (1/1) ... ok
   - RawCallCodeGasAsk | Homestead (1/1) ... ok
   - RawCallCodeGasAsk | Byzantium (1/1) ... ok
   - RawCallMemoryGas | EIP150 (1/1) ... ok
   - RawCallMemoryGas | EIP158 (1/1) ... ok
   - RawCallMemoryGas | Frontier (1/1) ... ok
   - RawCallMemoryGas | Homestead (1/1) ... ok
   - RawCallMemoryGas | Byzantium (1/1) ... ok
   - RawDelegateCallGas | EIP150 (1/1) ... ok
   - RawDelegateCallGas | EIP158 (1/1) ... ok
   - RawDelegateCallGas | Frontier (1/1) ... ok
   - RawDelegateCallGas | Homestead (1/1) ... ok
   - RawDelegateCallGas | Byzantium (1/1) ... ok
   - RawCreateGasValueTransfer | EIP150 (1/1) ... ok
   - RawCreateGasValueTransfer | EIP158 (1/1) ... ok
   - RawCreateGasValueTransfer | Frontier (1/1) ... ok
   - RawCreateGasValueTransfer | Homestead (1/1) ... ok
   - RawCreateGasValueTransfer | Byzantium (1/1) ... ok
   - RawExtCodeSizeGas | EIP150 (1/1) ... ok
ok
   - pointAdd_d3g2v0_Homestead...   - RawExtCodeSizeGas | EIP158 (1/1) ... ok
   - RawExtCodeSizeGas | Frontier (1/1) ... ok
   - RawExtCodeSizeGas | Homestead (1/1) ... ok
   - RawExtCodeSizeGas | Byzantium (1/1) ... ok
   - RawCallGasValueTransfer | EIP150 (1/1) ... ok
   - RawCallGasValueTransfer | EIP158 (1/1) ... ok
   - RawCallGasValueTransfer | Frontier (1/1) ... ok
   - RawCallGasValueTransfer | Homestead (1/1) ... ok
   - RawCallGasValueTransfer | Byzantium (1/1) ... ok
   - RawCallCodeGas | EIP150 (1/1) ... ok
   - RawCallCodeGas | EIP158 (1/1) ... ok
   - RawCallCodeGas | Frontier (1/1) ... ok
   - RawCallCodeGas | Homestead (1/1) ... ok
ok
   - static_Call50000_identity2_d1g0v0_EIP158...   - RawCallCodeGas | Byzantium (1/1) ... ok
   - RawCallGasValueTransferAsk | EIP150 (1/1) ... ok
   - RawCallGasValueTransferAsk | EIP158 (1/1) ... ok
   - RawCallGasValueTransferAsk | Frontier (1/1) ... ok
   - RawCallGasValueTransferAsk | Homestead (1/1) ... ok
   - RawCallGasValueTransferAsk | Byzantium (1/1) ... ok
   - RawCallGasValueTransferMemoryAsk | EIP150 (1/1) ... ok
   - RawCallGasValueTransferMemoryAsk | EIP158 (1/1) ... ok
   - RawCallGasValueTransferMemoryAsk | Frontier (1/1) ... ok
   - RawCallGasValueTransferMemoryAsk | Homestead (1/1) ... ok
   - RawCallGasValueTransferMemoryAsk | Byzantium (1/1) ... ok
   - RawDelegateCallGasMemory | EIP150 (1/1) ... ok
   - RawDelegateCallGasMemory | EIP158 (1/1) ... ok
   - RawDelegateCallGasMemory | Frontier (1/1) ... ok
   - RawDelegateCallGasMemory | Homestead (1/1) ... ok
   - RawDelegateCallGasMemory | Byzantium (1/1) ... ok
   - RawDelegateCallGasAsk | EIP150 (1/1) ... ok
   - RawDelegateCallGasAsk | EIP158 (1/1) ... ok
   - RawDelegateCallGasAsk | Frontier (1/1) ... ok
   - RawDelegateCallGasAsk | Homestead (1/1) ... ok
   - RawDelegateCallGasAsk | Byzantium (1/1) ... ok
   - RawCallCodeGasValueTransferMemoryAsk | EIP150 (1/1) ... ok
   - RawCallCodeGasValueTransferMemoryAsk | EIP158 (1/1) ... ok
   - RawCallCodeGasValueTransferMemoryAsk | Frontier (1/1) ... ok
   - RawCallCodeGasValueTransferMemoryAsk | Homestead (1/1) ... ok
   - RawCallCodeGasValueTransferMemoryAsk | Byzantium (1/1) ... ok
   - RawCallCodeGasMemory | EIP150 (1/1) ... ok
   - RawCallCodeGasMemory | EIP158 (1/1) ... ok
ok
   - RawCallCodeGasMemory | Frontier (1/1) ... ok
   - RawCallCodeGasMemory | Homestead (1/1) ... ok
   - RawCallCodeGasMemory | Byzantium (1/1) ... ok
   - ecmul_1-3_2_28000_96_d0g2v0_Byzantium...   - RawCallGasValueTransferMemory | EIP150 (1/1) ... ok
   - RawCallGasValueTransferMemory | EIP158 (1/1) ... ok
   - RawCallGasValueTransferMemory | Frontier (1/1) ... ok
   - RawCallGasValueTransferMemory | Homestead (1/1) ... ok
   - RawCallGasValueTransferMemory | Byzantium (1/1) ... ok
   - RawCreateGasMemory | EIP150 (1/1) ... ok
   - RawCreateGasMemory | EIP158 (1/1) ... ok
   - RawCreateGasMemory | Frontier (1/1) ... ok
ok
   - static_Call50000_identity2_d1g0v0_Frontier...   - RawCreateGasMemory | Homestead (1/1) ... ok
   - RawCreateGasMemory | Byzantium (1/1) ... ok
   - RawCreateGas | EIP150 (1/1) ... ok
   - RawCreateGas | EIP158 (1/1) ... ok
   - RawCreateGas | Frontier (1/1) ... ok
   - RawCreateGas | Homestead (1/1) ... ok
   - RawCreateGas | Byzantium (1/1) ... ok
   - RawExtCodeCopyGas | EIP150 (1/1) ... ok
   - RawExtCodeCopyGas | EIP158 (1/1) ... ok
   - RawExtCodeCopyGas | Frontier (1/1) ... ok
   - RawExtCodeCopyGas | Homestead (1/1) ... ok
   - RawExtCodeCopyGas | Byzantium (1/1) ... ok
   - RawCallCodeGasValueTransfer | EIP150 (1/1) ... ok
   - RawCallCodeGasValueTransfer | EIP158 (1/1) ... ok
   - RawCallCodeGasValueTransfer | Frontier (1/1) ... ok
   - RawCallCodeGasValueTransfer | Homestead (1/1) ... ok
   - RawCallCodeGasValueTransfer | Byzantium (1/1) ... ok
ok
   - static_Call50000_identity2_d1g0v0_Homestead...   - RawCreateFailGasValueTransfer | EIP150 (1/1) ... ok
   - RawCreateFailGasValueTransfer | EIP158 (1/1) ... ok
   - RawCreateFailGasValueTransfer | Frontier (1/1) ... ok
   - RawCreateFailGasValueTransfer | Homestead (1/1) ... ok
   - RawCreateFailGasValueTransfer | Byzantium (1/1) ... ok
ok
   - ecmul_1-3_2_28000_96_d0g2v0_EIP150...   - RawCreateGasValueTransferMemory | EIP150 (1/1) ... ok
   - RawCreateGasValueTransferMemory | EIP158 (1/1) ... ok
   - RawCreateGasValueTransferMemory | Frontier (1/1) ... ok
   - RawCreateGasValueTransferMemory | Homestead (1/1) ... ok
   - RawCreateGasValueTransferMemory | Byzantium (1/1) ... ok
   - RawCallCodeGasValueTransferAsk | EIP150 (1/1) ... ok
   - RawCallCodeGasValueTransferAsk | EIP158 (1/1) ... ok
   - RawCallCodeGasValueTransferAsk | Frontier (1/1) ... ok
   - RawCallCodeGasValueTransferAsk | Homestead (1/1) ... ok
   - RawCallCodeGasValueTransferAsk | Byzantium (1/1) ... ok
   - RawCallGasAsk | EIP150 (1/1) ... ok
   - RawCallGasAsk | EIP158 (1/1) ... ok
   - RawCallGasAsk | Frontier (1/1) ... ok
   - RawCallGasAsk | Homestead (1/1) ... ok
   - RawCallGasAsk | Byzantium (1/1) ... ok
   - RawCreateFailGasValueTransfer2 | EIP150 (1/1) ... ok
   - RawCreateFailGasValueTransfer2 | EIP158 (1/1) ... ok
   - RawCreateFailGasValueTransfer2 | Frontier (1/1) ... ok
   - RawCreateFailGasValueTransfer2 | Homestead (1/1) ... ok
   - RawCreateFailGasValueTransfer2 | Byzantium (1/1) ... ok
   - RawCallGas | EIP150 (1/1) ... ok
   - RawCallGas | EIP158 (1/1) ... ok
   - RawCallGas | Frontier (1/1) ... ok
   - RawCallGas | Homestead (1/1) ... ok
   - RawCallGas | Byzantium (1/1) ... ok
   - RawCallCodeGasValueTransferMemory | EIP150 (1/1) ... ok
   - RawCallCodeGasValueTransferMemory | EIP158 (1/1) ... ok
ok
   - RawCallCodeGasValueTransferMemory | Frontier (1/1) ... ok
   - static_callCreate3_d0g0v0_Byzantium...   - RawCallCodeGasValueTransferMemory | Homestead (1/1) ... ok
   - RawCallCodeGasValueTransferMemory | Byzantium (1/1) ... ok
   - RawExtCodeCopyMemoryGas | EIP150 (1/1) ... ok
   - RawExtCodeCopyMemoryGas | EIP158 (1/1) ... ok
   - RawExtCodeCopyMemoryGas | Frontier (1/1) ... ok
   - RawExtCodeCopyMemoryGas | Homestead (1/1) ... ok
   - RawExtCodeCopyMemoryGas | Byzantium (1/1) ... ok
   - RawBalanceGas | EIP150 (1/1) ... ok
ok
   - ecmul_1-3_2_28000_96_d0g2v0_EIP158...   - RawBalanceGas | EIP158 (1/1) ... ok
   - RawBalanceGas | Frontier (1/1) ... ok
   - RawBalanceGas | Homestead (1/1) ... ok
   - RawBalanceGas | Byzantium (1/1) ... ok
   - RawCallMemoryGasAsk | EIP150 (1/1) ... ok
   - RawCallMemoryGasAsk | EIP158 (1/1) ... ok
   - RawCallMemoryGasAsk | Frontier (1/1) ... ok
   - RawCallMemoryGasAsk | Homestead (1/1) ... ok
   - RawCallMemoryGasAsk | Byzantium (1/1) ... ok
   - RawCallCodeGasMemoryAsk | EIP150 (1/1) ... ok
   - RawCallCodeGasMemoryAsk | EIP158 (1/1) ... ok
   - RawCallCodeGasMemoryAsk | Frontier (1/1) ... ok
   - RawCallCodeGasMemoryAsk | Homestead (1/1) ... ok
   - RawCallCodeGasMemoryAsk | Byzantium (1/1) ... ok
   - RawDelegateCallGasMemoryAsk | EIP150 (1/1) ... ok
   - RawDelegateCallGasMemoryAsk | EIP158 (1/1) ... ok
   - RawDelegateCallGasMemoryAsk | Frontier (1/1) ... ok
   - RawDelegateCallGasMemoryAsk | Homestead (1/1) ... ok
   - RawDelegateCallGasMemoryAsk | Byzantium (1/1) ... ok
test json_tests::state::state_tests::GeneralStateTest_stEIP150singleCodeGasPrices ... ok
   - CALL_OneVCallSuicide | EIP150 (1/1) ... ok
   - CALL_OneVCallSuicide | EIP158 (1/1) ... ok
   - CALL_OneVCallSuicide | Frontier (1/1) ... ok
   - CALL_OneVCallSuicide | Homestead (1/1) ... ok
   - CALL_OneVCallSuicide | Byzantium (1/1) ... ok
   - EXTCODESIZE_toNonExistent | EIP150 (1/1) ... ok
   - EXTCODESIZE_toNonExistent | EIP158 (1/1) ... ok
   - EXTCODESIZE_toNonExistent | Frontier (1/1) ... ok
   - EXTCODESIZE_toNonExistent | Homestead (1/1) ... ok
   - EXTCODESIZE_toNonExistent | Byzantium (1/1) ... ok
   - CALL_ZeroVCallSuicide | EIP150 (1/1) ... ok
   - CALL_ZeroVCallSuicide | EIP158 (1/1) ... ok
   - CALL_ZeroVCallSuicide | Frontier (1/1) ... ok
   - CALL_ZeroVCallSuicide | Homestead (1/1) ... ok
   - CALL_ZeroVCallSuicide | Byzantium (1/1) ... ok
   - vitalikTransactionTest | EIP150 (1/1) ... ok
   - vitalikTransactionTest | EIP158 (1/1) ... ok
   - vitalikTransactionTest | Frontier (1/1) ... ok
   - vitalikTransactionTest | Homestead (1/1) ... ok
   - vitalikTransactionTest | Byzantium (1/1) ... ok
   - EXP_Empty | EIP150 (1/1) ... ok
ok
   - ecmul_1-3_2_28000_96_d0g2v0_Frontier...   - EXP_Empty | EIP158 (1/1) ... ok
   - EXP_Empty | Frontier (1/1) ... ok
   - EXP_Empty | Homestead (1/1) ... ok
ok
   - static_callCreate3_d0g0v0_EIP150...   - EXP_Empty | Byzantium (1/1) ... ok
   - EXTCODESIZE_toEpmty | EIP150 (1/1) ... ok
   - EXTCODESIZE_toEpmty | EIP158 (1/1) ... ok
   - EXTCODESIZE_toEpmty | Frontier (1/1) ... ok
   - EXTCODESIZE_toEpmty | Homestead (1/1) ... ok
   - EXTCODESIZE_toEpmty | Byzantium (1/1) ... ok
test json_tests::state::state_tests::GeneralStateTest_stEIP158Specific ... ok
   - add11 | EIP150 (1/1) ... ok
   - add11 | EIP158 (1/1) ... ok
   - add11 | Frontier (1/1) ... ok
   - add11 | Homestead (1/1) ... ok
   - add11 | Byzantium (1/1) ... ok
test json_tests::state::state_tests::GeneralStateTest_stExample ... ok
   - createContractViaTransactionCost53000 | EIP150 (1/1) ... ok
   - createContractViaTransactionCost53000 | EIP158 (1/1) ... ok
   - createContractViaTransactionCost53000 | Frontier (1/1) ... ok
   - createContractViaTransactionCost53000 | Homestead (1/1) ... ok
   - createContractViaTransactionCost53000 | Byzantium (1/1) ... ok
   - createContractViaContractOOGInitCode | EIP150 (1/1) ... ok
   - createContractViaContractOOGInitCode | EIP158 (1/1) ... ok
   - createContractViaContractOOGInitCode | Frontier (1/1) ... ok
   - createContractViaContractOOGInitCode | Homestead (1/1) ... ok
   - createContractViaContractOOGInitCode | Byzantium (1/1) ... ok
   - contractCreationOOGdontLeaveEmptyContract | EIP150 (1/1) ... ok
   - contractCreationOOGdontLeaveEmptyContract | EIP158 (1/1) ... ok
   - contractCreationOOGdontLeaveEmptyContract | Frontier (1/1) ... ok
   - contractCreationOOGdontLeaveEmptyContract | Homestead (1/1) ... ok
   - contractCreationOOGdontLeaveEmptyContract | Byzantium (1/1) ... ok
   - createContractViaContract | EIP150 (1/1) ... ok
   - createContractViaContract | EIP158 (1/1) ... ok
   - createContractViaContract | Frontier (1/1) ... ok
   - createContractViaContract | Homestead (1/1) ... ok
   - createContractViaContract | Byzantium (1/1) ... ok
   - contractCreationOOGdontLeaveEmptyContractViaTransaction | EIP150 (1/1) ... ok
   - contractCreationOOGdontLeaveEmptyContractViaTransaction | EIP158 (1/1) ... ok
   - contractCreationOOGdontLeaveEmptyContractViaTransaction | Frontier (1/1) ... ok
   - contractCreationOOGdontLeaveEmptyContractViaTransaction | Homestead (1/1) ... ok
   - contractCreationOOGdontLeaveEmptyContractViaTransaction | Byzantium (1/1) ... ok
test json_tests::state::state_tests::GeneralStateTest_stHomesteadSpecific ... ok
   - TransactionCreateAutoSuicideContract | EIP150 (1/1) ... ok
   - TransactionCreateAutoSuicideContract | EIP158 (1/1) ... ok
   - TransactionCreateAutoSuicideContract | Frontier (1/1) ... ok
   - TransactionCreateAutoSuicideContract | Homestead (1/1) ... ok
   - TransactionCreateAutoSuicideContract | Byzantium (1/1) ... ok
   - CallContractToCreateContractOOG | EIP150 (1/1) ... ok
   - CallContractToCreateContractOOG | EIP158 (1/1) ... ok
   - CallContractToCreateContractOOG | Frontier (1/1) ... ok
ok
   - ecmul_1-3_2_28000_96_d0g2v0_Homestead...   - CallContractToCreateContractOOG | Homestead (1/1) ... ok
   - CallContractToCreateContractOOG | Byzantium (1/1) ... ok
   - TransactionCreateRandomInitCode | EIP150 (1/1) ... ok
   - TransactionCreateRandomInitCode | EIP158 (1/1) ... ok
ok
   - static_callCreate3_d0g0v0_EIP158...   - TransactionCreateRandomInitCode | Frontier (1/1) ... ok
   - TransactionCreateRandomInitCode | Homestead (1/1) ... ok
   - TransactionCreateRandomInitCode | Byzantium (1/1) ... ok
   - CallContractToCreateContractOOGBonusGas | EIP150 (1/1) ... ok
   - CallContractToCreateContractOOGBonusGas | EIP158 (1/1) ... ok
   - CallContractToCreateContractOOGBonusGas | Frontier (1/1) ... ok
   - CallContractToCreateContractOOGBonusGas | Homestead (1/1) ... ok
   - CallContractToCreateContractOOGBonusGas | Byzantium (1/1) ... ok
   - CallRecursiveContract | EIP150 (1/1) ... ok
   - CallRecursiveContract | EIP158 (1/1) ... ok
   - CallRecursiveContract | Frontier (1/1) ... ok
   - CallRecursiveContract | Homestead (1/1) ... ok
   - CallRecursiveContract | Byzantium (1/1) ... ok
   - ReturnTest2 | EIP150 (1/1) ... ok
   - ReturnTest2 | EIP158 (1/1) ... ok
   - ReturnTest2 | Frontier (1/1) ... ok
   - ReturnTest2 | Homestead (1/1) ... ok
   - ReturnTest2 | Byzantium (1/1) ... ok
   - CallContractToCreateContractWhichWouldCreateContractInInitCode | EIP150 (1/1) ... ok
   - CallContractToCreateContractWhichWouldCreateContractInInitCode | EIP158 (1/1) ... ok
   - CallContractToCreateContractWhichWouldCreateContractInInitCode | Frontier (1/1) ... ok
   - CallContractToCreateContractWhichWouldCreateContractInInitCode | Homestead (1/1) ... ok
   - CallContractToCreateContractWhichWouldCreateContractInInitCode | Byzantium (1/1) ... ok
   - CallTheContractToCreateEmptyContract | EIP150 (1/1) ... ok
   - CallTheContractToCreateEmptyContract | EIP158 (1/1) ... ok
   - CallTheContractToCreateEmptyContract | Frontier (1/1) ... ok
   - CallTheContractToCreateEmptyContract | Homestead (1/1) ... ok
   - CallTheContractToCreateEmptyContract | Byzantium (1/1) ... ok
   - TransactionCreateSuicideInInitcode | EIP150 (1/1) ... ok
   - TransactionCreateSuicideInInitcode | EIP158 (1/1) ... ok
   - TransactionCreateSuicideInInitcode | Frontier (1/1) ... ok
   - TransactionCreateSuicideInInitcode | Homestead (1/1) ... ok
   - TransactionCreateSuicideInInitcode | Byzantium (1/1) ... ok
   - OutOfGasPrefundedContractCreation | EIP150 (1/1) ... ok (Error(Execution(NotEnoughBaseGas { required: 0xd3a0, got: 0xd2f0 }), State { next_error: None, backtrace: InternalBacktrace { backtrace: None } }))
   - OutOfGasPrefundedContractCreation | EIP158 (1/1) ... ok (Error(Execution(NotEnoughBaseGas { required: 0xd3a0, got: 0xd2f0 }), State { next_error: None, backtrace: InternalBacktrace { backtrace: None } }))
   - OutOfGasPrefundedContractCreation | Frontier (1/1) ... ok
   - OutOfGasPrefundedContractCreation | Homestead (1/1) ... ok (Error(Execution(NotEnoughBaseGas { required: 0xd3a0, got: 0xd2f0 }), State { next_error: None, backtrace: InternalBacktrace { backtrace: None } }))
   - OutOfGasPrefundedContractCreation | Byzantium (1/1) ... ok (Error(Execution(NotEnoughBaseGas { required: 0xd3a0, got: 0xd2f0 }), State { next_error: None, backtrace: InternalBacktrace { backtrace: None } }))
   - ReturnTest | EIP150 (1/1) ... ok
   - ReturnTest | EIP158 (1/1) ... ok
   - ReturnTest | Frontier (1/1) ... ok
ok
   - static_callCreate3_d0g0v0_Frontier...   - ReturnTest | Homestead (1/1) ... ok
   - ReturnTest | Byzantium (1/1) ... ok
   - CallContractToCreateContractWhichWouldCreateContractIfCalled | EIP150 (1/1) ... ok
   - CallContractToCreateContractWhichWouldCreateContractIfCalled | EIP158 (1/1) ... ok
   - CallContractToCreateContractWhichWouldCreateContractIfCalled | Frontier (1/1) ... ok
   - CallContractToCreateContractWhichWouldCreateContractIfCalled | Homestead (1/1) ... ok
   - CallContractToCreateContractWhichWouldCreateContractIfCalled | Byzantium (1/1) ... ok
   - CallContractToCreateContractAndCallItOOG | EIP150 (1/1) ... ok
   - CallContractToCreateContractAndCallItOOG | EIP158 (1/1) ... ok
ok
   - pointMulAdd2_d25g3v0_Byzantium...   - CallContractToCreateContractAndCallItOOG | Frontier (1/1) ... ok
   - CallContractToCreateContractAndCallItOOG | Homestead (1/1) ... ok
   - CallContractToCreateContractAndCallItOOG | Byzantium (1/1) ... ok
   - OutOfGasContractCreation | EIP150 (1/1) ... ok (Error(Execution(NotEnoughBaseGas { required: 0xd3a0, got: 0xd2f0 }), State { next_error: None, backtrace: InternalBacktrace { backtrace: None } }))
   - OutOfGasContractCreation | EIP158 (1/1) ... ok (Error(Execution(NotEnoughBaseGas { required: 0xd3a0, got: 0xd2f0 }), State { next_error: None, backtrace: InternalBacktrace { backtrace: None } }))
   - OutOfGasContractCreation | Frontier (1/1) ... ok
   - OutOfGasContractCreation | Homestead (1/1) ... ok (Error(Execution(NotEnoughBaseGas { required: 0xd3a0, got: 0xd2f0 }), State { next_error: None, backtrace: InternalBacktrace { backtrace: None } }))
   - OutOfGasContractCreation | Byzantium (1/1) ... ok (Error(Execution(NotEnoughBaseGas { required: 0xd3a0, got: 0xd2f0 }), State { next_error: None, backtrace: InternalBacktrace { backtrace: None } }))
   - StackUnderFlowContractCreation | EIP150 (1/1) ... ok
   - StackUnderFlowContractCreation | EIP158 (1/1) ... ok
   - StackUnderFlowContractCreation | Frontier (1/1) ... ok
   - StackUnderFlowContractCreation | Homestead (1/1) ... ok
   - StackUnderFlowContractCreation | Byzantium (1/1) ... ok
   - CallContractToCreateContractNoCash | EIP150 (1/1) ... ok
   - CallContractToCreateContractNoCash | EIP158 (1/1) ... ok
   - CallContractToCreateContractNoCash | Frontier (1/1) ... ok
   - CallContractToCreateContractNoCash | Homestead (1/1) ... ok
   - CallContractToCreateContractNoCash | Byzantium (1/1) ... ok
   - TransactionCreateStopInInitcode | EIP150 (1/1) ... ok
   - TransactionCreateStopInInitcode | EIP158 (1/1) ... ok
   - TransactionCreateStopInInitcode | Frontier (1/1) ... ok
   - TransactionCreateStopInInitcode | Homestead (1/1) ... ok
   - TransactionCreateStopInInitcode | Byzantium (1/1) ... ok
   - NotEnoughCashContractCreation | EIP150 (1/1) ... ok (Error(Execution(NotEnoughCash { required: 0xd404, got: 0x56a1 }), State { next_error: None, backtrace: InternalBacktrace { backtrace: None } }))
   - NotEnoughCashContractCreation | EIP158 (1/1) ... ok (Error(Execution(NotEnoughCash { required: 0xd404, got: 0x56a1 }), State { next_error: None, backtrace: InternalBacktrace { backtrace: None } }))
   - NotEnoughCashContractCreation | Frontier (1/1) ... ok (Error(Execution(NotEnoughCash { required: 0xd404, got: 0x56a1 }), State { next_error: None, backtrace: InternalBacktrace { backtrace: None } }))
   - NotEnoughCashContractCreation | Homestead (1/1) ... ok (Error(Execution(NotEnoughCash { required: 0xd404, got: 0x56a1 }), State { next_error: None, backtrace: InternalBacktrace { backtrace: None } }))
   - NotEnoughCashContractCreation | Byzantium (1/1) ... ok (Error(Execution(NotEnoughCash { required: 0xd404, got: 0x56a1 }), State { next_error: None, backtrace: InternalBacktrace { backtrace: None } }))
test json_tests::state::state_tests::GeneralStateTest_stInitCodeTest ... ok
   - log0_emptyMem | EIP150 (1/1) ... ok
   - log0_emptyMem | EIP158 (1/1) ... ok
   - log0_emptyMem | Frontier (1/1) ... ok
   - log0_emptyMem | Homestead (1/1) ... ok
ok
   - pointMulAdd2_d25g3v0_EIP150...   - log0_emptyMem | Byzantium (1/1) ... ok
ok
   - static_callCreate3_d0g0v0_Homestead...   - log2_nonEmptyMem_logMemSize1 | EIP150 (1/1) ... ok
   - log2_nonEmptyMem_logMemSize1 | EIP158 (1/1) ... ok
   - log2_nonEmptyMem_logMemSize1 | Frontier (1/1) ... ok
   - log2_nonEmptyMem_logMemSize1 | Homestead (1/1) ... ok
   - log2_nonEmptyMem_logMemSize1 | Byzantium (1/1) ... ok
   - log0_nonEmptyMem | EIP150 (1/1) ... ok
   - log0_nonEmptyMem | EIP158 (1/1) ... ok
   - log0_nonEmptyMem | Frontier (1/1) ... ok
   - log0_nonEmptyMem | Homestead (1/1) ... ok
   - log0_nonEmptyMem | Byzantium (1/1) ... ok
   - log1_nonEmptyMem_logMemSize1_logMemStart31 | EIP150 (1/1) ... ok
   - log1_nonEmptyMem_logMemSize1_logMemStart31 | EIP158 (1/1) ... ok
   - log1_nonEmptyMem_logMemSize1_logMemStart31 | Frontier (1/1) ... ok
   - log1_nonEmptyMem_logMemSize1_logMemStart31 | Homestead (1/1) ... ok
   - log1_nonEmptyMem_logMemSize1_logMemStart31 | Byzantium (1/1) ... ok
   - log4_logMemsizeTooHigh | EIP150 (1/1) ... ok
   - log4_logMemsizeTooHigh | EIP158 (1/1) ... ok
   - log4_logMemsizeTooHigh | Frontier (1/1) ... ok
   - log4_logMemsizeTooHigh | Homestead (1/1) ... ok
   - log4_logMemsizeTooHigh | Byzantium (1/1) ... ok
   - log2_MaxTopic | EIP150 (1/1) ... ok
   - log2_MaxTopic | EIP158 (1/1) ... ok
   - log2_MaxTopic | Frontier (1/1) ... ok
   - log2_MaxTopic | Homestead (1/1) ... ok
   - log2_MaxTopic | Byzantium (1/1) ... ok
   - log2_logMemsizeTooHigh | EIP150 (1/1) ... ok
   - log2_logMemsizeTooHigh | EIP158 (1/1) ... ok
   - log2_logMemsizeTooHigh | Frontier (1/1) ... ok
   - log2_logMemsizeTooHigh | Homestead (1/1) ... ok
   - log2_logMemsizeTooHigh | Byzantium (1/1) ... ok
ok
   - log1_Caller | EIP150 (1/1) ... ok
   - log1_Caller | EIP158 (1/1) ... ok
   - static_CREATE_EmptyContractWithStorageAndCallIt_0wei_d0g0v0_Byzantium...   - log1_Caller | Frontier (1/1) ... ok
ok
   - pointMulAdd2_d25g3v0_EIP158...   - log1_Caller | Homestead (1/1) ... ok
   - log1_Caller | Byzantium (1/1) ... ok
   - logInOOG_Call | EIP150 (1/1) ... ok
   - logInOOG_Call | EIP158 (1/1) ... ok
   - logInOOG_Call | Frontier (1/1) ... ok
   - logInOOG_Call | Homestead (1/1) ... ok
   - logInOOG_Call | Byzantium (1/1) ... ok
   - log1_MaxTopic | EIP150 (1/1) ... ok
   - log1_MaxTopic | EIP158 (1/1) ... ok
   - log1_MaxTopic | Frontier (1/1) ... ok
   - log1_MaxTopic | Homestead (1/1) ... ok
   - log1_MaxTopic | Byzantium (1/1) ... ok
   - log3_logMemsizeTooHigh | EIP150 (1/1) ... ok
   - log3_logMemsizeTooHigh | EIP158 (1/1) ... ok
   - log3_logMemsizeTooHigh | Frontier (1/1) ... ok
   - log3_logMemsizeTooHigh | Homestead (1/1) ... ok
   - log3_logMemsizeTooHigh | Byzantium (1/1) ... ok
   - log4_MaxTopic | EIP150 (1/1) ... ok
   - log4_MaxTopic | EIP158 (1/1) ... ok
ok
   - log4_MaxTopic | Frontier (1/1) ... ok
   - log4_MaxTopic | Homestead (1/1) ... ok
   - log4_MaxTopic | Byzantium (1/1) ... ok
ok
   - static_CREATE_EmptyContractWithStorageAndCallIt_0wei_d0g0v0_EIP150...   - log2_nonEmptyMem | EIP150 (1/1) ... ok
   - log2_nonEmptyMem | EIP158 (1/1) ... ok
   - wallet2outOf3txs2_Byzantium...   - log2_nonEmptyMem | Frontier (1/1) ... ok
ok
   - pointMulAdd2_d25g3v0_Frontier...   - log2_nonEmptyMem | Homestead (1/1) ... ok
   - log2_nonEmptyMem | Byzantium (1/1) ... ok
   - log1_logMemsizeTooHigh | EIP150 (1/1) ... ok
   - log1_logMemsizeTooHigh | EIP158 (1/1) ... ok
   - log1_logMemsizeTooHigh | Frontier (1/1) ... ok
   - log1_logMemsizeTooHigh | Homestead (1/1) ... ok
   - log1_logMemsizeTooHigh | Byzantium (1/1) ... ok
   - log2_logMemsizeZero | EIP150 (1/1) ... ok
   - log2_logMemsizeZero | EIP158 (1/1) ... ok
   - log2_logMemsizeZero | Frontier (1/1) ... ok
   - log2_logMemsizeZero | Homestead (1/1) ... ok
   - log2_logMemsizeZero | Byzantium (1/1) ... ok
   - log2_logMemStartTooHigh | EIP150 (1/1) ... ok
   - log2_logMemStartTooHigh | EIP158 (1/1) ... ok
   - log2_logMemStartTooHigh | Frontier (1/1) ... ok
   - log2_logMemStartTooHigh | Homestead (1/1) ... ok
   - log2_logMemStartTooHigh | Byzantium (1/1) ... ok
   - log0_logMemStartTooHigh | EIP150 (1/1) ... ok
   - log0_logMemStartTooHigh | EIP158 (1/1) ... ok
   - log0_logMemStartTooHigh | Frontier (1/1) ... ok
   - log0_logMemStartTooHigh | Homestead (1/1) ... ok
   - log0_logMemStartTooHigh | Byzantium (1/1) ... ok
   - log4_logMemStartTooHigh | EIP150 (1/1) ... ok
   - log4_logMemStartTooHigh | EIP158 (1/1) ... ok
   - log4_logMemStartTooHigh | Frontier (1/1) ... ok
   - log4_logMemStartTooHigh | Homestead (1/1) ... ok
   - log4_logMemStartTooHigh | Byzantium (1/1) ... ok
   - log1_nonEmptyMem | EIP150 (1/1) ... ok
   - log1_nonEmptyMem | EIP158 (1/1) ... ok
   - log1_nonEmptyMem | Frontier (1/1) ... ok
   - log1_nonEmptyMem | Homestead (1/1) ... ok
   - log1_nonEmptyMem | Byzantium (1/1) ... ok
   - log3_emptyMem | EIP150 (1/1) ... ok
   - log3_emptyMem | EIP158 (1/1) ... ok
   - log3_emptyMem | Frontier (1/1) ... ok
   - log3_emptyMem | Homestead (1/1) ... ok
   - log3_emptyMem | Byzantium (1/1) ... ok
   - log2_nonEmptyMem_logMemSize1_logMemStart31 | EIP150 (1/1) ... ok
   - log2_nonEmptyMem_logMemSize1_logMemStart31 | EIP158 (1/1) ... ok
ok
   - static_CREATE_EmptyContractWithStorageAndCallIt_0wei_d0g0v0_EIP158...   - log2_nonEmptyMem_logMemSize1_logMemStart31 | Frontier (1/1) ... ok
   - log2_nonEmptyMem_logMemSize1_logMemStart31 | Homestead (1/1) ... ok
   - log2_nonEmptyMem_logMemSize1_logMemStart31 | Byzantium (1/1) ... ok
   - log3_nonEmptyMem | EIP150 (1/1) ... ok
   - log3_nonEmptyMem | EIP158 (1/1) ... ok
   - log3_nonEmptyMem | Frontier (1/1) ... ok
   - log3_nonEmptyMem | Homestead (1/1) ... ok
   - log3_nonEmptyMem | Byzantium (1/1) ... ok
   - log2_Caller | EIP150 (1/1) ... ok
   - log2_Caller | EIP158 (1/1) ... ok
   - log2_Caller | Frontier (1/1) ... ok
   - log2_Caller | Homestead (1/1) ... ok
   - log2_Caller | Byzantium (1/1) ... ok
   - log4_logMemsizeZero | EIP150 (1/1) ... ok
   - log4_logMemsizeZero | EIP158 (1/1) ... ok
   - log4_logMemsizeZero | Frontier (1/1) ... ok
   - log4_logMemsizeZero | Homestead (1/1) ... ok
   - log4_logMemsizeZero | Byzantium (1/1) ... ok
   - log3_logMemsizeZero | EIP150 (1/1) ... ok
   - log3_logMemsizeZero | EIP158 (1/1) ... ok
   - log3_logMemsizeZero | Frontier (1/1) ... ok
   - log3_logMemsizeZero | Homestead (1/1) ... ok
   - log3_logMemsizeZero | Byzantium (1/1) ... ok
   - log3_MaxTopic | EIP150 (1/1) ... ok
   - log3_MaxTopic | EIP158 (1/1) ... ok
   - log3_MaxTopic | Frontier (1/1) ... ok
ok
   - pointMulAdd2_d25g3v0_Homestead...   - log3_MaxTopic | Homestead (1/1) ... ok
   - log3_MaxTopic | Byzantium (1/1) ... ok
   - log0_nonEmptyMem_logMemSize1_logMemStart31 | EIP150 (1/1) ... ok
   - log0_nonEmptyMem_logMemSize1_logMemStart31 | EIP158 (1/1) ... ok
   - log0_nonEmptyMem_logMemSize1_logMemStart31 | Frontier (1/1) ... ok
   - log0_nonEmptyMem_logMemSize1_logMemStart31 | Homestead (1/1) ... ok
   - log0_nonEmptyMem_logMemSize1_logMemStart31 | Byzantium (1/1) ... ok
   - log4_nonEmptyMem | EIP150 (1/1) ... ok
   - log4_nonEmptyMem | EIP158 (1/1) ... ok
   - log4_nonEmptyMem | Frontier (1/1) ... ok
   - log4_nonEmptyMem | Homestead (1/1) ... ok
   - log4_nonEmptyMem | Byzantium (1/1) ... ok
   - log1_nonEmptyMem_logMemSize1 | EIP150 (1/1) ... ok
   - log1_nonEmptyMem_logMemSize1 | EIP158 (1/1) ... ok
   - log1_nonEmptyMem_logMemSize1 | Frontier (1/1) ... ok
   - log1_nonEmptyMem_logMemSize1 | Homestead (1/1) ... ok
   - log1_nonEmptyMem_logMemSize1 | Byzantium (1/1) ... ok
   - log1_logMemsizeZero | EIP150 (1/1) ... ok
   - log1_logMemsizeZero | EIP158 (1/1) ... ok
   - log1_logMemsizeZero | Frontier (1/1) ... ok
   - log1_logMemsizeZero | Homestead (1/1) ... ok
   - log1_logMemsizeZero | Byzantium (1/1) ... ok
   - log0_nonEmptyMem_logMemSize1 | EIP150 (1/1) ... ok
ok
   - wallet2outOf3txs2_EIP150...   - log0_nonEmptyMem_logMemSize1 | EIP158 (1/1) ... ok
   - log0_nonEmptyMem_logMemSize1 | Frontier (1/1) ... ok
   - log0_nonEmptyMem_logMemSize1 | Homestead (1/1) ... ok
   - log0_nonEmptyMem_logMemSize1 | Byzantium (1/1) ... ok
   - log4_nonEmptyMem_logMemSize1_logMemStart31 | EIP150 (1/1) ... ok
   - log4_nonEmptyMem_logMemSize1_logMemStart31 | EIP158 (1/1) ... ok
   - log4_nonEmptyMem_logMemSize1_logMemStart31 | Frontier (1/1) ... ok
   - log4_nonEmptyMem_logMemSize1_logMemStart31 | Homestead (1/1) ... ok
   - log4_nonEmptyMem_logMemSize1_logMemStart31 | Byzantium (1/1) ... ok
   - log4_Caller | EIP150 (1/1) ... ok
   - log4_Caller | EIP158 (1/1) ... ok
   - log4_Caller | Frontier (1/1) ... ok
   - log4_Caller | Homestead (1/1) ... ok
   - log4_Caller | Byzantium (1/1) ... ok
   - log1_logMemStartTooHigh | EIP150 (1/1) ... ok
   - log1_logMemStartTooHigh | EIP158 (1/1) ... ok
   - log1_logMemStartTooHigh | Frontier (1/1) ... ok
   - log1_logMemStartTooHigh | Homestead (1/1) ... ok
   - log1_logMemStartTooHigh | Byzantium (1/1) ... ok
   - log1_emptyMem | EIP150 (1/1) ... ok
   - log1_emptyMem | EIP158 (1/1) ... ok
   - log1_emptyMem | Frontier (1/1) ... ok
   - log1_emptyMem | Homestead (1/1) ... ok
   - log1_emptyMem | Byzantium (1/1) ... ok
   - log0_logMemsizeTooHigh | EIP150 (1/1) ... ok
ok
ok
   - static_CREATE_EmptyContractWithStorageAndCallIt_0wei_d0g0v0_Frontier...   - log0_logMemsizeTooHigh | EIP158 (1/1) ... ok
   - ecmul_7827-6598_9935_28000_96_d0g2v0_Byzantium...   - log0_logMemsizeTooHigh | Frontier (1/1) ... ok
   - log0_logMemsizeTooHigh | Homestead (1/1) ... ok
   - log0_logMemsizeTooHigh | Byzantium (1/1) ... ok
   - log3_nonEmptyMem_logMemSize1_logMemStart31 | EIP150 (1/1) ... ok
   - log3_nonEmptyMem_logMemSize1_logMemStart31 | EIP158 (1/1) ... ok
   - log3_nonEmptyMem_logMemSize1_logMemStart31 | Frontier (1/1) ... ok
   - log3_nonEmptyMem_logMemSize1_logMemStart31 | Homestead (1/1) ... ok
   - log3_nonEmptyMem_logMemSize1_logMemStart31 | Byzantium (1/1) ... ok
   - log3_nonEmptyMem_logMemSize1 | EIP150 (1/1) ... ok
   - log3_nonEmptyMem_logMemSize1 | EIP158 (1/1) ... ok
   - log3_nonEmptyMem_logMemSize1 | Frontier (1/1) ... ok
   - log3_nonEmptyMem_logMemSize1 | Homestead (1/1) ... ok
   - log3_nonEmptyMem_logMemSize1 | Byzantium (1/1) ... ok
   - log0_logMemsizeZero | EIP150 (1/1) ... ok
   - log0_logMemsizeZero | EIP158 (1/1) ... ok
   - log0_logMemsizeZero | Frontier (1/1) ... ok
   - log0_logMemsizeZero | Homestead (1/1) ... ok
   - log0_logMemsizeZero | Byzantium (1/1) ... ok
   - log3_logMemStartTooHigh | EIP150 (1/1) ... ok
   - log3_logMemStartTooHigh | EIP158 (1/1) ... ok
   - log3_logMemStartTooHigh | Frontier (1/1) ... ok
   - log3_logMemStartTooHigh | Homestead (1/1) ... ok
   - log3_logMemStartTooHigh | Byzantium (1/1) ... ok
   - log4_PC | EIP150 (1/1) ... ok
   - log4_PC | EIP158 (1/1) ... ok
   - log4_PC | Frontier (1/1) ... ok
   - log4_PC | Homestead (1/1) ... ok
   - log4_PC | Byzantium (1/1) ... ok
   - log3_PC | EIP150 (1/1) ... ok
   - log3_PC | EIP158 (1/1) ... ok
   - log3_PC | Frontier (1/1) ... ok
   - log3_PC | Homestead (1/1) ... ok
   - log3_PC | Byzantium (1/1) ... ok
   - log4_emptyMem | EIP150 (1/1) ... ok
   - log4_emptyMem | EIP158 (1/1) ... ok
   - log4_emptyMem | Frontier (1/1) ... ok
ok
   - static_CREATE_EmptyContractWithStorageAndCallIt_0wei_d0g0v0_Homestead...   - log4_emptyMem | Homestead (1/1) ... ok
   - log4_emptyMem | Byzantium (1/1) ... ok
ok
   - ecmul_7827-6598_9935_28000_96_d0g2v0_EIP150...   - log3_Caller | EIP150 (1/1) ... ok
   - log3_Caller | EIP158 (1/1) ... ok
   - log3_Caller | Frontier (1/1) ... ok
   - log3_Caller | Homestead (1/1) ... ok
   - log3_Caller | Byzantium (1/1) ... ok
   - log2_emptyMem | EIP150 (1/1) ... ok
   - log2_emptyMem | EIP158 (1/1) ... ok
   - log2_emptyMem | Frontier (1/1) ... ok
   - log2_emptyMem | Homestead (1/1) ... ok
   - log2_emptyMem | Byzantium (1/1) ... ok
   - log4_nonEmptyMem_logMemSize1 | EIP150 (1/1) ... ok
   - log4_nonEmptyMem_logMemSize1 | EIP158 (1/1) ... ok
   - log4_nonEmptyMem_logMemSize1 | Frontier (1/1) ... ok
ok
   - wallet2outOf3txs2_EIP158...   - log4_nonEmptyMem_logMemSize1 | Homestead (1/1) ... ok
   - log4_nonEmptyMem_logMemSize1 | Byzantium (1/1) ... ok
test json_tests::state::state_tests::GeneralStateTest_stLogTests ... ok
   - DelegateCallOnEIPWithMemExpandingCalls | EIP150 (1/1) ... ok
   - DelegateCallOnEIPWithMemExpandingCalls | EIP158 (1/1) ... ok
   - DelegateCallOnEIPWithMemExpandingCalls | Frontier (1/1) ... ok
   - DelegateCallOnEIPWithMemExpandingCalls | Homestead (1/1) ... ok
   - DelegateCallOnEIPWithMemExpandingCalls | Byzantium (1/1) ... ok
   - CallGoesOOGOnSecondLevelWithMemExpandingCalls | EIP150 (1/1) ... ok
   - CallGoesOOGOnSecondLevelWithMemExpandingCalls | EIP158 (1/1) ... ok
   - CallGoesOOGOnSecondLevelWithMemExpandingCalls | Frontier (1/1) ... ok
   - CallGoesOOGOnSecondLevelWithMemExpandingCalls | Homestead (1/1) ... ok
   - CallGoesOOGOnSecondLevelWithMemExpandingCalls | Byzantium (1/1) ... ok
   - NewGasPriceForCodesWithMemExpandingCalls | EIP150 (1/1) ... ok
   - NewGasPriceForCodesWithMemExpandingCalls | EIP158 (1/1) ... ok
   - NewGasPriceForCodesWithMemExpandingCalls | Frontier (1/1) ... ok
   - NewGasPriceForCodesWithMemExpandingCalls | Homestead (1/1) ... ok
   - NewGasPriceForCodesWithMemExpandingCalls | Byzantium (1/1) ... ok
   - CallGoesOOGOnSecondLevel2WithMemExpandingCalls | EIP150 (1/1) ... ok
   - CallGoesOOGOnSecondLevel2WithMemExpandingCalls | EIP158 (1/1) ... ok
   - CallGoesOOGOnSecondLevel2WithMemExpandingCalls | Frontier (1/1) ... ok
   - CallGoesOOGOnSecondLevel2WithMemExpandingCalls | Homestead (1/1) ... ok
   - CallGoesOOGOnSecondLevel2WithMemExpandingCalls | Byzantium (1/1) ... ok
ok
   - CallAskMoreGasOnDepth2ThenTransactionHasWithMemExpandingCalls | EIP150 (1/1) ... ok
test json_tests::chain::block_tests::BlockchainTests_GeneralStateTest_stStaticCall ... ok
   - CallAskMoreGasOnDepth2ThenTransactionHasWithMemExpandingCalls | EIP158 (1/1) ... ok
   - CallAskMoreGasOnDepth2ThenTransactionHasWithMemExpandingCalls | Frontier (1/1) ... ok
   - CallAskMoreGasOnDepth2ThenTransactionHasWithMemExpandingCalls | Homestead (1/1) ... ok
   - CallAskMoreGasOnDepth2ThenTransactionHasWithMemExpandingCalls | Byzantium (1/1) ... ok
   - ExecuteCallThatAskMoreGasThenTransactionHasWithMemExpandingCalls | EIP150 (1/1) ... ok
   - ExecuteCallThatAskMoreGasThenTransactionHasWithMemExpandingCalls | EIP158 (1/1) ... ok
   - ExecuteCallThatAskMoreGasThenTransactionHasWithMemExpandingCalls | Frontier (1/1) ... ok
   - ExecuteCallThatAskMoreGasThenTransactionHasWithMemExpandingCalls | Homestead (1/1) ... ok
   - ExecuteCallThatAskMoreGasThenTransactionHasWithMemExpandingCalls | Byzantium (1/1) ... ok
   - mem0b_singleByte | EIP150 (1/1) ... ok
ok
   - ecmul_7827-6598_9935_28000_96_d0g2v0_EIP158...   - CallAndCallcodeConsumeMoreGasThenTransactionHasWithMemExpandingCalls | EIP150 (1/1) ... ok
   - mem0b_singleByte | EIP158 (1/1) ... ok
   - CallAndCallcodeConsumeMoreGasThenTransactionHasWithMemExpandingCalls | EIP158 (1/1) ... ok
   - CallAndCallcodeConsumeMoreGasThenTransactionHasWithMemExpandingCalls | Frontier (1/1) ... ok
   - mem0b_singleByte | Frontier (1/1) ... ok
   - mem0b_singleByte | Homestead (1/1) ... ok
   - CallAndCallcodeConsumeMoreGasThenTransactionHasWithMemExpandingCalls | Homestead (1/1) ... ok
   - mem0b_singleByte | Byzantium (1/1) ... ok
   - CallAndCallcodeConsumeMoreGasThenTransactionHasWithMemExpandingCalls | Byzantium (1/1) ... ok
   - mem64kb_singleByte+1 | EIP150 (1/1) ... ok
   - mem64kb_singleByte+1 | EIP158 (1/1) ... ok
   - CreateAndGasInsideCreateWithMemExpandingCalls | EIP150 (1/1) ... ok
   - CreateAndGasInsideCreateWithMemExpandingCalls | EIP158 (1/1) ... ok
   - mem64kb_singleByte+1 | Frontier (1/1) ... ok
   - mem64kb_singleByte+1 | Homestead (1/1) ... ok
   - CreateAndGasInsideCreateWithMemExpandingCalls | Frontier (1/1) ... ok
   - mem64kb_singleByte+1 | Byzantium (1/1) ... ok
   - CreateAndGasInsideCreateWithMemExpandingCalls | Homestead (1/1) ... ok
   - CreateAndGasInsideCreateWithMemExpandingCalls | Byzantium (1/1) ... ok
test json_tests::state::state_tests::GeneralStateTest_stMemExpandingEIP150Calls ... ok
   - stackLimitPush32_1023 | EIP150 (1/1) ... ok
   - stackLimitPush32_1023 | EIP158 (1/1) ... ok
   - stackLimitPush32_1023 | Frontier (1/1) ... ok
   - stackLimitPush32_1023 | Homestead (1/1) ... ok
   - stackLimitPush32_1023 | Byzantium (1/1) ... ok
   - NonZeroValue_DELEGATECALL_ToEmpty | EIP150 (1/1) ... ok
   - log4_dejavu | EIP150 (1/1) ... ok
   - NonZeroValue_DELEGATECALL_ToEmpty | EIP158 (1/1) ... ok
   - log4_dejavu | EIP158 (1/1) ... ok
   - NonZeroValue_DELEGATECALL_ToEmpty | Frontier (1/1) ... ok
   - log4_dejavu | Frontier (1/1) ... ok
   - NonZeroValue_DELEGATECALL_ToEmpty | Homestead (1/1) ... ok
   - log4_dejavu | Homestead (1/1) ... ok
   - log4_dejavu | Byzantium (1/1) ... ok
   - NonZeroValue_DELEGATECALL_ToEmpty | Byzantium (1/1) ... ok
   - mstore_dejavu | EIP150 (1/1) ... ok
   - NonZeroValue_DELEGATECALL_ToOneStorageKey | EIP150 (1/1) ... ok
   - mstore_dejavu | EIP158 (1/1) ... ok
   - NonZeroValue_DELEGATECALL_ToOneStorageKey | EIP158 (1/1) ... ok
   - mstore_dejavu | Frontier (1/1) ... ok
   - NonZeroValue_DELEGATECALL_ToOneStorageKey | Frontier (1/1) ... ok
   - mstore_dejavu | Homestead (1/1) ... ok
   - NonZeroValue_DELEGATECALL_ToOneStorageKey | Homestead (1/1) ... ok
   - mstore_dejavu | Byzantium (1/1) ... ok
   - NonZeroValue_DELEGATECALL_ToOneStorageKey | Byzantium (1/1) ... ok
   - NonZeroValue_TransactionCALLwithData_ToNonNonZeroBalance | EIP150 (1/1) ... ok
   - NonZeroValue_TransactionCALLwithData_ToNonNonZeroBalance | EIP158 (1/1) ... ok
   - NonZeroValue_TransactionCALLwithData_ToNonNonZeroBalance | Frontier (1/1) ... ok
ok
   - wallet2outOf3txs2_Frontier...   - NonZeroValue_TransactionCALLwithData_ToNonNonZeroBalance | Homestead (1/1) ... ok
   - mem32kb_singleByte-1 | EIP150 (1/1) ... ok
   - NonZeroValue_TransactionCALLwithData_ToNonNonZeroBalance | Byzantium (1/1) ... ok
   - mem32kb_singleByte-1 | EIP158 (1/1) ... ok
   - mem32kb_singleByte-1 | Frontier (1/1) ... ok
   - NonZeroValue_CALLCODE_ToEmpty | EIP150 (1/1) ... ok
   - mem32kb_singleByte-1 | Homestead (1/1) ... ok
   - NonZeroValue_CALLCODE_ToEmpty | EIP158 (1/1) ... ok
   - mem32kb_singleByte-1 | Byzantium (1/1) ... ok
   - NonZeroValue_CALLCODE_ToEmpty | Frontier (1/1) ... ok
   - NonZeroValue_CALLCODE_ToEmpty | Homestead (1/1) ... ok
   - mem32kb-1 | EIP150 (1/1) ... ok
   - NonZeroValue_CALLCODE_ToEmpty | Byzantium (1/1) ... ok
   - mem32kb-1 | EIP158 (1/1) ... ok
   - mem32kb-1 | Frontier (1/1) ... ok
   - NonZeroValue_DELEGATECALL | EIP150 (1/1) ... ok
   - mem32kb-1 | Homestead (1/1) ... ok
   - NonZeroValue_DELEGATECALL | EIP158 (1/1) ... ok
   - NonZeroValue_DELEGATECALL | Frontier (1/1) ... ok
   - mem32kb-1 | Byzantium (1/1) ... ok
   - NonZeroValue_DELEGATECALL | Homestead (1/1) ... ok
   - mload_dejavu | EIP150 (1/1) ... ok
   - NonZeroValue_DELEGATECALL | Byzantium (1/1) ... ok
   - mload_dejavu | EIP158 (1/1) ... ok
   - mload_dejavu | Frontier (1/1) ... ok
   - NonZeroValue_TransactionCALL_ToEmpty | EIP150 (1/1) ... ok
   - mload_dejavu | Homestead (1/1) ... ok
   - NonZeroValue_TransactionCALL_ToEmpty | EIP158 (1/1) ... ok
   - NonZeroValue_TransactionCALL_ToEmpty | Frontier (1/1) ... ok
   - mload_dejavu | Byzantium (1/1) ... ok
   - NonZeroValue_TransactionCALL_ToEmpty | Homestead (1/1) ... ok
   - mem32kb-31 | EIP150 (1/1) ... ok
   - NonZeroValue_TransactionCALL_ToEmpty | Byzantium (1/1) ... ok
   - mem32kb-31 | EIP158 (1/1) ... ok
   - mem32kb-31 | Frontier (1/1) ... ok
   - NonZeroValue_SUICIDE | EIP150 (1/1) ... ok
   - mem32kb-31 | Homestead (1/1) ... ok
   - NonZeroValue_SUICIDE | EIP158 (1/1) ... ok
ok
   - ecmul_7827-6598_9935_28000_96_d0g2v0_Frontier...   - NonZeroValue_SUICIDE | Frontier (1/1) ... ok
   - mem32kb-31 | Byzantium (1/1) ... ok
   - NonZeroValue_SUICIDE | Homestead (1/1) ... ok
   - mem32b_singleByte | EIP150 (1/1) ... ok
   - mem32b_singleByte | EIP158 (1/1) ... ok
   - NonZeroValue_SUICIDE | Byzantium (1/1) ... ok
   - mem32b_singleByte | Frontier (1/1) ... ok
   - NonZeroValue_CALL | EIP150 (1/1) ... ok
   - NonZeroValue_CALL | EIP158 (1/1) ... ok
   - mem32b_singleByte | Homestead (1/1) ... ok
   - NonZeroValue_CALL | Frontier (1/1) ... ok
   - mem32b_singleByte | Byzantium (1/1) ... ok
   - NonZeroValue_CALL | Homestead (1/1) ... ok
   - extcodecopy_dejavu | EIP150 (1/1) ... ok
   - NonZeroValue_CALL | Byzantium (1/1) ... ok
   - extcodecopy_dejavu | EIP158 (1/1) ... ok
   - NonZeroValue_TransactionCALLwithData | EIP150 (1/1) ... ok
   - extcodecopy_dejavu | Frontier (1/1) ... ok
   - NonZeroValue_TransactionCALLwithData | EIP158 (1/1) ... ok
   - extcodecopy_dejavu | Homestead (1/1) ... ok
   - NonZeroValue_TransactionCALLwithData | Frontier (1/1) ... ok
   - NonZeroValue_TransactionCALLwithData | Homestead (1/1) ... ok
   - extcodecopy_dejavu | Byzantium (1/1) ... ok
   - NonZeroValue_TransactionCALLwithData | Byzantium (1/1) ... ok
   - log1_dejavu | EIP150 (1/1) ... ok
   - log1_dejavu | EIP158 (1/1) ... ok
   - NonZeroValue_SUICIDE_ToEmpty | EIP150 (1/1) ... ok
   - log1_dejavu | Frontier (1/1) ... ok
   - NonZeroValue_SUICIDE_ToEmpty | EIP158 (1/1) ... ok
   - log1_dejavu | Homestead (1/1) ... ok
   - NonZeroValue_SUICIDE_ToEmpty | Frontier (1/1) ... ok
   - NonZeroValue_SUICIDE_ToEmpty | Homestead (1/1) ... ok
   - log1_dejavu | Byzantium (1/1) ... ok
   - NonZeroValue_SUICIDE_ToEmpty | Byzantium (1/1) ... ok
   - mstroe8_dejavu | EIP150 (1/1) ... ok
   - NonZeroValue_CALL_ToOneStorageKey | EIP150 (1/1) ... ok
   - NonZeroValue_CALL_ToOneStorageKey | EIP158 (1/1) ... ok
   - mstroe8_dejavu | EIP158 (1/1) ... ok
   - mstroe8_dejavu | Frontier (1/1) ... ok
   - NonZeroValue_CALL_ToOneStorageKey | Frontier (1/1) ... ok
   - mstroe8_dejavu | Homestead (1/1) ... ok
   - NonZeroValue_CALL_ToOneStorageKey | Homestead (1/1) ... ok
   - mstroe8_dejavu | Byzantium (1/1) ... ok
   - NonZeroValue_CALL_ToOneStorageKey | Byzantium (1/1) ... ok
   - mem64kb_singleByte-32 | EIP150 (1/1) ... ok
   - NonZeroValue_SUICIDE_ToOneStorageKey | EIP150 (1/1) ... ok
   - mem64kb_singleByte-32 | EIP158 (1/1) ... ok
   - NonZeroValue_SUICIDE_ToOneStorageKey | EIP158 (1/1) ... ok
   - mem64kb_singleByte-32 | Frontier (1/1) ... ok
   - NonZeroValue_SUICIDE_ToOneStorageKey | Frontier (1/1) ... ok
   - mem64kb_singleByte-32 | Homestead (1/1) ... ok
   - NonZeroValue_SUICIDE_ToOneStorageKey | Homestead (1/1) ... ok
   - NonZeroValue_SUICIDE_ToOneStorageKey | Byzantium (1/1) ... ok
   - mem64kb_singleByte-32 | Byzantium (1/1) ... ok
   - NonZeroValue_CALLCODE_ToNonNonZeroBalance | EIP150 (1/1) ... ok
   - mem32kb+33 | EIP150 (1/1) ... ok
   - NonZeroValue_CALLCODE_ToNonNonZeroBalance | EIP158 (1/1) ... ok
   - mem32kb+33 | EIP158 (1/1) ... ok
   - NonZeroValue_CALLCODE_ToNonNonZeroBalance | Frontier (1/1) ... ok
   - mem32kb+33 | Frontier (1/1) ... ok
   - mem32kb+33 | Homestead (1/1) ... ok
   - NonZeroValue_CALLCODE_ToNonNonZeroBalance | Homestead (1/1) ... ok
   - NonZeroValue_CALLCODE_ToNonNonZeroBalance | Byzantium (1/1) ... ok
   - mem32kb+33 | Byzantium (1/1) ... ok
   - codecopy_dejavu | EIP150 (1/1) ... ok
   - NonZeroValue_CALLCODE | EIP150 (1/1) ... ok
   - codecopy_dejavu | EIP158 (1/1) ... ok
   - NonZeroValue_CALLCODE | EIP158 (1/1) ... ok
   - codecopy_dejavu | Frontier (1/1) ... ok
   - NonZeroValue_CALLCODE | Frontier (1/1) ... ok
   - codecopy_dejavu | Homestead (1/1) ... ok
   - NonZeroValue_CALLCODE | Homestead (1/1) ... ok
   - codecopy_dejavu | Byzantium (1/1) ... ok
   - NonZeroValue_CALLCODE | Byzantium (1/1) ... ok
   - memReturn | EIP150 (1/1) ... ok
   - NonZeroValue_CALLCODE_ToOneStorageKey | EIP150 (1/1) ... ok
   - memReturn | EIP158 (1/1) ... ok
   - NonZeroValue_CALLCODE_ToOneStorageKey | EIP158 (1/1) ... ok
   - memReturn | Frontier (1/1) ... ok
   - NonZeroValue_CALLCODE_ToOneStorageKey | Frontier (1/1) ... ok
   - memReturn | Homestead (1/1) ... ok
   - NonZeroValue_CALLCODE_ToOneStorageKey | Homestead (1/1) ... ok
   - NonZeroValue_CALLCODE_ToOneStorageKey | Byzantium (1/1) ... ok
   - memReturn | Byzantium (1/1) ... ok
   - NonZeroValue_TransactionCALLwithData_ToEmpty | EIP150 (1/1) ... ok
   - NonZeroValue_TransactionCALLwithData_ToEmpty | EIP158 (1/1) ... ok
   - stackLimitPush32_1024 | EIP150 (1/1) ... ok
   - NonZeroValue_TransactionCALLwithData_ToEmpty | Frontier (1/1) ... ok
   - NonZeroValue_TransactionCALLwithData_ToEmpty | Homestead (1/1) ... ok
   - NonZeroValue_TransactionCALLwithData_ToEmpty | Byzantium (1/1) ... ok
   - stackLimitPush32_1024 | EIP158 (1/1) ... ok
   - NonZeroValue_TransactionCALLwithData_ToOneStorageKey | EIP150 (1/1) ... ok
   - stackLimitPush32_1024 | Frontier (1/1) ... ok
   - NonZeroValue_TransactionCALLwithData_ToOneStorageKey | EIP158 (1/1) ... ok
   - NonZeroValue_TransactionCALLwithData_ToOneStorageKey | Frontier (1/1) ... ok
   - NonZeroValue_TransactionCALLwithData_ToOneStorageKey | Homestead (1/1) ... ok
   - stackLimitPush32_1024 | Homestead (1/1) ... ok
   - NonZeroValue_TransactionCALLwithData_ToOneStorageKey | Byzantium (1/1) ... ok
   - NonZeroValue_SUICIDE_ToNonNonZeroBalance | EIP150 (1/1) ... ok
   - stackLimitPush32_1024 | Byzantium (1/1) ... ok
   - NonZeroValue_SUICIDE_ToNonNonZeroBalance | EIP158 (1/1) ... ok
   - mem64kb-32 | EIP150 (1/1) ... ok
   - NonZeroValue_SUICIDE_ToNonNonZeroBalance | Frontier (1/1) ... ok
   - mem64kb-32 | EIP158 (1/1) ... ok
   - NonZeroValue_SUICIDE_ToNonNonZeroBalance | Homestead (1/1) ... ok
   - mem64kb-32 | Frontier (1/1) ... ok
   - NonZeroValue_SUICIDE_ToNonNonZeroBalance | Byzantium (1/1) ... ok
   - mem64kb-32 | Homestead (1/1) ... ok
   - NonZeroValue_DELEGATECALL_ToNonNonZeroBalance | EIP150 (1/1) ... ok
   - mem64kb-32 | Byzantium (1/1) ... ok
   - NonZeroValue_DELEGATECALL_ToNonNonZeroBalance | EIP158 (1/1) ... ok
   - NonZeroValue_DELEGATECALL_ToNonNonZeroBalance | Frontier (1/1) ... ok
   - stackLimitPush31_1023 | EIP150 (1/1) ... ok
   - NonZeroValue_DELEGATECALL_ToNonNonZeroBalance | Homestead (1/1) ... ok
   - NonZeroValue_DELEGATECALL_ToNonNonZeroBalance | Byzantium (1/1) ... ok
   - stackLimitPush31_1023 | EIP158 (1/1) ... ok
   - NonZeroValue_CALL_ToNonNonZeroBalance | EIP150 (1/1) ... ok
   - NonZeroValue_CALL_ToNonNonZeroBalance | EIP158 (1/1) ... ok
ok
   - ecmul_7827-6598_9935_28000_96_d0g2v0_Homestead...   - stackLimitPush31_1023 | Frontier (1/1) ... ok
   - NonZeroValue_CALL_ToNonNonZeroBalance | Frontier (1/1) ... ok
   - NonZeroValue_CALL_ToNonNonZeroBalance | Homestead (1/1) ... ok
   - stackLimitPush31_1023 | Homestead (1/1) ... ok
   - NonZeroValue_CALL_ToNonNonZeroBalance | Byzantium (1/1) ... ok
ok
   - wallet2outOf3txs2_Homestead...   - stackLimitPush31_1023 | Byzantium (1/1) ... ok
   - mem64kb-33 | EIP150 (1/1) ... ok
   - NonZeroValue_TransactionCALL | EIP150 (1/1) ... ok
   - mem64kb-33 | EIP158 (1/1) ... ok
   - NonZeroValue_TransactionCALL | EIP158 (1/1) ... ok
   - mem64kb-33 | Frontier (1/1) ... ok
   - NonZeroValue_TransactionCALL | Frontier (1/1) ... ok
   - mem64kb-33 | Homestead (1/1) ... ok
   - mem64kb-33 | Byzantium (1/1) ... ok
   - NonZeroValue_TransactionCALL | Homestead (1/1) ... ok
   - codecopy_dejavu2 | EIP150 (1/1) ... ok
   - NonZeroValue_TransactionCALL | Byzantium (1/1) ... ok
   - codecopy_dejavu2 | EIP158 (1/1) ... ok
   - NonZeroValue_CALL_ToEmpty | EIP150 (1/1) ... ok
   - codecopy_dejavu2 | Frontier (1/1) ... ok
   - NonZeroValue_CALL_ToEmpty | EIP158 (1/1) ... ok
   - codecopy_dejavu2 | Homestead (1/1) ... ok
   - NonZeroValue_CALL_ToEmpty | Frontier (1/1) ... ok
   - codecopy_dejavu2 | Byzantium (1/1) ... ok
   - mem64kb+33 | EIP150 (1/1) ... ok
   - NonZeroValue_CALL_ToEmpty | Homestead (1/1) ... ok
   - mem64kb+33 | EIP158 (1/1) ... ok
   - NonZeroValue_CALL_ToEmpty | Byzantium (1/1) ... ok
   - NonZeroValue_TransactionCALL_ToNonNonZeroBalance | EIP150 (1/1) ... ok
   - NonZeroValue_TransactionCALL_ToNonNonZeroBalance | EIP158 (1/1) ... ok
   - mem64kb+33 | Frontier (1/1) ... ok
   - NonZeroValue_TransactionCALL_ToNonNonZeroBalance | Frontier (1/1) ... ok
   - mem64kb+33 | Homestead (1/1) ... ok
   - NonZeroValue_TransactionCALL_ToNonNonZeroBalance | Homestead (1/1) ... ok
   - NonZeroValue_TransactionCALL_ToNonNonZeroBalance | Byzantium (1/1) ... ok
   - mem64kb+33 | Byzantium (1/1) ... ok
   - NonZeroValue_TransactionCALL_ToOneStorageKey | EIP150 (1/1) ... ok
   - mem64kb_singleByte-33 | EIP150 (1/1) ... ok
   - NonZeroValue_TransactionCALL_ToOneStorageKey | EIP158 (1/1) ... ok
   - mem64kb_singleByte-33 | EIP158 (1/1) ... ok
   - NonZeroValue_TransactionCALL_ToOneStorageKey | Frontier (1/1) ... ok
   - mem64kb_singleByte-33 | Frontier (1/1) ... ok
   - NonZeroValue_TransactionCALL_ToOneStorageKey | Homestead (1/1) ... ok
   - mem64kb_singleByte-33 | Homestead (1/1) ... ok
   - NonZeroValue_TransactionCALL_ToOneStorageKey | Byzantium (1/1) ... ok
test json_tests::state::state_tests::GeneralStateTest_stNonZeroCallsTest ... ok
   - mem64kb_singleByte-33 | Byzantium (1/1) ... ok
   - CallIdentity_3 | EIP150 (1/1) ... ok
   - stackLimitGas_1023 | EIP150 (1/1) ... ok
   - CallIdentity_3 | EIP158 (1/1) ... ok
   - CallIdentity_3 | Frontier (1/1) ... ok
   - stackLimitGas_1023 | EIP158 (1/1) ... ok
   - CallIdentity_3 | Homestead (1/1) ... ok
   - CallIdentity_3 | Byzantium (1/1) ... ok
   - stackLimitGas_1023 | Frontier (1/1) ... ok
   - CallIdentity_4 | EIP150 (1/1) ... ok
   - stackLimitGas_1023 | Homestead (1/1) ... ok
   - CallIdentity_4 | EIP158 (1/1) ... ok
   - CallIdentity_4 | Frontier (1/1) ... ok
   - stackLimitGas_1023 | Byzantium (1/1) ... ok
   - CallIdentity_4 | Homestead (1/1) ... ok
   - mem64kb_singleByte+33 | EIP150 (1/1) ... ok
   - CallIdentity_4 | Byzantium (1/1) ... ok
   - mem64kb_singleByte+33 | EIP158 (1/1) ... ok
   - modexp_37120_37111_37111_25000 | EIP150 (1/4) ... ok
   - mem64kb_singleByte+33 | Frontier (1/1) ... ok
   - modexp_37120_37111_37111_25000 | EIP150 (2/4) ... ok
   - mem64kb_singleByte+33 | Homestead (1/1) ... ok
   - modexp_37120_37111_37111_25000 | EIP150 (3/4) ... ok
   - mem64kb_singleByte+33 | Byzantium (1/1) ... ok
   - modexp_37120_37111_37111_25000 | EIP150 (4/4) ... ok
   - modexp_37120_37111_37111_25000 | EIP158 (1/4) ... ok
   - stackLimitGas_1025 | EIP150 (1/1) ... ok
   - modexp_37120_37111_37111_25000 | EIP158 (2/4) ... ok
   - modexp_37120_37111_37111_25000 | EIP158 (3/4) ... ok
   - stackLimitGas_1025 | EIP158 (1/1) ... ok
   - modexp_37120_37111_37111_25000 | EIP158 (4/4) ... ok
   - modexp_37120_37111_37111_25000 | Frontier (1/4) ... ok
   - stackLimitGas_1025 | Frontier (1/1) ... ok
   - modexp_37120_37111_37111_25000 | Frontier (2/4) ... ok
   - modexp_37120_37111_37111_25000 | Frontier (3/4) ... ok
   - stackLimitGas_1025 | Homestead (1/1) ... ok
   - modexp_37120_37111_37111_25000 | Frontier (4/4) ... ok
   - modexp_37120_37111_37111_25000 | Homestead (1/4) ... ok
   - stackLimitGas_1025 | Byzantium (1/1) ... ok
   - modexp_37120_37111_37111_25000 | Homestead (2/4) ... ok
   - mem32kb_singleByte-31 | EIP150 (1/1) ... ok
   - modexp_37120_37111_37111_25000 | Homestead (3/4) ... ok
   - modexp_37120_37111_37111_25000 | Homestead (4/4) ... ok
   - mem32kb_singleByte-31 | EIP158 (1/1) ... ok
   - mem32kb_singleByte-31 | Frontier (1/1) ... ok
   - modexp_37120_37111_37111_25000 | Byzantium (1/4) ... ok
   - modexp_37120_37111_37111_25000 | Byzantium (2/4) ... ok
   - mem32kb_singleByte-31 | Homestead (1/1) ... ok
   - modexp_37120_37111_37111_25000 | Byzantium (3/4) ... ok
   - mem32kb_singleByte-31 | Byzantium (1/1) ... ok
   - modexp_37120_37111_37111_25000 | Byzantium (4/4) ... ok
   - log2_dejavu | EIP150 (1/1) ... ok
   - log2_dejavu | EIP158 (1/1) ... ok
   - log2_dejavu | Frontier (1/1) ... ok
   - CallRipemd160_5 | EIP150 (1/1) ... ok
   - log2_dejavu | Homestead (1/1) ... ok
   - log2_dejavu | Byzantium (1/1) ... ok
   - mem32kb_singleByte-32 | EIP150 (1/1) ... ok
ok
   - mem32kb_singleByte-32 | EIP158 (1/1) ... ok
   - mem32kb_singleByte-32 | Frontier (1/1) ... ok
   - mem32kb_singleByte-32 | Homestead (1/1) ... ok
   - mem32kb_singleByte-32 | Byzantium (1/1) ... ok
   - ecpairing_one_point_insufficient_gas_d0g2v0_Byzantium...   - mem64kb+1 | EIP150 (1/1) ... ok
   - mem64kb+1 | EIP158 (1/1) ... ok
   - CallRipemd160_5 | EIP158 (1/1) ... ok
   - mem64kb+1 | Frontier (1/1) ... ok
   - mem64kb+1 | Homestead (1/1) ... ok
   - CallRipemd160_5 | Frontier (1/1) ... ok
   - mem64kb+1 | Byzantium (1/1) ... ok
   - mem32kb_singleByte+33 | EIP150 (1/1) ... ok
   - CallRipemd160_5 | Homestead (1/1) ... ok
   - mem32kb_singleByte+33 | EIP158 (1/1) ... ok
   - mem32kb_singleByte+33 | Frontier (1/1) ... ok
   - mem32kb_singleByte+33 | Homestead (1/1) ... ok
   - CallRipemd160_5 | Byzantium (1/1) ... ok
   - mem32kb_singleByte+33 | Byzantium (1/1) ... ok
   - CallSha256_4 | EIP150 (1/1) ... ok
   - CallSha256_4 | EIP158 (1/1) ... ok
   - mem64kb | EIP150 (1/1) ... ok
   - CallSha256_4 | Frontier (1/1) ... ok
   - mem64kb | EIP158 (1/1) ... ok
   - CallSha256_4 | Homestead (1/1) ... ok
   - mem64kb | Frontier (1/1) ... ok
   - CallSha256_4 | Byzantium (1/1) ... ok
   - mem64kb | Homestead (1/1) ... ok
   - mem64kb | Byzantium (1/1) ... ok
   - modexp_9_37111_37111_22000 | EIP150 (1/4) ... ok
   - mem32kb_singleByte+1 | EIP150 (1/1) ... ok
   - modexp_9_37111_37111_22000 | EIP150 (2/4) ... ok
   - mem32kb_singleByte+1 | EIP158 (1/1) ... ok
   - modexp_9_37111_37111_22000 | EIP150 (3/4) ... ok
   - mem32kb_singleByte+1 | Frontier (1/1) ... ok
   - modexp_9_37111_37111_22000 | EIP150 (4/4) ... ok
   - mem32kb_singleByte+1 | Homestead (1/1) ... ok
   - mem32kb_singleByte+1 | Byzantium (1/1) ... ok
   - mem64kb-1 | EIP150 (1/1) ... ok
   - mem64kb-1 | EIP158 (1/1) ... ok
   - mem64kb-1 | Frontier (1/1) ... ok
   - mem64kb-1 | Homestead (1/1) ... ok
   - modexp_9_37111_37111_22000 | EIP158 (1/4) ... ok
   - mem64kb-1 | Byzantium (1/1) ... ok
   - modexp_9_37111_37111_22000 | EIP158 (2/4) ... ok
   - mem64kb_singleByte-31 | EIP150 (1/1) ... ok
ok
   - modexp_9_37111_37111_22000 | EIP158 (3/4) ... ok
   - mem64kb_singleByte-31 | EIP158 (1/1) ... ok
   - modexp_9_37111_37111_22000 | EIP158 (4/4) ... ok
   - mem64kb_singleByte-31 | Frontier (1/1) ... ok
   - modexp_9_37111_37111_22000 | Frontier (1/4) ... ok
   - modexp_9_37111_37111_22000 | Frontier (2/4) ... ok
   - mem64kb_singleByte-31 | Homestead (1/1) ... ok
   - modexp_9_37111_37111_22000 | Frontier (3/4) ... ok
   - modexp_9_37111_37111_22000 | Frontier (4/4) ... ok
   - mem64kb_singleByte-31 | Byzantium (1/1) ... ok
   - modexp_9_37111_37111_22000 | Homestead (1/4) ... ok
   - modexp_9_37111_37111_22000 | Homestead (2/4) ... ok
   - stackLimitGas_1024 | EIP150 (1/1) ... ok
   - modexp_9_37111_37111_22000 | Homestead (3/4) ... ok
   - modexp_9_37111_37111_22000 | Homestead (4/4) ... ok
   - stackLimitGas_1024 | EIP158 (1/1) ... ok
   - modexp_9_37111_37111_22000 | Byzantium (1/4) ... ok
   - stackLimitGas_1024 | Frontier (1/1) ... ok
   - modexp_9_37111_37111_22000 | Byzantium (2/4) ... ok
   - modexp_9_37111_37111_22000 | Byzantium (3/4) ... ok
   - stackLimitGas_1024 | Homestead (1/1) ... ok
   - modexp_9_37111_37111_22000 | Byzantium (4/4) ... ok
   - modexp_37120_37111_37111_35000 | EIP150 (1/4) ... ok
   - stackLimitGas_1024 | Byzantium (1/1) ... ok
   - modexp_37120_37111_37111_35000 | EIP150 (2/4) ... ok
   - mem64kb_singleByte+32 | EIP150 (1/1) ... ok
   - wallet2outOf3txsRevoke_Byzantium...   - modexp_37120_37111_37111_35000 | EIP150 (3/4) ... ok
   - mem64kb_singleByte+32 | EIP158 (1/1) ... ok
   - modexp_37120_37111_37111_35000 | EIP150 (4/4) ... ok
   - mem64kb_singleByte+32 | Frontier (1/1) ... ok
   - modexp_37120_37111_37111_35000 | EIP158 (1/4) ... ok
   - mem64kb_singleByte+32 | Homestead (1/1) ... ok
   - modexp_37120_37111_37111_35000 | EIP158 (2/4) ... ok
   - mem64kb_singleByte+32 | Byzantium (1/1) ... ok
   - modexp_37120_37111_37111_35000 | EIP158 (3/4) ... ok
   - mem32kb_singleByte | EIP150 (1/1) ... ok
   - modexp_37120_37111_37111_35000 | EIP158 (4/4) ... ok
   - mem32kb_singleByte | EIP158 (1/1) ... ok
   - modexp_37120_37111_37111_35000 | Frontier (1/4) ... ok
   - modexp_37120_37111_37111_35000 | Frontier (2/4) ... ok
   - mem32kb_singleByte | Frontier (1/1) ... ok
   - modexp_37120_37111_37111_35000 | Frontier (3/4) ... ok
   - mem32kb_singleByte | Homestead (1/1) ... ok
   - modexp_37120_37111_37111_35000 | Frontier (4/4) ... ok
   - modexp_37120_37111_37111_35000 | Homestead (1/4) ... ok
   - mem32kb_singleByte | Byzantium (1/1) ... ok
   - modexp_37120_37111_37111_35000 | Homestead (2/4) ... ok
   - modexp_37120_37111_37111_35000 | Homestead (3/4) ... ok
   - mem32kb+31 | EIP150 (1/1) ... ok
   - modexp_37120_37111_37111_35000 | Homestead (4/4) ... ok
   - mem32kb+31 | EIP158 (1/1) ... ok
   - mem32kb+31 | Frontier (1/1) ... ok
   - modexp_37120_37111_37111_35000 | Byzantium (1/4) ... ok
   - mem32kb+31 | Homestead (1/1) ... ok
   - modexp_37120_37111_37111_35000 | Byzantium (2/4) ... ok
   - modexp_37120_37111_37111_35000 | Byzantium (3/4) ... ok
   - mem32kb+31 | Byzantium (1/1) ... ok
   - modexp_37120_37111_37111_35000 | Byzantium (4/4) ... ok
   - sha3_dejavu | EIP150 (1/1) ... ok
   - sha3_dejavu | EIP158 (1/1) ... ok
   - modexp_0_3_100_25000 | EIP150 (1/4) ... ok
   - sha3_dejavu | Frontier (1/1) ... ok
   - modexp_0_3_100_25000 | EIP150 (2/4) ... ok
   - sha3_dejavu | Homestead (1/1) ... ok
   - modexp_0_3_100_25000 | EIP150 (3/4) ... ok
   - sha3_dejavu | Byzantium (1/1) ... ok
   - modexp_0_3_100_25000 | EIP150 (4/4) ... ok
   - mem32kb_singleByte+31 | EIP150 (1/1) ... ok
   - modexp_0_3_100_25000 | EIP158 (1/4) ... ok
   - mem32kb_singleByte+31 | EIP158 (1/1) ... ok
   - modexp_0_3_100_25000 | EIP158 (2/4) ... ok
   - mem32kb_singleByte+31 | Frontier (1/1) ... ok
   - modexp_0_3_100_25000 | EIP158 (3/4) ... ok
   - mem32kb_singleByte+31 | Homestead (1/1) ... ok
   - mem32kb_singleByte+31 | Byzantium (1/1) ... ok
ok
   - mem32kb | EIP150 (1/1) ... ok
   - ecpairing_one_point_insufficient_gas_d0g2v0_EIP150...   - mem32kb | EIP158 (1/1) ... ok
   - modexp_0_3_100_25000 | EIP158 (4/4) ... ok
   - mem32kb | Frontier (1/1) ... ok
   - mem32kb | Homestead (1/1) ... ok
   - modexp_0_3_100_25000 | Frontier (1/4) ... ok
   - modexp_0_3_100_25000 | Frontier (2/4) ... ok
   - mem32kb | Byzantium (1/1) ... ok
   - modexp_0_3_100_25000 | Frontier (3/4) ... ok
   - modexp_0_3_100_25000 | Frontier (4/4) ... ok
   - stackLimitPush31_1024 | EIP150 (1/1) ... ok
   - modexp_0_3_100_25000 | Homestead (1/4) ... ok
   - modexp_0_3_100_25000 | Homestead (2/4) ... ok
   - stackLimitPush31_1024 | EIP158 (1/1) ... ok
   - modexp_0_3_100_25000 | Homestead (3/4) ... ok
   - modexp_0_3_100_25000 | Homestead (4/4) ... ok
   - stackLimitPush31_1024 | Frontier (1/1) ... ok
   - modexp_0_3_100_25000 | Byzantium (1/4) ... ok
   - modexp_0_3_100_25000 | Byzantium (2/4) ... ok
   - stackLimitPush31_1024 | Homestead (1/1) ... ok
   - modexp_0_3_100_25000 | Byzantium (3/4) ... ok
   - modexp_0_3_100_25000 | Byzantium (4/4) ... ok
   - stackLimitPush31_1024 | Byzantium (1/1) ... ok
   - modexp_37120_37111_0_20500 | EIP150 (1/4) ... ok
   - mem32kb+1 | EIP150 (1/1) ... ok
   - modexp_37120_37111_0_20500 | EIP150 (2/4) ... ok
   - modexp_37120_37111_0_20500 | EIP150 (3/4) ... ok
   - mem32kb+1 | EIP158 (1/1) ... ok
   - mem32kb+1 | Frontier (1/1) ... ok
   - modexp_37120_37111_0_20500 | EIP150 (4/4) ... ok
   - mem32kb+1 | Homestead (1/1) ... ok
   - modexp_37120_37111_0_20500 | EIP158 (1/4) ... ok
   - modexp_37120_37111_0_20500 | EIP158 (2/4) ... ok
   - mem32kb+1 | Byzantium (1/1) ... ok
   - modexp_37120_37111_0_20500 | EIP158 (3/4) ... ok
   - mem64kb-31 | EIP150 (1/1) ... ok
   - modexp_37120_37111_0_20500 | EIP158 (4/4) ... ok
   - mem64kb-31 | EIP158 (1/1) ... ok
   - modexp_37120_37111_0_20500 | Frontier (1/4) ... ok
   - mem64kb-31 | Frontier (1/1) ... ok
   - modexp_37120_37111_0_20500 | Frontier (2/4) ... ok
   - mem64kb-31 | Homestead (1/1) ... ok
   - modexp_37120_37111_0_20500 | Frontier (3/4) ... ok
   - modexp_37120_37111_0_20500 | Frontier (4/4) ... ok
   - mem64kb-31 | Byzantium (1/1) ... ok
   - modexp_37120_37111_0_20500 | Homestead (1/4) ... ok
   - modexp_37120_37111_0_20500 | Homestead (2/4) ... ok
   - modexp_37120_37111_0_20500 | Homestead (3/4) ... ok
   - stackLimitPush31_1025 | EIP150 (1/1) ... ok
   - modexp_37120_37111_0_20500 | Homestead (4/4) ... ok
   - modexp_37120_37111_0_20500 | Byzantium (1/4) ... ok
   - stackLimitPush31_1025 | EIP158 (1/1) ... ok
   - modexp_37120_37111_0_20500 | Byzantium (2/4) ... ok
   - modexp_37120_37111_0_20500 | Byzantium (3/4) ... ok
   - stackLimitPush31_1025 | Frontier (1/1) ... ok
   - modexp_37120_37111_0_20500 | Byzantium (4/4) ... ok
   - stackLimitPush31_1025 | Homestead (1/1) ... ok
   - modexp_37120_37111_0_35000 | EIP150 (1/4) ... ok
   - modexp_37120_37111_0_35000 | EIP150 (2/4) ... ok
   - stackLimitPush31_1025 | Byzantium (1/1) ... ok
   - modexp_37120_37111_0_35000 | EIP150 (3/4) ... ok
   - modexp_37120_37111_0_35000 | EIP150 (4/4) ... ok
   - modexp_37120_37111_0_35000 | EIP158 (1/4) ... ok
   - modexp_37120_37111_0_35000 | EIP158 (2/4) ... ok
   - modexp_37120_37111_0_35000 | EIP158 (3/4) ... ok
   - modexp_37120_37111_0_35000 | EIP158 (4/4) ... ok
   - modexp_37120_37111_0_35000 | Frontier (1/4) ... ok
ok
   - ecpairing_one_point_insufficient_gas_d0g2v0_EIP158...   - mem33b_singleByte | EIP150 (1/1) ... ok
   - modexp_37120_37111_0_35000 | Frontier (2/4) ... ok
   - mem33b_singleByte | EIP158 (1/1) ... ok
ok
   - modexp_37120_37111_0_35000 | Frontier (3/4) ... ok
   - wallet2outOf3txsRevoke_EIP150...   - mem33b_singleByte | Frontier (1/1) ... ok
   - modexp_37120_37111_0_35000 | Frontier (4/4) ... ok
   - mem33b_singleByte | Homestead (1/1) ... ok
   - modexp_37120_37111_0_35000 | Homestead (1/4) ... ok
   - modexp_37120_37111_0_35000 | Homestead (2/4) ... ok
   - modexp_37120_37111_0_35000 | Homestead (3/4) ... ok
   - modexp_37120_37111_0_35000 | Homestead (4/4) ... ok
   - mem33b_singleByte | Byzantium (1/1) ... ok
   - modexp_37120_37111_0_35000 | Byzantium (1/4) ... ok
   - modexp_37120_37111_0_35000 | Byzantium (2/4) ... ok
   - mem32kb+32 | EIP150 (1/1) ... ok
   - modexp_37120_37111_0_35000 | Byzantium (3/4) ... ok
   - mem32kb+32 | EIP158 (1/1) ... ok
   - modexp_37120_37111_0_35000 | Byzantium (4/4) ... ok
   - modexp_37120_37111_0_22000 | EIP150 (1/4) ... ok
   - modexp_37120_37111_0_22000 | EIP150 (2/4) ... ok
   - modexp_37120_37111_0_22000 | EIP150 (3/4) ... ok
   - modexp_37120_37111_0_22000 | EIP150 (4/4) ... ok
   - modexp_37120_37111_0_22000 | EIP158 (1/4) ... ok
   - modexp_37120_37111_0_22000 | EIP158 (2/4) ... ok
   - modexp_37120_37111_0_22000 | EIP158 (3/4) ... ok
   - mem32kb+32 | Frontier (1/1) ... ok
   - modexp_37120_37111_0_22000 | EIP158 (4/4) ... ok
   - modexp_37120_37111_0_22000 | Frontier (1/4) ... ok
   - mem32kb+32 | Homestead (1/1) ... ok
   - modexp_37120_37111_0_22000 | Frontier (2/4) ... ok
   - modexp_37120_37111_0_22000 | Frontier (3/4) ... ok
   - modexp_37120_37111_0_22000 | Frontier (4/4) ... ok
   - mem32kb+32 | Byzantium (1/1) ... ok
   - modexp_37120_37111_0_22000 | Homestead (1/4) ... ok
   - modexp_37120_37111_0_22000 | Homestead (2/4) ... ok
   - modexp_37120_37111_0_22000 | Homestead (3/4) ... ok
   - modexp_37120_37111_0_22000 | Homestead (4/4) ... ok
   - modexp_37120_37111_0_22000 | Byzantium (1/4) ... ok
   - mem64kb_singleByte-1 | EIP150 (1/1) ... ok
   - mem64kb_singleByte-1 | EIP158 (1/1) ... ok
   - mem64kb_singleByte-1 | Frontier (1/1) ... ok
   - mem64kb_singleByte-1 | Homestead (1/1) ... ok
   - mem64kb_singleByte-1 | Byzantium (1/1) ... ok
   - mem32kb-32 | EIP150 (1/1) ... ok
   - mem32kb-32 | EIP158 (1/1) ... ok
   - mem32kb-32 | Frontier (1/1) ... ok
   - mem32kb-32 | Homestead (1/1) ... ok
   - mem32kb-32 | Byzantium (1/1) ... ok
   - modexp_37120_37111_0_22000 | Byzantium (2/4) ... ok
   - modexp_37120_37111_0_22000 | Byzantium (3/4) ... ok
   - modexp_37120_37111_0_22000 | Byzantium (4/4) ... ok
   - CALLCODEEcrecover0_NoGas | EIP150 (1/1) ... ok
   - CALLCODEEcrecover0_NoGas | EIP158 (1/1) ... ok
ok
   - ecpairing_one_point_insufficient_gas_d0g2v0_Frontier...   - CALLCODEEcrecover0_NoGas | Frontier (1/1) ... ok
   - CALLCODEEcrecover0_NoGas | Homestead (1/1) ... ok
   - CALLCODEEcrecover0_NoGas | Byzantium (1/1) ... ok
   - CallIdentity_2 | EIP150 (1/1) ... ok
   - CallIdentity_2 | EIP158 (1/1) ... ok
   - stackLimitPush32_1025 | EIP150 (1/1) ... ok
   - stackLimitPush32_1025 | EIP158 (1/1) ... ok
   - CallIdentity_2 | Frontier (1/1) ... ok
   - CallIdentity_2 | Homestead (1/1) ... ok
   - stackLimitPush32_1025 | Frontier (1/1) ... ok
   - stackLimitPush32_1025 | Homestead (1/1) ... ok
   - CallIdentity_2 | Byzantium (1/1) ... ok
   - CALLCODESha256_3_prefix0 | EIP150 (1/1) ... ok
   - CALLCODESha256_3_prefix0 | EIP158 (1/1) ... ok
   - CALLCODESha256_3_prefix0 | Frontier (1/1) ... ok
   - CALLCODESha256_3_prefix0 | Homestead (1/1) ... ok
   - stackLimitPush32_1025 | Byzantium (1/1) ... ok
   - CALLCODESha256_3_prefix0 | Byzantium (1/1) ... ok
   - log3_dejavu | EIP150 (1/1) ... ok
   - CALLCODEEcrecoverS_prefixed0 | EIP150 (1/1) ... ok
   - log3_dejavu | EIP158 (1/1) ... ok
   - CALLCODEEcrecoverS_prefixed0 | EIP158 (1/1) ... ok
   - CALLCODEEcrecoverS_prefixed0 | Frontier (1/1) ... ok
   - CALLCODEEcrecoverS_prefixed0 | Homestead (1/1) ... ok
   - log3_dejavu | Frontier (1/1) ... ok
   - log3_dejavu | Homestead (1/1) ... ok
   - CALLCODEEcrecoverS_prefixed0 | Byzantium (1/1) ... ok
   - log3_dejavu | Byzantium (1/1) ... ok
   - CallEcrecover0_gas3000 | EIP150 (1/1) ... ok
ok
   - wallet2outOf3txsRevoke_EIP158...   - CallEcrecover0_gas3000 | EIP158 (1/1) ... ok
   - mload8bitBound | EIP150 (1/1) ... ok
   - CallEcrecover0_gas3000 | Frontier (1/1) ... ok
ok
   - ecpairing_one_point_insufficient_gas_d0g2v0_Homestead...   - mload8bitBound | EIP158 (1/1) ... ok
   - mload8bitBound | Frontier (1/1) ... ok
   - mload8bitBound | Homestead (1/1) ... ok
   - CallEcrecover0_gas3000 | Homestead (1/1) ... ok
   - mload8bitBound | Byzantium (1/1) ... ok
   - CallEcrecover0_gas3000 | Byzantium (1/1) ... ok
   - mem31b_singleByte | EIP150 (1/1) ... ok
   - mem31b_singleByte | EIP158 (1/1) ... ok
   - modexp_37120_37111_0_1000000 | EIP150 (1/4) ... ok
   - mem31b_singleByte | Frontier (1/1) ... ok
   - modexp_37120_37111_0_1000000 | EIP150 (2/4) ... ok
   - mem31b_singleByte | Homestead (1/1) ... ok
   - modexp_37120_37111_0_1000000 | EIP150 (3/4) ... ok
   - modexp_37120_37111_0_1000000 | EIP150 (4/4) ... ok
   - mem31b_singleByte | Byzantium (1/1) ... ok
   - mem32kb_singleByte-33 | EIP150 (1/1) ... ok
   - modexp_37120_37111_0_1000000 | EIP158 (1/4) ... ok
   - mem32kb_singleByte-33 | EIP158 (1/1) ... ok
   - modexp_37120_37111_0_1000000 | EIP158 (2/4) ... ok
   - mem32kb_singleByte-33 | Frontier (1/1) ... ok
   - modexp_37120_37111_0_1000000 | EIP158 (3/4) ... ok
   - modexp_37120_37111_0_1000000 | EIP158 (4/4) ... ok
   - mem32kb_singleByte-33 | Homestead (1/1) ... ok
   - modexp_37120_37111_0_1000000 | Frontier (1/4) ... ok
   - mem32kb_singleByte-33 | Byzantium (1/1) ... ok
   - modexp_37120_37111_0_1000000 | Frontier (2/4) ... ok
   - mem64kb_singleByte+31 | EIP150 (1/1) ... ok
   - modexp_37120_37111_0_1000000 | Frontier (3/4) ... ok
   - mem64kb_singleByte+31 | EIP158 (1/1) ... ok
   - modexp_37120_37111_0_1000000 | Frontier (4/4) ... ok
   - mem64kb_singleByte+31 | Frontier (1/1) ... ok
   - modexp_37120_37111_0_1000000 | Homestead (1/4) ... ok
   - mem64kb_singleByte+31 | Homestead (1/1) ... ok
   - modexp_37120_37111_0_1000000 | Homestead (2/4) ... ok
   - modexp_37120_37111_0_1000000 | Homestead (3/4) ... ok
   - mem64kb_singleByte+31 | Byzantium (1/1) ... ok
   - modexp_37120_37111_0_1000000 | Homestead (4/4) ... ok
   - calldatacopy_dejavu | EIP150 (1/1) ... ok
   - modexp_37120_37111_0_1000000 | Byzantium (1/4) ... ok
   - calldatacopy_dejavu | EIP158 (1/1) ... ok
   - modexp_37120_37111_0_1000000 | Byzantium (2/4) ... ok
   - calldatacopy_dejavu | Frontier (1/1) ... ok
   - modexp_37120_37111_0_1000000 | Byzantium (3/4) ... ok
   - calldatacopy_dejavu | Homestead (1/1) ... ok
   - modexp_37120_37111_0_1000000 | Byzantium (4/4) ... ok
   - calldatacopy_dejavu | Byzantium (1/1) ... ok
   - mem64kb_singleByte | EIP150 (1/1) ... ok
   - modexp_3_5_100_35000 | EIP150 (1/4) ... ok
   - mem64kb_singleByte | EIP158 (1/1) ... ok
   - modexp_3_5_100_35000 | EIP150 (2/4) ... ok
   - mem64kb_singleByte | Frontier (1/1) ... ok
   - modexp_3_5_100_35000 | EIP150 (3/4) ... ok
   - mem64kb_singleByte | Homestead (1/1) ... ok
   - modexp_3_5_100_35000 | EIP150 (4/4) ... ok
   - mem64kb_singleByte | Byzantium (1/1) ... ok
   - modexp_3_5_100_35000 | EIP158 (1/4) ... ok
   - calldatacopy_dejavu2 | EIP150 (1/1) ... ok
   - modexp_3_5_100_35000 | EIP158 (2/4) ... ok
   - modexp_3_5_100_35000 | EIP158 (3/4) ... ok
   - modexp_3_5_100_35000 | EIP158 (4/4) ... ok
   - modexp_3_5_100_35000 | Frontier (1/4) ... ok
   - modexp_3_5_100_35000 | Frontier (2/4) ... ok
   - calldatacopy_dejavu2 | EIP158 (1/1) ... ok
   - modexp_3_5_100_35000 | Frontier (3/4) ... ok
   - calldatacopy_dejavu2 | Frontier (1/1) ... ok
   - modexp_3_5_100_35000 | Frontier (4/4) ... ok
   - calldatacopy_dejavu2 | Homestead (1/1) ... ok
   - calldatacopy_dejavu2 | Byzantium (1/1) ... ok
   - modexp_3_5_100_35000 | Homestead (1/4) ... ok
   - modexp_3_5_100_35000 | Homestead (2/4) ... ok
   - mload16bitBound | EIP150 (1/1) ... ok
   - modexp_3_5_100_35000 | Homestead (3/4) ... ok
   - modexp_3_5_100_35000 | Homestead (4/4) ... ok
   - modexp_3_5_100_35000 | Byzantium (1/4) ... ok
   - modexp_3_5_100_35000 | Byzantium (2/4) ... ok
   - mload16bitBound | EIP158 (1/1) ... ok
   - mload16bitBound | Frontier (1/1) ... ok
   - modexp_3_5_100_35000 | Byzantium (3/4) ... ok
   - mload16bitBound | Homestead (1/1) ... ok
   - modexp_3_5_100_35000 | Byzantium (4/4) ... ok
   - mload16bitBound | Byzantium (1/1) ... ok
   - CallEcrecoverH_prefixed0 | EIP150 (1/1) ... ok
ok
   - mem32kb-33 | EIP150 (1/1) ... ok
   - CallEcrecoverH_prefixed0 | EIP158 (1/1) ... ok
   - mem32kb-33 | EIP158 (1/1) ... ok
   - pointMulAdd_d1g3v0_Byzantium...   - CallEcrecoverH_prefixed0 | Frontier (1/1) ... ok
   - mem32kb-33 | Frontier (1/1) ... ok
   - mem32kb-33 | Homestead (1/1) ... ok
   - CallEcrecoverH_prefixed0 | Homestead (1/1) ... ok
   - mem32kb-33 | Byzantium (1/1) ... ok
   - CallEcrecoverH_prefixed0 | Byzantium (1/1) ... ok
   - mem32kb_singleByte+32 | EIP150 (1/1) ... ok
   - CallIdentity_4_gas18 | EIP150 (1/1) ... ok
   - mem32kb_singleByte+32 | EIP158 (1/1) ... ok
   - CallIdentity_4_gas18 | EIP158 (1/1) ... ok
   - mem32kb_singleByte+32 | Frontier (1/1) ... ok
   - mem32kb_singleByte+32 | Homestead (1/1) ... ok
   - mem32kb_singleByte+32 | Byzantium (1/1) ... ok
ok
   - wallet2outOf3txsRevoke_Frontier...   - CallIdentity_4_gas18 | Frontier (1/1) ... ok
   - mem64kb+32 | EIP150 (1/1) ... ok
   - CallIdentity_4_gas18 | Homestead (1/1) ... ok
   - mem64kb+32 | EIP158 (1/1) ... ok
   - CallIdentity_4_gas18 | Byzantium (1/1) ... ok
   - mem64kb+32 | Frontier (1/1) ... ok
   - mem64kb+32 | Homestead (1/1) ... ok
   - modexp_0_3_100_20500 | EIP150 (1/4) ... ok
   - mem64kb+32 | Byzantium (1/1) ... ok
   - modexp_0_3_100_20500 | EIP150 (2/4) ... ok
   - mem64kb+31 | EIP150 (1/1) ... ok
   - modexp_0_3_100_20500 | EIP150 (3/4) ... ok
   - mem64kb+31 | EIP158 (1/1) ... ok
   - modexp_0_3_100_20500 | EIP150 (4/4) ... ok
   - mem64kb+31 | Frontier (1/1) ... ok
   - modexp_0_3_100_20500 | EIP158 (1/4) ... ok
   - mem64kb+31 | Homestead (1/1) ... ok
   - modexp_0_3_100_20500 | EIP158 (2/4) ... ok
   - mem64kb+31 | Byzantium (1/1) ... ok
   - modexp_0_3_100_20500 | EIP158 (3/4) ... ok
test json_tests::state::state_tests::GeneralStateTest_stMemoryTest ... ok
   - modexp_0_3_100_20500 | EIP158 (4/4) ... ok
   - modexp_0_3_100_20500 | Frontier (1/4) ... ok
   - modexp_0_3_100_20500 | Frontier (2/4) ... ok
   - modexp_0_3_100_20500 | Frontier (3/4) ... ok
   - randomStatetest242 | EIP150 (1/1) ... ok
   - modexp_0_3_100_20500 | Frontier (4/4) ... ok
   - randomStatetest242 | EIP158 (1/1) ... ok
   - modexp_0_3_100_20500 | Homestead (1/4) ... ok
   - randomStatetest242 | Frontier (1/1) ... ok
   - modexp_0_3_100_20500 | Homestead (2/4) ... ok
   - modexp_0_3_100_20500 | Homestead (3/4) ... ok
   - modexp_0_3_100_20500 | Homestead (4/4) ... ok
   - modexp_0_3_100_20500 | Byzantium (1/4) ... ok
   - randomStatetest242 | Homestead (1/1) ... ok
   - modexp_0_3_100_20500 | Byzantium (2/4) ... ok
   - randomStatetest242 | Byzantium (1/1) ... ok
   - modexp_0_3_100_20500 | Byzantium (3/4) ... ok
   - randomStatetest500 | EIP150 (1/1) ... ok
   - modexp_0_3_100_20500 | Byzantium (4/4) ... ok
   - randomStatetest500 | EIP158 (1/1) ... ok
   - modexp_37120_22411_22000 | EIP150 (1/4) ... ok
   - randomStatetest500 | Frontier (1/1) ... ok
   - modexp_37120_22411_22000 | EIP150 (2/4) ... ok
   - randomStatetest500 | Homestead (1/1) ... ok
   - modexp_37120_22411_22000 | EIP150 (3/4) ... ok
   - randomStatetest500 | Byzantium (1/1) ... ok
   - modexp_37120_22411_22000 | EIP150 (4/4) ... ok
   - randomStatetest237 | EIP150 (1/1) ... ok
   - randomStatetest237 | EIP158 (1/1) ... ok
   - modexp_37120_22411_22000 | EIP158 (1/4) ... ok
   - randomStatetest237 | Frontier (1/1) ... ok
   - modexp_37120_22411_22000 | EIP158 (2/4) ... ok
   - modexp_37120_22411_22000 | EIP158 (3/4) ... ok
   - randomStatetest237 | Homestead (1/1) ... ok
   - modexp_37120_22411_22000 | EIP158 (4/4) ... ok
   - randomStatetest237 | Byzantium (1/1) ... ok
   - modexp_37120_22411_22000 | Frontier (1/4) ... ok
   - randomStatetest577 | EIP150 (1/1) ... ok
   - modexp_37120_22411_22000 | Frontier (2/4) ... ok
   - randomStatetest577 | EIP158 (1/1) ... ok
   - modexp_37120_22411_22000 | Frontier (3/4) ... ok
   - modexp_37120_22411_22000 | Frontier (4/4) ... ok
ok
   - pointMulAdd_d1g3v0_EIP150...   - modexp_37120_22411_22000 | Homestead (1/4) ... ok
   - modexp_37120_22411_22000 | Homestead (2/4) ... ok
   - randomStatetest577 | Frontier (1/1) ... ok
   - modexp_37120_22411_22000 | Homestead (3/4) ... ok
   - randomStatetest577 | Homestead (1/1) ... ok
   - modexp_37120_22411_22000 | Homestead (4/4) ... ok
   - randomStatetest577 | Byzantium (1/1) ... ok
   - modexp_37120_22411_22000 | Byzantium (1/4) ... ok
   - randomStatetest162 | EIP150 (1/1) ... ok
   - modexp_37120_22411_22000 | Byzantium (2/4) ... ok
   - randomStatetest162 | EIP158 (1/1) ... ok
   - modexp_37120_22411_22000 | Byzantium (3/4) ... ok
   - randomStatetest162 | Frontier (1/1) ... ok
   - modexp_37120_22411_22000 | Byzantium (4/4) ... ok
   - randomStatetest162 | Homestead (1/1) ... ok
   - CallSha256_3 | EIP150 (1/1) ... ok
   - randomStatetest162 | Byzantium (1/1) ... ok
   - CallSha256_3 | EIP158 (1/1) ... ok
   - CallSha256_3 | Frontier (1/1) ... ok
   - randomStatetest215 | EIP150 (1/1) ... ok
   - randomStatetest215 | EIP158 (1/1) ... ok
   - CallSha256_3 | Homestead (1/1) ... ok
   - randomStatetest215 | Frontier (1/1) ... ok
   - CallSha256_3 | Byzantium (1/1) ... ok
   - randomStatetest215 | Homestead (1/1) ... ok
   - CallEcrecover80 | EIP150 (1/1) ... ok
   - randomStatetest215 | Byzantium (1/1) ... ok
   - CallEcrecover80 | EIP158 (1/1) ... ok
   - CallEcrecover80 | Frontier (1/1) ... ok
   - randomStatetest196 | EIP150 (1/1) ... ok
   - randomStatetest196 | EIP158 (1/1) ... ok
   - CallEcrecover80 | Homestead (1/1) ... ok
   - randomStatetest196 | Frontier (1/1) ... ok
   - randomStatetest196 | Homestead (1/1) ... ok
   - CallEcrecover80 | Byzantium (1/1) ... ok
   - randomStatetest196 | Byzantium (1/1) ... ok
   - randomStatetest200 | EIP150 (1/1) ... ok
   - CALLCODERipemd160_3 | EIP150 (1/1) ... ok
   - CALLCODERipemd160_3 | EIP158 (1/1) ... ok
   - CALLCODERipemd160_3 | Frontier (1/1) ... ok
   - randomStatetest200 | EIP158 (1/1) ... ok
   - CALLCODERipemd160_3 | Homestead (1/1) ... ok
   - CALLCODERipemd160_3 | Byzantium (1/1) ... ok
   - randomStatetest200 | Frontier (1/1) ... ok
   - randomStatetest200 | Homestead (1/1) ... ok
   - CALLCODEEcrecover0_gas3000 | EIP150 (1/1) ... ok
ok
   - pointMulAdd_d1g3v0_EIP158...   - randomStatetest200 | Byzantium (1/1) ... ok
   - randomStatetest189 | EIP150 (1/1) ... ok
   - randomStatetest189 | EIP158 (1/1) ... ok
   - randomStatetest189 | Frontier (1/1) ... ok
   - randomStatetest189 | Homestead (1/1) ... ok
   - CALLCODEEcrecover0_gas3000 | EIP158 (1/1) ... ok
   - randomStatetest189 | Byzantium (1/1) ... ok
   - CALLCODEEcrecover0_gas3000 | Frontier (1/1) ... ok
   - randomStatetest399 | EIP150 (1/1) ... ok
   - randomStatetest399 | EIP158 (1/1) ... ok
   - CALLCODEEcrecover0_gas3000 | Homestead (1/1) ... ok
   - randomStatetest399 | Frontier (1/1) ... ok
   - CALLCODEEcrecover0_gas3000 | Byzantium (1/1) ... ok
   - randomStatetest399 | Homestead (1/1) ... ok
   - randomStatetest399 | Byzantium (1/1) ... ok
   - modexp_1_1_1_35000 | EIP150 (1/4) ... ok
   - randomStatetest538 | EIP150 (1/1) ... ok
   - modexp_1_1_1_35000 | EIP150 (2/4) ... ok
   - randomStatetest538 | EIP158 (1/1) ... ok
   - randomStatetest538 | Frontier (1/1) ... ok
   - modexp_1_1_1_35000 | EIP150 (3/4) ... ok
   - randomStatetest538 | Homestead (1/1) ... ok
   - modexp_1_1_1_35000 | EIP150 (4/4) ... ok
ok
   - wallet2outOf3txsRevoke_Homestead...   - randomStatetest538 | Byzantium (1/1) ... ok
   - modexp_1_1_1_35000 | EIP158 (1/4) ... ok
   - modexp_1_1_1_35000 | EIP158 (2/4) ... ok
   - randomStatetest297 | EIP150 (1/1) ... ok
   - randomStatetest297 | EIP158 (1/1) ... ok
   - modexp_1_1_1_35000 | EIP158 (3/4) ... ok
   - randomStatetest297 | Frontier (1/1) ... ok
   - modexp_1_1_1_35000 | EIP158 (4/4) ... ok
   - modexp_1_1_1_35000 | Frontier (1/4) ... ok
   - randomStatetest297 | Homestead (1/1) ... ok
   - modexp_1_1_1_35000 | Frontier (2/4) ... ok
   - randomStatetest297 | Byzantium (1/1) ... ok
   - modexp_1_1_1_35000 | Frontier (3/4) ... ok
   - modexp_1_1_1_35000 | Frontier (4/4) ... ok
   - modexp_1_1_1_35000 | Homestead (1/4) ... ok
   - modexp_1_1_1_35000 | Homestead (2/4) ... ok
   - randomStatetest415 | EIP150 (1/1) ... ok
   - modexp_1_1_1_35000 | Homestead (3/4) ... ok
   - modexp_1_1_1_35000 | Homestead (4/4) ... ok
   - randomStatetest415 | EIP158 (1/1) ... ok
   - modexp_1_1_1_35000 | Byzantium (1/4) ... ok
   - randomStatetest415 | Frontier (1/1) ... ok
   - modexp_1_1_1_35000 | Byzantium (2/4) ... ok
   - randomStatetest415 | Homestead (1/1) ... ok
   - modexp_1_1_1_35000 | Byzantium (3/4) ... ok
   - modexp_1_1_1_35000 | Byzantium (4/4) ... ok
   - CallEcrecoverS_prefixed0 | EIP150 (1/1) ... ok
   - CallEcrecoverS_prefixed0 | EIP158 (1/1) ... ok
   - CallEcrecoverS_prefixed0 | Frontier (1/1) ... ok
   - CallEcrecoverS_prefixed0 | Homestead (1/1) ... ok
   - CallEcrecoverS_prefixed0 | Byzantium (1/1) ... ok
   - randomStatetest415 | Byzantium (1/1) ... ok
   - modexp_0_3_100_155000 | EIP150 (1/4) ... ok
   - modexp_0_3_100_155000 | EIP150 (2/4) ... ok
   - randomStatetest80 | EIP150 (1/1) ... ok
   - modexp_0_3_100_155000 | EIP150 (3/4) ... ok
   - randomStatetest80 | EIP158 (1/1) ... ok
   - randomStatetest80 | Frontier (1/1) ... ok
   - randomStatetest80 | Homestead (1/1) ... ok
ok
   - pointMulAdd_d1g3v0_Frontier...   - randomStatetest80 | Byzantium (1/1) ... ok
   - modexp_0_3_100_155000 | EIP150 (4/4) ... ok
   - randomStatetest175 | EIP150 (1/1) ... ok
   - modexp_0_3_100_155000 | EIP158 (1/4) ... ok
   - randomStatetest175 | EIP158 (1/1) ... ok
   - modexp_0_3_100_155000 | EIP158 (2/4) ... ok
   - randomStatetest175 | Frontier (1/1) ... ok
   - modexp_0_3_100_155000 | EIP158 (3/4) ... ok
   - randomStatetest175 | Homestead (1/1) ... ok
   - modexp_0_3_100_155000 | EIP158 (4/4) ... ok
   - modexp_0_3_100_155000 | Frontier (1/4) ... ok
   - randomStatetest175 | Byzantium (1/1) ... ok
   - modexp_0_3_100_155000 | Frontier (2/4) ... ok
   - modexp_0_3_100_155000 | Frontier (3/4) ... ok
   - randomStatetest464 | EIP150 (1/1) ... ok
   - modexp_0_3_100_155000 | Frontier (4/4) ... ok
   - randomStatetest464 | EIP158 (1/1) ... ok
   - modexp_0_3_100_155000 | Homestead (1/4) ... ok
   - randomStatetest464 | Frontier (1/1) ... ok
   - modexp_0_3_100_155000 | Homestead (2/4) ... ok
   - modexp_0_3_100_155000 | Homestead (3/4) ... ok
   - randomStatetest464 | Homestead (1/1) ... ok
   - modexp_0_3_100_155000 | Homestead (4/4) ... ok
   - modexp_0_3_100_155000 | Byzantium (1/4) ... ok
   - randomStatetest464 | Byzantium (1/1) ... ok
   - modexp_0_3_100_155000 | Byzantium (2/4) ... ok
   - modexp_0_3_100_155000 | Byzantium (3/4) ... ok
   - randomStatetest312 | EIP150 (1/1) ... ok
   - randomStatetest312 | EIP158 (1/1) ... ok
   - modexp_0_3_100_155000 | Byzantium (4/4) ... ok
   - randomStatetest312 | Frontier (1/1) ... ok
   - modexp_37120_37111_1_1000000 | EIP150 (1/4) ... ok
   - randomStatetest312 | Homestead (1/1) ... ok
   - modexp_37120_37111_1_1000000 | EIP150 (2/4) ... ok
   - modexp_37120_37111_1_1000000 | EIP150 (3/4) ... ok
   - randomStatetest312 | Byzantium (1/1) ... ok
   - modexp_37120_37111_1_1000000 | EIP150 (4/4) ... ok
   - randomStatetest466 | EIP150 (1/1) ... ok
   - modexp_37120_37111_1_1000000 | EIP158 (1/4) ... ok
   - randomStatetest466 | EIP158 (1/1) ... ok
   - modexp_37120_37111_1_1000000 | EIP158 (2/4) ... ok
   - randomStatetest466 | Frontier (1/1) ... ok
   - modexp_37120_37111_1_1000000 | EIP158 (3/4) ... ok
   - randomStatetest466 | Homestead (1/1) ... ok
   - modexp_37120_37111_1_1000000 | EIP158 (4/4) ... ok
   - modexp_37120_37111_1_1000000 | Frontier (1/4) ... ok
   - randomStatetest466 | Byzantium (1/1) ... ok
   - modexp_37120_37111_1_1000000 | Frontier (2/4) ... ok
   - randomStatetest276 | EIP150 (1/1) ... ok
   - modexp_37120_37111_1_1000000 | Frontier (3/4) ... ok
   - randomStatetest276 | EIP158 (1/1) ... ok
   - modexp_37120_37111_1_1000000 | Frontier (4/4) ... ok
   - randomStatetest276 | Frontier (1/1) ... ok
   - modexp_37120_37111_1_1000000 | Homestead (1/4) ... ok
   - modexp_37120_37111_1_1000000 | Homestead (2/4) ... ok
   - randomStatetest276 | Homestead (1/1) ... ok
   - modexp_37120_37111_1_1000000 | Homestead (3/4) ... ok
   - randomStatetest276 | Byzantium (1/1) ... ok
   - modexp_37120_37111_1_1000000 | Homestead (4/4) ... ok
   - randomStatetest438 | EIP150 (1/1) ... ok
   - modexp_37120_37111_1_1000000 | Byzantium (1/4) ... ok
   - randomStatetest438 | EIP158 (1/1) ... ok
   - modexp_37120_37111_1_1000000 | Byzantium (2/4) ... ok
   - modexp_37120_37111_1_1000000 | Byzantium (3/4) ... ok
   - randomStatetest438 | Frontier (1/1) ... ok
   - modexp_37120_37111_1_1000000 | Byzantium (4/4) ... ok
   - randomStatetest438 | Homestead (1/1) ... ok
   - randomStatetest438 | Byzantium (1/1) ... ok
   - modexp_1_0_0_20500 | EIP150 (1/4) ... ok
   - modexp_1_0_0_20500 | EIP150 (2/4) ... ok
   - randomStatetest397 | EIP150 (1/1) ... ok
   - modexp_1_0_0_20500 | EIP150 (3/4) ... ok
   - randomStatetest397 | EIP158 (1/1) ... ok
   - modexp_1_0_0_20500 | EIP150 (4/4) ... ok
   - modexp_1_0_0_20500 | EIP158 (1/4) ... ok
   - randomStatetest397 | Frontier (1/1) ... ok
   - modexp_1_0_0_20500 | EIP158 (2/4) ... ok
   - randomStatetest397 | Homestead (1/1) ... ok
   - modexp_1_0_0_20500 | EIP158 (3/4) ... ok
   - randomStatetest397 | Byzantium (1/1) ... ok
   - modexp_1_0_0_20500 | EIP158 (4/4) ... ok
   - modexp_1_0_0_20500 | Frontier (1/4) ... ok
   - randomStatetest98 | EIP150 (1/1) ... ok
   - modexp_1_0_0_20500 | Frontier (2/4) ... ok
   - randomStatetest98 | EIP158 (1/1) ... ok
   - modexp_1_0_0_20500 | Frontier (3/4) ... ok
   - randomStatetest98 | Frontier (1/1) ... ok
   - modexp_1_0_0_20500 | Frontier (4/4) ... ok
   - randomStatetest98 | Homestead (1/1) ... ok
   - modexp_1_0_0_20500 | Homestead (1/4) ... ok
   - randomStatetest98 | Byzantium (1/1) ... ok
   - modexp_1_0_0_20500 | Homestead (2/4) ... ok
   - modexp_1_0_0_20500 | Homestead (3/4) ... ok
   - randomStatetest560 | EIP150 (1/1) ... ok
   - modexp_1_0_0_20500 | Homestead (4/4) ... ok
   - randomStatetest560 | EIP158 (1/1) ... ok
   - modexp_1_0_0_20500 | Byzantium (1/4) ... ok
   - modexp_1_0_0_20500 | Byzantium (2/4) ... ok
   - randomStatetest560 | Frontier (1/1) ... ok
   - modexp_1_0_0_20500 | Byzantium (3/4) ... ok
   - randomStatetest560 | Homestead (1/1) ... ok
   - modexp_1_0_0_20500 | Byzantium (4/4) ... ok
   - randomStatetest560 | Byzantium (1/1) ... ok
   - CALLCODESha256_4_gas99 | EIP150 (1/1) ... ok
   - CALLCODESha256_4_gas99 | EIP158 (1/1) ... ok
   - randomStatetest95 | EIP150 (1/1) ... ok
   - CALLCODESha256_4_gas99 | Frontier (1/1) ... ok
   - randomStatetest95 | EIP158 (1/1) ... ok
   - CALLCODESha256_4_gas99 | Homestead (1/1) ... ok
   - randomStatetest95 | Frontier (1/1) ... ok
   - CALLCODESha256_4_gas99 | Byzantium (1/1) ... ok
   - randomStatetest95 | Homestead (1/1) ... ok
   - CALLCODERipemd160_4_gas719 | EIP150 (1/1) ... ok
   - CALLCODERipemd160_4_gas719 | EIP158 (1/1) ... ok
ok
test json_tests::chain::block_tests::BlockchainTests_bcWalletTest ... ok
   - CALLCODERipemd160_4_gas719 | Frontier (1/1) ... ok
   - randomStatetest95 | Byzantium (1/1) ... ok
   - CALLCODERipemd160_4_gas719 | Homestead (1/1) ... ok
   - CALLCODERipemd160_4_gas719 | Byzantium (1/1) ... ok
   - randomStatetest542 | EIP150 (1/1) ... ok
   - randomStatetest542 | EIP158 (1/1) ... ok
ok
   - pointMulAdd_d1g3v0_Homestead...   - randomStatetest542 | Frontier (1/1) ... ok
   - CallSha256_0 | EIP150 (1/1) ... ok
   - randomStatetest542 | Homestead (1/1) ... ok
   - CallSha256_0 | EIP158 (1/1) ... ok
   - randomStatetest542 | Byzantium (1/1) ... ok
   - CallSha256_0 | Frontier (1/1) ... ok
   - randomStatetest38 | EIP150 (1/1) ... ok
   - CallSha256_0 | Homestead (1/1) ... ok
   - CallSha256_0 | Byzantium (1/1) ... ok
   - modexp_1_1_1_1000000 | EIP150 (1/4) ... ok
   - randomStatetest38 | EIP158 (1/1) ... ok
   - modexp_1_1_1_1000000 | EIP150 (2/4) ... ok
   - randomStatetest38 | Frontier (1/1) ... ok
   - modexp_1_1_1_1000000 | EIP150 (3/4) ... ok
   - randomStatetest38 | Homestead (1/1) ... ok
   - modexp_1_1_1_1000000 | EIP150 (4/4) ... ok
   - randomStatetest38 | Byzantium (1/1) ... ok
   - modexp_1_1_1_1000000 | EIP158 (1/4) ... ok
   - randomStatetest260 | EIP150 (1/1) ... ok
   - modexp_1_1_1_1000000 | EIP158 (2/4) ... ok
   - modexp_1_1_1_1000000 | EIP158 (3/4) ... ok
   - randomStatetest260 | EIP158 (1/1) ... ok
   - randomStatetest260 | Frontier (1/1) ... ok
   - modexp_1_1_1_1000000 | EIP158 (4/4) ... ok
   - modexp_1_1_1_1000000 | Frontier (1/4) ... ok
   - randomStatetest260 | Homestead (1/1) ... ok
   - modexp_1_1_1_1000000 | Frontier (2/4) ... ok
   - randomStatetest260 | Byzantium (1/1) ... ok
   - modexp_1_1_1_1000000 | Frontier (3/4) ... ok
   - randomStatetest611 | EIP150 (1/1) ... ok
   - modexp_1_1_1_1000000 | Frontier (4/4) ... ok
   - modexp_1_1_1_1000000 | Homestead (1/4) ... ok
   - randomStatetest611 | EIP158 (1/1) ... ok
   - modexp_1_1_1_1000000 | Homestead (2/4) ... ok
   - randomStatetest611 | Frontier (1/1) ... ok
   - modexp_1_1_1_1000000 | Homestead (3/4) ... ok
   - randomStatetest611 | Homestead (1/1) ... ok
   - modexp_1_1_1_1000000 | Homestead (4/4) ... ok
   - randomStatetest611 | Byzantium (1/1) ... ok
   - modexp_1_1_1_1000000 | Byzantium (1/4) ... ok
   - randomStatetest555 | EIP150 (1/1) ... ok
   - modexp_1_1_1_1000000 | Byzantium (2/4) ... ok
   - randomStatetest555 | EIP158 (1/1) ... ok
   - randomStatetest555 | Frontier (1/1) ... ok
   - modexp_1_1_1_1000000 | Byzantium (3/4) ... ok
   - randomStatetest555 | Homestead (1/1) ... ok
   - modexp_1_1_1_1000000 | Byzantium (4/4) ... ok
   - randomStatetest555 | Byzantium (1/1) ... ok
   - CALLCODESha256_1_nonzeroValue | EIP150 (1/1) ... ok
   - CALLCODESha256_1_nonzeroValue | EIP158 (1/1) ... ok
   - randomStatetest578 | EIP150 (1/1) ... ok
   - CALLCODESha256_1_nonzeroValue | Frontier (1/1) ... ok
   - randomStatetest578 | EIP158 (1/1) ... ok
   - CALLCODESha256_1_nonzeroValue | Homestead (1/1) ... ok
   - randomStatetest578 | Frontier (1/1) ... ok
   - randomStatetest578 | Homestead (1/1) ... ok
   - CALLCODESha256_1_nonzeroValue | Byzantium (1/1) ... ok
   - randomStatetest578 | Byzantium (1/1) ... ok
   - modexp_39936_1_55201_35000 | EIP150 (1/4) ... ok
   - randomStatetest134 | EIP150 (1/1) ... ok
   - randomStatetest134 | EIP158 (1/1) ... ok
ok
   - randomStatetest134 | Frontier (1/1) ... ok
   - randomStatetest134 | Homestead (1/1) ... ok
   - randomStatetest134 | Byzantium (1/1) ... ok
   - ecmul_0-3_9_28000_128_d0g3v0_Byzantium...   - randomStatetest343 | EIP150 (1/1) ... ok
   - randomStatetest343 | EIP158 (1/1) ... ok
   - modexp_39936_1_55201_35000 | EIP150 (2/4) ... ok
   - randomStatetest343 | Frontier (1/1) ... ok
   - modexp_39936_1_55201_35000 | EIP150 (3/4) ... ok
   - randomStatetest343 | Homestead (1/1) ... ok
   - modexp_39936_1_55201_35000 | EIP150 (4/4) ... ok
   - randomStatetest343 | Byzantium (1/1) ... ok
   - modexp_39936_1_55201_35000 | EIP158 (1/4) ... ok
   - modexp_39936_1_55201_35000 | EIP158 (2/4) ... ok
   - modexp_39936_1_55201_35000 | EIP158 (3/4) ... ok
   - randomStatetest448 | EIP150 (1/1) ... ok
   - modexp_39936_1_55201_35000 | EIP158 (4/4) ... ok
   - modexp_39936_1_55201_35000 | Frontier (1/4) ... ok
   - randomStatetest448 | EIP158 (1/1) ... ok
   - modexp_39936_1_55201_35000 | Frontier (2/4) ... ok
   - modexp_39936_1_55201_35000 | Frontier (3/4) ... ok
   - modexp_39936_1_55201_35000 | Frontier (4/4) ... ok
   - randomStatetest448 | Frontier (1/1) ... ok
   - modexp_39936_1_55201_35000 | Homestead (1/4) ... ok
   - modexp_39936_1_55201_35000 | Homestead (2/4) ... ok
   - modexp_39936_1_55201_35000 | Homestead (3/4) ... ok
   - randomStatetest448 | Homestead (1/1) ... ok
   - modexp_39936_1_55201_35000 | Homestead (4/4) ... ok
   - modexp_39936_1_55201_35000 | Byzantium (1/4) ... ok
   - randomStatetest448 | Byzantium (1/1) ... ok
   - modexp_39936_1_55201_35000 | Byzantium (2/4) ... ok
   - modexp_39936_1_55201_35000 | Byzantium (3/4) ... ok
   - randomStatetest172 | EIP150 (1/1) ... ok
   - modexp_39936_1_55201_35000 | Byzantium (4/4) ... ok
   - randomStatetest172 | EIP158 (1/1) ... ok
   - randomStatetest172 | Frontier (1/1) ... ok
   - CALLCODEEcrecover0_overlappingInputOutput | EIP150 (1/1) ... ok
   - randomStatetest172 | Homestead (1/1) ... ok
   - CALLCODEEcrecover0_overlappingInputOutput | EIP158 (1/1) ... ok
   - randomStatetest172 | Byzantium (1/1) ... ok
   - CALLCODEEcrecover0_overlappingInputOutput | Frontier (1/1) ... ok
   - randomStatetest327 | EIP150 (1/1) ... ok
   - CALLCODEEcrecover0_overlappingInputOutput | Homestead (1/1) ... ok
   - randomStatetest327 | EIP158 (1/1) ... ok
   - CALLCODEEcrecover0_overlappingInputOutput | Byzantium (1/1) ... ok
   - randomStatetest327 | Frontier (1/1) ... ok
   - randomStatetest327 | Homestead (1/1) ... ok
   - modexp_1_0_1_22000 | EIP150 (1/4) ... ok
   - modexp_1_0_1_22000 | EIP150 (2/4) ... ok
   - randomStatetest327 | Byzantium (1/1) ... ok
   - modexp_1_0_1_22000 | EIP150 (3/4) ... ok
   - randomStatetest461 | EIP150 (1/1) ... ok
   - modexp_1_0_1_22000 | EIP150 (4/4) ... ok
   - randomStatetest461 | EIP158 (1/1) ... ok
   - modexp_1_0_1_22000 | EIP158 (1/4) ... ok
   - randomStatetest461 | Frontier (1/1) ... ok
   - modexp_1_0_1_22000 | EIP158 (2/4) ... ok
   - modexp_1_0_1_22000 | EIP158 (3/4) ... ok
   - randomStatetest461 | Homestead (1/1) ... ok
   - modexp_1_0_1_22000 | EIP158 (4/4) ... ok
   - randomStatetest461 | Byzantium (1/1) ... ok
   - modexp_1_0_1_22000 | Frontier (1/4) ... ok
   - randomStatetest582 | EIP150 (1/1) ... ok
   - modexp_1_0_1_22000 | Frontier (2/4) ... ok
   - randomStatetest582 | EIP158 (1/1) ... ok
   - modexp_1_0_1_22000 | Frontier (3/4) ... ok
   - randomStatetest582 | Frontier (1/1) ... ok
   - modexp_1_0_1_22000 | Frontier (4/4) ... ok
   - modexp_1_0_1_22000 | Homestead (1/4) ... ok
   - randomStatetest582 | Homestead (1/1) ... ok
   - modexp_1_0_1_22000 | Homestead (2/4) ... ok
   - randomStatetest582 | Byzantium (1/1) ... ok
   - modexp_1_0_1_22000 | Homestead (3/4) ... ok
   - randomStatetest264 | EIP150 (1/1) ... ok
   - modexp_1_0_1_22000 | Homestead (4/4) ... ok
   - randomStatetest264 | EIP158 (1/1) ... ok
   - modexp_1_0_1_22000 | Byzantium (1/4) ... ok
   - randomStatetest264 | Frontier (1/1) ... ok
   - modexp_1_0_1_22000 | Byzantium (2/4) ... ok
   - randomStatetest264 | Homestead (1/1) ... ok
   - randomStatetest264 | Byzantium (1/1) ... ok
ok
   - ecmul_0-3_9_28000_128_d0g3v0_EIP150...   - randomStatetest83 | EIP150 (1/1) ... ok
   - randomStatetest83 | EIP158 (1/1) ... ok
   - modexp_1_0_1_22000 | Byzantium (3/4) ... ok
   - randomStatetest83 | Frontier (1/1) ... ok
   - modexp_1_0_1_22000 | Byzantium (4/4) ... ok
   - randomStatetest83 | Homestead (1/1) ... ok
   - randomStatetest83 | Byzantium (1/1) ... ok
   - modexp_49_2401_2401_35000 | EIP150 (1/4) ... ok
   - modexp_49_2401_2401_35000 | EIP150 (2/4) ... ok
   - randomStatetest64 | EIP150 (1/1) ... ok
   - modexp_49_2401_2401_35000 | EIP150 (3/4) ... ok
   - randomStatetest64 | EIP158 (1/1) ... ok
   - modexp_49_2401_2401_35000 | EIP150 (4/4) ... ok
   - randomStatetest64 | Frontier (1/1) ... ok
   - modexp_49_2401_2401_35000 | EIP158 (1/4) ... ok
   - randomStatetest64 | Homestead (1/1) ... ok
   - modexp_49_2401_2401_35000 | EIP158 (2/4) ... ok
   - randomStatetest64 | Byzantium (1/1) ... ok
   - modexp_49_2401_2401_35000 | EIP158 (3/4) ... ok
   - modexp_49_2401_2401_35000 | EIP158 (4/4) ... ok
   - randomStatetest549 | EIP150 (1/1) ... ok
   - modexp_49_2401_2401_35000 | Frontier (1/4) ... ok
   - randomStatetest549 | EIP158 (1/1) ... ok
   - modexp_49_2401_2401_35000 | Frontier (2/4) ... ok
   - randomStatetest549 | Frontier (1/1) ... ok
   - modexp_49_2401_2401_35000 | Frontier (3/4) ... ok
   - randomStatetest549 | Homestead (1/1) ... ok
   - modexp_49_2401_2401_35000 | Frontier (4/4) ... ok
   - randomStatetest549 | Byzantium (1/1) ... ok
   - modexp_49_2401_2401_35000 | Homestead (1/4) ... ok
   - randomStatetest212 | EIP150 (1/1) ... ok
   - modexp_49_2401_2401_35000 | Homestead (2/4) ... ok
   - randomStatetest212 | EIP158 (1/1) ... ok
   - modexp_49_2401_2401_35000 | Homestead (3/4) ... ok
   - randomStatetest212 | Frontier (1/1) ... ok
   - modexp_49_2401_2401_35000 | Homestead (4/4) ... ok
   - randomStatetest212 | Homestead (1/1) ... ok
   - modexp_49_2401_2401_35000 | Byzantium (1/4) ... ok
   - randomStatetest212 | Byzantium (1/1) ... ok
   - modexp_49_2401_2401_35000 | Byzantium (2/4) ... ok
   - modexp_49_2401_2401_35000 | Byzantium (3/4) ... ok
   - randomStatetest266 | EIP150 (1/1) ... ok
   - modexp_49_2401_2401_35000 | Byzantium (4/4) ... ok
   - randomStatetest266 | EIP158 (1/1) ... ok
   - randomStatetest266 | Frontier (1/1) ... ok
   - modexp_1_0_1_35000 | EIP150 (1/4) ... ok
   - randomStatetest266 | Homestead (1/1) ... ok
   - modexp_1_0_1_35000 | EIP150 (2/4) ... ok
   - randomStatetest266 | Byzantium (1/1) ... ok
   - modexp_1_0_1_35000 | EIP150 (3/4) ... ok
   - modexp_1_0_1_35000 | EIP150 (4/4) ... ok
   - randomStatetest425 | EIP150 (1/1) ... ok
   - randomStatetest425 | EIP158 (1/1) ... ok
   - modexp_1_0_1_35000 | EIP158 (1/4) ... ok
   - randomStatetest425 | Frontier (1/1) ... ok
   - modexp_1_0_1_35000 | EIP158 (2/4) ... ok
   - modexp_1_0_1_35000 | EIP158 (3/4) ... ok
   - randomStatetest425 | Homestead (1/1) ... ok
   - modexp_1_0_1_35000 | EIP158 (4/4) ... ok
   - randomStatetest425 | Byzantium (1/1) ... ok
   - recursiveCreateReturnValue | EIP150 (1/1) ... ok
   - modexp_1_0_1_35000 | Frontier (1/4) ... ok
   - randomStatetest77 | EIP150 (1/1) ... ok
   - modexp_1_0_1_35000 | Frontier (2/4) ... ok
   - modexp_1_0_1_35000 | Frontier (3/4) ... ok
   - randomStatetest77 | EIP158 (1/1) ... ok
   - modexp_1_0_1_35000 | Frontier (4/4) ... ok
   - randomStatetest77 | Frontier (1/1) ... ok
   - randomStatetest77 | Homestead (1/1) ... ok
   - modexp_1_0_1_35000 | Homestead (1/4) ... ok
   - modexp_1_0_1_35000 | Homestead (2/4) ... ok
   - randomStatetest77 | Byzantium (1/1) ... ok
   - modexp_1_0_1_35000 | Homestead (3/4) ... ok
   - randomStatetest420 | EIP150 (1/1) ... ok
   - modexp_1_0_1_35000 | Homestead (4/4) ... ok
   - randomStatetest420 | EIP158 (1/1) ... ok
   - modexp_1_0_1_35000 | Byzantium (1/4) ... ok
   - randomStatetest420 | Frontier (1/1) ... ok
   - modexp_1_0_1_35000 | Byzantium (2/4) ... ok
   - randomStatetest420 | Homestead (1/1) ... ok
   - modexp_1_0_1_35000 | Byzantium (3/4) ... ok
   - randomStatetest420 | Byzantium (1/1) ... ok
   - modexp_1_0_1_35000 | Byzantium (4/4) ... ok
   - randomStatetest295 | EIP150 (1/1) ... ok
   - randomStatetest295 | EIP158 (1/1) ... ok
   - randomStatetest295 | Frontier (1/1) ... ok
   - CallIdentity_5 | EIP150 (1/1) ... ok
   - randomStatetest295 | Homestead (1/1) ... ok
   - randomStatetest295 | Byzantium (1/1) ... ok
   - CallIdentity_5 | EIP158 (1/1) ... ok
   - randomStatetest372 | EIP150 (1/1) ... ok
   - randomStatetest372 | EIP158 (1/1) ... ok
   - CallIdentity_5 | Frontier (1/1) ... ok
   - randomStatetest372 | Frontier (1/1) ... ok
   - randomStatetest372 | Homestead (1/1) ... ok
   - CallIdentity_5 | Homestead (1/1) ... ok
   - randomStatetest372 | Byzantium (1/1) ... ok
   - randomStatetest46 | EIP150 (1/1) ... ok
   - CallIdentity_5 | Byzantium (1/1) ... ok
   - randomStatetest46 | EIP158 (1/1) ... ok
   - randomStatetest46 | Frontier (1/1) ... ok
   - modexp_37120_37111_0_25000 | EIP150 (1/4) ... ok
   - randomStatetest46 | Homestead (1/1) ... ok
   - modexp_37120_37111_0_25000 | EIP150 (2/4) ... ok
   - randomStatetest46 | Byzantium (1/1) ... ok
   - randomStatetest627 | EIP150 (1/1) ... ok
ok
   - ecmul_0-3_9_28000_128_d0g3v0_EIP158...   - randomStatetest627 | EIP158 (1/1) ... ok
   - randomStatetest627 | Frontier (1/1) ... ok
   - modexp_37120_37111_0_25000 | EIP150 (3/4) ... ok
   - randomStatetest627 | Homestead (1/1) ... ok
   - modexp_37120_37111_0_25000 | EIP150 (4/4) ... ok
   - randomStatetest627 | Byzantium (1/1) ... ok
   - modexp_37120_37111_0_25000 | EIP158 (1/4) ... ok
   - modexp_37120_37111_0_25000 | EIP158 (2/4) ... ok
   - randomStatetest552 | EIP150 (1/1) ... ok
   - randomStatetest552 | EIP158 (1/1) ... ok
   - modexp_37120_37111_0_25000 | EIP158 (3/4) ... ok
   - randomStatetest552 | Frontier (1/1) ... ok
   - modexp_37120_37111_0_25000 | EIP158 (4/4) ... ok
   - modexp_37120_37111_0_25000 | Frontier (1/4) ... ok
   - randomStatetest552 | Homestead (1/1) ... ok
   - modexp_37120_37111_0_25000 | Frontier (2/4) ... ok
   - randomStatetest552 | Byzantium (1/1) ... ok
   - modexp_37120_37111_0_25000 | Frontier (3/4) ... ok
   - modexp_37120_37111_0_25000 | Frontier (4/4) ... ok
   - modexp_37120_37111_0_25000 | Homestead (1/4) ... ok
   - randomStatetest102 | EIP150 (1/1) ... ok
   - modexp_37120_37111_0_25000 | Homestead (2/4) ... ok
   - modexp_37120_37111_0_25000 | Homestead (3/4) ... ok
   - randomStatetest102 | EIP158 (1/1) ... ok
   - modexp_37120_37111_0_25000 | Homestead (4/4) ... ok
   - randomStatetest102 | Frontier (1/1) ... ok
   - randomStatetest102 | Homestead (1/1) ... ok
   - modexp_37120_37111_0_25000 | Byzantium (1/4) ... ok
   - modexp_37120_37111_0_25000 | Byzantium (2/4) ... ok
   - randomStatetest102 | Byzantium (1/1) ... ok
   - modexp_37120_37111_0_25000 | Byzantium (3/4) ... ok
   - randomStatetest534 | EIP150 (1/1) ... ok
   - modexp_37120_37111_0_25000 | Byzantium (4/4) ... ok
   - randomStatetest534 | EIP158 (1/1) ... ok
   - randomStatetest534 | Frontier (1/1) ... ok
   - modexp_1_1_1_25000 | EIP150 (1/4) ... ok
   - modexp_1_1_1_25000 | EIP150 (2/4) ... ok
   - modexp_1_1_1_25000 | EIP150 (3/4) ... ok
   - modexp_1_1_1_25000 | EIP150 (4/4) ... ok
   - modexp_1_1_1_25000 | EIP158 (1/4) ... ok
   - modexp_1_1_1_25000 | EIP158 (2/4) ... ok
   - modexp_1_1_1_25000 | EIP158 (3/4) ... ok
   - modexp_1_1_1_25000 | EIP158 (4/4) ... ok
   - randomStatetest534 | Homestead (1/1) ... ok
   - modexp_1_1_1_25000 | Frontier (1/4) ... ok
   - randomStatetest534 | Byzantium (1/1) ... ok
   - modexp_1_1_1_25000 | Frontier (2/4) ... ok
   - modexp_1_1_1_25000 | Frontier (3/4) ... ok
   - randomStatetest281 | EIP150 (1/1) ... ok
   - modexp_1_1_1_25000 | Frontier (4/4) ... ok
   - randomStatetest281 | EIP158 (1/1) ... ok
   - modexp_1_1_1_25000 | Homestead (1/4) ... ok
   - randomStatetest281 | Frontier (1/1) ... ok
   - modexp_1_1_1_25000 | Homestead (2/4) ... ok
   - randomStatetest281 | Homestead (1/1) ... ok
   - modexp_1_1_1_25000 | Homestead (3/4) ... ok
   - randomStatetest281 | Byzantium (1/1) ... ok
   - modexp_1_1_1_25000 | Homestead (4/4) ... ok
   - modexp_1_1_1_25000 | Byzantium (1/4) ... ok
   - modexp_1_1_1_25000 | Byzantium (2/4) ... ok
   - modexp_1_1_1_25000 | Byzantium (3/4) ... ok
   - modexp_1_1_1_25000 | Byzantium (4/4) ... ok
   - CallEcrecoverCheckLength | EIP150 (1/1) ... ok
   - CallEcrecoverCheckLength | EIP158 (1/1) ... ok
   - CallEcrecoverCheckLength | Frontier (1/1) ... ok
   - randomStatetest161 | EIP150 (1/1) ... ok
   - randomStatetest161 | EIP158 (1/1) ... ok
   - CallEcrecoverCheckLength | Homestead (1/1) ... ok
   - randomStatetest161 | Frontier (1/1) ... ok
   - CallEcrecoverCheckLength | Byzantium (1/1) ... ok
   - randomStatetest161 | Homestead (1/1) ... ok
   - randomStatetest161 | Byzantium (1/1) ... ok
   - modexp_3_5_100_1000000 | EIP150 (1/4) ... ok
   - modexp_3_5_100_1000000 | EIP150 (2/4) ... ok
   - randomStatetest508 | EIP150 (1/1) ... ok
   - modexp_3_5_100_1000000 | EIP150 (3/4) ... ok
   - randomStatetest508 | EIP158 (1/1) ... ok
   - modexp_3_5_100_1000000 | EIP150 (4/4) ... ok
   - randomStatetest508 | Frontier (1/1) ... ok
   - modexp_3_5_100_1000000 | EIP158 (1/4) ... ok
   - randomStatetest508 | Homestead (1/1) ... ok
   - modexp_3_5_100_1000000 | EIP158 (2/4) ... ok
   - randomStatetest508 | Byzantium (1/1) ... ok
   - modexp_3_5_100_1000000 | EIP158 (3/4) ... ok
   - modexp_3_5_100_1000000 | EIP158 (4/4) ... ok
   - randomStatetest230 | EIP150 (1/1) ... ok
   - randomStatetest230 | EIP158 (1/1) ... ok
   - modexp_3_5_100_1000000 | Frontier (1/4) ... ok
   - modexp_3_5_100_1000000 | Frontier (2/4) ... ok
   - randomStatetest230 | Frontier (1/1) ... ok
   - modexp_3_5_100_1000000 | Frontier (3/4) ... ok
   - randomStatetest230 | Homestead (1/1) ... ok
   - modexp_3_5_100_1000000 | Frontier (4/4) ... ok
   - randomStatetest230 | Byzantium (1/1) ... ok
   - modexp_3_5_100_1000000 | Homestead (1/4) ... ok
   - randomStatetest535 | EIP150 (1/1) ... ok
   - modexp_3_5_100_1000000 | Homestead (2/4) ... ok
   - randomStatetest535 | EIP158 (1/1) ... ok
   - modexp_3_5_100_1000000 | Homestead (3/4) ... ok
   - randomStatetest535 | Frontier (1/1) ... ok
   - modexp_3_5_100_1000000 | Homestead (4/4) ... ok
   - randomStatetest535 | Homestead (1/1) ... ok
   - modexp_3_5_100_1000000 | Byzantium (1/4) ... ok
   - modexp_3_5_100_1000000 | Byzantium (2/4) ... ok
   - modexp_3_5_100_1000000 | Byzantium (3/4) ... ok
ok
   - ecmul_0-3_9_28000_128_d0g3v0_Frontier...   - modexp_3_5_100_1000000 | Byzantium (4/4) ... ok
   - CALLCODESha256_3_postfix0 | EIP150 (1/1) ... ok
   - randomStatetest535 | Byzantium (1/1) ... ok
   - CALLCODESha256_3_postfix0 | EIP158 (1/1) ... ok
   - randomStatetest110 | EIP150 (1/1) ... ok
   - CALLCODESha256_3_postfix0 | Frontier (1/1) ... ok
   - randomStatetest110 | EIP158 (1/1) ... ok
   - randomStatetest110 | Frontier (1/1) ... ok
   - CALLCODESha256_3_postfix0 | Homestead (1/1) ... ok
   - randomStatetest110 | Homestead (1/1) ... ok
   - randomStatetest110 | Byzantium (1/1) ... ok
   - CALLCODESha256_3_postfix0 | Byzantium (1/1) ... ok
   - randomStatetest465 | EIP150 (1/1) ... ok
   - randomStatetest465 | EIP158 (1/1) ... ok
   - randomStatetest465 | Frontier (1/1) ... ok
   - randomStatetest465 | Homestead (1/1) ... ok
   - randomStatetest465 | Byzantium (1/1) ... ok
   - randomStatetest137 | EIP150 (1/1) ... ok
   - CallRipemd160_4 | EIP150 (1/1) ... ok
   - randomStatetest137 | EIP158 (1/1) ... ok
   - CallRipemd160_4 | EIP158 (1/1) ... ok
   - randomStatetest137 | Frontier (1/1) ... ok
   - CallRipemd160_4 | Frontier (1/1) ... ok
   - randomStatetest137 | Homestead (1/1) ... ok
   - randomStatetest137 | Byzantium (1/1) ... ok
   - randomStatetest641 | EIP150 (1/1) ... ok
   - CallRipemd160_4 | Homestead (1/1) ... ok
   - CallRipemd160_4 | Byzantium (1/1) ... ok
   - modexp_37120_37111_37111_155000 | EIP150 (1/4) ... ok
   - modexp_37120_37111_37111_155000 | EIP150 (2/4) ... ok
   - randomStatetest641 | EIP158 (1/1) ... ok
   - modexp_37120_37111_37111_155000 | EIP150 (3/4) ... ok
   - randomStatetest641 | Frontier (1/1) ... ok
   - randomStatetest641 | Homestead (1/1) ... ok
   - modexp_37120_37111_37111_155000 | EIP150 (4/4) ... ok
   - recursiveCreateReturnValue | EIP158 (1/1) ... ok
   - modexp_37120_37111_37111_155000 | EIP158 (1/4) ... ok
   - modexp_37120_37111_37111_155000 | EIP158 (2/4) ... ok
   - modexp_37120_37111_37111_155000 | EIP158 (3/4) ... ok
   - randomStatetest641 | Byzantium (1/1) ... ok
   - randomStatetest329 | EIP150 (1/1) ... ok
   - randomStatetest329 | EIP158 (1/1) ... ok
   - randomStatetest329 | Frontier (1/1) ... ok
   - randomStatetest329 | Homestead (1/1) ... ok
   - modexp_37120_37111_37111_155000 | EIP158 (4/4) ... ok
   - modexp_37120_37111_37111_155000 | Frontier (1/4) ... ok
   - modexp_37120_37111_37111_155000 | Frontier (2/4) ... ok
ok
   - ecmul_0-3_9_28000_128_d0g3v0_Homestead...   - randomStatetest329 | Byzantium (1/1) ... ok
   - modexp_37120_37111_37111_155000 | Frontier (3/4) ... ok
   - modexp_37120_37111_37111_155000 | Frontier (4/4) ... ok
   - randomStatetest336 | EIP150 (1/1) ... ok
   - randomStatetest336 | EIP158 (1/1) ... ok
   - randomStatetest336 | Frontier (1/1) ... ok
   - modexp_37120_37111_37111_155000 | Homestead (1/4) ... ok
   - modexp_37120_37111_37111_155000 | Homestead (2/4) ... ok
   - modexp_37120_37111_37111_155000 | Homestead (3/4) ... ok
   - modexp_37120_37111_37111_155000 | Homestead (4/4) ... ok
   - modexp_37120_37111_37111_155000 | Byzantium (1/4) ... ok
   - randomStatetest336 | Homestead (1/1) ... ok
   - randomStatetest336 | Byzantium (1/1) ... ok
   - randomStatetest506 | EIP150 (1/1) ... ok
   - randomStatetest506 | EIP158 (1/1) ... ok
   - randomStatetest506 | Frontier (1/1) ... ok
   - modexp_37120_37111_37111_155000 | Byzantium (2/4) ... ok
   - modexp_37120_37111_37111_155000 | Byzantium (3/4) ... ok
   - modexp_37120_37111_37111_155000 | Byzantium (4/4) ... ok
   - randomStatetest506 | Homestead (1/1) ... ok
   - randomStatetest506 | Byzantium (1/1) ... ok
   - randomStatetest441 | EIP150 (1/1) ... ok
   - CallEcrecover0_NoGas | EIP150 (1/1) ... ok
   - CallEcrecover0_NoGas | EIP158 (1/1) ... ok
   - CallEcrecover0_NoGas | Frontier (1/1) ... ok
   - CallEcrecover0_NoGas | Homestead (1/1) ... ok
   - CallEcrecover0_NoGas | Byzantium (1/1) ... ok
   - CallSha256_3_postfix0 | EIP150 (1/1) ... ok
   - randomStatetest441 | EIP158 (1/1) ... ok
   - randomStatetest441 | Frontier (1/1) ... ok
   - randomStatetest441 | Homestead (1/1) ... ok
ok
   - randomStatetest441 | Byzantium (1/1) ... ok
   - randomStatetest600 | EIP150 (1/1) ... ok
   - CallSha256_3_postfix0 | EIP158 (1/1) ... ok
   - randomStatetest600 | EIP158 (1/1) ... ok
   - CallSha256_3_postfix0 | Frontier (1/1) ... ok
   - ecpairing_perturb_zeropoint_by_field_modulus_d0g1v0_Byzantium...   - randomStatetest600 | Frontier (1/1) ... ok
   - CallSha256_3_postfix0 | Homestead (1/1) ... ok
   - randomStatetest600 | Homestead (1/1) ... ok
   - CallSha256_3_postfix0 | Byzantium (1/1) ... ok
   - randomStatetest600 | Byzantium (1/1) ... ok
   - randomStatetest323 | EIP150 (1/1) ... ok
   - randomStatetest323 | EIP158 (1/1) ... ok
   - randomStatetest323 | Frontier (1/1) ... ok
   - randomStatetest323 | Homestead (1/1) ... ok
   - modexp_37120_37111_0_155000 | EIP150 (1/4) ... ok
   - randomStatetest323 | Byzantium (1/1) ... ok
   - modexp_37120_37111_0_155000 | EIP150 (2/4) ... ok
   - modexp_37120_37111_0_155000 | EIP150 (3/4) ... ok
   - randomStatetest5 | EIP150 (1/1) ... ok
   - modexp_37120_37111_0_155000 | EIP150 (4/4) ... ok
   - randomStatetest5 | EIP158 (1/1) ... ok
   - modexp_37120_37111_0_155000 | EIP158 (1/4) ... ok
   - randomStatetest5 | Frontier (1/1) ... ok
   - modexp_37120_37111_0_155000 | EIP158 (2/4) ... ok
   - randomStatetest5 | Homestead (1/1) ... ok
   - modexp_37120_37111_0_155000 | EIP158 (3/4) ... ok
   - randomStatetest5 | Byzantium (1/1) ... ok
   - modexp_37120_37111_0_155000 | EIP158 (4/4) ... ok
   - randomStatetest484 | EIP150 (1/1) ... ok
   - randomStatetest484 | EIP158 (1/1) ... ok
   - randomStatetest484 | Frontier (1/1) ... ok
   - randomStatetest484 | Homestead (1/1) ... ok
   - modexp_37120_37111_0_155000 | Frontier (1/4) ... ok
   - randomStatetest484 | Byzantium (1/1) ... ok
   - randomStatetest309 | EIP150 (1/1) ... ok
   - randomStatetest309 | EIP158 (1/1) ... ok
   - modexp_37120_37111_0_155000 | Frontier (2/4) ... ok
   - modexp_37120_37111_0_155000 | Frontier (3/4) ... ok
   - modexp_37120_37111_0_155000 | Frontier (4/4) ... ok
   - randomStatetest309 | Frontier (1/1) ... ok
ok
   - ecpairing_perturb_zeropoint_by_field_modulus_d0g1v0_EIP150...   - modexp_37120_37111_0_155000 | Homestead (1/4) ... ok
   - modexp_37120_37111_0_155000 | Homestead (2/4) ... ok
   - randomStatetest309 | Homestead (1/1) ... ok
   - randomStatetest309 | Byzantium (1/1) ... ok
   - modexp_37120_37111_0_155000 | Homestead (3/4) ... ok
   - modexp_37120_37111_0_155000 | Homestead (4/4) ... ok
   - randomStatetest100 | EIP150 (1/1) ... ok
   - modexp_37120_37111_0_155000 | Byzantium (1/4) ... ok
   - randomStatetest100 | EIP158 (1/1) ... ok
   - modexp_37120_37111_0_155000 | Byzantium (2/4) ... ok
   - randomStatetest100 | Frontier (1/1) ... ok
   - modexp_37120_37111_0_155000 | Byzantium (3/4) ... ok
   - randomStatetest100 | Homestead (1/1) ... ok
   - modexp_37120_37111_0_155000 | Byzantium (4/4) ... ok
   - randomStatetest100 | Byzantium (1/1) ... ok
   - CALLCODEEcrecoverV_prefixedf0 | EIP150 (1/2) ... ok
   - CALLCODEEcrecoverV_prefixedf0 | EIP150 (2/2) ... ok
   - CALLCODEEcrecoverV_prefixedf0 | EIP158 (1/2) ... ok
   - CALLCODEEcrecoverV_prefixedf0 | EIP158 (2/2) ... ok
   - CALLCODEEcrecoverV_prefixedf0 | Frontier (1/2) ... ok
   - CALLCODEEcrecoverV_prefixedf0 | Frontier (2/2) ... ok
   - CALLCODEEcrecoverV_prefixedf0 | Homestead (1/2) ... ok
   - CALLCODEEcrecoverV_prefixedf0 | Homestead (2/2) ... ok
   - CALLCODEEcrecoverV_prefixedf0 | Byzantium (1/2) ... ok
   - CALLCODEEcrecoverV_prefixedf0 | Byzantium (2/2) ... ok
   - CallEcrecover1 | EIP150 (1/1) ... ok
   - CallEcrecover1 | EIP158 (1/1) ... ok
   - CallEcrecover1 | Frontier (1/1) ... ok
   - CallEcrecover1 | Homestead (1/1) ... ok
   - CallEcrecover1 | Byzantium (1/1) ... ok
   - modexp_1_0_1_25000 | EIP150 (1/4) ... ok
   - modexp_1_0_1_25000 | EIP150 (2/4) ... ok
   - modexp_1_0_1_25000 | EIP150 (3/4) ... ok
   - modexp_1_0_1_25000 | EIP150 (4/4) ... ok
   - modexp_1_0_1_25000 | EIP158 (1/4) ... ok
   - modexp_1_0_1_25000 | EIP158 (2/4) ... ok
   - modexp_1_0_1_25000 | EIP158 (3/4) ... ok
   - randomStatetest306 | EIP150 (1/1) ... ok
   - modexp_1_0_1_25000 | EIP158 (4/4) ... ok
   - modexp_1_0_1_25000 | Frontier (1/4) ... ok
   - modexp_1_0_1_25000 | Frontier (2/4) ... ok
   - modexp_1_0_1_25000 | Frontier (3/4) ... ok
   - modexp_1_0_1_25000 | Frontier (4/4) ... ok
   - modexp_1_0_1_25000 | Homestead (1/4) ... ok
   - modexp_1_0_1_25000 | Homestead (2/4) ... ok
   - modexp_1_0_1_25000 | Homestead (3/4) ... ok
   - modexp_1_0_1_25000 | Homestead (4/4) ... ok
   - modexp_1_0_1_25000 | Byzantium (1/4) ... ok
   - modexp_1_0_1_25000 | Byzantium (2/4) ... ok
   - modexp_1_0_1_25000 | Byzantium (3/4) ... ok
   - modexp_1_0_1_25000 | Byzantium (4/4) ... ok
   - CallRipemd160_2 | EIP150 (1/1) ... ok
   - CallRipemd160_2 | EIP158 (1/1) ... ok
   - CallRipemd160_2 | Frontier (1/1) ... ok
   - CallRipemd160_2 | Homestead (1/1) ... ok
   - CallRipemd160_2 | Byzantium (1/1) ... ok
   - CALLCODEIdentity_3 | EIP150 (1/1) ... ok
   - CALLCODEIdentity_3 | EIP158 (1/1) ... ok
   - CALLCODEIdentity_3 | Frontier (1/1) ... ok
   - CALLCODEIdentity_3 | Homestead (1/1) ... ok
   - CALLCODEIdentity_3 | Byzantium (1/1) ... ok
   - randomStatetest306 | EIP158 (1/1) ... ok
   - randomStatetest306 | Frontier (1/1) ... ok
   - CALLCODEIdentity_2 | EIP150 (1/1) ... ok
   - CALLCODEIdentity_2 | EIP158 (1/1) ... ok
   - randomStatetest306 | Homestead (1/1) ... ok
   - CALLCODEIdentity_2 | Frontier (1/1) ... ok
   - CALLCODEIdentity_2 | Homestead (1/1) ... ok
   - CALLCODEIdentity_2 | Byzantium (1/1) ... ok
   - modexp_3_09984_39936_22000 | EIP150 (1/4) ... ok
ok
   - ecpairing_perturb_zeropoint_by_field_modulus_d0g1v0_EIP158...   - modexp_3_09984_39936_22000 | EIP150 (2/4) ... ok
   - modexp_3_09984_39936_22000 | EIP150 (3/4) ... ok
   - modexp_3_09984_39936_22000 | EIP150 (4/4) ... ok
   - modexp_3_09984_39936_22000 | EIP158 (1/4) ... ok
   - modexp_3_09984_39936_22000 | EIP158 (2/4) ... ok
   - modexp_3_09984_39936_22000 | EIP158 (3/4) ... ok
   - modexp_3_09984_39936_22000 | EIP158 (4/4) ... ok
   - modexp_3_09984_39936_22000 | Frontier (1/4) ... ok
   - modexp_3_09984_39936_22000 | Frontier (2/4) ... ok
   - modexp_3_09984_39936_22000 | Frontier (3/4) ... ok
   - modexp_3_09984_39936_22000 | Frontier (4/4) ... ok
   - modexp_3_09984_39936_22000 | Homestead (1/4) ... ok
   - modexp_3_09984_39936_22000 | Homestead (2/4) ... ok
   - modexp_3_09984_39936_22000 | Homestead (3/4) ... ok
   - modexp_3_09984_39936_22000 | Homestead (4/4) ... ok
   - modexp_3_09984_39936_22000 | Byzantium (1/4) ... ok
   - modexp_3_09984_39936_22000 | Byzantium (2/4) ... ok
   - modexp_3_09984_39936_22000 | Byzantium (3/4) ... ok
   - modexp_3_09984_39936_22000 | Byzantium (4/4) ... ok
   - modexp_1_1_1_155000 | EIP150 (1/4) ... ok
   - modexp_1_1_1_155000 | EIP150 (2/4) ... ok
   - modexp_1_1_1_155000 | EIP150 (3/4) ... ok
   - modexp_1_1_1_155000 | EIP150 (4/4) ... ok
   - modexp_1_1_1_155000 | EIP158 (1/4) ... ok
   - modexp_1_1_1_155000 | EIP158 (2/4) ... ok
   - modexp_1_1_1_155000 | EIP158 (3/4) ... ok
   - modexp_1_1_1_155000 | EIP158 (4/4) ... ok
   - modexp_1_1_1_155000 | Frontier (1/4) ... ok
   - modexp_1_1_1_155000 | Frontier (2/4) ... ok
   - modexp_1_1_1_155000 | Frontier (3/4) ... ok
   - modexp_1_1_1_155000 | Frontier (4/4) ... ok
   - modexp_1_1_1_155000 | Homestead (1/4) ... ok
   - modexp_1_1_1_155000 | Homestead (2/4) ... ok
   - modexp_1_1_1_155000 | Homestead (3/4) ... ok
   - modexp_1_1_1_155000 | Homestead (4/4) ... ok
   - modexp_1_1_1_155000 | Byzantium (1/4) ... ok
   - modexp_1_1_1_155000 | Byzantium (2/4) ... ok
   - modexp_1_1_1_155000 | Byzantium (3/4) ... ok
   - modexp_1_1_1_155000 | Byzantium (4/4) ... ok
   - modexp_37120_37111_37111_1000000 | EIP150 (1/4) ... ok
   - randomStatetest306 | Byzantium (1/1) ... ok
   - modexp_37120_37111_37111_1000000 | EIP150 (2/4) ... ok
   - modexp_37120_37111_37111_1000000 | EIP150 (3/4) ... ok
   - randomStatetest176 | EIP150 (1/1) ... ok
   - modexp_37120_37111_37111_1000000 | EIP150 (4/4) ... ok
   - randomStatetest176 | EIP158 (1/1) ... ok
   - randomStatetest176 | Frontier (1/1) ... ok
   - modexp_37120_37111_37111_1000000 | EIP158 (1/4) ... ok
   - randomStatetest176 | Homestead (1/1) ... ok
   - modexp_37120_37111_37111_1000000 | EIP158 (2/4) ... ok
   - modexp_37120_37111_37111_1000000 | EIP158 (3/4) ... ok
   - randomStatetest176 | Byzantium (1/1) ... ok
   - modexp_37120_37111_37111_1000000 | EIP158 (4/4) ... ok
   - randomStatetest640 | EIP150 (1/1) ... ok
   - modexp_37120_37111_37111_1000000 | Frontier (1/4) ... ok
   - randomStatetest640 | EIP158 (1/1) ... ok
   - modexp_37120_37111_37111_1000000 | Frontier (2/4) ... ok
   - randomStatetest640 | Frontier (1/1) ... ok
   - modexp_37120_37111_37111_1000000 | Frontier (3/4) ... ok
   - randomStatetest640 | Homestead (1/1) ... ok
   - modexp_37120_37111_37111_1000000 | Frontier (4/4) ... ok
   - randomStatetest640 | Byzantium (1/1) ... ok
   - modexp_37120_37111_37111_1000000 | Homestead (1/4) ... ok
   - modexp_37120_37111_37111_1000000 | Homestead (2/4) ... ok
   - randomStatetest301 | EIP150 (1/1) ... ok
   - modexp_37120_37111_37111_1000000 | Homestead (3/4) ... ok
   - randomStatetest301 | EIP158 (1/1) ... ok
   - modexp_37120_37111_37111_1000000 | Homestead (4/4) ... ok
   - randomStatetest301 | Frontier (1/1) ... ok
   - randomStatetest301 | Homestead (1/1) ... ok
   - randomStatetest301 | Byzantium (1/1) ... ok
   - randomStatetest485 | EIP150 (1/1) ... ok
   - randomStatetest485 | EIP158 (1/1) ... ok
   - randomStatetest485 | Frontier (1/1) ... ok
   - randomStatetest485 | Homestead (1/1) ... ok
   - randomStatetest485 | Byzantium (1/1) ... ok
   - randomStatetest589 | EIP150 (1/1) ... ok
   - randomStatetest589 | EIP158 (1/1) ... ok
   - randomStatetest589 | Frontier (1/1) ... ok
   - randomStatetest589 | Homestead (1/1) ... ok
   - randomStatetest589 | Byzantium (1/1) ... ok
   - randomStatetest167 | EIP150 (1/1) ... ok
   - randomStatetest167 | EIP158 (1/1) ... ok
   - randomStatetest167 | Frontier (1/1) ... ok
   - randomStatetest167 | Homestead (1/1) ... ok
   - randomStatetest167 | Byzantium (1/1) ... ok
   - randomStatetest533 | EIP150 (1/1) ... ok
   - randomStatetest533 | EIP158 (1/1) ... ok
   - randomStatetest533 | Frontier (1/1) ... ok
   - modexp_37120_37111_37111_1000000 | Byzantium (1/4) ... ok
   - randomStatetest533 | Homestead (1/1) ... ok
   - modexp_37120_37111_37111_1000000 | Byzantium (2/4) ... ok
   - modexp_37120_37111_37111_1000000 | Byzantium (3/4) ... ok
   - randomStatetest533 | Byzantium (1/1) ... ok
   - modexp_37120_37111_37111_1000000 | Byzantium (4/4) ... ok
   - randomStatetest303 | EIP150 (1/1) ... ok
   - randomStatetest303 | EIP158 (1/1) ... ok
   - modexp_49_2401_2401_20500 | EIP150 (1/4) ... ok
   - randomStatetest303 | Frontier (1/1) ... ok
   - modexp_49_2401_2401_20500 | EIP150 (2/4) ... ok
   - randomStatetest303 | Homestead (1/1) ... ok
   - modexp_49_2401_2401_20500 | EIP150 (3/4) ... ok
   - randomStatetest303 | Byzantium (1/1) ... ok
   - modexp_49_2401_2401_20500 | EIP150 (4/4) ... ok
   - modexp_49_2401_2401_20500 | EIP158 (1/4) ... ok
   - randomStatetest231 | EIP150 (1/1) ... ok
   - randomStatetest231 | EIP158 (1/1) ... ok
   - modexp_49_2401_2401_20500 | EIP158 (2/4) ... ok
   - modexp_49_2401_2401_20500 | EIP158 (3/4) ... ok
ok
   - ecpairing_perturb_zeropoint_by_field_modulus_d0g1v0_Frontier...   - modexp_49_2401_2401_20500 | EIP158 (4/4) ... ok
   - modexp_49_2401_2401_20500 | Frontier (1/4) ... ok
   - randomStatetest231 | Frontier (1/1) ... ok
   - modexp_49_2401_2401_20500 | Frontier (2/4) ... ok
   - modexp_49_2401_2401_20500 | Frontier (3/4) ... ok
   - randomStatetest231 | Homestead (1/1) ... ok
   - modexp_49_2401_2401_20500 | Frontier (4/4) ... ok
   - randomStatetest231 | Byzantium (1/1) ... ok
   - modexp_49_2401_2401_20500 | Homestead (1/4) ... ok
   - randomStatetest439 | EIP150 (1/1) ... ok
   - modexp_49_2401_2401_20500 | Homestead (2/4) ... ok
   - randomStatetest439 | EIP158 (1/1) ... ok
   - modexp_49_2401_2401_20500 | Homestead (3/4) ... ok
   - modexp_49_2401_2401_20500 | Homestead (4/4) ... ok
   - randomStatetest439 | Frontier (1/1) ... ok
   - randomStatetest439 | Homestead (1/1) ... ok
   - modexp_49_2401_2401_20500 | Byzantium (1/4) ... ok
   - randomStatetest439 | Byzantium (1/1) ... ok
   - modexp_49_2401_2401_20500 | Byzantium (2/4) ... ok
   - modexp_49_2401_2401_20500 | Byzantium (3/4) ... ok
   - randomStatetest443 | EIP150 (1/1) ... ok
   - modexp_49_2401_2401_20500 | Byzantium (4/4) ... ok
   - randomStatetest443 | EIP158 (1/1) ... ok
   - randomStatetest443 | Frontier (1/1) ... ok
   - modexp_9_37111_37111_35000 | EIP150 (1/4) ... ok
   - randomStatetest443 | Homestead (1/1) ... ok
   - modexp_9_37111_37111_35000 | EIP150 (2/4) ... ok
   - randomStatetest443 | Byzantium (1/1) ... ok
   - modexp_9_37111_37111_35000 | EIP150 (3/4) ... ok
   - modexp_9_37111_37111_35000 | EIP150 (4/4) ... ok
   - randomStatetest365 | EIP150 (1/1) ... ok
   - modexp_9_37111_37111_35000 | EIP158 (1/4) ... ok
   - randomStatetest365 | EIP158 (1/1) ... ok
   - modexp_9_37111_37111_35000 | EIP158 (2/4) ... ok
   - randomStatetest365 | Frontier (1/1) ... ok
   - modexp_9_37111_37111_35000 | EIP158 (3/4) ... ok
   - randomStatetest365 | Homestead (1/1) ... ok
   - modexp_9_37111_37111_35000 | EIP158 (4/4) ... ok
   - randomStatetest365 | Byzantium (1/1) ... ok
   - modexp_9_37111_37111_35000 | Frontier (1/4) ... ok
   - modexp_9_37111_37111_35000 | Frontier (2/4) ... ok
   - randomStatetest229 | EIP150 (1/1) ... ok
   - modexp_9_37111_37111_35000 | Frontier (3/4) ... ok
   - randomStatetest229 | EIP158 (1/1) ... ok
   - modexp_9_37111_37111_35000 | Frontier (4/4) ... ok
   - randomStatetest229 | Frontier (1/1) ... ok
   - modexp_9_37111_37111_35000 | Homestead (1/4) ... ok
   - randomStatetest229 | Homestead (1/1) ... ok
   - modexp_9_37111_37111_35000 | Homestead (2/4) ... ok
   - randomStatetest229 | Byzantium (1/1) ... ok
   - modexp_9_37111_37111_35000 | Homestead (3/4) ... ok
   - randomStatetest339 | EIP150 (1/1) ... ok
   - modexp_9_37111_37111_35000 | Homestead (4/4) ... ok
   - randomStatetest339 | EIP158 (1/1) ... ok
   - randomStatetest339 | Frontier (1/1) ... ok
   - modexp_9_37111_37111_35000 | Byzantium (1/4) ... ok
   - modexp_9_37111_37111_35000 | Byzantium (2/4) ... ok
   - randomStatetest339 | Homestead (1/1) ... ok
   - modexp_9_37111_37111_35000 | Byzantium (3/4) ... ok
   - randomStatetest339 | Byzantium (1/1) ... ok
   - modexp_9_37111_37111_35000 | Byzantium (4/4) ... ok
   - randomStatetest516 | EIP150 (1/1) ... ok
   - CALLCODEEcrecover80 | EIP150 (1/1) ... ok
   - randomStatetest516 | EIP158 (1/1) ... ok
   - CALLCODEEcrecover80 | EIP158 (1/1) ... ok
   - randomStatetest516 | Frontier (1/1) ... ok
   - CALLCODEEcrecover80 | Frontier (1/1) ... ok
   - randomStatetest516 | Homestead (1/1) ... ok
   - CALLCODEEcrecover80 | Homestead (1/1) ... ok
   - randomStatetest516 | Byzantium (1/1) ... ok
   - CALLCODEEcrecover80 | Byzantium (1/1) ... ok
   - modexp_37120_37111_37111_22000 | EIP150 (1/4) ... ok
   - modexp_37120_37111_37111_22000 | EIP150 (2/4) ... ok
   - modexp_37120_37111_37111_22000 | EIP150 (3/4) ... ok
   - modexp_37120_37111_37111_22000 | EIP150 (4/4) ... ok
   - modexp_37120_37111_37111_22000 | EIP158 (1/4) ... ok
   - modexp_37120_37111_37111_22000 | EIP158 (2/4) ... ok
   - modexp_37120_37111_37111_22000 | EIP158 (3/4) ... ok
   - modexp_37120_37111_37111_22000 | EIP158 (4/4) ... ok
   - modexp_37120_37111_37111_22000 | Frontier (1/4) ... ok
   - modexp_37120_37111_37111_22000 | Frontier (2/4) ... ok
   - modexp_37120_37111_37111_22000 | Frontier (3/4) ... ok
   - modexp_37120_37111_37111_22000 | Frontier (4/4) ... ok
   - modexp_37120_37111_37111_22000 | Homestead (1/4) ... ok
   - modexp_37120_37111_37111_22000 | Homestead (2/4) ... ok
   - randomStatetest498 | EIP150 (1/1) ... ok
   - modexp_37120_37111_37111_22000 | Homestead (3/4) ... ok
   - modexp_37120_37111_37111_22000 | Homestead (4/4) ... ok
   - modexp_37120_37111_37111_22000 | Byzantium (1/4) ... ok
   - modexp_37120_37111_37111_22000 | Byzantium (2/4) ... ok
   - modexp_37120_37111_37111_22000 | Byzantium (3/4) ... ok
   - modexp_37120_37111_37111_22000 | Byzantium (4/4) ... ok
   - modexp_3_28948_11579_20500 | EIP150 (1/4) ... ok
   - modexp_3_28948_11579_20500 | EIP150 (2/4) ... ok
   - modexp_3_28948_11579_20500 | EIP150 (3/4) ... ok
   - modexp_3_28948_11579_20500 | EIP150 (4/4) ... ok
   - modexp_3_28948_11579_20500 | EIP158 (1/4) ... ok
   - modexp_3_28948_11579_20500 | EIP158 (2/4) ... ok
   - modexp_3_28948_11579_20500 | EIP158 (3/4) ... ok
ok
   - ecpairing_perturb_zeropoint_by_field_modulus_d0g1v0_Homestead...   - modexp_3_28948_11579_20500 | EIP158 (4/4) ... ok
   - modexp_3_28948_11579_20500 | Frontier (1/4) ... ok
   - modexp_3_28948_11579_20500 | Frontier (2/4) ... ok
   - modexp_3_28948_11579_20500 | Frontier (3/4) ... ok
   - modexp_3_28948_11579_20500 | Frontier (4/4) ... ok
   - modexp_3_28948_11579_20500 | Homestead (1/4) ... ok
   - modexp_3_28948_11579_20500 | Homestead (2/4) ... ok
   - modexp_3_28948_11579_20500 | Homestead (3/4) ... ok
   - modexp_3_28948_11579_20500 | Homestead (4/4) ... ok
   - modexp_3_28948_11579_20500 | Byzantium (1/4) ... ok
   - modexp_3_28948_11579_20500 | Byzantium (2/4) ... ok
   - randomStatetest498 | EIP158 (1/1) ... ok
   - modexp_3_28948_11579_20500 | Byzantium (3/4) ... ok
   - modexp_3_28948_11579_20500 | Byzantium (4/4) ... ok
   - modexp_0_1_0_35000 | EIP150 (1/4) ... ok
   - modexp_0_1_0_35000 | EIP150 (2/4) ... ok
   - modexp_0_1_0_35000 | EIP150 (3/4) ... ok
   - modexp_0_1_0_35000 | EIP150 (4/4) ... ok
   - modexp_0_1_0_35000 | EIP158 (1/4) ... ok
   - modexp_0_1_0_35000 | EIP158 (2/4) ... ok
   - modexp_0_1_0_35000 | EIP158 (3/4) ... ok
   - modexp_0_1_0_35000 | EIP158 (4/4) ... ok
   - modexp_0_1_0_35000 | Frontier (1/4) ... ok
   - modexp_0_1_0_35000 | Frontier (2/4) ... ok
   - modexp_0_1_0_35000 | Frontier (3/4) ... ok
   - modexp_0_1_0_35000 | Frontier (4/4) ... ok
   - modexp_0_1_0_35000 | Homestead (1/4) ... ok
   - modexp_0_1_0_35000 | Homestead (2/4) ... ok
   - randomStatetest498 | Frontier (1/1) ... ok
   - modexp_0_1_0_35000 | Homestead (3/4) ... ok
   - modexp_0_1_0_35000 | Homestead (4/4) ... ok
   - modexp_0_1_0_35000 | Byzantium (1/4) ... ok
   - modexp_0_1_0_35000 | Byzantium (2/4) ... ok
   - modexp_0_1_0_35000 | Byzantium (3/4) ... ok
   - modexp_0_1_0_35000 | Byzantium (4/4) ... ok
   - CALLCODESha256_4 | EIP150 (1/1) ... ok
ok
   - CALLCODESha256_4 | EIP158 (1/1) ... ok
   - CALLCODESha256_4 | Frontier (1/1) ... ok
   - CALLCODESha256_4 | Homestead (1/1) ... ok
   - ecmul_1-3_5616_28000_96_d0g1v0_Byzantium...   - CALLCODESha256_4 | Byzantium (1/1) ... ok
   - CALLCODERipemd160_5 | EIP150 (1/1) ... ok
   - CALLCODERipemd160_5 | EIP158 (1/1) ... ok
   - randomStatetest498 | Homestead (1/1) ... ok
   - CALLCODERipemd160_5 | Frontier (1/1) ... ok
   - CALLCODERipemd160_5 | Homestead (1/1) ... ok
   - CALLCODERipemd160_5 | Byzantium (1/1) ... ok
   - modexp_3_5_100_22000 | EIP150 (1/4) ... ok
   - modexp_3_5_100_22000 | EIP150 (2/4) ... ok
   - modexp_3_5_100_22000 | EIP150 (3/4) ... ok
   - modexp_3_5_100_22000 | EIP150 (4/4) ... ok
   - modexp_3_5_100_22000 | EIP158 (1/4) ... ok
   - modexp_3_5_100_22000 | EIP158 (2/4) ... ok
   - modexp_3_5_100_22000 | EIP158 (3/4) ... ok
   - modexp_3_5_100_22000 | EIP158 (4/4) ... ok
   - modexp_3_5_100_22000 | Frontier (1/4) ... ok
   - modexp_3_5_100_22000 | Frontier (2/4) ... ok
   - modexp_3_5_100_22000 | Frontier (3/4) ... ok
   - modexp_3_5_100_22000 | Frontier (4/4) ... ok
   - modexp_3_5_100_22000 | Homestead (1/4) ... ok
   - modexp_3_5_100_22000 | Homestead (2/4) ... ok
   - randomStatetest498 | Byzantium (1/1) ... ok
   - modexp_3_5_100_22000 | Homestead (3/4) ... ok
   - randomStatetest630 | EIP150 (1/1) ... ok
   - modexp_3_5_100_22000 | Homestead (4/4) ... ok
   - randomStatetest630 | EIP158 (1/1) ... ok
   - modexp_3_5_100_22000 | Byzantium (1/4) ... ok
   - randomStatetest630 | Frontier (1/1) ... ok
   - modexp_3_5_100_22000 | Byzantium (2/4) ... ok
   - modexp_3_5_100_22000 | Byzantium (3/4) ... ok
   - randomStatetest630 | Homestead (1/1) ... ok
   - modexp_3_5_100_22000 | Byzantium (4/4) ... ok
   - randomStatetest630 | Byzantium (1/1) ... ok
   - CallRipemd160_1 | EIP150 (1/1) ... ok
   - randomStatetest624 | EIP150 (1/1) ... ok
   - randomStatetest624 | EIP158 (1/1) ... ok
   - CallRipemd160_1 | EIP158 (1/1) ... ok
   - randomStatetest624 | Frontier (1/1) ... ok
   - CallRipemd160_1 | Frontier (1/1) ... ok
   - randomStatetest624 | Homestead (1/1) ... ok
   - CallRipemd160_1 | Homestead (1/1) ... ok
   - CallRipemd160_1 | Byzantium (1/1) ... ok
   - randomStatetest624 | Byzantium (1/1) ... ok
ok
   - ecmul_1-3_5616_28000_96_d0g1v0_EIP150...   - randomStatetest271 | EIP150 (1/1) ... ok
   - modexp_0_0_0_22000 | EIP150 (1/4) ... ok
   - modexp_0_0_0_22000 | EIP150 (2/4) ... ok
   - randomStatetest271 | EIP158 (1/1) ... ok
   - modexp_0_0_0_22000 | EIP150 (3/4) ... ok
   - randomStatetest271 | Frontier (1/1) ... ok
   - modexp_0_0_0_22000 | EIP150 (4/4) ... ok
   - randomStatetest271 | Homestead (1/1) ... ok
   - modexp_0_0_0_22000 | EIP158 (1/4) ... ok
   - randomStatetest271 | Byzantium (1/1) ... ok
   - modexp_0_0_0_22000 | EIP158 (2/4) ... ok
   - randomStatetest300 | EIP150 (1/1) ... ok
   - modexp_0_0_0_22000 | EIP158 (3/4) ... ok
   - randomStatetest300 | EIP158 (1/1) ... ok
   - modexp_0_0_0_22000 | EIP158 (4/4) ... ok
   - randomStatetest300 | Frontier (1/1) ... ok
   - modexp_0_0_0_22000 | Frontier (1/4) ... ok
   - randomStatetest300 | Homestead (1/1) ... ok
   - modexp_0_0_0_22000 | Frontier (2/4) ... ok
   - modexp_0_0_0_22000 | Frontier (3/4) ... ok
   - randomStatetest300 | Byzantium (1/1) ... ok
   - modexp_0_0_0_22000 | Frontier (4/4) ... ok
   - randomStatetest133 | EIP150 (1/1) ... ok
   - modexp_0_0_0_22000 | Homestead (1/4) ... ok
   - randomStatetest133 | EIP158 (1/1) ... ok
   - modexp_0_0_0_22000 | Homestead (2/4) ... ok
   - randomStatetest133 | Frontier (1/1) ... ok
   - modexp_0_0_0_22000 | Homestead (3/4) ... ok
   - modexp_0_0_0_22000 | Homestead (4/4) ... ok
   - randomStatetest133 | Homestead (1/1) ... ok
   - modexp_0_0_0_22000 | Byzantium (1/4) ... ok
   - modexp_0_0_0_22000 | Byzantium (2/4) ... ok
   - randomStatetest133 | Byzantium (1/1) ... ok
   - randomStatetest187 | EIP150 (1/1) ... ok
   - randomStatetest187 | EIP158 (1/1) ... ok
   - randomStatetest187 | Frontier (1/1) ... ok
   - randomStatetest187 | Homestead (1/1) ... ok
   - randomStatetest187 | Byzantium (1/1) ... ok
   - randomStatetest346 | EIP150 (1/1) ... ok
   - randomStatetest346 | EIP158 (1/1) ... ok
   - randomStatetest346 | Frontier (1/1) ... ok
   - modexp_0_0_0_22000 | Byzantium (3/4) ... ok
   - randomStatetest346 | Homestead (1/1) ... ok
   - modexp_0_0_0_22000 | Byzantium (4/4) ... ok
   - randomStatetest346 | Byzantium (1/1) ... ok
   - modexp_3_09984_39936_155000 | EIP150 (1/4) ... ok
   - modexp_3_09984_39936_155000 | EIP150 (2/4) ... ok
   - randomStatetest147 | EIP150 (1/1) ... ok
   - modexp_3_09984_39936_155000 | EIP150 (3/4) ... ok
   - randomStatetest147 | EIP158 (1/1) ... ok
   - modexp_3_09984_39936_155000 | EIP150 (4/4) ... ok
   - randomStatetest147 | Frontier (1/1) ... ok
   - randomStatetest147 | Homestead (1/1) ... ok
   - modexp_3_09984_39936_155000 | EIP158 (1/4) ... ok
   - randomStatetest147 | Byzantium (1/1) ... ok
   - modexp_3_09984_39936_155000 | EIP158 (2/4) ... ok
ok
   - ecmul_1-3_5616_28000_96_d0g1v0_EIP158...   - randomStatetest468 | EIP150 (1/1) ... ok
   - modexp_3_09984_39936_155000 | EIP158 (3/4) ... ok
   - randomStatetest468 | EIP158 (1/1) ... ok
   - modexp_3_09984_39936_155000 | EIP158 (4/4) ... ok
   - randomStatetest468 | Frontier (1/1) ... ok
   - modexp_3_09984_39936_155000 | Frontier (1/4) ... ok
   - randomStatetest468 | Homestead (1/1) ... ok
   - randomStatetest468 | Byzantium (1/1) ... ok
   - modexp_3_09984_39936_155000 | Frontier (2/4) ... ok
   - modexp_3_09984_39936_155000 | Frontier (3/4) ... ok
   - modexp_3_09984_39936_155000 | Frontier (4/4) ... ok
   - modexp_3_09984_39936_155000 | Homestead (1/4) ... ok
   - randomStatetest53 | EIP150 (1/1) ... ok
   - randomStatetest53 | EIP158 (1/1) ... ok
   - randomStatetest53 | Frontier (1/1) ... ok
   - modexp_3_09984_39936_155000 | Homestead (2/4) ... ok
   - modexp_3_09984_39936_155000 | Homestead (3/4) ... ok
   - randomStatetest53 | Homestead (1/1) ... ok
   - modexp_3_09984_39936_155000 | Homestead (4/4) ... ok
   - randomStatetest53 | Byzantium (1/1) ... ok
   - modexp_3_09984_39936_155000 | Byzantium (1/4) ... ok
   - randomStatetest413 | EIP150 (1/1) ... ok
   - modexp_3_09984_39936_155000 | Byzantium (2/4) ... ok
   - randomStatetest413 | EIP158 (1/1) ... ok
   - modexp_3_09984_39936_155000 | Byzantium (3/4) ... ok
   - randomStatetest413 | Frontier (1/1) ... ok
   - modexp_3_09984_39936_155000 | Byzantium (4/4) ... ok
   - randomStatetest413 | Homestead (1/1) ... ok
   - randomStatetest413 | Byzantium (1/1) ... ok
   - randomStatetest576 | EIP150 (1/1) ... ok
   - randomStatetest576 | EIP158 (1/1) ... ok
   - randomStatetest576 | Frontier (1/1) ... ok
   - randomStatetest576 | Homestead (1/1) ... ok
   - randomStatetest576 | Byzantium (1/1) ... ok
   - randomStatetest518 | EIP150 (1/1) ... ok
   - CALLCODEIdentity_4_gas18 | EIP150 (1/1) ... ok
   - CALLCODEIdentity_4_gas18 | EIP158 (1/1) ... ok
   - randomStatetest518 | EIP158 (1/1) ... ok
   - randomStatetest518 | Frontier (1/1) ... ok
   - randomStatetest518 | Homestead (1/1) ... ok
   - randomStatetest518 | Byzantium (1/1) ... ok
   - randomStatetest153 | EIP150 (1/1) ... ok
   - randomStatetest153 | EIP158 (1/1) ... ok
   - CALLCODEIdentity_4_gas18 | Frontier (1/1) ... ok
   - CALLCODEIdentity_4_gas18 | Homestead (1/1) ... ok
   - CALLCODEIdentity_4_gas18 | Byzantium (1/1) ... ok
ok
   - ecmul_1-3_5616_28000_96_d0g1v0_Frontier...   - randomStatetest153 | Frontier (1/1) ... ok
   - randomStatetest153 | Homestead (1/1) ... ok
   - randomStatetest153 | Byzantium (1/1) ... ok
   - CALLCODERipemd160_1 | EIP150 (1/1) ... ok
   - randomStatetest155 | EIP150 (1/1) ... ok
   - randomStatetest155 | EIP158 (1/1) ... ok
   - randomStatetest155 | Frontier (1/1) ... ok
   - randomStatetest155 | Homestead (1/1) ... ok
   - randomStatetest155 | Byzantium (1/1) ... ok
   - CALLCODERipemd160_1 | EIP158 (1/1) ... ok
   - CALLCODERipemd160_1 | Frontier (1/1) ... ok
   - CALLCODERipemd160_1 | Homestead (1/1) ... ok
   - CALLCODERipemd160_1 | Byzantium (1/1) ... ok
   - modexp_37120_37111_1_20500 | EIP150 (1/4) ... ok
   - modexp_37120_37111_1_20500 | EIP150 (2/4) ... ok
   - randomStatetest326 | EIP150 (1/1) ... ok
   - modexp_37120_37111_1_20500 | EIP150 (3/4) ... ok
   - modexp_37120_37111_1_20500 | EIP150 (4/4) ... ok
   - randomStatetest326 | EIP158 (1/1) ... ok
   - modexp_37120_37111_1_20500 | EIP158 (1/4) ... ok
   - modexp_37120_37111_1_20500 | EIP158 (2/4) ... ok
   - modexp_37120_37111_1_20500 | EIP158 (3/4) ... ok
   - modexp_37120_37111_1_20500 | EIP158 (4/4) ... ok
   - modexp_37120_37111_1_20500 | Frontier (1/4) ... ok
   - modexp_37120_37111_1_20500 | Frontier (2/4) ... ok
ok
   - ecmul_1-3_5616_28000_96_d0g1v0_Homestead...   - modexp_37120_37111_1_20500 | Frontier (3/4) ... ok
   - modexp_37120_37111_1_20500 | Frontier (4/4) ... ok
   - modexp_37120_37111_1_20500 | Homestead (1/4) ... ok
   - modexp_37120_37111_1_20500 | Homestead (2/4) ... ok
   - randomStatetest326 | Frontier (1/1) ... ok
   - modexp_37120_37111_1_20500 | Homestead (3/4) ... ok
   - modexp_37120_37111_1_20500 | Homestead (4/4) ... ok
   - modexp_37120_37111_1_20500 | Byzantium (1/4) ... ok
   - modexp_37120_37111_1_20500 | Byzantium (2/4) ... ok
   - modexp_37120_37111_1_20500 | Byzantium (3/4) ... ok
   - modexp_37120_37111_1_20500 | Byzantium (4/4) ... ok
   - modexp_55190_55190_42965_20500 | EIP150 (1/4) ... ok
   - modexp_55190_55190_42965_20500 | EIP150 (2/4) ... ok
   - modexp_55190_55190_42965_20500 | EIP150 (3/4) ... ok
   - modexp_55190_55190_42965_20500 | EIP150 (4/4) ... ok
   - modexp_55190_55190_42965_20500 | EIP158 (1/4) ... ok
   - modexp_55190_55190_42965_20500 | EIP158 (2/4) ... ok
   - modexp_55190_55190_42965_20500 | EIP158 (3/4) ... ok
   - modexp_55190_55190_42965_20500 | EIP158 (4/4) ... ok
   - modexp_55190_55190_42965_20500 | Frontier (1/4) ... ok
   - randomStatetest326 | Homestead (1/1) ... ok
   - modexp_55190_55190_42965_20500 | Frontier (2/4) ... ok
   - modexp_55190_55190_42965_20500 | Frontier (3/4) ... ok
   - modexp_55190_55190_42965_20500 | Frontier (4/4) ... ok
   - modexp_55190_55190_42965_20500 | Homestead (1/4) ... ok
   - modexp_55190_55190_42965_20500 | Homestead (2/4) ... ok
   - modexp_55190_55190_42965_20500 | Homestead (3/4) ... ok
   - modexp_55190_55190_42965_20500 | Homestead (4/4) ... ok
   - modexp_55190_55190_42965_20500 | Byzantium (1/4) ... ok
   - modexp_55190_55190_42965_20500 | Byzantium (2/4) ... ok
   - modexp_55190_55190_42965_20500 | Byzantium (3/4) ... ok
   - modexp_55190_55190_42965_20500 | Byzantium (4/4) ... ok
   - CALLCODEEcrecoverH_prefixed0 | EIP150 (1/1) ... ok
   - randomStatetest326 | Byzantium (1/1) ... ok
   - CALLCODEEcrecoverH_prefixed0 | EIP158 (1/1) ... ok
   - CALLCODEEcrecoverH_prefixed0 | Frontier (1/1) ... ok
   - CALLCODEEcrecoverH_prefixed0 | Homestead (1/1) ... ok
   - randomStatetest642 | EIP150 (1/1) ... ok
   - CALLCODEEcrecoverH_prefixed0 | Byzantium (1/1) ... ok
   - randomStatetest642 | EIP158 (1/1) ... ok
   - modexp_0_3_100_1000000 | EIP150 (1/4) ... ok
   - modexp_0_3_100_1000000 | EIP150 (2/4) ... ok
   - modexp_0_3_100_1000000 | EIP150 (3/4) ... ok
   - randomStatetest642 | Frontier (1/1) ... ok
   - modexp_0_3_100_1000000 | EIP150 (4/4) ... ok
   - randomStatetest642 | Homestead (1/1) ... ok
   - modexp_0_3_100_1000000 | EIP158 (1/4) ... ok
   - modexp_0_3_100_1000000 | EIP158 (2/4) ... ok
   - modexp_0_3_100_1000000 | EIP158 (3/4) ... ok
   - randomStatetest642 | Byzantium (1/1) ... ok
   - modexp_0_3_100_1000000 | EIP158 (4/4) ... ok
   - modexp_0_3_100_1000000 | Frontier (1/4) ... ok
   - randomStatetest514 | EIP150 (1/1) ... ok
   - modexp_0_3_100_1000000 | Frontier (2/4) ... ok
   - randomStatetest514 | EIP158 (1/1) ... ok
   - modexp_0_3_100_1000000 | Frontier (3/4) ... ok
   - modexp_0_3_100_1000000 | Frontier (4/4) ... ok
   - randomStatetest514 | Frontier (1/1) ... ok
   - modexp_0_3_100_1000000 | Homestead (1/4) ... ok
   - modexp_0_3_100_1000000 | Homestead (2/4) ... ok
   - randomStatetest514 | Homestead (1/1) ... ok
   - modexp_0_3_100_1000000 | Homestead (3/4) ... ok
   - randomStatetest514 | Byzantium (1/1) ... ok
   - modexp_0_3_100_1000000 | Homestead (4/4) ... ok
   - modexp_0_3_100_1000000 | Byzantium (1/4) ... ok
   - modexp_0_3_100_1000000 | Byzantium (2/4) ... ok
   - modexp_0_3_100_1000000 | Byzantium (3/4) ... ok
   - randomStatetest27 | EIP150 (1/1) ... ok
   - modexp_0_3_100_1000000 | Byzantium (4/4) ... ok
   - randomStatetest27 | EIP158 (1/1) ... ok
   - randomStatetest27 | Frontier (1/1) ... ok
   - CallSha256_3_prefix0 | EIP150 (1/1) ... ok
   - randomStatetest27 | Homestead (1/1) ... ok
ok
   - randomStatetest27 | Byzantium (1/1) ... ok
   - randomStatetest142 | EIP150 (1/1) ... ok
   - pairingTest_d5g3v0_Byzantium...   - randomStatetest142 | EIP158 (1/1) ... ok
   - randomStatetest142 | Frontier (1/1) ... ok
   - randomStatetest142 | Homestead (1/1) ... ok
   - CallSha256_3_prefix0 | EIP158 (1/1) ... ok
   - randomStatetest142 | Byzantium (1/1) ... ok
   - CallSha256_3_prefix0 | Frontier (1/1) ... ok
   - CallSha256_3_prefix0 | Homestead (1/1) ... ok
   - CallSha256_3_prefix0 | Byzantium (1/1) ... ok
   - modexp_37120_37111_1_25000 | EIP150 (1/4) ... ok
   - modexp_37120_37111_1_25000 | EIP150 (2/4) ... ok
   - modexp_37120_37111_1_25000 | EIP150 (3/4) ... ok
   - modexp_37120_37111_1_25000 | EIP150 (4/4) ... ok
   - modexp_37120_37111_1_25000 | EIP158 (1/4) ... ok
   - modexp_37120_37111_1_25000 | EIP158 (2/4) ... ok
   - modexp_37120_37111_1_25000 | EIP158 (3/4) ... ok
   - modexp_37120_37111_1_25000 | EIP158 (4/4) ... ok
   - modexp_37120_37111_1_25000 | Frontier (1/4) ... ok
   - modexp_37120_37111_1_25000 | Frontier (2/4) ... ok
   - modexp_37120_37111_1_25000 | Frontier (3/4) ... ok
ok
   - pairingTest_d5g3v0_EIP150...   - modexp_37120_37111_1_25000 | Frontier (4/4) ... ok
   - modexp_37120_37111_1_25000 | Homestead (1/4) ... ok
   - modexp_37120_37111_1_25000 | Homestead (2/4) ... ok
   - modexp_37120_37111_1_25000 | Homestead (3/4) ... ok
   - modexp_37120_37111_1_25000 | Homestead (4/4) ... ok
   - modexp_37120_37111_1_25000 | Byzantium (1/4) ... ok
   - modexp_37120_37111_1_25000 | Byzantium (2/4) ... ok
   - randomStatetest639 | EIP150 (1/1) ... ok
   - modexp_37120_37111_1_25000 | Byzantium (3/4) ... ok
   - modexp_37120_37111_1_25000 | Byzantium (4/4) ... ok
   - CallRipemd160_3_postfixed0 | EIP150 (1/1) ... ok
   - CallRipemd160_3_postfixed0 | EIP158 (1/1) ... ok
   - CallRipemd160_3_postfixed0 | Frontier (1/1) ... ok
   - CallRipemd160_3_postfixed0 | Homestead (1/1) ... ok
   - CallRipemd160_3_postfixed0 | Byzantium (1/1) ... ok
   - CallSha256_5 | EIP150 (1/1) ... ok
   - CallSha256_5 | EIP158 (1/1) ... ok
   - CallSha256_5 | Frontier (1/1) ... ok
   - CallSha256_5 | Homestead (1/1) ... ok
   - CallSha256_5 | Byzantium (1/1) ... ok
ok
   - pairingTest_d5g3v0_EIP158...   - CALLCODEIdentitiy_0 | EIP150 (1/1) ... ok
   - CALLCODEIdentitiy_0 | EIP158 (1/1) ... ok
   - CALLCODEIdentitiy_0 | Frontier (1/1) ... ok
   - CALLCODEIdentitiy_0 | Homestead (1/1) ... ok
   - CALLCODEIdentitiy_0 | Byzantium (1/1) ... ok
   - CALLCODEEcrecover2 | EIP150 (1/1) ... ok
   - CALLCODEEcrecover2 | EIP158 (1/1) ... ok
   - CALLCODEEcrecover2 | Frontier (1/1) ... ok
   - CALLCODEEcrecover2 | Homestead (1/1) ... ok
   - CALLCODEEcrecover2 | Byzantium (1/1) ... ok
   - CallEcrecover0_completeReturnValue | EIP150 (1/1) ... ok
   - CallEcrecover0_completeReturnValue | EIP158 (1/1) ... ok
   - CallEcrecover0_completeReturnValue | Frontier (1/1) ... ok
   - CallEcrecover0_completeReturnValue | Homestead (1/1) ... ok
   - CallEcrecover0_completeReturnValue | Byzantium (1/1) ... ok
   - CallIdentitiy_0 | EIP150 (1/1) ... ok
   - CallIdentitiy_0 | EIP158 (1/1) ... ok
   - CallIdentitiy_0 | Frontier (1/1) ... ok
   - CallIdentitiy_0 | Homestead (1/1) ... ok
   - CallIdentitiy_0 | Byzantium (1/1) ... ok
   - CallSha256_1 | EIP150 (1/1) ... ok
   - CallSha256_1 | EIP158 (1/1) ... ok
   - randomStatetest639 | EIP158 (1/1) ... ok
   - CallSha256_1 | Frontier (1/1) ... ok
   - CallSha256_1 | Homestead (1/1) ... ok
   - randomStatetest639 | Frontier (1/1) ... ok
   - CallSha256_1 | Byzantium (1/1) ... ok
   - randomStatetest639 | Homestead (1/1) ... ok
   - CALLCODERipemd160_4 | EIP150 (1/1) ... ok
   - CALLCODERipemd160_4 | EIP158 (1/1) ... ok
   - CALLCODERipemd160_4 | Frontier (1/1) ... ok
   - CALLCODERipemd160_4 | Homestead (1/1) ... ok
   - CALLCODERipemd160_4 | Byzantium (1/1) ... ok
   - modexp_1_1_1_20500 | EIP150 (1/4) ... ok
   - modexp_1_1_1_20500 | EIP150 (2/4) ... ok
   - modexp_1_1_1_20500 | EIP150 (3/4) ... ok
   - modexp_1_1_1_20500 | EIP150 (4/4) ... ok
   - modexp_1_1_1_20500 | EIP158 (1/4) ... ok
   - modexp_1_1_1_20500 | EIP158 (2/4) ... ok
   - modexp_1_1_1_20500 | EIP158 (3/4) ... ok
   - modexp_1_1_1_20500 | EIP158 (4/4) ... ok
   - modexp_1_1_1_20500 | Frontier (1/4) ... ok
   - modexp_1_1_1_20500 | Frontier (2/4) ... ok
   - modexp_1_1_1_20500 | Frontier (3/4) ... ok
   - modexp_1_1_1_20500 | Frontier (4/4) ... ok
ok
   - pairingTest_d5g3v0_Frontier...   - modexp_1_1_1_20500 | Homestead (1/4) ... ok
   - modexp_1_1_1_20500 | Homestead (2/4) ... ok
   - modexp_1_1_1_20500 | Homestead (3/4) ... ok
   - modexp_1_1_1_20500 | Homestead (4/4) ... ok
   - modexp_1_1_1_20500 | Byzantium (1/4) ... ok
   - modexp_1_1_1_20500 | Byzantium (2/4) ... ok
   - modexp_1_1_1_20500 | Byzantium (3/4) ... ok
   - modexp_1_1_1_20500 | Byzantium (4/4) ... ok
   - modexp_39936_1_55201_1000000 | EIP150 (1/4) ... ok
   - modexp_39936_1_55201_1000000 | EIP150 (2/4) ... ok
   - modexp_39936_1_55201_1000000 | EIP150 (3/4) ... ok
   - modexp_39936_1_55201_1000000 | EIP150 (4/4) ... ok
   - modexp_39936_1_55201_1000000 | EIP158 (1/4) ... ok
   - modexp_39936_1_55201_1000000 | EIP158 (2/4) ... ok
   - modexp_39936_1_55201_1000000 | EIP158 (3/4) ... ok
   - modexp_39936_1_55201_1000000 | EIP158 (4/4) ... ok
   - modexp_39936_1_55201_1000000 | Frontier (1/4) ... ok
   - modexp_39936_1_55201_1000000 | Frontier (2/4) ... ok
   - modexp_39936_1_55201_1000000 | Frontier (3/4) ... ok
   - modexp_39936_1_55201_1000000 | Frontier (4/4) ... ok
   - modexp_39936_1_55201_1000000 | Homestead (1/4) ... ok
   - modexp_39936_1_55201_1000000 | Homestead (2/4) ... ok
   - modexp_39936_1_55201_1000000 | Homestead (3/4) ... ok
   - modexp_39936_1_55201_1000000 | Homestead (4/4) ... ok
   - modexp_39936_1_55201_1000000 | Byzantium (1/4) ... ok
   - modexp_39936_1_55201_1000000 | Byzantium (2/4) ... ok
   - modexp_39936_1_55201_1000000 | Byzantium (3/4) ... ok
   - modexp_39936_1_55201_1000000 | Byzantium (4/4) ... ok
   - CALLCODERipemd160_3_postfixed0 | EIP150 (1/1) ... ok
   - CALLCODERipemd160_3_postfixed0 | EIP158 (1/1) ... ok
   - CALLCODERipemd160_3_postfixed0 | Frontier (1/1) ... ok
   - CALLCODERipemd160_3_postfixed0 | Homestead (1/1) ... ok
   - CALLCODERipemd160_3_postfixed0 | Byzantium (1/1) ... ok
   - randomStatetest639 | Byzantium (1/1) ... ok
   - modexp_0_0_0_1000000 | EIP150 (1/4) ... ok
   - randomStatetest233 | EIP150 (1/1) ... ok
   - modexp_0_0_0_1000000 | EIP150 (2/4) ... ok
   - randomStatetest233 | EIP158 (1/1) ... ok
   - modexp_0_0_0_1000000 | EIP150 (3/4) ... ok
   - randomStatetest233 | Frontier (1/1) ... ok
   - modexp_0_0_0_1000000 | EIP150 (4/4) ... ok
   - randomStatetest233 | Homestead (1/1) ... ok
   - modexp_0_0_0_1000000 | EIP158 (1/4) ... ok
   - randomStatetest233 | Byzantium (1/1) ... ok
   - randomStatetest0 | EIP150 (1/1) ... ok
   - randomStatetest0 | EIP158 (1/1) ... ok
   - randomStatetest0 | Frontier (1/1) ... ok
   - randomStatetest0 | Homestead (1/1) ... ok
   - randomStatetest0 | Byzantium (1/1) ... ok
ok
   - pairingTest_d5g3v0_Homestead...   - modexp_0_0_0_1000000 | EIP158 (2/4) ... ok
   - randomStatetest414 | EIP150 (1/1) ... ok
   - modexp_0_0_0_1000000 | EIP158 (3/4) ... ok
   - randomStatetest414 | EIP158 (1/1) ... ok
   - randomStatetest414 | Frontier (1/1) ... ok
   - modexp_0_0_0_1000000 | EIP158 (4/4) ... ok
   - randomStatetest414 | Homestead (1/1) ... ok
   - modexp_0_0_0_1000000 | Frontier (1/4) ... ok
   - randomStatetest414 | Byzantium (1/1) ... ok
   - modexp_0_0_0_1000000 | Frontier (2/4) ... ok
   - randomStatetest39 | EIP150 (1/1) ... ok
   - modexp_0_0_0_1000000 | Frontier (3/4) ... ok
   - randomStatetest39 | EIP158 (1/1) ... ok
   - modexp_0_0_0_1000000 | Frontier (4/4) ... ok
   - randomStatetest39 | Frontier (1/1) ... ok
   - modexp_0_0_0_1000000 | Homestead (1/4) ... ok
   - randomStatetest39 | Homestead (1/1) ... ok
   - modexp_0_0_0_1000000 | Homestead (2/4) ... ok
   - modexp_0_0_0_1000000 | Homestead (3/4) ... ok
   - randomStatetest39 | Byzantium (1/1) ... ok
   - modexp_0_0_0_1000000 | Homestead (4/4) ... ok
   - randomStatetest191 | EIP150 (1/1) ... ok
   - modexp_0_0_0_1000000 | Byzantium (1/4) ... ok
   - randomStatetest191 | EIP158 (1/1) ... ok
   - modexp_0_0_0_1000000 | Byzantium (2/4) ... ok
   - randomStatetest191 | Frontier (1/1) ... ok
   - modexp_0_0_0_1000000 | Byzantium (3/4) ... ok
   - randomStatetest191 | Homestead (1/1) ... ok
   - modexp_0_0_0_1000000 | Byzantium (4/4) ... ok
   - randomStatetest191 | Byzantium (1/1) ... ok
   - randomStatetest305 | EIP150 (1/1) ... ok
   - randomStatetest305 | EIP158 (1/1) ... ok
   - CALLCODEIdentity_5 | EIP150 (1/1) ... ok
   - randomStatetest305 | Frontier (1/1) ... ok
   - randomStatetest305 | Homestead (1/1) ... ok
   - CALLCODEIdentity_5 | EIP158 (1/1) ... ok
   - randomStatetest305 | Byzantium (1/1) ... ok
   - CALLCODEIdentity_5 | Frontier (1/1) ... ok
   - randomStatetest248 | EIP150 (1/1) ... ok
   - CALLCODEIdentity_5 | Homestead (1/1) ... ok
   - CALLCODEIdentity_5 | Byzantium (1/1) ... ok
   - modexp_9_37111_37111_20500 | EIP150 (1/4) ... ok
   - modexp_9_37111_37111_20500 | EIP150 (2/4) ... ok
   - randomStatetest248 | EIP158 (1/1) ... ok
   - modexp_9_37111_37111_20500 | EIP150 (3/4) ... ok
   - randomStatetest248 | Frontier (1/1) ... ok
   - modexp_9_37111_37111_20500 | EIP150 (4/4) ... ok
   - randomStatetest248 | Homestead (1/1) ... ok
   - modexp_9_37111_37111_20500 | EIP158 (1/4) ... ok
   - randomStatetest248 | Byzantium (1/1) ... ok
   - modexp_9_37111_37111_20500 | EIP158 (2/4) ... ok
   - randomStatetest17 | EIP150 (1/1) ... ok
   - modexp_9_37111_37111_20500 | EIP158 (3/4) ... ok
   - randomStatetest17 | EIP158 (1/1) ... ok
   - modexp_9_37111_37111_20500 | EIP158 (4/4) ... ok
   - randomStatetest17 | Frontier (1/1) ... ok
   - modexp_9_37111_37111_20500 | Frontier (1/4) ... ok
   - modexp_9_37111_37111_20500 | Frontier (2/4) ... ok
   - randomStatetest17 | Homestead (1/1) ... ok
   - modexp_9_37111_37111_20500 | Frontier (3/4) ... ok
ok
   - modexp_9_37111_37111_20500 | Frontier (4/4) ... ok
   - randomStatetest17 | Byzantium (1/1) ... ok
   - modexp_9_37111_37111_20500 | Homestead (1/4) ... ok
   - randomStatetest569 | EIP150 (1/1) ... ok
   - modexp_9_37111_37111_20500 | Homestead (2/4) ... ok
   - modexp_9_37111_37111_20500 | Homestead (3/4) ... ok
   - ecmul_0-3_340282366920938463463374607431768211456_28000_96_d0g2v0_Byzantium...   - modexp_9_37111_37111_20500 | Homestead (4/4) ... ok
   - modexp_9_37111_37111_20500 | Byzantium (1/4) ... ok
   - modexp_9_37111_37111_20500 | Byzantium (2/4) ... ok
   - modexp_9_37111_37111_20500 | Byzantium (3/4) ... ok
   - modexp_9_37111_37111_20500 | Byzantium (4/4) ... ok
   - modexp_49_2401_2401_1000000 | EIP150 (1/4) ... ok
   - modexp_49_2401_2401_1000000 | EIP150 (2/4) ... ok
   - randomStatetest569 | EIP158 (1/1) ... ok
   - modexp_49_2401_2401_1000000 | EIP150 (3/4) ... ok
   - randomStatetest569 | Frontier (1/1) ... ok
   - modexp_49_2401_2401_1000000 | EIP150 (4/4) ... ok
   - modexp_49_2401_2401_1000000 | EIP158 (1/4) ... ok
   - modexp_49_2401_2401_1000000 | EIP158 (2/4) ... ok
   - modexp_49_2401_2401_1000000 | EIP158 (3/4) ... ok
   - modexp_49_2401_2401_1000000 | EIP158 (4/4) ... ok
   - modexp_49_2401_2401_1000000 | Frontier (1/4) ... ok
   - modexp_49_2401_2401_1000000 | Frontier (2/4) ... ok
   - modexp_49_2401_2401_1000000 | Frontier (3/4) ... ok
   - modexp_49_2401_2401_1000000 | Frontier (4/4) ... ok
   - randomStatetest569 | Homestead (1/1) ... ok
   - modexp_49_2401_2401_1000000 | Homestead (1/4) ... ok
   - modexp_49_2401_2401_1000000 | Homestead (2/4) ... ok
   - randomStatetest569 | Byzantium (1/1) ... ok
   - modexp_49_2401_2401_1000000 | Homestead (3/4) ... ok
   - modexp_49_2401_2401_1000000 | Homestead (4/4) ... ok
   - randomStatetest22 | EIP150 (1/1) ... ok
   - modexp_49_2401_2401_1000000 | Byzantium (1/4) ... ok
   - modexp_49_2401_2401_1000000 | Byzantium (2/4) ... ok
   - modexp_49_2401_2401_1000000 | Byzantium (3/4) ... ok
   - modexp_49_2401_2401_1000000 | Byzantium (4/4) ... ok
   - modexp_1_0_1_1000000 | EIP150 (1/4) ... ok
   - modexp_1_0_1_1000000 | EIP150 (2/4) ... ok
   - randomStatetest22 | EIP158 (1/1) ... ok
   - modexp_1_0_1_1000000 | EIP150 (3/4) ... ok
   - randomStatetest22 | Frontier (1/1) ... ok
   - modexp_1_0_1_1000000 | EIP150 (4/4) ... ok
   - randomStatetest22 | Homestead (1/1) ... ok
   - randomStatetest22 | Byzantium (1/1) ... ok
   - modexp_1_0_1_1000000 | EIP158 (1/4) ... ok
   - modexp_1_0_1_1000000 | EIP158 (2/4) ... ok
   - modexp_1_0_1_1000000 | EIP158 (3/4) ... ok
   - modexp_1_0_1_1000000 | EIP158 (4/4) ... ok
   - modexp_1_0_1_1000000 | Frontier (1/4) ... ok
   - modexp_1_0_1_1000000 | Frontier (2/4) ... ok
   - modexp_1_0_1_1000000 | Frontier (3/4) ... ok
   - modexp_1_0_1_1000000 | Frontier (4/4) ... ok
   - randomStatetest194 | EIP150 (1/1) ... ok
   - modexp_1_0_1_1000000 | Homestead (1/4) ... ok
   - randomStatetest194 | EIP158 (1/1) ... ok
   - modexp_1_0_1_1000000 | Homestead (2/4) ... ok
   - randomStatetest194 | Frontier (1/1) ... ok
   - modexp_1_0_1_1000000 | Homestead (3/4) ... ok
   - modexp_1_0_1_1000000 | Homestead (4/4) ... ok
   - modexp_1_0_1_1000000 | Byzantium (1/4) ... ok
   - randomStatetest194 | Homestead (1/1) ... ok
   - modexp_1_0_1_1000000 | Byzantium (2/4) ... ok
   - randomStatetest194 | Byzantium (1/1) ... ok
   - modexp_1_0_1_1000000 | Byzantium (3/4) ... ok
   - modexp_1_0_1_1000000 | Byzantium (4/4) ... ok
   - modexp_49_2401_2401_155000 | EIP150 (1/4) ... ok
   - modexp_49_2401_2401_155000 | EIP150 (2/4) ... ok
   - randomStatetest391 | EIP150 (1/1) ... ok
   - modexp_49_2401_2401_155000 | EIP150 (3/4) ... ok
   - modexp_49_2401_2401_155000 | EIP150 (4/4) ... ok
   - randomStatetest391 | EIP158 (1/1) ... ok
   - randomStatetest391 | Frontier (1/1) ... ok
   - modexp_49_2401_2401_155000 | EIP158 (1/4) ... ok
   - modexp_49_2401_2401_155000 | EIP158 (2/4) ... ok
   - modexp_49_2401_2401_155000 | EIP158 (3/4) ... ok
   - modexp_49_2401_2401_155000 | EIP158 (4/4) ... ok
   - randomStatetest391 | Homestead (1/1) ... ok
   - modexp_49_2401_2401_155000 | Frontier (1/4) ... ok
   - modexp_49_2401_2401_155000 | Frontier (2/4) ... ok
   - randomStatetest391 | Byzantium (1/1) ... ok
   - modexp_49_2401_2401_155000 | Frontier (3/4) ... ok
   - modexp_49_2401_2401_155000 | Frontier (4/4) ... ok
   - randomStatetest299 | EIP150 (1/1) ... ok
   - modexp_49_2401_2401_155000 | Homestead (1/4) ... ok
   - modexp_49_2401_2401_155000 | Homestead (2/4) ... ok
   - randomStatetest299 | EIP158 (1/1) ... ok
   - modexp_49_2401_2401_155000 | Homestead (3/4) ... ok
ok
   - ecmul_0-3_340282366920938463463374607431768211456_28000_96_d0g2v0_EIP150...   - randomStatetest299 | Frontier (1/1) ... ok
   - modexp_49_2401_2401_155000 | Homestead (4/4) ... ok
   - randomStatetest299 | Homestead (1/1) ... ok
   - modexp_49_2401_2401_155000 | Byzantium (1/4) ... ok
   - randomStatetest299 | Byzantium (1/1) ... ok
   - modexp_49_2401_2401_155000 | Byzantium (2/4) ... ok
   - modexp_49_2401_2401_155000 | Byzantium (3/4) ... ok
   - randomStatetest131 | EIP150 (1/1) ... ok
   - randomStatetest131 | EIP158 (1/1) ... ok
   - modexp_49_2401_2401_155000 | Byzantium (4/4) ... ok
   - randomStatetest131 | Frontier (1/1) ... ok
   - modexp_37120_37111_97_1000000 | EIP150 (1/4) ... ok
   - randomStatetest131 | Homestead (1/1) ... ok
   - modexp_37120_37111_97_1000000 | EIP150 (2/4) ... ok
   - randomStatetest131 | Byzantium (1/1) ... ok
   - modexp_37120_37111_97_1000000 | EIP150 (3/4) ... ok
   - randomStatetest592 | EIP150 (1/1) ... ok
   - modexp_37120_37111_97_1000000 | EIP150 (4/4) ... ok
   - randomStatetest592 | EIP158 (1/1) ... ok
   - modexp_37120_37111_97_1000000 | EIP158 (1/4) ... ok
   - randomStatetest592 | Frontier (1/1) ... ok
   - modexp_37120_37111_97_1000000 | EIP158 (2/4) ... ok
   - randomStatetest592 | Homestead (1/1) ... ok
   - modexp_37120_37111_97_1000000 | EIP158 (3/4) ... ok
   - randomStatetest592 | Byzantium (1/1) ... ok
   - modexp_37120_37111_97_1000000 | EIP158 (4/4) ... ok
   - modexp_37120_37111_97_1000000 | Frontier (1/4) ... ok
   - randomStatetest620 | EIP150 (1/1) ... ok
   - modexp_37120_37111_97_1000000 | Frontier (2/4) ... ok
   - randomStatetest620 | EIP158 (1/1) ... ok
   - modexp_37120_37111_97_1000000 | Frontier (3/4) ... ok
   - randomStatetest620 | Frontier (1/1) ... ok
   - modexp_37120_37111_97_1000000 | Frontier (4/4) ... ok
   - randomStatetest620 | Homestead (1/1) ... ok
   - randomStatetest620 | Byzantium (1/1) ... ok
   - modexp_37120_37111_97_1000000 | Homestead (1/4) ... ok
   - modexp_37120_37111_97_1000000 | Homestead (2/4) ... ok
   - randomStatetest180 | EIP150 (1/1) ... ok
   - modexp_37120_37111_97_1000000 | Homestead (3/4) ... ok
   - randomStatetest180 | EIP158 (1/1) ... ok
   - modexp_37120_37111_97_1000000 | Homestead (4/4) ... ok
   - randomStatetest180 | Frontier (1/1) ... ok
   - randomStatetest180 | Homestead (1/1) ... ok
   - modexp_37120_37111_97_1000000 | Byzantium (1/4) ... ok
   - randomStatetest180 | Byzantium (1/1) ... ok
   - modexp_37120_37111_97_1000000 | Byzantium (2/4) ... ok
   - randomStatetest618 | EIP150 (1/1) ... ok
   - modexp_37120_37111_97_1000000 | Byzantium (3/4) ... ok
   - randomStatetest618 | EIP158 (1/1) ... ok
   - modexp_37120_37111_97_1000000 | Byzantium (4/4) ... ok
   - randomStatetest618 | Frontier (1/1) ... ok
   - modexp_1_0_0_35000 | EIP150 (1/4) ... ok
   - randomStatetest618 | Homestead (1/1) ... ok
   - modexp_1_0_0_35000 | EIP150 (2/4) ... ok
   - randomStatetest618 | Byzantium (1/1) ... ok
   - modexp_1_0_0_35000 | EIP150 (3/4) ... ok
   - randomStatetest357 | EIP150 (1/1) ... ok
   - modexp_1_0_0_35000 | EIP150 (4/4) ... ok
   - randomStatetest357 | EIP158 (1/1) ... ok
   - modexp_1_0_0_35000 | EIP158 (1/4) ... ok
   - randomStatetest357 | Frontier (1/1) ... ok
   - modexp_1_0_0_35000 | EIP158 (2/4) ... ok
   - randomStatetest357 | Homestead (1/1) ... ok
   - modexp_1_0_0_35000 | EIP158 (3/4) ... ok
   - randomStatetest357 | Byzantium (1/1) ... ok
   - modexp_1_0_0_35000 | EIP158 (4/4) ... ok
   - modexp_1_0_0_35000 | Frontier (1/4) ... ok
   - randomStatetest379 | EIP150 (1/1) ... ok
   - randomStatetest379 | EIP158 (1/1) ... ok
   - modexp_1_0_0_35000 | Frontier (2/4) ... ok
   - randomStatetest379 | Frontier (1/1) ... ok
   - modexp_1_0_0_35000 | Frontier (3/4) ... ok
   - modexp_1_0_0_35000 | Frontier (4/4) ... ok
   - randomStatetest379 | Homestead (1/1) ... ok
   - modexp_1_0_0_35000 | Homestead (1/4) ... ok
   - randomStatetest379 | Byzantium (1/1) ... ok
   - modexp_1_0_0_35000 | Homestead (2/4) ... ok
   - randomStatetest103 | EIP150 (1/1) ... ok
   - modexp_1_0_0_35000 | Homestead (3/4) ... ok
   - randomStatetest103 | EIP158 (1/1) ... ok
   - modexp_1_0_0_35000 | Homestead (4/4) ... ok
   - randomStatetest103 | Frontier (1/1) ... ok
   - modexp_1_0_0_35000 | Byzantium (1/4) ... ok
ok
   - ecmul_0-3_340282366920938463463374607431768211456_28000_96_d0g2v0_EIP158...   - randomStatetest103 | Homestead (1/1) ... ok
   - modexp_1_0_0_35000 | Byzantium (2/4) ... ok
   - randomStatetest103 | Byzantium (1/1) ... ok
   - modexp_1_0_0_35000 | Byzantium (3/4) ... ok
   - randomStatetest174 | EIP150 (1/1) ... ok
   - modexp_1_0_0_35000 | Byzantium (4/4) ... ok
   - randomStatetest174 | EIP158 (1/1) ... ok
   - CallIdentity_1_nonzeroValue | EIP150 (1/1) ... ok
   - randomStatetest174 | Frontier (1/1) ... ok
   - CallIdentity_1_nonzeroValue | EIP158 (1/1) ... ok
   - randomStatetest174 | Homestead (1/1) ... ok
   - CallIdentity_1_nonzeroValue | Frontier (1/1) ... ok
   - randomStatetest174 | Byzantium (1/1) ... ok
   - CallIdentity_1_nonzeroValue | Homestead (1/1) ... ok
   - randomStatetest393 | EIP150 (1/1) ... ok
   - CallIdentity_1_nonzeroValue | Byzantium (1/1) ... ok
   - randomStatetest393 | EIP158 (1/1) ... ok
   - randomStatetest393 | Frontier (1/1) ... ok
   - modexp_37120_37111_97_22000 | EIP150 (1/4) ... ok
   - randomStatetest393 | Homestead (1/1) ... ok
   - modexp_37120_37111_97_22000 | EIP150 (2/4) ... ok
   - randomStatetest393 | Byzantium (1/1) ... ok
   - modexp_37120_37111_97_22000 | EIP150 (3/4) ... ok
   - modexp_37120_37111_97_22000 | EIP150 (4/4) ... ok
   - randomStatetest545 | EIP150 (1/1) ... ok
   - randomStatetest545 | EIP158 (1/1) ... ok
   - randomStatetest545 | Frontier (1/1) ... ok
   - modexp_37120_37111_97_22000 | EIP158 (1/4) ... ok
   - randomStatetest545 | Homestead (1/1) ... ok
   - randomStatetest545 | Byzantium (1/1) ... ok
   - randomStatetest632 | EIP150 (1/1) ... ok
   - modexp_37120_37111_97_22000 | EIP158 (2/4) ... ok
   - randomStatetest632 | EIP158 (1/1) ... ok
   - modexp_37120_37111_97_22000 | EIP158 (3/4) ... ok
   - randomStatetest632 | Frontier (1/1) ... ok
   - modexp_37120_37111_97_22000 | EIP158 (4/4) ... ok
   - randomStatetest632 | Homestead (1/1) ... ok
   - modexp_37120_37111_97_22000 | Frontier (1/4) ... ok
   - randomStatetest632 | Byzantium (1/1) ... ok
   - randomStatetest580 | EIP150 (1/1) ... ok
   - randomStatetest580 | EIP158 (1/1) ... ok
   - modexp_37120_37111_97_22000 | Frontier (2/4) ... ok
   - randomStatetest580 | Frontier (1/1) ... ok
   - modexp_37120_37111_97_22000 | Frontier (3/4) ... ok
   - randomStatetest580 | Homestead (1/1) ... ok
   - modexp_37120_37111_97_22000 | Frontier (4/4) ... ok
   - randomStatetest580 | Byzantium (1/1) ... ok
   - modexp_37120_37111_97_22000 | Homestead (1/4) ... ok
   - modexp_37120_37111_97_22000 | Homestead (2/4) ... ok
   - randomStatetest178 | EIP150 (1/1) ... ok
   - modexp_37120_37111_97_22000 | Homestead (3/4) ... ok
   - modexp_37120_37111_97_22000 | Homestead (4/4) ... ok
ok
   - ecmul_0-3_340282366920938463463374607431768211456_28000_96_d0g2v0_Frontier...   - modexp_37120_37111_97_22000 | Byzantium (1/4) ... ok
   - modexp_37120_37111_97_22000 | Byzantium (2/4) ... ok
   - modexp_37120_37111_97_22000 | Byzantium (3/4) ... ok
   - modexp_37120_37111_97_22000 | Byzantium (4/4) ... ok
   - CALLCODESha256_5 | EIP150 (1/1) ... ok
   - CALLCODESha256_5 | EIP158 (1/1) ... ok
   - CALLCODESha256_5 | Frontier (1/1) ... ok
   - CALLCODESha256_5 | Homestead (1/1) ... ok
   - recursiveCreateReturnValue | Frontier (1/1) ... ok
   - CALLCODESha256_5 | Byzantium (1/1) ... ok
   - CALLCODEEcrecoverR_prefixed0 | EIP150 (1/1) ... ok
   - CALLCODEEcrecoverR_prefixed0 | EIP158 (1/1) ... ok
   - CALLCODEEcrecoverR_prefixed0 | Frontier (1/1) ... ok
   - CALLCODEEcrecoverR_prefixed0 | Homestead (1/1) ... ok
   - randomStatetest178 | EIP158 (1/1) ... ok
   - CALLCODEEcrecoverR_prefixed0 | Byzantium (1/1) ... ok
   - randomStatetest178 | Frontier (1/1) ... ok
   - randomStatetest178 | Homestead (1/1) ... ok
   - modexp_1_0_0_1000000 | EIP150 (1/4) ... ok
   - modexp_1_0_0_1000000 | EIP150 (2/4) ... ok
   - modexp_1_0_0_1000000 | EIP150 (3/4) ... ok
   - modexp_1_0_0_1000000 | EIP150 (4/4) ... ok
   - modexp_1_0_0_1000000 | EIP158 (1/4) ... ok
   - modexp_1_0_0_1000000 | EIP158 (2/4) ... ok
   - modexp_1_0_0_1000000 | EIP158 (3/4) ... ok
   - modexp_1_0_0_1000000 | EIP158 (4/4) ... ok
   - modexp_1_0_0_1000000 | Frontier (1/4) ... ok
   - modexp_1_0_0_1000000 | Frontier (2/4) ... ok
   - modexp_1_0_0_1000000 | Frontier (3/4) ... ok
   - modexp_1_0_0_1000000 | Frontier (4/4) ... ok
   - modexp_1_0_0_1000000 | Homestead (1/4) ... ok
   - modexp_1_0_0_1000000 | Homestead (2/4) ... ok
   - modexp_1_0_0_1000000 | Homestead (3/4) ... ok
   - modexp_1_0_0_1000000 | Homestead (4/4) ... ok
   - modexp_1_0_0_1000000 | Byzantium (1/4) ... ok
   - modexp_1_0_0_1000000 | Byzantium (2/4) ... ok
   - modexp_1_0_0_1000000 | Byzantium (3/4) ... ok
   - randomStatetest178 | Byzantium (1/1) ... ok
   - modexp_1_0_0_1000000 | Byzantium (4/4) ... ok
   - randomStatetest280 | EIP150 (1/1) ... ok
   - randomStatetest280 | EIP158 (1/1) ... ok
   - randomStatetest280 | Frontier (1/1) ... ok
   - randomStatetest280 | Homestead (1/1) ... ok
   - randomStatetest280 | Byzantium (1/1) ... ok
   - randomStatetest135 | EIP150 (1/1) ... ok
   - randomStatetest135 | EIP158 (1/1) ... ok
   - randomStatetest135 | Frontier (1/1) ... ok
   - randomStatetest135 | Homestead (1/1) ... ok
   - randomStatetest135 | Byzantium (1/1) ... ok
   - randomStatetest50 | EIP150 (1/1) ... ok
   - randomStatetest50 | EIP158 (1/1) ... ok
   - randomStatetest50 | Frontier (1/1) ... ok
   - randomStatetest50 | Homestead (1/1) ... ok
   - randomStatetest50 | Byzantium (1/1) ... ok
   - randomStatetest72 | EIP150 (1/1) ... ok
   - randomStatetest72 | EIP158 (1/1) ... ok
   - randomStatetest72 | Frontier (1/1) ... ok
ok
   - ecmul_0-3_340282366920938463463374607431768211456_28000_96_d0g2v0_Homestead...   - randomStatetest72 | Homestead (1/1) ... ok
   - randomStatetest72 | Byzantium (1/1) ... ok
   - randomStatetest605 | EIP150 (1/1) ... ok
   - randomStatetest605 | EIP158 (1/1) ... ok
   - randomStatetest605 | Frontier (1/1) ... ok
   - randomStatetest605 | Homestead (1/1) ... ok
   - randomStatetest605 | Byzantium (1/1) ... ok
   - randomStatetest411 | EIP150 (1/1) ... ok
   - randomStatetest411 | EIP158 (1/1) ... ok
   - randomStatetest411 | Frontier (1/1) ... ok
   - randomStatetest411 | Homestead (1/1) ... ok
   - modexp | EIP150 (1/144) ... ok
   - randomStatetest411 | Byzantium (1/1) ... ok
   - modexp | EIP150 (2/144) ... ok
   - modexp | EIP150 (3/144) ... ok
   - randomStatetest123 | EIP150 (1/1) ... ok
   - modexp | EIP150 (4/144) ... ok
   - randomStatetest123 | EIP158 (1/1) ... ok
   - modexp | EIP150 (5/144) ... ok
   - randomStatetest123 | Frontier (1/1) ... ok
   - modexp | EIP150 (6/144) ... ok
   - modexp | EIP150 (7/144) ... ok
   - randomStatetest123 | Homestead (1/1) ... ok
   - modexp | EIP150 (8/144) ... ok
   - randomStatetest123 | Byzantium (1/1) ... ok
   - modexp | EIP150 (9/144) ... ok
   - modexp | EIP150 (10/144) ... ok
   - randomStatetest223 | EIP150 (1/1) ... ok
   - modexp | EIP150 (11/144) ... ok
   - randomStatetest223 | EIP158 (1/1) ... ok
   - modexp | EIP150 (12/144) ... ok
   - randomStatetest223 | Frontier (1/1) ... ok
   - modexp | EIP150 (13/144) ... ok
   - modexp | EIP150 (14/144) ... ok
   - randomStatetest223 | Homestead (1/1) ... ok
   - modexp | EIP150 (15/144) ... ok
   - modexp | EIP150 (16/144) ... ok
   - randomStatetest223 | Byzantium (1/1) ... ok
   - modexp | EIP150 (17/144) ... ok
   - randomStatetest489 | EIP150 (1/1) ... ok
   - modexp | EIP150 (18/144) ... ok
   - modexp | EIP150 (19/144) ... ok
   - randomStatetest489 | EIP158 (1/1) ... ok
   - modexp | EIP150 (20/144) ... ok
   - randomStatetest489 | Frontier (1/1) ... ok
   - modexp | EIP150 (21/144) ... ok
   - randomStatetest489 | Homestead (1/1) ... ok
   - modexp | EIP150 (22/144) ... ok
   - randomStatetest489 | Byzantium (1/1) ... ok
   - modexp | EIP150 (23/144) ... ok
   - modexp | EIP150 (24/144) ... ok
   - randomStatetest335 | EIP150 (1/1) ... ok
   - modexp | EIP150 (25/144) ... ok
   - modexp | EIP150 (26/144) ... ok
   - randomStatetest335 | EIP158 (1/1) ... ok
   - modexp | EIP150 (27/144) ... ok
   - randomStatetest335 | Frontier (1/1) ... ok
   - modexp | EIP150 (28/144) ... ok
   - modexp | EIP150 (29/144) ... ok
   - randomStatetest335 | Homestead (1/1) ... ok
   - modexp | EIP150 (30/144) ... ok
   - randomStatetest335 | Byzantium (1/1) ... ok
   - modexp | EIP150 (31/144) ... ok
   - modexp | EIP150 (32/144) ... ok
   - randomStatetest539 | EIP150 (1/1) ... ok
   - modexp | EIP150 (33/144) ... ok
   - randomStatetest539 | EIP158 (1/1) ... ok
   - modexp | EIP150 (34/144) ... ok
   - randomStatetest539 | Frontier (1/1) ... ok
   - modexp | EIP150 (35/144) ... ok
   - modexp | EIP150 (36/144) ... ok
   - randomStatetest539 | Homestead (1/1) ... ok
   - modexp | EIP150 (37/144) ... ok
   - modexp | EIP150 (38/144) ... ok
   - randomStatetest539 | Byzantium (1/1) ... ok
ok
   - modexp | EIP150 (39/144) ... ok
   - randomStatetest94 | EIP150 (1/1) ... ok
   - modexp | EIP150 (40/144) ... ok
   - randomStatetest94 | EIP158 (1/1) ... ok
   - modexp | EIP150 (41/144) ... ok
   - randomStatetest94 | Frontier (1/1) ... ok
   - modexp | EIP150 (42/144) ... ok
   - randomStatetest94 | Homestead (1/1) ... ok
   - randomStatetest94 | Byzantium (1/1) ... ok
   - modexp | EIP150 (43/144) ... ok
   - ecmul_0-0_5617_28000_128_d0g2v0_Byzantium...   - modexp | EIP150 (44/144) ... ok
   - randomStatetest169 | EIP150 (1/1) ... ok
   - modexp | EIP150 (45/144) ... ok
   - randomStatetest169 | EIP158 (1/1) ... ok
   - modexp | EIP150 (46/144) ... ok
   - randomStatetest169 | Frontier (1/1) ... ok
   - modexp | EIP150 (47/144) ... ok
   - randomStatetest169 | Homestead (1/1) ... ok
   - modexp | EIP150 (48/144) ... ok
   - modexp | EIP150 (49/144) ... ok
   - randomStatetest169 | Byzantium (1/1) ... ok
   - modexp | EIP150 (50/144) ... ok
   - randomStatetest101 | EIP150 (1/1) ... ok
   - modexp | EIP150 (51/144) ... ok
   - modexp | EIP150 (52/144) ... ok
   - modexp | EIP150 (53/144) ... ok
   - modexp | EIP150 (54/144) ... ok
   - modexp | EIP150 (55/144) ... ok
   - modexp | EIP150 (56/144) ... ok
   - randomStatetest101 | EIP158 (1/1) ... ok
   - modexp | EIP150 (57/144) ... ok
   - modexp | EIP150 (58/144) ... ok
   - randomStatetest101 | Frontier (1/1) ... ok
   - modexp | EIP150 (59/144) ... ok
   - randomStatetest101 | Homestead (1/1) ... ok
   - modexp | EIP150 (60/144) ... ok
   - modexp | EIP150 (61/144) ... ok
   - randomStatetest101 | Byzantium (1/1) ... ok
   - modexp | EIP150 (62/144) ... ok
   - modexp | EIP150 (63/144) ... ok
   - modexp | EIP150 (64/144) ... ok
   - modexp | EIP150 (65/144) ... ok
   - modexp | EIP150 (66/144) ... ok
   - modexp | EIP150 (67/144) ... ok
   - modexp | EIP150 (68/144) ... ok
   - randomStatetest2 | EIP150 (1/1) ... ok
   - modexp | EIP150 (69/144) ... ok
   - randomStatetest2 | EIP158 (1/1) ... ok
   - modexp | EIP150 (70/144) ... ok
   - randomStatetest2 | Frontier (1/1) ... ok
   - modexp | EIP150 (71/144) ... ok
   - modexp | EIP150 (72/144) ... ok
   - modexp | EIP150 (73/144) ... ok
   - modexp | EIP150 (74/144) ... ok
   - randomStatetest2 | Homestead (1/1) ... ok
   - modexp | EIP150 (75/144) ... ok
   - randomStatetest2 | Byzantium (1/1) ... ok
   - modexp | EIP150 (76/144) ... ok
   - modexp | EIP150 (77/144) ... ok
   - modexp | EIP150 (78/144) ... ok
   - modexp | EIP150 (79/144) ... ok
   - modexp | EIP150 (80/144) ... ok
   - randomStatetest450 | EIP150 (1/1) ... ok
   - modexp | EIP150 (81/144) ... ok
   - modexp | EIP150 (82/144) ... ok
   - randomStatetest450 | EIP158 (1/1) ... ok
   - modexp | EIP150 (83/144) ... ok
   - modexp | EIP150 (84/144) ... ok
   - randomStatetest450 | Frontier (1/1) ... ok
ok
   - ecmul_0-0_5617_28000_128_d0g2v0_EIP150...   - randomStatetest450 | Homestead (1/1) ... ok
   - modexp | EIP150 (85/144) ... ok
   - randomStatetest450 | Byzantium (1/1) ... ok
   - modexp | EIP150 (86/144) ... ok
   - randomStatetest422 | EIP150 (1/1) ... ok
   - modexp | EIP150 (87/144) ... ok
   - randomStatetest422 | EIP158 (1/1) ... ok
   - modexp | EIP150 (88/144) ... ok
   - randomStatetest422 | Frontier (1/1) ... ok
   - modexp | EIP150 (89/144) ... ok
   - randomStatetest422 | Homestead (1/1) ... ok
   - modexp | EIP150 (90/144) ... ok
   - modexp | EIP150 (91/144) ... ok
   - randomStatetest422 | Byzantium (1/1) ... ok
   - modexp | EIP150 (92/144) ... ok
   - randomStatetest349 | EIP150 (1/1) ... ok
   - modexp | EIP150 (93/144) ... ok
   - randomStatetest349 | EIP158 (1/1) ... ok
   - modexp | EIP150 (94/144) ... ok
   - randomStatetest349 | Frontier (1/1) ... ok
   - randomStatetest349 | Homestead (1/1) ... ok
   - modexp | EIP150 (95/144) ... ok
   - modexp | EIP150 (96/144) ... ok
   - randomStatetest349 | Byzantium (1/1) ... ok
   - modexp | EIP150 (97/144) ... ok
   - modexp | EIP150 (98/144) ... ok
   - modexp | EIP150 (99/144) ... ok
   - randomStatetest170 | EIP150 (1/1) ... ok
   - modexp | EIP150 (100/144) ... ok
   - randomStatetest170 | EIP158 (1/1) ... ok
   - modexp | EIP150 (101/144) ... ok
   - modexp | EIP150 (102/144) ... ok
   - randomStatetest170 | Frontier (1/1) ... ok
   - modexp | EIP150 (103/144) ... ok
   - randomStatetest170 | Homestead (1/1) ... ok
   - modexp | EIP150 (104/144) ... ok
   - randomStatetest170 | Byzantium (1/1) ... ok
   - modexp | EIP150 (105/144) ... ok
   - modexp | EIP150 (106/144) ... ok
   - randomStatetest120 | EIP150 (1/1) ... ok
   - modexp | EIP150 (107/144) ... ok
   - randomStatetest120 | EIP158 (1/1) ... ok
   - modexp | EIP150 (108/144) ... ok
   - randomStatetest120 | Frontier (1/1) ... ok
   - modexp | EIP150 (109/144) ... ok
   - modexp | EIP150 (110/144) ... ok
   - randomStatetest120 | Homestead (1/1) ... ok
   - modexp | EIP150 (111/144) ... ok
   - randomStatetest120 | Byzantium (1/1) ... ok
   - modexp | EIP150 (112/144) ... ok
   - modexp | EIP150 (113/144) ... ok
   - modexp | EIP150 (114/144) ... ok
   - modexp | EIP150 (115/144) ... ok
   - modexp | EIP150 (116/144) ... ok
   - modexp | EIP150 (117/144) ... ok
   - modexp | EIP150 (118/144) ... ok
ok
   - randomStatetest150 | EIP150 (1/1) ... ok
   - ecmul_0-0_5617_28000_128_d0g2v0_EIP158...   - modexp | EIP150 (119/144) ... ok
   - modexp | EIP150 (120/144) ... ok
   - modexp | EIP150 (121/144) ... ok
   - modexp | EIP150 (122/144) ... ok
   - modexp | EIP150 (123/144) ... ok
   - modexp | EIP150 (124/144) ... ok
   - modexp | EIP150 (125/144) ... ok
   - modexp | EIP150 (126/144) ... ok
   - modexp | EIP150 (127/144) ... ok
   - modexp | EIP150 (128/144) ... ok
   - modexp | EIP150 (129/144) ... ok
   - modexp | EIP150 (130/144) ... ok
   - modexp | EIP150 (131/144) ... ok
   - modexp | EIP150 (132/144) ... ok
   - modexp | EIP150 (133/144) ... ok
   - modexp | EIP150 (134/144) ... ok
   - modexp | EIP150 (135/144) ... ok
   - modexp | EIP150 (136/144) ... ok
   - modexp | EIP150 (137/144) ... ok
   - modexp | EIP150 (138/144) ... ok
   - modexp | EIP150 (139/144) ... ok
   - modexp | EIP150 (140/144) ... ok
   - modexp | EIP150 (141/144) ... ok
   - modexp | EIP150 (142/144) ... ok
   - modexp | EIP150 (143/144) ... ok
   - modexp | EIP150 (144/144) ... ok
   - modexp | EIP158 (1/144) ... ok
   - modexp | EIP158 (2/144) ... ok
   - modexp | EIP158 (3/144) ... ok
   - modexp | EIP158 (4/144) ... ok
   - modexp | EIP158 (5/144) ... ok
   - modexp | EIP158 (6/144) ... ok
   - randomStatetest150 | EIP158 (1/1) ... ok
   - modexp | EIP158 (7/144) ... ok
   - modexp | EIP158 (8/144) ... ok
   - randomStatetest150 | Frontier (1/1) ... ok
   - modexp | EIP158 (9/144) ... ok
   - randomStatetest150 | Homestead (1/1) ... ok
   - modexp | EIP158 (10/144) ... ok
ok
   - ecmul_0-0_5617_28000_128_d0g2v0_Frontier...   - modexp | EIP158 (11/144) ... ok
   - modexp | EIP158 (12/144) ... ok
   - modexp | EIP158 (13/144) ... ok
   - modexp | EIP158 (14/144) ... ok
   - modexp | EIP158 (15/144) ... ok
   - modexp | EIP158 (16/144) ... ok
   - modexp | EIP158 (17/144) ... ok
   - modexp | EIP158 (18/144) ... ok
   - modexp | EIP158 (19/144) ... ok
   - modexp | EIP158 (20/144) ... ok
   - modexp | EIP158 (21/144) ... ok
   - modexp | EIP158 (22/144) ... ok
   - modexp | EIP158 (23/144) ... ok
   - modexp | EIP158 (24/144) ... ok
   - modexp | EIP158 (25/144) ... ok
   - modexp | EIP158 (26/144) ... ok
   - modexp | EIP158 (27/144) ... ok
   - modexp | EIP158 (28/144) ... ok
   - modexp | EIP158 (29/144) ... ok
   - modexp | EIP158 (30/144) ... ok
   - modexp | EIP158 (31/144) ... ok
   - modexp | EIP158 (32/144) ... ok
   - modexp | EIP158 (33/144) ... ok
   - modexp | EIP158 (34/144) ... ok
   - modexp | EIP158 (35/144) ... ok
   - modexp | EIP158 (36/144) ... ok
   - modexp | EIP158 (37/144) ... ok
   - modexp | EIP158 (38/144) ... ok
   - modexp | EIP158 (39/144) ... ok
   - modexp | EIP158 (40/144) ... ok
   - modexp | EIP158 (41/144) ... ok
   - modexp | EIP158 (42/144) ... ok
   - modexp | EIP158 (43/144) ... ok
   - modexp | EIP158 (44/144) ... ok
   - modexp | EIP158 (45/144) ... ok
   - modexp | EIP158 (46/144) ... ok
   - modexp | EIP158 (47/144) ... ok
   - modexp | EIP158 (48/144) ... ok
   - modexp | EIP158 (49/144) ... ok
   - modexp | EIP158 (50/144) ... ok
   - modexp | EIP158 (51/144) ... ok
   - modexp | EIP158 (52/144) ... ok
   - modexp | EIP158 (53/144) ... ok
   - randomStatetest150 | Byzantium (1/1) ... ok
   - modexp | EIP158 (54/144) ... ok
   - modexp | EIP158 (55/144) ... ok
   - randomStatetest587 | EIP150 (1/1) ... ok
   - modexp | EIP158 (56/144) ... ok
   - randomStatetest587 | EIP158 (1/1) ... ok
   - modexp | EIP158 (57/144) ... ok
   - randomStatetest587 | Frontier (1/1) ... ok
   - modexp | EIP158 (58/144) ... ok
   - modexp | EIP158 (59/144) ... ok
   - randomStatetest587 | Homestead (1/1) ... ok
   - modexp | EIP158 (60/144) ... ok
   - modexp | EIP158 (61/144) ... ok
   - modexp | EIP158 (62/144) ... ok
   - randomStatetest587 | Byzantium (1/1) ... ok
   - modexp | EIP158 (63/144) ... ok
   - modexp | EIP158 (64/144) ... ok
ok
   - ecmul_0-0_5617_28000_128_d0g2v0_Homestead...   - modexp | EIP158 (65/144) ... ok
   - randomStatetest202 | EIP150 (1/1) ... ok
   - modexp | EIP158 (66/144) ... ok
   - randomStatetest202 | EIP158 (1/1) ... ok
   - modexp | EIP158 (67/144) ... ok
   - modexp | EIP158 (68/144) ... ok
   - modexp | EIP158 (69/144) ... ok
   - modexp | EIP158 (70/144) ... ok
   - randomStatetest202 | Frontier (1/1) ... ok
   - modexp | EIP158 (71/144) ... ok
   - modexp | EIP158 (72/144) ... ok
   - modexp | EIP158 (73/144) ... ok
   - modexp | EIP158 (74/144) ... ok
   - modexp | EIP158 (75/144) ... ok
   - randomStatetest202 | Homestead (1/1) ... ok
   - modexp | EIP158 (76/144) ... ok
   - randomStatetest202 | Byzantium (1/1) ... ok
   - modexp | EIP158 (77/144) ... ok
   - modexp | EIP158 (78/144) ... ok
   - modexp | EIP158 (79/144) ... ok
   - randomStatetest638 | EIP150 (1/1) ... ok
   - modexp | EIP158 (80/144) ... ok
   - modexp | EIP158 (81/144) ... ok
   - randomStatetest638 | EIP158 (1/1) ... ok
   - modexp | EIP158 (82/144) ... ok
   - modexp | EIP158 (83/144) ... ok
   - modexp | EIP158 (84/144) ... ok
   - modexp | EIP158 (85/144) ... ok
   - modexp | EIP158 (86/144) ... ok
   - modexp | EIP158 (87/144) ... ok
   - randomStatetest638 | Frontier (1/1) ... ok
   - modexp | EIP158 (88/144) ... ok
   - randomStatetest638 | Homestead (1/1) ... ok
   - modexp | EIP158 (89/144) ... ok
   - modexp | EIP158 (90/144) ... ok
   - randomStatetest638 | Byzantium (1/1) ... ok
   - modexp | EIP158 (91/144) ... ok
   - modexp | EIP158 (92/144) ... ok
   - randomStatetest445 | EIP150 (1/1) ... ok
   - modexp | EIP158 (93/144) ... ok
   - randomStatetest445 | EIP158 (1/1) ... ok
   - modexp | EIP158 (94/144) ... ok
   - randomStatetest445 | Frontier (1/1) ... ok
   - modexp | EIP158 (95/144) ... ok
   - randomStatetest445 | Homestead (1/1) ... ok
   - randomStatetest445 | Byzantium (1/1) ... ok
   - modexp | EIP158 (96/144) ... ok
   - randomStatetest604 | EIP150 (1/1) ... ok
   - randomStatetest604 | EIP158 (1/1) ... ok
   - modexp | EIP158 (97/144) ... ok
   - randomStatetest604 | Frontier (1/1) ... ok
ok
   - randomStatetest604 | Homestead (1/1) ... ok
   - randomStatetest604 | Byzantium (1/1) ... ok
   - ecmul_0-0_0_21000_40_d0g0v0_Byzantium...   - randomStatetest144 | EIP150 (1/1) ... ok
   - randomStatetest144 | EIP158 (1/1) ... ok
   - modexp | EIP158 (98/144) ... ok
   - randomStatetest144 | Frontier (1/1) ... ok
   - modexp | EIP158 (99/144) ... ok
   - modexp | EIP158 (100/144) ... ok
   - randomStatetest144 | Homestead (1/1) ... ok
   - modexp | EIP158 (101/144) ... ok
   - modexp | EIP158 (102/144) ... ok
   - randomStatetest144 | Byzantium (1/1) ... ok
   - modexp | EIP158 (103/144) ... ok
   - modexp | EIP158 (104/144) ... ok
   - randomStatetest313 | EIP150 (1/1) ... ok
   - modexp | EIP158 (105/144) ... ok
   - randomStatetest313 | EIP158 (1/1) ... ok
   - modexp | EIP158 (106/144) ... ok
   - randomStatetest313 | Frontier (1/1) ... ok
   - randomStatetest313 | Homestead (1/1) ... ok
   - modexp | EIP158 (107/144) ... ok
   - randomStatetest313 | Byzantium (1/1) ... ok
   - modexp | EIP158 (108/144) ... ok
   - modexp | EIP158 (109/144) ... ok
   - randomStatetest362 | EIP150 (1/1) ... ok
   - modexp | EIP158 (110/144) ... ok
   - randomStatetest362 | EIP158 (1/1) ... ok
   - modexp | EIP158 (111/144) ... ok
   - randomStatetest362 | Frontier (1/1) ... ok
   - modexp | EIP158 (112/144) ... ok
   - randomStatetest362 | Homestead (1/1) ... ok
   - modexp | EIP158 (113/144) ... ok
   - modexp | EIP158 (114/144) ... ok
   - randomStatetest362 | Byzantium (1/1) ... ok
   - modexp | EIP158 (115/144) ... ok
   - modexp | EIP158 (116/144) ... ok
   - randomStatetest232 | EIP150 (1/1) ... ok
   - modexp | EIP158 (117/144) ... ok
   - modexp | EIP158 (118/144) ... ok
   - randomStatetest232 | EIP158 (1/1) ... ok
   - randomStatetest232 | Frontier (1/1) ... ok
   - randomStatetest232 | Homestead (1/1) ... ok
   - randomStatetest232 | Byzantium (1/1) ... ok
   - randomStatetest275 | EIP150 (1/1) ... ok
   - randomStatetest275 | EIP158 (1/1) ... ok
   - modexp | EIP158 (119/144) ... ok
   - modexp | EIP158 (120/144) ... ok
   - randomStatetest275 | Frontier (1/1) ... ok
   - modexp | EIP158 (121/144) ... ok
   - randomStatetest275 | Homestead (1/1) ... ok
   - modexp | EIP158 (122/144) ... ok
   - randomStatetest275 | Byzantium (1/1) ... ok
   - modexp | EIP158 (123/144) ... ok
   - randomStatetest368 | EIP150 (1/1) ... ok
   - modexp | EIP158 (124/144) ... ok
   - modexp | EIP158 (125/144) ... ok
   - randomStatetest368 | EIP158 (1/1) ... ok
   - modexp | EIP158 (126/144) ... ok
   - modexp | EIP158 (127/144) ... ok
   - randomStatetest368 | Frontier (1/1) ... ok
   - modexp | EIP158 (128/144) ... ok
   - randomStatetest368 | Homestead (1/1) ... ok
   - modexp | EIP158 (129/144) ... ok
   - modexp | EIP158 (130/144) ... ok
   - modexp | EIP158 (131/144) ... ok
   - randomStatetest368 | Byzantium (1/1) ... ok
   - modexp | EIP158 (132/144) ... ok
   - modexp | EIP158 (133/144) ... ok
   - modexp | EIP158 (134/144) ... ok
   - modexp | EIP158 (135/144) ... ok
   - modexp | EIP158 (136/144) ... ok
   - modexp | EIP158 (137/144) ... ok
   - modexp | EIP158 (138/144) ... ok
   - modexp | EIP158 (139/144) ... ok
   - modexp | EIP158 (140/144) ... ok
   - modexp | EIP158 (141/144) ... ok
   - modexp | EIP158 (142/144) ... ok
   - modexp | EIP158 (143/144) ... ok
   - modexp | EIP158 (144/144) ... ok
   - modexp | Frontier (1/144) ... ok
   - modexp | Frontier (2/144) ... ok
   - modexp | Frontier (3/144) ... ok
   - modexp | Frontier (4/144) ... ok
   - randomStatetest185 | EIP150 (1/1) ... ok
   - modexp | Frontier (5/144) ... ok
   - modexp | Frontier (6/144) ... ok
   - modexp | Frontier (7/144) ... ok
   - modexp | Frontier (8/144) ... ok
   - modexp | Frontier (9/144) ... ok
   - modexp | Frontier (10/144) ... ok
   - modexp | Frontier (11/144) ... ok
   - modexp | Frontier (12/144) ... ok
   - modexp | Frontier (13/144) ... ok
   - modexp | Frontier (14/144) ... ok
ok
   - ecmul_0-0_0_21000_40_d0g0v0_EIP150...   - modexp | Frontier (15/144) ... ok
   - modexp | Frontier (16/144) ... ok
   - modexp | Frontier (17/144) ... ok
   - modexp | Frontier (18/144) ... ok
   - modexp | Frontier (19/144) ... ok
   - modexp | Frontier (20/144) ... ok
   - modexp | Frontier (21/144) ... ok
   - modexp | Frontier (22/144) ... ok
   - modexp | Frontier (23/144) ... ok
   - modexp | Frontier (24/144) ... ok
   - modexp | Frontier (25/144) ... ok
   - modexp | Frontier (26/144) ... ok
   - modexp | Frontier (27/144) ... ok
   - modexp | Frontier (28/144) ... ok
   - modexp | Frontier (29/144) ... ok
   - modexp | Frontier (30/144) ... ok
   - modexp | Frontier (31/144) ... ok
   - modexp | Frontier (32/144) ... ok
   - modexp | Frontier (33/144) ... ok
   - randomStatetest185 | EIP158 (1/1) ... ok
   - modexp | Frontier (34/144) ... ok
   - modexp | Frontier (35/144) ... ok
   - modexp | Frontier (36/144) ... ok
   - modexp | Frontier (37/144) ... ok
   - modexp | Frontier (38/144) ... ok
   - modexp | Frontier (39/144) ... ok
   - modexp | Frontier (40/144) ... ok
   - modexp | Frontier (41/144) ... ok
   - modexp | Frontier (42/144) ... ok
   - modexp | Frontier (43/144) ... ok
   - modexp | Frontier (44/144) ... ok
   - modexp | Frontier (45/144) ... ok
   - modexp | Frontier (46/144) ... ok
   - modexp | Frontier (47/144) ... ok
   - modexp | Frontier (48/144) ... ok
   - modexp | Frontier (49/144) ... ok
   - modexp | Frontier (50/144) ... ok
   - modexp | Frontier (51/144) ... ok
   - modexp | Frontier (52/144) ... ok
   - modexp | Frontier (53/144) ... ok
   - modexp | Frontier (54/144) ... ok
   - modexp | Frontier (55/144) ... ok
   - modexp | Frontier (56/144) ... ok
   - modexp | Frontier (57/144) ... ok
   - modexp | Frontier (58/144) ... ok
   - modexp | Frontier (59/144) ... ok
   - modexp | Frontier (60/144) ... ok
   - modexp | Frontier (61/144) ... ok
   - modexp | Frontier (62/144) ... ok
   - modexp | Frontier (63/144) ... ok
   - modexp | Frontier (64/144) ... ok
   - modexp | Frontier (65/144) ... ok
   - modexp | Frontier (66/144) ... ok
   - randomStatetest185 | Frontier (1/1) ... ok
   - modexp | Frontier (67/144) ... ok
   - modexp | Frontier (68/144) ... ok
ok
   - ecmul_0-0_0_21000_40_d0g0v0_EIP158...   - modexp | Frontier (69/144) ... ok
   - modexp | Frontier (70/144) ... ok
   - modexp | Frontier (71/144) ... ok
   - modexp | Frontier (72/144) ... ok
   - modexp | Frontier (73/144) ... ok
   - modexp | Frontier (74/144) ... ok
   - modexp | Frontier (75/144) ... ok
   - modexp | Frontier (76/144) ... ok
   - modexp | Frontier (77/144) ... ok
   - modexp | Frontier (78/144) ... ok
   - modexp | Frontier (79/144) ... ok
   - modexp | Frontier (80/144) ... ok
   - modexp | Frontier (81/144) ... ok
   - modexp | Frontier (82/144) ... ok
   - randomStatetest185 | Homestead (1/1) ... ok
   - modexp | Frontier (83/144) ... ok
   - modexp | Frontier (84/144) ... ok
   - modexp | Frontier (85/144) ... ok
   - modexp | Frontier (86/144) ... ok
   - modexp | Frontier (87/144) ... ok
   - modexp | Frontier (88/144) ... ok
   - modexp | Frontier (89/144) ... ok
   - modexp | Frontier (90/144) ... ok
   - modexp | Frontier (91/144) ... ok
   - modexp | Frontier (92/144) ... ok
   - modexp | Frontier (93/144) ... ok
   - modexp | Frontier (94/144) ... ok
   - modexp | Frontier (95/144) ... ok
   - modexp | Frontier (96/144) ... ok
   - modexp | Frontier (97/144) ... ok
   - modexp | Frontier (98/144) ... ok
   - randomStatetest185 | Byzantium (1/1) ... ok
   - modexp | Frontier (99/144) ... ok
   - modexp | Frontier (100/144) ... ok
   - modexp | Frontier (101/144) ... ok
   - modexp | Frontier (102/144) ... ok
   - modexp | Frontier (103/144) ... ok
   - modexp | Frontier (104/144) ... ok
   - modexp | Frontier (105/144) ... ok
   - modexp | Frontier (106/144) ... ok
   - modexp | Frontier (107/144) ... ok
   - modexp | Frontier (108/144) ... ok
   - modexp | Frontier (109/144) ... ok
   - modexp | Frontier (110/144) ... ok
   - modexp | Frontier (111/144) ... ok
   - randomStatetest583 | EIP150 (1/1) ... ok
   - modexp | Frontier (112/144) ... ok
   - modexp | Frontier (113/144) ... ok
   - modexp | Frontier (114/144) ... ok
   - modexp | Frontier (115/144) ... ok
   - modexp | Frontier (116/144) ... ok
   - modexp | Frontier (117/144) ... ok
   - modexp | Frontier (118/144) ... ok
   - modexp | Frontier (119/144) ... ok
   - modexp | Frontier (120/144) ... ok
   - modexp | Frontier (121/144) ... ok
   - modexp | Frontier (122/144) ... ok
   - modexp | Frontier (123/144) ... ok
   - modexp | Frontier (124/144) ... ok
   - modexp | Frontier (125/144) ... ok
   - modexp | Frontier (126/144) ... ok
   - modexp | Frontier (127/144) ... ok
   - modexp | Frontier (128/144) ... ok
   - randomStatetest583 | EIP158 (1/1) ... ok
   - modexp | Frontier (129/144) ... ok
ok
   - ecmul_0-0_0_21000_40_d0g0v0_Frontier...   - modexp | Frontier (130/144) ... ok
   - modexp | Frontier (131/144) ... ok
   - modexp | Frontier (132/144) ... ok
   - modexp | Frontier (133/144) ... ok
   - modexp | Frontier (134/144) ... ok
   - modexp | Frontier (135/144) ... ok
   - modexp | Frontier (136/144) ... ok
   - modexp | Frontier (137/144) ... ok
   - modexp | Frontier (138/144) ... ok
   - modexp | Frontier (139/144) ... ok
   - modexp | Frontier (140/144) ... ok
   - modexp | Frontier (141/144) ... ok
   - randomStatetest583 | Frontier (1/1) ... ok
   - modexp | Frontier (142/144) ... ok
   - modexp | Frontier (143/144) ... ok
   - modexp | Frontier (144/144) ... ok
   - modexp | Homestead (1/144) ... ok
   - modexp | Homestead (2/144) ... ok
   - modexp | Homestead (3/144) ... ok
   - modexp | Homestead (4/144) ... ok
   - modexp | Homestead (5/144) ... ok
   - modexp | Homestead (6/144) ... ok
   - modexp | Homestead (7/144) ... ok
   - modexp | Homestead (8/144) ... ok
   - modexp | Homestead (9/144) ... ok
   - modexp | Homestead (10/144) ... ok
   - modexp | Homestead (11/144) ... ok
   - modexp | Homestead (12/144) ... ok
   - modexp | Homestead (13/144) ... ok
   - modexp | Homestead (14/144) ... ok
   - modexp | Homestead (15/144) ... ok
   - randomStatetest583 | Homestead (1/1) ... ok
   - modexp | Homestead (16/144) ... ok
   - modexp | Homestead (17/144) ... ok
   - modexp | Homestead (18/144) ... ok
   - modexp | Homestead (19/144) ... ok
   - modexp | Homestead (20/144) ... ok
   - modexp | Homestead (21/144) ... ok
   - modexp | Homestead (22/144) ... ok
   - modexp | Homestead (23/144) ... ok
   - modexp | Homestead (24/144) ... ok
   - modexp | Homestead (25/144) ... ok
   - modexp | Homestead (26/144) ... ok
   - modexp | Homestead (27/144) ... ok
   - modexp | Homestead (28/144) ... ok
   - modexp | Homestead (29/144) ... ok
   - modexp | Homestead (30/144) ... ok
   - randomStatetest583 | Byzantium (1/1) ... ok
   - modexp | Homestead (31/144) ... ok
   - modexp | Homestead (32/144) ... ok
   - modexp | Homestead (33/144) ... ok
   - modexp | Homestead (34/144) ... ok
   - modexp | Homestead (35/144) ... ok
   - randomStatetest526 | EIP150 (1/1) ... ok
   - modexp | Homestead (36/144) ... ok
   - randomStatetest526 | EIP158 (1/1) ... ok
   - randomStatetest526 | Frontier (1/1) ... ok
   - randomStatetest526 | Homestead (1/1) ... ok
   - modexp | Homestead (37/144) ... ok
   - modexp | Homestead (38/144) ... ok
   - randomStatetest526 | Byzantium (1/1) ... ok
   - modexp | Homestead (39/144) ... ok
   - randomStatetest383 | EIP150 (1/1) ... ok
   - modexp | Homestead (40/144) ... ok
   - randomStatetest383 | EIP158 (1/1) ... ok
   - randomStatetest383 | Frontier (1/1) ... ok
   - randomStatetest383 | Homestead (1/1) ... ok
   - randomStatetest383 | Byzantium (1/1) ... ok
   - modexp | Homestead (41/144) ... ok
   - modexp | Homestead (42/144) ... ok
   - randomStatetest217 | EIP150 (1/1) ... ok
ok
   - ecmul_0-0_0_21000_40_d0g0v0_Homestead...   - modexp | Homestead (43/144) ... ok
   - randomStatetest217 | EIP158 (1/1) ... ok
   - modexp | Homestead (44/144) ... ok
   - modexp | Homestead (45/144) ... ok
   - randomStatetest217 | Frontier (1/1) ... ok
   - modexp | Homestead (46/144) ... ok
   - randomStatetest217 | Homestead (1/1) ... ok
   - modexp | Homestead (47/144) ... ok
   - randomStatetest217 | Byzantium (1/1) ... ok
   - modexp | Homestead (48/144) ... ok
   - modexp | Homestead (49/144) ... ok
   - randomStatetest586 | EIP150 (1/1) ... ok
   - modexp | Homestead (50/144) ... ok
   - randomStatetest586 | EIP158 (1/1) ... ok
   - modexp | Homestead (51/144) ... ok
   - modexp | Homestead (52/144) ... ok
   - randomStatetest586 | Frontier (1/1) ... ok
   - modexp | Homestead (53/144) ... ok
   - randomStatetest586 | Homestead (1/1) ... ok
   - modexp | Homestead (54/144) ... ok
   - randomStatetest586 | Byzantium (1/1) ... ok
   - modexp | Homestead (55/144) ... ok
   - modexp | Homestead (56/144) ... ok
   - randomStatetest149 | EIP150 (1/1) ... ok
   - modexp | Homestead (57/144) ... ok
   - modexp | Homestead (58/144) ... ok
   - randomStatetest149 | EIP158 (1/1) ... ok
   - modexp | Homestead (59/144) ... ok
   - randomStatetest149 | Frontier (1/1) ... ok
   - modexp | Homestead (60/144) ... ok
   - randomStatetest149 | Homestead (1/1) ... ok
   - modexp | Homestead (61/144) ... ok
   - modexp | Homestead (62/144) ... ok
   - randomStatetest149 | Byzantium (1/1) ... ok
   - modexp | Homestead (63/144) ... ok
   - modexp | Homestead (64/144) ... ok
   - randomStatetest543 | EIP150 (1/1) ... ok
   - modexp | Homestead (65/144) ... ok
   - randomStatetest543 | EIP158 (1/1) ... ok
   - modexp | Homestead (66/144) ... ok
   - randomStatetest543 | Frontier (1/1) ... ok
   - modexp | Homestead (67/144) ... ok
   - modexp | Homestead (68/144) ... ok
   - randomStatetest543 | Homestead (1/1) ... ok
   - modexp | Homestead (69/144) ... ok
   - randomStatetest543 | Byzantium (1/1) ... ok
   - modexp | Homestead (70/144) ... ok
   - modexp | Homestead (71/144) ... ok
   - randomStatetest328 | EIP150 (1/1) ... ok
   - modexp | Homestead (72/144) ... ok
   - randomStatetest328 | EIP158 (1/1) ... ok
   - modexp | Homestead (73/144) ... ok
   - modexp | Homestead (74/144) ... ok
   - randomStatetest328 | Frontier (1/1) ... ok
   - modexp | Homestead (75/144) ... ok
   - randomStatetest328 | Homestead (1/1) ... ok
   - modexp | Homestead (76/144) ... ok
   - randomStatetest328 | Byzantium (1/1) ... ok
   - modexp | Homestead (77/144) ... ok
   - modexp | Homestead (78/144) ... ok
   - randomStatetest389 | EIP150 (1/1) ... ok
   - modexp | Homestead (79/144) ... ok
   - randomStatetest389 | EIP158 (1/1) ... ok
   - modexp | Homestead (80/144) ... ok
   - modexp | Homestead (81/144) ... ok
   - randomStatetest389 | Frontier (1/1) ... ok
   - modexp | Homestead (82/144) ... ok
   - randomStatetest389 | Homestead (1/1) ... ok
   - modexp | Homestead (83/144) ... ok
   - randomStatetest389 | Byzantium (1/1) ... ok
   - modexp | Homestead (84/144) ... ok
   - modexp | Homestead (85/144) ... ok
   - modexp | Homestead (86/144) ... ok
   - modexp | Homestead (87/144) ... ok
   - modexp | Homestead (88/144) ... ok
   - modexp | Homestead (89/144) ... ok
   - modexp | Homestead (90/144) ... ok
   - modexp | Homestead (91/144) ... ok
   - modexp | Homestead (92/144) ... ok
   - modexp | Homestead (93/144) ... ok
   - modexp | Homestead (94/144) ... ok
   - modexp | Homestead (95/144) ... ok
   - modexp | Homestead (96/144) ... ok
   - modexp | Homestead (97/144) ... ok
   - randomStatetest163 | EIP150 (1/1) ... ok
   - modexp | Homestead (98/144) ... ok
   - modexp | Homestead (99/144) ... ok
   - modexp | Homestead (100/144) ... ok
   - modexp | Homestead (101/144) ... ok
   - modexp | Homestead (102/144) ... ok
   - modexp | Homestead (103/144) ... ok
   - modexp | Homestead (104/144) ... ok
   - modexp | Homestead (105/144) ... ok
   - modexp | Homestead (106/144) ... ok
   - modexp | Homestead (107/144) ... ok
   - modexp | Homestead (108/144) ... ok
   - randomStatetest163 | EIP158 (1/1) ... ok
   - modexp | Homestead (109/144) ... ok
   - modexp | Homestead (110/144) ... ok
   - modexp | Homestead (111/144) ... ok
   - modexp | Homestead (112/144) ... ok
   - modexp | Homestead (113/144) ... ok
   - modexp | Homestead (114/144) ... ok
   - modexp | Homestead (115/144) ... ok
   - modexp | Homestead (116/144) ... ok
   - modexp | Homestead (117/144) ... ok
   - modexp | Homestead (118/144) ... ok
   - modexp | Homestead (119/144) ... ok
   - modexp | Homestead (120/144) ... ok
   - modexp | Homestead (121/144) ... ok
   - modexp | Homestead (122/144) ... ok
   - randomStatetest163 | Frontier (1/1) ... ok
ok
   - modexp | Homestead (123/144) ... ok
   - modexp | Homestead (124/144) ... ok
   - modexp | Homestead (125/144) ... ok
   - modexp | Homestead (126/144) ... ok
   - modexp | Homestead (127/144) ... ok
   - ecpairing_two_point_match_4_d0g1v0_Byzantium...   - modexp | Homestead (128/144) ... ok
   - modexp | Homestead (129/144) ... ok
   - modexp | Homestead (130/144) ... ok
   - modexp | Homestead (131/144) ... ok
   - modexp | Homestead (132/144) ... ok
   - modexp | Homestead (133/144) ... ok
   - modexp | Homestead (134/144) ... ok
   - modexp | Homestead (135/144) ... ok
   - modexp | Homestead (136/144) ... ok
   - modexp | Homestead (137/144) ... ok
   - modexp | Homestead (138/144) ... ok
   - modexp | Homestead (139/144) ... ok
   - modexp | Homestead (140/144) ... ok
   - modexp | Homestead (141/144) ... ok
   - modexp | Homestead (142/144) ... ok
   - randomStatetest163 | Homestead (1/1) ... ok
   - modexp | Homestead (143/144) ... ok
   - modexp | Homestead (144/144) ... ok
   - modexp | Byzantium (1/144) ... ok
   - modexp | Byzantium (2/144) ... ok
   - modexp | Byzantium (3/144) ... ok
   - modexp | Byzantium (4/144) ... ok
   - modexp | Byzantium (5/144) ... ok
   - modexp | Byzantium (6/144) ... ok
   - modexp | Byzantium (7/144) ... ok
   - modexp | Byzantium (8/144) ... ok
   - modexp | Byzantium (9/144) ... ok
   - modexp | Byzantium (10/144) ... ok
   - modexp | Byzantium (11/144) ... ok
   - modexp | Byzantium (12/144) ... ok
   - modexp | Byzantium (13/144) ... ok
   - modexp | Byzantium (14/144) ... ok
   - modexp | Byzantium (15/144) ... ok
   - randomStatetest163 | Byzantium (1/1) ... ok
   - modexp | Byzantium (16/144) ... ok
   - modexp | Byzantium (17/144) ... ok
   - modexp | Byzantium (18/144) ... ok
   - randomStatetest104 | EIP150 (1/1) ... ok
   - modexp | Byzantium (19/144) ... ok
   - modexp | Byzantium (20/144) ... ok
   - randomStatetest104 | EIP158 (1/1) ... ok
   - modexp | Byzantium (21/144) ... ok
   - randomStatetest104 | Frontier (1/1) ... ok
   - modexp | Byzantium (22/144) ... ok
   - randomStatetest104 | Homestead (1/1) ... ok
   - modexp | Byzantium (23/144) ... ok
ok
   - ecpairing_two_point_match_4_d0g1v0_EIP150...   - modexp | Byzantium (24/144) ... ok
   - randomStatetest104 | Byzantium (1/1) ... ok
   - modexp | Byzantium (25/144) ... ok
   - randomStatetest505 | EIP150 (1/1) ... ok
   - randomStatetest505 | EIP158 (1/1) ... ok
   - randomStatetest505 | Frontier (1/1) ... ok
   - randomStatetest505 | Homestead (1/1) ... ok
   - randomStatetest505 | Byzantium (1/1) ... ok
   - modexp | Byzantium (26/144) ... ok
   - modexp | Byzantium (27/144) ... ok
   - randomStatetest252 | EIP150 (1/1) ... ok
   - modexp | Byzantium (28/144) ... ok
   - randomStatetest252 | EIP158 (1/1) ... ok
   - modexp | Byzantium (29/144) ... ok
   - randomStatetest252 | Frontier (1/1) ... ok
   - modexp | Byzantium (30/144) ... ok
   - randomStatetest252 | Homestead (1/1) ... ok
   - modexp | Byzantium (31/144) ... ok
   - modexp | Byzantium (32/144) ... ok
   - modexp | Byzantium (33/144) ... ok
   - randomStatetest252 | Byzantium (1/1) ... ok
   - modexp | Byzantium (34/144) ... ok
   - modexp | Byzantium (35/144) ... ok
   - modexp | Byzantium (36/144) ... ok
   - modexp | Byzantium (37/144) ... ok
   - modexp | Byzantium (38/144) ... ok
   - randomStatetest41 | EIP150 (1/1) ... ok
   - modexp | Byzantium (39/144) ... ok
   - modexp | Byzantium (40/144) ... ok
   - randomStatetest41 | EIP158 (1/1) ... ok
   - modexp | Byzantium (41/144) ... ok
   - randomStatetest41 | Frontier (1/1) ... ok
   - modexp | Byzantium (42/144) ... ok
   - modexp | Byzantium (43/144) ... ok
   - randomStatetest41 | Homestead (1/1) ... ok
   - modexp | Byzantium (44/144) ... ok
   - modexp | Byzantium (45/144) ... ok
   - modexp | Byzantium (46/144) ... ok
   - modexp | Byzantium (47/144) ... ok
   - modexp | Byzantium (48/144) ... ok
   - modexp | Byzantium (49/144) ... ok
   - randomStatetest41 | Byzantium (1/1) ... ok
   - modexp | Byzantium (50/144) ... ok
   - randomStatetest28 | EIP150 (1/1) ... ok
   - modexp | Byzantium (51/144) ... ok
   - randomStatetest28 | EIP158 (1/1) ... ok
   - modexp | Byzantium (52/144) ... ok
   - randomStatetest28 | Frontier (1/1) ... ok
   - modexp | Byzantium (53/144) ... ok
   - modexp | Byzantium (54/144) ... ok
   - randomStatetest28 | Homestead (1/1) ... ok
   - modexp | Byzantium (55/144) ... ok
   - modexp | Byzantium (56/144) ... ok
   - modexp | Byzantium (57/144) ... ok
   - modexp | Byzantium (58/144) ... ok
   - modexp | Byzantium (59/144) ... ok
   - modexp | Byzantium (60/144) ... ok
   - randomStatetest28 | Byzantium (1/1) ... ok
   - modexp | Byzantium (61/144) ... ok
   - randomStatetest296 | EIP150 (1/1) ... ok
ok
   - ecpairing_two_point_match_4_d0g1v0_EIP158...   - modexp | Byzantium (62/144) ... ok
   - randomStatetest296 | EIP158 (1/1) ... ok
   - modexp | Byzantium (63/144) ... ok
   - modexp | Byzantium (64/144) ... ok
   - randomStatetest296 | Frontier (1/1) ... ok
   - modexp | Byzantium (65/144) ... ok
   - modexp | Byzantium (66/144) ... ok
   - modexp | Byzantium (67/144) ... ok
   - modexp | Byzantium (68/144) ... ok
   - modexp | Byzantium (69/144) ... ok
   - modexp | Byzantium (70/144) ... ok
   - randomStatetest296 | Homestead (1/1) ... ok
   - modexp | Byzantium (71/144) ... ok
   - randomStatetest296 | Byzantium (1/1) ... ok
   - modexp | Byzantium (72/144) ... ok
   - modexp | Byzantium (73/144) ... ok
   - modexp | Byzantium (74/144) ... ok
   - modexp | Byzantium (75/144) ... ok
   - modexp | Byzantium (76/144) ... ok
   - modexp | Byzantium (77/144) ... ok
   - modexp | Byzantium (78/144) ... ok
   - modexp | Byzantium (79/144) ... ok
   - randomStatetest643 | EIP150 (1/1) ... ok
   - modexp | Byzantium (80/144) ... ok
   - modexp | Byzantium (81/144) ... ok
   - modexp | Byzantium (82/144) ... ok
   - randomStatetest643 | EIP158 (1/1) ... ok
   - modexp | Byzantium (83/144) ... ok
   - modexp | Byzantium (84/144) ... ok
   - randomStatetest643 | Frontier (1/1) ... ok
   - modexp | Byzantium (85/144) ... ok
   - modexp | Byzantium (86/144) ... ok
   - modexp | Byzantium (87/144) ... ok
   - randomStatetest643 | Homestead (1/1) ... ok
   - randomStatetest643 | Byzantium (1/1) ... ok
   - randomStatetest504 | EIP150 (1/1) ... ok
   - randomStatetest504 | EIP158 (1/1) ... ok
   - randomStatetest504 | Frontier (1/1) ... ok
   - randomStatetest504 | Homestead (1/1) ... ok
   - randomStatetest504 | Byzantium (1/1) ... ok
   - randomStatetest287 | EIP150 (1/1) ... ok
   - modexp | Byzantium (88/144) ... ok
   - randomStatetest287 | EIP158 (1/1) ... ok
ok
   - ecpairing_two_point_match_4_d0g1v0_Frontier...   - modexp | Byzantium (89/144) ... ok
   - randomStatetest287 | Frontier (1/1) ... ok
   - modexp | Byzantium (90/144) ... ok
   - randomStatetest287 | Homestead (1/1) ... ok
   - randomStatetest287 | Byzantium (1/1) ... ok
   - randomStatetest356 | EIP150 (1/1) ... ok
   - randomStatetest356 | EIP158 (1/1) ... ok
   - modexp | Byzantium (91/144) ... ok
   - randomStatetest356 | Frontier (1/1) ... ok
   - modexp | Byzantium (92/144) ... ok
   - randomStatetest356 | Homestead (1/1) ... ok
   - randomStatetest356 | Byzantium (1/1) ... ok
   - modexp | Byzantium (93/144) ... ok
   - randomStatetest16 | EIP150 (1/1) ... ok
   - modexp | Byzantium (94/144) ... ok
   - modexp | Byzantium (95/144) ... ok
   - randomStatetest16 | EIP158 (1/1) ... ok
   - modexp | Byzantium (96/144) ... ok
   - randomStatetest16 | Frontier (1/1) ... ok
   - modexp | Byzantium (97/144) ... ok
   - randomStatetest16 | Homestead (1/1) ... ok
   - randomStatetest16 | Byzantium (1/1) ... ok
   - randomStatetest126 | EIP150 (1/1) ... ok
   - randomStatetest126 | EIP158 (1/1) ... ok
   - randomStatetest126 | Frontier (1/1) ... ok
   - randomStatetest126 | Homestead (1/1) ... ok
   - randomStatetest126 | Byzantium (1/1) ... ok
   - randomStatetest164 | EIP150 (1/1) ... ok
   - randomStatetest164 | EIP158 (1/1) ... ok
   - modexp | Byzantium (98/144) ... ok
   - modexp | Byzantium (99/144) ... ok
   - randomStatetest164 | Frontier (1/1) ... ok
   - modexp | Byzantium (100/144) ... ok
   - randomStatetest164 | Homestead (1/1) ... ok
   - modexp | Byzantium (101/144) ... ok
   - randomStatetest164 | Byzantium (1/1) ... ok
   - modexp | Byzantium (102/144) ... ok
   - modexp | Byzantium (103/144) ... ok
   - randomStatetest597 | EIP150 (1/1) ... ok
   - modexp | Byzantium (104/144) ... ok
   - randomStatetest597 | EIP158 (1/1) ... ok
   - modexp | Byzantium (105/144) ... ok
   - randomStatetest597 | Frontier (1/1) ... ok
   - modexp | Byzantium (106/144) ... ok
   - randomStatetest597 | Homestead (1/1) ... ok
   - modexp | Byzantium (107/144) ... ok
   - randomStatetest597 | Byzantium (1/1) ... ok
   - modexp | Byzantium (108/144) ... ok
   - modexp | Byzantium (109/144) ... ok
   - randomStatetest244 | EIP150 (1/1) ... ok
   - modexp | Byzantium (110/144) ... ok
   - randomStatetest244 | EIP158 (1/1) ... ok
   - modexp | Byzantium (111/144) ... ok
   - randomStatetest244 | Frontier (1/1) ... ok
   - modexp | Byzantium (112/144) ... ok
   - modexp | Byzantium (113/144) ... ok
   - modexp | Byzantium (114/144) ... ok
   - modexp | Byzantium (115/144) ... ok
   - modexp | Byzantium (116/144) ... ok
   - modexp | Byzantium (117/144) ... ok
   - modexp | Byzantium (118/144) ... ok
   - modexp | Byzantium (119/144) ... ok
   - modexp | Byzantium (120/144) ... ok
   - modexp | Byzantium (121/144) ... ok
   - modexp | Byzantium (122/144) ... ok
   - modexp | Byzantium (123/144) ... ok
   - modexp | Byzantium (124/144) ... ok
   - modexp | Byzantium (125/144) ... ok
   - modexp | Byzantium (126/144) ... ok
   - modexp | Byzantium (127/144) ... ok
   - modexp | Byzantium (128/144) ... ok
   - modexp | Byzantium (129/144) ... ok
   - randomStatetest244 | Homestead (1/1) ... ok
   - modexp | Byzantium (130/144) ... ok
   - randomStatetest244 | Byzantium (1/1) ... ok
   - modexp | Byzantium (131/144) ... ok
   - modexp | Byzantium (132/144) ... ok
   - randomStatetest387 | EIP150 (1/1) ... ok
   - randomStatetest387 | EIP158 (1/1) ... ok
   - modexp | Byzantium (133/144) ... ok
   - randomStatetest387 | Frontier (1/1) ... ok
   - modexp | Byzantium (134/144) ... ok
   - randomStatetest387 | Homestead (1/1) ... ok
   - modexp | Byzantium (135/144) ... ok
   - modexp | Byzantium (136/144) ... ok
   - randomStatetest387 | Byzantium (1/1) ... ok
   - modexp | Byzantium (137/144) ... ok
   - randomStatetest579 | EIP150 (1/1) ... ok
   - randomStatetest579 | EIP158 (1/1) ... ok
ok
   - ecpairing_two_point_match_4_d0g1v0_Homestead...   - randomStatetest579 | Frontier (1/1) ... ok
   - randomStatetest579 | Homestead (1/1) ... ok
   - modexp | Byzantium (138/144) ... ok
   - randomStatetest579 | Byzantium (1/1) ... ok
   - modexp | Byzantium (139/144) ... ok
   - randomStatetest602 | EIP150 (1/1) ... ok
   - modexp | Byzantium (140/144) ... ok
   - randomStatetest602 | EIP158 (1/1) ... ok
   - modexp | Byzantium (141/144) ... ok
   - randomStatetest602 | Frontier (1/1) ... ok
   - modexp | Byzantium (142/144) ... ok
   - randomStatetest602 | Homestead (1/1) ... ok
   - modexp | Byzantium (143/144) ... ok
   - randomStatetest602 | Byzantium (1/1) ... ok
   - modexp | Byzantium (144/144) ... ok
   - randomStatetest269 | EIP150 (1/1) ... ok
   - randomStatetest269 | EIP158 (1/1) ... ok
   - modexp_0_0_0_20500 | EIP150 (1/4) ... ok
   - randomStatetest269 | Frontier (1/1) ... ok
   - modexp_0_0_0_20500 | EIP150 (2/4) ... ok
   - randomStatetest269 | Homestead (1/1) ... ok
   - randomStatetest269 | Byzantium (1/1) ... ok
   - randomStatetest376 | EIP150 (1/1) ... ok
   - randomStatetest376 | EIP158 (1/1) ... ok
   - randomStatetest376 | Frontier (1/1) ... ok
   - randomStatetest376 | Homestead (1/1) ... ok
   - randomStatetest376 | Byzantium (1/1) ... ok
   - randomStatetest361 | EIP150 (1/1) ... ok
   - randomStatetest361 | EIP158 (1/1) ... ok
   - randomStatetest361 | Frontier (1/1) ... ok
   - randomStatetest361 | Homestead (1/1) ... ok
   - modexp_0_0_0_20500 | EIP150 (3/4) ... ok
   - randomStatetest361 | Byzantium (1/1) ... ok
   - modexp_0_0_0_20500 | EIP150 (4/4) ... ok
   - randomStatetest121 | EIP150 (1/1) ... ok
   - modexp_0_0_0_20500 | EIP158 (1/4) ... ok
   - randomStatetest121 | EIP158 (1/1) ... ok
   - modexp_0_0_0_20500 | EIP158 (2/4) ... ok
   - randomStatetest121 | Frontier (1/1) ... ok
   - modexp_0_0_0_20500 | EIP158 (3/4) ... ok
   - modexp_0_0_0_20500 | EIP158 (4/4) ... ok
   - modexp_0_0_0_20500 | Frontier (1/4) ... ok
   - modexp_0_0_0_20500 | Frontier (2/4) ... ok
   - modexp_0_0_0_20500 | Frontier (3/4) ... ok
   - modexp_0_0_0_20500 | Frontier (4/4) ... ok
   - modexp_0_0_0_20500 | Homestead (1/4) ... ok
   - modexp_0_0_0_20500 | Homestead (2/4) ... ok
   - randomStatetest121 | Homestead (1/1) ... ok
   - modexp_0_0_0_20500 | Homestead (3/4) ... ok
   - randomStatetest121 | Byzantium (1/1) ... ok
   - modexp_0_0_0_20500 | Homestead (4/4) ... ok
   - modexp_0_0_0_20500 | Byzantium (1/4) ... ok
   - randomStatetest480 | EIP150 (1/1) ... ok
   - randomStatetest480 | EIP158 (1/1) ... ok
   - modexp_0_0_0_20500 | Byzantium (2/4) ... ok
   - randomStatetest480 | Frontier (1/1) ... ok
   - modexp_0_0_0_20500 | Byzantium (3/4) ... ok
   - randomStatetest480 | Homestead (1/1) ... ok
   - modexp_0_0_0_20500 | Byzantium (4/4) ... ok
   - randomStatetest480 | Byzantium (1/1) ... ok
   - modexp_37120_37111_97_155000 | EIP150 (1/4) ... ok
   - randomStatetest74 | EIP150 (1/1) ... ok
   - modexp_37120_37111_97_155000 | EIP150 (2/4) ... ok
   - modexp_37120_37111_97_155000 | EIP150 (3/4) ... ok
   - modexp_37120_37111_97_155000 | EIP150 (4/4) ... ok
   - modexp_37120_37111_97_155000 | EIP158 (1/4) ... ok
   - modexp_37120_37111_97_155000 | EIP158 (2/4) ... ok
   - modexp_37120_37111_97_155000 | EIP158 (3/4) ... ok
   - modexp_37120_37111_97_155000 | EIP158 (4/4) ... ok
   - modexp_37120_37111_97_155000 | Frontier (1/4) ... ok
   - modexp_37120_37111_97_155000 | Frontier (2/4) ... ok
   - randomStatetest74 | EIP158 (1/1) ... ok
   - modexp_37120_37111_97_155000 | Frontier (3/4) ... ok
   - randomStatetest74 | Frontier (1/1) ... ok
   - modexp_37120_37111_97_155000 | Frontier (4/4) ... ok
   - randomStatetest74 | Homestead (1/1) ... ok
   - modexp_37120_37111_97_155000 | Homestead (1/4) ... ok
   - modexp_37120_37111_97_155000 | Homestead (2/4) ... ok
   - randomStatetest74 | Byzantium (1/1) ... ok
   - modexp_37120_37111_97_155000 | Homestead (3/4) ... ok
   - randomStatetest29 | EIP150 (1/1) ... ok
   - modexp_37120_37111_97_155000 | Homestead (4/4) ... ok
   - randomStatetest29 | EIP158 (1/1) ... ok
   - modexp_37120_37111_97_155000 | Byzantium (1/4) ... ok
   - randomStatetest29 | Frontier (1/1) ... ok
   - modexp_37120_37111_97_155000 | Byzantium (2/4) ... ok
   - randomStatetest29 | Homestead (1/1) ... ok
   - modexp_37120_37111_97_155000 | Byzantium (3/4) ... ok
   - modexp_37120_37111_97_155000 | Byzantium (4/4) ... ok
   - randomStatetest29 | Byzantium (1/1) ... ok
   - modexp_9_37111_37111_1000000 | EIP150 (1/4) ... ok
   - randomStatetest226 | EIP150 (1/1) ... ok
   - modexp_9_37111_37111_1000000 | EIP150 (2/4) ... ok
ok
   - randomStatetest226 | EIP158 (1/1) ... ok
   - modexp_9_37111_37111_1000000 | EIP150 (3/4) ... ok
   - randomStatetest226 | Frontier (1/1) ... ok
   - modexp_9_37111_37111_1000000 | EIP150 (4/4) ... ok
   - randomStatetest226 | Homestead (1/1) ... ok
   - modexp_9_37111_37111_1000000 | EIP158 (1/4) ... ok
   - ecadd_0-0_1-3_21000_128_d0g1v0_Byzantium...   - modexp_9_37111_37111_1000000 | EIP158 (2/4) ... ok
   - modexp_9_37111_37111_1000000 | EIP158 (3/4) ... ok
   - modexp_9_37111_37111_1000000 | EIP158 (4/4) ... ok
   - modexp_9_37111_37111_1000000 | Frontier (1/4) ... ok
   - randomStatetest226 | Byzantium (1/1) ... ok
   - modexp_9_37111_37111_1000000 | Frontier (2/4) ... ok
   - modexp_9_37111_37111_1000000 | Frontier (3/4) ... ok
   - randomStatetest158 | EIP150 (1/1) ... ok
   - modexp_9_37111_37111_1000000 | Frontier (4/4) ... ok
   - randomStatetest158 | EIP158 (1/1) ... ok
   - modexp_9_37111_37111_1000000 | Homestead (1/4) ... ok
   - randomStatetest158 | Frontier (1/1) ... ok
   - modexp_9_37111_37111_1000000 | Homestead (2/4) ... ok
   - modexp_9_37111_37111_1000000 | Homestead (3/4) ... ok
   - modexp_9_37111_37111_1000000 | Homestead (4/4) ... ok
   - randomStatetest158 | Homestead (1/1) ... ok
   - randomStatetest158 | Byzantium (1/1) ... ok
   - randomStatetest444 | EIP150 (1/1) ... ok
   - randomStatetest444 | EIP158 (1/1) ... ok
   - randomStatetest444 | Frontier (1/1) ... ok
   - randomStatetest444 | Homestead (1/1) ... ok
   - randomStatetest444 | Byzantium (1/1) ... ok
   - randomStatetest130 | EIP150 (1/1) ... ok
   - randomStatetest130 | EIP158 (1/1) ... ok
   - randomStatetest130 | Frontier (1/1) ... ok
ok
   - ecadd_0-0_1-3_21000_128_d0g1v0_EIP150...   - randomStatetest130 | Homestead (1/1) ... ok
   - randomStatetest130 | Byzantium (1/1) ... ok
   - modexp_9_37111_37111_1000000 | Byzantium (1/4) ... ok
   - modexp_9_37111_37111_1000000 | Byzantium (2/4) ... ok
   - modexp_9_37111_37111_1000000 | Byzantium (3/4) ... ok
   - modexp_9_37111_37111_1000000 | Byzantium (4/4) ... ok
   - randomStatetest201 | EIP150 (1/1) ... ok
   - modexp_55190_55190_42965_35000 | EIP150 (1/4) ... ok
   - randomStatetest201 | EIP158 (1/1) ... ok
   - modexp_55190_55190_42965_35000 | EIP150 (2/4) ... ok
   - modexp_55190_55190_42965_35000 | EIP150 (3/4) ... ok
   - modexp_55190_55190_42965_35000 | EIP150 (4/4) ... ok
   - recursiveCreateReturnValue | Homestead (1/1) ... ok
   - randomStatetest201 | Frontier (1/1) ... ok
   - modexp_55190_55190_42965_35000 | EIP158 (1/4) ... ok
   - randomStatetest201 | Homestead (1/1) ... ok
   - modexp_55190_55190_42965_35000 | EIP158 (2/4) ... ok
   - modexp_55190_55190_42965_35000 | EIP158 (3/4) ... ok
   - randomStatetest201 | Byzantium (1/1) ... ok
   - modexp_55190_55190_42965_35000 | EIP158 (4/4) ... ok
   - modexp_55190_55190_42965_35000 | Frontier (1/4) ... ok
   - randomStatetest228 | EIP150 (1/1) ... ok
   - modexp_55190_55190_42965_35000 | Frontier (2/4) ... ok
   - randomStatetest228 | EIP158 (1/1) ... ok
   - modexp_55190_55190_42965_35000 | Frontier (3/4) ... ok
   - randomStatetest228 | Frontier (1/1) ... ok
   - modexp_55190_55190_42965_35000 | Frontier (4/4) ... ok
   - modexp_55190_55190_42965_35000 | Homestead (1/4) ... ok
   - modexp_55190_55190_42965_35000 | Homestead (2/4) ... ok
   - modexp_55190_55190_42965_35000 | Homestead (3/4) ... ok
   - randomStatetest228 | Homestead (1/1) ... ok
   - modexp_55190_55190_42965_35000 | Homestead (4/4) ... ok
   - randomStatetest228 | Byzantium (1/1) ... ok
   - randomStatetest645 | EIP150 (1/2) ... ok
   - randomStatetest645 | EIP150 (2/2) ... ok
   - modexp_55190_55190_42965_35000 | Byzantium (1/4) ... ok
   - randomStatetest645 | EIP158 (1/2) ... ok
   - modexp_55190_55190_42965_35000 | Byzantium (2/4) ... ok
   - randomStatetest645 | EIP158 (2/2) ... ok
   - modexp_55190_55190_42965_35000 | Byzantium (3/4) ... ok
   - randomStatetest645 | Frontier (1/2) ... ok
   - randomStatetest645 | Frontier (2/2) ... ok
   - modexp_55190_55190_42965_35000 | Byzantium (4/4) ... ok
   - randomStatetest645 | Homestead (1/2) ... ok
   - CALLCODEIdentity_4 | EIP150 (1/1) ... ok
   - randomStatetest645 | Homestead (2/2) ... ok
   - CALLCODEIdentity_4 | EIP158 (1/1) ... ok
   - randomStatetest645 | Byzantium (1/2) ... ok
   - CALLCODEIdentity_4 | Frontier (1/1) ... ok
ok
   - ecadd_0-0_1-3_21000_128_d0g1v0_EIP158...   - randomStatetest645 | Byzantium (2/2) ... ok
   - CALLCODEIdentity_4 | Homestead (1/1) ... ok
   - randomStatetest322 | EIP150 (1/1) ... ok
   - CALLCODEIdentity_4 | Byzantium (1/1) ... ok
   - CALLCODERipemd160_2 | EIP150 (1/1) ... ok
   - CALLCODERipemd160_2 | EIP158 (1/1) ... ok
   - CALLCODERipemd160_2 | Frontier (1/1) ... ok
   - CALLCODERipemd160_2 | Homestead (1/1) ... ok
   - randomStatetest322 | EIP158 (1/1) ... ok
   - randomStatetest322 | Frontier (1/1) ... ok
   - CALLCODERipemd160_2 | Byzantium (1/1) ... ok
   - randomStatetest322 | Homestead (1/1) ... ok
   - modexp_39936_1_55201_25000 | EIP150 (1/4) ... ok
   - randomStatetest322 | Byzantium (1/1) ... ok
   - modexp_39936_1_55201_25000 | EIP150 (2/4) ... ok
   - randomStatetest503 | EIP150 (1/1) ... ok
   - modexp_39936_1_55201_25000 | EIP150 (3/4) ... ok
   - randomStatetest503 | EIP158 (1/1) ... ok
   - modexp_39936_1_55201_25000 | EIP150 (4/4) ... ok
   - randomStatetest503 | Frontier (1/1) ... ok
   - modexp_39936_1_55201_25000 | EIP158 (1/4) ... ok
   - randomStatetest503 | Homestead (1/1) ... ok
   - modexp_39936_1_55201_25000 | EIP158 (2/4) ... ok
   - randomStatetest503 | Byzantium (1/1) ... ok
   - modexp_39936_1_55201_25000 | EIP158 (3/4) ... ok
   - randomStatetest236 | EIP150 (1/1) ... ok
   - modexp_39936_1_55201_25000 | EIP158 (4/4) ... ok
   - randomStatetest236 | EIP158 (1/1) ... ok
   - modexp_39936_1_55201_25000 | Frontier (1/4) ... ok
   - modexp_39936_1_55201_25000 | Frontier (2/4) ... ok
   - randomStatetest236 | Frontier (1/1) ... ok
   - modexp_39936_1_55201_25000 | Frontier (3/4) ... ok
   - modexp_39936_1_55201_25000 | Frontier (4/4) ... ok
   - randomStatetest236 | Homestead (1/1) ... ok
   - randomStatetest236 | Byzantium (1/1) ... ok
   - modexp_39936_1_55201_25000 | Homestead (1/4) ... ok
   - modexp_39936_1_55201_25000 | Homestead (2/4) ... ok
   - modexp_39936_1_55201_25000 | Homestead (3/4) ... ok
   - modexp_39936_1_55201_25000 | Homestead (4/4) ... ok
   - randomStatetest626 | EIP150 (1/1) ... ok
   - modexp_39936_1_55201_25000 | Byzantium (1/4) ... ok
   - modexp_39936_1_55201_25000 | Byzantium (2/4) ... ok
   - randomStatetest626 | EIP158 (1/1) ... ok
   - modexp_39936_1_55201_25000 | Byzantium (3/4) ... ok
   - randomStatetest626 | Frontier (1/1) ... ok
   - modexp_39936_1_55201_25000 | Byzantium (4/4) ... ok
   - randomStatetest626 | Homestead (1/1) ... ok
ok
   - ecadd_0-0_1-3_21000_128_d0g1v0_Frontier...   - randomStatetest626 | Byzantium (1/1) ... ok
   - modexp_37120_37111_1_155000 | EIP150 (1/4) ... ok
   - modexp_37120_37111_1_155000 | EIP150 (2/4) ... ok
   - modexp_37120_37111_1_155000 | EIP150 (3/4) ... ok
   - modexp_37120_37111_1_155000 | EIP150 (4/4) ... ok
   - modexp_37120_37111_1_155000 | EIP158 (1/4) ... ok
   - modexp_37120_37111_1_155000 | EIP158 (2/4) ... ok
   - modexp_37120_37111_1_155000 | EIP158 (3/4) ... ok
   - randomStatetest291 | EIP150 (1/1) ... ok
   - modexp_37120_37111_1_155000 | EIP158 (4/4) ... ok
   - randomStatetest291 | EIP158 (1/1) ... ok
   - modexp_37120_37111_1_155000 | Frontier (1/4) ... ok
   - randomStatetest291 | Frontier (1/1) ... ok
   - modexp_37120_37111_1_155000 | Frontier (2/4) ... ok
   - modexp_37120_37111_1_155000 | Frontier (3/4) ... ok
   - randomStatetest291 | Homestead (1/1) ... ok
   - modexp_37120_37111_1_155000 | Frontier (4/4) ... ok
   - randomStatetest291 | Byzantium (1/1) ... ok
   - modexp_37120_37111_1_155000 | Homestead (1/4) ... ok
   - randomStatetest608 | EIP150 (1/1) ... ok
   - modexp_37120_37111_1_155000 | Homestead (2/4) ... ok
   - randomStatetest608 | EIP158 (1/1) ... ok
   - modexp_37120_37111_1_155000 | Homestead (3/4) ... ok
   - randomStatetest608 | Frontier (1/1) ... ok
   - modexp_37120_37111_1_155000 | Homestead (4/4) ... ok
   - randomStatetest608 | Homestead (1/1) ... ok
   - modexp_37120_37111_1_155000 | Byzantium (1/4) ... ok
   - modexp_37120_37111_1_155000 | Byzantium (2/4) ... ok
   - randomStatetest608 | Byzantium (1/1) ... ok
   - modexp_37120_37111_1_155000 | Byzantium (3/4) ... ok
   - randomStatetest208 | EIP150 (1/1) ... ok
   - modexp_37120_37111_1_155000 | Byzantium (4/4) ... ok
   - randomStatetest208 | EIP158 (1/1) ... ok
   - CALLCODEEcrecoverV_prefixed0 | EIP150 (1/1) ... ok
   - randomStatetest208 | Frontier (1/1) ... ok
   - randomStatetest208 | Homestead (1/1) ... ok
   - CALLCODEEcrecoverV_prefixed0 | EIP158 (1/1) ... ok
   - randomStatetest208 | Byzantium (1/1) ... ok
   - CALLCODEEcrecoverV_prefixed0 | Frontier (1/1) ... ok
   - randomStatetest49 | EIP150 (1/1) ... ok
   - randomStatetest49 | EIP158 (1/1) ... ok
   - CALLCODEEcrecoverV_prefixed0 | Homestead (1/1) ... ok
   - randomStatetest49 | Frontier (1/1) ... ok
   - CALLCODEEcrecoverV_prefixed0 | Byzantium (1/1) ... ok
   - randomStatetest49 | Homestead (1/1) ... ok
   - randomStatetest49 | Byzantium (1/1) ... ok
   - CallEcrecoverCheckLengthWrongV | EIP150 (1/1) ... ok
   - randomStatetest334 | EIP150 (1/1) ... ok
   - CallEcrecoverCheckLengthWrongV | EIP158 (1/1) ... ok
ok
   - ecadd_0-0_1-3_21000_128_d0g1v0_Homestead...   - randomStatetest334 | EIP158 (1/1) ... ok
   - CallEcrecoverCheckLengthWrongV | Frontier (1/1) ... ok
   - randomStatetest334 | Frontier (1/1) ... ok
   - CallEcrecoverCheckLengthWrongV | Homestead (1/1) ... ok
   - randomStatetest334 | Homestead (1/1) ... ok
   - CallEcrecoverCheckLengthWrongV | Byzantium (1/1) ... ok
   - randomStatetest334 | Byzantium (1/1) ... ok
   - CallRipemd160_3 | EIP150 (1/1) ... ok
   - CallRipemd160_3 | EIP158 (1/1) ... ok
   - randomStatetest436 | EIP150 (1/1) ... ok
   - randomStatetest436 | EIP158 (1/1) ... ok
   - CallRipemd160_3 | Frontier (1/1) ... ok
   - randomStatetest436 | Frontier (1/1) ... ok
   - CallRipemd160_3 | Homestead (1/1) ... ok
   - randomStatetest436 | Homestead (1/1) ... ok
   - CallRipemd160_3 | Byzantium (1/1) ... ok
   - randomStatetest436 | Byzantium (1/1) ... ok
   - CALLCODESha256_1 | EIP150 (1/1) ... ok
   - CALLCODESha256_1 | EIP158 (1/1) ... ok
   - randomStatetest25 | EIP150 (1/1) ... ok
   - randomStatetest25 | EIP158 (1/1) ... ok
   - CALLCODESha256_1 | Frontier (1/1) ... ok
   - randomStatetest25 | Frontier (1/1) ... ok
   - CALLCODESha256_1 | Homestead (1/1) ... ok
   - randomStatetest25 | Homestead (1/1) ... ok
   - CALLCODESha256_1 | Byzantium (1/1) ... ok
   - randomStatetest25 | Byzantium (1/1) ... ok
   - CallEcrecover0 | EIP150 (1/1) ... ok
   - randomStatetest265 | EIP150 (1/1) ... ok
   - CallEcrecover0 | EIP158 (1/1) ... ok
   - randomStatetest265 | EIP158 (1/1) ... ok
   - randomStatetest265 | Frontier (1/1) ... ok
   - CallEcrecover0 | Frontier (1/1) ... ok
   - randomStatetest265 | Homestead (1/1) ... ok
   - CallEcrecover0 | Homestead (1/1) ... ok
   - randomStatetest265 | Byzantium (1/1) ... ok
   - CallEcrecover0 | Byzantium (1/1) ... ok
   - randomStatetest316 | EIP150 (1/1) ... ok
   - randomStatetest316 | EIP158 (1/1) ... ok
   - modexp_55190_55190_42965_155000 | EIP150 (1/4) ... ok
   - randomStatetest316 | Frontier (1/1) ... ok
   - modexp_55190_55190_42965_155000 | EIP150 (2/4) ... ok
   - randomStatetest316 | Homestead (1/1) ... ok
   - modexp_55190_55190_42965_155000 | EIP150 (3/4) ... ok
   - randomStatetest316 | Byzantium (1/1) ... ok
   - modexp_55190_55190_42965_155000 | EIP150 (4/4) ... ok
   - modexp_55190_55190_42965_155000 | EIP158 (1/4) ... ok
   - randomStatetest525 | EIP150 (1/1) ... ok
   - modexp_55190_55190_42965_155000 | EIP158 (2/4) ... ok
   - randomStatetest525 | EIP158 (1/1) ... ok
   - modexp_55190_55190_42965_155000 | EIP158 (3/4) ... ok
   - modexp_55190_55190_42965_155000 | EIP158 (4/4) ... ok
   - randomStatetest525 | Frontier (1/1) ... ok
   - modexp_55190_55190_42965_155000 | Frontier (1/4) ... ok
   - randomStatetest525 | Homestead (1/1) ... ok
   - modexp_55190_55190_42965_155000 | Frontier (2/4) ... ok
   - modexp_55190_55190_42965_155000 | Frontier (3/4) ... ok
   - randomStatetest525 | Byzantium (1/1) ... ok
   - modexp_55190_55190_42965_155000 | Frontier (4/4) ... ok
   - randomStatetest457 | EIP150 (1/1) ... ok
   - modexp_55190_55190_42965_155000 | Homestead (1/4) ... ok
   - randomStatetest457 | EIP158 (1/1) ... ok
   - modexp_55190_55190_42965_155000 | Homestead (2/4) ... ok
   - randomStatetest457 | Frontier (1/1) ... ok
   - modexp_55190_55190_42965_155000 | Homestead (3/4) ... ok
   - randomStatetest457 | Homestead (1/1) ... ok
   - modexp_55190_55190_42965_155000 | Homestead (4/4) ... ok
   - randomStatetest457 | Byzantium (1/1) ... ok
   - randomStatetest45 | EIP150 (1/1) ... ok
   - modexp_55190_55190_42965_155000 | Byzantium (1/4) ... ok
   - randomStatetest45 | EIP158 (1/1) ... ok
   - randomStatetest45 | Frontier (1/1) ... ok
   - modexp_55190_55190_42965_155000 | Byzantium (2/4) ... ok
   - randomStatetest45 | Homestead (1/1) ... ok
   - modexp_55190_55190_42965_155000 | Byzantium (3/4) ... ok
   - randomStatetest45 | Byzantium (1/1) ... ok
   - modexp_55190_55190_42965_155000 | Byzantium (4/4) ... ok
   - randomStatetest456 | EIP150 (1/1) ... ok
   - CALLCODESha256_0 | EIP150 (1/1) ... ok
   - randomStatetest456 | EIP158 (1/1) ... ok
   - CALLCODESha256_0 | EIP158 (1/1) ... ok
   - CALLCODESha256_0 | Frontier (1/1) ... ok
   - recursiveCreateReturnValue | Byzantium (1/1) ... ok
   - randomStatetest456 | Frontier (1/1) ... ok
   - CALLCODESha256_0 | Homestead (1/1) ... ok
   - randomStatetest456 | Homestead (1/1) ... ok
   - CALLCODESha256_0 | Byzantium (1/1) ... ok
   - randomStatetest456 | Byzantium (1/1) ... ok
   - randomStatetest507 | EIP150 (1/1) ... ok
   - CallIdentitiy_1 | EIP150 (1/1) ... ok
   - randomStatetest507 | EIP158 (1/1) ... ok
   - CallIdentitiy_1 | EIP158 (1/1) ... ok
   - randomStatetest507 | Frontier (1/1) ... ok
   - CallIdentitiy_1 | Frontier (1/1) ... ok
   - randomStatetest507 | Homestead (1/1) ... ok
   - CallIdentitiy_1 | Homestead (1/1) ... ok
   - CallIdentitiy_1 | Byzantium (1/1) ... ok
   - recursiveCreate | EIP150 (1/1) ... ok
ok
   - CALLCODEIdentitiy_1 | EIP150 (1/1) ... ok
   - recursiveCreate | EIP158 (1/1) ... ok
   - CALLCODEIdentitiy_1 | EIP158 (1/1) ... ok
   - recursiveCreate | Frontier (1/1) ... ok
   - CALLCODEIdentitiy_1 | Frontier (1/1) ... ok
   - ecmul_0-0_0_21000_40_d0g1v0_Byzantium...   - CALLCODEIdentitiy_1 | Homestead (1/1) ... ok
   - recursiveCreate | Homestead (1/1) ... ok
   - randomStatetest507 | Byzantium (1/1) ... ok
   - CALLCODEIdentitiy_1 | Byzantium (1/1) ... ok
   - randomStatetest460 | EIP150 (1/1) ... ok
   - randomStatetest460 | EIP158 (1/1) ... ok
   - modexp_55190_55190_42965_25000 | EIP150 (1/4) ... ok
   - modexp_55190_55190_42965_25000 | EIP150 (2/4) ... ok
   - recursiveCreate | Byzantium (1/1) ... ok
   - modexp_55190_55190_42965_25000 | EIP150 (3/4) ... ok
test json_tests::state::state_tests::GeneralStateTest_stRecursiveCreate ... ok
   - randomStatetest460 | Frontier (1/1) ... ok
   - modexp_55190_55190_42965_25000 | EIP150 (4/4) ... ok
   - randomStatetest460 | Homestead (1/1) ... ok
   - modexp_55190_55190_42965_25000 | EIP158 (1/4) ... ok
   - randomStatetest460 | Byzantium (1/1) ... ok
   - modexp_55190_55190_42965_25000 | EIP158 (2/4) ... ok
   - randomStatetest78 | EIP150 (1/1) ... ok
   - modexp_55190_55190_42965_25000 | EIP158 (3/4) ... ok
   - randomStatetest78 | EIP158 (1/1) ... ok
   - modexp_55190_55190_42965_25000 | EIP158 (4/4) ... ok
   - modexp_55190_55190_42965_25000 | Frontier (1/4) ... ok
   - randomStatetest78 | Frontier (1/1) ... ok
   - modexp_55190_55190_42965_25000 | Frontier (2/4) ... ok
   - randomStatetest78 | Homestead (1/1) ... ok
   - modexp_55190_55190_42965_25000 | Frontier (3/4) ... ok
   - refund_CallToSuicideNoStorage | EIP150 (1/2) ... ok
   - modexp_55190_55190_42965_25000 | Frontier (4/4) ... ok
   - randomStatetest78 | Byzantium (1/1) ... ok
   - refund_CallToSuicideNoStorage | EIP150 (2/2) ... ok
   - modexp_55190_55190_42965_25000 | Homestead (1/4) ... ok
   - randomStatetest612 | EIP150 (1/1) ... ok
   - refund_CallToSuicideNoStorage | EIP158 (1/2) ... ok
   - modexp_55190_55190_42965_25000 | Homestead (2/4) ... ok
   - randomStatetest612 | EIP158 (1/1) ... ok
   - refund_CallToSuicideNoStorage | EIP158 (2/2) ... ok
   - modexp_55190_55190_42965_25000 | Homestead (3/4) ... ok
   - randomStatetest612 | Frontier (1/1) ... ok
   - refund_CallToSuicideNoStorage | Frontier (1/2) ... ok
   - modexp_55190_55190_42965_25000 | Homestead (4/4) ... ok
   - refund_CallToSuicideNoStorage | Frontier (2/2) ... ok
   - randomStatetest612 | Homestead (1/1) ... ok
   - refund_CallToSuicideNoStorage | Homestead (1/2) ... ok
   - randomStatetest612 | Byzantium (1/1) ... ok
   - modexp_55190_55190_42965_25000 | Byzantium (1/4) ... ok
   - refund_CallToSuicideNoStorage | Homestead (2/2) ... ok
   - randomStatetest524 | EIP150 (1/1) ... ok
   - modexp_55190_55190_42965_25000 | Byzantium (2/4) ... ok
   - refund_CallToSuicideNoStorage | Byzantium (1/2) ... ok
   - randomStatetest524 | EIP158 (1/1) ... ok
   - refund_CallToSuicideNoStorage | Byzantium (2/2) ... ok
   - randomStatetest524 | Frontier (1/1) ... ok
   - modexp_55190_55190_42965_25000 | Byzantium (3/4) ... ok
   - refund_changeNonZeroStorage | EIP150 (1/1) ... ok
   - randomStatetest524 | Homestead (1/1) ... ok
   - modexp_55190_55190_42965_25000 | Byzantium (4/4) ... ok
   - refund_changeNonZeroStorage | EIP158 (1/1) ... ok
   - randomStatetest524 | Byzantium (1/1) ... ok
   - refund_changeNonZeroStorage | Frontier (1/1) ... ok
   - CALLCODERipemd160_3_prefixed0 | EIP150 (1/1) ... ok
   - refund_changeNonZeroStorage | Homestead (1/1) ... ok
   - CALLCODERipemd160_3_prefixed0 | EIP158 (1/1) ... ok
   - refund_changeNonZeroStorage | Byzantium (1/1) ... ok
   - CALLCODERipemd160_3_prefixed0 | Frontier (1/1) ... ok
   - refund_CallA_notEnoughGasInCall | EIP150 (1/1) ... ok
   - CALLCODERipemd160_3_prefixed0 | Homestead (1/1) ... ok
   - refund_CallA_notEnoughGasInCall | EIP158 (1/1) ... ok
   - CALLCODERipemd160_3_prefixed0 | Byzantium (1/1) ... ok
   - refund_CallA_notEnoughGasInCall | Frontier (1/1) ... ok
   - CallSha256_1_nonzeroValue | EIP150 (1/1) ... ok
   - refund_CallA_notEnoughGasInCall | Homestead (1/1) ... ok
   - refund_CallA_notEnoughGasInCall | Byzantium (1/1) ... ok
   - CallSha256_1_nonzeroValue | EIP158 (1/1) ... ok
   - refund50_1 | EIP150 (1/1) ... ok
   - CallSha256_1_nonzeroValue | Frontier (1/1) ... ok
   - refund50_1 | EIP158 (1/1) ... ok
   - CallSha256_1_nonzeroValue | Homestead (1/1) ... ok
   - refund50_1 | Frontier (1/1) ... ok
   - CallSha256_1_nonzeroValue | Byzantium (1/1) ... ok
   - refund50_1 | Homestead (1/1) ... ok
   - CallEcrecover0_Gas2999 | EIP150 (1/1) ... ok
   - refund50_1 | Byzantium (1/1) ... ok
   - refund_OOG | EIP150 (1/1) ... ok
   - CallEcrecover0_Gas2999 | EIP158 (1/1) ... ok
   - refund_OOG | EIP158 (1/1) ... ok
   - CallEcrecover0_Gas2999 | Frontier (1/1) ... ok
   - refund_OOG | Frontier (1/1) ... ok
   - CallEcrecover0_Gas2999 | Homestead (1/1) ... ok
   - refund_OOG | Homestead (1/1) ... ok
   - refund_OOG | Byzantium (1/1) ... ok
   - CallEcrecover0_Gas2999 | Byzantium (1/1) ... ok
   - refund50_2 | EIP150 (1/1) ... ok
   - CallSha256_4_gas99 | EIP150 (1/1) ... ok
   - CallSha256_4_gas99 | EIP158 (1/1) ... ok
   - refund50_2 | EIP158 (1/1) ... ok
   - refund50_2 | Frontier (1/1) ... ok
   - CallSha256_4_gas99 | Frontier (1/1) ... ok
   - refund50_2 | Homestead (1/1) ... ok
   - refund50_2 | Byzantium (1/1) ... ok
ok
   - ecmul_0-0_0_21000_40_d0g1v0_EIP150...   - refund_multimpleSuicide | EIP150 (1/1) ... ok
   - refund_multimpleSuicide | EIP158 (1/1) ... ok
   - CallSha256_4_gas99 | Homestead (1/1) ... ok
   - refund_multimpleSuicide | Frontier (1/1) ... ok
   - CallSha256_4_gas99 | Byzantium (1/1) ... ok
   - refund_multimpleSuicide | Homestead (1/1) ... ok
   - refund_multimpleSuicide | Byzantium (1/1) ... ok
   - modexp_0_0_0_25000 | EIP150 (1/4) ... ok
   - refund_CallA_OOG | EIP150 (1/1) ... ok
   - refund_CallA_OOG | EIP158 (1/1) ... ok
   - refund_CallA_OOG | Frontier (1/1) ... ok
   - randomStatetest154 | EIP150 (1/1) ... ok
   - refund_CallA_OOG | Homestead (1/1) ... ok
   - modexp_0_0_0_25000 | EIP150 (2/4) ... ok
   - refund_CallA_OOG | Byzantium (1/1) ... ok
   - modexp_0_0_0_25000 | EIP150 (3/4) ... ok
   - refund_CallA | EIP150 (1/1) ... ok
   - modexp_0_0_0_25000 | EIP150 (4/4) ... ok
   - refund_CallA | EIP158 (1/1) ... ok
   - modexp_0_0_0_25000 | EIP158 (1/4) ... ok
   - refund_CallA | Frontier (1/1) ... ok
   - refund_CallA | Homestead (1/1) ... ok
   - refund_CallA | Byzantium (1/1) ... ok
   - modexp_0_0_0_25000 | EIP158 (2/4) ... ok
   - refundSuicide50procentCap | EIP150 (1/2) ... ok
   - modexp_0_0_0_25000 | EIP158 (3/4) ... ok
   - refundSuicide50procentCap | EIP150 (2/2) ... ok
   - modexp_0_0_0_25000 | EIP158 (4/4) ... ok
   - refundSuicide50procentCap | EIP158 (1/2) ... ok
   - refundSuicide50procentCap | EIP158 (2/2) ... ok
   - refundSuicide50procentCap | Frontier (1/2) ... ok
   - refundSuicide50procentCap | Frontier (2/2) ... ok
   - modexp_0_0_0_25000 | Frontier (1/4) ... ok
   - refundSuicide50procentCap | Homestead (1/2) ... ok
   - modexp_0_0_0_25000 | Frontier (2/4) ... ok
   - refundSuicide50procentCap | Homestead (2/2) ... ok
   - modexp_0_0_0_25000 | Frontier (3/4) ... ok
   - modexp_0_0_0_25000 | Frontier (4/4) ... ok
   - refundSuicide50procentCap | Byzantium (1/2) ... ok
   - randomStatetest154 | EIP158 (1/1) ... ok
   - modexp_0_0_0_25000 | Homestead (1/4) ... ok
   - refundSuicide50procentCap | Byzantium (2/2) ... ok
   - randomStatetest154 | Frontier (1/1) ... ok
   - modexp_0_0_0_25000 | Homestead (2/4) ... ok
   - randomStatetest154 | Homestead (1/1) ... ok
   - refund_NoOOG_1 | EIP150 (1/1) ... ok
   - modexp_0_0_0_25000 | Homestead (3/4) ... ok
   - refund_NoOOG_1 | EIP158 (1/1) ... ok
   - modexp_0_0_0_25000 | Homestead (4/4) ... ok
   - refund_NoOOG_1 | Frontier (1/1) ... ok
   - refund_NoOOG_1 | Homestead (1/1) ... ok
   - refund_NoOOG_1 | Byzantium (1/1) ... ok
ok
   - ecmul_0-0_0_21000_40_d0g1v0_EIP158...   - refund50percentCap | EIP150 (1/1) ... ok
   - modexp_0_0_0_25000 | Byzantium (1/4) ... ok
   - refund50percentCap | EIP158 (1/1) ... ok
   - modexp_0_0_0_25000 | Byzantium (2/4) ... ok
   - refund50percentCap | Frontier (1/1) ... ok
   - modexp_0_0_0_25000 | Byzantium (3/4) ... ok
   - modexp_0_0_0_25000 | Byzantium (4/4) ... ok
   - modexp_55190_55190_42965_22000 | EIP150 (1/4) ... ok
   - refund50percentCap | Homestead (1/1) ... ok
   - modexp_55190_55190_42965_22000 | EIP150 (2/4) ... ok
   - refund50percentCap | Byzantium (1/1) ... ok
   - modexp_55190_55190_42965_22000 | EIP150 (3/4) ... ok
   - refund_CallToSuicideTwice | EIP150 (1/2) ... ok
   - modexp_55190_55190_42965_22000 | EIP150 (4/4) ... ok
   - refund_CallToSuicideTwice | EIP150 (2/2) ... ok
   - refund_CallToSuicideTwice | EIP158 (1/2) ... ok
   - modexp_55190_55190_42965_22000 | EIP158 (1/4) ... ok
   - refund_CallToSuicideTwice | EIP158 (2/2) ... ok
   - modexp_55190_55190_42965_22000 | EIP158 (2/4) ... ok
   - modexp_55190_55190_42965_22000 | EIP158 (3/4) ... ok
   - modexp_55190_55190_42965_22000 | EIP158 (4/4) ... ok
   - modexp_55190_55190_42965_22000 | Frontier (1/4) ... ok
   - modexp_55190_55190_42965_22000 | Frontier (2/4) ... ok
   - modexp_55190_55190_42965_22000 | Frontier (3/4) ... ok
   - modexp_55190_55190_42965_22000 | Frontier (4/4) ... ok
   - refund_CallToSuicideTwice | Frontier (1/2) ... ok
   - modexp_55190_55190_42965_22000 | Homestead (1/4) ... ok
   - refund_CallToSuicideTwice | Frontier (2/2) ... ok
   - modexp_55190_55190_42965_22000 | Homestead (2/4) ... ok
   - modexp_55190_55190_42965_22000 | Homestead (3/4) ... ok
   - modexp_55190_55190_42965_22000 | Homestead (4/4) ... ok
   - refund_CallToSuicideTwice | Homestead (1/2) ... ok
   - modexp_55190_55190_42965_22000 | Byzantium (1/4) ... ok
   - refund_CallToSuicideTwice | Homestead (2/2) ... ok
   - modexp_55190_55190_42965_22000 | Byzantium (2/4) ... ok
   - refund_CallToSuicideTwice | Byzantium (1/2) ... ok
   - refund_CallToSuicideTwice | Byzantium (2/2) ... ok
   - modexp_55190_55190_42965_22000 | Byzantium (3/4) ... ok
   - refund600 | EIP150 (1/1) ... ok
   - refund600 | EIP158 (1/1) ... ok
   - modexp_55190_55190_42965_22000 | Byzantium (4/4) ... ok
   - refund600 | Frontier (1/1) ... ok
   - CALLCODEEcrecover3 | EIP150 (1/1) ... ok
   - randomStatetest154 | Byzantium (1/1) ... ok
   - refund600 | Homestead (1/1) ... ok
   - refund600 | Byzantium (1/1) ... ok
   - randomStatetest355 | EIP150 (1/1) ... ok
   - CALLCODEEcrecover3 | EIP158 (1/1) ... ok
   - randomStatetest355 | EIP158 (1/1) ... ok
   - refund_CallToSuicideStorage | EIP150 (1/2) ... ok
   - CALLCODEEcrecover3 | Frontier (1/1) ... ok
   - refund_CallToSuicideStorage | EIP150 (2/2) ... ok
   - CALLCODEEcrecover3 | Homestead (1/1) ... ok
   - refund_CallToSuicideStorage | EIP158 (1/2) ... ok
   - randomStatetest355 | Frontier (1/1) ... ok
   - refund_CallToSuicideStorage | EIP158 (2/2) ... ok
   - randomStatetest355 | Homestead (1/1) ... ok
   - CALLCODEEcrecover3 | Byzantium (1/1) ... ok
   - refund_CallToSuicideStorage | Frontier (1/2) ... ok
   - randomStatetest355 | Byzantium (1/1) ... ok
   - CALLCODEEcrecover1 | EIP150 (1/1) ... ok
   - refund_CallToSuicideStorage | Frontier (2/2) ... ok
   - refund_CallToSuicideStorage | Homestead (1/2) ... ok
   - CALLCODEEcrecover1 | EIP158 (1/1) ... ok
   - refund_CallToSuicideStorage | Homestead (2/2) ... ok
   - CALLCODEEcrecover1 | Frontier (1/1) ... ok
ok
   - ecmul_0-0_0_21000_40_d0g1v0_Frontier...   - refund_CallToSuicideStorage | Byzantium (1/2) ... ok
   - CALLCODEEcrecover1 | Homestead (1/1) ... ok
   - refund_CallToSuicideStorage | Byzantium (2/2) ... ok
   - CALLCODEEcrecover1 | Byzantium (1/1) ... ok
   - refund_singleSuicide | EIP150 (1/1) ... ok
   - randomStatetest513 | EIP150 (1/1) ... ok
   - refund_singleSuicide | EIP158 (1/1) ... ok
   - modexp_55190_55190_42965_1000000 | EIP150 (1/4) ... ok
   - randomStatetest513 | EIP158 (1/1) ... ok
   - refund_singleSuicide | Frontier (1/1) ... ok
   - refund_singleSuicide | Homestead (1/1) ... ok
   - randomStatetest513 | Frontier (1/1) ... ok
   - modexp_55190_55190_42965_1000000 | EIP150 (2/4) ... ok
   - randomStatetest513 | Homestead (1/1) ... ok
   - refund_singleSuicide | Byzantium (1/1) ... ok
   - refund_getEtherBack | EIP150 (1/1) ... ok
   - randomStatetest513 | Byzantium (1/1) ... ok
   - refund_getEtherBack | EIP158 (1/1) ... ok
   - randomStatetest308 | EIP150 (1/1) ... ok
   - refund_getEtherBack | Frontier (1/1) ... ok
   - randomStatetest308 | EIP158 (1/1) ... ok
   - refund_getEtherBack | Homestead (1/1) ... ok
   - refund_getEtherBack | Byzantium (1/1) ... ok
   - randomStatetest308 | Frontier (1/1) ... ok
   - randomStatetest308 | Homestead (1/1) ... ok
   - refund_TxToSuicide | EIP150 (1/2) ... ok
   - refund_TxToSuicide | EIP150 (2/2) ... ok
   - randomStatetest308 | Byzantium (1/1) ... ok
   - refund_TxToSuicide | EIP158 (1/2) ... ok
   - modexp_55190_55190_42965_1000000 | EIP150 (3/4) ... ok
   - refund_TxToSuicide | EIP158 (2/2) ... ok
   - randomStatetest9 | EIP150 (1/1) ... ok
   - modexp_55190_55190_42965_1000000 | EIP150 (4/4) ... ok
   - refund_TxToSuicide | Frontier (1/2) ... ok
   - randomStatetest9 | EIP158 (1/1) ... ok
   - refund_TxToSuicide | Frontier (2/2) ... ok
   - randomStatetest9 | Frontier (1/1) ... ok
   - modexp_55190_55190_42965_1000000 | EIP158 (1/4) ... ok
   - refund_TxToSuicide | Homestead (1/2) ... ok
   - modexp_55190_55190_42965_1000000 | EIP158 (2/4) ... ok
   - refund_TxToSuicide | Homestead (2/2) ... ok
   - randomStatetest9 | Homestead (1/1) ... ok
   - modexp_55190_55190_42965_1000000 | EIP158 (3/4) ... ok
   - refund_TxToSuicide | Byzantium (1/2) ... ok
   - randomStatetest9 | Byzantium (1/1) ... ok
   - refund_TxToSuicide | Byzantium (2/2) ... ok
   - randomStatetest90 | EIP150 (1/1) ... ok
   - refund_TxToSuicideOOG | EIP150 (1/1) ... ok
   - refund_TxToSuicideOOG | EIP158 (1/1) ... ok
   - randomStatetest90 | EIP158 (1/1) ... ok
   - refund_TxToSuicideOOG | Frontier (1/1) ... ok
   - randomStatetest90 | Frontier (1/1) ... ok
   - refund_TxToSuicideOOG | Homestead (1/1) ... ok
   - randomStatetest90 | Homestead (1/1) ... ok
   - refund_TxToSuicideOOG | Byzantium (1/1) ... ok
test json_tests::state::state_tests::GeneralStateTest_stRefundTest ... ok
   - randomStatetest90 | Byzantium (1/1) ... ok
   - modexp_55190_55190_42965_1000000 | EIP158 (4/4) ... ok
   - modexp_55190_55190_42965_1000000 | Frontier (1/4) ... ok
   - modexp_55190_55190_42965_1000000 | Frontier (2/4) ... ok
   - modexp_55190_55190_42965_1000000 | Frontier (3/4) ... ok
   - modexp_55190_55190_42965_1000000 | Frontier (4/4) ... ok
   - modexp_55190_55190_42965_1000000 | Homestead (1/4) ... ok
   - modexp_55190_55190_42965_1000000 | Homestead (2/4) ... ok
   - modexp_55190_55190_42965_1000000 | Homestead (3/4) ... ok
   - modexp_55190_55190_42965_1000000 | Homestead (4/4) ... ok
   - randomStatetest619 | EIP150 (1/1) ... ok
   - randomStatetest619 | EIP158 (1/1) ... ok
   - returndatacopy_after_successful_callcode | EIP150 (1/1) ... ok
   - modexp_55190_55190_42965_1000000 | Byzantium (1/4) ... ok
   - returndatacopy_after_successful_callcode | EIP158 (1/1) ... ok
   - randomStatetest619 | Frontier (1/1) ... ok
   - modexp_55190_55190_42965_1000000 | Byzantium (2/4) ... ok
   - returndatacopy_after_successful_callcode | Frontier (1/1) ... ok
   - randomStatetest619 | Homestead (1/1) ... ok
   - returndatacopy_after_successful_callcode | Homestead (1/1) ... ok
   - randomStatetest619 | Byzantium (1/1) ... ok
   - modexp_55190_55190_42965_1000000 | Byzantium (3/4) ... ok
   - returndatacopy_after_successful_callcode | Byzantium (1/1) ... ok
   - randomStatetest249 | EIP150 (1/1) ... ok
   - returndatacopy_following_call | EIP150 (1/1) ... ok
   - modexp_55190_55190_42965_1000000 | Byzantium (4/4) ... ok
   - randomStatetest249 | EIP158 (1/1) ... ok
   - returndatacopy_following_call | EIP158 (1/1) ... ok
   - CallEcrecoverR_prefixed0 | EIP150 (1/1) ... ok
   - returndatacopy_following_call | Frontier (1/1) ... ok
   - randomStatetest249 | Frontier (1/1) ... ok
   - CallEcrecoverR_prefixed0 | EIP158 (1/1) ... ok
   - returndatacopy_following_call | Homestead (1/1) ... ok
   - randomStatetest249 | Homestead (1/1) ... ok
   - CallEcrecoverR_prefixed0 | Frontier (1/1) ... ok
   - returndatacopy_following_call | Byzantium (1/1) ... ok
   - randomStatetest249 | Byzantium (1/1) ... ok
   - CallEcrecoverR_prefixed0 | Homestead (1/1) ... ok
   - returndatacopy_following_revert | EIP150 (1/1) ... ok
   - CallEcrecoverR_prefixed0 | Byzantium (1/1) ... ok
   - randomStatetest337 | EIP150 (1/1) ... ok
   - returndatacopy_following_revert | EIP158 (1/1) ... ok
   - randomStatetest337 | EIP158 (1/1) ... ok
   - returndatacopy_following_revert | Frontier (1/1) ... ok
   - modexp_0_3_100_35000 | EIP150 (1/4) ... ok
   - randomStatetest337 | Frontier (1/1) ... ok
   - returndatacopy_following_revert | Homestead (1/1) ... ok
   - modexp_0_3_100_35000 | EIP150 (2/4) ... ok
   - returndatacopy_following_revert | Byzantium (1/1) ... ok
   - randomStatetest337 | Homestead (1/1) ... ok
   - modexp_0_3_100_35000 | EIP150 (3/4) ... ok
   - modexp_0_3_100_35000 | EIP150 (4/4) ... ok
   - returndatasize_following_successful_create | EIP150 (1/1) ... ok
   - returndatasize_following_successful_create | EIP158 (1/1) ... ok
   - modexp_0_3_100_35000 | EIP158 (1/4) ... ok
ok
   - ecmul_0-0_0_21000_40_d0g1v0_Homestead...   - returndatasize_following_successful_create | Frontier (1/1) ... ok
   - modexp_0_3_100_35000 | EIP158 (2/4) ... ok
   - returndatasize_following_successful_create | Homestead (1/1) ... ok
   - returndatasize_following_successful_create | Byzantium (1/1) ... ok
   - modexp_0_3_100_35000 | EIP158 (3/4) ... ok
   - modexp_0_3_100_35000 | EIP158 (4/4) ... ok
   - randomStatetest337 | Byzantium (1/1) ... ok
   - returndatasize_after_successful_delegatecall | EIP150 (1/1) ... ok
   - modexp_0_3_100_35000 | Frontier (1/4) ... ok
   - returndatasize_after_successful_delegatecall | EIP158 (1/1) ... ok
   - randomStatetest364 | EIP150 (1/1) ... ok
   - modexp_0_3_100_35000 | Frontier (2/4) ... ok
   - returndatasize_after_successful_delegatecall | Frontier (1/1) ... ok
   - randomStatetest364 | EIP158 (1/1) ... ok
   - modexp_0_3_100_35000 | Frontier (3/4) ... ok
   - randomStatetest364 | Frontier (1/1) ... ok
   - returndatasize_after_successful_delegatecall | Homestead (1/1) ... ok
   - modexp_0_3_100_35000 | Frontier (4/4) ... ok
   - returndatasize_after_successful_delegatecall | Byzantium (1/1) ... ok
   - randomStatetest364 | Homestead (1/1) ... ok
   - modexp_0_3_100_35000 | Homestead (1/4) ... ok
   - returndatacopy_initial | EIP150 (1/1) ... ok
   - randomStatetest364 | Byzantium (1/1) ... ok
   - modexp_0_3_100_35000 | Homestead (2/4) ... ok
   - returndatacopy_initial | EIP158 (1/1) ... ok
   - modexp_0_3_100_35000 | Homestead (3/4) ... ok
   - randomStatetest409 | EIP150 (1/1) ... ok
   - returndatacopy_initial | Frontier (1/1) ... ok
   - modexp_0_3_100_35000 | Homestead (4/4) ... ok
   - randomStatetest409 | EIP158 (1/1) ... ok
   - returndatacopy_initial | Homestead (1/1) ... ok
   - randomStatetest409 | Frontier (1/1) ... ok
   - modexp_0_3_100_35000 | Byzantium (1/4) ... ok
   - returndatacopy_initial | Byzantium (1/1) ... ok
   - randomStatetest409 | Homestead (1/1) ... ok
   - modexp_0_3_100_35000 | Byzantium (2/4) ... ok
   - modexp_0_3_100_35000 | Byzantium (3/4) ... ok
   - randomStatetest409 | Byzantium (1/1) ... ok
   - returndatacopy_0_0_following_successful_create | EIP150 (1/1) ... ok
   - modexp_0_3_100_35000 | Byzantium (4/4) ... ok
   - returndatacopy_0_0_following_successful_create | EIP158 (1/1) ... ok
   - randomStatetest290 | EIP150 (1/1) ... ok
   - returndatacopy_0_0_following_successful_create | Frontier (1/1) ... ok
   - randomStatetest290 | EIP158 (1/1) ... ok
   - modexp_49_2401_2401_25000 | EIP150 (1/4) ... ok
   - returndatacopy_0_0_following_successful_create | Homestead (1/1) ... ok
   - randomStatetest290 | Frontier (1/1) ... ok
   - modexp_49_2401_2401_25000 | EIP150 (2/4) ... ok
   - returndatacopy_0_0_following_successful_create | Byzantium (1/1) ... ok
   - randomStatetest290 | Homestead (1/1) ... ok
   - modexp_49_2401_2401_25000 | EIP150 (3/4) ... ok
   - randomStatetest290 | Byzantium (1/1) ... ok
   - modexp_49_2401_2401_25000 | EIP150 (4/4) ... ok
   - call_outsize_then_create_successful_then_returndatasize | EIP150 (1/1) ... ok
   - call_outsize_then_create_successful_then_returndatasize | EIP158 (1/1) ... ok
   - modexp_49_2401_2401_25000 | EIP158 (1/4) ... ok
   - randomStatetest333 | EIP150 (1/1) ... ok
   - call_outsize_then_create_successful_then_returndatasize | Frontier (1/1) ... ok
   - randomStatetest333 | EIP158 (1/1) ... ok
   - randomStatetest333 | Frontier (1/1) ... ok
   - call_outsize_then_create_successful_then_returndatasize | Homestead (1/1) ... ok
   - modexp_49_2401_2401_25000 | EIP158 (2/4) ... ok
   - randomStatetest333 | Homestead (1/1) ... ok
   - call_outsize_then_create_successful_then_returndatasize | Byzantium (1/1) ... ok
   - modexp_49_2401_2401_25000 | EIP158 (3/4) ... ok
   - randomStatetest333 | Byzantium (1/1) ... ok
   - returndatasize_after_successful_callcode | EIP150 (1/1) ... ok
   - modexp_49_2401_2401_25000 | EIP158 (4/4) ... ok
   - returndatasize_after_successful_callcode | EIP158 (1/1) ... ok
   - modexp_49_2401_2401_25000 | Frontier (1/4) ... ok
   - randomStatetest268 | EIP150 (1/1) ... ok
   - returndatasize_after_successful_callcode | Frontier (1/1) ... ok
   - modexp_49_2401_2401_25000 | Frontier (2/4) ... ok
   - randomStatetest268 | EIP158 (1/1) ... ok
   - returndatasize_after_successful_callcode | Homestead (1/1) ... ok
   - modexp_49_2401_2401_25000 | Frontier (3/4) ... ok
   - randomStatetest268 | Frontier (1/1) ... ok
   - modexp_49_2401_2401_25000 | Frontier (4/4) ... ok
   - returndatasize_after_successful_callcode | Byzantium (1/1) ... ok
   - randomStatetest268 | Homestead (1/1) ... ok
   - returndatacopy_after_failing_delegatecall | EIP150 (1/1) ... ok
   - randomStatetest268 | Byzantium (1/1) ... ok
   - modexp_49_2401_2401_25000 | Homestead (1/4) ... ok
   - modexp_49_2401_2401_25000 | Homestead (2/4) ... ok
   - returndatacopy_after_failing_delegatecall | EIP158 (1/1) ... ok
   - randomStatetest117 | EIP150 (1/1) ... ok
   - modexp_49_2401_2401_25000 | Homestead (3/4) ... ok
   - returndatacopy_after_failing_delegatecall | Frontier (1/1) ... ok
   - modexp_49_2401_2401_25000 | Homestead (4/4) ... ok
   - randomStatetest117 | EIP158 (1/1) ... ok
   - returndatacopy_after_failing_delegatecall | Homestead (1/1) ... ok
   - returndatacopy_after_failing_delegatecall | Byzantium (1/1) ... ok
   - randomStatetest117 | Frontier (1/1) ... ok
   - modexp_49_2401_2401_25000 | Byzantium (1/4) ... ok
   - randomStatetest117 | Homestead (1/1) ... ok
   - returndatacopy_initial_big_sum | EIP150 (1/1) ... ok
   - modexp_49_2401_2401_25000 | Byzantium (2/4) ... ok
   - returndatacopy_initial_big_sum | EIP158 (1/1) ... ok
   - randomStatetest117 | Byzantium (1/1) ... ok
   - modexp_49_2401_2401_25000 | Byzantium (3/4) ... ok
   - returndatacopy_initial_big_sum | Frontier (1/1) ... ok
   - modexp_49_2401_2401_25000 | Byzantium (4/4) ... ok
   - randomStatetest574 | EIP150 (1/1) ... ok
   - returndatacopy_initial_big_sum | Homestead (1/1) ... ok
   - CALLCODEEcrecover0_0input | EIP150 (1/1) ... ok
   - randomStatetest574 | EIP158 (1/1) ... ok
   - returndatacopy_initial_big_sum | Byzantium (1/1) ... ok
   - randomStatetest574 | Frontier (1/1) ... ok
   - CALLCODEEcrecover0_0input | EIP158 (1/1) ... ok
   - returndatasize_after_failing_callcode | EIP150 (1/1) ... ok
   - CALLCODEEcrecover0_0input | Frontier (1/1) ... ok
   - returndatasize_after_failing_callcode | EIP158 (1/1) ... ok
   - randomStatetest574 | Homestead (1/1) ... ok
   - returndatasize_after_failing_callcode | Frontier (1/1) ... ok
   - CALLCODEEcrecover0_0input | Homestead (1/1) ... ok
   - randomStatetest574 | Byzantium (1/1) ... ok
   - returndatasize_after_failing_callcode | Homestead (1/1) ... ok
   - CALLCODEEcrecover0_0input | Byzantium (1/1) ... ok
   - randomStatetest603 | EIP150 (1/1) ... ok
   - returndatasize_after_failing_callcode | Byzantium (1/1) ... ok
   - randomStatetest603 | EIP158 (1/1) ... ok
   - CALLCODEIdentity_4_gas17 | EIP150 (1/1) ... ok
   - returndatacopy_overrun | EIP150 (1/1) ... ok
   - randomStatetest603 | Frontier (1/1) ... ok
   - CALLCODEIdentity_4_gas17 | EIP158 (1/1) ... ok
   - returndatacopy_overrun | EIP158 (1/1) ... ok
   - CALLCODEIdentity_4_gas17 | Frontier (1/1) ... ok
   - randomStatetest603 | Homestead (1/1) ... ok
   - returndatacopy_overrun | Frontier (1/1) ... ok
   - CALLCODEIdentity_4_gas17 | Homestead (1/1) ... ok
   - randomStatetest603 | Byzantium (1/1) ... ok
   - returndatacopy_overrun | Homestead (1/1) ... ok
   - CALLCODEIdentity_4_gas17 | Byzantium (1/1) ... ok
   - randomStatetest369 | EIP150 (1/1) ... ok
   - returndatacopy_overrun | Byzantium (1/1) ... ok
   - randomStatetest369 | EIP158 (1/1) ... ok
   - CALLCODEIdentity_1_nonzeroValue | EIP150 (1/1) ... ok
   - returndatasize_after_failing_delegatecall | EIP150 (1/1) ... ok
   - CALLCODEIdentity_1_nonzeroValue | EIP158 (1/1) ... ok
   - randomStatetest369 | Frontier (1/1) ... ok
   - returndatasize_after_failing_delegatecall | EIP158 (1/1) ... ok
   - CALLCODEIdentity_1_nonzeroValue | Frontier (1/1) ... ok
   - returndatasize_after_failing_delegatecall | Frontier (1/1) ... ok
   - randomStatetest369 | Homestead (1/1) ... ok
   - CALLCODEIdentity_1_nonzeroValue | Homestead (1/1) ... ok
   - returndatasize_after_failing_delegatecall | Homestead (1/1) ... ok
   - randomStatetest369 | Byzantium (1/1) ... ok
   - returndatasize_after_failing_delegatecall | Byzantium (1/1) ... ok
   - CALLCODEIdentity_1_nonzeroValue | Byzantium (1/1) ... ok
   - randomStatetest449 | EIP150 (1/1) ... ok
   - returndatacopy_following_successful_create | EIP150 (1/1) ... ok
   - CALLCODESha256_2 | EIP150 (1/1) ... ok
   - randomStatetest449 | EIP158 (1/1) ... ok
   - returndatacopy_following_successful_create | EIP158 (1/1) ... ok
   - CALLCODESha256_2 | EIP158 (1/1) ... ok
   - randomStatetest449 | Frontier (1/1) ... ok
   - returndatacopy_following_successful_create | Frontier (1/1) ... ok
   - CALLCODESha256_2 | Frontier (1/1) ... ok
   - randomStatetest449 | Homestead (1/1) ... ok
   - returndatacopy_following_successful_create | Homestead (1/1) ... ok
   - CALLCODESha256_2 | Homestead (1/1) ... ok
   - randomStatetest449 | Byzantium (1/1) ... ok
   - returndatacopy_following_successful_create | Byzantium (1/1) ... ok
   - CALLCODESha256_2 | Byzantium (1/1) ... ok
   - randomStatetest206 | EIP150 (1/1) ... ok
   - returndatacopy_after_successful_staticcall | EIP150 (1/1) ... ok
   - modexp_0_0_0_155000 | EIP150 (1/4) ... ok
   - returndatacopy_after_successful_staticcall | EIP158 (1/1) ... ok
   - randomStatetest206 | EIP158 (1/1) ... ok
   - modexp_0_0_0_155000 | EIP150 (2/4) ... ok
   - returndatacopy_after_successful_staticcall | Frontier (1/1) ... ok
   - returndatacopy_after_successful_staticcall | Homestead (1/1) ... ok
   - modexp_0_0_0_155000 | EIP150 (3/4) ... ok
ok
   - returndatacopy_after_successful_staticcall | Byzantium (1/1) ... ok
   - modexp_0_0_0_155000 | EIP150 (4/4) ... ok
   - randomStatetest206 | Frontier (1/1) ... ok
   - returndatacopy_initial_256 | EIP150 (1/3) ... ok
   - modexp_0_0_0_155000 | EIP158 (1/4) ... ok
   - pointAddTrunc_d8g2v0_Byzantium...   - randomStatetest206 | Homestead (1/1) ... ok
   - returndatacopy_initial_256 | EIP150 (2/3) ... ok
   - modexp_0_0_0_155000 | EIP158 (2/4) ... ok
   - returndatacopy_initial_256 | EIP150 (3/3) ... ok
   - modexp_0_0_0_155000 | EIP158 (3/4) ... ok
   - returndatacopy_initial_256 | EIP158 (1/3) ... ok
   - modexp_0_0_0_155000 | EIP158 (4/4) ... ok
   - returndatacopy_initial_256 | EIP158 (2/3) ... ok
   - returndatacopy_initial_256 | EIP158 (3/3) ... ok
   - modexp_0_0_0_155000 | Frontier (1/4) ... ok
   - returndatacopy_initial_256 | Frontier (1/3) ... ok
   - randomStatetest206 | Byzantium (1/1) ... ok
   - modexp_0_0_0_155000 | Frontier (2/4) ... ok
   - returndatacopy_initial_256 | Frontier (2/3) ... ok
   - modexp_0_0_0_155000 | Frontier (3/4) ... ok
   - returndatacopy_initial_256 | Frontier (3/3) ... ok
   - randomStatetest105 | EIP150 (1/1) ... ok
   - modexp_0_0_0_155000 | Frontier (4/4) ... ok
   - returndatacopy_initial_256 | Homestead (1/3) ... ok
   - randomStatetest105 | EIP158 (1/1) ... ok
   - returndatacopy_initial_256 | Homestead (2/3) ... ok
   - modexp_0_0_0_155000 | Homestead (1/4) ... ok
   - returndatacopy_initial_256 | Homestead (3/3) ... ok
   - randomStatetest105 | Frontier (1/1) ... ok
   - modexp_0_0_0_155000 | Homestead (2/4) ... ok
   - modexp_0_0_0_155000 | Homestead (3/4) ... ok
   - randomStatetest105 | Homestead (1/1) ... ok
   - returndatacopy_initial_256 | Byzantium (1/3) ... ok
   - modexp_0_0_0_155000 | Homestead (4/4) ... ok
   - randomStatetest105 | Byzantium (1/1) ... ok
   - returndatacopy_initial_256 | Byzantium (2/3) ... ok
   - returndatacopy_initial_256 | Byzantium (3/3) ... ok
   - modexp_0_0_0_155000 | Byzantium (1/4) ... ok
   - randomStatetest278 | EIP150 (1/1) ... ok
   - modexp_0_0_0_155000 | Byzantium (2/4) ... ok
   - call_then_call_value_fail_then_returndatasize | EIP150 (1/1) ... ok
   - randomStatetest278 | EIP158 (1/1) ... ok
   - modexp_0_0_0_155000 | Byzantium (3/4) ... ok
   - randomStatetest278 | Frontier (1/1) ... ok
   - modexp_0_0_0_155000 | Byzantium (4/4) ... ok
   - randomStatetest278 | Homestead (1/1) ... ok
   - CALLCODERipemd160_0 | EIP150 (1/1) ... ok
   - randomStatetest278 | Byzantium (1/1) ... ok
   - CALLCODERipemd160_0 | EIP158 (1/1) ... ok
   - CALLCODERipemd160_0 | Frontier (1/1) ... ok
   - call_then_call_value_fail_then_returndatasize | EIP158 (1/1) ... ok
   - randomStatetest363 | EIP150 (1/1) ... ok
   - CALLCODERipemd160_0 | Homestead (1/1) ... ok
   - call_then_call_value_fail_then_returndatasize | Frontier (1/1) ... ok
   - randomStatetest363 | EIP158 (1/1) ... ok
   - CALLCODERipemd160_0 | Byzantium (1/1) ... ok
   - call_then_call_value_fail_then_returndatasize | Homestead (1/1) ... ok
   - randomStatetest363 | Frontier (1/1) ... ok
   - call_then_call_value_fail_then_returndatasize | Byzantium (1/1) ... ok
   - modexp_3_09984_39936_35000 | EIP150 (1/4) ... ok
   - randomStatetest363 | Homestead (1/1) ... ok
   - modexp_3_09984_39936_35000 | EIP150 (2/4) ... ok
   - returndatasize_initial | EIP150 (1/1) ... ok
   - randomStatetest363 | Byzantium (1/1) ... ok
   - modexp_3_09984_39936_35000 | EIP150 (3/4) ... ok
   - returndatasize_initial | EIP158 (1/1) ... ok
   - modexp_3_09984_39936_35000 | EIP150 (4/4) ... ok
   - randomStatetest437 | EIP150 (1/1) ... ok
   - returndatasize_initial | Frontier (1/1) ... ok
   - modexp_3_09984_39936_35000 | EIP158 (1/4) ... ok
   - returndatasize_initial | Homestead (1/1) ... ok
   - modexp_3_09984_39936_35000 | EIP158 (2/4) ... ok
   - returndatasize_initial | Byzantium (1/1) ... ok
   - modexp_3_09984_39936_35000 | EIP158 (3/4) ... ok
   - modexp_3_09984_39936_35000 | EIP158 (4/4) ... ok
   - returndatasize_initial_zero_read | EIP150 (1/2) ... ok
ok
   - pointAddTrunc_d8g2v0_EIP150...   - returndatasize_initial_zero_read | EIP150 (2/2) ... ok
   - randomStatetest437 | EIP158 (1/1) ... ok
   - modexp_3_09984_39936_35000 | Frontier (1/4) ... ok
   - modexp_3_09984_39936_35000 | Frontier (2/4) ... ok
   - returndatasize_initial_zero_read | EIP158 (1/2) ... ok
   - randomStatetest437 | Frontier (1/1) ... ok
   - returndatasize_initial_zero_read | EIP158 (2/2) ... ok
   - modexp_3_09984_39936_35000 | Frontier (3/4) ... ok
   - randomStatetest437 | Homestead (1/1) ... ok
   - modexp_3_09984_39936_35000 | Frontier (4/4) ... ok
   - returndatasize_initial_zero_read | Frontier (1/2) ... ok
   - randomStatetest437 | Byzantium (1/1) ... ok
   - returndatasize_initial_zero_read | Frontier (2/2) ... ok
   - modexp_3_09984_39936_35000 | Homestead (1/4) ... ok
   - randomStatetest407 | EIP150 (1/1) ... ok
   - returndatasize_initial_zero_read | Homestead (1/2) ... ok
   - modexp_3_09984_39936_35000 | Homestead (2/4) ... ok
   - returndatasize_initial_zero_read | Homestead (2/2) ... ok
   - randomStatetest407 | EIP158 (1/1) ... ok
   - modexp_3_09984_39936_35000 | Homestead (3/4) ... ok
   - returndatasize_initial_zero_read | Byzantium (1/2) ... ok
   - modexp_3_09984_39936_35000 | Homestead (4/4) ... ok
   - returndatasize_initial_zero_read | Byzantium (2/2) ... ok
   - randomStatetest407 | Frontier (1/1) ... ok
   - modexp_3_09984_39936_35000 | Byzantium (1/4) ... ok
   - create_callprecompile_returndatasize | EIP150 (1/1) ... ok
   - modexp_3_09984_39936_35000 | Byzantium (2/4) ... ok
   - create_callprecompile_returndatasize | EIP158 (1/1) ... ok
   - modexp_3_09984_39936_35000 | Byzantium (3/4) ... ok
   - create_callprecompile_returndatasize | Frontier (1/1) ... ok
   - modexp_3_09984_39936_35000 | Byzantium (4/4) ... ok
   - create_callprecompile_returndatasize | Homestead (1/1) ... ok
   - create_callprecompile_returndatasize | Byzantium (1/1) ... ok
   - sec80 | EIP150 (1/1) ... ok
   - returndatacopy_following_create | EIP150 (1/1) ... ok
   - randomStatetest407 | Homestead (1/1) ... ok
   - sec80 | EIP158 (1/1) ... ok
   - randomStatetest407 | Byzantium (1/1) ... ok
   - returndatacopy_following_create | EIP158 (1/1) ... ok
   - sec80 | Frontier (1/1) ... ok
   - returndatacopy_following_create | Frontier (1/1) ... ok
   - sec80 | Homestead (1/1) ... ok
   - randomStatetest307 | EIP150 (1/1) ... ok
   - returndatacopy_following_create | Homestead (1/1) ... ok
   - sec80 | Byzantium (1/1) ... ok
   - returndatacopy_following_create | Byzantium (1/1) ... ok
   - modexp_0_1_0_25000 | EIP150 (1/4) ... ok
   - modexp_0_1_0_25000 | EIP150 (2/4) ... ok
   - returndatacopy_after_failing_staticcall | EIP150 (1/1) ... ok
   - returndatacopy_after_failing_staticcall | EIP158 (1/1) ... ok
   - randomStatetest307 | EIP158 (1/1) ... ok
   - modexp_0_1_0_25000 | EIP150 (3/4) ... ok
   - randomStatetest307 | Frontier (1/1) ... ok
   - returndatacopy_after_failing_staticcall | Frontier (1/1) ... ok
   - modexp_0_1_0_25000 | EIP150 (4/4) ... ok
   - returndatacopy_after_failing_staticcall | Homestead (1/1) ... ok
   - modexp_0_1_0_25000 | EIP158 (1/4) ... ok
   - randomStatetest307 | Homestead (1/1) ... ok
   - modexp_0_1_0_25000 | EIP158 (2/4) ... ok
   - returndatacopy_after_failing_staticcall | Byzantium (1/1) ... ok
   - randomStatetest307 | Byzantium (1/1) ... ok
ok
   - pointAddTrunc_d8g2v0_EIP158...   - modexp_0_1_0_25000 | EIP158 (3/4) ... ok
   - randomStatetest386 | EIP150 (1/1) ... ok
   - returndatacopy_after_failing_callcode | EIP150 (1/1) ... ok
   - randomStatetest386 | EIP158 (1/1) ... ok
   - returndatacopy_after_failing_callcode | EIP158 (1/1) ... ok
   - randomStatetest386 | Frontier (1/1) ... ok
   - returndatacopy_after_failing_callcode | Frontier (1/1) ... ok
   - randomStatetest386 | Homestead (1/1) ... ok
   - returndatacopy_after_failing_callcode | Homestead (1/1) ... ok
   - modexp_0_1_0_25000 | EIP158 (4/4) ... ok
   - randomStatetest386 | Byzantium (1/1) ... ok
   - modexp_0_1_0_25000 | Frontier (1/4) ... ok
   - randomStatetest440 | EIP150 (1/1) ... ok
   - modexp_0_1_0_25000 | Frontier (2/4) ... ok
   - modexp_0_1_0_25000 | Frontier (3/4) ... ok
   - randomStatetest440 | EIP158 (1/1) ... ok
   - returndatacopy_after_failing_callcode | Byzantium (1/1) ... ok
   - modexp_0_1_0_25000 | Frontier (4/4) ... ok
   - returndatacopy_following_failing_call | EIP150 (1/1) ... ok
   - randomStatetest440 | Frontier (1/1) ... ok
   - returndatacopy_following_failing_call | EIP158 (1/1) ... ok
   - randomStatetest440 | Homestead (1/1) ... ok
   - returndatacopy_following_failing_call | Frontier (1/1) ... ok
   - returndatacopy_following_failing_call | Homestead (1/1) ... ok
   - modexp_0_1_0_25000 | Homestead (1/4) ... ok
   - returndatacopy_following_failing_call | Byzantium (1/1) ... ok
   - modexp_0_1_0_25000 | Homestead (2/4) ... ok
   - modexp_0_1_0_25000 | Homestead (3/4) ... ok
   - call_then_create_successful_then_returndatasize | EIP150 (1/1) ... ok
   - modexp_0_1_0_25000 | Homestead (4/4) ... ok
   - randomStatetest440 | Byzantium (1/1) ... ok
   - call_then_create_successful_then_returndatasize | EIP158 (1/1) ... ok
   - call_then_create_successful_then_returndatasize | Frontier (1/1) ... ok
   - call_then_create_successful_then_returndatasize | Homestead (1/1) ... ok
   - modexp_0_1_0_25000 | Byzantium (1/4) ... ok
   - randomStatetest52 | EIP150 (1/1) ... ok
   - call_then_create_successful_then_returndatasize | Byzantium (1/1) ... ok
   - randomStatetest52 | EIP158 (1/1) ... ok
   - returndatacopy_following_too_big_transfer | EIP150 (1/1) ... ok
   - randomStatetest52 | Frontier (1/1) ... ok
   - returndatacopy_following_too_big_transfer | EIP158 (1/1) ... ok
   - modexp_0_1_0_25000 | Byzantium (2/4) ... ok
   - returndatacopy_following_too_big_transfer | Frontier (1/1) ... ok
   - modexp_0_1_0_25000 | Byzantium (3/4) ... ok
   - returndatacopy_following_too_big_transfer | Homestead (1/1) ... ok
   - modexp_0_1_0_25000 | Byzantium (4/4) ... ok
   - returndatacopy_following_too_big_transfer | Byzantium (1/1) ... ok
   - modexp_1_0_1_20500 | EIP150 (1/4) ... ok
   - returndatasize_after_failing_staticcall | EIP150 (1/1) ... ok
   - modexp_1_0_1_20500 | EIP150 (2/4) ... ok
   - returndatasize_after_failing_staticcall | EIP158 (1/1) ... ok
   - modexp_1_0_1_20500 | EIP150 (3/4) ... ok
   - returndatasize_after_failing_staticcall | Frontier (1/1) ... ok
   - modexp_1_0_1_20500 | EIP150 (4/4) ... ok
   - modexp_1_0_1_20500 | EIP158 (1/4) ... ok
   - randomStatetest52 | Homestead (1/1) ... ok
   - randomStatetest52 | Byzantium (1/1) ... ok
   - returndatasize_after_failing_staticcall | Homestead (1/1) ... ok
   - randomStatetest566 | EIP150 (1/1) ... ok
   - returndatasize_after_failing_staticcall | Byzantium (1/1) ... ok
   - randomStatetest566 | EIP158 (1/1) ... ok
   - returndatasize_after_successful_staticcall | EIP150 (1/1) ... ok
ok
   - pointAddTrunc_d8g2v0_Frontier...   - randomStatetest566 | Frontier (1/1) ... ok
   - returndatasize_after_successful_staticcall | EIP158 (1/1) ... ok
   - randomStatetest566 | Homestead (1/1) ... ok
   - modexp_1_0_1_20500 | EIP158 (2/4) ... ok
   - randomStatetest566 | Byzantium (1/1) ... ok
   - modexp_1_0_1_20500 | EIP158 (3/4) ... ok
   - returndatasize_after_successful_staticcall | Frontier (1/1) ... ok
   - returndatasize_after_successful_staticcall | Homestead (1/1) ... ok
   - randomStatetest257 | EIP150 (1/1) ... ok
   - randomStatetest257 | EIP158 (1/1) ... ok
   - modexp_1_0_1_20500 | EIP158 (4/4) ... ok
   - randomStatetest257 | Frontier (1/1) ... ok
   - modexp_1_0_1_20500 | Frontier (1/4) ... ok
   - randomStatetest257 | Homestead (1/1) ... ok
   - modexp_1_0_1_20500 | Frontier (2/4) ... ok
   - returndatasize_after_successful_staticcall | Byzantium (1/1) ... ok
   - randomStatetest257 | Byzantium (1/1) ... ok
   - randomStatetest106 | EIP150 (1/1) ... ok
   - returndatacopy_after_successful_delegatecall | EIP150 (1/1) ... ok
   - returndatacopy_after_successful_delegatecall | EIP158 (1/1) ... ok
   - randomStatetest106 | EIP158 (1/1) ... ok
   - returndatacopy_after_successful_delegatecall | Frontier (1/1) ... ok
   - randomStatetest106 | Frontier (1/1) ... ok
   - returndatacopy_after_successful_delegatecall | Homestead (1/1) ... ok
   - randomStatetest106 | Homestead (1/1) ... ok
   - returndatacopy_after_successful_delegatecall | Byzantium (1/1) ... ok
   - randomStatetest106 | Byzantium (1/1) ... ok
test json_tests::state::state_tests::GeneralStateTest_stReturnDataTest ... ok
   - modexp_1_0_1_20500 | Frontier (3/4) ... ok
   - randomStatetest584 | EIP150 (1/1) ... ok
   - modexp_1_0_1_20500 | Frontier (4/4) ... ok
   - modexp_1_0_1_20500 | Homestead (1/4) ... ok
   - randomStatetest584 | EIP158 (1/1) ... ok
   - modexp_1_0_1_20500 | Homestead (2/4) ... ok
   - randomStatetest584 | Frontier (1/1) ... ok
   - modexp_1_0_1_20500 | Homestead (3/4) ... ok
   - randomStatetest584 | Homestead (1/1) ... ok
   - modexp_1_0_1_20500 | Homestead (4/4) ... ok
   - randomStatetest584 | Byzantium (1/1) ... ok
   - modexp_1_0_1_20500 | Byzantium (1/4) ... ok
   - randomStatetest556 | EIP150 (1/1) ... ok
   - modexp_1_0_1_20500 | Byzantium (2/4) ... ok
   - randomStatetest556 | EIP158 (1/1) ... ok
   - randomStatetest556 | Frontier (1/1) ... ok
   - modexp_1_0_1_20500 | Byzantium (3/4) ... ok
   - randomStatetest556 | Homestead (1/1) ... ok
   - RevertPrecompiledTouch | EIP150 (1/1) ... ok
   - modexp_1_0_1_20500 | Byzantium (4/4) ... ok
   - randomStatetest556 | Byzantium (1/1) ... ok
   - CallRipemd160_0 | EIP150 (1/1) ... ok
   - randomStatetest222 | EIP150 (1/1) ... ok
   - RevertPrecompiledTouch | EIP158 (1/1) ... ok
   - randomStatetest222 | EIP158 (1/1) ... ok
   - RevertPrecompiledTouch | Frontier (1/1) ... ok
   - randomStatetest222 | Frontier (1/1) ... ok
   - RevertPrecompiledTouch | Homestead (1/1) ... ok
   - CallRipemd160_0 | EIP158 (1/1) ... ok
   - randomStatetest222 | Homestead (1/1) ... ok
   - RevertPrecompiledTouch | Byzantium (1/1) ... ok
   - CallRipemd160_0 | Frontier (1/1) ... ok
   - CallRipemd160_0 | Homestead (1/1) ... ok
   - randomStatetest222 | Byzantium (1/1) ... ok
   - CallRipemd160_0 | Byzantium (1/1) ... ok
   - randomStatetest360 | EIP150 (1/1) ... ok
   - CALLCODEEcrecover0_completeReturnValue | EIP150 (1/1) ... ok
   - randomStatetest360 | EIP158 (1/1) ... ok
   - CALLCODEEcrecover0_completeReturnValue | EIP158 (1/1) ... ok
   - randomStatetest360 | Frontier (1/1) ... ok
ok
   - pointAddTrunc_d8g2v0_Homestead...   - CALLCODEEcrecover0_completeReturnValue | Frontier (1/1) ... ok
   - randomStatetest360 | Homestead (1/1) ... ok
   - RevertOpcodeCalls | EIP150 (1/8) ... ok
   - CALLCODEEcrecover0_completeReturnValue | Homestead (1/1) ... ok
   - RevertOpcodeCalls | EIP150 (2/8) ... ok
   - CALLCODEEcrecover0_completeReturnValue | Byzantium (1/1) ... ok
   - RevertOpcodeCalls | EIP150 (3/8) ... ok
   - RevertOpcodeCalls | EIP150 (4/8) ... ok
   - modexp_3_5_100_20500 | EIP150 (1/4) ... ok
   - RevertOpcodeCalls | EIP150 (5/8) ... ok
   - modexp_3_5_100_20500 | EIP150 (2/4) ... ok
   - RevertOpcodeCalls | EIP150 (6/8) ... ok
   - modexp_3_5_100_20500 | EIP150 (3/4) ... ok
   - randomStatetest360 | Byzantium (1/1) ... ok
   - modexp_3_5_100_20500 | EIP150 (4/4) ... ok
   - RevertOpcodeCalls | EIP150 (7/8) ... ok
   - randomStatetest199 | EIP150 (1/1) ... ok
   - RevertOpcodeCalls | EIP150 (8/8) ... ok
   - modexp_3_5_100_20500 | EIP158 (1/4) ... ok
   - randomStatetest199 | EIP158 (1/1) ... ok
   - modexp_3_5_100_20500 | EIP158 (2/4) ... ok
   - randomStatetest199 | Frontier (1/1) ... ok
   - modexp_3_5_100_20500 | EIP158 (3/4) ... ok
   - modexp_3_5_100_20500 | EIP158 (4/4) ... ok
   - randomStatetest199 | Homestead (1/1) ... ok
   - RevertOpcodeCalls | EIP158 (1/8) ... ok
   - randomStatetest199 | Byzantium (1/1) ... ok
   - modexp_3_5_100_20500 | Frontier (1/4) ... ok
   - RevertOpcodeCalls | EIP158 (2/8) ... ok
   - modexp_3_5_100_20500 | Frontier (2/4) ... ok
   - randomStatetest629 | EIP150 (1/1) ... ok
   - modexp_3_5_100_20500 | Frontier (3/4) ... ok
   - RevertOpcodeCalls | EIP158 (3/8) ... ok
   - randomStatetest629 | EIP158 (1/1) ... ok
   - modexp_3_5_100_20500 | Frontier (4/4) ... ok
   - randomStatetest629 | Frontier (1/1) ... ok
   - RevertOpcodeCalls | EIP158 (4/8) ... ok
   - randomStatetest629 | Homestead (1/1) ... ok
   - modexp_3_5_100_20500 | Homestead (1/4) ... ok
   - RevertOpcodeCalls | EIP158 (5/8) ... ok
   - randomStatetest629 | Byzantium (1/1) ... ok
   - modexp_3_5_100_20500 | Homestead (2/4) ... ok
   - randomStatetest146 | EIP150 (1/1) ... ok
   - modexp_3_5_100_20500 | Homestead (3/4) ... ok
   - modexp_3_5_100_20500 | Homestead (4/4) ... ok
   - randomStatetest146 | EIP158 (1/1) ... ok
   - RevertOpcodeCalls | EIP158 (6/8) ... ok
   - randomStatetest146 | Frontier (1/1) ... ok
   - modexp_3_5_100_20500 | Byzantium (1/4) ... ok
   - RevertOpcodeCalls | EIP158 (7/8) ... ok
   - randomStatetest146 | Homestead (1/1) ... ok
   - modexp_3_5_100_20500 | Byzantium (2/4) ... ok
   - RevertOpcodeCalls | EIP158 (8/8) ... ok
   - randomStatetest146 | Byzantium (1/1) ... ok
   - modexp_3_5_100_20500 | Byzantium (3/4) ... ok
   - RevertOpcodeCalls | Frontier (1/8) ... ok
   - RevertOpcodeCalls | Frontier (2/8) ... ok
   - modexp_3_5_100_20500 | Byzantium (4/4) ... ok
   - RevertOpcodeCalls | Frontier (3/8) ... ok
   - RevertOpcodeCalls | Frontier (4/8) ... ok
   - modexp_1_0_1_155000 | EIP150 (1/4) ... ok
   - RevertOpcodeCalls | Frontier (5/8) ... ok
   - modexp_1_0_1_155000 | EIP150 (2/4) ... ok
   - RevertOpcodeCalls | Frontier (6/8) ... ok
ok
   - modexp_1_0_1_155000 | EIP150 (3/4) ... ok
   - RevertOpcodeCalls | Frontier (7/8) ... ok
   - RevertOpcodeCalls | Frontier (8/8) ... ok
   - modexp_1_0_1_155000 | EIP150 (4/4) ... ok
   - modexp_1_0_1_155000 | EIP158 (1/4) ... ok
   - modexp_1_0_1_155000 | EIP158 (2/4) ... ok
   - modexp_1_0_1_155000 | EIP158 (3/4) ... ok
   - ecpairing_bad_length_191_d0g0v0_Byzantium...   - modexp_1_0_1_155000 | EIP158 (4/4) ... ok
   - modexp_1_0_1_155000 | Frontier (1/4) ... ok
   - RevertOpcodeCalls | Homestead (1/8) ... ok
   - modexp_1_0_1_155000 | Frontier (2/4) ... ok
   - RevertOpcodeCalls | Homestead (2/8) ... ok
   - modexp_1_0_1_155000 | Frontier (3/4) ... ok
   - RevertOpcodeCalls | Homestead (3/8) ... ok
   - modexp_1_0_1_155000 | Frontier (4/4) ... ok
   - RevertOpcodeCalls | Homestead (4/8) ... ok
   - modexp_1_0_1_155000 | Homestead (1/4) ... ok
   - RevertOpcodeCalls | Homestead (5/8) ... ok
   - modexp_1_0_1_155000 | Homestead (2/4) ... ok
   - RevertOpcodeCalls | Homestead (6/8) ... ok
   - modexp_1_0_1_155000 | Homestead (3/4) ... ok
   - RevertOpcodeCalls | Homestead (7/8) ... ok
   - modexp_1_0_1_155000 | Homestead (4/4) ... ok
   - RevertOpcodeCalls | Homestead (8/8) ... ok
   - modexp_1_0_1_155000 | Byzantium (1/4) ... ok
   - RevertOpcodeCalls | Byzantium (1/8) ... ok
   - RevertOpcodeCalls | Byzantium (2/8) ... ok
   - modexp_1_0_1_155000 | Byzantium (2/4) ... ok
   - modexp_1_0_1_155000 | Byzantium (3/4) ... ok
   - RevertOpcodeCalls | Byzantium (3/8) ... ok
   - modexp_1_0_1_155000 | Byzantium (4/4) ... ok
   - RevertOpcodeCalls | Byzantium (4/8) ... ok
   - RevertOpcodeCalls | Byzantium (5/8) ... ok
   - modexp_0_1_0_155000 | EIP150 (1/4) ... ok
   - RevertOpcodeCalls | Byzantium (6/8) ... ok
   - modexp_0_1_0_155000 | EIP150 (2/4) ... ok
   - modexp_0_1_0_155000 | EIP150 (3/4) ... ok
   - RevertOpcodeCalls | Byzantium (7/8) ... ok
   - randomStatetest159 | EIP150 (1/1) ... ok
   - modexp_0_1_0_155000 | EIP150 (4/4) ... ok
   - RevertOpcodeCalls | Byzantium (8/8) ... ok
   - modexp_0_1_0_155000 | EIP158 (1/4) ... ok
   - RevertOpcodeWithBigOutputInInit | EIP150 (1/4) ... ok
   - modexp_0_1_0_155000 | EIP158 (2/4) ... ok
   - RevertOpcodeWithBigOutputInInit | EIP150 (2/4) ... ok
   - modexp_0_1_0_155000 | EIP158 (3/4) ... ok
   - RevertOpcodeWithBigOutputInInit | EIP150 (3/4) ... ok (Error(Execution(NotEnoughBaseGas { required: 0xd284, got: 0x9c40 }), State { next_error: None, backtrace: InternalBacktrace { backtrace: None } }))
   - modexp_0_1_0_155000 | EIP158 (4/4) ... ok
   - RevertOpcodeWithBigOutputInInit | EIP150 (4/4) ... ok (Error(Execution(NotEnoughBaseGas { required: 0xd284, got: 0x9c40 }), State { next_error: None, backtrace: InternalBacktrace { backtrace: None } }))
   - modexp_0_1_0_155000 | Frontier (1/4) ... ok
   - RevertOpcodeWithBigOutputInInit | EIP158 (1/4) ... ok
   - RevertOpcodeWithBigOutputInInit | EIP158 (2/4) ... ok
   - modexp_0_1_0_155000 | Frontier (2/4) ... ok
   - RevertOpcodeWithBigOutputInInit | EIP158 (3/4) ... ok (Error(Execution(NotEnoughBaseGas { required: 0xd284, got: 0x9c40 }), State { next_error: None, backtrace: InternalBacktrace { backtrace: None } }))
   - modexp_0_1_0_155000 | Frontier (3/4) ... ok
   - RevertOpcodeWithBigOutputInInit | EIP158 (4/4) ... ok (Error(Execution(NotEnoughBaseGas { required: 0xd284, got: 0x9c40 }), State { next_error: None, backtrace: InternalBacktrace { backtrace: None } }))
   - RevertOpcodeWithBigOutputInInit | Frontier (1/4) ... ok
   - modexp_0_1_0_155000 | Frontier (4/4) ... ok
   - RevertOpcodeWithBigOutputInInit | Frontier (2/4) ... ok
   - RevertOpcodeWithBigOutputInInit | Frontier (3/4) ... ok
   - modexp_0_1_0_155000 | Homestead (1/4) ... ok
   - RevertOpcodeWithBigOutputInInit | Frontier (4/4) ... ok
   - modexp_0_1_0_155000 | Homestead (2/4) ... ok
   - RevertOpcodeWithBigOutputInInit | Homestead (1/4) ... ok
   - modexp_0_1_0_155000 | Homestead (3/4) ... ok
   - RevertOpcodeWithBigOutputInInit | Homestead (2/4) ... ok
   - modexp_0_1_0_155000 | Homestead (4/4) ... ok
   - RevertOpcodeWithBigOutputInInit | Homestead (3/4) ... ok (Error(Execution(NotEnoughBaseGas { required: 0xd284, got: 0x9c40 }), State { next_error: None, backtrace: InternalBacktrace { backtrace: None } }))
   - RevertOpcodeWithBigOutputInInit | Homestead (4/4) ... ok (Error(Execution(NotEnoughBaseGas { required: 0xd284, got: 0x9c40 }), State { next_error: None, backtrace: InternalBacktrace { backtrace: None } }))
   - modexp_0_1_0_155000 | Byzantium (1/4) ... ok
   - RevertOpcodeWithBigOutputInInit | Byzantium (1/4) ... ok
   - modexp_0_1_0_155000 | Byzantium (2/4) ... ok
   - RevertOpcodeWithBigOutputInInit | Byzantium (2/4) ... ok
   - modexp_0_1_0_155000 | Byzantium (3/4) ... ok
   - RevertOpcodeWithBigOutputInInit | Byzantium (3/4) ... ok (Error(Execution(NotEnoughBaseGas { required: 0xd284, got: 0x9c40 }), State { next_error: None, backtrace: InternalBacktrace { backtrace: None } }))
   - modexp_0_1_0_155000 | Byzantium (4/4) ... ok
   - modexp_39936_1_55201_22000 | EIP150 (1/4) ... ok
   - modexp_39936_1_55201_22000 | EIP150 (2/4) ... ok
ok
   - ecpairing_bad_length_191_d0g0v0_EIP150...   - modexp_39936_1_55201_22000 | EIP150 (3/4) ... ok
   - modexp_39936_1_55201_22000 | EIP150 (4/4) ... ok
   - modexp_39936_1_55201_22000 | EIP158 (1/4) ... ok
   - modexp_39936_1_55201_22000 | EIP158 (2/4) ... ok
   - modexp_39936_1_55201_22000 | EIP158 (3/4) ... ok
   - modexp_39936_1_55201_22000 | EIP158 (4/4) ... ok
   - modexp_39936_1_55201_22000 | Frontier (1/4) ... ok
   - RevertOpcodeWithBigOutputInInit | Byzantium (4/4) ... ok (Error(Execution(NotEnoughBaseGas { required: 0xd284, got: 0x9c40 }), State { next_error: None, backtrace: InternalBacktrace { backtrace: None } }))
   - modexp_39936_1_55201_22000 | Frontier (2/4) ... ok
   - modexp_39936_1_55201_22000 | Frontier (3/4) ... ok
   - RevertPrefoundCallOOG | EIP150 (1/1) ... ok
   - modexp_39936_1_55201_22000 | Frontier (4/4) ... ok
   - RevertPrefoundCallOOG | EIP158 (1/1) ... ok
   - modexp_39936_1_55201_22000 | Homestead (1/4) ... ok
   - RevertPrefoundCallOOG | Frontier (1/1) ... ok
   - modexp_39936_1_55201_22000 | Homestead (2/4) ... ok
   - RevertPrefoundCallOOG | Homestead (1/1) ... ok
   - RevertPrefoundCallOOG | Byzantium (1/1) ... ok
   - randomStatetest159 | EIP158 (1/1) ... ok
   - RevertPrefound | EIP150 (1/1) ... ok
   - RevertPrefound | EIP158 (1/1) ... ok
   - RevertPrefound | Frontier (1/1) ... ok
   - randomStatetest159 | Frontier (1/1) ... ok
   - RevertPrefound | Homestead (1/1) ... ok
   - randomStatetest159 | Homestead (1/1) ... ok
   - RevertPrefound | Byzantium (1/1) ... ok
   - modexp_39936_1_55201_22000 | Homestead (3/4) ... ok
   - modexp_39936_1_55201_22000 | Homestead (4/4) ... ok
   - modexp_39936_1_55201_22000 | Byzantium (1/4) ... ok
   - modexp_39936_1_55201_22000 | Byzantium (2/4) ... ok
   - modexp_39936_1_55201_22000 | Byzantium (3/4) ... ok
   - modexp_39936_1_55201_22000 | Byzantium (4/4) ... ok
   - CALLCODEEcrecover0_Gas2999 | EIP150 (1/1) ... ok
   - CALLCODEEcrecover0_Gas2999 | EIP158 (1/1) ... ok
   - CALLCODEEcrecover0_Gas2999 | Frontier (1/1) ... ok
   - CALLCODEEcrecover0_Gas2999 | Homestead (1/1) ... ok
   - CALLCODEEcrecover0_Gas2999 | Byzantium (1/1) ... ok
   - modexp_37120_37111_1_35000 | EIP150 (1/4) ... ok
   - modexp_37120_37111_1_35000 | EIP150 (2/4) ... ok
   - modexp_37120_37111_1_35000 | EIP150 (3/4) ... ok
   - modexp_37120_37111_1_35000 | EIP150 (4/4) ... ok
   - randomStatetest159 | Byzantium (1/1) ... ok
   - modexp_37120_37111_1_35000 | EIP158 (1/4) ... ok
   - modexp_37120_37111_1_35000 | EIP158 (2/4) ... ok
   - randomStatetest512 | EIP150 (1/1) ... ok
   - modexp_37120_37111_1_35000 | EIP158 (3/4) ... ok
   - randomStatetest512 | EIP158 (1/1) ... ok
   - modexp_37120_37111_1_35000 | EIP158 (4/4) ... ok
   - randomStatetest512 | Frontier (1/1) ... ok
   - modexp_37120_37111_1_35000 | Frontier (1/4) ... ok
   - randomStatetest512 | Homestead (1/1) ... ok
   - modexp_37120_37111_1_35000 | Frontier (2/4) ... ok
   - randomStatetest512 | Byzantium (1/1) ... ok
   - modexp_37120_37111_1_35000 | Frontier (3/4) ... ok
   - modexp_37120_37111_1_35000 | Frontier (4/4) ... ok
   - randomStatetest247 | EIP150 (1/1) ... ok
   - modexp_37120_37111_1_35000 | Homestead (1/4) ... ok
   - randomStatetest247 | EIP158 (1/1) ... ok
   - modexp_37120_37111_1_35000 | Homestead (2/4) ... ok
   - randomStatetest247 | Frontier (1/1) ... ok
   - modexp_37120_37111_1_35000 | Homestead (3/4) ... ok
   - randomStatetest247 | Homestead (1/1) ... ok
   - modexp_37120_37111_1_35000 | Homestead (4/4) ... ok
   - randomStatetest247 | Byzantium (1/1) ... ok
   - modexp_37120_37111_1_35000 | Byzantium (1/4) ... ok
   - randomStatetest421 | EIP150 (1/1) ... ok
   - modexp_37120_37111_1_35000 | Byzantium (2/4) ... ok
   - randomStatetest421 | EIP158 (1/1) ... ok
   - modexp_37120_37111_1_35000 | Byzantium (3/4) ... ok
   - modexp_37120_37111_1_35000 | Byzantium (4/4) ... ok
   - randomStatetest421 | Frontier (1/1) ... ok
ok
   - ecpairing_bad_length_191_d0g0v0_EIP158...   - randomStatetest421 | Homestead (1/1) ... ok
   - modexp_0_0_0_35000 | EIP150 (1/4) ... ok
   - randomStatetest421 | Byzantium (1/1) ... ok
   - modexp_0_0_0_35000 | EIP150 (2/4) ... ok
   - modexp_0_0_0_35000 | EIP150 (3/4) ... ok
   - modexp_0_0_0_35000 | EIP150 (4/4) ... ok
   - modexp_0_0_0_35000 | EIP158 (1/4) ... ok
   - modexp_0_0_0_35000 | EIP158 (2/4) ... ok
   - randomStatetest263 | EIP150 (1/1) ... ok
   - modexp_0_0_0_35000 | EIP158 (3/4) ... ok
   - modexp_0_0_0_35000 | EIP158 (4/4) ... ok
   - modexp_0_0_0_35000 | Frontier (1/4) ... ok
   - modexp_0_0_0_35000 | Frontier (2/4) ... ok
   - modexp_0_0_0_35000 | Frontier (3/4) ... ok
   - randomStatetest263 | EIP158 (1/1) ... ok
   - modexp_0_0_0_35000 | Frontier (4/4) ... ok
   - modexp_0_0_0_35000 | Homestead (1/4) ... ok
   - modexp_0_0_0_35000 | Homestead (2/4) ... ok
   - modexp_0_0_0_35000 | Homestead (3/4) ... ok
   - modexp_0_0_0_35000 | Homestead (4/4) ... ok
   - LoopCallsDepthThenRevert2 | EIP150 (1/1) ... ok
   - randomStatetest263 | Frontier (1/1) ... ok
   - modexp_0_0_0_35000 | Byzantium (1/4) ... ok
   - modexp_0_0_0_35000 | Byzantium (2/4) ... ok
   - modexp_0_0_0_35000 | Byzantium (3/4) ... ok
   - modexp_0_0_0_35000 | Byzantium (4/4) ... ok
   - randomStatetest263 | Homestead (1/1) ... ok
   - modexp_9_37111_37111_155000 | EIP150 (1/4) ... ok
   - modexp_9_37111_37111_155000 | EIP150 (2/4) ... ok
   - modexp_9_37111_37111_155000 | EIP150 (3/4) ... ok
   - modexp_9_37111_37111_155000 | EIP150 (4/4) ... ok
   - randomStatetest263 | Byzantium (1/1) ... ok
   - modexp_9_37111_37111_155000 | EIP158 (1/4) ... ok
   - modexp_9_37111_37111_155000 | EIP158 (2/4) ... ok
   - modexp_9_37111_37111_155000 | EIP158 (3/4) ... ok
   - modexp_9_37111_37111_155000 | EIP158 (4/4) ... ok
   - modexp_9_37111_37111_155000 | Frontier (1/4) ... ok
   - modexp_9_37111_37111_155000 | Frontier (2/4) ... ok
   - modexp_9_37111_37111_155000 | Frontier (3/4) ... ok
   - randomStatetest547 | EIP150 (1/1) ... ok
   - modexp_9_37111_37111_155000 | Frontier (4/4) ... ok
   - modexp_9_37111_37111_155000 | Homestead (1/4) ... ok
   - modexp_9_37111_37111_155000 | Homestead (2/4) ... ok
   - modexp_9_37111_37111_155000 | Homestead (3/4) ... ok
   - modexp_9_37111_37111_155000 | Homestead (4/4) ... ok
   - modexp_9_37111_37111_155000 | Byzantium (1/4) ... ok
   - randomStatetest547 | EIP158 (1/1) ... ok
   - modexp_9_37111_37111_155000 | Byzantium (2/4) ... ok
   - modexp_9_37111_37111_155000 | Byzantium (3/4) ... ok
   - modexp_9_37111_37111_155000 | Byzantium (4/4) ... ok
   - modexp_39936_1_55201_20500 | EIP150 (1/4) ... ok
   - modexp_39936_1_55201_20500 | EIP150 (2/4) ... ok
   - randomStatetest547 | Frontier (1/1) ... ok
   - modexp_39936_1_55201_20500 | EIP150 (3/4) ... ok
   - modexp_39936_1_55201_20500 | EIP150 (4/4) ... ok
ok
   - ecpairing_bad_length_191_d0g0v0_Frontier...   - modexp_39936_1_55201_20500 | EIP158 (1/4) ... ok
   - modexp_39936_1_55201_20500 | EIP158 (2/4) ... ok
   - randomStatetest547 | Homestead (1/1) ... ok
   - modexp_39936_1_55201_20500 | EIP158 (3/4) ... ok
   - modexp_39936_1_55201_20500 | EIP158 (4/4) ... ok
   - modexp_39936_1_55201_20500 | Frontier (1/4) ... ok
   - modexp_39936_1_55201_20500 | Frontier (2/4) ... ok
   - modexp_39936_1_55201_20500 | Frontier (3/4) ... ok
   - modexp_39936_1_55201_20500 | Frontier (4/4) ... ok
   - modexp_39936_1_55201_20500 | Homestead (1/4) ... ok
   - modexp_39936_1_55201_20500 | Homestead (2/4) ... ok
   - modexp_39936_1_55201_20500 | Homestead (3/4) ... ok
   - modexp_39936_1_55201_20500 | Homestead (4/4) ... ok
   - modexp_39936_1_55201_20500 | Byzantium (1/4) ... ok
   - modexp_39936_1_55201_20500 | Byzantium (2/4) ... ok
   - modexp_39936_1_55201_20500 | Byzantium (3/4) ... ok
   - modexp_39936_1_55201_20500 | Byzantium (4/4) ... ok
   - LoopCallsDepthThenRevert2 | EIP158 (1/1) ... ok
   - LoopCallsDepthThenRevert2 | Frontier (1/1) ... ok
   - modexp_1_0_0_22000 | EIP150 (1/4) ... ok
   - LoopCallsDepthThenRevert2 | Homestead (1/1) ... ok
   - modexp_1_0_0_22000 | EIP150 (2/4) ... ok
   - modexp_1_0_0_22000 | EIP150 (3/4) ... ok
   - modexp_1_0_0_22000 | EIP150 (4/4) ... ok
   - randomStatetest547 | Byzantium (1/1) ... ok
   - modexp_1_0_0_22000 | EIP158 (1/4) ... ok
   - randomStatetest377 | EIP150 (1/1) ... ok
   - modexp_1_0_0_22000 | EIP158 (2/4) ... ok
   - randomStatetest377 | EIP158 (1/1) ... ok
   - modexp_1_0_0_22000 | EIP158 (3/4) ... ok
   - randomStatetest377 | Frontier (1/1) ... ok
   - modexp_1_0_0_22000 | EIP158 (4/4) ... ok
   - randomStatetest377 | Homestead (1/1) ... ok
   - modexp_1_0_0_22000 | Frontier (1/4) ... ok
   - randomStatetest377 | Byzantium (1/1) ... ok
   - modexp_1_0_0_22000 | Frontier (2/4) ... ok
   - modexp_1_0_0_22000 | Frontier (3/4) ... ok
   - modexp_1_0_0_22000 | Frontier (4/4) ... ok
   - randomStatetest122 | EIP150 (1/1) ... ok
ok
   - ecpairing_bad_length_191_d0g0v0_Homestead...   - modexp_1_0_0_22000 | Homestead (1/4) ... ok
   - modexp_1_0_0_22000 | Homestead (2/4) ... ok
   - modexp_1_0_0_22000 | Homestead (3/4) ... ok
   - modexp_1_0_0_22000 | Homestead (4/4) ... ok
   - modexp_1_0_0_22000 | Byzantium (1/4) ... ok
   - modexp_1_0_0_22000 | Byzantium (2/4) ... ok
   - modexp_1_0_0_22000 | Byzantium (3/4) ... ok
   - modexp_1_0_0_22000 | Byzantium (4/4) ... ok
   - CallEcrecoverV_prefixed0 | EIP150 (1/1) ... ok
   - CallEcrecoverV_prefixed0 | EIP158 (1/1) ... ok
   - CallEcrecoverV_prefixed0 | Frontier (1/1) ... ok
   - CallEcrecoverV_prefixed0 | Homestead (1/1) ... ok
   - randomStatetest122 | EIP158 (1/1) ... ok
   - CallEcrecoverV_prefixed0 | Byzantium (1/1) ... ok
   - randomStatetest122 | Frontier (1/1) ... ok
   - randomStatetest122 | Homestead (1/1) ... ok
   - randomStatetest122 | Byzantium (1/1) ... ok
   - modexp_9_3711_37111_25000 | EIP150 (1/4) ... ok
   - modexp_9_3711_37111_25000 | EIP150 (2/4) ... ok
   - randomStatetest435 | EIP150 (1/1) ... ok
   - modexp_9_3711_37111_25000 | EIP150 (3/4) ... ok
   - randomStatetest435 | EIP158 (1/1) ... ok
   - modexp_9_3711_37111_25000 | EIP150 (4/4) ... ok
   - randomStatetest435 | Frontier (1/1) ... ok
   - modexp_9_3711_37111_25000 | EIP158 (1/4) ... ok
   - randomStatetest435 | Homestead (1/1) ... ok
   - modexp_9_3711_37111_25000 | EIP158 (2/4) ... ok
   - randomStatetest435 | Byzantium (1/1) ... ok
   - randomStatetest528 | EIP150 (1/1) ... ok
   - modexp_9_3711_37111_25000 | EIP158 (3/4) ... ok
   - randomStatetest528 | EIP158 (1/1) ... ok
   - modexp_9_3711_37111_25000 | EIP158 (4/4) ... ok
   - randomStatetest528 | Frontier (1/1) ... ok
   - modexp_9_3711_37111_25000 | Frontier (1/4) ... ok
   - modexp_9_3711_37111_25000 | Frontier (2/4) ... ok
   - randomStatetest528 | Homestead (1/1) ... ok
   - modexp_9_3711_37111_25000 | Frontier (3/4) ... ok
   - randomStatetest528 | Byzantium (1/1) ... ok
   - LoopCallsDepthThenRevert2 | Byzantium (1/1) ... ok
   - randomStatetest195 | EIP150 (1/1) ... ok
   - randomStatetest195 | EIP158 (1/1) ... ok
   - randomStatetest195 | Frontier (1/1) ... ok
   - modexp_9_3711_37111_25000 | Frontier (4/4) ... ok
   - randomStatetest195 | Homestead (1/1) ... ok
   - modexp_9_3711_37111_25000 | Homestead (1/4) ... ok
   - modexp_9_3711_37111_25000 | Homestead (2/4) ... ok
   - randomStatetest195 | Byzantium (1/1) ... ok
   - modexp_9_3711_37111_25000 | Homestead (3/4) ... ok
   - modexp_9_3711_37111_25000 | Homestead (4/4) ... ok
   - randomStatetest351 | EIP150 (1/1) ... ok
   - randomStatetest351 | EIP158 (1/1) ... ok
   - modexp_9_3711_37111_25000 | Byzantium (1/4) ... ok
   - randomStatetest351 | Frontier (1/1) ... ok
   - modexp_9_3711_37111_25000 | Byzantium (2/4) ... ok
   - randomStatetest351 | Homestead (1/1) ... ok
   - randomStatetest351 | Byzantium (1/1) ... ok
   - modexp_9_3711_37111_25000 | Byzantium (3/4) ... ok
   - randomStatetest596 | EIP150 (1/1) ... ok
   - modexp_9_3711_37111_25000 | Byzantium (4/4) ... ok
   - randomStatetest596 | EIP158 (1/1) ... ok
   - randomStatetest596 | Frontier (1/1) ... ok
   - LoopDelegateCallsDepthThenRevert | EIP150 (1/1) ... ok
   - randomStatetest596 | Homestead (1/1) ... ok
   - randomStatetest596 | Byzantium (1/1) ... ok
ok
   - CallIdentity_4_gas17 | EIP150 (1/1) ... ok
   - CallIdentity_4_gas17 | EIP158 (1/1) ... ok
   - CallIdentity_4_gas17 | Frontier (1/1) ... ok
   - CallIdentity_4_gas17 | Homestead (1/1) ... ok
   - ecmul_1-3_340282366920938463463374607431768211456_28000_96_d0g1v0_Byzantium...   - CallIdentity_4_gas17 | Byzantium (1/1) ... ok
   - LoopDelegateCallsDepthThenRevert | EIP158 (1/1) ... ok
   - CallEcrecover3 | EIP150 (1/1) ... ok
   - LoopDelegateCallsDepthThenRevert | Frontier (1/1) ... ok
   - LoopDelegateCallsDepthThenRevert | Homestead (1/1) ... ok
   - CallEcrecover3 | EIP158 (1/1) ... ok
   - randomStatetest197 | EIP150 (1/1) ... ok
   - randomStatetest197 | EIP158 (1/1) ... ok
   - CallEcrecover3 | Frontier (1/1) ... ok
   - randomStatetest197 | Frontier (1/1) ... ok
   - CallEcrecover3 | Homestead (1/1) ... ok
   - randomStatetest197 | Homestead (1/1) ... ok
   - randomStatetest197 | Byzantium (1/1) ... ok
   - CallEcrecover3 | Byzantium (1/1) ... ok
   - randomStatetest279 | EIP150 (1/1) ... ok
   - modexp_49_2401_2401_22000 | EIP150 (1/4) ... ok
   - modexp_49_2401_2401_22000 | EIP150 (2/4) ... ok
   - randomStatetest279 | EIP158 (1/1) ... ok
   - modexp_49_2401_2401_22000 | EIP150 (3/4) ... ok
   - randomStatetest279 | Frontier (1/1) ... ok
   - modexp_49_2401_2401_22000 | EIP150 (4/4) ... ok
   - randomStatetest279 | Homestead (1/1) ... ok
   - LoopDelegateCallsDepthThenRevert | Byzantium (1/1) ... ok
   - randomStatetest279 | Byzantium (1/1) ... ok
   - modexp_49_2401_2401_22000 | EIP158 (1/4) ... ok
   - RevertRemoteSubCallStorageOOG | EIP150 (1/3) ... ok
   - modexp_49_2401_2401_22000 | EIP158 (2/4) ... ok
   - randomStatetest114 | EIP150 (1/1) ... ok
   - RevertRemoteSubCallStorageOOG | EIP150 (2/3) ... ok
   - modexp_49_2401_2401_22000 | EIP158 (3/4) ... ok
   - randomStatetest114 | EIP158 (1/1) ... ok
   - RevertRemoteSubCallStorageOOG | EIP150 (3/3) ... ok
   - modexp_49_2401_2401_22000 | EIP158 (4/4) ... ok
   - randomStatetest114 | Frontier (1/1) ... ok
   - modexp_49_2401_2401_22000 | Frontier (1/4) ... ok
   - RevertRemoteSubCallStorageOOG | EIP158 (1/3) ... ok
   - randomStatetest114 | Homestead (1/1) ... ok
   - modexp_49_2401_2401_22000 | Frontier (2/4) ... ok
   - RevertRemoteSubCallStorageOOG | EIP158 (2/3) ... ok
   - modexp_49_2401_2401_22000 | Frontier (3/4) ... ok
   - randomStatetest114 | Byzantium (1/1) ... ok
   - RevertRemoteSubCallStorageOOG | EIP158 (3/3) ... ok
   - modexp_49_2401_2401_22000 | Frontier (4/4) ... ok
   - randomStatetest562 | EIP150 (1/1) ... ok
   - RevertRemoteSubCallStorageOOG | Frontier (1/3) ... ok
   - modexp_49_2401_2401_22000 | Homestead (1/4) ... ok
   - randomStatetest562 | EIP158 (1/1) ... ok
   - RevertRemoteSubCallStorageOOG | Frontier (2/3) ... ok
   - modexp_49_2401_2401_22000 | Homestead (2/4) ... ok
   - randomStatetest562 | Frontier (1/1) ... ok
   - RevertRemoteSubCallStorageOOG | Frontier (3/3) ... ok
   - modexp_49_2401_2401_22000 | Homestead (3/4) ... ok
   - randomStatetest562 | Homestead (1/1) ... ok
   - modexp_49_2401_2401_22000 | Homestead (4/4) ... ok
   - RevertRemoteSubCallStorageOOG | Homestead (1/3) ... ok
   - randomStatetest562 | Byzantium (1/1) ... ok
   - modexp_49_2401_2401_22000 | Byzantium (1/4) ... ok
   - RevertRemoteSubCallStorageOOG | Homestead (2/3) ... ok
   - modexp_49_2401_2401_22000 | Byzantium (2/4) ... ok
   - RevertRemoteSubCallStorageOOG | Homestead (3/3) ... ok
   - randomStatetest472 | EIP150 (1/1) ... ok
   - modexp_49_2401_2401_22000 | Byzantium (3/4) ... ok
   - randomStatetest472 | EIP158 (1/1) ... ok
   - RevertRemoteSubCallStorageOOG | Byzantium (1/3) ... ok
   - randomStatetest472 | Frontier (1/1) ... ok
   - RevertRemoteSubCallStorageOOG | Byzantium (2/3) ... ok
   - randomStatetest472 | Homestead (1/1) ... ok
   - RevertRemoteSubCallStorageOOG | Byzantium (3/3) ... ok
   - randomStatetest472 | Byzantium (1/1) ... ok
   - randomStatetest207 | EIP150 (1/1) ... ok
   - randomStatetest207 | EIP158 (1/1) ... ok
   - randomStatetest207 | Frontier (1/1) ... ok
   - randomStatetest207 | Homestead (1/1) ... ok
   - randomStatetest207 | Byzantium (1/1) ... ok
   - modexp_49_2401_2401_22000 | Byzantium (4/4) ... ok
   - randomStatetest375 | EIP150 (1/1) ... ok
   - randomStatetest375 | EIP158 (1/1) ... ok
   - modexp_0_1_0_1000000 | EIP150 (1/4) ... ok
   - randomStatetest375 | Frontier (1/1) ... ok
   - modexp_0_1_0_1000000 | EIP150 (2/4) ... ok
   - randomStatetest375 | Homestead (1/1) ... ok
   - modexp_0_1_0_1000000 | EIP150 (3/4) ... ok
   - modexp_0_1_0_1000000 | EIP150 (4/4) ... ok
   - randomStatetest375 | Byzantium (1/1) ... ok
   - modexp_0_1_0_1000000 | EIP158 (1/4) ... ok
   - randomStatetest173 | EIP150 (1/1) ... ok
   - LoopCallsThenRevert | EIP150 (1/2) ... ok
   - modexp_0_1_0_1000000 | EIP158 (2/4) ... ok
   - randomStatetest173 | EIP158 (1/1) ... ok
   - modexp_0_1_0_1000000 | EIP158 (3/4) ... ok
   - randomStatetest173 | Frontier (1/1) ... ok
   - modexp_0_1_0_1000000 | EIP158 (4/4) ... ok
   - randomStatetest173 | Homestead (1/1) ... ok
   - modexp_0_1_0_1000000 | Frontier (1/4) ... ok
   - randomStatetest173 | Byzantium (1/1) ... ok
   - modexp_0_1_0_1000000 | Frontier (2/4) ... ok
   - modexp_0_1_0_1000000 | Frontier (3/4) ... ok
   - randomStatetest646 | EIP150 (1/1) ... ok
   - modexp_0_1_0_1000000 | Frontier (4/4) ... ok
   - randomStatetest646 | EIP158 (1/1) ... ok
   - modexp_0_1_0_1000000 | Homestead (1/4) ... ok
   - modexp_0_1_0_1000000 | Homestead (2/4) ... ok
   - randomStatetest646 | Frontier (1/1) ... ok
   - modexp_0_1_0_1000000 | Homestead (3/4) ... ok
   - randomStatetest646 | Homestead (1/1) ... ok
   - modexp_0_1_0_1000000 | Homestead (4/4) ... ok
   - LoopCallsThenRevert | EIP150 (2/2) ... ok
   - randomStatetest646 | Byzantium (1/1) ... ok
   - modexp_0_1_0_1000000 | Byzantium (1/4) ... ok
   - randomStatetest20 | EIP150 (1/1) ... ok
   - modexp_0_1_0_1000000 | Byzantium (2/4) ... ok
   - modexp_0_1_0_1000000 | Byzantium (3/4) ... ok
   - modexp_0_1_0_1000000 | Byzantium (4/4) ... ok
ok
   - ecmul_1-3_340282366920938463463374607431768211456_28000_96_d0g1v0_EIP150...   - modexp_1_0_0_155000 | EIP150 (1/4) ... ok
   - modexp_1_0_0_155000 | EIP150 (2/4) ... ok
   - randomStatetest20 | EIP158 (1/1) ... ok
   - modexp_1_0_0_155000 | EIP150 (3/4) ... ok
   - randomStatetest20 | Frontier (1/1) ... ok
   - modexp_1_0_0_155000 | EIP150 (4/4) ... ok
   - modexp_1_0_0_155000 | EIP158 (1/4) ... ok
   - randomStatetest20 | Homestead (1/1) ... ok
   - modexp_1_0_0_155000 | EIP158 (2/4) ... ok
   - randomStatetest20 | Byzantium (1/1) ... ok
   - LoopCallsThenRevert | EIP158 (1/2) ... ok
   - modexp_1_0_0_155000 | EIP158 (3/4) ... ok
   - randomStatetest145 | EIP150 (1/1) ... ok
   - modexp_1_0_0_155000 | EIP158 (4/4) ... ok
   - randomStatetest145 | EIP158 (1/1) ... ok
   - modexp_1_0_0_155000 | Frontier (1/4) ... ok
   - modexp_1_0_0_155000 | Frontier (2/4) ... ok
   - randomStatetest145 | Frontier (1/1) ... ok
   - modexp_1_0_0_155000 | Frontier (3/4) ... ok
   - randomStatetest145 | Homestead (1/1) ... ok
   - modexp_1_0_0_155000 | Frontier (4/4) ... ok
   - randomStatetest145 | Byzantium (1/1) ... ok
   - modexp_1_0_0_155000 | Homestead (1/4) ... ok
   - randomStatetest282 | EIP150 (1/1) ... ok
   - modexp_1_0_0_155000 | Homestead (2/4) ... ok
   - randomStatetest282 | EIP158 (1/1) ... ok
   - modexp_1_0_0_155000 | Homestead (3/4) ... ok
   - modexp_1_0_0_155000 | Homestead (4/4) ... ok
   - randomStatetest282 | Frontier (1/1) ... ok
   - randomStatetest282 | Homestead (1/1) ... ok
   - modexp_1_0_0_155000 | Byzantium (1/4) ... ok
   - LoopCallsThenRevert | EIP158 (2/2) ... ok
   - randomStatetest282 | Byzantium (1/1) ... ok
   - modexp_1_0_0_155000 | Byzantium (2/4) ... ok
   - modexp_1_0_0_155000 | Byzantium (3/4) ... ok
   - randomStatetest520 | EIP150 (1/1) ... ok
   - modexp_1_0_0_155000 | Byzantium (4/4) ... ok
   - randomStatetest520 | EIP158 (1/1) ... ok
   - CallEcrecover2 | EIP150 (1/1) ... ok
   - randomStatetest520 | Frontier (1/1) ... ok
   - CallEcrecover2 | EIP158 (1/1) ... ok
   - randomStatetest520 | Homestead (1/1) ... ok
   - CallEcrecover2 | Frontier (1/1) ... ok
   - randomStatetest520 | Byzantium (1/1) ... ok
   - CallEcrecover2 | Homestead (1/1) ... ok
   - randomStatetest347 | EIP150 (1/1) ... ok (Error(Execution(BlockGasLimitReached { gas_limit: 0xb3be1fc, gas_used: 0x0, gas: 0x738409f3 }), State { next_error: None, backtrace: InternalBacktrace { backtrace: None } }))
   - CallEcrecover2 | Byzantium (1/1) ... ok
   - randomStatetest347 | EIP158 (1/1) ... ok (Error(Execution(BlockGasLimitReached { gas_limit: 0xb3be1fc, gas_used: 0x0, gas: 0x738409f3 }), State { next_error: None, backtrace: InternalBacktrace { backtrace: None } }))
   - modexp_1_1_1_22000 | EIP150 (1/4) ... ok
   - randomStatetest347 | Frontier (1/1) ... ok (Error(Execution(BlockGasLimitReached { gas_limit: 0xb3be1fc, gas_used: 0x0, gas: 0x738409f3 }), State { next_error: None, backtrace: InternalBacktrace { backtrace: None } }))
   - modexp_1_1_1_22000 | EIP150 (2/4) ... ok
   - randomStatetest347 | Homestead (1/1) ... ok (Error(Execution(BlockGasLimitReached { gas_limit: 0xb3be1fc, gas_used: 0x0, gas: 0x738409f3 }), State { next_error: None, backtrace: InternalBacktrace { backtrace: None } }))
   - LoopCallsThenRevert | Frontier (1/2) ... ok
   - modexp_1_1_1_22000 | EIP150 (3/4) ... ok
   - randomStatetest347 | Byzantium (1/1) ... ok (Error(Execution(BlockGasLimitReached { gas_limit: 0xb3be1fc, gas_used: 0x0, gas: 0x738409f3 }), State { next_error: None, backtrace: InternalBacktrace { backtrace: None } }))
   - modexp_1_1_1_22000 | EIP150 (4/4) ... ok
   - randomStatetest573 | EIP150 (1/1) ... ok
   - modexp_1_1_1_22000 | EIP158 (1/4) ... ok
   - randomStatetest573 | EIP158 (1/1) ... ok
   - modexp_1_1_1_22000 | EIP158 (2/4) ... ok
   - randomStatetest573 | Frontier (1/1) ... ok
   - modexp_1_1_1_22000 | EIP158 (3/4) ... ok
   - randomStatetest573 | Homestead (1/1) ... ok
   - modexp_1_1_1_22000 | EIP158 (4/4) ... ok
   - modexp_1_1_1_22000 | Frontier (1/4) ... ok
   - randomStatetest573 | Byzantium (1/1) ... ok
   - modexp_1_1_1_22000 | Frontier (2/4) ... ok
   - randomStatetest536 | EIP150 (1/1) ... ok
   - modexp_1_1_1_22000 | Frontier (3/4) ... ok
   - randomStatetest536 | EIP158 (1/1) ... ok
   - modexp_1_1_1_22000 | Frontier (4/4) ... ok
   - randomStatetest536 | Frontier (1/1) ... ok
   - modexp_1_1_1_22000 | Homestead (1/4) ... ok
   - modexp_1_1_1_22000 | Homestead (2/4) ... ok
   - randomStatetest536 | Homestead (1/1) ... ok
   - modexp_1_1_1_22000 | Homestead (3/4) ... ok
   - LoopCallsThenRevert | Frontier (2/2) ... ok
   - randomStatetest536 | Byzantium (1/1) ... ok
   - modexp_1_1_1_22000 | Homestead (4/4) ... ok
   - randomStatetest171 | EIP150 (1/1) ... ok
   - modexp_1_1_1_22000 | Byzantium (1/4) ... ok
   - randomStatetest171 | EIP158 (1/1) ... ok
   - modexp_1_1_1_22000 | Byzantium (2/4) ... ok
   - randomStatetest171 | Frontier (1/1) ... ok
   - modexp_1_1_1_22000 | Byzantium (3/4) ... ok
   - modexp_1_1_1_22000 | Byzantium (4/4) ... ok
   - randomStatetest171 | Homestead (1/1) ... ok
   - randomStatetest171 | Byzantium (1/1) ... ok
   - modexp_37120_37111_37111_20500 | EIP150 (1/4) ... ok
   - modexp_37120_37111_37111_20500 | EIP150 (2/4) ... ok
   - randomStatetest541 | EIP150 (1/1) ... ok
   - modexp_37120_37111_37111_20500 | EIP150 (3/4) ... ok
   - randomStatetest541 | EIP158 (1/1) ... ok
   - modexp_37120_37111_37111_20500 | EIP150 (4/4) ... ok
   - randomStatetest541 | Frontier (1/1) ... ok
   - modexp_37120_37111_37111_20500 | EIP158 (1/4) ... ok
   - randomStatetest541 | Homestead (1/1) ... ok
   - LoopCallsThenRevert | Homestead (1/2) ... ok
   - randomStatetest541 | Byzantium (1/1) ... ok
   - randomStatetest482 | EIP150 (1/1) ... ok
   - modexp_37120_37111_37111_20500 | EIP158 (2/4) ... ok
   - modexp_37120_37111_37111_20500 | EIP158 (3/4) ... ok
   - randomStatetest482 | EIP158 (1/1) ... ok
   - modexp_37120_37111_37111_20500 | EIP158 (4/4) ... ok
   - modexp_37120_37111_37111_20500 | Frontier (1/4) ... ok
   - randomStatetest482 | Frontier (1/1) ... ok
   - modexp_37120_37111_37111_20500 | Frontier (2/4) ... ok
   - randomStatetest482 | Homestead (1/1) ... ok
   - modexp_37120_37111_37111_20500 | Frontier (3/4) ... ok
   - randomStatetest482 | Byzantium (1/1) ... ok
   - modexp_37120_37111_37111_20500 | Frontier (4/4) ... ok
   - modexp_37120_37111_37111_20500 | Homestead (1/4) ... ok
   - randomStatetest139 | EIP150 (1/1) ... ok
   - LoopCallsThenRevert | Homestead (2/2) ... ok
   - randomStatetest139 | EIP158 (1/1) ... ok
   - randomStatetest139 | Frontier (1/1) ... ok
   - randomStatetest139 | Homestead (1/1) ... ok
   - randomStatetest139 | Byzantium (1/1) ... ok
   - randomStatetest348 | EIP150 (1/1) ... ok
   - modexp_37120_37111_37111_20500 | Homestead (2/4) ... ok
   - randomStatetest348 | EIP158 (1/1) ... ok
   - modexp_37120_37111_37111_20500 | Homestead (3/4) ... ok
   - modexp_37120_37111_37111_20500 | Homestead (4/4) ... ok
   - randomStatetest348 | Frontier (1/1) ... ok
   - modexp_37120_37111_37111_20500 | Byzantium (1/4) ... ok
   - modexp_37120_37111_37111_20500 | Byzantium (2/4) ... ok
ok
   - ecmul_1-3_340282366920938463463374607431768211456_28000_96_d0g1v0_EIP158...   - LoopCallsThenRevert | Byzantium (1/2) ... ok
   - modexp_37120_37111_37111_20500 | Byzantium (3/4) ... ok
   - modexp_37120_37111_37111_20500 | Byzantium (4/4) ... ok
   - CallEcrecover0_overlappingInputOutput | EIP150 (1/1) ... ok
   - randomStatetest348 | Homestead (1/1) ... ok
   - CallEcrecover0_overlappingInputOutput | EIP158 (1/1) ... ok
   - randomStatetest348 | Byzantium (1/1) ... ok
   - randomStatetest81 | EIP150 (1/1) ... ok
   - CallEcrecover0_overlappingInputOutput | Frontier (1/1) ... ok
   - randomStatetest81 | EIP158 (1/1) ... ok
   - CallEcrecover0_overlappingInputOutput | Homestead (1/1) ... ok
   - randomStatetest81 | Frontier (1/1) ... ok
   - CallEcrecover0_overlappingInputOutput | Byzantium (1/1) ... ok
   - randomStatetest81 | Homestead (1/1) ... ok
   - LoopCallsThenRevert | Byzantium (2/2) ... ok
   - randomStatetest81 | Byzantium (1/1) ... ok
   - modexp_3_5_100_155000 | EIP150 (1/4) ... ok
   - modexp_3_5_100_155000 | EIP150 (2/4) ... ok
   - randomStatetest30 | EIP150 (1/1) ... ok
   - RevertPrecompiledTouchCC | EIP150 (1/1) ... ok
   - modexp_3_5_100_155000 | EIP150 (3/4) ... ok
   - randomStatetest30 | EIP158 (1/1) ... ok
   - RevertPrecompiledTouchCC | EIP158 (1/1) ... ok
   - modexp_3_5_100_155000 | EIP150 (4/4) ... ok
   - randomStatetest30 | Frontier (1/1) ... ok
   - RevertPrecompiledTouchCC | Frontier (1/1) ... ok
   - modexp_3_5_100_155000 | EIP158 (1/4) ... ok
   - RevertPrecompiledTouchCC | Homestead (1/1) ... ok
   - randomStatetest30 | Homestead (1/1) ... ok
   - modexp_3_5_100_155000 | EIP158 (2/4) ... ok
   - modexp_3_5_100_155000 | EIP158 (3/4) ... ok
   - randomStatetest30 | Byzantium (1/1) ... ok
   - RevertPrecompiledTouchCC | Byzantium (1/1) ... ok
   - modexp_3_5_100_155000 | EIP158 (4/4) ... ok
   - randomStatetest58 | EIP150 (1/1) ... ok
   - RevertDepth2 | EIP150 (1/1) ... ok
   - modexp_3_5_100_155000 | Frontier (1/4) ... ok
   - randomStatetest58 | EIP158 (1/1) ... ok
   - modexp_3_5_100_155000 | Frontier (2/4) ... ok
   - RevertDepth2 | EIP158 (1/1) ... ok
   - randomStatetest58 | Frontier (1/1) ... ok
   - modexp_3_5_100_155000 | Frontier (3/4) ... ok
   - randomStatetest58 | Homestead (1/1) ... ok
   - modexp_3_5_100_155000 | Frontier (4/4) ... ok
   - modexp_3_5_100_155000 | Homestead (1/4) ... ok
   - randomStatetest58 | Byzantium (1/1) ... ok
   - RevertDepth2 | Frontier (1/1) ... ok
   - modexp_3_5_100_155000 | Homestead (2/4) ... ok
   - RevertDepth2 | Homestead (1/1) ... ok
   - randomStatetest219 | EIP150 (1/1) ... ok
   - modexp_3_5_100_155000 | Homestead (3/4) ... ok
   - randomStatetest219 | EIP158 (1/1) ... ok
   - RevertDepth2 | Byzantium (1/1) ... ok
   - modexp_3_5_100_155000 | Homestead (4/4) ... ok
   - randomStatetest219 | Frontier (1/1) ... ok
   - modexp_3_5_100_155000 | Byzantium (1/4) ... ok
   - RevertSubCallStorageOOG | EIP150 (1/4) ... ok
   - randomStatetest219 | Homestead (1/1) ... ok
   - modexp_3_5_100_155000 | Byzantium (2/4) ... ok
   - RevertSubCallStorageOOG | EIP150 (2/4) ... ok
   - randomStatetest219 | Byzantium (1/1) ... ok
   - modexp_3_5_100_155000 | Byzantium (3/4) ... ok
   - RevertSubCallStorageOOG | EIP150 (3/4) ... ok
   - RevertSubCallStorageOOG | EIP150 (4/4) ... ok
   - modexp_3_5_100_155000 | Byzantium (4/4) ... ok
   - randomStatetest166 | EIP150 (1/1) ... ok
   - RevertSubCallStorageOOG | EIP158 (1/4) ... ok
   - randomStatetest166 | EIP158 (1/1) ... ok
   - CallSha256_2 | EIP150 (1/1) ... ok
   - RevertSubCallStorageOOG | EIP158 (2/4) ... ok
   - randomStatetest166 | Frontier (1/1) ... ok
   - RevertSubCallStorageOOG | EIP158 (3/4) ... ok
   - CallSha256_2 | EIP158 (1/1) ... ok
   - randomStatetest166 | Homestead (1/1) ... ok
   - CallSha256_2 | Frontier (1/1) ... ok
   - CallSha256_2 | Homestead (1/1) ... ok
   - randomStatetest166 | Byzantium (1/1) ... ok
   - CallSha256_2 | Byzantium (1/1) ... ok
   - randomStatetest321 | EIP150 (1/1) ... ok
   - CALLCODEEcrecover0 | EIP150 (1/1) ... ok
   - randomStatetest321 | EIP158 (1/1) ... ok
   - randomStatetest321 | Frontier (1/1) ... ok
   - CALLCODEEcrecover0 | EIP158 (1/1) ... ok
   - CALLCODEEcrecover0 | Frontier (1/1) ... ok
   - RevertSubCallStorageOOG | EIP158 (4/4) ... ok
   - randomStatetest321 | Homestead (1/1) ... ok
   - RevertSubCallStorageOOG | Frontier (1/4) ... ok
   - CALLCODEEcrecover0 | Homestead (1/1) ... ok
ok
   - ecmul_1-3_340282366920938463463374607431768211456_28000_96_d0g1v0_Frontier...   - RevertSubCallStorageOOG | Frontier (2/4) ... ok
   - randomStatetest321 | Byzantium (1/1) ... ok
   - RevertSubCallStorageOOG | Frontier (3/4) ... ok
   - RevertSubCallStorageOOG | Frontier (4/4) ... ok
   - randomStatetest13 | EIP150 (1/1) ... ok
   - RevertSubCallStorageOOG | Homestead (1/4) ... ok
   - randomStatetest13 | EIP158 (1/1) ... ok
   - RevertSubCallStorageOOG | Homestead (2/4) ... ok
   - randomStatetest13 | Frontier (1/1) ... ok
   - RevertSubCallStorageOOG | Homestead (3/4) ... ok
   - CALLCODEEcrecover0 | Byzantium (1/1) ... ok
   - RevertSubCallStorageOOG | Homestead (4/4) ... ok
   - CallRipemd160_4_gas719 | EIP150 (1/1) ... ok
   - RevertSubCallStorageOOG | Byzantium (1/4) ... ok
   - RevertSubCallStorageOOG | Byzantium (2/4) ... ok
   - CallRipemd160_4_gas719 | EIP158 (1/1) ... ok
   - CallRipemd160_4_gas719 | Frontier (1/1) ... ok
   - RevertSubCallStorageOOG | Byzantium (3/4) ... ok
   - CallRipemd160_4_gas719 | Homestead (1/1) ... ok
   - RevertSubCallStorageOOG | Byzantium (4/4) ... ok
   - CallRipemd160_4_gas719 | Byzantium (1/1) ... ok
   - randomStatetest13 | Homestead (1/1) ... ok
   - modexp_0_3_100_22000 | EIP150 (1/4) ... ok
   - randomStatetest13 | Byzantium (1/1) ... ok
   - RevertDepthCreateOOG | EIP150 (1/8) ... ok
   - RevertDepthCreateOOG | EIP150 (2/8) ... ok
   - modexp_0_3_100_22000 | EIP150 (2/4) ... ok
   - RevertDepthCreateOOG | EIP150 (3/8) ... ok
   - modexp_0_3_100_22000 | EIP150 (3/4) ... ok
   - RevertDepthCreateOOG | EIP150 (4/8) ... ok
   - modexp_0_3_100_22000 | EIP150 (4/4) ... ok
   - RevertDepthCreateOOG | EIP150 (5/8) ... ok
   - modexp_0_3_100_22000 | EIP158 (1/4) ... ok
   - RevertDepthCreateOOG | EIP150 (6/8) ... ok
   - RevertDepthCreateOOG | EIP150 (7/8) ... ok
   - modexp_0_3_100_22000 | EIP158 (2/4) ... ok
   - RevertDepthCreateOOG | EIP150 (8/8) ... ok
   - modexp_0_3_100_22000 | EIP158 (3/4) ... ok
   - RevertDepthCreateOOG | EIP158 (1/8) ... ok
   - randomStatetest66 | EIP150 (1/1) ... ok
   - RevertDepthCreateOOG | EIP158 (2/8) ... ok
   - modexp_0_3_100_22000 | EIP158 (4/4) ... ok
   - RevertDepthCreateOOG | EIP158 (3/8) ... ok
   - randomStatetest66 | EIP158 (1/1) ... ok
   - RevertDepthCreateOOG | EIP158 (4/8) ... ok
   - modexp_0_3_100_22000 | Frontier (1/4) ... ok
   - RevertDepthCreateOOG | EIP158 (5/8) ... ok
   - randomStatetest66 | Frontier (1/1) ... ok
   - RevertDepthCreateOOG | EIP158 (6/8) ... ok
   - RevertDepthCreateOOG | EIP158 (7/8) ... ok
   - modexp_0_3_100_22000 | Frontier (2/4) ... ok
   - randomStatetest66 | Homestead (1/1) ... ok
   - RevertDepthCreateOOG | EIP158 (8/8) ... ok
   - randomStatetest66 | Byzantium (1/1) ... ok
   - modexp_0_3_100_22000 | Frontier (3/4) ... ok
   - randomStatetest380 | EIP150 (1/1) ... ok
   - RevertDepthCreateOOG | Frontier (1/8) ... ok
   - RevertDepthCreateOOG | Frontier (2/8) ... ok
   - randomStatetest380 | EIP158 (1/1) ... ok
   - RevertDepthCreateOOG | Frontier (3/8) ... ok
   - randomStatetest380 | Frontier (1/1) ... ok
   - modexp_0_3_100_22000 | Frontier (4/4) ... ok
   - RevertDepthCreateOOG | Frontier (4/8) ... ok
   - modexp_0_3_100_22000 | Homestead (1/4) ... ok
   - RevertDepthCreateOOG | Frontier (5/8) ... ok
   - RevertDepthCreateOOG | Frontier (6/8) ... ok
   - randomStatetest380 | Homestead (1/1) ... ok
   - RevertDepthCreateOOG | Frontier (7/8) ... ok
   - randomStatetest380 | Byzantium (1/1) ... ok
   - RevertDepthCreateOOG | Frontier (8/8) ... ok
   - randomStatetest563 | EIP150 (1/1) ... ok
   - RevertDepthCreateOOG | Homestead (1/8) ... ok
   - RevertDepthCreateOOG | Homestead (2/8) ... ok
   - modexp_0_3_100_22000 | Homestead (2/4) ... ok
   - modexp_0_3_100_22000 | Homestead (3/4) ... ok
   - randomStatetest563 | EIP158 (1/1) ... ok
   - modexp_0_3_100_22000 | Homestead (4/4) ... ok
   - randomStatetest563 | Frontier (1/1) ... ok
   - RevertDepthCreateOOG | Homestead (3/8) ... ok
   - RevertDepthCreateOOG | Homestead (4/8) ... ok
   - modexp_0_3_100_22000 | Byzantium (1/4) ... ok
   - RevertDepthCreateOOG | Homestead (5/8) ... ok
   - modexp_0_3_100_22000 | Byzantium (2/4) ... ok
   - RevertDepthCreateOOG | Homestead (6/8) ... ok
   - modexp_0_3_100_22000 | Byzantium (3/4) ... ok
   - RevertDepthCreateOOG | Homestead (7/8) ... ok
   - RevertDepthCreateOOG | Homestead (8/8) ... ok
   - modexp_0_3_100_22000 | Byzantium (4/4) ... ok
ok
   - ecmul_1-3_340282366920938463463374607431768211456_28000_96_d0g1v0_Homestead...   - randomStatetest563 | Homestead (1/1) ... ok
   - modexp_37120_37111_97_25000 | EIP150 (1/4) ... ok
   - randomStatetest563 | Byzantium (1/1) ... ok
   - modexp_37120_37111_97_25000 | EIP150 (2/4) ... ok
   - modexp_37120_37111_97_25000 | EIP150 (3/4) ... ok
   - randomStatetest483 | EIP150 (1/1) ... ok
   - RevertDepthCreateOOG | Byzantium (1/8) ... ok
   - modexp_37120_37111_97_25000 | EIP150 (4/4) ... ok
   - RevertDepthCreateOOG | Byzantium (2/8) ... ok
   - modexp_37120_37111_97_25000 | EIP158 (1/4) ... ok
   - RevertDepthCreateOOG | Byzantium (3/8) ... ok
   - modexp_37120_37111_97_25000 | EIP158 (2/4) ... ok
   - RevertDepthCreateOOG | Byzantium (4/8) ... ok
   - modexp_37120_37111_97_25000 | EIP158 (3/4) ... ok
   - RevertDepthCreateOOG | Byzantium (5/8) ... ok
   - modexp_37120_37111_97_25000 | EIP158 (4/4) ... ok
   - modexp_37120_37111_97_25000 | Frontier (1/4) ... ok
   - RevertDepthCreateOOG | Byzantium (6/8) ... ok
   - modexp_37120_37111_97_25000 | Frontier (2/4) ... ok
   - RevertDepthCreateOOG | Byzantium (7/8) ... ok
   - modexp_37120_37111_97_25000 | Frontier (3/4) ... ok
   - RevertDepthCreateOOG | Byzantium (8/8) ... ok
   - modexp_37120_37111_97_25000 | Frontier (4/4) ... ok
   - randomStatetest483 | EIP158 (1/1) ... ok
   - modexp_37120_37111_97_25000 | Homestead (1/4) ... ok
   - modexp_37120_37111_97_25000 | Homestead (2/4) ... ok
   - randomStatetest483 | Frontier (1/1) ... ok
   - modexp_37120_37111_97_25000 | Homestead (3/4) ... ok
   - randomStatetest483 | Homestead (1/1) ... ok
   - modexp_37120_37111_97_25000 | Homestead (4/4) ... ok
   - randomStatetest483 | Byzantium (1/1) ... ok
   - modexp_37120_37111_97_25000 | Byzantium (1/4) ... ok
   - randomStatetest382 | EIP150 (1/1) ... ok
   - LoopCallsDepthThenRevert | EIP150 (1/1) ... ok
   - modexp_37120_37111_97_25000 | Byzantium (2/4) ... ok
   - randomStatetest382 | EIP158 (1/1) ... ok
   - modexp_37120_37111_97_25000 | Byzantium (3/4) ... ok
   - randomStatetest382 | Frontier (1/1) ... ok
   - modexp_37120_37111_97_25000 | Byzantium (4/4) ... ok
   - randomStatetest382 | Homestead (1/1) ... ok
   - modexp_0_1_0_20500 | EIP150 (1/4) ... ok
   - randomStatetest382 | Byzantium (1/1) ... ok
   - modexp_0_1_0_20500 | EIP150 (2/4) ... ok
   - randomStatetest478 | EIP150 (1/1) ... ok
   - modexp_0_1_0_20500 | EIP150 (3/4) ... ok
   - modexp_0_1_0_20500 | EIP150 (4/4) ... ok
   - randomStatetest478 | EIP158 (1/1) ... ok
   - randomStatetest478 | Frontier (1/1) ... ok
   - modexp_0_1_0_20500 | EIP158 (1/4) ... ok
   - modexp_0_1_0_20500 | EIP158 (2/4) ... ok
   - randomStatetest478 | Homestead (1/1) ... ok
   - modexp_0_1_0_20500 | EIP158 (3/4) ... ok
   - randomStatetest478 | Byzantium (1/1) ... ok
   - modexp_0_1_0_20500 | EIP158 (4/4) ... ok
   - modexp_0_1_0_20500 | Frontier (1/4) ... ok
   - randomStatetest311 | EIP150 (1/1) ... ok
   - modexp_0_1_0_20500 | Frontier (2/4) ... ok
   - randomStatetest311 | EIP158 (1/1) ... ok
   - modexp_0_1_0_20500 | Frontier (3/4) ... ok
   - modexp_0_1_0_20500 | Frontier (4/4) ... ok
   - randomStatetest311 | Frontier (1/1) ... ok
   - modexp_0_1_0_20500 | Homestead (1/4) ... ok
   - randomStatetest311 | Homestead (1/1) ... ok
   - modexp_0_1_0_20500 | Homestead (2/4) ... ok
   - randomStatetest311 | Byzantium (1/1) ... ok
   - modexp_0_1_0_20500 | Homestead (3/4) ... ok
   - LoopCallsDepthThenRevert | EIP158 (1/1) ... ok
   - modexp_0_1_0_20500 | Homestead (4/4) ... ok
   - LoopCallsDepthThenRevert | Frontier (1/1) ... ok
   - modexp_0_1_0_20500 | Byzantium (1/4) ... ok
   - LoopCallsDepthThenRevert | Homestead (1/1) ... ok
   - modexp_0_1_0_20500 | Byzantium (2/4) ... ok
   - modexp_0_1_0_20500 | Byzantium (3/4) ... ok
   - modexp_0_1_0_20500 | Byzantium (4/4) ... ok
   - modexp_0_1_0_22000 | EIP150 (1/4) ... ok
   - modexp_0_1_0_22000 | EIP150 (2/4) ... ok
   - modexp_0_1_0_22000 | EIP150 (3/4) ... ok
   - modexp_0_1_0_22000 | EIP150 (4/4) ... ok
   - modexp_0_1_0_22000 | EIP158 (1/4) ... ok
   - modexp_0_1_0_22000 | EIP158 (2/4) ... ok
   - LoopCallsDepthThenRevert | Byzantium (1/1) ... ok
   - modexp_0_1_0_22000 | EIP158 (3/4) ... ok
   - modexp_0_1_0_22000 | EIP158 (4/4) ... ok
   - RevertRemoteSubCallStorageOOG2 | EIP150 (1/3) ... ok
   - RevertRemoteSubCallStorageOOG2 | EIP150 (2/3) ... ok
   - modexp_0_1_0_22000 | Frontier (1/4) ... ok
   - modexp_0_1_0_22000 | Frontier (2/4) ... ok
   - modexp_0_1_0_22000 | Frontier (3/4) ... ok
   - RevertRemoteSubCallStorageOOG2 | EIP150 (3/3) ... ok
   - modexp_0_1_0_22000 | Frontier (4/4) ... ok
   - RevertRemoteSubCallStorageOOG2 | EIP158 (1/3) ... ok
   - modexp_0_1_0_22000 | Homestead (1/4) ... ok
ok
   - RevertRemoteSubCallStorageOOG2 | EIP158 (2/3) ... ok
   - modexp_0_1_0_22000 | Homestead (2/4) ... ok
   - RevertRemoteSubCallStorageOOG2 | EIP158 (3/3) ... ok
   - modexp_0_1_0_22000 | Homestead (3/4) ... ok
   - pointMulAdd2_d3g1v0_Byzantium...   - modexp_0_1_0_22000 | Homestead (4/4) ... ok
   - RevertRemoteSubCallStorageOOG2 | Frontier (1/3) ... ok
   - RevertRemoteSubCallStorageOOG2 | Frontier (2/3) ... ok
   - modexp_0_1_0_22000 | Byzantium (1/4) ... ok
   - modexp_0_1_0_22000 | Byzantium (2/4) ... ok
   - RevertRemoteSubCallStorageOOG2 | Frontier (3/3) ... ok
   - modexp_0_1_0_22000 | Byzantium (3/4) ... ok
   - RevertRemoteSubCallStorageOOG2 | Homestead (1/3) ... ok
   - modexp_0_1_0_22000 | Byzantium (4/4) ... ok
   - RevertRemoteSubCallStorageOOG2 | Homestead (2/3) ... ok
   - RevertRemoteSubCallStorageOOG2 | Homestead (3/3) ... ok
   - modexp_37120_37111_97_20500 | EIP150 (1/4) ... ok
   - RevertRemoteSubCallStorageOOG2 | Byzantium (1/3) ... ok
   - modexp_37120_37111_97_20500 | EIP150 (2/4) ... ok
   - modexp_37120_37111_97_20500 | EIP150 (3/4) ... ok
   - RevertRemoteSubCallStorageOOG2 | Byzantium (2/3) ... ok
   - RevertRemoteSubCallStorageOOG2 | Byzantium (3/3) ... ok
   - modexp_37120_37111_97_20500 | EIP150 (4/4) ... ok
   - modexp_37120_37111_97_20500 | EIP158 (1/4) ... ok
   - RevertSubCallStorageOOG2 | EIP150 (1/4) ... ok
   - RevertSubCallStorageOOG2 | EIP150 (2/4) ... ok
   - modexp_37120_37111_97_20500 | EIP158 (2/4) ... ok
   - RevertSubCallStorageOOG2 | EIP150 (3/4) ... ok
   - modexp_37120_37111_97_20500 | EIP158 (3/4) ... ok
   - RevertSubCallStorageOOG2 | EIP150 (4/4) ... ok
   - modexp_37120_37111_97_20500 | EIP158 (4/4) ... ok
   - RevertSubCallStorageOOG2 | EIP158 (1/4) ... ok
   - modexp_37120_37111_97_20500 | Frontier (1/4) ... ok
   - modexp_37120_37111_97_20500 | Frontier (2/4) ... ok
   - RevertSubCallStorageOOG2 | EIP158 (2/4) ... ok
   - modexp_37120_37111_97_20500 | Frontier (3/4) ... ok
   - RevertSubCallStorageOOG2 | EIP158 (3/4) ... ok
   - modexp_37120_37111_97_20500 | Frontier (4/4) ... ok
   - RevertSubCallStorageOOG2 | EIP158 (4/4) ... ok
   - modexp_37120_37111_97_20500 | Homestead (1/4) ... ok
   - RevertSubCallStorageOOG2 | Frontier (1/4) ... ok
   - modexp_37120_37111_97_20500 | Homestead (2/4) ... ok
   - RevertSubCallStorageOOG2 | Frontier (2/4) ... ok
   - modexp_37120_37111_97_20500 | Homestead (3/4) ... ok
   - RevertSubCallStorageOOG2 | Frontier (3/4) ... ok
   - modexp_37120_37111_97_20500 | Homestead (4/4) ... ok
   - RevertSubCallStorageOOG2 | Frontier (4/4) ... ok
   - modexp_37120_37111_97_20500 | Byzantium (1/4) ... ok
   - RevertSubCallStorageOOG2 | Homestead (1/4) ... ok
   - modexp_37120_37111_97_20500 | Byzantium (2/4) ... ok
   - RevertSubCallStorageOOG2 | Homestead (2/4) ... ok
   - modexp_37120_37111_97_20500 | Byzantium (3/4) ... ok
   - RevertSubCallStorageOOG2 | Homestead (3/4) ... ok
   - modexp_37120_37111_97_20500 | Byzantium (4/4) ... ok
   - RevertSubCallStorageOOG2 | Homestead (4/4) ... ok
   - modexp_39936_1_55201_155000 | EIP150 (1/4) ... ok
   - RevertSubCallStorageOOG2 | Byzantium (1/4) ... ok
   - modexp_39936_1_55201_155000 | EIP150 (2/4) ... ok
   - RevertSubCallStorageOOG2 | Byzantium (2/4) ... ok
   - modexp_39936_1_55201_155000 | EIP150 (3/4) ... ok
   - RevertSubCallStorageOOG2 | Byzantium (3/4) ... ok
   - RevertSubCallStorageOOG2 | Byzantium (4/4) ... ok
   - modexp_39936_1_55201_155000 | EIP150 (4/4) ... ok
   - RevertPrefoundEmptyCall | EIP150 (1/1) ... ok
   - modexp_39936_1_55201_155000 | EIP158 (1/4) ... ok
   - modexp_39936_1_55201_155000 | EIP158 (2/4) ... ok
   - RevertPrefoundEmptyCall | EIP158 (1/1) ... ok
   - modexp_39936_1_55201_155000 | EIP158 (3/4) ... ok
   - RevertPrefoundEmptyCall | Frontier (1/1) ... ok
   - modexp_39936_1_55201_155000 | EIP158 (4/4) ... ok
   - RevertPrefoundEmptyCall | Homestead (1/1) ... ok
   - modexp_39936_1_55201_155000 | Frontier (1/4) ... ok
   - RevertPrefoundEmptyCall | Byzantium (1/1) ... ok
   - modexp_39936_1_55201_155000 | Frontier (2/4) ... ok
   - modexp_39936_1_55201_155000 | Frontier (3/4) ... ok
   - TouchToEmptyAccountRevert3 | EIP150 (1/1) ... ok
   - modexp_39936_1_55201_155000 | Frontier (4/4) ... ok
   - modexp_39936_1_55201_155000 | Homestead (1/4) ... ok
   - TouchToEmptyAccountRevert3 | EIP158 (1/1) ... ok
   - modexp_39936_1_55201_155000 | Homestead (2/4) ... ok
   - TouchToEmptyAccountRevert3 | Frontier (1/1) ... ok
   - modexp_39936_1_55201_155000 | Homestead (3/4) ... ok
   - modexp_39936_1_55201_155000 | Homestead (4/4) ... ok
   - TouchToEmptyAccountRevert3 | Homestead (1/1) ... ok
   - modexp_39936_1_55201_155000 | Byzantium (1/4) ... ok
   - TouchToEmptyAccountRevert3 | Byzantium (1/1) ... ok
   - modexp_39936_1_55201_155000 | Byzantium (2/4) ... ok
   - modexp_39936_1_55201_155000 | Byzantium (3/4) ... ok
   - TouchToEmptyAccountRevert2 | EIP150 (1/1) ... ok
   - modexp_39936_1_55201_155000 | Byzantium (4/4) ... ok
   - TouchToEmptyAccountRevert2 | EIP158 (1/1) ... ok
   - TouchToEmptyAccountRevert2 | Frontier (1/1) ... ok
   - modexp_3_09984_39936_25000 | EIP150 (1/4) ... ok
   - modexp_3_09984_39936_25000 | EIP150 (2/4) ... ok
   - TouchToEmptyAccountRevert2 | Homestead (1/1) ... ok
   - modexp_3_09984_39936_25000 | EIP150 (3/4) ... ok
   - randomStatetest48 | EIP150 (1/1) ... ok
   - TouchToEmptyAccountRevert2 | Byzantium (1/1) ... ok
   - modexp_3_09984_39936_25000 | EIP150 (4/4) ... ok
   - modexp_3_09984_39936_25000 | EIP158 (1/4) ... ok
   - RevertInDelegateCall | EIP150 (1/1) ... ok
   - modexp_3_09984_39936_25000 | EIP158 (2/4) ... ok
   - RevertInDelegateCall | EIP158 (1/1) ... ok
   - modexp_3_09984_39936_25000 | EIP158 (3/4) ... ok
   - RevertInDelegateCall | Frontier (1/1) ... ok
   - modexp_3_09984_39936_25000 | EIP158 (4/4) ... ok
   - RevertInDelegateCall | Homestead (1/1) ... ok
   - modexp_3_09984_39936_25000 | Frontier (1/4) ... ok
   - modexp_3_09984_39936_25000 | Frontier (2/4) ... ok
   - RevertInDelegateCall | Byzantium (1/1) ... ok
   - modexp_3_09984_39936_25000 | Frontier (3/4) ... ok
   - modexp_3_09984_39936_25000 | Frontier (4/4) ... ok
   - RevertOpcodeInCreateReturns | EIP150 (1/1) ... ok
   - modexp_3_09984_39936_25000 | Homestead (1/4) ... ok
   - RevertOpcodeInCreateReturns | EIP158 (1/1) ... ok
   - modexp_3_09984_39936_25000 | Homestead (2/4) ... ok
   - RevertOpcodeInCreateReturns | Frontier (1/1) ... ok
   - modexp_3_09984_39936_25000 | Homestead (3/4) ... ok
   - modexp_3_09984_39936_25000 | Homestead (4/4) ... ok
ok
   - pointMulAdd2_d3g1v0_EIP150...   - RevertOpcodeInCreateReturns | Homestead (1/1) ... ok
   - RevertOpcodeInCreateReturns | Byzantium (1/1) ... ok
   - modexp_3_09984_39936_25000 | Byzantium (1/4) ... ok
   - RevertOpcodeCreate | EIP150 (1/2) ... ok
   - modexp_3_09984_39936_25000 | Byzantium (2/4) ... ok
   - RevertOpcodeCreate | EIP150 (2/2) ... ok
   - modexp_3_09984_39936_25000 | Byzantium (3/4) ... ok
   - RevertOpcodeCreate | EIP158 (1/2) ... ok
   - modexp_3_09984_39936_25000 | Byzantium (4/4) ... ok
   - RevertOpcodeCreate | EIP158 (2/2) ... ok
   - RevertOpcodeCreate | Frontier (1/2) ... ok
   - modexp_37120_37111_97_35000 | EIP150 (1/4) ... ok
   - RevertOpcodeCreate | Frontier (2/2) ... ok
   - RevertOpcodeCreate | Homestead (1/2) ... ok
   - modexp_37120_37111_97_35000 | EIP150 (2/4) ... ok
   - RevertOpcodeCreate | Homestead (2/2) ... ok
   - modexp_37120_37111_97_35000 | EIP150 (3/4) ... ok
   - RevertOpcodeCreate | Byzantium (1/2) ... ok
   - modexp_37120_37111_97_35000 | EIP150 (4/4) ... ok
   - RevertOpcodeCreate | Byzantium (2/2) ... ok
   - modexp_37120_37111_97_35000 | EIP158 (1/4) ... ok
   - modexp_37120_37111_97_35000 | EIP158 (2/4) ... ok
   - modexp_37120_37111_97_35000 | EIP158 (3/4) ... ok
   - modexp_37120_37111_97_35000 | EIP158 (4/4) ... ok
   - modexp_37120_37111_97_35000 | Frontier (1/4) ... ok
   - modexp_37120_37111_97_35000 | Frontier (2/4) ... ok
   - modexp_37120_37111_97_35000 | Frontier (3/4) ... ok
   - modexp_37120_37111_97_35000 | Frontier (4/4) ... ok
   - modexp_37120_37111_97_35000 | Homestead (1/4) ... ok
   - modexp_37120_37111_97_35000 | Homestead (2/4) ... ok
   - modexp_37120_37111_97_35000 | Homestead (3/4) ... ok
   - modexp_37120_37111_97_35000 | Homestead (4/4) ... ok
   - modexp_37120_37111_97_35000 | Byzantium (1/4) ... ok
   - modexp_37120_37111_97_35000 | Byzantium (2/4) ... ok
   - modexp_37120_37111_97_35000 | Byzantium (3/4) ... ok
   - modexp_37120_37111_97_35000 | Byzantium (4/4) ... ok
   - CallEcrecover0_0input | EIP150 (1/1) ... ok
   - CallEcrecover0_0input | EIP158 (1/1) ... ok
   - CallEcrecover0_0input | Frontier (1/1) ... ok
   - CallEcrecover0_0input | Homestead (1/1) ... ok
   - CallEcrecover0_0input | Byzantium (1/1) ... ok
   - modexp_3_5_100_25000 | EIP150 (1/4) ... ok
   - modexp_3_5_100_25000 | EIP150 (2/4) ... ok
   - modexp_3_5_100_25000 | EIP150 (3/4) ... ok
   - modexp_3_5_100_25000 | EIP150 (4/4) ... ok
   - modexp_3_5_100_25000 | EIP158 (1/4) ... ok
   - modexp_3_5_100_25000 | EIP158 (2/4) ... ok
   - modexp_3_5_100_25000 | EIP158 (3/4) ... ok
   - modexp_3_5_100_25000 | EIP158 (4/4) ... ok
   - modexp_3_5_100_25000 | Frontier (1/4) ... ok
   - modexp_3_5_100_25000 | Frontier (2/4) ... ok
   - modexp_3_5_100_25000 | Frontier (3/4) ... ok
   - modexp_3_5_100_25000 | Frontier (4/4) ... ok
   - modexp_3_5_100_25000 | Homestead (1/4) ... ok
   - modexp_3_5_100_25000 | Homestead (2/4) ... ok
   - modexp_3_5_100_25000 | Homestead (3/4) ... ok
   - modexp_3_5_100_25000 | Homestead (4/4) ... ok
   - randomStatetest48 | EIP158 (1/1) ... ok
   - modexp_3_5_100_25000 | Byzantium (1/4) ... ok
   - LoopCallsDepthThenRevert3 | EIP150 (1/1) ... ok
   - modexp_3_5_100_25000 | Byzantium (2/4) ... ok
   - modexp_3_5_100_25000 | Byzantium (3/4) ... ok
   - randomStatetest48 | Frontier (1/1) ... ok
   - modexp_3_5_100_25000 | Byzantium (4/4) ... ok
   - randomStatetest48 | Homestead (1/1) ... ok
ok
   - pointMulAdd2_d3g1v0_EIP158...   - CALLCODESha256_3 | EIP150 (1/1) ... ok
   - CALLCODESha256_3 | EIP158 (1/1) ... ok
   - CALLCODESha256_3 | Frontier (1/1) ... ok
   - CALLCODESha256_3 | Homestead (1/1) ... ok
   - CALLCODESha256_3 | Byzantium (1/1) ... ok
   - modexp_1_0_0_25000 | EIP150 (1/4) ... ok
   - modexp_1_0_0_25000 | EIP150 (2/4) ... ok
   - modexp_1_0_0_25000 | EIP150 (3/4) ... ok
   - modexp_1_0_0_25000 | EIP150 (4/4) ... ok
   - modexp_1_0_0_25000 | EIP158 (1/4) ... ok
   - modexp_1_0_0_25000 | EIP158 (2/4) ... ok
   - modexp_1_0_0_25000 | EIP158 (3/4) ... ok
   - modexp_1_0_0_25000 | EIP158 (4/4) ... ok
   - modexp_1_0_0_25000 | Frontier (1/4) ... ok
   - modexp_1_0_0_25000 | Frontier (2/4) ... ok
   - modexp_1_0_0_25000 | Frontier (3/4) ... ok
   - modexp_1_0_0_25000 | Frontier (4/4) ... ok
   - modexp_1_0_0_25000 | Homestead (1/4) ... ok
   - modexp_1_0_0_25000 | Homestead (2/4) ... ok
   - modexp_1_0_0_25000 | Homestead (3/4) ... ok
   - modexp_1_0_0_25000 | Homestead (4/4) ... ok
   - modexp_1_0_0_25000 | Byzantium (1/4) ... ok
   - modexp_1_0_0_25000 | Byzantium (2/4) ... ok
   - modexp_1_0_0_25000 | Byzantium (3/4) ... ok
   - modexp_1_0_0_25000 | Byzantium (4/4) ... ok
   - CallRipemd160_3_prefixed0 | EIP150 (1/1) ... ok
   - CallRipemd160_3_prefixed0 | EIP158 (1/1) ... ok
   - CallRipemd160_3_prefixed0 | Frontier (1/1) ... ok
   - CallRipemd160_3_prefixed0 | Homestead (1/1) ... ok
   - CallRipemd160_3_prefixed0 | Byzantium (1/1) ... ok
   - modexp_3_09984_39936_1000000 | EIP150 (1/4) ... ok
   - modexp_3_09984_39936_1000000 | EIP150 (2/4) ... ok
   - modexp_3_09984_39936_1000000 | EIP150 (3/4) ... ok
   - modexp_3_09984_39936_1000000 | EIP150 (4/4) ... ok
   - modexp_3_09984_39936_1000000 | EIP158 (1/4) ... ok
   - randomStatetest48 | Byzantium (1/1) ... ok
   - modexp_3_09984_39936_1000000 | EIP158 (2/4) ... ok
   - modexp_3_09984_39936_1000000 | EIP158 (3/4) ... ok
   - modexp_3_09984_39936_1000000 | EIP158 (4/4) ... ok
   - randomStatetest367 | EIP150 (1/1) ... ok
   - modexp_3_09984_39936_1000000 | Frontier (1/4) ... ok
   - modexp_3_09984_39936_1000000 | Frontier (2/4) ... ok
   - randomStatetest367 | EIP158 (1/1) ... ok
   - modexp_3_09984_39936_1000000 | Frontier (3/4) ... ok
   - randomStatetest367 | Frontier (1/1) ... ok
   - modexp_3_09984_39936_1000000 | Frontier (4/4) ... ok
   - randomStatetest367 | Homestead (1/1) ... ok
   - modexp_3_09984_39936_1000000 | Homestead (1/4) ... ok
   - randomStatetest367 | Byzantium (1/1) ... ok
   - modexp_3_09984_39936_1000000 | Homestead (2/4) ... ok
   - modexp_3_09984_39936_1000000 | Homestead (3/4) ... ok
   - randomStatetest419 | EIP150 (1/1) ... ok
   - modexp_3_09984_39936_1000000 | Homestead (4/4) ... ok
   - randomStatetest419 | EIP158 (1/1) ... ok
   - randomStatetest419 | Frontier (1/1) ... ok
   - modexp_3_09984_39936_1000000 | Byzantium (1/4) ... ok
   - randomStatetest419 | Homestead (1/1) ... ok
   - modexp_3_09984_39936_1000000 | Byzantium (2/4) ... ok
   - randomStatetest419 | Byzantium (1/1) ... ok
   - modexp_3_09984_39936_1000000 | Byzantium (3/4) ... ok
   - randomStatetest112 | EIP150 (1/1) ... ok
   - randomStatetest112 | EIP158 (1/1) ... ok
   - randomStatetest112 | Frontier (1/1) ... ok
   - LoopCallsDepthThenRevert3 | EIP158 (1/1) ... ok
   - LoopCallsDepthThenRevert3 | Frontier (1/1) ... ok
   - modexp_3_09984_39936_1000000 | Byzantium (4/4) ... ok
test json_tests::state::state_tests::GeneralStateTest_stPreCompiledContracts ... ok
   - LoopCallsDepthThenRevert3 | Homestead (1/1) ... ok
   - TestOverflow | EIP150 (1/1) ... ok
   - randomStatetest112 | Homestead (1/1) ... ok
   - TestOverflow | EIP158 (1/1) ... ok
ok
   - pointMulAdd2_d3g1v0_Frontier...   - TestOverflow | Frontier (1/1) ... ok
   - TestOverflow | Homestead (1/1) ... ok
   - randomStatetest112 | Byzantium (1/1) ... ok
   - TestOverflow | Byzantium (1/1) ... ok
   - randomStatetest6 | EIP150 (1/1) ... ok
   - TestContractSuicide | EIP150 (1/1) ... ok
   - randomStatetest6 | EIP158 (1/1) ... ok
   - TestContractSuicide | EIP158 (1/1) ... ok
   - randomStatetest6 | Frontier (1/1) ... ok
   - TestContractSuicide | Frontier (1/1) ... ok
   - randomStatetest6 | Homestead (1/1) ... ok
   - TestContractSuicide | Homestead (1/1) ... ok
   - randomStatetest6 | Byzantium (1/1) ... ok
   - TestContractSuicide | Byzantium (1/1) ... ok
   - CreateContractFromMethod | EIP150 (1/1) ... ok
   - CreateContractFromMethod | EIP158 (1/1) ... ok
   - CreateContractFromMethod | Frontier (1/1) ... ok
   - CreateContractFromMethod | Homestead (1/1) ... ok
   - CreateContractFromMethod | Byzantium (1/1) ... ok
   - CallRecursiveMethods | EIP150 (1/1) ... ok
   - CallRecursiveMethods | EIP158 (1/1) ... ok
   - CallRecursiveMethods | Frontier (1/1) ... ok
   - CallRecursiveMethods | Homestead (1/1) ... ok
   - CallRecursiveMethods | Byzantium (1/1) ... ok
   - randomStatetest36 | EIP150 (1/1) ... ok
   - TestContractInteraction | EIP150 (1/1) ... ok
   - TestContractInteraction | EIP158 (1/1) ... ok
   - TestContractInteraction | Frontier (1/1) ... ok
   - TestContractInteraction | Homestead (1/1) ... ok
   - TestContractInteraction | Byzantium (1/1) ... ok
   - AmbiguousMethod | EIP150 (1/1) ... ok
   - AmbiguousMethod | EIP158 (1/1) ... ok
   - AmbiguousMethod | Frontier (1/1) ... ok
   - AmbiguousMethod | Homestead (1/1) ... ok
   - AmbiguousMethod | Byzantium (1/1) ... ok
   - randomStatetest36 | EIP158 (1/1) ... ok
   - CallInfiniteLoop | EIP150 (1/1) ... ok
   - CallInfiniteLoop | EIP158 (1/1) ... ok
   - CallInfiniteLoop | Frontier (1/1) ... ok
   - randomStatetest36 | Frontier (1/1) ... ok
   - LoopCallsDepthThenRevert3 | Byzantium (1/1) ... ok
   - RevertPrefoundCall | EIP150 (1/1) ... ok
   - RevertPrefoundCall | EIP158 (1/1) ... ok
   - CallInfiniteLoop | Homestead (1/1) ... ok
   - RevertPrefoundCall | Frontier (1/1) ... ok
   - RevertPrefoundCall | Homestead (1/1) ... ok
   - RevertPrefoundCall | Byzantium (1/1) ... ok
   - RevertDepthCreateAddressCollision | EIP150 (1/8) ... ok
   - CallInfiniteLoop | Byzantium (1/1) ... ok
   - RevertDepthCreateAddressCollision | EIP150 (2/8) ... ok
   - RevertDepthCreateAddressCollision | EIP150 (3/8) ... ok
   - RecursiveCreateContracts | EIP150 (1/1) ... ok
   - RecursiveCreateContracts | EIP158 (1/1) ... ok
   - RecursiveCreateContracts | Frontier (1/1) ... ok
   - randomStatetest36 | Homestead (1/1) ... ok
   - RecursiveCreateContracts | Homestead (1/1) ... ok
   - RecursiveCreateContracts | Byzantium (1/1) ... ok
   - TestKeywords | EIP150 (1/1) ... ok
   - TestKeywords | EIP158 (1/1) ... ok
   - RevertDepthCreateAddressCollision | EIP150 (4/8) ... ok
   - TestKeywords | Frontier (1/1) ... ok
   - RevertDepthCreateAddressCollision | EIP150 (5/8) ... ok
   - RevertDepthCreateAddressCollision | EIP150 (6/8) ... ok
   - TestKeywords | Homestead (1/1) ... ok
   - RevertDepthCreateAddressCollision | EIP150 (7/8) ... ok
   - TestKeywords | Byzantium (1/1) ... ok
   - RevertDepthCreateAddressCollision | EIP150 (8/8) ... ok
   - RecursiveCreateContractsCreate4Contracts | EIP150 (1/1) ... ok
   - RevertDepthCreateAddressCollision | EIP158 (1/8) ... ok
   - RevertDepthCreateAddressCollision | EIP158 (2/8) ... ok
   - RecursiveCreateContractsCreate4Contracts | EIP158 (1/1) ... ok
ok
   - pointMulAdd2_d3g1v0_Homestead...   - RevertDepthCreateAddressCollision | EIP158 (3/8) ... ok
   - RecursiveCreateContractsCreate4Contracts | Frontier (1/1) ... ok
   - RevertDepthCreateAddressCollision | EIP158 (4/8) ... ok
   - RevertDepthCreateAddressCollision | EIP158 (5/8) ... ok
   - RecursiveCreateContractsCreate4Contracts | Homestead (1/1) ... ok
   - RevertDepthCreateAddressCollision | EIP158 (6/8) ... ok
   - RecursiveCreateContractsCreate4Contracts | Byzantium (1/1) ... ok
   - RevertDepthCreateAddressCollision | EIP158 (7/8) ... ok
   - RevertDepthCreateAddressCollision | EIP158 (8/8) ... ok
   - TestStoreGasPrices | EIP150 (1/1) ... ok
   - RevertDepthCreateAddressCollision | Frontier (1/8) ... ok
   - randomStatetest36 | Byzantium (1/1) ... ok
   - TestStoreGasPrices | EIP158 (1/1) ... ok
   - RevertDepthCreateAddressCollision | Frontier (2/8) ... ok
   - TestStoreGasPrices | Frontier (1/1) ... ok
   - RevertDepthCreateAddressCollision | Frontier (3/8) ... ok
   - RevertDepthCreateAddressCollision | Frontier (4/8) ... ok
   - randomStatetest426 | EIP150 (1/1) ... ok
   - TestStoreGasPrices | Homestead (1/1) ... ok
   - RevertDepthCreateAddressCollision | Frontier (5/8) ... ok
   - TestStoreGasPrices | Byzantium (1/1) ... ok
   - CallLowLevelCreatesSolidity | EIP150 (1/1) ... ok
   - CallLowLevelCreatesSolidity | EIP158 (1/1) ... ok
   - CallLowLevelCreatesSolidity | Frontier (1/1) ... ok
   - CallLowLevelCreatesSolidity | Homestead (1/1) ... ok
   - randomStatetest426 | EIP158 (1/1) ... ok
   - CallLowLevelCreatesSolidity | Byzantium (1/1) ... ok
   - randomStatetest426 | Frontier (1/1) ... ok
   - randomStatetest426 | Homestead (1/1) ... ok
   - TestStructuresAndVariabless | EIP150 (1/1) ... ok
   - randomStatetest426 | Byzantium (1/1) ... ok
   - TestStructuresAndVariabless | EIP158 (1/1) ... ok
   - TestStructuresAndVariabless | Frontier (1/1) ... ok
   - randomStatetest412 | EIP150 (1/1) ... ok
   - randomStatetest412 | EIP158 (1/1) ... ok
   - TestStructuresAndVariabless | Homestead (1/1) ... ok
   - randomStatetest412 | Frontier (1/1) ... ok
   - TestStructuresAndVariabless | Byzantium (1/1) ... ok
   - TestBlockAndTransactionProperties | EIP150 (1/1) ... ok
   - TestBlockAndTransactionProperties | EIP158 (1/1) ... ok
   - TestBlockAndTransactionProperties | Frontier (1/1) ... ok
   - RevertDepthCreateAddressCollision | Frontier (6/8) ... ok
   - TestBlockAndTransactionProperties | Homestead (1/1) ... ok
   - RevertDepthCreateAddressCollision | Frontier (7/8) ... ok
   - TestBlockAndTransactionProperties | Byzantium (1/1) ... ok
   - RevertDepthCreateAddressCollision | Frontier (8/8) ... ok
   - RevertDepthCreateAddressCollision | Homestead (1/8) ... ok
   - ContractInheritance | EIP150 (1/1) ... ok
   - RevertDepthCreateAddressCollision | Homestead (2/8) ... ok
   - ContractInheritance | EIP158 (1/1) ... ok
   - RevertDepthCreateAddressCollision | Homestead (3/8) ... ok
   - ContractInheritance | Frontier (1/1) ... ok
   - RevertDepthCreateAddressCollision | Homestead (4/8) ... ok
   - RevertDepthCreateAddressCollision | Homestead (5/8) ... ok
   - ContractInheritance | Homestead (1/1) ... ok
   - RevertDepthCreateAddressCollision | Homestead (6/8) ... ok
   - ContractInheritance | Byzantium (1/1) ... ok
   - RevertDepthCreateAddressCollision | Homestead (7/8) ... ok
   - RevertDepthCreateAddressCollision | Homestead (8/8) ... ok
   - TestCryptographicFunctions | EIP150 (1/1) ... ok
   - randomStatetest412 | Homestead (1/1) ... ok
   - randomStatetest412 | Byzantium (1/1) ... ok
   - TestCryptographicFunctions | EIP158 (1/1) ... ok
   - randomStatetest495 | EIP150 (1/1) ... ok
   - TestCryptographicFunctions | Frontier (1/1) ... ok
   - randomStatetest495 | EIP158 (1/1) ... ok
   - TestCryptographicFunctions | Homestead (1/1) ... ok
   - randomStatetest495 | Frontier (1/1) ... ok
   - TestCryptographicFunctions | Byzantium (1/1) ... ok
test json_tests::state::state_tests::GeneralStateTest_stSolidityTest ... ok
   - randomStatetest495 | Homestead (1/1) ... ok
   - randomStatetest495 | Byzantium (1/1) ... ok
   - randomStatetest1 | EIP150 (1/1) ... ok
   - deploymentError | EIP150 (1/1) ... ok
   - randomStatetest1 | EIP158 (1/1) ... ok
   - randomStatetest1 | Frontier (1/1) ... ok
   - deploymentError | EIP158 (1/1) ... ok
   - randomStatetest1 | Homestead (1/1) ... ok
   - deploymentError | Frontier (1/1) ... ok
   - randomStatetest1 | Byzantium (1/1) ... ok
   - deploymentError | Homestead (1/1) ... ok
   - randomStatetest428 | EIP150 (1/1) ... ok
   - deploymentError | Byzantium (1/1) ... ok
ok
   - randomStatetest428 | EIP158 (1/1) ... ok
   - StackDepthLimitSEC | EIP150 (1/1) ... ok
   - RevertDepthCreateAddressCollision | Byzantium (1/8) ... ok
   - StackDepthLimitSEC | EIP158 (1/1) ... ok
   - RevertDepthCreateAddressCollision | Byzantium (2/8) ... ok
   - StackDepthLimitSEC | Frontier (1/1) ... ok
   - RevertDepthCreateAddressCollision | Byzantium (3/8) ... ok
   - ecmul_0-0_9_28000_96_d0g0v0_Byzantium...   - StackDepthLimitSEC | Homestead (1/1) ... ok
   - RevertDepthCreateAddressCollision | Byzantium (4/8) ... ok
   - RevertDepthCreateAddressCollision | Byzantium (5/8) ... ok
   - StackDepthLimitSEC | Byzantium (1/1) ... ok
   - RevertDepthCreateAddressCollision | Byzantium (6/8) ... ok
   - RevertDepthCreateAddressCollision | Byzantium (7/8) ... ok
   - RevertDepthCreateAddressCollision | Byzantium (8/8) ... ok
   - RevertPrefoundOOG | EIP150 (1/1) ... ok
   - RevertPrefoundOOG | EIP158 (1/1) ... ok
   - RevertPrefoundOOG | Frontier (1/1) ... ok
   - RevertPrefoundOOG | Homestead (1/1) ... ok
   - RevertPrefoundOOG | Byzantium (1/1) ... ok
   - randomStatetest428 | Frontier (1/1) ... ok
   - randomStatetest428 | Homestead (1/1) ... ok
   - randomStatetest428 | Byzantium (1/1) ... ok
   - randomStatetest273 | EIP150 (1/1) ... ok
   - randomStatetest273 | EIP158 (1/1) ... ok
   - block504980 | EIP150 (1/1) ... ok
   - RevertPrefoundEmpty | EIP150 (1/1) ... ok
   - RevertPrefoundEmpty | EIP158 (1/1) ... ok
   - RevertPrefoundEmpty | Frontier (1/1) ... ok
   - RevertPrefoundEmpty | Homestead (1/1) ... ok
   - RevertPrefoundEmpty | Byzantium (1/1) ... ok
   - randomStatetest273 | Frontier (1/1) ... ok
   - randomStatetest273 | Homestead (1/1) ... ok
   - randomStatetest273 | Byzantium (1/1) ... ok
   - randomStatetest494 | EIP150 (1/1) ... ok
   - randomStatetest494 | EIP158 (1/1) ... ok
   - RevertPrefoundEmptyOOG | EIP150 (1/1) ... ok
   - RevertPrefoundEmptyOOG | EIP158 (1/1) ... ok
   - RevertPrefoundEmptyOOG | Frontier (1/1) ... ok
   - RevertPrefoundEmptyOOG | Homestead (1/1) ... ok
   - RevertPrefoundEmptyOOG | Byzantium (1/1) ... ok
   - TouchToEmptyAccountRevert | EIP150 (1/1) ... ok
   - TouchToEmptyAccountRevert | EIP158 (1/1) ... ok
   - TouchToEmptyAccountRevert | Frontier (1/1) ... ok
   - randomStatetest494 | Frontier (1/1) ... ok
   - randomStatetest494 | Homestead (1/1) ... ok
   - randomStatetest494 | Byzantium (1/1) ... ok
   - block504980 | EIP158 (1/1) ... ok
   - randomStatetest11 | EIP150 (1/1) ... ok
   - randomStatetest11 | EIP158 (1/1) ... ok
   - randomStatetest11 | Frontier (1/1) ... ok
   - randomStatetest11 | Homestead (1/1) ... ok
   - randomStatetest11 | Byzantium (1/1) ... ok
   - TouchToEmptyAccountRevert | Homestead (1/1) ... ok
   - randomStatetest270 | EIP150 (1/1) ... ok
   - randomStatetest270 | EIP158 (1/1) ... ok
   - TouchToEmptyAccountRevert | Byzantium (1/1) ... ok
   - randomStatetest270 | Frontier (1/1) ... ok
   - randomStatetest270 | Homestead (1/1) ... ok
   - randomStatetest270 | Byzantium (1/1) ... ok
   - NashatyrevSuicideRevert | EIP150 (1/1) ... ok
   - NashatyrevSuicideRevert | EIP158 (1/1) ... ok
   - randomStatetest216 | EIP150 (1/1) ... ok
   - randomStatetest216 | EIP158 (1/1) ... ok
ok
   - ecmul_0-0_9_28000_96_d0g0v0_EIP150...   - randomStatetest216 | Frontier (1/1) ... ok
   - block504980 | Frontier (1/1) ... ok
   - randomStatetest216 | Homestead (1/1) ... ok
   - randomStatetest216 | Byzantium (1/1) ... ok
   - randomStatetest57 | EIP150 (1/1) ... ok
   - randomStatetest57 | EIP158 (1/1) ... ok
   - NashatyrevSuicideRevert | Frontier (1/1) ... ok
   - randomStatetest57 | Frontier (1/1) ... ok
   - randomStatetest57 | Homestead (1/1) ... ok
   - NashatyrevSuicideRevert | Homestead (1/1) ... ok
   - randomStatetest57 | Byzantium (1/1) ... ok
   - NashatyrevSuicideRevert | Byzantium (1/1) ... ok
   - randomStatetest157 | EIP150 (1/1) ... ok
   - RevertPrefoundEmptyCallOOG | EIP150 (1/1) ... ok
   - randomStatetest157 | EIP158 (1/1) ... ok
   - RevertPrefoundEmptyCallOOG | EIP158 (1/1) ... ok
   - randomStatetest157 | Frontier (1/1) ... ok
   - randomStatetest157 | Homestead (1/1) ... ok
   - randomStatetest157 | Byzantium (1/1) ... ok
   - randomStatetest493 | EIP150 (1/1) ... ok
   - RevertPrefoundEmptyCallOOG | Frontier (1/1) ... ok
   - randomStatetest493 | EIP158 (1/1) ... ok
   - RevertPrefoundEmptyCallOOG | Homestead (1/1) ... ok
   - randomStatetest493 | Frontier (1/1) ... ok
   - randomStatetest493 | Homestead (1/1) ... ok
   - randomStatetest493 | Byzantium (1/1) ... ok
   - randomStatetest553 | EIP150 (1/1) ... ok
   - block504980 | Homestead (1/1) ... ok
   - RevertPrefoundEmptyCallOOG | Byzantium (1/1) ... ok
   - randomStatetest553 | EIP158 (1/1) ... ok
   - randomStatetest553 | Frontier (1/1) ... ok
   - randomStatetest553 | Homestead (1/1) ... ok
   - RevertOpcodeReturn | EIP150 (1/12) ... ok
   - randomStatetest553 | Byzantium (1/1) ... ok
   - randomStatetest325 | EIP150 (1/1) ... ok
   - randomStatetest325 | EIP158 (1/1) ... ok
ok
   - randomStatetest325 | Frontier (1/1) ... ok
   - ecmul_0-0_9_28000_96_d0g0v0_EIP158...   - randomStatetest325 | Homestead (1/1) ... ok
   - randomStatetest325 | Byzantium (1/1) ... ok
   - randomStatetest475 | EIP150 (1/1) ... ok
   - randomStatetest475 | EIP158 (1/1) ... ok
   - randomStatetest475 | Frontier (1/1) ... ok
   - block504980 | Byzantium (1/1) ... ok
   - randomStatetest475 | Homestead (1/1) ... ok
   - RevertOpcodeReturn | EIP150 (2/12) ... ok
   - RevertOpcodeReturn | EIP150 (3/12) ... ok
   - randomStatetest475 | Byzantium (1/1) ... ok
   - tx_e1c174e2 | EIP150 (1/1) ... ok
   - RevertOpcodeReturn | EIP150 (4/12) ... ok
   - RevertOpcodeReturn | EIP150 (5/12) ... ok
   - randomStatetest84 | EIP150 (1/1) ... ok
   - tx_e1c174e2 | EIP158 (1/1) ... ok
   - RevertOpcodeReturn | EIP150 (6/12) ... ok
   - randomStatetest84 | EIP158 (1/1) ... ok
   - tx_e1c174e2 | Frontier (1/1) ... ok
   - RevertOpcodeReturn | EIP150 (7/12) ... ok
   - tx_e1c174e2 | Homestead (1/1) ... ok
   - randomStatetest84 | Frontier (1/1) ... ok
   - randomStatetest84 | Homestead (1/1) ... ok
   - tx_e1c174e2 | Byzantium (1/1) ... ok
   - RevertOpcodeReturn | EIP150 (8/12) ... ok
   - randomStatetest84 | Byzantium (1/1) ... ok
   - txCost-sec73 | EIP150 (1/1) ... ok (Error(Execution(NotEnoughBaseGas { required: 0x520c, got: 0x5208 }), State { next_error: None, backtrace: InternalBacktrace { backtrace: None } }))
   - randomStatetest366 | EIP150 (1/1) ... ok
   - txCost-sec73 | EIP158 (1/1) ... ok (Error(Execution(NotEnoughBaseGas { required: 0x520c, got: 0x5208 }), State { next_error: None, backtrace: InternalBacktrace { backtrace: None } }))
   - RevertOpcodeReturn | EIP150 (9/12) ... ok
   - txCost-sec73 | Frontier (1/1) ... ok (Error(Execution(NotEnoughBaseGas { required: 0x520c, got: 0x5208 }), State { next_error: None, backtrace: InternalBacktrace { backtrace: None } }))
   - randomStatetest366 | EIP158 (1/1) ... ok
   - txCost-sec73 | Homestead (1/1) ... ok (Error(Execution(NotEnoughBaseGas { required: 0x520c, got: 0x5208 }), State { next_error: None, backtrace: InternalBacktrace { backtrace: None } }))
   - RevertOpcodeReturn | EIP150 (10/12) ... ok
   - randomStatetest366 | Frontier (1/1) ... ok
   - RevertOpcodeReturn | EIP150 (11/12) ... ok
   - txCost-sec73 | Byzantium (1/1) ... ok (Error(Execution(NotEnoughBaseGas { required: 0x520c, got: 0x5208 }), State { next_error: None, backtrace: InternalBacktrace { backtrace: None } }))
   - randomStatetest366 | Homestead (1/1) ... ok
   - randomStatetest366 | Byzantium (1/1) ... ok
   - makeMoney | EIP150 (1/1) ... ok
   - RevertOpcodeReturn | EIP150 (12/12) ... ok
   - RevertOpcodeReturn | EIP158 (1/12) ... ok
   - randomStatetest471 | EIP150 (1/1) ... ok
   - makeMoney | EIP158 (1/1) ... ok
   - RevertOpcodeReturn | EIP158 (2/12) ... ok
   - makeMoney | Frontier (1/1) ... ok
   - randomStatetest471 | EIP158 (1/1) ... ok
   - RevertOpcodeReturn | EIP158 (3/12) ... ok
   - makeMoney | Homestead (1/1) ... ok
   - randomStatetest471 | Frontier (1/1) ... ok
   - randomStatetest471 | Homestead (1/1) ... ok
   - makeMoney | Byzantium (1/1) ... ok
   - randomStatetest471 | Byzantium (1/1) ... ok
   - OverflowGasMakeMoney | EIP150 (1/1) ... ok (Error(Execution(NotEnoughCash { required: 0x80000000000001f3, got: 0x3e8 }), State { next_error: None, backtrace: InternalBacktrace { backtrace: None } }))
   - OverflowGasMakeMoney | EIP158 (1/1) ... ok (Error(Execution(NotEnoughCash { required: 0x80000000000001f3, got: 0x3e8 }), State { next_error: None, backtrace: InternalBacktrace { backtrace: None } }))
   - randomStatetest254 | EIP150 (1/1) ... ok
   - RevertOpcodeReturn | EIP158 (4/12) ... ok
   - OverflowGasMakeMoney | Frontier (1/1) ... ok (Error(Execution(NotEnoughCash { required: 0x80000000000001f3, got: 0x3e8 }), State { next_error: None, backtrace: InternalBacktrace { backtrace: None } }))
   - randomStatetest254 | EIP158 (1/1) ... ok
   - randomStatetest254 | Frontier (1/1) ... ok
   - OverflowGasMakeMoney | Homestead (1/1) ... ok (Error(Execution(NotEnoughCash { required: 0x80000000000001f3, got: 0x3e8 }), State { next_error: None, backtrace: InternalBacktrace { backtrace: None } }))
   - randomStatetest254 | Homestead (1/1) ... ok
   - OverflowGasMakeMoney | Byzantium (1/1) ... ok (Error(Execution(NotEnoughCash { required: 0x80000000000001f3, got: 0x3e8 }), State { next_error: None, backtrace: InternalBacktrace { backtrace: None } }))
   - randomStatetest254 | Byzantium (1/1) ... ok
   - RevertOpcodeReturn | EIP158 (5/12) ... ok
ok
   - failed_tx_xcf416c53 | EIP150 (1/1) ... ok
   - ecmul_0-0_9_28000_96_d0g0v0_Frontier...   - RevertOpcodeReturn | EIP158 (6/12) ... ok
   - randomStatetest26 | EIP150 (1/1) ... ok
   - RevertOpcodeReturn | EIP158 (7/12) ... ok
   - randomStatetest26 | EIP158 (1/1) ... ok
   - RevertOpcodeReturn | EIP158 (8/12) ... ok
   - RevertOpcodeReturn | EIP158 (9/12) ... ok
   - randomStatetest26 | Frontier (1/1) ... ok
   - RevertOpcodeReturn | EIP158 (10/12) ... ok
   - randomStatetest26 | Homestead (1/1) ... ok
   - randomStatetest26 | Byzantium (1/1) ... ok
   - RevertOpcodeReturn | EIP158 (11/12) ... ok
   - RevertOpcodeReturn | EIP158 (12/12) ... ok
   - randomStatetest601 | EIP150 (1/1) ... ok
   - RevertOpcodeReturn | Frontier (1/12) ... ok
   - randomStatetest601 | EIP158 (1/1) ... ok
   - RevertOpcodeReturn | Frontier (2/12) ... ok
   - randomStatetest601 | Frontier (1/1) ... ok
   - RevertOpcodeReturn | Frontier (3/12) ... ok
   - randomStatetest601 | Homestead (1/1) ... ok
   - RevertOpcodeReturn | Frontier (4/12) ... ok
   - RevertOpcodeReturn | Frontier (5/12) ... ok
   - randomStatetest601 | Byzantium (1/1) ... ok
   - RevertOpcodeReturn | Frontier (6/12) ... ok
   - randomStatetest610 | EIP150 (1/1) ... ok
   - RevertOpcodeReturn | Frontier (7/12) ... ok
   - randomStatetest610 | EIP158 (1/1) ... ok
   - RevertOpcodeReturn | Frontier (8/12) ... ok
   - RevertOpcodeReturn | Frontier (9/12) ... ok
   - failed_tx_xcf416c53 | EIP158 (1/1) ... ok
   - RevertOpcodeReturn | Frontier (10/12) ... ok
   - RevertOpcodeReturn | Frontier (11/12) ... ok
   - failed_tx_xcf416c53 | Frontier (1/1) ... ok
   - RevertOpcodeReturn | Frontier (12/12) ... ok
   - failed_tx_xcf416c53 | Homestead (1/1) ... ok
   - RevertOpcodeReturn | Homestead (1/12) ... ok
   - RevertOpcodeReturn | Homestead (2/12) ... ok
   - RevertOpcodeReturn | Homestead (3/12) ... ok
   - RevertOpcodeReturn | Homestead (4/12) ... ok
   - randomStatetest610 | Frontier (1/1) ... ok
   - randomStatetest610 | Homestead (1/1) ... ok
   - randomStatetest610 | Byzantium (1/1) ... ok
   - randomStatetest416 | EIP150 (1/1) ... ok
   - randomStatetest416 | EIP158 (1/1) ... ok
   - randomStatetest416 | Frontier (1/1) ... ok
   - randomStatetest416 | Homestead (1/1) ... ok
   - failed_tx_xcf416c53 | Byzantium (1/1) ... ok
   - randomStatetest416 | Byzantium (1/1) ... ok
   - randomStatetest51 | EIP150 (1/1) ... ok
   - randomStatetest51 | EIP158 (1/1) ... ok
   - randomStatetest51 | Frontier (1/1) ... ok
   - randomStatetest51 | Homestead (1/1) ... ok
   - RevertOpcodeReturn | Homestead (5/12) ... ok
   - randomStatetest51 | Byzantium (1/1) ... ok
   - RevertOpcodeReturn | Homestead (6/12) ... ok
   - RevertOpcodeReturn | Homestead (7/12) ... ok
   - randomStatetest148 | EIP150 (1/1) ... ok
   - RevertOpcodeReturn | Homestead (8/12) ... ok
   - randomStatetest148 | EIP158 (1/1) ... ok
   - RevertOpcodeReturn | Homestead (9/12) ... ok
   - RevertOpcodeReturn | Homestead (10/12) ... ok
   - RevertOpcodeReturn | Homestead (11/12) ... ok
   - RevertOpcodeReturn | Homestead (12/12) ... ok
   - RevertOpcodeReturn | Byzantium (1/12) ... ok
   - RevertOpcodeReturn | Byzantium (2/12) ... ok
   - RevertOpcodeReturn | Byzantium (3/12) ... ok
   - RevertOpcodeReturn | Byzantium (4/12) ... ok
   - RevertOpcodeReturn | Byzantium (5/12) ... ok
   - randomStatetest148 | Frontier (1/1) ... ok
   - RevertOpcodeReturn | Byzantium (6/12) ... ok
   - randomStatetest148 | Homestead (1/1) ... ok
   - RevertOpcodeReturn | Byzantium (7/12) ... ok
   - RevertOpcodeReturn | Byzantium (8/12) ... ok
   - randomStatetest148 | Byzantium (1/1) ... ok
   - RevertOpcodeReturn | Byzantium (9/12) ... ok
   - randomStatetest190 | EIP150 (1/1) ... ok
   - RevertOpcodeReturn | Byzantium (10/12) ... ok
ok
   - ecmul_0-0_9_28000_96_d0g0v0_Homestead...   - randomStatetest190 | EIP158 (1/1) ... ok
   - RevertOpcodeReturn | Byzantium (11/12) ... ok
   - randomStatetest190 | Frontier (1/1) ... ok
   - RevertOpcodeReturn | Byzantium (12/12) ... ok
   - randomStatetest190 | Homestead (1/1) ... ok
   - randomStatetest190 | Byzantium (1/1) ... ok
   - RevertOpcodeInCallsOnNonEmptyReturnData | EIP150 (1/8) ... ok
   - RevertOpcodeInCallsOnNonEmptyReturnData | EIP150 (2/8) ... ok
   - randomStatetest446 | EIP150 (1/1) ... ok
   - RevertOpcodeInCallsOnNonEmptyReturnData | EIP150 (3/8) ... ok
   - randomStatetest446 | EIP158 (1/1) ... ok
   - RevertOpcodeInCallsOnNonEmptyReturnData | EIP150 (4/8) ... ok
   - randomStatetest446 | Frontier (1/1) ... ok
   - RevertOpcodeInCallsOnNonEmptyReturnData | EIP150 (5/8) ... ok
   - randomStatetest446 | Homestead (1/1) ... ok
   - RevertOpcodeInCallsOnNonEmptyReturnData | EIP150 (6/8) ... ok
   - randomStatetest446 | Byzantium (1/1) ... ok
   - RevertOpcodeInCallsOnNonEmptyReturnData | EIP150 (7/8) ... ok
   - randomStatetest320 | EIP150 (1/1) ... ok
   - RevertOpcodeInCallsOnNonEmptyReturnData | EIP150 (8/8) ... ok
   - randomStatetest320 | EIP158 (1/1) ... ok
   - RevertOpcodeInCallsOnNonEmptyReturnData | EIP158 (1/8) ... ok
   - randomStatetest320 | Frontier (1/1) ... ok
   - RevertOpcodeInCallsOnNonEmptyReturnData | EIP158 (2/8) ... ok
   - randomStatetest320 | Homestead (1/1) ... ok
   - RevertOpcodeInCallsOnNonEmptyReturnData | EIP158 (3/8) ... ok
   - randomStatetest320 | Byzantium (1/1) ... ok
   - RevertOpcodeInCallsOnNonEmptyReturnData | EIP158 (4/8) ... ok
   - RevertOpcodeInCallsOnNonEmptyReturnData | EIP158 (5/8) ... ok
   - RevertOpcodeInCallsOnNonEmptyReturnData | EIP158 (6/8) ... ok
   - RevertOpcodeInCallsOnNonEmptyReturnData | EIP158 (7/8) ... ok
   - randomStatetest644 | EIP150 (1/1) ... ok
   - RevertOpcodeInCallsOnNonEmptyReturnData | EIP158 (8/8) ... ok
   - randomStatetest644 | EIP158 (1/1) ... ok
   - RevertOpcodeInCallsOnNonEmptyReturnData | Frontier (1/8) ... ok
   - RevertOpcodeInCallsOnNonEmptyReturnData | Frontier (2/8) ... ok
   - RevertOpcodeInCallsOnNonEmptyReturnData | Frontier (3/8) ... ok
   - RevertOpcodeInCallsOnNonEmptyReturnData | Frontier (4/8) ... ok
   - randomStatetest644 | Frontier (1/1) ... ok
   - RevertOpcodeInCallsOnNonEmptyReturnData | Frontier (5/8) ... ok
   - randomStatetest644 | Homestead (1/1) ... ok
   - RevertOpcodeInCallsOnNonEmptyReturnData | Frontier (6/8) ... ok
   - randomStatetest644 | Byzantium (1/1) ... ok
   - RevertOpcodeInCallsOnNonEmptyReturnData | Frontier (7/8) ... ok
   - RevertOpcodeInCallsOnNonEmptyReturnData | Frontier (8/8) ... ok
   - randomStatetest565 | EIP150 (1/1) ... ok
   - RevertOpcodeInCallsOnNonEmptyReturnData | Homestead (1/8) ... ok
   - randomStatetest565 | EIP158 (1/1) ... ok
   - RevertOpcodeInCallsOnNonEmptyReturnData | Homestead (2/8) ... ok
   - randomStatetest565 | Frontier (1/1) ... ok
   - RevertOpcodeInCallsOnNonEmptyReturnData | Homestead (3/8) ... ok
   - randomStatetest565 | Homestead (1/1) ... ok
   - RevertOpcodeInCallsOnNonEmptyReturnData | Homestead (4/8) ... ok
   - JUMPDEST_AttackwithJump | EIP150 (1/1) ... ok
   - RevertOpcodeInCallsOnNonEmptyReturnData | Homestead (5/8) ... ok
   - randomStatetest565 | Byzantium (1/1) ... ok
   - RevertOpcodeInCallsOnNonEmptyReturnData | Homestead (6/8) ... ok
   - randomStatetest116 | EIP150 (1/1) ... ok
   - RevertOpcodeInCallsOnNonEmptyReturnData | Homestead (7/8) ... ok
   - randomStatetest116 | EIP158 (1/1) ... ok
   - randomStatetest116 | Frontier (1/1) ... ok
   - randomStatetest116 | Homestead (1/1) ... ok
   - randomStatetest116 | Byzantium (1/1) ... ok
   - randomStatetest250 | EIP150 (1/1) ... ok
   - randomStatetest250 | EIP158 (1/1) ... ok
   - randomStatetest250 | Frontier (1/1) ... ok
   - randomStatetest250 | Homestead (1/1) ... ok
   - randomStatetest250 | Byzantium (1/1) ... ok
   - RevertOpcodeInCallsOnNonEmptyReturnData | Homestead (8/8) ... ok
   - randomStatetest119 | EIP150 (1/1) ... ok
   - RevertOpcodeInCallsOnNonEmptyReturnData | Byzantium (1/8) ... ok
   - randomStatetest119 | EIP158 (1/1) ... ok
   - RevertOpcodeInCallsOnNonEmptyReturnData | Byzantium (2/8) ... ok
   - randomStatetest119 | Frontier (1/1) ... ok
   - RevertOpcodeInCallsOnNonEmptyReturnData | Byzantium (3/8) ... ok
ok
   - RevertOpcodeInCallsOnNonEmptyReturnData | Byzantium (4/8) ... ok
   - randomStatetest119 | Homestead (1/1) ... ok
   - RevertOpcodeInCallsOnNonEmptyReturnData | Byzantium (5/8) ... ok
   - randomStatetest119 | Byzantium (1/1) ... ok
   - pointMulAdd2_d24g1v0_Byzantium...   - RevertOpcodeInCallsOnNonEmptyReturnData | Byzantium (6/8) ... ok
   - randomStatetest124 | EIP150 (1/1) ... ok
   - RevertOpcodeInCallsOnNonEmptyReturnData | Byzantium (7/8) ... ok
   - randomStatetest124 | EIP158 (1/1) ... ok
   - RevertOpcodeInCallsOnNonEmptyReturnData | Byzantium (8/8) ... ok
   - randomStatetest124 | Frontier (1/1) ... ok
   - randomStatetest124 | Homestead (1/1) ... ok
   - randomStatetest124 | Byzantium (1/1) ... ok
   - RevertOpcodeMultipleSubCalls | EIP150 (1/32) ... ok
   - randomStatetest261 | EIP150 (1/1) ... ok
   - RevertOpcodeMultipleSubCalls | EIP150 (2/32) ... ok
   - RevertOpcodeMultipleSubCalls | EIP150 (3/32) ... ok
   - randomStatetest261 | EIP158 (1/1) ... ok
   - randomStatetest261 | Frontier (1/1) ... ok
   - RevertOpcodeMultipleSubCalls | EIP150 (4/32) ... ok
   - RevertOpcodeMultipleSubCalls | EIP150 (5/32) ... ok
   - randomStatetest261 | Homestead (1/1) ... ok
   - RevertOpcodeMultipleSubCalls | EIP150 (6/32) ... ok
   - randomStatetest261 | Byzantium (1/1) ... ok
   - RevertOpcodeMultipleSubCalls | EIP150 (7/32) ... ok
   - randomStatetest286 | EIP150 (1/1) ... ok
   - RevertOpcodeMultipleSubCalls | EIP150 (8/32) ... ok
   - RevertOpcodeMultipleSubCalls | EIP150 (9/32) ... ok
   - randomStatetest286 | EIP158 (1/1) ... ok
   - RevertOpcodeMultipleSubCalls | EIP150 (10/32) ... ok
   - randomStatetest286 | Frontier (1/1) ... ok
   - RevertOpcodeMultipleSubCalls | EIP150 (11/32) ... ok
   - randomStatetest286 | Homestead (1/1) ... ok
   - RevertOpcodeMultipleSubCalls | EIP150 (12/32) ... ok
   - randomStatetest286 | Byzantium (1/1) ... ok
   - RevertOpcodeMultipleSubCalls | EIP150 (13/32) ... ok
   - randomStatetest179 | EIP150 (1/1) ... ok
   - randomStatetest179 | EIP158 (1/1) ... ok
   - RevertOpcodeMultipleSubCalls | EIP150 (14/32) ... ok
   - randomStatetest179 | Frontier (1/1) ... ok
   - RevertOpcodeMultipleSubCalls | EIP150 (15/32) ... ok
   - randomStatetest179 | Homestead (1/1) ... ok
   - RevertOpcodeMultipleSubCalls | EIP150 (16/32) ... ok
   - randomStatetest179 | Byzantium (1/1) ... ok
   - RevertOpcodeMultipleSubCalls | EIP150 (17/32) ... ok
   - RevertOpcodeMultipleSubCalls | EIP150 (18/32) ... ok
   - RevertOpcodeMultipleSubCalls | EIP150 (19/32) ... ok
   - randomStatetest342 | EIP150 (1/1) ... ok
   - RevertOpcodeMultipleSubCalls | EIP150 (20/32) ... ok
   - randomStatetest342 | EIP158 (1/1) ... ok
   - randomStatetest342 | Frontier (1/1) ... ok
   - RevertOpcodeMultipleSubCalls | EIP150 (21/32) ... ok
   - RevertOpcodeMultipleSubCalls | EIP150 (22/32) ... ok
   - RevertOpcodeMultipleSubCalls | EIP150 (23/32) ... ok
   - RevertOpcodeMultipleSubCalls | EIP150 (24/32) ... ok
   - randomStatetest342 | Homestead (1/1) ... ok
ok
   - pointMulAdd2_d24g1v0_EIP150...   - randomStatetest342 | Byzantium (1/1) ... ok
   - randomStatetest32 | EIP150 (1/1) ... ok
   - randomStatetest32 | EIP158 (1/1) ... ok
   - randomStatetest32 | Frontier (1/1) ... ok
   - randomStatetest32 | Homestead (1/1) ... ok
   - RevertOpcodeMultipleSubCalls | EIP150 (25/32) ... ok
   - randomStatetest32 | Byzantium (1/1) ... ok
   - RevertOpcodeMultipleSubCalls | EIP150 (26/32) ... ok
   - randomStatetest4 | EIP150 (1/1) ... ok
   - RevertOpcodeMultipleSubCalls | EIP150 (27/32) ... ok
   - randomStatetest4 | EIP158 (1/1) ... ok
   - RevertOpcodeMultipleSubCalls | EIP150 (28/32) ... ok
   - JUMPDEST_AttackwithJump | EIP158 (1/1) ... ok
   - RevertOpcodeMultipleSubCalls | EIP150 (29/32) ... ok
   - randomStatetest4 | Frontier (1/1) ... ok
   - RevertOpcodeMultipleSubCalls | EIP150 (30/32) ... ok
   - RevertOpcodeMultipleSubCalls | EIP150 (31/32) ... ok
   - randomStatetest4 | Homestead (1/1) ... ok
   - RevertOpcodeMultipleSubCalls | EIP150 (32/32) ... ok
   - randomStatetest4 | Byzantium (1/1) ... ok
   - RevertOpcodeMultipleSubCalls | EIP158 (1/32) ... ok
   - RevertOpcodeMultipleSubCalls | EIP158 (2/32) ... ok
   - randomStatetest474 | EIP150 (1/1) ... ok
   - RevertOpcodeMultipleSubCalls | EIP158 (3/32) ... ok
   - randomStatetest474 | EIP158 (1/1) ... ok
   - RevertOpcodeMultipleSubCalls | EIP158 (4/32) ... ok
   - randomStatetest474 | Frontier (1/1) ... ok
   - RevertOpcodeMultipleSubCalls | EIP158 (5/32) ... ok
   - RevertOpcodeMultipleSubCalls | EIP158 (6/32) ... ok
   - randomStatetest474 | Homestead (1/1) ... ok
   - RevertOpcodeMultipleSubCalls | EIP158 (7/32) ... ok
   - RevertOpcodeMultipleSubCalls | EIP158 (8/32) ... ok
   - RevertOpcodeMultipleSubCalls | EIP158 (9/32) ... ok
   - RevertOpcodeMultipleSubCalls | EIP158 (10/32) ... ok
   - RevertOpcodeMultipleSubCalls | EIP158 (11/32) ... ok
   - randomStatetest474 | Byzantium (1/1) ... ok
   - RevertOpcodeMultipleSubCalls | EIP158 (12/32) ... ok
   - RevertOpcodeMultipleSubCalls | EIP158 (13/32) ... ok
   - randomStatetest462 | EIP150 (1/1) ... ok
   - RevertOpcodeMultipleSubCalls | EIP158 (14/32) ... ok
   - randomStatetest462 | EIP158 (1/1) ... ok
   - RevertOpcodeMultipleSubCalls | EIP158 (15/32) ... ok
   - RevertOpcodeMultipleSubCalls | EIP158 (16/32) ... ok
ok
   - pointMulAdd2_d24g1v0_EIP158...   - RevertOpcodeMultipleSubCalls | EIP158 (17/32) ... ok
   - RevertOpcodeMultipleSubCalls | EIP158 (18/32) ... ok
   - RevertOpcodeMultipleSubCalls | EIP158 (19/32) ... ok
   - randomStatetest462 | Frontier (1/1) ... ok
   - RevertOpcodeMultipleSubCalls | EIP158 (20/32) ... ok
   - randomStatetest462 | Homestead (1/1) ... ok
   - RevertOpcodeMultipleSubCalls | EIP158 (21/32) ... ok
   - RevertOpcodeMultipleSubCalls | EIP158 (22/32) ... ok
   - randomStatetest462 | Byzantium (1/1) ... ok
   - RevertOpcodeMultipleSubCalls | EIP158 (23/32) ... ok
   - randomStatetest87 | EIP150 (1/1) ... ok
   - RevertOpcodeMultipleSubCalls | EIP158 (24/32) ... ok
   - randomStatetest87 | EIP158 (1/1) ... ok
   - RevertOpcodeMultipleSubCalls | EIP158 (25/32) ... ok
   - RevertOpcodeMultipleSubCalls | EIP158 (26/32) ... ok
   - RevertOpcodeMultipleSubCalls | EIP158 (27/32) ... ok
   - RevertOpcodeMultipleSubCalls | EIP158 (28/32) ... ok
   - RevertOpcodeMultipleSubCalls | EIP158 (29/32) ... ok
   - RevertOpcodeMultipleSubCalls | EIP158 (30/32) ... ok
   - randomStatetest87 | Frontier (1/1) ... ok
   - RevertOpcodeMultipleSubCalls | EIP158 (31/32) ... ok
   - RevertOpcodeMultipleSubCalls | EIP158 (32/32) ... ok
   - randomStatetest87 | Homestead (1/1) ... ok
   - randomStatetest87 | Byzantium (1/1) ... ok
   - RevertOpcodeMultipleSubCalls | Frontier (1/32) ... ok
   - RevertOpcodeMultipleSubCalls | Frontier (2/32) ... ok
   - randomStatetest59 | EIP150 (1/1) ... ok
   - RevertOpcodeMultipleSubCalls | Frontier (3/32) ... ok
   - randomStatetest59 | EIP158 (1/1) ... ok
   - RevertOpcodeMultipleSubCalls | Frontier (4/32) ... ok
   - randomStatetest59 | Frontier (1/1) ... ok
   - RevertOpcodeMultipleSubCalls | Frontier (5/32) ... ok
   - RevertOpcodeMultipleSubCalls | Frontier (6/32) ... ok
   - RevertOpcodeMultipleSubCalls | Frontier (7/32) ... ok
   - RevertOpcodeMultipleSubCalls | Frontier (8/32) ... ok
   - RevertOpcodeMultipleSubCalls | Frontier (9/32) ... ok
   - RevertOpcodeMultipleSubCalls | Frontier (10/32) ... ok
   - RevertOpcodeMultipleSubCalls | Frontier (11/32) ... ok
   - RevertOpcodeMultipleSubCalls | Frontier (12/32) ... ok
   - randomStatetest59 | Homestead (1/1) ... ok
   - RevertOpcodeMultipleSubCalls | Frontier (13/32) ... ok
ok
   - pointMulAdd2_d24g1v0_Frontier...   - randomStatetest59 | Byzantium (1/1) ... ok
   - RevertOpcodeMultipleSubCalls | Frontier (14/32) ... ok
   - RevertOpcodeMultipleSubCalls | Frontier (15/32) ... ok
   - randomStatetest183 | EIP150 (1/1) ... ok
   - RevertOpcodeMultipleSubCalls | Frontier (16/32) ... ok
   - randomStatetest183 | EIP158 (1/1) ... ok
   - RevertOpcodeMultipleSubCalls | Frontier (17/32) ... ok
   - randomStatetest183 | Frontier (1/1) ... ok
   - randomStatetest183 | Homestead (1/1) ... ok
   - randomStatetest183 | Byzantium (1/1) ... ok
   - randomStatetest637 | EIP150 (1/1) ... ok
   - RevertOpcodeMultipleSubCalls | Frontier (18/32) ... ok
   - randomStatetest637 | EIP158 (1/1) ... ok
   - RevertOpcodeMultipleSubCalls | Frontier (19/32) ... ok
   - randomStatetest637 | Frontier (1/1) ... ok
   - RevertOpcodeMultipleSubCalls | Frontier (20/32) ... ok
   - randomStatetest637 | Homestead (1/1) ... ok
   - RevertOpcodeMultipleSubCalls | Frontier (21/32) ... ok
   - RevertOpcodeMultipleSubCalls | Frontier (22/32) ... ok
   - randomStatetest637 | Byzantium (1/1) ... ok
   - RevertOpcodeMultipleSubCalls | Frontier (23/32) ... ok
   - randomStatetest97 | EIP150 (1/1) ... ok
   - RevertOpcodeMultipleSubCalls | Frontier (24/32) ... ok
   - randomStatetest97 | EIP158 (1/1) ... ok
   - RevertOpcodeMultipleSubCalls | Frontier (25/32) ... ok
   - randomStatetest97 | Frontier (1/1) ... ok
   - RevertOpcodeMultipleSubCalls | Frontier (26/32) ... ok
   - randomStatetest97 | Homestead (1/1) ... ok
   - randomStatetest97 | Byzantium (1/1) ... ok
   - randomStatetest585 | EIP150 (1/1) ... ok
   - randomStatetest585 | EIP158 (1/1) ... ok
   - randomStatetest585 | Frontier (1/1) ... ok
   - randomStatetest585 | Homestead (1/1) ... ok
   - randomStatetest585 | Byzantium (1/1) ... ok
   - RevertOpcodeMultipleSubCalls | Frontier (27/32) ... ok
   - RevertOpcodeMultipleSubCalls | Frontier (28/32) ... ok
   - randomStatetest473 | EIP150 (1/1) ... ok
   - RevertOpcodeMultipleSubCalls | Frontier (29/32) ... ok
   - randomStatetest473 | EIP158 (1/1) ... ok
   - randomStatetest473 | Frontier (1/1) ... ok
   - randomStatetest473 | Homestead (1/1) ... ok
   - randomStatetest473 | Byzantium (1/1) ... ok
   - RevertOpcodeMultipleSubCalls | Frontier (30/32) ... ok
ok
   - pointMulAdd2_d24g1v0_Homestead...   - RevertOpcodeMultipleSubCalls | Frontier (31/32) ... ok
   - randomStatetest332 | EIP150 (1/1) ... ok
   - RevertOpcodeMultipleSubCalls | Frontier (32/32) ... ok
   - randomStatetest332 | EIP158 (1/1) ... ok
   - randomStatetest332 | Frontier (1/1) ... ok
   - RevertOpcodeMultipleSubCalls | Homestead (1/32) ... ok
   - randomStatetest332 | Homestead (1/1) ... ok
   - randomStatetest332 | Byzantium (1/1) ... ok
   - randomStatetest88 | EIP150 (1/1) ... ok
   - RevertOpcodeMultipleSubCalls | Homestead (2/32) ... ok
   - randomStatetest88 | EIP158 (1/1) ... ok
   - RevertOpcodeMultipleSubCalls | Homestead (3/32) ... ok
   - randomStatetest88 | Frontier (1/1) ... ok
   - RevertOpcodeMultipleSubCalls | Homestead (4/32) ... ok
   - randomStatetest88 | Homestead (1/1) ... ok
   - RevertOpcodeMultipleSubCalls | Homestead (5/32) ... ok
   - randomStatetest88 | Byzantium (1/1) ... ok
   - RevertOpcodeMultipleSubCalls | Homestead (6/32) ... ok
   - RevertOpcodeMultipleSubCalls | Homestead (7/32) ... ok
   - randomStatetest227 | EIP150 (1/1) ... ok
   - RevertOpcodeMultipleSubCalls | Homestead (8/32) ... ok
   - randomStatetest227 | EIP158 (1/1) ... ok
   - RevertOpcodeMultipleSubCalls | Homestead (9/32) ... ok
   - randomStatetest227 | Frontier (1/1) ... ok
   - RevertOpcodeMultipleSubCalls | Homestead (10/32) ... ok
   - randomStatetest227 | Homestead (1/1) ... ok
   - randomStatetest227 | Byzantium (1/1) ... ok
   - randomStatetest594 | EIP150 (1/1) ... ok
   - randomStatetest594 | EIP158 (1/1) ... ok
   - RevertOpcodeMultipleSubCalls | Homestead (11/32) ... ok
   - randomStatetest594 | Frontier (1/1) ... ok
   - randomStatetest594 | Homestead (1/1) ... ok
   - randomStatetest594 | Byzantium (1/1) ... ok
   - RevertOpcodeMultipleSubCalls | Homestead (12/32) ... ok
   - randomStatetest401 | EIP150 (1/1) ... ok
   - RevertOpcodeMultipleSubCalls | Homestead (13/32) ... ok
   - randomStatetest401 | EIP158 (1/1) ... ok
   - RevertOpcodeMultipleSubCalls | Homestead (14/32) ... ok
   - randomStatetest401 | Frontier (1/1) ... ok
   - randomStatetest401 | Homestead (1/1) ... ok
   - randomStatetest401 | Byzantium (1/1) ... ok
   - RevertOpcodeMultipleSubCalls | Homestead (15/32) ... ok
   - randomStatetest238 | EIP150 (1/1) ... ok
ok
   - RevertOpcodeMultipleSubCalls | Homestead (16/32) ... ok
   - RevertOpcodeMultipleSubCalls | Homestead (17/32) ... ok
   - randomStatetest238 | EIP158 (1/1) ... ok
   - pointMulAdd2_d29g0v0_Byzantium...   - RevertOpcodeMultipleSubCalls | Homestead (18/32) ... ok
   - RevertOpcodeMultipleSubCalls | Homestead (19/32) ... ok
   - RevertOpcodeMultipleSubCalls | Homestead (20/32) ... ok
   - RevertOpcodeMultipleSubCalls | Homestead (21/32) ... ok
   - RevertOpcodeMultipleSubCalls | Homestead (22/32) ... ok
   - randomStatetest238 | Frontier (1/1) ... ok
   - RevertOpcodeMultipleSubCalls | Homestead (23/32) ... ok
   - randomStatetest238 | Homestead (1/1) ... ok
   - RevertOpcodeMultipleSubCalls | Homestead (24/32) ... ok
   - randomStatetest238 | Byzantium (1/1) ... ok
   - RevertOpcodeMultipleSubCalls | Homestead (25/32) ... ok
   - RevertOpcodeMultipleSubCalls | Homestead (26/32) ... ok
   - randomStatetest358 | EIP150 (1/1) ... ok
   - RevertOpcodeMultipleSubCalls | Homestead (27/32) ... ok
   - randomStatetest358 | EIP158 (1/1) ... ok
   - RevertOpcodeMultipleSubCalls | Homestead (28/32) ... ok
   - randomStatetest358 | Frontier (1/1) ... ok
   - RevertOpcodeMultipleSubCalls | Homestead (29/32) ... ok
   - RevertOpcodeMultipleSubCalls | Homestead (30/32) ... ok
   - RevertOpcodeMultipleSubCalls | Homestead (31/32) ... ok
   - RevertOpcodeMultipleSubCalls | Homestead (32/32) ... ok
   - RevertOpcodeMultipleSubCalls | Byzantium (1/32) ... ok
   - RevertOpcodeMultipleSubCalls | Byzantium (2/32) ... ok
   - JUMPDEST_AttackwithJump | Frontier (1/1) ... ok
   - randomStatetest358 | Homestead (1/1) ... ok
   - randomStatetest358 | Byzantium (1/1) ... ok
   - randomStatetest138 | EIP150 (1/1) ... ok
   - randomStatetest138 | EIP158 (1/1) ... ok
   - randomStatetest138 | Frontier (1/1) ... ok
   - randomStatetest138 | Homestead (1/1) ... ok
   - randomStatetest138 | Byzantium (1/1) ... ok
   - RevertOpcodeMultipleSubCalls | Byzantium (3/32) ... ok
   - randomStatetest188 | EIP150 (1/1) ... ok
   - RevertOpcodeMultipleSubCalls | Byzantium (4/32) ... ok
   - randomStatetest188 | EIP158 (1/1) ... ok
ok
   - pointMulAdd2_d29g0v0_EIP150...   - randomStatetest188 | Frontier (1/1) ... ok
   - RevertOpcodeMultipleSubCalls | Byzantium (5/32) ... ok
   - randomStatetest188 | Homestead (1/1) ... ok
   - RevertOpcodeMultipleSubCalls | Byzantium (6/32) ... ok
   - randomStatetest188 | Byzantium (1/1) ... ok
   - RevertOpcodeMultipleSubCalls | Byzantium (7/32) ... ok
   - randomStatetest550 | EIP150 (1/1) ... ok
   - RevertOpcodeMultipleSubCalls | Byzantium (8/32) ... ok
   - randomStatetest550 | EIP158 (1/1) ... ok
   - RevertOpcodeMultipleSubCalls | Byzantium (9/32) ... ok
   - randomStatetest550 | Frontier (1/1) ... ok
   - RevertOpcodeMultipleSubCalls | Byzantium (10/32) ... ok
   - RevertOpcodeMultipleSubCalls | Byzantium (11/32) ... ok
   - randomStatetest550 | Homestead (1/1) ... ok
   - RevertOpcodeMultipleSubCalls | Byzantium (12/32) ... ok
   - randomStatetest550 | Byzantium (1/1) ... ok
   - RevertOpcodeMultipleSubCalls | Byzantium (13/32) ... ok
   - randomStatetest532 | EIP150 (1/1) ... ok
   - RevertOpcodeMultipleSubCalls | Byzantium (14/32) ... ok
   - randomStatetest532 | EIP158 (1/1) ... ok
   - RevertOpcodeMultipleSubCalls | Byzantium (15/32) ... ok
   - randomStatetest532 | Frontier (1/1) ... ok
   - RevertOpcodeMultipleSubCalls | Byzantium (16/32) ... ok
   - randomStatetest532 | Homestead (1/1) ... ok
   - RevertOpcodeMultipleSubCalls | Byzantium (17/32) ... ok
   - randomStatetest532 | Byzantium (1/1) ... ok
   - RevertOpcodeMultipleSubCalls | Byzantium (18/32) ... ok
   - randomStatetest588 | EIP150 (1/1) ... ok
   - RevertOpcodeMultipleSubCalls | Byzantium (19/32) ... ok
   - randomStatetest588 | EIP158 (1/1) ... ok
   - RevertOpcodeMultipleSubCalls | Byzantium (20/32) ... ok
   - randomStatetest588 | Frontier (1/1) ... ok
   - RevertOpcodeMultipleSubCalls | Byzantium (21/32) ... ok
   - RevertOpcodeMultipleSubCalls | Byzantium (22/32) ... ok
   - randomStatetest588 | Homestead (1/1) ... ok
   - RevertOpcodeMultipleSubCalls | Byzantium (23/32) ... ok
   - randomStatetest588 | Byzantium (1/1) ... ok
   - RevertOpcodeMultipleSubCalls | Byzantium (24/32) ... ok
   - RevertOpcodeMultipleSubCalls | Byzantium (25/32) ... ok
   - randomStatetest548 | EIP150 (1/1) ... ok
   - RevertOpcodeMultipleSubCalls | Byzantium (26/32) ... ok
   - randomStatetest548 | EIP158 (1/1) ... ok
   - RevertOpcodeMultipleSubCalls | Byzantium (27/32) ... ok
   - randomStatetest548 | Frontier (1/1) ... ok
   - RevertOpcodeMultipleSubCalls | Byzantium (28/32) ... ok
   - RevertOpcodeMultipleSubCalls | Byzantium (29/32) ... ok
   - RevertOpcodeMultipleSubCalls | Byzantium (30/32) ... ok
   - RevertOpcodeMultipleSubCalls | Byzantium (31/32) ... ok
   - RevertOpcodeMultipleSubCalls | Byzantium (32/32) ... ok
   - randomStatetest548 | Homestead (1/1) ... ok
   - RevertPrecompiledTouchDC | EIP150 (1/1) ... ok
   - randomStatetest548 | Byzantium (1/1) ... ok
ok
   - pointMulAdd2_d29g0v0_EIP158...   - RevertPrecompiledTouchDC | EIP158 (1/1) ... ok
   - randomStatetest294 | EIP150 (1/1) ... ok
   - RevertPrecompiledTouchDC | Frontier (1/1) ... ok
   - randomStatetest294 | EIP158 (1/1) ... ok
   - RevertPrecompiledTouchDC | Homestead (1/1) ... ok
   - randomStatetest294 | Frontier (1/1) ... ok
   - RevertPrecompiledTouchDC | Byzantium (1/1) ... ok
   - randomStatetest294 | Homestead (1/1) ... ok
   - RevertOpcodeInInit | EIP150 (1/4) ... ok
   - randomStatetest294 | Byzantium (1/1) ... ok
   - RevertOpcodeInInit | EIP150 (2/4) ... ok
   - RevertOpcodeInInit | EIP150 (3/4) ... ok (Error(Execution(NotEnoughBaseGas { required: 0xd284, got: 0x9c40 }), State { next_error: None, backtrace: InternalBacktrace { backtrace: None } }))
   - RevertOpcodeInInit | EIP150 (4/4) ... ok (Error(Execution(NotEnoughBaseGas { required: 0xd284, got: 0x9c40 }), State { next_error: None, backtrace: InternalBacktrace { backtrace: None } }))
   - RevertOpcodeInInit | EIP158 (1/4) ... ok
   - RevertOpcodeInInit | EIP158 (2/4) ... ok
   - RevertOpcodeInInit | EIP158 (3/4) ... ok (Error(Execution(NotEnoughBaseGas { required: 0xd284, got: 0x9c40 }), State { next_error: None, backtrace: InternalBacktrace { backtrace: None } }))
   - RevertOpcodeInInit | EIP158 (4/4) ... ok (Error(Execution(NotEnoughBaseGas { required: 0xd284, got: 0x9c40 }), State { next_error: None, backtrace: InternalBacktrace { backtrace: None } }))
   - RevertOpcodeInInit | Frontier (1/4) ... ok
   - RevertOpcodeInInit | Frontier (2/4) ... ok
   - RevertOpcodeInInit | Frontier (3/4) ... ok
   - randomStatetest85 | EIP150 (1/1) ... ok
   - RevertOpcodeInInit | Frontier (4/4) ... ok
   - RevertOpcodeInInit | Homestead (1/4) ... ok
   - randomStatetest85 | EIP158 (1/1) ... ok
   - RevertOpcodeInInit | Homestead (2/4) ... ok
   - randomStatetest85 | Frontier (1/1) ... ok
   - RevertOpcodeInInit | Homestead (3/4) ... ok (Error(Execution(NotEnoughBaseGas { required: 0xd284, got: 0x9c40 }), State { next_error: None, backtrace: InternalBacktrace { backtrace: None } }))
   - randomStatetest85 | Homestead (1/1) ... ok
   - RevertOpcodeInInit | Homestead (4/4) ... ok (Error(Execution(NotEnoughBaseGas { required: 0xd284, got: 0x9c40 }), State { next_error: None, backtrace: InternalBacktrace { backtrace: None } }))
   - RevertOpcodeInInit | Byzantium (1/4) ... ok
   - randomStatetest85 | Byzantium (1/1) ... ok
   - RevertOpcodeInInit | Byzantium (2/4) ... ok
   - randomStatetest544 | EIP150 (1/1) ... ok
   - RevertOpcodeInInit | Byzantium (3/4) ... ok (Error(Execution(NotEnoughBaseGas { required: 0xd284, got: 0x9c40 }), State { next_error: None, backtrace: InternalBacktrace { backtrace: None } }))
   - RevertOpcodeInInit | Byzantium (4/4) ... ok (Error(Execution(NotEnoughBaseGas { required: 0xd284, got: 0x9c40 }), State { next_error: None, backtrace: InternalBacktrace { backtrace: None } }))
   - randomStatetest544 | EIP158 (1/1) ... ok
   - RevertInStaticCall | EIP150 (1/1) ... ok
   - RevertInStaticCall | EIP158 (1/1) ... ok
   - RevertInStaticCall | Frontier (1/1) ... ok
   - RevertInStaticCall | Homestead (1/1) ... ok
   - RevertInStaticCall | Byzantium (1/1) ... ok
   - RevertInCallCode | EIP150 (1/1) ... ok
   - RevertInCallCode | EIP158 (1/1) ... ok
   - randomStatetest544 | Frontier (1/1) ... ok
   - RevertInCallCode | Frontier (1/1) ... ok
ok
   - pointMulAdd2_d29g0v0_Frontier...   - RevertInCallCode | Homestead (1/1) ... ok
   - randomStatetest544 | Homestead (1/1) ... ok
   - RevertInCallCode | Byzantium (1/1) ... ok
   - randomStatetest544 | Byzantium (1/1) ... ok
   - RevertOpcode | EIP150 (1/4) ... ok
   - RevertOpcode | EIP150 (2/4) ... ok
   - RevertOpcode | EIP150 (3/4) ... ok
   - RevertOpcode | EIP150 (4/4) ... ok
   - RevertOpcode | EIP158 (1/4) ... ok
   - RevertOpcode | EIP158 (2/4) ... ok
   - randomStatetest60 | EIP150 (1/1) ... ok
   - RevertOpcode | EIP158 (3/4) ... ok
   - randomStatetest60 | EIP158 (1/1) ... ok
   - RevertOpcode | EIP158 (4/4) ... ok
   - RevertOpcode | Frontier (1/4) ... ok
   - randomStatetest60 | Frontier (1/1) ... ok
   - RevertOpcode | Frontier (2/4) ... ok
   - randomStatetest60 | Homestead (1/1) ... ok
   - RevertOpcode | Frontier (3/4) ... ok
   - randomStatetest60 | Byzantium (1/1) ... ok
   - RevertOpcode | Frontier (4/4) ... ok
   - RevertOpcode | Homestead (1/4) ... ok
   - randomStatetest452 | EIP150 (1/1) ... ok
   - RevertOpcode | Homestead (2/4) ... ok
   - randomStatetest452 | EIP158 (1/1) ... ok
   - RevertOpcode | Homestead (3/4) ... ok
   - randomStatetest452 | Frontier (1/1) ... ok
   - RevertOpcode | Homestead (4/4) ... ok
   - RevertOpcode | Byzantium (1/4) ... ok
   - randomStatetest452 | Homestead (1/1) ... ok
   - RevertOpcode | Byzantium (2/4) ... ok
   - RevertOpcode | Byzantium (3/4) ... ok
   - RevertOpcode | Byzantium (4/4) ... ok
   - RevertOpcodeDirectCall | EIP150 (1/2) ... ok
   - RevertOpcodeDirectCall | EIP150 (2/2) ... ok
   - RevertOpcodeDirectCall | EIP158 (1/2) ... ok
   - RevertOpcodeDirectCall | EIP158 (2/2) ... ok
   - RevertOpcodeDirectCall | Frontier (1/2) ... ok
   - RevertOpcodeDirectCall | Frontier (2/2) ... ok
   - randomStatetest452 | Byzantium (1/1) ... ok
   - RevertOpcodeDirectCall | Homestead (1/2) ... ok
   - RevertOpcodeDirectCall | Homestead (2/2) ... ok
ok
   - pointMulAdd2_d29g0v0_Homestead...   - randomStatetest616 | EIP150 (1/1) ... ok
   - RevertOpcodeDirectCall | Byzantium (1/2) ... ok
   - randomStatetest616 | EIP158 (1/1) ... ok
   - RevertOpcodeDirectCall | Byzantium (2/2) ... ok
test json_tests::state::state_tests::GeneralStateTest_stRevertTest ... ok
   - randomStatetest616 | Frontier (1/1) ... ok
   - stackOverflowDUP | EIP150 (1/16) ... ok
   - randomStatetest616 | Homestead (1/1) ... ok
   - stackOverflowDUP | EIP150 (2/16) ... ok
   - randomStatetest616 | Byzantium (1/1) ... ok
   - stackOverflowDUP | EIP150 (3/16) ... ok
   - stackOverflowDUP | EIP150 (4/16) ... ok
   - randomStatetest350 | EIP150 (1/1) ... ok
   - stackOverflowDUP | EIP150 (5/16) ... ok
   - randomStatetest350 | EIP158 (1/1) ... ok
   - stackOverflowDUP | EIP150 (6/16) ... ok
   - stackOverflowDUP | EIP150 (7/16) ... ok
   - stackOverflowDUP | EIP150 (8/16) ... ok
   - stackOverflowDUP | EIP150 (9/16) ... ok
   - stackOverflowDUP | EIP150 (10/16) ... ok
   - stackOverflowDUP | EIP150 (11/16) ... ok
   - stackOverflowDUP | EIP150 (12/16) ... ok
   - stackOverflowDUP | EIP150 (13/16) ... ok
   - stackOverflowDUP | EIP150 (14/16) ... ok
   - randomStatetest350 | Frontier (1/1) ... ok
   - stackOverflowDUP | EIP150 (15/16) ... ok
   - randomStatetest350 | Homestead (1/1) ... ok
   - stackOverflowDUP | EIP150 (16/16) ... ok
   - stackOverflowDUP | EIP158 (1/16) ... ok
   - stackOverflowDUP | EIP158 (2/16) ... ok
   - stackOverflowDUP | EIP158 (3/16) ... ok
   - randomStatetest350 | Byzantium (1/1) ... ok
   - stackOverflowDUP | EIP158 (4/16) ... ok
   - stackOverflowDUP | EIP158 (5/16) ... ok
   - randomStatetest491 | EIP150 (1/1) ... ok
   - stackOverflowDUP | EIP158 (6/16) ... ok
   - stackOverflowDUP | EIP158 (7/16) ... ok
   - randomStatetest491 | EIP158 (1/1) ... ok
   - stackOverflowDUP | EIP158 (8/16) ... ok
   - randomStatetest491 | Frontier (1/1) ... ok
   - stackOverflowDUP | EIP158 (9/16) ... ok
   - stackOverflowDUP | EIP158 (10/16) ... ok
ok
   - stackOverflowDUP | EIP158 (11/16) ... ok
   - stackOverflowDUP | EIP158 (12/16) ... ok
   - stackOverflowDUP | EIP158 (13/16) ... ok
   - randomStatetest491 | Homestead (1/1) ... ok
   - stackOverflowDUP | EIP158 (14/16) ... ok
   - ecmul_1-2_9935_28000_96_d0g0v0_Byzantium...   - stackOverflowDUP | EIP158 (15/16) ... ok
   - randomStatetest491 | Byzantium (1/1) ... ok
   - stackOverflowDUP | EIP158 (16/16) ... ok
   - randomStatetest298 | EIP150 (1/1) ... ok
   - stackOverflowDUP | Frontier (1/16) ... ok
   - JUMPDEST_AttackwithJump | Homestead (1/1) ... ok
   - randomStatetest298 | EIP158 (1/1) ... ok
   - randomStatetest298 | Frontier (1/1) ... ok
   - randomStatetest298 | Homestead (1/1) ... ok
   - randomStatetest298 | Byzantium (1/1) ... ok
   - randomStatetest558 | EIP150 (1/1) ... ok
   - randomStatetest558 | EIP158 (1/1) ... ok
   - stackOverflowDUP | Frontier (2/16) ... ok
   - randomStatetest558 | Frontier (1/1) ... ok
   - stackOverflowDUP | Frontier (3/16) ... ok
   - randomStatetest558 | Homestead (1/1) ... ok
   - stackOverflowDUP | Frontier (4/16) ... ok
   - randomStatetest558 | Byzantium (1/1) ... ok
   - stackOverflowDUP | Frontier (5/16) ... ok
   - randomStatetest404 | EIP150 (1/1) ... ok
   - stackOverflowDUP | Frontier (6/16) ... ok
   - stackOverflowDUP | Frontier (7/16) ... ok
   - randomStatetest404 | EIP158 (1/1) ... ok
   - randomStatetest404 | Frontier (1/1) ... ok
   - randomStatetest404 | Homestead (1/1) ... ok
   - randomStatetest404 | Byzantium (1/1) ... ok
   - randomStatetest430 | EIP150 (1/1) ... ok
   - stackOverflowDUP | Frontier (8/16) ... ok
   - randomStatetest430 | EIP158 (1/1) ... ok
   - stackOverflowDUP | Frontier (9/16) ... ok
   - randomStatetest430 | Frontier (1/1) ... ok
   - stackOverflowDUP | Frontier (10/16) ... ok
   - randomStatetest430 | Homestead (1/1) ... ok
   - stackOverflowDUP | Frontier (11/16) ... ok
   - randomStatetest430 | Byzantium (1/1) ... ok
   - stackOverflowDUP | Frontier (12/16) ... ok
   - stackOverflowDUP | Frontier (13/16) ... ok
   - randomStatetest517 | EIP150 (1/1) ... ok
   - stackOverflowDUP | Frontier (14/16) ... ok
   - randomStatetest517 | EIP158 (1/1) ... ok
   - stackOverflowDUP | Frontier (15/16) ... ok
   - stackOverflowDUP | Frontier (16/16) ... ok
   - randomStatetest517 | Frontier (1/1) ... ok
   - stackOverflowDUP | Homestead (1/16) ... ok
   - randomStatetest517 | Homestead (1/1) ... ok
   - stackOverflowDUP | Homestead (2/16) ... ok
   - randomStatetest517 | Byzantium (1/1) ... ok
   - stackOverflowDUP | Homestead (3/16) ... ok
   - randomStatetest288 | EIP150 (1/1) ... ok
   - stackOverflowDUP | Homestead (4/16) ... ok
   - stackOverflowDUP | Homestead (5/16) ... ok
   - randomStatetest288 | EIP158 (1/1) ... ok
   - stackOverflowDUP | Homestead (6/16) ... ok
   - randomStatetest288 | Frontier (1/1) ... ok
   - stackOverflowDUP | Homestead (7/16) ... ok
   - randomStatetest288 | Homestead (1/1) ... ok
   - stackOverflowDUP | Homestead (8/16) ... ok
   - randomStatetest288 | Byzantium (1/1) ... ok
ok
   - ecmul_1-2_9935_28000_96_d0g0v0_EIP150...   - stackOverflowDUP | Homestead (9/16) ... ok
   - stackOverflowDUP | Homestead (10/16) ... ok
   - randomStatetest442 | EIP150 (1/1) ... ok
   - stackOverflowDUP | Homestead (11/16) ... ok
   - randomStatetest442 | EIP158 (1/1) ... ok
   - stackOverflowDUP | Homestead (12/16) ... ok
   - randomStatetest442 | Frontier (1/1) ... ok
   - stackOverflowDUP | Homestead (13/16) ... ok
   - randomStatetest442 | Homestead (1/1) ... ok
   - stackOverflowDUP | Homestead (14/16) ... ok
   - stackOverflowDUP | Homestead (15/16) ... ok
   - randomStatetest442 | Byzantium (1/1) ... ok
   - stackOverflowDUP | Homestead (16/16) ... ok
   - randomStatetest621 | EIP150 (1/1) ... ok
   - stackOverflowDUP | Byzantium (1/16) ... ok
   - randomStatetest621 | EIP158 (1/1) ... ok
   - stackOverflowDUP | Byzantium (2/16) ... ok
   - stackOverflowDUP | Byzantium (3/16) ... ok
   - randomStatetest621 | Frontier (1/1) ... ok
   - stackOverflowDUP | Byzantium (4/16) ... ok
   - randomStatetest621 | Homestead (1/1) ... ok
   - stackOverflowDUP | Byzantium (5/16) ... ok
   - randomStatetest621 | Byzantium (1/1) ... ok
   - stackOverflowDUP | Byzantium (6/16) ... ok
   - randomStatetest274 | EIP150 (1/1) ... ok
   - stackOverflowDUP | Byzantium (7/16) ... ok
   - stackOverflowDUP | Byzantium (8/16) ... ok
   - randomStatetest274 | EIP158 (1/1) ... ok
   - stackOverflowDUP | Byzantium (9/16) ... ok
   - randomStatetest274 | Frontier (1/1) ... ok
   - stackOverflowDUP | Byzantium (10/16) ... ok
   - randomStatetest274 | Homestead (1/1) ... ok
   - stackOverflowDUP | Byzantium (11/16) ... ok
   - randomStatetest274 | Byzantium (1/1) ... ok
   - stackOverflowDUP | Byzantium (12/16) ... ok
   - randomStatetest143 | EIP150 (1/1) ... ok
   - stackOverflowDUP | Byzantium (13/16) ... ok
   - stackOverflowDUP | Byzantium (14/16) ... ok
   - randomStatetest143 | EIP158 (1/1) ... ok
   - stackOverflowDUP | Byzantium (15/16) ... ok
   - randomStatetest143 | Frontier (1/1) ... ok
   - stackOverflowDUP | Byzantium (16/16) ... ok
   - randomStatetest143 | Homestead (1/1) ... ok
   - randomStatetest143 | Byzantium (1/1) ... ok
   - shallowStack | EIP150 (1/81) ... ok
   - shallowStack | EIP150 (2/81) ... ok
   - shallowStack | EIP150 (3/81) ... ok
   - shallowStack | EIP150 (4/81) ... ok
   - shallowStack | EIP150 (5/81) ... ok
   - shallowStack | EIP150 (6/81) ... ok
   - shallowStack | EIP150 (7/81) ... ok
   - shallowStack | EIP150 (8/81) ... ok
   - shallowStack | EIP150 (9/81) ... ok
   - shallowStack | EIP150 (10/81) ... ok
   - shallowStack | EIP150 (11/81) ... ok
   - shallowStack | EIP150 (12/81) ... ok
   - shallowStack | EIP150 (13/81) ... ok
   - shallowStack | EIP150 (14/81) ... ok
   - shallowStack | EIP150 (15/81) ... ok
   - shallowStack | EIP150 (16/81) ... ok
   - shallowStack | EIP150 (17/81) ... ok
   - JUMPDEST_AttackwithJump | Byzantium (1/1) ... ok
   - gasPrice0 | EIP150 (1/1) ... ok
   - gasPrice0 | EIP158 (1/1) ... ok
ok
   - ecmul_1-2_9935_28000_96_d0g0v0_EIP158...   - gasPrice0 | Frontier (1/1) ... ok
   - gasPrice0 | Homestead (1/1) ... ok
   - shallowStack | EIP150 (18/81) ... ok
   - gasPrice0 | Byzantium (1/1) ... ok
   - shallowStack | EIP150 (19/81) ... ok
   - shallowStack | EIP150 (20/81) ... ok
   - shallowStack | EIP150 (21/81) ... ok
   - shallowStack | EIP150 (22/81) ... ok
   - shallowStack | EIP150 (23/81) ... ok
   - shallowStack | EIP150 (24/81) ... ok
   - shallowStack | EIP150 (25/81) ... ok
   - shallowStack | EIP150 (26/81) ... ok
   - shallowStack | EIP150 (27/81) ... ok
   - shallowStack | EIP150 (28/81) ... ok
   - shallowStack | EIP150 (29/81) ... ok
   - shallowStack | EIP150 (30/81) ... ok
   - shallowStack | EIP150 (31/81) ... ok
   - shallowStack | EIP150 (32/81) ... ok
   - shallowStack | EIP150 (33/81) ... ok
   - shallowStack | EIP150 (34/81) ... ok
   - shallowStack | EIP150 (35/81) ... ok
   - shallowStack | EIP150 (36/81) ... ok
   - shallowStack | EIP150 (37/81) ... ok
   - shallowStack | EIP150 (38/81) ... ok
   - shallowStack | EIP150 (39/81) ... ok
   - JUMPDEST_Attack | EIP150 (1/1) ... ok
   - shallowStack | EIP150 (40/81) ... ok
   - shallowStack | EIP150 (41/81) ... ok
   - randomStatetest467 | EIP150 (1/1) ... ok
   - JUMPDEST_Attack | EIP158 (1/1) ... ok
   - shallowStack | EIP150 (42/81) ... ok
   - shallowStack | EIP150 (43/81) ... ok
   - shallowStack | EIP150 (44/81) ... ok
   - shallowStack | EIP150 (45/81) ... ok
   - shallowStack | EIP150 (46/81) ... ok
   - shallowStack | EIP150 (47/81) ... ok
   - shallowStack | EIP150 (48/81) ... ok
   - shallowStack | EIP150 (49/81) ... ok
   - shallowStack | EIP150 (50/81) ... ok
   - shallowStack | EIP150 (51/81) ... ok
   - shallowStack | EIP150 (52/81) ... ok
   - shallowStack | EIP150 (53/81) ... ok
ok
   - ecmul_1-2_9935_28000_96_d0g0v0_Frontier...   - shallowStack | EIP150 (54/81) ... ok
   - shallowStack | EIP150 (55/81) ... ok
   - shallowStack | EIP150 (56/81) ... ok
   - shallowStack | EIP150 (57/81) ... ok
   - shallowStack | EIP150 (58/81) ... ok
   - shallowStack | EIP150 (59/81) ... ok
   - shallowStack | EIP150 (60/81) ... ok
   - shallowStack | EIP150 (61/81) ... ok
   - shallowStack | EIP150 (62/81) ... ok
   - shallowStack | EIP150 (63/81) ... ok
   - shallowStack | EIP150 (64/81) ... ok
   - shallowStack | EIP150 (65/81) ... ok
   - JUMPDEST_Attack | Frontier (1/1) ... ok
   - shallowStack | EIP150 (66/81) ... ok
   - shallowStack | EIP150 (67/81) ... ok
   - shallowStack | EIP150 (68/81) ... ok
   - shallowStack | EIP150 (69/81) ... ok
   - shallowStack | EIP150 (70/81) ... ok
   - shallowStack | EIP150 (71/81) ... ok
   - shallowStack | EIP150 (72/81) ... ok
   - shallowStack | EIP150 (73/81) ... ok
   - shallowStack | EIP150 (74/81) ... ok
   - shallowStack | EIP150 (75/81) ... ok
   - shallowStack | EIP150 (76/81) ... ok
   - shallowStack | EIP150 (77/81) ... ok
   - shallowStack | EIP150 (78/81) ... ok
   - shallowStack | EIP150 (79/81) ... ok
   - shallowStack | EIP150 (80/81) ... ok
   - shallowStack | EIP150 (81/81) ... ok
   - shallowStack | EIP158 (1/81) ... ok
   - shallowStack | EIP158 (2/81) ... ok
   - shallowStack | EIP158 (3/81) ... ok
   - shallowStack | EIP158 (4/81) ... ok
   - shallowStack | EIP158 (5/81) ... ok
   - shallowStack | EIP158 (6/81) ... ok
   - shallowStack | EIP158 (7/81) ... ok
   - shallowStack | EIP158 (8/81) ... ok
   - shallowStack | EIP158 (9/81) ... ok
   - shallowStack | EIP158 (10/81) ... ok
   - shallowStack | EIP158 (11/81) ... ok
   - shallowStack | EIP158 (12/81) ... ok
   - shallowStack | EIP158 (13/81) ... ok
   - shallowStack | EIP158 (14/81) ... ok
   - shallowStack | EIP158 (15/81) ... ok
   - shallowStack | EIP158 (16/81) ... ok
   - shallowStack | EIP158 (17/81) ... ok
   - shallowStack | EIP158 (18/81) ... ok
   - shallowStack | EIP158 (19/81) ... ok
ok
   - ecmul_1-2_9935_28000_96_d0g0v0_Homestead...   - shallowStack | EIP158 (20/81) ... ok
   - shallowStack | EIP158 (21/81) ... ok
   - JUMPDEST_Attack | Homestead (1/1) ... ok
   - shallowStack | EIP158 (22/81) ... ok
   - shallowStack | EIP158 (23/81) ... ok
   - shallowStack | EIP158 (24/81) ... ok
   - shallowStack | EIP158 (25/81) ... ok
   - shallowStack | EIP158 (26/81) ... ok
   - shallowStack | EIP158 (27/81) ... ok
   - shallowStack | EIP158 (28/81) ... ok
   - shallowStack | EIP158 (29/81) ... ok
   - shallowStack | EIP158 (30/81) ... ok
   - shallowStack | EIP158 (31/81) ... ok
   - shallowStack | EIP158 (32/81) ... ok
   - shallowStack | EIP158 (33/81) ... ok
   - randomStatetest467 | EIP158 (1/1) ... ok
   - shallowStack | EIP158 (34/81) ... ok
   - randomStatetest467 | Frontier (1/1) ... ok
   - shallowStack | EIP158 (35/81) ... ok
   - shallowStack | EIP158 (36/81) ... ok
   - randomStatetest467 | Homestead (1/1) ... ok
   - shallowStack | EIP158 (37/81) ... ok
   - shallowStack | EIP158 (38/81) ... ok
   - JUMPDEST_Attack | Byzantium (1/1) ... ok
   - shallowStack | EIP158 (39/81) ... ok
   - shallowStack | EIP158 (40/81) ... ok
   - sha3_deja | EIP150 (1/1) ... ok
   - shallowStack | EIP158 (41/81) ... ok
   - shallowStack | EIP158 (42/81) ... ok
   - sha3_deja | EIP158 (1/1) ... ok
   - shallowStack | EIP158 (43/81) ... ok
   - sha3_deja | Frontier (1/1) ... ok
   - shallowStack | EIP158 (44/81) ... ok
   - sha3_deja | Homestead (1/1) ... ok
   - shallowStack | EIP158 (45/81) ... ok
   - shallowStack | EIP158 (46/81) ... ok
   - shallowStack | EIP158 (47/81) ... ok
   - sha3_deja | Byzantium (1/1) ... ok
test json_tests::state::state_tests::GeneralStateTest_stSpecialTest ... ok
   - shallowStack | EIP158 (48/81) ... ok
   - shallowStack | EIP158 (49/81) ... ok
   - shallowStack | EIP158 (50/81) ... ok
   - shallowStack | EIP158 (51/81) ... ok
   - shallowStack | EIP158 (52/81) ... ok
   - shallowStack | EIP158 (53/81) ... ok
   - shallowStack | EIP158 (54/81) ... ok
   - shallowStack | EIP158 (55/81) ... ok
   - static_ABAcallsSuicide1 | EIP150 (1/2) ... ok
   - shallowStack | EIP158 (56/81) ... ok
   - shallowStack | EIP158 (57/81) ... ok
   - static_ABAcallsSuicide1 | EIP150 (2/2) ... ok
   - shallowStack | EIP158 (58/81) ... ok
   - shallowStack | EIP158 (59/81) ... ok
   - static_ABAcallsSuicide1 | EIP158 (1/2) ... ok
   - shallowStack | EIP158 (60/81) ... ok
   - shallowStack | EIP158 (61/81) ... ok
   - shallowStack | EIP158 (62/81) ... ok
   - shallowStack | EIP158 (63/81) ... ok
   - shallowStack | EIP158 (64/81) ... ok
   - shallowStack | EIP158 (65/81) ... ok
   - shallowStack | EIP158 (66/81) ... ok
   - shallowStack | EIP158 (67/81) ... ok
   - shallowStack | EIP158 (68/81) ... ok
   - static_ABAcallsSuicide1 | EIP158 (2/2) ... ok
   - shallowStack | EIP158 (69/81) ... ok
   - shallowStack | EIP158 (70/81) ... ok
   - static_ABAcallsSuicide1 | Frontier (1/2) ... ok
   - shallowStack | EIP158 (71/81) ... ok
   - static_ABAcallsSuicide1 | Frontier (2/2) ... ok
   - shallowStack | EIP158 (72/81) ... ok
   - static_ABAcallsSuicide1 | Homestead (1/2) ... ok
   - shallowStack | EIP158 (73/81) ... ok
   - shallowStack | EIP158 (74/81) ... ok
   - static_ABAcallsSuicide1 | Homestead (2/2) ... ok
   - shallowStack | EIP158 (75/81) ... ok
   - shallowStack | EIP158 (76/81) ... ok
   - shallowStack | EIP158 (77/81) ... ok
   - static_ABAcallsSuicide1 | Byzantium (1/2) ... ok
   - shallowStack | EIP158 (78/81) ... ok
   - shallowStack | EIP158 (79/81) ... ok
   - shallowStack | EIP158 (80/81) ... ok
   - shallowStack | EIP158 (81/81) ... ok
   - shallowStack | Frontier (1/81) ... ok
   - shallowStack | Frontier (2/81) ... ok
   - static_ABAcallsSuicide1 | Byzantium (2/2) ... ok
   - shallowStack | Frontier (3/81) ... ok
   - static_callcodecallcodecall_110_SuicideMiddle | EIP150 (1/1) ... ok
   - shallowStack | Frontier (4/81) ... ok
   - shallowStack | Frontier (5/81) ... ok
   - static_callcodecallcodecall_110_SuicideMiddle | EIP158 (1/1) ... ok
   - shallowStack | Frontier (6/81) ... ok
   - static_callcodecallcodecall_110_SuicideMiddle | Frontier (1/1) ... ok
   - shallowStack | Frontier (7/81) ... ok
   - shallowStack | Frontier (8/81) ... ok
   - static_callcodecallcodecall_110_SuicideMiddle | Homestead (1/1) ... ok
   - shallowStack | Frontier (9/81) ... ok
   - static_callcodecallcodecall_110_SuicideMiddle | Byzantium (1/1) ... ok
   - shallowStack | Frontier (10/81) ... ok
   - static_CallIdentity_2 | EIP150 (1/1) ... ok
   - shallowStack | Frontier (11/81) ... ok
   - shallowStack | Frontier (12/81) ... ok
   - static_CallIdentity_2 | EIP158 (1/1) ... ok
   - shallowStack | Frontier (13/81) ... ok
ok
   - static_CallIdentity_2 | Frontier (1/1) ... ok
   - shallowStack | Frontier (14/81) ... ok
   - static_CallIdentity_2 | Homestead (1/1) ... ok
   - shallowStack | Frontier (15/81) ... ok
   - shallowStack | Frontier (16/81) ... ok
   - static_CallIdentity_2 | Byzantium (1/1) ... ok
   - shallowStack | Frontier (17/81) ... ok
   - static_CallEcrecoverCheckLengthWrongV | EIP150 (1/1) ... ok
   - shallowStack | Frontier (18/81) ... ok
   - shallowStack | Frontier (19/81) ... ok
   - static_CallEcrecoverCheckLengthWrongV | EIP158 (1/1) ... ok
   - ecmul_0-3_1_28000_96_d0g1v0_Byzantium...   - shallowStack | Frontier (20/81) ... ok
   - static_CallEcrecoverCheckLengthWrongV | Frontier (1/1) ... ok
   - shallowStack | Frontier (21/81) ... ok
   - shallowStack | Frontier (22/81) ... ok
   - static_CallEcrecoverCheckLengthWrongV | Homestead (1/1) ... ok
   - shallowStack | Frontier (23/81) ... ok
   - static_CallEcrecoverCheckLengthWrongV | Byzantium (1/1) ... ok
   - shallowStack | Frontier (24/81) ... ok
   - shallowStack | Frontier (25/81) ... ok
   - static_callcodecallcodecall_ABCB_RECURSIVE2 | EIP150 (1/2) ... ok
   - shallowStack | Frontier (26/81) ... ok
   - shallowStack | Frontier (27/81) ... ok
   - static_callcodecallcodecall_ABCB_RECURSIVE2 | EIP150 (2/2) ... ok
   - shallowStack | Frontier (28/81) ... ok
   - static_callcodecallcodecall_ABCB_RECURSIVE2 | EIP158 (1/2) ... ok
   - shallowStack | Frontier (29/81) ... ok
   - static_callcodecallcodecall_ABCB_RECURSIVE2 | EIP158 (2/2) ... ok
   - shallowStack | Frontier (30/81) ... ok
   - shallowStack | Frontier (31/81) ... ok
   - static_callcodecallcodecall_ABCB_RECURSIVE2 | Frontier (1/2) ... ok
   - shallowStack | Frontier (32/81) ... ok
   - static_callcodecallcodecall_ABCB_RECURSIVE2 | Frontier (2/2) ... ok
   - shallowStack | Frontier (33/81) ... ok
   - static_callcodecallcodecall_ABCB_RECURSIVE2 | Homestead (1/2) ... ok
   - shallowStack | Frontier (34/81) ... ok
   - static_callcodecallcodecall_ABCB_RECURSIVE2 | Homestead (2/2) ... ok
   - shallowStack | Frontier (35/81) ... ok
   - shallowStack | Frontier (36/81) ... ok
   - randomStatetest467 | Byzantium (1/1) ... ok
   - shallowStack | Frontier (37/81) ... ok
   - shallowStack | Frontier (38/81) ... ok
   - shallowStack | Frontier (39/81) ... ok
   - randomStatetest531 | EIP150 (1/1) ... ok
   - shallowStack | Frontier (40/81) ... ok
   - static_callcodecallcodecall_ABCB_RECURSIVE2 | Byzantium (1/2) ... ok
   - randomStatetest531 | EIP158 (1/1) ... ok
   - shallowStack | Frontier (41/81) ... ok
   - shallowStack | Frontier (42/81) ... ok
   - randomStatetest531 | Frontier (1/1) ... ok
   - shallowStack | Frontier (43/81) ... ok
   - shallowStack | Frontier (44/81) ... ok
   - randomStatetest531 | Homestead (1/1) ... ok
   - shallowStack | Frontier (45/81) ... ok
   - shallowStack | Frontier (46/81) ... ok
   - randomStatetest531 | Byzantium (1/1) ... ok
   - shallowStack | Frontier (47/81) ... ok
   - shallowStack | Frontier (48/81) ... ok
   - randomStatetest69 | EIP150 (1/1) ... ok
   - shallowStack | Frontier (49/81) ... ok
   - shallowStack | Frontier (50/81) ... ok
   - randomStatetest69 | EIP158 (1/1) ... ok
   - shallowStack | Frontier (51/81) ... ok
   - shallowStack | Frontier (52/81) ... ok
   - randomStatetest69 | Frontier (1/1) ... ok
   - shallowStack | Frontier (53/81) ... ok
   - randomStatetest69 | Homestead (1/1) ... ok
   - shallowStack | Frontier (54/81) ... ok
   - static_callcodecallcodecall_ABCB_RECURSIVE2 | Byzantium (2/2) ... ok
   - shallowStack | Frontier (55/81) ... ok
   - randomStatetest69 | Byzantium (1/1) ... ok
   - shallowStack | Frontier (56/81) ... ok
   - static_callToStaticOpCodeCheck | EIP150 (1/1) ... ok
   - randomStatetest283 | EIP150 (1/1) ... ok
   - static_callToStaticOpCodeCheck | EIP158 (1/1) ... ok
   - randomStatetest283 | EIP158 (1/1) ... ok
   - static_callToStaticOpCodeCheck | Frontier (1/1) ... ok
   - static_callToStaticOpCodeCheck | Homestead (1/1) ... ok
   - randomStatetest283 | Frontier (1/1) ... ok
   - randomStatetest283 | Homestead (1/1) ... ok
   - static_callToStaticOpCodeCheck | Byzantium (1/1) ... ok
   - randomStatetest283 | Byzantium (1/1) ... ok
   - static_Call1024PreCalls3 | EIP150 (1/2) ... ok
   - randomStatetest198 | EIP150 (1/1) ... ok
   - static_Call1024PreCalls3 | EIP150 (2/2) ... ok
   - randomStatetest198 | EIP158 (1/1) ... ok
   - static_Call1024PreCalls3 | EIP158 (1/2) ... ok
   - randomStatetest198 | Frontier (1/1) ... ok
   - shallowStack | Frontier (57/81) ... ok
   - shallowStack | Frontier (58/81) ... ok
   - randomStatetest198 | Homestead (1/1) ... ok
   - shallowStack | Frontier (59/81) ... ok
   - shallowStack | Frontier (60/81) ... ok
   - randomStatetest198 | Byzantium (1/1) ... ok
   - shallowStack | Frontier (61/81) ... ok
   - shallowStack | Frontier (62/81) ... ok
   - randomStatetest47 | EIP150 (1/1) ... ok
   - shallowStack | Frontier (63/81) ... ok
   - shallowStack | Frontier (64/81) ... ok
   - randomStatetest47 | EIP158 (1/1) ... ok
   - shallowStack | Frontier (65/81) ... ok
   - randomStatetest47 | Frontier (1/1) ... ok
   - shallowStack | Frontier (66/81) ... ok
   - shallowStack | Frontier (67/81) ... ok
   - randomStatetest47 | Homestead (1/1) ... ok
   - shallowStack | Frontier (68/81) ... ok
   - randomStatetest47 | Byzantium (1/1) ... ok
   - shallowStack | Frontier (69/81) ... ok
   - static_Call1024PreCalls3 | EIP158 (2/2) ... ok
   - shallowStack | Frontier (70/81) ... ok
   - shallowStack | Frontier (71/81) ... ok
ok
   - ecmul_0-3_1_28000_96_d0g1v0_EIP150...   - static_Call1024PreCalls3 | Frontier (1/2) ... ok
   - shallowStack | Frontier (72/81) ... ok
   - static_Call1024PreCalls3 | Frontier (2/2) ... ok
   - shallowStack | Frontier (73/81) ... ok
   - static_Call1024PreCalls3 | Homestead (1/2) ... ok
   - shallowStack | Frontier (74/81) ... ok
   - shallowStack | Frontier (75/81) ... ok
   - shallowStack | Frontier (76/81) ... ok
   - static_Call1024PreCalls3 | Homestead (2/2) ... ok
   - randomStatetest214 | EIP150 (1/1) ... ok
   - shallowStack | Frontier (77/81) ... ok
   - static_Call1024PreCalls3 | Byzantium (1/2) ... ok
   - shallowStack | Frontier (78/81) ... ok
   - randomStatetest214 | EIP158 (1/1) ... ok
   - shallowStack | Frontier (79/81) ... ok
   - randomStatetest214 | Frontier (1/1) ... ok
   - shallowStack | Frontier (80/81) ... ok
   - shallowStack | Frontier (81/81) ... ok
   - randomStatetest214 | Homestead (1/1) ... ok
   - shallowStack | Homestead (1/81) ... ok
   - randomStatetest214 | Byzantium (1/1) ... ok
   - shallowStack | Homestead (2/81) ... ok
   - shallowStack | Homestead (3/81) ... ok
   - shallowStack | Homestead (4/81) ... ok
   - shallowStack | Homestead (5/81) ... ok
   - shallowStack | Homestead (6/81) ... ok
   - shallowStack | Homestead (7/81) ... ok
   - shallowStack | Homestead (8/81) ... ok
   - shallowStack | Homestead (9/81) ... ok
   - shallowStack | Homestead (10/81) ... ok
   - shallowStack | Homestead (11/81) ... ok
   - shallowStack | Homestead (12/81) ... ok
   - shallowStack | Homestead (13/81) ... ok
   - shallowStack | Homestead (14/81) ... ok
   - shallowStack | Homestead (15/81) ... ok
   - shallowStack | Homestead (16/81) ... ok
   - randomStatetest205 | EIP150 (1/1) ... ok
   - shallowStack | Homestead (17/81) ... ok
   - shallowStack | Homestead (18/81) ... ok
   - shallowStack | Homestead (19/81) ... ok
   - shallowStack | Homestead (20/81) ... ok
   - shallowStack | Homestead (21/81) ... ok
   - shallowStack | Homestead (22/81) ... ok
   - shallowStack | Homestead (23/81) ... ok
   - shallowStack | Homestead (24/81) ... ok
   - shallowStack | Homestead (25/81) ... ok
   - shallowStack | Homestead (26/81) ... ok
   - shallowStack | Homestead (27/81) ... ok
   - shallowStack | Homestead (28/81) ... ok
   - shallowStack | Homestead (29/81) ... ok
   - shallowStack | Homestead (30/81) ... ok
   - shallowStack | Homestead (31/81) ... ok
   - shallowStack | Homestead (32/81) ... ok
   - shallowStack | Homestead (33/81) ... ok
   - shallowStack | Homestead (34/81) ... ok
   - randomStatetest205 | EIP158 (1/1) ... ok
   - shallowStack | Homestead (35/81) ... ok
   - randomStatetest205 | Frontier (1/1) ... ok
   - shallowStack | Homestead (36/81) ... ok
   - shallowStack | Homestead (37/81) ... ok
   - randomStatetest205 | Homestead (1/1) ... ok
   - shallowStack | Homestead (38/81) ... ok
   - shallowStack | Homestead (39/81) ... ok
   - shallowStack | Homestead (40/81) ... ok
   - shallowStack | Homestead (41/81) ... ok
   - shallowStack | Homestead (42/81) ... ok
   - shallowStack | Homestead (43/81) ... ok
   - shallowStack | Homestead (44/81) ... ok
   - shallowStack | Homestead (45/81) ... ok
   - shallowStack | Homestead (46/81) ... ok
   - shallowStack | Homestead (47/81) ... ok
   - shallowStack | Homestead (48/81) ... ok
   - shallowStack | Homestead (49/81) ... ok
   - shallowStack | Homestead (50/81) ... ok
   - shallowStack | Homestead (51/81) ... ok
   - shallowStack | Homestead (52/81) ... ok
   - shallowStack | Homestead (53/81) ... ok
   - shallowStack | Homestead (54/81) ... ok
   - randomStatetest205 | Byzantium (1/1) ... ok
   - shallowStack | Homestead (55/81) ... ok
   - shallowStack | Homestead (56/81) ... ok
   - randomStatetest63 | EIP150 (1/1) ... ok
ok
   - ecmul_0-3_1_28000_96_d0g1v0_EIP158...   - shallowStack | Homestead (57/81) ... ok
   - shallowStack | Homestead (58/81) ... ok
   - randomStatetest63 | EIP158 (1/1) ... ok
   - shallowStack | Homestead (59/81) ... ok
   - randomStatetest63 | Frontier (1/1) ... ok
   - shallowStack | Homestead (60/81) ... ok
   - shallowStack | Homestead (61/81) ... ok
   - randomStatetest63 | Homestead (1/1) ... ok
   - shallowStack | Homestead (62/81) ... ok
   - shallowStack | Homestead (63/81) ... ok
   - randomStatetest63 | Byzantium (1/1) ... ok
   - shallowStack | Homestead (64/81) ... ok
   - shallowStack | Homestead (65/81) ... ok
   - randomStatetest12 | EIP150 (1/1) ... ok
   - shallowStack | Homestead (66/81) ... ok
   - shallowStack | Homestead (67/81) ... ok
   - randomStatetest12 | EIP158 (1/1) ... ok
   - shallowStack | Homestead (68/81) ... ok
   - randomStatetest12 | Frontier (1/1) ... ok
   - shallowStack | Homestead (69/81) ... ok
   - shallowStack | Homestead (70/81) ... ok
   - randomStatetest12 | Homestead (1/1) ... ok
   - shallowStack | Homestead (71/81) ... ok
   - randomStatetest12 | Byzantium (1/1) ... ok
   - shallowStack | Homestead (72/81) ... ok
   - shallowStack | Homestead (73/81) ... ok
   - shallowStack | Homestead (74/81) ... ok
   - randomStatetest211 | EIP150 (1/1) ... ok
   - shallowStack | Homestead (75/81) ... ok
   - randomStatetest211 | EIP158 (1/1) ... ok
   - shallowStack | Homestead (76/81) ... ok
   - randomStatetest211 | Frontier (1/1) ... ok
   - shallowStack | Homestead (77/81) ... ok
   - shallowStack | Homestead (78/81) ... ok
   - randomStatetest211 | Homestead (1/1) ... ok
   - shallowStack | Homestead (79/81) ... ok
   - shallowStack | Homestead (80/81) ... ok
   - randomStatetest211 | Byzantium (1/1) ... ok
   - shallowStack | Homestead (81/81) ... ok
   - randomStatetest55 | EIP150 (1/1) ... ok
   - shallowStack | Byzantium (1/81) ... ok
   - randomStatetest55 | EIP158 (1/1) ... ok
   - shallowStack | Byzantium (2/81) ... ok
   - shallowStack | Byzantium (3/81) ... ok
   - randomStatetest55 | Frontier (1/1) ... ok
   - shallowStack | Byzantium (4/81) ... ok
   - randomStatetest55 | Homestead (1/1) ... ok
   - shallowStack | Byzantium (5/81) ... ok
   - randomStatetest55 | Byzantium (1/1) ... ok
   - shallowStack | Byzantium (6/81) ... ok
   - shallowStack | Byzantium (7/81) ... ok
   - randomStatetest251 | EIP150 (1/1) ... ok
   - shallowStack | Byzantium (8/81) ... ok
   - randomStatetest251 | EIP158 (1/1) ... ok
   - shallowStack | Byzantium (9/81) ... ok
   - randomStatetest251 | Frontier (1/1) ... ok
   - shallowStack | Byzantium (10/81) ... ok
   - shallowStack | Byzantium (11/81) ... ok
   - randomStatetest251 | Homestead (1/1) ... ok
   - shallowStack | Byzantium (12/81) ... ok
   - randomStatetest251 | Byzantium (1/1) ... ok
   - shallowStack | Byzantium (13/81) ... ok
   - shallowStack | Byzantium (14/81) ... ok
   - randomStatetest345 | EIP150 (1/1) ... ok
   - shallowStack | Byzantium (15/81) ... ok
   - randomStatetest345 | EIP158 (1/1) ... ok
   - shallowStack | Byzantium (16/81) ... ok
   - shallowStack | Byzantium (17/81) ... ok
   - randomStatetest345 | Frontier (1/1) ... ok
   - shallowStack | Byzantium (18/81) ... ok
   - randomStatetest345 | Homestead (1/1) ... ok
   - shallowStack | Byzantium (19/81) ... ok
   - randomStatetest345 | Byzantium (1/1) ... ok
   - shallowStack | Byzantium (20/81) ... ok
   - shallowStack | Byzantium (21/81) ... ok
   - randomStatetest82 | EIP150 (1/1) ... ok
   - shallowStack | Byzantium (22/81) ... ok
   - shallowStack | Byzantium (23/81) ... ok
   - randomStatetest82 | EIP158 (1/1) ... ok
   - shallowStack | Byzantium (24/81) ... ok
   - randomStatetest82 | Frontier (1/1) ... ok
   - shallowStack | Byzantium (25/81) ... ok
   - shallowStack | Byzantium (26/81) ... ok
   - randomStatetest82 | Homestead (1/1) ... ok
   - shallowStack | Byzantium (27/81) ... ok
   - randomStatetest82 | Byzantium (1/1) ... ok
   - shallowStack | Byzantium (28/81) ... ok
   - shallowStack | Byzantium (29/81) ... ok
   - shallowStack | Byzantium (30/81) ... ok
   - randomStatetest241 | EIP150 (1/1) ... ok
   - shallowStack | Byzantium (31/81) ... ok
   - randomStatetest241 | EIP158 (1/1) ... ok
   - shallowStack | Byzantium (32/81) ... ok
ok
   - ecmul_0-3_1_28000_96_d0g1v0_Frontier...   - shallowStack | Byzantium (33/81) ... ok
   - randomStatetest241 | Frontier (1/1) ... ok
   - shallowStack | Byzantium (34/81) ... ok
   - randomStatetest241 | Homestead (1/1) ... ok
   - static_Call1024PreCalls3 | Byzantium (2/2) ... ok
   - shallowStack | Byzantium (35/81) ... ok
   - shallowStack | Byzantium (36/81) ... ok
   - randomStatetest241 | Byzantium (1/1) ... ok
   - static_callcallcodecallcode_011_SuicideEnd2 | EIP150 (1/1) ... ok
   - shallowStack | Byzantium (37/81) ... ok
   - static_callcallcodecallcode_011_SuicideEnd2 | EIP158 (1/1) ... ok
   - randomStatetest96 | EIP150 (1/1) ... ok
   - shallowStack | Byzantium (38/81) ... ok
   - static_callcallcodecallcode_011_SuicideEnd2 | Frontier (1/1) ... ok
   - shallowStack | Byzantium (39/81) ... ok
   - randomStatetest96 | EIP158 (1/1) ... ok
   - shallowStack | Byzantium (40/81) ... ok
   - static_callcallcodecallcode_011_SuicideEnd2 | Homestead (1/1) ... ok
   - shallowStack | Byzantium (41/81) ... ok
   - randomStatetest96 | Frontier (1/1) ... ok
   - shallowStack | Byzantium (42/81) ... ok
   - randomStatetest96 | Homestead (1/1) ... ok
   - static_callcallcodecallcode_011_SuicideEnd2 | Byzantium (1/1) ... ok
   - shallowStack | Byzantium (43/81) ... ok
   - shallowStack | Byzantium (44/81) ... ok
   - randomStatetest96 | Byzantium (1/1) ... ok
   - static_Call50000_rip160 | EIP150 (1/2) ... ok
   - shallowStack | Byzantium (45/81) ... ok
   - static_Call50000_rip160 | EIP150 (2/2) ... ok
   - randomStatetest433 | EIP150 (1/1) ... ok
   - shallowStack | Byzantium (46/81) ... ok
   - static_Call50000_rip160 | EIP158 (1/2) ... ok
   - shallowStack | Byzantium (47/81) ... ok
   - randomStatetest433 | EIP158 (1/1) ... ok
   - shallowStack | Byzantium (48/81) ... ok
   - static_Call50000_rip160 | EIP158 (2/2) ... ok
   - randomStatetest433 | Frontier (1/1) ... ok
   - shallowStack | Byzantium (49/81) ... ok
   - static_Call50000_rip160 | Frontier (1/2) ... ok
   - shallowStack | Byzantium (50/81) ... ok
   - randomStatetest433 | Homestead (1/1) ... ok
   - static_Call50000_rip160 | Frontier (2/2) ... ok
   - shallowStack | Byzantium (51/81) ... ok
   - randomStatetest433 | Byzantium (1/1) ... ok
   - shallowStack | Byzantium (52/81) ... ok
   - static_Call50000_rip160 | Homestead (1/2) ... ok
   - shallowStack | Byzantium (53/81) ... ok
   - static_Call50000_rip160 | Homestead (2/2) ... ok
   - randomStatetest19 | EIP150 (1/1) ... ok
   - shallowStack | Byzantium (54/81) ... ok
   - shallowStack | Byzantium (55/81) ... ok
   - randomStatetest19 | EIP158 (1/1) ... ok
   - shallowStack | Byzantium (56/81) ... ok
   - randomStatetest19 | Frontier (1/1) ... ok
   - shallowStack | Byzantium (57/81) ... ok
   - randomStatetest19 | Homestead (1/1) ... ok
   - shallowStack | Byzantium (58/81) ... ok
   - shallowStack | Byzantium (59/81) ... ok
   - randomStatetest19 | Byzantium (1/1) ... ok
   - shallowStack | Byzantium (60/81) ... ok
   - randomStatetest292 | EIP150 (1/1) ... ok
   - shallowStack | Byzantium (61/81) ... ok
   - shallowStack | Byzantium (62/81) ... ok
   - randomStatetest292 | EIP158 (1/1) ... ok
   - shallowStack | Byzantium (63/81) ... ok
   - randomStatetest292 | Frontier (1/1) ... ok
   - shallowStack | Byzantium (64/81) ... ok
   - randomStatetest292 | Homestead (1/1) ... ok
   - shallowStack | Byzantium (65/81) ... ok
   - shallowStack | Byzantium (66/81) ... ok
   - randomStatetest292 | Byzantium (1/1) ... ok
   - shallowStack | Byzantium (67/81) ... ok
   - shallowStack | Byzantium (68/81) ... ok
   - randomStatetest15 | EIP150 (1/1) ... ok
   - shallowStack | Byzantium (69/81) ... ok
   - randomStatetest15 | EIP158 (1/1) ... ok
   - shallowStack | Byzantium (70/81) ... ok
   - randomStatetest15 | Frontier (1/1) ... ok
   - shallowStack | Byzantium (71/81) ... ok
   - shallowStack | Byzantium (72/81) ... ok
   - randomStatetest15 | Homestead (1/1) ... ok
   - shallowStack | Byzantium (73/81) ... ok
   - randomStatetest15 | Byzantium (1/1) ... ok
   - shallowStack | Byzantium (74/81) ... ok
   - shallowStack | Byzantium (75/81) ... ok
   - randomStatetest37 | EIP150 (1/1) ... ok
   - shallowStack | Byzantium (76/81) ... ok
   - shallowStack | Byzantium (77/81) ... ok
   - randomStatetest37 | EIP158 (1/1) ... ok
   - shallowStack | Byzantium (78/81) ... ok
   - randomStatetest37 | Frontier (1/1) ... ok
   - shallowStack | Byzantium (79/81) ... ok
   - randomStatetest37 | Homestead (1/1) ... ok
   - shallowStack | Byzantium (80/81) ... ok
   - shallowStack | Byzantium (81/81) ... ok
   - randomStatetest37 | Byzantium (1/1) ... ok
   - randomStatetest118 | EIP150 (1/1) ... ok
   - randomStatetest118 | EIP158 (1/1) ... ok
   - randomStatetest118 | Frontier (1/1) ... ok
   - stackOverflowM1DUP | EIP150 (1/16) ... ok
   - stackOverflowM1DUP | EIP150 (2/16) ... ok
   - randomStatetest118 | Homestead (1/1) ... ok
   - stackOverflowM1DUP | EIP150 (3/16) ... ok
   - randomStatetest118 | Byzantium (1/1) ... ok
   - stackOverflowM1DUP | EIP150 (4/16) ... ok
   - randomStatetest92 | EIP150 (1/1) ... ok
   - stackOverflowM1DUP | EIP150 (5/16) ... ok
   - randomStatetest92 | EIP158 (1/1) ... ok
   - stackOverflowM1DUP | EIP150 (6/16) ... ok
   - stackOverflowM1DUP | EIP150 (7/16) ... ok
   - randomStatetest92 | Frontier (1/1) ... ok
   - stackOverflowM1DUP | EIP150 (8/16) ... ok
   - randomStatetest92 | Homestead (1/1) ... ok
   - stackOverflowM1DUP | EIP150 (9/16) ... ok
   - randomStatetest92 | Byzantium (1/1) ... ok
   - stackOverflowM1DUP | EIP150 (10/16) ... ok
   - stackOverflowM1DUP | EIP150 (11/16) ... ok
   - stackOverflowM1DUP | EIP150 (12/16) ... ok
   - stackOverflowM1DUP | EIP150 (13/16) ... ok
   - stackOverflowM1DUP | EIP150 (14/16) ... ok
   - stackOverflowM1DUP | EIP150 (15/16) ... ok
   - stackOverflowM1DUP | EIP150 (16/16) ... ok
   - stackOverflowM1DUP | EIP158 (1/16) ... ok
   - stackOverflowM1DUP | EIP158 (2/16) ... ok
   - stackOverflowM1DUP | EIP158 (3/16) ... ok
   - stackOverflowM1DUP | EIP158 (4/16) ... ok
   - stackOverflowM1DUP | EIP158 (5/16) ... ok
   - stackOverflowM1DUP | EIP158 (6/16) ... ok
   - stackOverflowM1DUP | EIP158 (7/16) ... ok
   - stackOverflowM1DUP | EIP158 (8/16) ... ok
   - stackOverflowM1DUP | EIP158 (9/16) ... ok
   - stackOverflowM1DUP | EIP158 (10/16) ... ok
ok
   - ecmul_0-3_1_28000_96_d0g1v0_Homestead...   - stackOverflowM1DUP | EIP158 (11/16) ... ok
   - stackOverflowM1DUP | EIP158 (12/16) ... ok
   - stackOverflowM1DUP | EIP158 (13/16) ... ok
   - stackOverflowM1DUP | EIP158 (14/16) ... ok
   - stackOverflowM1DUP | EIP158 (15/16) ... ok
   - stackOverflowM1DUP | EIP158 (16/16) ... ok
   - stackOverflowM1DUP | Frontier (1/16) ... ok
   - stackOverflowM1DUP | Frontier (2/16) ... ok
   - stackOverflowM1DUP | Frontier (3/16) ... ok
   - stackOverflowM1DUP | Frontier (4/16) ... ok
   - stackOverflowM1DUP | Frontier (5/16) ... ok
   - stackOverflowM1DUP | Frontier (6/16) ... ok
   - stackOverflowM1DUP | Frontier (7/16) ... ok
   - stackOverflowM1DUP | Frontier (8/16) ... ok
   - stackOverflowM1DUP | Frontier (9/16) ... ok
   - stackOverflowM1DUP | Frontier (10/16) ... ok
   - stackOverflowM1DUP | Frontier (11/16) ... ok
   - stackOverflowM1DUP | Frontier (12/16) ... ok
   - stackOverflowM1DUP | Frontier (13/16) ... ok
   - stackOverflowM1DUP | Frontier (14/16) ... ok
   - stackOverflowM1DUP | Frontier (15/16) ... ok
   - stackOverflowM1DUP | Frontier (16/16) ... ok
   - stackOverflowM1DUP | Homestead (1/16) ... ok
   - stackOverflowM1DUP | Homestead (2/16) ... ok
   - stackOverflowM1DUP | Homestead (3/16) ... ok
   - stackOverflowM1DUP | Homestead (4/16) ... ok
   - stackOverflowM1DUP | Homestead (5/16) ... ok
   - stackOverflowM1DUP | Homestead (6/16) ... ok
   - stackOverflowM1DUP | Homestead (7/16) ... ok
   - stackOverflowM1DUP | Homestead (8/16) ... ok
   - stackOverflowM1DUP | Homestead (9/16) ... ok
   - stackOverflowM1DUP | Homestead (10/16) ... ok
   - stackOverflowM1DUP | Homestead (11/16) ... ok
   - stackOverflowM1DUP | Homestead (12/16) ... ok
   - stackOverflowM1DUP | Homestead (13/16) ... ok
   - stackOverflowM1DUP | Homestead (14/16) ... ok
   - stackOverflowM1DUP | Homestead (15/16) ... ok
   - stackOverflowM1DUP | Homestead (16/16) ... ok
   - stackOverflowM1DUP | Byzantium (1/16) ... ok
   - stackOverflowM1DUP | Byzantium (2/16) ... ok
   - stackOverflowM1DUP | Byzantium (3/16) ... ok
   - randomStatetest636 | EIP150 (1/1) ... ok
   - stackOverflowM1DUP | Byzantium (4/16) ... ok
   - stackOverflowM1DUP | Byzantium (5/16) ... ok
   - stackOverflowM1DUP | Byzantium (6/16) ... ok
   - stackOverflowM1DUP | Byzantium (7/16) ... ok
   - stackOverflowM1DUP | Byzantium (8/16) ... ok
   - stackOverflowM1DUP | Byzantium (9/16) ... ok
   - stackOverflowM1DUP | Byzantium (10/16) ... ok
   - stackOverflowM1DUP | Byzantium (11/16) ... ok
   - stackOverflowM1DUP | Byzantium (12/16) ... ok
   - stackOverflowM1DUP | Byzantium (13/16) ... ok
   - stackOverflowM1DUP | Byzantium (14/16) ... ok
   - stackOverflowM1DUP | Byzantium (15/16) ... ok
   - stackOverflowM1DUP | Byzantium (16/16) ... ok
ok
   - ecpairing_two_points_with_one_g2_zero_d0g2v0_Byzantium...   - randomStatetest636 | EIP158 (1/1) ... ok
   - stackOverflowM1PUSH | EIP150 (1/31) ... ok
   - randomStatetest636 | Frontier (1/1) ... ok
   - randomStatetest636 | Homestead (1/1) ... ok
   - stackOverflowM1PUSH | EIP150 (2/31) ... ok
   - stackOverflowM1PUSH | EIP150 (3/31) ... ok
   - stackOverflowM1PUSH | EIP150 (4/31) ... ok
   - stackOverflowM1PUSH | EIP150 (5/31) ... ok
   - stackOverflowM1PUSH | EIP150 (6/31) ... ok
   - stackOverflowM1PUSH | EIP150 (7/31) ... ok
   - stackOverflowM1PUSH | EIP150 (8/31) ... ok
   - stackOverflowM1PUSH | EIP150 (9/31) ... ok
   - stackOverflowM1PUSH | EIP150 (10/31) ... ok
   - stackOverflowM1PUSH | EIP150 (11/31) ... ok
   - stackOverflowM1PUSH | EIP150 (12/31) ... ok
   - stackOverflowM1PUSH | EIP150 (13/31) ... ok
   - stackOverflowM1PUSH | EIP150 (14/31) ... ok
   - stackOverflowM1PUSH | EIP150 (15/31) ... ok
   - stackOverflowM1PUSH | EIP150 (16/31) ... ok
   - stackOverflowM1PUSH | EIP150 (17/31) ... ok
   - stackOverflowM1PUSH | EIP150 (18/31) ... ok
   - stackOverflowM1PUSH | EIP150 (19/31) ... ok
ok
   - ecpairing_two_points_with_one_g2_zero_d0g2v0_EIP150...   - stackOverflowM1PUSH | EIP150 (20/31) ... ok
   - stackOverflowM1PUSH | EIP150 (21/31) ... ok
   - stackOverflowM1PUSH | EIP150 (22/31) ... ok
   - stackOverflowM1PUSH | EIP150 (23/31) ... ok
   - stackOverflowM1PUSH | EIP150 (24/31) ... ok
   - stackOverflowM1PUSH | EIP150 (25/31) ... ok
   - stackOverflowM1PUSH | EIP150 (26/31) ... ok
   - stackOverflowM1PUSH | EIP150 (27/31) ... ok
   - stackOverflowM1PUSH | EIP150 (28/31) ... ok
   - stackOverflowM1PUSH | EIP150 (29/31) ... ok
   - stackOverflowM1PUSH | EIP150 (30/31) ... ok
   - stackOverflowM1PUSH | EIP150 (31/31) ... ok
   - stackOverflowM1PUSH | EIP158 (1/31) ... ok
   - stackOverflowM1PUSH | EIP158 (2/31) ... ok
   - stackOverflowM1PUSH | EIP158 (3/31) ... ok
   - stackOverflowM1PUSH | EIP158 (4/31) ... ok
   - stackOverflowM1PUSH | EIP158 (5/31) ... ok
   - stackOverflowM1PUSH | EIP158 (6/31) ... ok
   - stackOverflowM1PUSH | EIP158 (7/31) ... ok
   - stackOverflowM1PUSH | EIP158 (8/31) ... ok
   - stackOverflowM1PUSH | EIP158 (9/31) ... ok
   - stackOverflowM1PUSH | EIP158 (10/31) ... ok
   - stackOverflowM1PUSH | EIP158 (11/31) ... ok
   - randomStatetest636 | Byzantium (1/1) ... ok
   - stackOverflowM1PUSH | EIP158 (12/31) ... ok
   - stackOverflowM1PUSH | EIP158 (13/31) ... ok
   - randomStatetest354 | EIP150 (1/1) ... ok
   - randomStatetest354 | EIP158 (1/1) ... ok
   - stackOverflowM1PUSH | EIP158 (14/31) ... ok
   - stackOverflowM1PUSH | EIP158 (15/31) ... ok
   - randomStatetest354 | Frontier (1/1) ... ok
   - stackOverflowM1PUSH | EIP158 (16/31) ... ok
   - randomStatetest354 | Homestead (1/1) ... ok
   - stackOverflowM1PUSH | EIP158 (17/31) ... ok
   - randomStatetest354 | Byzantium (1/1) ... ok
   - stackOverflowM1PUSH | EIP158 (18/31) ... ok
   - randomStatetest497 | EIP150 (1/1) ... ok
   - stackOverflowM1PUSH | EIP158 (19/31) ... ok
   - randomStatetest497 | EIP158 (1/1) ... ok
   - stackOverflowM1PUSH | EIP158 (20/31) ... ok
   - randomStatetest497 | Frontier (1/1) ... ok
   - randomStatetest497 | Homestead (1/1) ... ok
   - stackOverflowM1PUSH | EIP158 (21/31) ... ok
   - stackOverflowM1PUSH | EIP158 (22/31) ... ok
   - randomStatetest497 | Byzantium (1/1) ... ok
   - stackOverflowM1PUSH | EIP158 (23/31) ... ok
   - randomStatetest324 | EIP150 (1/1) ... ok
   - stackOverflowM1PUSH | EIP158 (24/31) ... ok
   - randomStatetest324 | EIP158 (1/1) ... ok
   - stackOverflowM1PUSH | EIP158 (25/31) ... ok
   - randomStatetest324 | Frontier (1/1) ... ok
   - stackOverflowM1PUSH | EIP158 (26/31) ... ok
   - randomStatetest324 | Homestead (1/1) ... ok
   - stackOverflowM1PUSH | EIP158 (27/31) ... ok
   - stackOverflowM1PUSH | EIP158 (28/31) ... ok
   - randomStatetest324 | Byzantium (1/1) ... ok
   - stackOverflowM1PUSH | EIP158 (29/31) ... ok
ok
   - ecpairing_two_points_with_one_g2_zero_d0g2v0_EIP158...   - randomStatetest423 | EIP150 (1/1) ... ok
   - randomStatetest423 | EIP158 (1/1) ... ok
   - stackOverflowM1PUSH | EIP158 (30/31) ... ok
   - randomStatetest423 | Frontier (1/1) ... ok
   - stackOverflowM1PUSH | EIP158 (31/31) ... ok
   - randomStatetest423 | Homestead (1/1) ... ok
   - stackOverflowM1PUSH | Frontier (1/31) ... ok
   - randomStatetest423 | Byzantium (1/1) ... ok
   - stackOverflowM1PUSH | Frontier (2/31) ... ok
   - stackOverflowM1PUSH | Frontier (3/31) ... ok
   - stackOverflowM1PUSH | Frontier (4/31) ... ok
   - stackOverflowM1PUSH | Frontier (5/31) ... ok
   - stackOverflowM1PUSH | Frontier (6/31) ... ok
   - stackOverflowM1PUSH | Frontier (7/31) ... ok
   - stackOverflowM1PUSH | Frontier (8/31) ... ok
   - stackOverflowM1PUSH | Frontier (9/31) ... ok
   - stackOverflowM1PUSH | Frontier (10/31) ... ok
   - stackOverflowM1PUSH | Frontier (11/31) ... ok
   - stackOverflowM1PUSH | Frontier (12/31) ... ok
   - stackOverflowM1PUSH | Frontier (13/31) ... ok
   - stackOverflowM1PUSH | Frontier (14/31) ... ok
   - stackOverflowM1PUSH | Frontier (15/31) ... ok
   - stackOverflowM1PUSH | Frontier (16/31) ... ok
   - randomStatetest476 | EIP150 (1/1) ... ok
   - stackOverflowM1PUSH | Frontier (17/31) ... ok
   - stackOverflowM1PUSH | Frontier (18/31) ... ok
   - stackOverflowM1PUSH | Frontier (19/31) ... ok
   - stackOverflowM1PUSH | Frontier (20/31) ... ok
   - stackOverflowM1PUSH | Frontier (21/31) ... ok
   - stackOverflowM1PUSH | Frontier (22/31) ... ok
   - stackOverflowM1PUSH | Frontier (23/31) ... ok
   - stackOverflowM1PUSH | Frontier (24/31) ... ok
   - stackOverflowM1PUSH | Frontier (25/31) ... ok
   - stackOverflowM1PUSH | Frontier (26/31) ... ok
   - stackOverflowM1PUSH | Frontier (27/31) ... ok
   - stackOverflowM1PUSH | Frontier (28/31) ... ok
   - stackOverflowM1PUSH | Frontier (29/31) ... ok
   - randomStatetest476 | EIP158 (1/1) ... ok
   - stackOverflowM1PUSH | Frontier (30/31) ... ok
   - stackOverflowM1PUSH | Frontier (31/31) ... ok
   - stackOverflowM1PUSH | Homestead (1/31) ... ok
   - stackOverflowM1PUSH | Homestead (2/31) ... ok
   - stackOverflowM1PUSH | Homestead (3/31) ... ok
   - stackOverflowM1PUSH | Homestead (4/31) ... ok
   - stackOverflowM1PUSH | Homestead (5/31) ... ok
   - stackOverflowM1PUSH | Homestead (6/31) ... ok
   - stackOverflowM1PUSH | Homestead (7/31) ... ok
   - stackOverflowM1PUSH | Homestead (8/31) ... ok
   - stackOverflowM1PUSH | Homestead (9/31) ... ok
   - stackOverflowM1PUSH | Homestead (10/31) ... ok
   - randomStatetest476 | Frontier (1/1) ... ok
   - stackOverflowM1PUSH | Homestead (11/31) ... ok
   - stackOverflowM1PUSH | Homestead (12/31) ... ok
   - stackOverflowM1PUSH | Homestead (13/31) ... ok
   - stackOverflowM1PUSH | Homestead (14/31) ... ok
   - stackOverflowM1PUSH | Homestead (15/31) ... ok
ok
   - ecpairing_two_points_with_one_g2_zero_d0g2v0_Frontier...   - stackOverflowM1PUSH | Homestead (16/31) ... ok
   - stackOverflowM1PUSH | Homestead (17/31) ... ok
   - stackOverflowM1PUSH | Homestead (18/31) ... ok
   - stackOverflowM1PUSH | Homestead (19/31) ... ok
   - stackOverflowM1PUSH | Homestead (20/31) ... ok
   - stackOverflowM1PUSH | Homestead (21/31) ... ok
   - stackOverflowM1PUSH | Homestead (22/31) ... ok
   - randomStatetest476 | Homestead (1/1) ... ok
   - stackOverflowM1PUSH | Homestead (23/31) ... ok
   - stackOverflowM1PUSH | Homestead (24/31) ... ok
   - stackOverflowM1PUSH | Homestead (25/31) ... ok
   - stackOverflowM1PUSH | Homestead (26/31) ... ok
   - stackOverflowM1PUSH | Homestead (27/31) ... ok
   - stackOverflowM1PUSH | Homestead (28/31) ... ok
   - stackOverflowM1PUSH | Homestead (29/31) ... ok
   - stackOverflowM1PUSH | Homestead (30/31) ... ok
   - randomStatetest476 | Byzantium (1/1) ... ok
   - randomStatetest417 | EIP150 (1/1) ... ok
   - randomStatetest417 | EIP158 (1/1) ... ok
   - randomStatetest417 | Frontier (1/1) ... ok
   - randomStatetest417 | Homestead (1/1) ... ok
   - randomStatetest417 | Byzantium (1/1) ... ok
   - stackOverflowM1PUSH | Homestead (31/31) ... ok
   - stackOverflowM1PUSH | Byzantium (1/31) ... ok
   - randomStatetest210 | EIP150 (1/1) ... ok
   - stackOverflowM1PUSH | Byzantium (2/31) ... ok
   - randomStatetest210 | EIP158 (1/1) ... ok
   - stackOverflowM1PUSH | Byzantium (3/31) ... ok
   - randomStatetest210 | Frontier (1/1) ... ok
   - stackOverflowM1PUSH | Byzantium (4/31) ... ok
   - randomStatetest210 | Homestead (1/1) ... ok
   - stackOverflowM1PUSH | Byzantium (5/31) ... ok
   - randomStatetest210 | Byzantium (1/1) ... ok
   - stackOverflowM1PUSH | Byzantium (6/31) ... ok
   - randomStatetest245 | EIP150 (1/1) ... ok
   - stackOverflowM1PUSH | Byzantium (7/31) ... ok
   - randomStatetest245 | EIP158 (1/1) ... ok
   - stackOverflowM1PUSH | Byzantium (8/31) ... ok
   - randomStatetest245 | Frontier (1/1) ... ok
   - randomStatetest245 | Homestead (1/1) ... ok
ok
   - ecpairing_two_points_with_one_g2_zero_d0g2v0_Homestead...   - randomStatetest245 | Byzantium (1/1) ... ok
   - randomStatetest509 | EIP150 (1/1) ... ok
   - stackOverflowM1PUSH | Byzantium (9/31) ... ok
   - randomStatetest509 | EIP158 (1/1) ... ok
   - stackOverflowM1PUSH | Byzantium (10/31) ... ok
   - randomStatetest509 | Frontier (1/1) ... ok
   - stackOverflowM1PUSH | Byzantium (11/31) ... ok
   - randomStatetest509 | Homestead (1/1) ... ok
   - stackOverflowM1PUSH | Byzantium (12/31) ... ok
   - randomStatetest509 | Byzantium (1/1) ... ok
   - stackOverflowM1PUSH | Byzantium (13/31) ... ok
   - randomStatetest24 | EIP150 (1/1) ... ok
   - stackOverflowM1PUSH | Byzantium (14/31) ... ok
   - randomStatetest24 | EIP158 (1/1) ... ok
   - randomStatetest24 | Frontier (1/1) ... ok
   - stackOverflowM1PUSH | Byzantium (15/31) ... ok
   - stackOverflowM1PUSH | Byzantium (16/31) ... ok
   - stackOverflowM1PUSH | Byzantium (17/31) ... ok
   - stackOverflowM1PUSH | Byzantium (18/31) ... ok
   - randomStatetest24 | Homestead (1/1) ... ok
   - stackOverflowM1PUSH | Byzantium (19/31) ... ok
   - randomStatetest24 | Byzantium (1/1) ... ok
   - stackOverflowM1PUSH | Byzantium (20/31) ... ok
   - stackOverflowM1PUSH | Byzantium (21/31) ... ok
   - stackOverflowM1PUSH | Byzantium (22/31) ... ok
   - stackOverflowM1PUSH | Byzantium (23/31) ... ok
   - randomStatetest496 | EIP150 (1/1) ... ok
   - randomStatetest496 | EIP158 (1/1) ... ok
   - stackOverflowM1PUSH | Byzantium (24/31) ... ok
   - randomStatetest496 | Frontier (1/1) ... ok
   - stackOverflowM1PUSH | Byzantium (25/31) ... ok
   - randomStatetest496 | Homestead (1/1) ... ok
   - stackOverflowM1PUSH | Byzantium (26/31) ... ok
   - randomStatetest496 | Byzantium (1/1) ... ok
   - randomStatetest125 | EIP150 (1/1) ... ok
   - stackOverflowM1PUSH | Byzantium (27/31) ... ok
   - randomStatetest125 | EIP158 (1/1) ... ok
   - stackOverflowM1PUSH | Byzantium (28/31) ... ok
   - randomStatetest125 | Frontier (1/1) ... ok
   - randomStatetest125 | Homestead (1/1) ... ok
   - stackOverflowM1PUSH | Byzantium (29/31) ... ok
   - randomStatetest125 | Byzantium (1/1) ... ok
   - randomStatetest477 | EIP150 (1/1) ... ok
   - stackOverflowM1PUSH | Byzantium (30/31) ... ok
   - randomStatetest477 | EIP158 (1/1) ... ok
ok
   - randomStatetest477 | Frontier (1/1) ... ok
   - stackOverflowM1PUSH | Byzantium (31/31) ... ok
   - randomStatetest477 | Homestead (1/1) ... ok
   - randomStatetest477 | Byzantium (1/1) ... ok
   - ecmul_7827-6598_5616_21000_128_d0g2v0_Byzantium...   - randomStatetest581 | EIP150 (1/1) ... ok
   - randomStatetest581 | EIP158 (1/1) ... ok
   - randomStatetest581 | Frontier (1/1) ... ok
   - randomStatetest581 | Homestead (1/1) ... ok
   - randomStatetest581 | Byzantium (1/1) ... ok
   - randomStatetest499 | EIP150 (1/1) ... ok
   - randomStatetest499 | EIP158 (1/1) ... ok
   - randomStatetest499 | Frontier (1/1) ... ok
   - randomStatetest499 | Homestead (1/1) ... ok
   - randomStatetest499 | Byzantium (1/1) ... ok
   - randomStatetest136 | EIP150 (1/1) ... ok
   - randomStatetest136 | EIP158 (1/1) ... ok
   - randomStatetest136 | Frontier (1/1) ... ok
   - randomStatetest136 | Homestead (1/1) ... ok
   - randomStatetest136 | Byzantium (1/1) ... ok
   - randomStatetest567 | EIP150 (1/1) ... ok
   - randomStatetest567 | EIP158 (1/1) ... ok
   - randomStatetest567 | Frontier (1/1) ... ok
   - randomStatetest567 | Homestead (1/1) ... ok
   - randomStatetest567 | Byzantium (1/1) ... ok
   - randomStatetest402 | EIP150 (1/1) ... ok
   - randomStatetest402 | EIP158 (1/1) ... ok
   - randomStatetest402 | Frontier (1/1) ... ok
   - randomStatetest402 | Homestead (1/1) ... ok
   - randomStatetest402 | Byzantium (1/1) ... ok
   - randomStatetest43 | EIP150 (1/1) ... ok
   - randomStatetest43 | EIP158 (1/1) ... ok
ok
   - ecmul_7827-6598_5616_21000_128_d0g2v0_EIP150...   - randomStatetest43 | Frontier (1/1) ... ok
   - randomStatetest43 | Homestead (1/1) ... ok
   - randomStatetest43 | Byzantium (1/1) ... ok
   - randomStatetest359 | EIP150 (1/1) ... ok
   - randomStatetest359 | EIP158 (1/1) ... ok
   - stackOverflowPUSH | EIP150 (1/31) ... ok
   - stackOverflowPUSH | EIP150 (2/31) ... ok
   - randomStatetest359 | Frontier (1/1) ... ok
   - stackOverflowPUSH | EIP150 (3/31) ... ok
   - randomStatetest359 | Homestead (1/1) ... ok
   - stackOverflowPUSH | EIP150 (4/31) ... ok
   - randomStatetest359 | Byzantium (1/1) ... ok
   - stackOverflowPUSH | EIP150 (5/31) ... ok
   - randomStatetest625 | EIP150 (1/1) ... ok
   - stackOverflowPUSH | EIP150 (6/31) ... ok
   - randomStatetest625 | EIP158 (1/1) ... ok
   - randomStatetest625 | Frontier (1/1) ... ok
   - stackOverflowPUSH | EIP150 (7/31) ... ok
   - randomStatetest625 | Homestead (1/1) ... ok
   - stackOverflowPUSH | EIP150 (8/31) ... ok
   - randomStatetest625 | Byzantium (1/1) ... ok
   - stackOverflowPUSH | EIP150 (9/31) ... ok
   - randomStatetest293 | EIP150 (1/1) ... ok
   - stackOverflowPUSH | EIP150 (10/31) ... ok
   - randomStatetest293 | EIP158 (1/1) ... ok
   - stackOverflowPUSH | EIP150 (11/31) ... ok
   - randomStatetest293 | Frontier (1/1) ... ok
   - stackOverflowPUSH | EIP150 (12/31) ... ok
   - randomStatetest293 | Homestead (1/1) ... ok
   - stackOverflowPUSH | EIP150 (13/31) ... ok
   - randomStatetest293 | Byzantium (1/1) ... ok
   - randomStatetest18 | EIP150 (1/1) ... ok
   - stackOverflowPUSH | EIP150 (14/31) ... ok
   - randomStatetest18 | EIP158 (1/1) ... ok
   - stackOverflowPUSH | EIP150 (15/31) ... ok
   - randomStatetest18 | Frontier (1/1) ... ok
   - stackOverflowPUSH | EIP150 (16/31) ... ok
   - randomStatetest18 | Homestead (1/1) ... ok
   - randomStatetest18 | Byzantium (1/1) ... ok
   - stackOverflowPUSH | EIP150 (17/31) ... ok
   - randomStatetest108 | EIP150 (1/1) ... ok
   - stackOverflowPUSH | EIP150 (18/31) ... ok
   - randomStatetest108 | EIP158 (1/1) ... ok
   - stackOverflowPUSH | EIP150 (19/31) ... ok
   - randomStatetest108 | Frontier (1/1) ... ok
   - randomStatetest108 | Homestead (1/1) ... ok
   - stackOverflowPUSH | EIP150 (20/31) ... ok
   - randomStatetest108 | Byzantium (1/1) ... ok
   - stackOverflowPUSH | EIP150 (21/31) ... ok
   - randomStatetest559 | EIP150 (1/1) ... ok
   - stackOverflowPUSH | EIP150 (22/31) ... ok
   - randomStatetest559 | EIP158 (1/1) ... ok
   - randomStatetest559 | Frontier (1/1) ... ok
   - stackOverflowPUSH | EIP150 (23/31) ... ok
   - randomStatetest559 | Homestead (1/1) ... ok
   - randomStatetest559 | Byzantium (1/1) ... ok
   - stackOverflowPUSH | EIP150 (24/31) ... ok
   - randomStatetest455 | EIP150 (1/1) ... ok
   - stackOverflowPUSH | EIP150 (25/31) ... ok
   - randomStatetest455 | EIP158 (1/1) ... ok
   - randomStatetest455 | Frontier (1/1) ... ok
   - stackOverflowPUSH | EIP150 (26/31) ... ok
   - randomStatetest455 | Homestead (1/1) ... ok
   - stackOverflowPUSH | EIP150 (27/31) ... ok
   - randomStatetest455 | Byzantium (1/1) ... ok
   - stackOverflowPUSH | EIP150 (28/31) ... ok
   - randomStatetest410 | EIP150 (1/1) ... ok
   - randomStatetest410 | EIP158 (1/1) ... ok
   - stackOverflowPUSH | EIP150 (29/31) ... ok
   - randomStatetest410 | Frontier (1/1) ... ok
   - stackOverflowPUSH | EIP150 (30/31) ... ok
   - randomStatetest410 | Homestead (1/1) ... ok
   - stackOverflowPUSH | EIP150 (31/31) ... ok
   - randomStatetest410 | Byzantium (1/1) ... ok
   - randomStatetest510 | EIP150 (1/1) ... ok
   - stackOverflowPUSH | EIP158 (1/31) ... ok
   - randomStatetest510 | EIP158 (1/1) ... ok
   - stackOverflowPUSH | EIP158 (2/31) ... ok
   - randomStatetest510 | Frontier (1/1) ... ok
   - stackOverflowPUSH | EIP158 (3/31) ... ok
   - randomStatetest510 | Homestead (1/1) ... ok
   - stackOverflowPUSH | EIP158 (4/31) ... ok
   - randomStatetest510 | Byzantium (1/1) ... ok
   - stackOverflowPUSH | EIP158 (5/31) ... ok
   - stackOverflowPUSH | EIP158 (6/31) ... ok
   - randomStatetest633 | EIP150 (1/1) ... ok
   - stackOverflowPUSH | EIP158 (7/31) ... ok
   - randomStatetest633 | EIP158 (1/1) ... ok
   - randomStatetest633 | Frontier (1/1) ... ok
   - stackOverflowPUSH | EIP158 (8/31) ... ok
   - randomStatetest633 | Homestead (1/1) ... ok
   - stackOverflowPUSH | EIP158 (9/31) ... ok
   - randomStatetest633 | Byzantium (1/1) ... ok
   - stackOverflowPUSH | EIP158 (10/31) ... ok
   - randomStatetest523 | EIP150 (1/1) ... ok
   - stackOverflowPUSH | EIP158 (11/31) ... ok
   - randomStatetest523 | EIP158 (1/1) ... ok
ok
   - ecmul_7827-6598_5616_21000_128_d0g2v0_EIP158...   - stackOverflowPUSH | EIP158 (12/31) ... ok
   - randomStatetest523 | Frontier (1/1) ... ok
   - randomStatetest523 | Homestead (1/1) ... ok
   - stackOverflowPUSH | EIP158 (13/31) ... ok
   - randomStatetest523 | Byzantium (1/1) ... ok
   - stackOverflowPUSH | EIP158 (14/31) ... ok
   - randomStatetest571 | EIP150 (1/1) ... ok
   - stackOverflowPUSH | EIP158 (15/31) ... ok
   - randomStatetest571 | EIP158 (1/1) ... ok
   - randomStatetest571 | Frontier (1/1) ... ok
   - stackOverflowPUSH | EIP158 (16/31) ... ok
   - randomStatetest571 | Homestead (1/1) ... ok
   - stackOverflowPUSH | EIP158 (17/31) ... ok
   - randomStatetest571 | Byzantium (1/1) ... ok
   - stackOverflowPUSH | EIP158 (18/31) ... ok
   - randomStatetest318 | EIP150 (1/1) ... ok
   - randomStatetest318 | EIP158 (1/1) ... ok
   - stackOverflowPUSH | EIP158 (19/31) ... ok
   - randomStatetest318 | Frontier (1/1) ... ok
   - stackOverflowPUSH | EIP158 (20/31) ... ok
   - randomStatetest318 | Homestead (1/1) ... ok
   - randomStatetest318 | Byzantium (1/1) ... ok
   - stackOverflowPUSH | EIP158 (21/31) ... ok
   - randomStatetest310 | EIP150 (1/1) ... ok
   - stackOverflowPUSH | EIP158 (22/31) ... ok
   - randomStatetest310 | EIP158 (1/1) ... ok
   - stackOverflowPUSH | EIP158 (23/31) ... ok
   - randomStatetest310 | Frontier (1/1) ... ok
   - randomStatetest310 | Homestead (1/1) ... ok
   - stackOverflowPUSH | EIP158 (24/31) ... ok
   - randomStatetest310 | Byzantium (1/1) ... ok
   - stackOverflowPUSH | EIP158 (25/31) ... ok
   - randomStatetest353 | EIP150 (1/1) ... ok
   - randomStatetest353 | EIP158 (1/1) ... ok
   - stackOverflowPUSH | EIP158 (26/31) ... ok
   - randomStatetest353 | Frontier (1/1) ... ok
   - randomStatetest353 | Homestead (1/1) ... ok
   - stackOverflowPUSH | EIP158 (27/31) ... ok
   - randomStatetest353 | Byzantium (1/1) ... ok
   - stackOverflowPUSH | EIP158 (28/31) ... ok
   - randomStatetest502 | EIP150 (1/1) ... ok
   - randomStatetest502 | EIP158 (1/1) ... ok
   - stackOverflowPUSH | EIP158 (29/31) ... ok
   - randomStatetest502 | Frontier (1/1) ... ok
   - stackOverflowPUSH | EIP158 (30/31) ... ok
   - randomStatetest502 | Homestead (1/1) ... ok
   - randomStatetest502 | Byzantium (1/1) ... ok
   - stackOverflowPUSH | EIP158 (31/31) ... ok
   - stackOverflowPUSH | Frontier (1/31) ... ok
   - stackOverflowPUSH | Frontier (2/31) ... ok
   - stackOverflowPUSH | Frontier (3/31) ... ok
   - stackOverflowPUSH | Frontier (4/31) ... ok
   - stackOverflowPUSH | Frontier (5/31) ... ok
   - stackOverflowPUSH | Frontier (6/31) ... ok
   - stackOverflowPUSH | Frontier (7/31) ... ok
   - stackOverflowPUSH | Frontier (8/31) ... ok
   - stackOverflowPUSH | Frontier (9/31) ... ok
   - stackOverflowPUSH | Frontier (10/31) ... ok
   - stackOverflowPUSH | Frontier (11/31) ... ok
   - stackOverflowPUSH | Frontier (12/31) ... ok
   - stackOverflowPUSH | Frontier (13/31) ... ok
   - randomStatetest554 | EIP150 (1/1) ... ok
   - stackOverflowPUSH | Frontier (14/31) ... ok
   - stackOverflowPUSH | Frontier (15/31) ... ok
   - stackOverflowPUSH | Frontier (16/31) ... ok
   - stackOverflowPUSH | Frontier (17/31) ... ok
   - stackOverflowPUSH | Frontier (18/31) ... ok
   - stackOverflowPUSH | Frontier (19/31) ... ok
   - stackOverflowPUSH | Frontier (20/31) ... ok
   - stackOverflowPUSH | Frontier (21/31) ... ok
   - stackOverflowPUSH | Frontier (22/31) ... ok
   - randomStatetest554 | EIP158 (1/1) ... ok
   - stackOverflowPUSH | Frontier (23/31) ... ok
   - randomStatetest554 | Frontier (1/1) ... ok
   - randomStatetest554 | Homestead (1/1) ... ok
   - stackOverflowPUSH | Frontier (24/31) ... ok
   - stackOverflowPUSH | Frontier (25/31) ... ok
   - stackOverflowPUSH | Frontier (26/31) ... ok
   - stackOverflowPUSH | Frontier (27/31) ... ok
   - stackOverflowPUSH | Frontier (28/31) ... ok
   - stackOverflowPUSH | Frontier (29/31) ... ok
ok
   - ecmul_7827-6598_5616_21000_128_d0g2v0_Frontier...   - stackOverflowPUSH | Frontier (30/31) ... ok
   - stackOverflowPUSH | Frontier (31/31) ... ok
   - stackOverflowPUSH | Homestead (1/31) ... ok
   - stackOverflowPUSH | Homestead (2/31) ... ok
   - stackOverflowPUSH | Homestead (3/31) ... ok
   - stackOverflowPUSH | Homestead (4/31) ... ok
   - stackOverflowPUSH | Homestead (5/31) ... ok
   - stackOverflowPUSH | Homestead (6/31) ... ok
   - stackOverflowPUSH | Homestead (7/31) ... ok
   - stackOverflowPUSH | Homestead (8/31) ... ok
   - randomStatetest554 | Byzantium (1/1) ... ok
   - stackOverflowPUSH | Homestead (9/31) ... ok
   - randomStatetest607 | EIP150 (1/1) ... ok
   - stackOverflowPUSH | Homestead (10/31) ... ok
   - randomStatetest607 | EIP158 (1/1) ... ok
   - randomStatetest607 | Frontier (1/1) ... ok
   - stackOverflowPUSH | Homestead (11/31) ... ok
   - randomStatetest607 | Homestead (1/1) ... ok
   - stackOverflowPUSH | Homestead (12/31) ... ok
   - randomStatetest607 | Byzantium (1/1) ... ok
   - stackOverflowPUSH | Homestead (13/31) ... ok
   - randomStatetest160 | EIP150 (1/1) ... ok
   - static_Call50000_rip160 | Byzantium (1/2) ... ok
   - randomStatetest160 | EIP158 (1/1) ... ok
   - stackOverflowPUSH | Homestead (14/31) ... ok
   - randomStatetest160 | Frontier (1/1) ... ok
   - stackOverflowPUSH | Homestead (15/31) ... ok
   - randomStatetest160 | Homestead (1/1) ... ok
   - stackOverflowPUSH | Homestead (16/31) ... ok
   - randomStatetest160 | Byzantium (1/1) ... ok
   - stackOverflowPUSH | Homestead (17/31) ... ok
   - stackOverflowPUSH | Homestead (18/31) ... ok
   - randomStatetest341 | EIP150 (1/1) ... ok
   - stackOverflowPUSH | Homestead (19/31) ... ok
   - randomStatetest341 | EIP158 (1/1) ... ok
   - stackOverflowPUSH | Homestead (20/31) ... ok
   - stackOverflowPUSH | Homestead (21/31) ... ok
   - randomStatetest341 | Frontier (1/1) ... ok
   - stackOverflowPUSH | Homestead (22/31) ... ok
   - randomStatetest341 | Homestead (1/1) ... ok
   - stackOverflowPUSH | Homestead (23/31) ... ok
   - stackOverflowPUSH | Homestead (24/31) ... ok
   - randomStatetest341 | Byzantium (1/1) ... ok
   - stackOverflowPUSH | Homestead (25/31) ... ok
   - randomStatetest537 | EIP150 (1/1) ... ok
   - randomStatetest537 | EIP158 (1/1) ... ok
   - stackOverflowPUSH | Homestead (26/31) ... ok
   - randomStatetest537 | Frontier (1/1) ... ok
   - randomStatetest537 | Homestead (1/1) ... ok
   - stackOverflowPUSH | Homestead (27/31) ... ok
   - randomStatetest537 | Byzantium (1/1) ... ok
   - stackOverflowPUSH | Homestead (28/31) ... ok
   - randomStatetest107 | EIP150 (1/1) ... ok
   - randomStatetest107 | EIP158 (1/1) ... ok
   - stackOverflowPUSH | Homestead (29/31) ... ok
   - randomStatetest107 | Frontier (1/1) ... ok
   - stackOverflowPUSH | Homestead (30/31) ... ok
   - randomStatetest107 | Homestead (1/1) ... ok
   - randomStatetest107 | Byzantium (1/1) ... ok
   - stackOverflowPUSH | Homestead (31/31) ... ok
   - randomStatetest302 | EIP150 (1/1) ... ok
   - stackOverflowPUSH | Byzantium (1/31) ... ok
   - randomStatetest302 | EIP158 (1/1) ... ok
   - stackOverflowPUSH | Byzantium (2/31) ... ok
   - stackOverflowPUSH | Byzantium (3/31) ... ok
   - randomStatetest302 | Frontier (1/1) ... ok
   - stackOverflowPUSH | Byzantium (4/31) ... ok
   - randomStatetest302 | Homestead (1/1) ... ok
   - stackOverflowPUSH | Byzantium (5/31) ... ok
ok
   - ecmul_7827-6598_5616_21000_128_d0g2v0_Homestead...   - randomStatetest302 | Byzantium (1/1) ... ok
   - stackOverflowPUSH | Byzantium (6/31) ... ok
   - randomStatetest31 | EIP150 (1/1) ... ok
   - stackOverflowPUSH | Byzantium (7/31) ... ok
   - stackOverflowPUSH | Byzantium (8/31) ... ok
   - randomStatetest31 | EIP158 (1/1) ... ok
   - randomStatetest31 | Frontier (1/1) ... ok
   - stackOverflowPUSH | Byzantium (9/31) ... ok
   - randomStatetest31 | Homestead (1/1) ... ok
   - stackOverflowPUSH | Byzantium (10/31) ... ok
   - stackOverflowPUSH | Byzantium (11/31) ... ok
   - randomStatetest31 | Byzantium (1/1) ... ok
   - stackOverflowPUSH | Byzantium (12/31) ... ok
   - randomStatetest546 | EIP150 (1/1) ... ok
   - randomStatetest546 | EIP158 (1/1) ... ok
   - stackOverflowPUSH | Byzantium (13/31) ... ok
   - randomStatetest546 | Frontier (1/1) ... ok
   - stackOverflowPUSH | Byzantium (14/31) ... ok
   - randomStatetest546 | Homestead (1/1) ... ok
   - stackOverflowPUSH | Byzantium (15/31) ... ok
   - randomStatetest546 | Byzantium (1/1) ... ok
   - stackOverflowPUSH | Byzantium (16/31) ... ok
   - randomStatetest225 | EIP150 (1/1) ... ok
   - stackOverflowPUSH | Byzantium (17/31) ... ok
   - randomStatetest225 | EIP158 (1/1) ... ok
   - stackOverflowPUSH | Byzantium (18/31) ... ok
   - randomStatetest225 | Frontier (1/1) ... ok
   - stackOverflowPUSH | Byzantium (19/31) ... ok
   - randomStatetest225 | Homestead (1/1) ... ok
   - randomStatetest225 | Byzantium (1/1) ... ok
   - stackOverflowPUSH | Byzantium (20/31) ... ok
   - stackOverflowPUSH | Byzantium (21/31) ... ok
   - randomStatetest | EIP150 (1/1) ... ok
   - randomStatetest | EIP158 (1/1) ... ok
   - stackOverflowPUSH | Byzantium (22/31) ... ok
   - randomStatetest | Frontier (1/1) ... ok
   - stackOverflowPUSH | Byzantium (23/31) ... ok
   - randomStatetest | Homestead (1/1) ... ok
   - randomStatetest | Byzantium (1/1) ... ok
   - stackOverflowPUSH | Byzantium (24/31) ... ok
   - randomStatetest406 | EIP150 (1/1) ... ok
   - stackOverflowPUSH | Byzantium (25/31) ... ok
   - randomStatetest406 | EIP158 (1/1) ... ok
   - randomStatetest406 | Frontier (1/1) ... ok
   - stackOverflowPUSH | Byzantium (26/31) ... ok
   - randomStatetest406 | Homestead (1/1) ... ok
   - randomStatetest406 | Byzantium (1/1) ... ok
   - stackOverflowPUSH | Byzantium (27/31) ... ok
   - randomStatetest115 | EIP150 (1/1) ... ok
   - stackOverflowPUSH | Byzantium (28/31) ... ok
   - randomStatetest115 | EIP158 (1/1) ... ok
   - stackOverflowPUSH | Byzantium (29/31) ... ok
   - randomStatetest115 | Frontier (1/1) ... ok
   - randomStatetest115 | Homestead (1/1) ... ok
   - stackOverflowPUSH | Byzantium (30/31) ... ok
   - randomStatetest115 | Byzantium (1/1) ... ok
   - stackOverflowPUSH | Byzantium (31/31) ... ok
   - randomStatetest487 | EIP150 (1/1) ... ok
   - randomStatetest487 | EIP158 (1/1) ... ok
   - randomStatetest487 | Frontier (1/1) ... ok
   - randomStatetest487 | Homestead (1/1) ... ok
   - stackOverflowM1 | EIP150 (1/16) ... ok
   - randomStatetest487 | Byzantium (1/1) ... ok
   - stackOverflowM1 | EIP150 (2/16) ... ok
   - stackOverflowM1 | EIP150 (3/16) ... ok
   - randomStatetest23 | EIP150 (1/1) ... ok
   - stackOverflowM1 | EIP150 (4/16) ... ok
   - randomStatetest23 | EIP158 (1/1) ... ok
   - stackOverflowM1 | EIP150 (5/16) ... ok
   - randomStatetest23 | Frontier (1/1) ... ok
   - stackOverflowM1 | EIP150 (6/16) ... ok
   - randomStatetest23 | Homestead (1/1) ... ok
   - stackOverflowM1 | EIP150 (7/16) ... ok
   - randomStatetest23 | Byzantium (1/1) ... ok
   - stackOverflowM1 | EIP150 (8/16) ... ok
   - stackOverflowM1 | EIP150 (9/16) ... ok
   - stackOverflowM1 | EIP150 (10/16) ... ok
   - randomStatetest267 | EIP150 (1/1) ... ok
   - randomStatetest267 | EIP158 (1/1) ... ok
   - stackOverflowM1 | EIP150 (11/16) ... ok
   - randomStatetest267 | Frontier (1/1) ... ok
   - stackOverflowM1 | EIP150 (12/16) ... ok
ok
   - stackOverflowM1 | EIP150 (13/16) ... ok
   - randomStatetest267 | Homestead (1/1) ... ok
   - stackOverflowM1 | EIP150 (14/16) ... ok
   - stackOverflowM1 | EIP150 (15/16) ... ok
   - randomStatetest267 | Byzantium (1/1) ... ok
   - ecadd_0-0_1-3_21000_128_d0g3v0_Byzantium...   - stackOverflowM1 | EIP150 (16/16) ... ok
   - stackOverflowM1 | EIP158 (1/16) ... ok
   - stackOverflowM1 | EIP158 (2/16) ... ok
   - stackOverflowM1 | EIP158 (3/16) ... ok
   - stackOverflowM1 | EIP158 (4/16) ... ok
   - stackOverflowM1 | EIP158 (5/16) ... ok
   - stackOverflowM1 | EIP158 (6/16) ... ok
   - stackOverflowM1 | EIP158 (7/16) ... ok
   - randomStatetest418 | EIP150 (1/1) ... ok
   - stackOverflowM1 | EIP158 (8/16) ... ok
   - stackOverflowM1 | EIP158 (9/16) ... ok
   - stackOverflowM1 | EIP158 (10/16) ... ok
   - stackOverflowM1 | EIP158 (11/16) ... ok
   - stackOverflowM1 | EIP158 (12/16) ... ok
   - stackOverflowM1 | EIP158 (13/16) ... ok
   - stackOverflowM1 | EIP158 (14/16) ... ok
   - stackOverflowM1 | EIP158 (15/16) ... ok
   - stackOverflowM1 | EIP158 (16/16) ... ok
   - randomStatetest418 | EIP158 (1/1) ... ok
   - stackOverflowM1 | Frontier (1/16) ... ok
   - stackOverflowM1 | Frontier (2/16) ... ok
   - stackOverflowM1 | Frontier (3/16) ... ok
   - stackOverflowM1 | Frontier (4/16) ... ok
   - stackOverflowM1 | Frontier (5/16) ... ok
   - stackOverflowM1 | Frontier (6/16) ... ok
   - stackOverflowM1 | Frontier (7/16) ... ok
   - stackOverflowM1 | Frontier (8/16) ... ok
   - stackOverflowM1 | Frontier (9/16) ... ok
   - stackOverflowM1 | Frontier (10/16) ... ok
   - stackOverflowM1 | Frontier (11/16) ... ok
   - stackOverflowM1 | Frontier (12/16) ... ok
   - stackOverflowM1 | Frontier (13/16) ... ok
   - stackOverflowM1 | Frontier (14/16) ... ok
   - randomStatetest418 | Frontier (1/1) ... ok
   - stackOverflowM1 | Frontier (15/16) ... ok
   - stackOverflowM1 | Frontier (16/16) ... ok
ok
   - ecadd_0-0_1-3_21000_128_d0g3v0_EIP150...   - stackOverflowM1 | Homestead (1/16) ... ok
   - stackOverflowM1 | Homestead (2/16) ... ok
   - stackOverflowM1 | Homestead (3/16) ... ok
   - stackOverflowM1 | Homestead (4/16) ... ok
   - stackOverflowM1 | Homestead (5/16) ... ok
   - stackOverflowM1 | Homestead (6/16) ... ok
   - stackOverflowM1 | Homestead (7/16) ... ok
   - randomStatetest418 | Homestead (1/1) ... ok
   - stackOverflowM1 | Homestead (8/16) ... ok
   - stackOverflowM1 | Homestead (9/16) ... ok
   - stackOverflowM1 | Homestead (10/16) ... ok
   - stackOverflowM1 | Homestead (11/16) ... ok
   - stackOverflowM1 | Homestead (12/16) ... ok
   - stackOverflowM1 | Homestead (13/16) ... ok
   - stackOverflowM1 | Homestead (14/16) ... ok
   - stackOverflowM1 | Homestead (15/16) ... ok
   - stackOverflowM1 | Homestead (16/16) ... ok
   - stackOverflowM1 | Byzantium (1/16) ... ok
   - stackOverflowM1 | Byzantium (2/16) ... ok
   - stackOverflowM1 | Byzantium (3/16) ... ok
   - stackOverflowM1 | Byzantium (4/16) ... ok
   - stackOverflowM1 | Byzantium (5/16) ... ok
   - stackOverflowM1 | Byzantium (6/16) ... ok
   - stackOverflowM1 | Byzantium (7/16) ... ok
   - stackOverflowM1 | Byzantium (8/16) ... ok
   - stackOverflowM1 | Byzantium (9/16) ... ok
   - stackOverflowM1 | Byzantium (10/16) ... ok
   - stackOverflowM1 | Byzantium (11/16) ... ok
   - stackOverflowM1 | Byzantium (12/16) ... ok
   - randomStatetest418 | Byzantium (1/1) ... ok
   - stackOverflowM1 | Byzantium (13/16) ... ok
   - stackOverflowM1 | Byzantium (14/16) ... ok
   - randomStatetest501 | EIP150 (1/1) ... ok
   - stackOverflowM1 | Byzantium (15/16) ... ok
   - randomStatetest501 | EIP158 (1/1) ... ok
   - stackOverflowM1 | Byzantium (16/16) ... ok
   - randomStatetest501 | Frontier (1/1) ... ok
   - randomStatetest501 | Homestead (1/1) ... ok
   - stackOverflow | EIP150 (1/16) ... ok
   - randomStatetest501 | Byzantium (1/1) ... ok
ok
   - ecadd_0-0_1-3_21000_128_d0g3v0_EIP158...   - stackOverflow | EIP150 (2/16) ... ok
   - stackOverflow | EIP150 (3/16) ... ok
   - stackOverflow | EIP150 (4/16) ... ok
   - stackOverflow | EIP150 (5/16) ... ok
   - stackOverflow | EIP150 (6/16) ... ok
   - stackOverflow | EIP150 (7/16) ... ok
   - stackOverflow | EIP150 (8/16) ... ok
   - stackOverflow | EIP150 (9/16) ... ok
   - stackOverflow | EIP150 (10/16) ... ok
   - stackOverflow | EIP150 (11/16) ... ok
   - stackOverflow | EIP150 (12/16) ... ok
   - stackOverflow | EIP150 (13/16) ... ok
   - stackOverflow | EIP150 (14/16) ... ok
   - stackOverflow | EIP150 (15/16) ... ok
   - stackOverflow | EIP150 (16/16) ... ok
   - stackOverflow | EIP158 (1/16) ... ok
   - stackOverflow | EIP158 (2/16) ... ok
   - stackOverflow | EIP158 (3/16) ... ok
   - stackOverflow | EIP158 (4/16) ... ok
   - stackOverflow | EIP158 (5/16) ... ok
   - stackOverflow | EIP158 (6/16) ... ok
   - stackOverflow | EIP158 (7/16) ... ok
   - stackOverflow | EIP158 (8/16) ... ok
   - stackOverflow | EIP158 (9/16) ... ok
   - stackOverflow | EIP158 (10/16) ... ok
   - stackOverflow | EIP158 (11/16) ... ok
   - stackOverflow | EIP158 (12/16) ... ok
   - stackOverflow | EIP158 (13/16) ... ok
   - randomStatetest458 | EIP150 (1/1) ... ok
   - stackOverflow | EIP158 (14/16) ... ok
   - stackOverflow | EIP158 (15/16) ... ok
   - stackOverflow | EIP158 (16/16) ... ok
   - stackOverflow | Frontier (1/16) ... ok
   - stackOverflow | Frontier (2/16) ... ok
   - stackOverflow | Frontier (3/16) ... ok
   - stackOverflow | Frontier (4/16) ... ok
ok
   - ecadd_0-0_1-3_21000_128_d0g3v0_Frontier...   - stackOverflow | Frontier (5/16) ... ok
   - stackOverflow | Frontier (6/16) ... ok
   - stackOverflow | Frontier (7/16) ... ok
   - stackOverflow | Frontier (8/16) ... ok
   - stackOverflow | Frontier (9/16) ... ok
   - stackOverflow | Frontier (10/16) ... ok
   - stackOverflow | Frontier (11/16) ... ok
   - stackOverflow | Frontier (12/16) ... ok
   - stackOverflow | Frontier (13/16) ... ok
   - stackOverflow | Frontier (14/16) ... ok
   - stackOverflow | Frontier (15/16) ... ok
   - stackOverflow | Frontier (16/16) ... ok
   - stackOverflow | Homestead (1/16) ... ok
   - stackOverflow | Homestead (2/16) ... ok
   - stackOverflow | Homestead (3/16) ... ok
   - stackOverflow | Homestead (4/16) ... ok
   - stackOverflow | Homestead (5/16) ... ok
   - stackOverflow | Homestead (6/16) ... ok
   - stackOverflow | Homestead (7/16) ... ok
   - stackOverflow | Homestead (8/16) ... ok
   - stackOverflow | Homestead (9/16) ... ok
   - stackOverflow | Homestead (10/16) ... ok
   - stackOverflow | Homestead (11/16) ... ok
   - stackOverflow | Homestead (12/16) ... ok
   - stackOverflow | Homestead (13/16) ... ok
   - stackOverflow | Homestead (14/16) ... ok
   - stackOverflow | Homestead (15/16) ... ok
   - stackOverflow | Homestead (16/16) ... ok
   - stackOverflow | Byzantium (1/16) ... ok
   - stackOverflow | Byzantium (2/16) ... ok
   - stackOverflow | Byzantium (3/16) ... ok
   - stackOverflow | Byzantium (4/16) ... ok
   - stackOverflow | Byzantium (5/16) ... ok
   - stackOverflow | Byzantium (6/16) ... ok
   - stackOverflow | Byzantium (7/16) ... ok
   - stackOverflow | Byzantium (8/16) ... ok
   - stackOverflow | Byzantium (9/16) ... ok
   - stackOverflow | Byzantium (10/16) ... ok
   - randomStatetest458 | EIP158 (1/1) ... ok
   - stackOverflow | Byzantium (11/16) ... ok
   - stackOverflow | Byzantium (12/16) ... ok
   - randomStatetest458 | Frontier (1/1) ... ok
   - stackOverflow | Byzantium (13/16) ... ok
   - stackOverflow | Byzantium (14/16) ... ok
   - randomStatetest458 | Homestead (1/1) ... ok
   - stackOverflow | Byzantium (15/16) ... ok
   - stackOverflow | Byzantium (16/16) ... ok
test json_tests::state::state_tests::GeneralStateTest_stStackTests ... ok
   - callValue | EIP150 (1/1) ... ok
   - callValue | EIP158 (1/1) ... ok
   - callValue | Frontier (1/1) ... ok
   - callValue | Homestead (1/1) ... ok
   - callValue | Byzantium (1/1) ... ok
ok
   - ecadd_0-0_1-3_21000_128_d0g3v0_Homestead...   - CallToNameRegistratorNotMuchMemory0 | EIP150 (1/1) ... ok
   - CallToNameRegistratorNotMuchMemory0 | EIP158 (1/1) ... ok
   - CallToNameRegistratorNotMuchMemory0 | Frontier (1/1) ... ok
   - CallToNameRegistratorNotMuchMemory0 | Homestead (1/1) ... ok
   - CallToNameRegistratorNotMuchMemory0 | Byzantium (1/1) ... ok
   - return1 | EIP150 (1/1) ... ok
   - return1 | EIP158 (1/1) ... ok
   - return1 | Frontier (1/1) ... ok
   - return1 | Homestead (1/1) ... ok
   - return1 | Byzantium (1/1) ... ok
   - createNameRegistratorValueTooHigh | EIP150 (1/1) ... ok
   - createNameRegistratorValueTooHigh | EIP158 (1/1) ... ok
   - createNameRegistratorValueTooHigh | Frontier (1/1) ... ok
   - createNameRegistratorValueTooHigh | Homestead (1/1) ... ok
   - createNameRegistratorValueTooHigh | Byzantium (1/1) ... ok
   - Call10 | EIP150 (1/1) ... ok
   - Call10 | EIP158 (1/1) ... ok
   - Call10 | Frontier (1/1) ... ok
   - randomStatetest458 | Byzantium (1/1) ... ok
   - Call10 | Homestead (1/1) ... ok
   - randomStatetest111 | EIP150 (1/1) ... ok
   - Call10 | Byzantium (1/1) ... ok
   - randomStatetest111 | EIP158 (1/1) ... ok
   - ABAcallsSuicide0 | EIP150 (1/1) ... ok
   - randomStatetest111 | Frontier (1/1) ... ok
   - ABAcallsSuicide0 | EIP158 (1/1) ... ok
   - randomStatetest111 | Homestead (1/1) ... ok
   - ABAcallsSuicide0 | Frontier (1/1) ... ok
   - randomStatetest111 | Byzantium (1/1) ... ok
   - ABAcallsSuicide0 | Homestead (1/1) ... ok
   - randomStatetest33 | EIP150 (1/1) ... ok
   - ABAcallsSuicide0 | Byzantium (1/1) ... ok
   - randomStatetest33 | EIP158 (1/1) ... ok
   - extcodecopy | EIP150 (1/1) ... ok
   - randomStatetest33 | Frontier (1/1) ... ok
   - extcodecopy | EIP158 (1/1) ... ok
   - extcodecopy | Frontier (1/1) ... ok
   - randomStatetest33 | Homestead (1/1) ... ok
   - extcodecopy | Homestead (1/1) ... ok
   - randomStatetest33 | Byzantium (1/1) ... ok
   - extcodecopy | Byzantium (1/1) ... ok
   - randomStatetest488 | EIP150 (1/1) ... ok
   - suicideCallerAddresTooBigLeft | EIP150 (1/1) ... ok
   - randomStatetest488 | EIP158 (1/1) ... ok
   - suicideCallerAddresTooBigLeft | EIP158 (1/1) ... ok
   - suicideCallerAddresTooBigLeft | Frontier (1/1) ... ok
   - randomStatetest488 | Frontier (1/1) ... ok
   - suicideCallerAddresTooBigLeft | Homestead (1/1) ... ok
   - randomStatetest488 | Homestead (1/1) ... ok
   - suicideCallerAddresTooBigLeft | Byzantium (1/1) ... ok
   - randomStatetest488 | Byzantium (1/1) ... ok
   - suicideSendEtherToMe | EIP150 (1/1) ... ok
   - randomStatetest429 | EIP150 (1/1) ... ok
   - suicideSendEtherToMe | EIP158 (1/1) ... ok
   - randomStatetest429 | EIP158 (1/1) ... ok
   - suicideSendEtherToMe | Frontier (1/1) ... ok
   - randomStatetest429 | Frontier (1/1) ... ok
   - suicideSendEtherToMe | Homestead (1/1) ... ok
   - randomStatetest429 | Homestead (1/1) ... ok
   - suicideSendEtherToMe | Byzantium (1/1) ... ok
   - randomStatetest429 | Byzantium (1/1) ... ok
   - CreateHashCollision | EIP150 (1/1) ... ok
   - randomStatetest628 | EIP150 (1/1) ... ok
   - CreateHashCollision | EIP158 (1/1) ... ok
   - randomStatetest628 | EIP158 (1/1) ... ok
ok
   - CreateHashCollision | Frontier (1/1) ... ok
   - randomStatetest628 | Frontier (1/1) ... ok
   - CreateHashCollision | Homestead (1/1) ... ok
   - randomStatetest628 | Homestead (1/1) ... ok
   - CreateHashCollision | Byzantium (1/1) ... ok
   - randomStatetest628 | Byzantium (1/1) ... ok
   - ecadd_1-2_0-0_25000_64_d0g1v0_Byzantium...   - randomStatetest7 | EIP150 (1/1) ... ok
   - randomStatetest7 | EIP158 (1/1) ... ok
   - randomStatetest7 | Frontier (1/1) ... ok
   - randomStatetest7 | Homestead (1/1) ... ok
   - randomStatetest7 | Byzantium (1/1) ... ok
   - randomStatetest615 | EIP150 (1/1) ... ok
   - randomStatetest615 | EIP158 (1/1) ... ok
   - randomStatetest615 | Frontier (1/1) ... ok
   - randomStatetest615 | Homestead (1/1) ... ok
   - randomStatetest615 | Byzantium (1/1) ... ok
   - randomStatetest609 | EIP150 (1/1) ... ok
   - randomStatetest609 | EIP158 (1/1) ... ok
   - CallRecursiveBomb2 | EIP150 (1/1) ... ok
   - randomStatetest609 | Frontier (1/1) ... ok
   - randomStatetest609 | Homestead (1/1) ... ok
   - randomStatetest609 | Byzantium (1/1) ... ok
   - randomStatetest519 | EIP150 (1/1) ... ok
   - randomStatetest519 | EIP158 (1/1) ... ok
   - randomStatetest519 | Frontier (1/1) ... ok
   - randomStatetest519 | Homestead (1/1) ... ok
   - randomStatetest519 | Byzantium (1/1) ... ok
   - randomStatetest89 | EIP150 (1/1) ... ok
ok
   - ecadd_1-2_0-0_25000_64_d0g1v0_EIP150...   - CallRecursiveBomb2 | EIP158 (1/1) ... ok
   - randomStatetest89 | EIP158 (1/1) ... ok
   - randomStatetest89 | Frontier (1/1) ... ok
   - randomStatetest89 | Homestead (1/1) ... ok
   - randomStatetest89 | Byzantium (1/1) ... ok
   - randomStatetest511 | EIP150 (1/1) ... ok
   - randomStatetest511 | EIP158 (1/1) ... ok
   - randomStatetest511 | Frontier (1/1) ... ok
   - randomStatetest511 | Homestead (1/1) ... ok
   - randomStatetest511 | Byzantium (1/1) ... ok
   - static_Call50000_rip160 | Byzantium (2/2) ... ok
   - randomStatetest388 | EIP150 (1/1) ... ok
   - static_callcode_checkPC | EIP150 (1/1) ... ok
   - randomStatetest388 | EIP158 (1/1) ... ok
   - static_callcode_checkPC | EIP158 (1/1) ... ok
   - randomStatetest388 | Frontier (1/1) ... ok
   - static_callcode_checkPC | Frontier (1/1) ... ok
   - randomStatetest388 | Homestead (1/1) ... ok
   - static_callcode_checkPC | Homestead (1/1) ... ok
   - randomStatetest388 | Byzantium (1/1) ... ok
   - static_callcode_checkPC | Byzantium (1/1) ... ok
   - randomStatetest447 | EIP150 (1/1) ... ok
   - randomStatetest447 | EIP158 (1/1) ... ok
   - static_callcodecallcodecall_110_2 | EIP150 (1/3) ... ok
   - static_callcodecallcodecall_110_2 | EIP150 (2/3) ... ok
   - randomStatetest447 | Frontier (1/1) ... ok
   - static_callcodecallcodecall_110_2 | EIP150 (3/3) ... ok
   - randomStatetest447 | Homestead (1/1) ... ok
   - static_callcodecallcodecall_110_2 | EIP158 (1/3) ... ok
   - randomStatetest447 | Byzantium (1/1) ... ok
   - static_callcodecallcodecall_110_2 | EIP158 (2/3) ... ok
   - randomStatetest575 | EIP150 (1/1) ... ok
   - static_callcodecallcodecall_110_2 | EIP158 (3/3) ... ok
   - randomStatetest575 | EIP158 (1/1) ... ok
   - static_callcodecallcodecall_110_2 | Frontier (1/3) ... ok
   - static_callcodecallcodecall_110_2 | Frontier (2/3) ... ok
   - randomStatetest575 | Frontier (1/1) ... ok
   - static_callcodecallcodecall_110_2 | Frontier (3/3) ... ok
   - randomStatetest575 | Homestead (1/1) ... ok
   - static_callcodecallcodecall_110_2 | Homestead (1/3) ... ok
   - randomStatetest575 | Byzantium (1/1) ... ok
   - static_callcodecallcodecall_110_2 | Homestead (2/3) ... ok
   - static_callcodecallcodecall_110_2 | Homestead (3/3) ... ok
   - randomStatetest220 | EIP150 (1/1) ... ok
   - static_callcodecallcodecall_110_2 | Byzantium (1/3) ... ok
   - randomStatetest220 | EIP158 (1/1) ... ok
   - static_callcodecallcodecall_110_2 | Byzantium (2/3) ... ok
   - randomStatetest220 | Frontier (1/1) ... ok
   - static_callcodecallcodecall_110_2 | Byzantium (3/3) ... ok
   - randomStatetest220 | Homestead (1/1) ... ok
   - static_callcodecallcall_100_OOGMAfter_3 | EIP150 (1/2) ... ok
   - randomStatetest220 | Byzantium (1/1) ... ok
   - static_callcodecallcall_100_OOGMAfter_3 | EIP150 (2/2) ... ok
   - randomStatetest3 | EIP150 (1/1) ... ok
   - static_callcodecallcall_100_OOGMAfter_3 | EIP158 (1/2) ... ok
   - static_callcodecallcall_100_OOGMAfter_3 | EIP158 (2/2) ... ok
   - randomStatetest3 | EIP158 (1/1) ... ok
   - static_callcodecallcall_100_OOGMAfter_3 | Frontier (1/2) ... ok
   - randomStatetest3 | Frontier (1/1) ... ok
   - static_callcodecallcall_100_OOGMAfter_3 | Frontier (2/2) ... ok
   - randomStatetest3 | Homestead (1/1) ... ok
   - randomStatetest3 | Byzantium (1/1) ... ok
   - static_callcodecallcall_100_OOGMAfter_3 | Homestead (1/2) ... ok
   - static_callcodecallcall_100_OOGMAfter_3 | Homestead (2/2) ... ok
   - randomStatetest395 | EIP150 (1/1) ... ok
   - randomStatetest395 | EIP158 (1/1) ... ok
   - static_callcodecallcall_100_OOGMAfter_3 | Byzantium (1/2) ... ok
   - randomStatetest395 | Frontier (1/1) ... ok
   - static_callcodecallcall_100_OOGMAfter_3 | Byzantium (2/2) ... ok
   - randomStatetest395 | Homestead (1/1) ... ok
   - static_callToCallCodeOpCodeCheck | EIP150 (1/1) ... ok
   - randomStatetest395 | Byzantium (1/1) ... ok
   - static_callToCallCodeOpCodeCheck | EIP158 (1/1) ... ok
   - static_callToCallCodeOpCodeCheck | Frontier (1/1) ... ok
   - randomStatetest451 | EIP150 (1/1) ... ok
   - static_callToCallCodeOpCodeCheck | Homestead (1/1) ... ok
   - randomStatetest451 | EIP158 (1/1) ... ok
   - static_callToCallCodeOpCodeCheck | Byzantium (1/1) ... ok
   - randomStatetest451 | Frontier (1/1) ... ok
   - randomStatetest451 | Homestead (1/1) ... ok
   - static_callOutput3Fail | EIP150 (1/1) ... ok
   - randomStatetest451 | Byzantium (1/1) ... ok
   - static_callOutput3Fail | EIP158 (1/1) ... ok
   - static_callOutput3Fail | Frontier (1/1) ... ok
   - randomStatetest424 | EIP150 (1/1) ... ok
   - static_callOutput3Fail | Homestead (1/1) ... ok
   - randomStatetest424 | EIP158 (1/1) ... ok
   - static_callOutput3Fail | Byzantium (1/1) ... ok
   - randomStatetest424 | Frontier (1/1) ... ok
   - static_CallEcrecover80 | EIP150 (1/1) ... ok
   - randomStatetest424 | Homestead (1/1) ... ok
   - static_CallEcrecover80 | EIP158 (1/1) ... ok
   - randomStatetest424 | Byzantium (1/1) ... ok
   - static_CallEcrecover80 | Frontier (1/1) ... ok
   - randomStatetest192 | EIP150 (1/1) ... ok
   - static_CallEcrecover80 | Homestead (1/1) ... ok
   - randomStatetest192 | EIP158 (1/1) ... ok
   - static_CallEcrecover80 | Byzantium (1/1) ... ok
   - randomStatetest192 | Frontier (1/1) ... ok
   - randomStatetest192 | Homestead (1/1) ... ok
ok
   - ecadd_1-2_0-0_25000_64_d0g1v0_EIP158...   - static_callcallcodecallcode_011_OOGMAfter_1 | EIP150 (1/2) ... ok
   - static_callcallcodecallcode_011_OOGMAfter_1 | EIP150 (2/2) ... ok
   - randomStatetest192 | Byzantium (1/1) ... ok
   - static_callcallcodecallcode_011_OOGMAfter_1 | EIP158 (1/2) ... ok
   - randomStatetest10 | EIP150 (1/1) ... ok
   - static_callcallcodecallcode_011_OOGMAfter_1 | EIP158 (2/2) ... ok
   - static_callcallcodecallcode_011_OOGMAfter_1 | Frontier (1/2) ... ok
   - randomStatetest10 | EIP158 (1/1) ... ok
   - static_callcallcodecallcode_011_OOGMAfter_1 | Frontier (2/2) ... ok
   - static_callcallcodecallcode_011_OOGMAfter_1 | Homestead (1/2) ... ok
   - randomStatetest10 | Frontier (1/1) ... ok
   - CallRecursiveBomb2 | Frontier (1/1) ... ok
   - static_callcallcodecallcode_011_OOGMAfter_1 | Homestead (2/2) ... ok
   - randomStatetest10 | Homestead (1/1) ... ok
   - static_callcallcodecallcode_011_OOGMAfter_1 | Byzantium (1/2) ... ok
   - randomStatetest10 | Byzantium (1/1) ... ok
   - static_callcallcodecallcode_011_OOGMAfter_1 | Byzantium (2/2) ... ok
   - static_CheckOpcodes | EIP150 (1/8) ... ok
   - static_CheckOpcodes | EIP150 (2/8) ... ok
   - static_CheckOpcodes | EIP150 (3/8) ... ok
   - static_CheckOpcodes | EIP150 (4/8) ... ok
   - static_CheckOpcodes | EIP150 (5/8) ... ok
   - static_CheckOpcodes | EIP150 (6/8) ... ok
   - static_CheckOpcodes | EIP150 (7/8) ... ok
   - static_CheckOpcodes | EIP150 (8/8) ... ok
   - static_CheckOpcodes | EIP158 (1/8) ... ok
   - static_CheckOpcodes | EIP158 (2/8) ... ok
   - static_CheckOpcodes | EIP158 (3/8) ... ok
   - static_CheckOpcodes | EIP158 (4/8) ... ok
   - static_CheckOpcodes | EIP158 (5/8) ... ok
   - static_CheckOpcodes | EIP158 (6/8) ... ok
   - static_CheckOpcodes | EIP158 (7/8) ... ok
   - static_CheckOpcodes | EIP158 (8/8) ... ok
   - static_CheckOpcodes | Frontier (1/8) ... ok
   - static_CheckOpcodes | Frontier (2/8) ... ok
   - static_CheckOpcodes | Frontier (3/8) ... ok
   - static_CheckOpcodes | Frontier (4/8) ... ok
   - static_CheckOpcodes | Frontier (5/8) ... ok
   - static_CheckOpcodes | Frontier (6/8) ... ok
   - static_CheckOpcodes | Frontier (7/8) ... ok
   - static_CheckOpcodes | Frontier (8/8) ... ok
   - static_CheckOpcodes | Homestead (1/8) ... ok
   - static_CheckOpcodes | Homestead (2/8) ... ok
   - static_CheckOpcodes | Homestead (3/8) ... ok
   - static_CheckOpcodes | Homestead (4/8) ... ok
   - static_CheckOpcodes | Homestead (5/8) ... ok
   - static_CheckOpcodes | Homestead (6/8) ... ok
   - static_CheckOpcodes | Homestead (7/8) ... ok
   - static_CheckOpcodes | Homestead (8/8) ... ok
   - static_CheckOpcodes | Byzantium (1/8) ... ok
   - static_CheckOpcodes | Byzantium (2/8) ... ok
   - static_CheckOpcodes | Byzantium (3/8) ... ok
   - static_CheckOpcodes | Byzantium (4/8) ... ok
   - static_CheckOpcodes | Byzantium (5/8) ... ok
   - static_CheckOpcodes | Byzantium (6/8) ... ok
   - randomStatetest177 | EIP150 (1/1) ... ok
   - static_CheckOpcodes | Byzantium (7/8) ... ok
   - static_CheckOpcodes | Byzantium (8/8) ... ok
ok
   - ecadd_1-2_0-0_25000_64_d0g1v0_Frontier...   - static_callcodecallcall_100_SuicideEnd | EIP150 (1/1) ... ok
   - static_callcodecallcall_100_SuicideEnd | EIP158 (1/1) ... ok
   - static_callcodecallcall_100_SuicideEnd | Frontier (1/1) ... ok
   - static_callcodecallcall_100_SuicideEnd | Homestead (1/1) ... ok
   - static_callcodecallcall_100_SuicideEnd | Byzantium (1/1) ... ok
   - static_callcallcodecall_010_SuicideMiddle | EIP150 (1/1) ... ok
   - static_callcallcodecall_010_SuicideMiddle | EIP158 (1/1) ... ok
   - static_callcallcodecall_010_SuicideMiddle | Frontier (1/1) ... ok
   - static_callcallcodecall_010_SuicideMiddle | Homestead (1/1) ... ok
   - static_callcallcodecall_010_SuicideMiddle | Byzantium (1/1) ... ok
   - static_Call1024PreCalls | EIP150 (1/2) ... ok
   - static_Call1024PreCalls | EIP150 (2/2) ... ok
   - static_Call1024PreCalls | EIP158 (1/2) ... ok
   - static_Call1024PreCalls | EIP158 (2/2) ... ok
   - static_Call1024PreCalls | Frontier (1/2) ... ok
   - static_Call1024PreCalls | Frontier (2/2) ... ok
   - static_Call1024PreCalls | Homestead (1/2) ... ok
   - static_Call1024PreCalls | Homestead (2/2) ... ok
   - static_Call1024PreCalls | Byzantium (1/2) ... ok
   - CallRecursiveBomb2 | Homestead (1/1) ... ok
   - CallRecursiveBomb2 | Byzantium (1/1) ... ok
   - callcodeToReturn1 | EIP150 (1/1) ... ok
   - callcodeToReturn1 | EIP158 (1/1) ... ok
   - callcodeToReturn1 | Frontier (1/1) ... ok
   - randomStatetest177 | EIP158 (1/1) ... ok
   - callcodeToReturn1 | Homestead (1/1) ... ok
   - callcodeToReturn1 | Byzantium (1/1) ... ok
   - callcodeToNameRegistratorAddresTooBigRight | EIP150 (1/1) ... ok
   - callcodeToNameRegistratorAddresTooBigRight | EIP158 (1/1) ... ok
   - callcodeToNameRegistratorAddresTooBigRight | Frontier (1/1) ... ok
   - callcodeToNameRegistratorAddresTooBigRight | Homestead (1/1) ... ok
   - callcodeToNameRegistratorAddresTooBigRight | Byzantium (1/1) ... ok
   - CallToReturn1ForDynamicJump0 | EIP150 (1/1) ... ok
   - CallToReturn1ForDynamicJump0 | EIP158 (1/1) ... ok
   - CallToReturn1ForDynamicJump0 | Frontier (1/1) ... ok
   - CallToReturn1ForDynamicJump0 | Homestead (1/1) ... ok
   - CallToReturn1ForDynamicJump0 | Byzantium (1/1) ... ok
   - CallToNameRegistratorAddressTooBigLeft | EIP150 (1/1) ... ok
   - CallToNameRegistratorAddressTooBigLeft | EIP158 (1/1) ... ok
   - CallToNameRegistratorAddressTooBigLeft | Frontier (1/1) ... ok
   - CallToNameRegistratorAddressTooBigLeft | Homestead (1/1) ... ok
   - CallToNameRegistratorAddressTooBigLeft | Byzantium (1/1) ... ok
   - ABAcalls0 | EIP150 (1/1) ... ok
   - randomStatetest177 | Frontier (1/1) ... ok
   - ABAcalls0 | EIP158 (1/1) ... ok
   - ABAcalls0 | Frontier (1/1) ... ok
   - ABAcalls0 | Homestead (1/1) ... ok
ok
   - ecadd_1-2_0-0_25000_64_d0g1v0_Homestead...   - ABAcalls0 | Byzantium (1/1) ... ok
   - createNameRegistratorOutOfMemoryBonds0 | EIP150 (1/1) ... ok
   - createNameRegistratorOutOfMemoryBonds0 | EIP158 (1/1) ... ok
   - createNameRegistratorOutOfMemoryBonds0 | Frontier (1/1) ... ok
   - createNameRegistratorOutOfMemoryBonds0 | Homestead (1/1) ... ok
   - createNameRegistratorOutOfMemoryBonds0 | Byzantium (1/1) ... ok
   - static_Call1024PreCalls | Byzantium (2/2) ... ok
   - static_callcodecallcallcode_101_SuicideMiddle | EIP150 (1/1) ... ok
   - static_callcodecallcallcode_101_SuicideMiddle | EIP158 (1/1) ... ok
   - static_callcodecallcallcode_101_SuicideMiddle | Frontier (1/1) ... ok
   - static_callcodecallcallcode_101_SuicideMiddle | Homestead (1/1) ... ok
   - static_callcodecallcallcode_101_SuicideMiddle | Byzantium (1/1) ... ok
   - static_callcallcode_01_SuicideEnd2 | EIP150 (1/1) ... ok
   - static_callcallcode_01_SuicideEnd2 | EIP158 (1/1) ... ok
   - static_callcallcode_01_SuicideEnd2 | Frontier (1/1) ... ok
   - CallRecursiveBomb0 | EIP150 (1/1) ... ok
   - static_callcallcode_01_SuicideEnd2 | Homestead (1/1) ... ok
   - static_callcallcode_01_SuicideEnd2 | Byzantium (1/1) ... ok
   - static_callcall_00_OOGE | EIP150 (1/2) ... ok
   - static_callcall_00_OOGE | EIP150 (2/2) ... ok
   - static_callcall_00_OOGE | EIP158 (1/2) ... ok
   - static_callcall_00_OOGE | EIP158 (2/2) ... ok
   - randomStatetest177 | Homestead (1/1) ... ok
   - static_callcall_00_OOGE | Frontier (1/2) ... ok
   - static_callcall_00_OOGE | Frontier (2/2) ... ok
   - static_callcall_00_OOGE | Homestead (1/2) ... ok
   - static_callcall_00_OOGE | Homestead (2/2) ... ok
   - static_callcall_00_OOGE | Byzantium (1/2) ... ok
   - static_callcall_00_OOGE | Byzantium (2/2) ... ok
   - static_CallIdentitiy_1 | EIP150 (1/1) ... ok
   - static_CallIdentitiy_1 | EIP158 (1/1) ... ok
   - static_CallIdentitiy_1 | Frontier (1/1) ... ok
   - static_CallIdentitiy_1 | Homestead (1/1) ... ok
   - static_CallIdentitiy_1 | Byzantium (1/1) ... ok
   - static_callcodecallcallcode_101_OOGMAfter_3 | EIP150 (1/2) ... ok
   - static_callcodecallcallcode_101_OOGMAfter_3 | EIP150 (2/2) ... ok
   - static_callcodecallcallcode_101_OOGMAfter_3 | EIP158 (1/2) ... ok
   - static_callcodecallcallcode_101_OOGMAfter_3 | EIP158 (2/2) ... ok
   - static_callcodecallcallcode_101_OOGMAfter_3 | Frontier (1/2) ... ok
   - static_callcodecallcallcode_101_OOGMAfter_3 | Frontier (2/2) ... ok
   - static_callcodecallcallcode_101_OOGMAfter_3 | Homestead (1/2) ... ok
   - static_callcodecallcallcode_101_OOGMAfter_3 | Homestead (2/2) ... ok
   - static_callcodecallcallcode_101_OOGMAfter_3 | Byzantium (1/2) ... ok
   - static_callcodecallcallcode_101_OOGMAfter_3 | Byzantium (2/2) ... ok
   - randomStatetest177 | Byzantium (1/1) ... ok
   - static_CallRecursiveBombPreCall | EIP150 (1/1) ... ok
   - CallRecursiveBomb0 | EIP158 (1/1) ... ok
   - randomStatetest396 | EIP150 (1/1) ... ok
   - static_CallRecursiveBombPreCall | EIP158 (1/1) ... ok
   - static_CallRecursiveBombPreCall | Frontier (1/1) ... ok
   - randomStatetest396 | EIP158 (1/1) ... ok
   - static_CallRecursiveBombPreCall | Homestead (1/1) ... ok
   - randomStatetest396 | Frontier (1/1) ... ok
ok
   - randomStatetest396 | Homestead (1/1) ... ok
   - randomStatetest396 | Byzantium (1/1) ... ok
   - randomStatetest405 | EIP150 (1/1) ... ok
   - ecmul_0-0_0_28000_40_d0g1v0_Byzantium...   - randomStatetest405 | EIP158 (1/1) ... ok
   - randomStatetest405 | Frontier (1/1) ... ok
   - randomStatetest405 | Homestead (1/1) ... ok
   - randomStatetest405 | Byzantium (1/1) ... ok
   - randomStatetest209 | EIP150 (1/1) ... ok
   - randomStatetest209 | EIP158 (1/1) ... ok
   - randomStatetest209 | Frontier (1/1) ... ok
   - randomStatetest209 | Homestead (1/1) ... ok
   - randomStatetest209 | Byzantium (1/1) ... ok
   - randomStatetest54 | EIP150 (1/1) ... ok
   - randomStatetest54 | EIP158 (1/1) ... ok
   - randomStatetest54 | Frontier (1/1) ... ok
   - randomStatetest54 | Homestead (1/1) ... ok
   - randomStatetest54 | Byzantium (1/1) ... ok
   - randomStatetest370 | EIP150 (1/1) ... ok
   - randomStatetest370 | EIP158 (1/1) ... ok
   - randomStatetest370 | Frontier (1/1) ... ok
   - randomStatetest370 | Homestead (1/1) ... ok
   - randomStatetest370 | Byzantium (1/1) ... ok
   - randomStatetest408 | EIP150 (1/1) ... ok
   - randomStatetest408 | EIP158 (1/1) ... ok
   - randomStatetest408 | Frontier (1/1) ... ok
   - randomStatetest408 | Homestead (1/1) ... ok
   - randomStatetest408 | Byzantium (1/1) ... ok
   - randomStatetest259 | EIP150 (1/1) ... ok
   - randomStatetest259 | EIP158 (1/1) ... ok
   - randomStatetest259 | Frontier (1/1) ... ok
   - randomStatetest259 | Homestead (1/1) ... ok
   - randomStatetest259 | Byzantium (1/1) ... ok
ok
   - ecmul_0-0_0_28000_40_d0g1v0_EIP150...   - randomStatetest156 | EIP150 (1/1) ... ok
   - CallRecursiveBomb0 | Frontier (1/1) ... ok
   - randomStatetest156 | EIP158 (1/1) ... ok
   - randomStatetest156 | Frontier (1/1) ... ok
   - randomStatetest156 | Homestead (1/1) ... ok
   - randomStatetest156 | Byzantium (1/1) ... ok
   - randomStatetest184 | EIP150 (1/1) ... ok (Error(Execution(BlockGasLimitReached { gas_limit: 0x2b7fe66d, gas_used: 0x0, gas: 0x4b75fb87 }), State { next_error: None, backtrace: InternalBacktrace { backtrace: None } }))
   - randomStatetest184 | EIP158 (1/1) ... ok (Error(Execution(BlockGasLimitReached { gas_limit: 0x2b7fe66d, gas_used: 0x0, gas: 0x4b75fb87 }), State { next_error: None, backtrace: InternalBacktrace { backtrace: None } }))
   - randomStatetest184 | Frontier (1/1) ... ok (Error(Execution(BlockGasLimitReached { gas_limit: 0x2b7fe66d, gas_used: 0x0, gas: 0x4b75fb87 }), State { next_error: None, backtrace: InternalBacktrace { backtrace: None } }))
   - randomStatetest184 | Homestead (1/1) ... ok (Error(Execution(BlockGasLimitReached { gas_limit: 0x2b7fe66d, gas_used: 0x0, gas: 0x4b75fb87 }), State { next_error: None, backtrace: InternalBacktrace { backtrace: None } }))
   - randomStatetest184 | Byzantium (1/1) ... ok (Error(Execution(BlockGasLimitReached { gas_limit: 0x2b7fe66d, gas_used: 0x0, gas: 0x4b75fb87 }), State { next_error: None, backtrace: InternalBacktrace { backtrace: None } }))
   - randomStatetest315 | EIP150 (1/1) ... ok
   - randomStatetest315 | EIP158 (1/1) ... ok
   - randomStatetest315 | Frontier (1/1) ... ok
   - static_CallRecursiveBombPreCall | Byzantium (1/1) ... ok
   - randomStatetest315 | Homestead (1/1) ... ok
   - randomStatetest315 | Byzantium (1/1) ... ok
   - static_log1_MaxTopic | EIP150 (1/1) ... ok
   - randomStatetest470 | EIP150 (1/1) ... ok
   - static_log1_MaxTopic | EIP158 (1/1) ... ok
   - randomStatetest470 | EIP158 (1/1) ... ok
   - static_log1_MaxTopic | Frontier (1/1) ... ok
   - randomStatetest470 | Frontier (1/1) ... ok
   - static_log1_MaxTopic | Homestead (1/1) ... ok
   - randomStatetest470 | Homestead (1/1) ... ok
   - static_log1_MaxTopic | Byzantium (1/1) ... ok
   - randomStatetest470 | Byzantium (1/1) ... ok
   - static_CallContractToCreateContractWhichWouldCreateContractIfCalled | EIP150 (1/1) ... ok
   - randomStatetest599 | EIP150 (1/1) ... ok
   - static_CallContractToCreateContractWhichWouldCreateContractIfCalled | EIP158 (1/1) ... ok
   - randomStatetest599 | EIP158 (1/1) ... ok
   - static_CallContractToCreateContractWhichWouldCreateContractIfCalled | Frontier (1/1) ... ok
   - randomStatetest599 | Frontier (1/1) ... ok
   - static_CallContractToCreateContractWhichWouldCreateContractIfCalled | Homestead (1/1) ... ok
   - randomStatetest599 | Homestead (1/1) ... ok
   - static_CallContractToCreateContractWhichWouldCreateContractIfCalled | Byzantium (1/1) ... ok
   - randomStatetest599 | Byzantium (1/1) ... ok
   - randomStatetest304 | EIP150 (1/1) ... ok
   - static_RETURN_BoundsOOG | EIP150 (1/1) ... ok
   - randomStatetest304 | EIP158 (1/1) ... ok
   - randomStatetest304 | Frontier (1/1) ... ok
   - static_RETURN_BoundsOOG | EIP158 (1/1) ... ok
   - randomStatetest304 | Homestead (1/1) ... ok
   - static_RETURN_BoundsOOG | Frontier (1/1) ... ok
   - randomStatetest304 | Byzantium (1/1) ... ok
   - static_RETURN_BoundsOOG | Homestead (1/1) ... ok
   - randomStatetest151 | EIP150 (1/1) ... ok
   - static_RETURN_BoundsOOG | Byzantium (1/1) ... ok
   - randomStatetest151 | EIP158 (1/1) ... ok
   - randomStatetest151 | Frontier (1/1) ... ok
   - static_callcodecallcall_100 | EIP150 (1/1) ... ok
   - randomStatetest151 | Homestead (1/1) ... ok
   - static_callcodecallcall_100 | EIP158 (1/1) ... ok
   - randomStatetest151 | Byzantium (1/1) ... ok
   - static_callcodecallcall_100 | Frontier (1/1) ... ok
   - static_callcodecallcall_100 | Homestead (1/1) ... ok
   - randomStatetest521 | EIP150 (1/1) ... ok
   - randomStatetest521 | EIP158 (1/1) ... ok
   - static_callcodecallcall_100 | Byzantium (1/1) ... ok
   - randomStatetest521 | Frontier (1/1) ... ok
ok
   - ecmul_0-0_0_28000_40_d0g1v0_EIP158...   - static_log1_emptyMem | EIP150 (1/1) ... ok
   - randomStatetest521 | Homestead (1/1) ... ok
   - static_log1_emptyMem | EIP158 (1/1) ... ok
   - static_log1_emptyMem | Frontier (1/1) ... ok
   - randomStatetest521 | Byzantium (1/1) ... ok
   - static_log1_emptyMem | Homestead (1/1) ... ok
   - randomStatetest75 | EIP150 (1/1) ... ok
   - static_log1_emptyMem | Byzantium (1/1) ... ok
   - static_callcallcodecall_010_SuicideEnd2 | EIP150 (1/1) ... ok
   - randomStatetest75 | EIP158 (1/1) ... ok
   - randomStatetest75 | Frontier (1/1) ... ok
   - static_callcallcodecall_010_SuicideEnd2 | EIP158 (1/1) ... ok
   - randomStatetest75 | Homestead (1/1) ... ok
   - static_callcallcodecall_010_SuicideEnd2 | Frontier (1/1) ... ok
   - randomStatetest75 | Byzantium (1/1) ... ok
   - static_callcallcodecall_010_SuicideEnd2 | Homestead (1/1) ... ok
   - randomStatetest469 | EIP150 (1/1) ... ok
   - static_callcallcodecall_010_SuicideEnd2 | Byzantium (1/1) ... ok
   - randomStatetest469 | EIP158 (1/1) ... ok
   - static_callcallcodecallcode_011_SuicideEnd | EIP150 (1/1) ... ok
   - randomStatetest469 | Frontier (1/1) ... ok
   - static_callcallcodecallcode_011_SuicideEnd | EIP158 (1/1) ... ok
   - randomStatetest469 | Homestead (1/1) ... ok
   - static_callcallcodecallcode_011_SuicideEnd | Frontier (1/1) ... ok
   - randomStatetest469 | Byzantium (1/1) ... ok
   - randomStatetest398 | EIP150 (1/1) ... ok
   - static_callcallcodecallcode_011_SuicideEnd | Homestead (1/1) ... ok
   - randomStatetest398 | EIP158 (1/1) ... ok
   - static_callcallcodecallcode_011_SuicideEnd | Byzantium (1/1) ... ok
   - CallRecursiveBomb0 | Homestead (1/1) ... ok
   - randomStatetest398 | Frontier (1/1) ... ok
   - static_callWithHighValueAndOOGatTxLevel | EIP150 (1/1) ... ok
   - randomStatetest398 | Homestead (1/1) ... ok
   - static_callWithHighValueAndOOGatTxLevel | EIP158 (1/1) ... ok
   - randomStatetest398 | Byzantium (1/1) ... ok
   - static_callWithHighValueAndOOGatTxLevel | Frontier (1/1) ... ok
   - randomStatetest14 | EIP150 (1/1) ... ok
   - static_callWithHighValueAndOOGatTxLevel | Homestead (1/1) ... ok
   - randomStatetest14 | EIP158 (1/1) ... ok
   - randomStatetest14 | Frontier (1/1) ... ok
   - static_callWithHighValueAndOOGatTxLevel | Byzantium (1/1) ... ok
   - randomStatetest14 | Homestead (1/1) ... ok
   - static_CallRipemd160_2 | EIP150 (1/1) ... ok
   - randomStatetest14 | Byzantium (1/1) ... ok
   - static_CallRipemd160_2 | EIP158 (1/1) ... ok
   - randomStatetest338 | EIP150 (1/1) ... ok
   - static_CallRipemd160_2 | Frontier (1/1) ... ok
   - randomStatetest338 | EIP158 (1/1) ... ok
   - static_CallRipemd160_2 | Homestead (1/1) ... ok
   - randomStatetest338 | Frontier (1/1) ... ok
   - randomStatetest338 | Homestead (1/1) ... ok
   - static_CallRipemd160_2 | Byzantium (1/1) ... ok
   - randomStatetest338 | Byzantium (1/1) ... ok
   - randomStatetest285 | EIP150 (1/1) ... ok
   - randomStatetest285 | EIP158 (1/1) ... ok
   - randomStatetest285 | Frontier (1/1) ... ok
   - randomStatetest285 | Homestead (1/1) ... ok
   - randomStatetest285 | Byzantium (1/1) ... ok
   - randomStatetest481 | EIP150 (1/1) ... ok
   - static_CALL_OneVCallSuicide | EIP150 (1/1) ... ok
   - randomStatetest481 | EIP158 (1/1) ... ok
   - static_CALL_OneVCallSuicide | EIP158 (1/1) ... ok
   - randomStatetest481 | Frontier (1/1) ... ok
   - static_CALL_OneVCallSuicide | Frontier (1/1) ... ok
   - CallRecursiveBomb0 | Byzantium (1/1) ... ok
   - static_CALL_OneVCallSuicide | Homestead (1/1) ... ok
   - randomStatetest481 | Homestead (1/1) ... ok
   - static_CALL_OneVCallSuicide | Byzantium (1/1) ... ok
   - randomStatetest481 | Byzantium (1/1) ... ok
   - callerAccountBalance | EIP150 (1/1) ... ok
   - static_callcallcallcode_001_OOGE | EIP150 (1/1) ... ok
   - callerAccountBalance | EIP158 (1/1) ... ok
   - static_callcallcallcode_001_OOGE | EIP158 (1/1) ... ok
   - callerAccountBalance | Frontier (1/1) ... ok
   - static_callcallcallcode_001_OOGE | Frontier (1/1) ... ok
   - callerAccountBalance | Homestead (1/1) ... ok
   - callerAccountBalance | Byzantium (1/1) ... ok
   - randomStatetest204 | EIP150 (1/1) ... ok
   - randomStatetest204 | EIP158 (1/1) ... ok
   - CallToNameRegistratorTooMuchMemory2 | EIP150 (1/1) ... ok
   - randomStatetest204 | Frontier (1/1) ... ok
   - CallToNameRegistratorTooMuchMemory2 | EIP158 (1/1) ... ok
   - CallToNameRegistratorTooMuchMemory2 | Frontier (1/1) ... ok
   - randomStatetest204 | Homestead (1/1) ... ok
   - CallToNameRegistratorTooMuchMemory2 | Homestead (1/1) ... ok
   - randomStatetest204 | Byzantium (1/1) ... ok
   - CallToNameRegistratorTooMuchMemory2 | Byzantium (1/1) ... ok
   - randomStatetest527 | EIP150 (1/1) ... ok
   - randomStatetest527 | EIP158 (1/1) ... ok
   - PostToReturn1 | EIP150 (1/1) ... ok
   - randomStatetest527 | Frontier (1/1) ... ok
   - PostToReturn1 | EIP158 (1/1) ... ok
   - randomStatetest527 | Homestead (1/1) ... ok
   - PostToReturn1 | Frontier (1/1) ... ok
   - randomStatetest527 | Byzantium (1/1) ... ok
   - PostToReturn1 | Homestead (1/1) ... ok
   - randomStatetest635 | EIP150 (1/1) ... ok
   - PostToReturn1 | Byzantium (1/1) ... ok
   - randomStatetest635 | EIP158 (1/1) ... ok
   - static_callcallcallcode_001_OOGE | Homestead (1/1) ... ok
   - balanceInputAddressTooBig | EIP150 (1/1) ... ok
   - randomStatetest635 | Frontier (1/1) ... ok
   - static_callcallcallcode_001_OOGE | Byzantium (1/1) ... ok
   - balanceInputAddressTooBig | EIP158 (1/1) ... ok
   - randomStatetest635 | Homestead (1/1) ... ok
   - balanceInputAddressTooBig | Frontier (1/1) ... ok
   - static_Call1024BalanceTooLow2 | EIP150 (1/2) ... ok
   - randomStatetest635 | Byzantium (1/1) ... ok
   - balanceInputAddressTooBig | Homestead (1/1) ... ok
   - static_Call1024BalanceTooLow2 | EIP150 (2/2) ... ok
ok
   - ecmul_0-0_0_28000_40_d0g1v0_Frontier...   - balanceInputAddressTooBig | Byzantium (1/1) ... ok
   - randomStatetest381 | EIP150 (1/1) ... ok
   - static_Call1024BalanceTooLow2 | EIP158 (1/2) ... ok
   - static_Call1024BalanceTooLow2 | EIP158 (2/2) ... ok
   - randomStatetest381 | EIP158 (1/1) ... ok
   - suicideOrigin | EIP150 (1/1) ... ok
   - randomStatetest381 | Frontier (1/1) ... ok
   - static_Call1024BalanceTooLow2 | Frontier (1/2) ... ok
   - suicideOrigin | EIP158 (1/1) ... ok
   - static_Call1024BalanceTooLow2 | Frontier (2/2) ... ok
   - randomStatetest381 | Homestead (1/1) ... ok
   - suicideOrigin | Frontier (1/1) ... ok
   - suicideOrigin | Homestead (1/1) ... ok
   - static_Call1024BalanceTooLow2 | Homestead (1/2) ... ok
   - static_Call1024BalanceTooLow2 | Homestead (2/2) ... ok
   - suicideOrigin | Byzantium (1/1) ... ok
   - static_Call1024BalanceTooLow2 | Byzantium (1/2) ... ok
   - randomStatetest381 | Byzantium (1/1) ... ok
   - randomStatetest129 | EIP150 (1/1) ... ok
   - randomStatetest129 | EIP158 (1/1) ... ok
   - randomStatetest129 | Frontier (1/1) ... ok
   - randomStatetest129 | Homestead (1/1) ... ok
   - randomStatetest129 | Byzantium (1/1) ... ok
   - randomStatetest371 | EIP150 (1/1) ... ok
   - randomStatetest371 | EIP158 (1/1) ... ok
   - randomStatetest371 | Frontier (1/1) ... ok
   - randomStatetest371 | Homestead (1/1) ... ok
   - randomStatetest371 | Byzantium (1/1) ... ok
   - randomStatetest73 | EIP150 (1/1) ... ok
   - randomStatetest73 | EIP158 (1/1) ... ok
   - randomStatetest73 | Frontier (1/1) ... ok
   - randomStatetest73 | Homestead (1/1) ... ok
   - randomStatetest73 | Byzantium (1/1) ... ok
   - randomStatetest67 | EIP150 (1/1) ... ok
   - randomStatetest67 | EIP158 (1/1) ... ok
   - randomStatetest67 | Frontier (1/1) ... ok
   - randomStatetest67 | Homestead (1/1) ... ok
   - randomStatetest67 | Byzantium (1/1) ... ok
   - randomStatetest62 | EIP150 (1/1) ... ok
   - randomStatetest62 | EIP158 (1/1) ... ok
   - randomStatetest62 | Frontier (1/1) ... ok
   - randomStatetest62 | Homestead (1/1) ... ok
   - randomStatetest62 | Byzantium (1/1) ... ok
   - randomStatetest243 | EIP150 (1/1) ... ok
   - randomStatetest243 | EIP158 (1/1) ... ok
   - randomStatetest243 | Frontier (1/1) ... ok
   - randomStatetest243 | Homestead (1/1) ... ok
   - randomStatetest243 | Byzantium (1/1) ... ok
   - randomStatetest572 | EIP150 (1/1) ... ok
   - randomStatetest572 | EIP158 (1/1) ... ok
   - randomStatetest572 | Frontier (1/1) ... ok
   - randomStatetest572 | Homestead (1/1) ... ok
   - static_Call1024BalanceTooLow2 | Byzantium (2/2) ... ok
   - randomStatetest572 | Byzantium (1/1) ... ok
   - static_callcodecallcallcode_101_SuicideEnd2 | EIP150 (1/2) ... ok
   - CallRecursiveBomb0_OOG_atMaxCallDepth | EIP150 (1/1) ... ok
   - static_callcodecallcallcode_101_SuicideEnd2 | EIP150 (2/2) ... ok
   - randomStatetest352 | EIP150 (1/1) ... ok
   - static_callcodecallcallcode_101_SuicideEnd2 | EIP158 (1/2) ... ok
   - randomStatetest352 | EIP158 (1/1) ... ok
   - static_callcodecallcallcode_101_SuicideEnd2 | EIP158 (2/2) ... ok
   - randomStatetest352 | Frontier (1/1) ... ok
   - static_callcodecallcallcode_101_SuicideEnd2 | Frontier (1/2) ... ok
   - randomStatetest352 | Homestead (1/1) ... ok
ok
   - ecmul_0-0_0_28000_40_d0g1v0_Homestead...   - static_callcodecallcallcode_101_SuicideEnd2 | Frontier (2/2) ... ok
   - static_callcodecallcallcode_101_SuicideEnd2 | Homestead (1/2) ... ok
   - randomStatetest352 | Byzantium (1/1) ... ok
   - static_callcodecallcallcode_101_SuicideEnd2 | Homestead (2/2) ... ok
   - randomStatetest454 | EIP150 (1/1) ... ok
   - static_callcodecallcallcode_101_SuicideEnd2 | Byzantium (1/2) ... ok
   - randomStatetest454 | EIP158 (1/1) ... ok
   - static_callcodecallcallcode_101_SuicideEnd2 | Byzantium (2/2) ... ok
   - randomStatetest454 | Frontier (1/1) ... ok
   - randomStatetest454 | Homestead (1/1) ... ok
   - static_callcallcodecall_010 | EIP150 (1/1) ... ok
   - randomStatetest454 | Byzantium (1/1) ... ok
   - static_callcallcodecall_010 | EIP158 (1/1) ... ok
   - randomStatetest42 | EIP150 (1/1) ... ok
   - static_callcallcodecall_010 | Frontier (1/1) ... ok
   - randomStatetest42 | EIP158 (1/1) ... ok
   - static_callcallcodecall_010 | Homestead (1/1) ... ok
   - randomStatetest42 | Frontier (1/1) ... ok
   - static_callcallcodecall_010 | Byzantium (1/1) ... ok
   - randomStatetest42 | Homestead (1/1) ... ok
   - static_callcall_00_OOGE_2 | EIP150 (1/2) ... ok
   - randomStatetest42 | Byzantium (1/1) ... ok
   - static_callcall_00_OOGE_2 | EIP150 (2/2) ... ok
   - randomStatetest378 | EIP150 (1/1) ... ok
   - static_callcall_00_OOGE_2 | EIP158 (1/2) ... ok
   - randomStatetest378 | EIP158 (1/1) ... ok
   - static_callcall_00_OOGE_2 | EIP158 (2/2) ... ok
   - randomStatetest378 | Frontier (1/1) ... ok
   - static_callcall_00_OOGE_2 | Frontier (1/2) ... ok
   - randomStatetest378 | Homestead (1/1) ... ok
   - static_callcall_00_OOGE_2 | Frontier (2/2) ... ok
   - randomStatetest378 | Byzantium (1/1) ... ok
   - static_callcall_00_OOGE_2 | Homestead (1/2) ... ok
   - static_callcall_00_OOGE_2 | Homestead (2/2) ... ok
   - randomStatetest340 | EIP150 (1/1) ... ok
   - randomStatetest340 | EIP158 (1/1) ... ok
   - randomStatetest340 | Frontier (1/1) ... ok
   - static_callcall_00_OOGE_2 | Byzantium (1/2) ... ok
   - randomStatetest340 | Homestead (1/1) ... ok
   - randomStatetest340 | Byzantium (1/1) ... ok
   - randomStatetest221 | EIP150 (1/1) ... ok
   - static_callcall_00_OOGE_2 | Byzantium (2/2) ... ok
   - randomStatetest221 | EIP158 (1/1) ... ok
   - static_callcallcodecall_010_SuicideEnd | EIP150 (1/1) ... ok
   - randomStatetest221 | Frontier (1/1) ... ok
   - static_callcallcodecall_010_SuicideEnd | EIP158 (1/1) ... ok
   - randomStatetest221 | Homestead (1/1) ... ok
   - static_callcallcodecall_010_SuicideEnd | Frontier (1/1) ... ok
   - randomStatetest221 | Byzantium (1/1) ... ok
   - static_callcallcodecall_010_SuicideEnd | Homestead (1/1) ... ok
   - randomStatetest564 | EIP150 (1/1) ... ok
   - randomStatetest564 | EIP158 (1/1) ... ok
   - static_callcallcodecall_010_SuicideEnd | Byzantium (1/1) ... ok
   - randomStatetest564 | Frontier (1/1) ... ok
   - static_callcodecallcallcode_101_OOGMAfter2 | EIP150 (1/2) ... ok
   - randomStatetest564 | Homestead (1/1) ... ok
   - randomStatetest564 | Byzantium (1/1) ... ok
   - static_callcodecallcallcode_101_OOGMAfter2 | EIP150 (2/2) ... ok
   - randomStatetest384 | EIP150 (1/1) ... ok
   - static_callcodecallcallcode_101_OOGMAfter2 | EIP158 (1/2) ... ok
   - randomStatetest384 | EIP158 (1/1) ... ok
   - static_callcodecallcallcode_101_OOGMAfter2 | EIP158 (2/2) ... ok
   - randomStatetest384 | Frontier (1/1) ... ok
   - static_callcodecallcallcode_101_OOGMAfter2 | Frontier (1/2) ... ok
   - randomStatetest384 | Homestead (1/1) ... ok
   - static_callcodecallcallcode_101_OOGMAfter2 | Frontier (2/2) ... ok
   - randomStatetest384 | Byzantium (1/1) ... ok
   - static_callcodecallcallcode_101_OOGMAfter2 | Homestead (1/2) ... ok
   - static_callcodecallcallcode_101_OOGMAfter2 | Homestead (2/2) ... ok
   - randomStatetest246 | EIP150 (1/1) ... ok
   - randomStatetest246 | EIP158 (1/1) ... ok
   - static_callcodecallcallcode_101_OOGMAfter2 | Byzantium (1/2) ... ok
   - randomStatetest246 | Frontier (1/1) ... ok
   - static_callcodecallcallcode_101_OOGMAfter2 | Byzantium (2/2) ... ok
   - randomStatetest246 | Homestead (1/1) ... ok
   - randomStatetest246 | Byzantium (1/1) ... ok
   - static_log0_logMemsizeTooHigh | EIP150 (1/1) ... ok
   - static_log0_logMemsizeTooHigh | EIP158 (1/1) ... ok
   - randomStatetest385 | EIP150 (1/1) ... ok
   - static_log0_logMemsizeTooHigh | Frontier (1/1) ... ok
   - randomStatetest385 | EIP158 (1/1) ... ok
   - static_log0_logMemsizeTooHigh | Homestead (1/1) ... ok
   - CallRecursiveBomb0_OOG_atMaxCallDepth | EIP158 (1/1) ... ok
   - static_log0_logMemsizeTooHigh | Byzantium (1/1) ... ok
   - randomStatetest385 | Frontier (1/1) ... ok
   - static_callcallcallcode_001_SuicideMiddle2 | EIP150 (1/1) ... ok
   - randomStatetest385 | Homestead (1/1) ... ok
   - static_callcallcallcode_001_SuicideMiddle2 | EIP158 (1/1) ... ok
   - static_callcallcallcode_001_SuicideMiddle2 | Frontier (1/1) ... ok
   - static_callcallcallcode_001_SuicideMiddle2 | Homestead (1/1) ... ok
   - randomStatetest385 | Byzantium (1/1) ... ok
test json_tests::state::state_tests::GeneralStateTest_stRandom ... ok
ok
   - static_callcallcallcode_001_SuicideMiddle2 | Byzantium (1/1) ... ok
   - static_callcodecallcall_100_OOGE2 | EIP150 (1/2) ... ok
   - static_callcodecallcall_100_OOGE2 | EIP150 (2/2) ... ok
   - StoreClearsAndInternlCallStoreClearsSuccess | EIP150 (1/1) ... ok
   - static_callcodecallcall_100_OOGE2 | EIP158 (1/2) ... ok
   - ecmul_7827-6598_2_21000_128_d0g3v0_Byzantium...   - StoreClearsAndInternlCallStoreClearsSuccess | EIP158 (1/1) ... ok
   - static_callcodecallcall_100_OOGE2 | EIP158 (2/2) ... ok
   - static_callcodecallcall_100_OOGE2 | Frontier (1/2) ... ok
   - StoreClearsAndInternlCallStoreClearsSuccess | Frontier (1/1) ... ok
   - static_callcodecallcall_100_OOGE2 | Frontier (2/2) ... ok
   - StoreClearsAndInternlCallStoreClearsSuccess | Homestead (1/1) ... ok
   - static_callcodecallcall_100_OOGE2 | Homestead (1/2) ... ok
   - StoreClearsAndInternlCallStoreClearsSuccess | Byzantium (1/1) ... ok
   - static_callcodecallcall_100_OOGE2 | Homestead (2/2) ... ok
   - StoreClearsAndInternlCallStoreClearsOOG | EIP150 (1/1) ... ok
   - static_callcodecallcall_100_OOGE2 | Byzantium (1/2) ... ok
   - StoreClearsAndInternlCallStoreClearsOOG | EIP158 (1/1) ... ok
   - static_callcodecallcall_100_OOGE2 | Byzantium (2/2) ... ok
   - StoreClearsAndInternlCallStoreClearsOOG | Frontier (1/1) ... ok
   - static_callcallcall_000_OOGE | EIP150 (1/2) ... ok
   - StoreClearsAndInternlCallStoreClearsOOG | Homestead (1/1) ... ok
   - static_callcallcall_000_OOGE | EIP150 (2/2) ... ok
   - StoreClearsAndInternlCallStoreClearsOOG | Byzantium (1/1) ... ok
   - TransactionDataCosts652 | EIP150 (1/1) ... ok
   - static_callcallcall_000_OOGE | EIP158 (1/2) ... ok
   - TransactionDataCosts652 | EIP158 (1/1) ... ok
   - static_callcallcall_000_OOGE | EIP158 (2/2) ... ok
   - TransactionDataCosts652 | Frontier (1/1) ... ok
   - static_callcallcall_000_OOGE | Frontier (1/2) ... ok
   - TransactionDataCosts652 | Homestead (1/1) ... ok
   - static_callcallcall_000_OOGE | Frontier (2/2) ... ok
   - TransactionDataCosts652 | Byzantium (1/1) ... ok
   - static_callcallcall_000_OOGE | Homestead (1/2) ... ok
   - static_callcallcall_000_OOGE | Homestead (2/2) ... ok
   - InternlCallStoreClearsOOG | EIP150 (1/1) ... ok
   - InternlCallStoreClearsOOG | EIP158 (1/1) ... ok
   - static_callcallcall_000_OOGE | Byzantium (1/2) ... ok
   - InternlCallStoreClearsOOG | Frontier (1/1) ... ok
   - static_callcallcall_000_OOGE | Byzantium (2/2) ... ok
   - InternlCallStoreClearsOOG | Homestead (1/1) ... ok
   - static_callcallcallcode_001_SuicideMiddle | EIP150 (1/1) ... ok
   - InternlCallStoreClearsOOG | Byzantium (1/1) ... ok
   - static_callcallcallcode_001_SuicideMiddle | EIP158 (1/1) ... ok
   - static_callcallcallcode_001_SuicideMiddle | Frontier (1/1) ... ok
   - static_callcallcallcode_001_SuicideMiddle | Homestead (1/1) ... ok
   - static_callcallcallcode_001_SuicideMiddle | Byzantium (1/1) ... ok
   - static_callcall_00_OOGE_1 | EIP150 (1/2) ... ok
   - static_callcall_00_OOGE_1 | EIP150 (2/2) ... ok
   - static_callcall_00_OOGE_1 | EIP158 (1/2) ... ok
   - static_callcall_00_OOGE_1 | EIP158 (2/2) ... ok
   - Opcodes_TransactionInit | EIP150 (1/128) ... ok
   - static_callcall_00_OOGE_1 | Frontier (1/2) ... ok
   - CallRecursiveBomb0_OOG_atMaxCallDepth | Frontier (1/1) ... ok
   - Opcodes_TransactionInit | EIP150 (2/128) ... ok
   - static_callcall_00_OOGE_1 | Frontier (2/2) ... ok
   - Opcodes_TransactionInit | EIP150 (3/128) ... ok
   - static_callcall_00_OOGE_1 | Homestead (1/2) ... ok
   - Opcodes_TransactionInit | EIP150 (4/128) ... ok
   - static_callcall_00_OOGE_1 | Homestead (2/2) ... ok
   - Opcodes_TransactionInit | EIP150 (5/128) ... ok
   - Opcodes_TransactionInit | EIP150 (6/128) ... ok
   - static_callcall_00_OOGE_1 | Byzantium (1/2) ... ok
   - Opcodes_TransactionInit | EIP150 (7/128) ... ok
   - static_callcall_00_OOGE_1 | Byzantium (2/2) ... ok
   - Opcodes_TransactionInit | EIP150 (8/128) ... ok
   - Opcodes_TransactionInit | EIP150 (9/128) ... ok
   - static_callcallcodecallcode_011_OOGMBefore | EIP150 (1/2) ... ok
   - Opcodes_TransactionInit | EIP150 (10/128) ... ok
   - static_callcallcodecallcode_011_OOGMBefore | EIP150 (2/2) ... ok
ok
   - Opcodes_TransactionInit | EIP150 (11/128) ... ok
   - Opcodes_TransactionInit | EIP150 (12/128) ... ok
   - static_callcallcodecallcode_011_OOGMBefore | EIP158 (1/2) ... ok
   - Opcodes_TransactionInit | EIP150 (13/128) ... ok
   - ecmul_7827-6598_2_21000_128_d0g3v0_EIP150...   - Opcodes_TransactionInit | EIP150 (14/128) ... ok
   - Opcodes_TransactionInit | EIP150 (15/128) ... ok
   - static_callcallcodecallcode_011_OOGMBefore | EIP158 (2/2) ... ok
   - Opcodes_TransactionInit | EIP150 (16/128) ... ok
   - static_callcallcodecallcode_011_OOGMBefore | Frontier (1/2) ... ok
   - Opcodes_TransactionInit | EIP150 (17/128) ... ok
   - static_callcallcodecallcode_011_OOGMBefore | Frontier (2/2) ... ok
   - Opcodes_TransactionInit | EIP150 (18/128) ... ok
   - Opcodes_TransactionInit | EIP150 (19/128) ... ok
   - static_callcallcodecallcode_011_OOGMBefore | Homestead (1/2) ... ok
   - Opcodes_TransactionInit | EIP150 (20/128) ... ok
   - Opcodes_TransactionInit | EIP150 (21/128) ... ok
   - static_callcallcodecallcode_011_OOGMBefore | Homestead (2/2) ... ok
   - Opcodes_TransactionInit | EIP150 (22/128) ... ok
   - Opcodes_TransactionInit | EIP150 (23/128) ... ok
   - Opcodes_TransactionInit | EIP150 (24/128) ... ok
   - Opcodes_TransactionInit | EIP150 (25/128) ... ok
   - Opcodes_TransactionInit | EIP150 (26/128) ... ok
   - Opcodes_TransactionInit | EIP150 (27/128) ... ok
   - Opcodes_TransactionInit | EIP150 (28/128) ... ok
   - static_callcallcodecallcode_011_OOGMBefore | Byzantium (1/2) ... ok
   - Opcodes_TransactionInit | EIP150 (29/128) ... ok
   - static_callcallcodecallcode_011_OOGMBefore | Byzantium (2/2) ... ok
   - Opcodes_TransactionInit | EIP150 (30/128) ... ok
   - Opcodes_TransactionInit | EIP150 (31/128) ... ok
   - Opcodes_TransactionInit | EIP150 (32/128) ... ok
   - Opcodes_TransactionInit | EIP150 (33/128) ... ok
   - Opcodes_TransactionInit | EIP150 (34/128) ... ok
   - Opcodes_TransactionInit | EIP150 (35/128) ... ok
   - Opcodes_TransactionInit | EIP150 (36/128) ... ok
   - Opcodes_TransactionInit | EIP150 (37/128) ... ok
   - Opcodes_TransactionInit | EIP150 (38/128) ... ok
   - Opcodes_TransactionInit | EIP150 (39/128) ... ok
   - Opcodes_TransactionInit | EIP150 (40/128) ... ok
   - Opcodes_TransactionInit | EIP150 (41/128) ... ok
   - Opcodes_TransactionInit | EIP150 (42/128) ... ok
   - static_Call50000 | EIP150 (1/2) ... ok
   - Opcodes_TransactionInit | EIP150 (43/128) ... ok
   - static_Call50000 | EIP150 (2/2) ... ok
   - Opcodes_TransactionInit | EIP150 (44/128) ... ok
   - static_Call50000 | EIP158 (1/2) ... ok
   - Opcodes_TransactionInit | EIP150 (45/128) ... ok
   - static_Call50000 | EIP158 (2/2) ... ok
   - Opcodes_TransactionInit | EIP150 (46/128) ... ok
   - static_Call50000 | Frontier (1/2) ... ok
   - Opcodes_TransactionInit | EIP150 (47/128) ... ok
   - static_Call50000 | Frontier (2/2) ... ok
   - Opcodes_TransactionInit | EIP150 (48/128) ... ok
   - Opcodes_TransactionInit | EIP150 (49/128) ... ok
   - static_Call50000 | Homestead (1/2) ... ok
   - Opcodes_TransactionInit | EIP150 (50/128) ... ok
   - Opcodes_TransactionInit | EIP150 (51/128) ... ok
   - Opcodes_TransactionInit | EIP150 (52/128) ... ok
   - Opcodes_TransactionInit | EIP150 (53/128) ... ok
   - Opcodes_TransactionInit | EIP150 (54/128) ... ok
   - Opcodes_TransactionInit | EIP150 (55/128) ... ok
   - static_Call50000 | Homestead (2/2) ... ok
   - Opcodes_TransactionInit | EIP150 (56/128) ... ok
   - Opcodes_TransactionInit | EIP150 (57/128) ... ok
   - Opcodes_TransactionInit | EIP150 (58/128) ... ok
   - Opcodes_TransactionInit | EIP150 (59/128) ... ok
   - Opcodes_TransactionInit | EIP150 (60/128) ... ok
   - Opcodes_TransactionInit | EIP150 (61/128) ... ok
ok
   - ecmul_7827-6598_2_21000_128_d0g3v0_EIP158...   - Opcodes_TransactionInit | EIP150 (62/128) ... ok
   - Opcodes_TransactionInit | EIP150 (63/128) ... ok
   - Opcodes_TransactionInit | EIP150 (64/128) ... ok
   - Opcodes_TransactionInit | EIP150 (65/128) ... ok
   - Opcodes_TransactionInit | EIP150 (66/128) ... ok
   - Opcodes_TransactionInit | EIP150 (67/128) ... ok
   - Opcodes_TransactionInit | EIP150 (68/128) ... ok
   - Opcodes_TransactionInit | EIP150 (69/128) ... ok
   - Opcodes_TransactionInit | EIP150 (70/128) ... ok
   - Opcodes_TransactionInit | EIP150 (71/128) ... ok
   - Opcodes_TransactionInit | EIP150 (72/128) ... ok
   - Opcodes_TransactionInit | EIP150 (73/128) ... ok
   - Opcodes_TransactionInit | EIP150 (74/128) ... ok
   - Opcodes_TransactionInit | EIP150 (75/128) ... ok
   - Opcodes_TransactionInit | EIP150 (76/128) ... ok
   - CallRecursiveBomb0_OOG_atMaxCallDepth | Homestead (1/1) ... ok
   - Opcodes_TransactionInit | EIP150 (77/128) ... ok
   - Opcodes_TransactionInit | EIP150 (78/128) ... ok
   - Opcodes_TransactionInit | EIP150 (79/128) ... ok
   - Opcodes_TransactionInit | EIP150 (80/128) ... ok
   - Opcodes_TransactionInit | EIP150 (81/128) ... ok
   - Opcodes_TransactionInit | EIP150 (82/128) ... ok
   - Opcodes_TransactionInit | EIP150 (83/128) ... ok
   - Opcodes_TransactionInit | EIP150 (84/128) ... ok
   - Opcodes_TransactionInit | EIP150 (85/128) ... ok
   - Opcodes_TransactionInit | EIP150 (86/128) ... ok
   - Opcodes_TransactionInit | EIP150 (87/128) ... ok
   - Opcodes_TransactionInit | EIP150 (88/128) ... ok
   - Opcodes_TransactionInit | EIP150 (89/128) ... ok
   - Opcodes_TransactionInit | EIP150 (90/128) ... ok
   - Opcodes_TransactionInit | EIP150 (91/128) ... ok
   - Opcodes_TransactionInit | EIP150 (92/128) ... ok
   - Opcodes_TransactionInit | EIP150 (93/128) ... ok
   - Opcodes_TransactionInit | EIP150 (94/128) ... ok
   - Opcodes_TransactionInit | EIP150 (95/128) ... ok
   - Opcodes_TransactionInit | EIP150 (96/128) ... ok
   - Opcodes_TransactionInit | EIP150 (97/128) ... ok
   - Opcodes_TransactionInit | EIP150 (98/128) ... ok
   - Opcodes_TransactionInit | EIP150 (99/128) ... ok
   - Opcodes_TransactionInit | EIP150 (100/128) ... ok
   - Opcodes_TransactionInit | EIP150 (101/128) ... ok
   - Opcodes_TransactionInit | EIP150 (102/128) ... ok
   - Opcodes_TransactionInit | EIP150 (103/128) ... ok
   - Opcodes_TransactionInit | EIP150 (104/128) ... ok
   - Opcodes_TransactionInit | EIP150 (105/128) ... ok
   - Opcodes_TransactionInit | EIP150 (106/128) ... ok
   - Opcodes_TransactionInit | EIP150 (107/128) ... ok
ok
   - ecmul_7827-6598_2_21000_128_d0g3v0_Frontier...   - Opcodes_TransactionInit | EIP150 (108/128) ... ok
   - Opcodes_TransactionInit | EIP150 (109/128) ... ok
   - Opcodes_TransactionInit | EIP150 (110/128) ... ok
   - CallRecursiveBomb0_OOG_atMaxCallDepth | Byzantium (1/1) ... ok
   - Opcodes_TransactionInit | EIP150 (111/128) ... ok
   - Opcodes_TransactionInit | EIP150 (112/128) ... ok
   - CalltoReturn2 | EIP150 (1/1) ... ok
   - Opcodes_TransactionInit | EIP150 (113/128) ... ok
   - CalltoReturn2 | EIP158 (1/1) ... ok
   - Opcodes_TransactionInit | EIP150 (114/128) ... ok
   - Opcodes_TransactionInit | EIP150 (115/128) ... ok
   - CalltoReturn2 | Frontier (1/1) ... ok
   - Opcodes_TransactionInit | EIP150 (116/128) ... ok
   - Opcodes_TransactionInit | EIP150 (117/128) ... ok
   - CalltoReturn2 | Homestead (1/1) ... ok
   - Opcodes_TransactionInit | EIP150 (118/128) ... ok
   - Opcodes_TransactionInit | EIP150 (119/128) ... ok
   - CalltoReturn2 | Byzantium (1/1) ... ok
   - Opcodes_TransactionInit | EIP150 (120/128) ... ok
   - Opcodes_TransactionInit | EIP150 (121/128) ... ok
   - TestNameRegistrator | EIP150 (1/1) ... ok
   - Opcodes_TransactionInit | EIP150 (122/128) ... ok
   - TestNameRegistrator | EIP158 (1/1) ... ok
   - Opcodes_TransactionInit | EIP150 (123/128) ... ok
   - Opcodes_TransactionInit | EIP150 (124/128) ... ok
   - TestNameRegistrator | Frontier (1/1) ... ok
   - Opcodes_TransactionInit | EIP150 (125/128) ... ok
   - TestNameRegistrator | Homestead (1/1) ... ok
   - Opcodes_TransactionInit | EIP150 (126/128) ... ok
   - TestNameRegistrator | Byzantium (1/1) ... ok
   - Opcodes_TransactionInit | EIP150 (127/128) ... ok
   - Opcodes_TransactionInit | EIP150 (128/128) ... ok
   - Opcodes_TransactionInit | EIP158 (1/128) ... ok
   - Opcodes_TransactionInit | EIP158 (2/128) ... ok
   - Opcodes_TransactionInit | EIP158 (3/128) ... ok
   - Opcodes_TransactionInit | EIP158 (4/128) ... ok
   - Opcodes_TransactionInit | EIP158 (5/128) ... ok
   - Opcodes_TransactionInit | EIP158 (6/128) ... ok
   - Opcodes_TransactionInit | EIP158 (7/128) ... ok
   - CallToNameRegistratorTooMuchMemory1 | EIP150 (1/1) ... ok
   - Opcodes_TransactionInit | EIP158 (8/128) ... ok
   - Opcodes_TransactionInit | EIP158 (9/128) ... ok
   - CallToNameRegistratorTooMuchMemory1 | EIP158 (1/1) ... ok
   - Opcodes_TransactionInit | EIP158 (10/128) ... ok
   - CallToNameRegistratorTooMuchMemory1 | Frontier (1/1) ... ok
   - Opcodes_TransactionInit | EIP158 (11/128) ... ok
   - Opcodes_TransactionInit | EIP158 (12/128) ... ok
   - Opcodes_TransactionInit | EIP158 (13/128) ... ok
   - CallToNameRegistratorTooMuchMemory1 | Homestead (1/1) ... ok
   - Opcodes_TransactionInit | EIP158 (14/128) ... ok
   - CallToNameRegistratorTooMuchMemory1 | Byzantium (1/1) ... ok
   - Opcodes_TransactionInit | EIP158 (15/128) ... ok
   - Opcodes_TransactionInit | EIP158 (16/128) ... ok
   - CallToNameRegistratorOutOfGas | EIP150 (1/1) ... ok
   - Opcodes_TransactionInit | EIP158 (17/128) ... ok
   - CallToNameRegistratorOutOfGas | EIP158 (1/1) ... ok
   - Opcodes_TransactionInit | EIP158 (18/128) ... ok
   - CallToNameRegistratorOutOfGas | Frontier (1/1) ... ok
   - Opcodes_TransactionInit | EIP158 (19/128) ... ok
   - CallToNameRegistratorOutOfGas | Homestead (1/1) ... ok
   - Opcodes_TransactionInit | EIP158 (20/128) ... ok
   - Opcodes_TransactionInit | EIP158 (21/128) ... ok
   - CallToNameRegistratorOutOfGas | Byzantium (1/1) ... ok
   - Opcodes_TransactionInit | EIP158 (22/128) ... ok
   - callcodeToNameRegistratorZeroMemExpanion | EIP150 (1/1) ... ok
   - Opcodes_TransactionInit | EIP158 (23/128) ... ok
   - Opcodes_TransactionInit | EIP158 (24/128) ... ok
   - callcodeToNameRegistratorZeroMemExpanion | EIP158 (1/1) ... ok
   - Opcodes_TransactionInit | EIP158 (25/128) ... ok
   - callcodeToNameRegistratorZeroMemExpanion | Frontier (1/1) ... ok
   - Opcodes_TransactionInit | EIP158 (26/128) ... ok
   - callcodeToNameRegistratorZeroMemExpanion | Homestead (1/1) ... ok
   - Opcodes_TransactionInit | EIP158 (27/128) ... ok
   - Opcodes_TransactionInit | EIP158 (28/128) ... ok
   - callcodeToNameRegistratorZeroMemExpanion | Byzantium (1/1) ... ok
   - Opcodes_TransactionInit | EIP158 (29/128) ... ok
   - Opcodes_TransactionInit | EIP158 (30/128) ... ok
   - ABAcallsSuicide1 | EIP150 (1/2) ... ok
   - Opcodes_TransactionInit | EIP158 (31/128) ... ok
   - Opcodes_TransactionInit | EIP158 (32/128) ... ok
   - ABAcallsSuicide1 | EIP150 (2/2) ... ok
   - Opcodes_TransactionInit | EIP158 (33/128) ... ok
   - Opcodes_TransactionInit | EIP158 (34/128) ... ok
   - ABAcallsSuicide1 | EIP158 (1/2) ... ok
   - Opcodes_TransactionInit | EIP158 (35/128) ... ok
   - ABAcallsSuicide1 | EIP158 (2/2) ... ok
   - Opcodes_TransactionInit | EIP158 (36/128) ... ok
   - Opcodes_TransactionInit | EIP158 (37/128) ... ok
   - ABAcallsSuicide1 | Frontier (1/2) ... ok
   - ABAcallsSuicide1 | Frontier (2/2) ... ok
   - ABAcallsSuicide1 | Homestead (1/2) ... ok
   - Opcodes_TransactionInit | EIP158 (38/128) ... ok
   - ABAcallsSuicide1 | Homestead (2/2) ... ok
   - Opcodes_TransactionInit | EIP158 (39/128) ... ok
   - ABAcallsSuicide1 | Byzantium (1/2) ... ok
   - Opcodes_TransactionInit | EIP158 (40/128) ... ok
   - Opcodes_TransactionInit | EIP158 (41/128) ... ok
   - ABAcallsSuicide1 | Byzantium (2/2) ... ok
   - Opcodes_TransactionInit | EIP158 (42/128) ... ok
   - Opcodes_TransactionInit | EIP158 (43/128) ... ok
   - CallToNameRegistratorZeorSizeMemExpansion | EIP150 (1/1) ... ok
   - Opcodes_TransactionInit | EIP158 (44/128) ... ok
   - CallToNameRegistratorZeorSizeMemExpansion | EIP158 (1/1) ... ok
   - Opcodes_TransactionInit | EIP158 (45/128) ... ok
   - Opcodes_TransactionInit | EIP158 (46/128) ... ok
   - CallToNameRegistratorZeorSizeMemExpansion | Frontier (1/1) ... ok
   - Opcodes_TransactionInit | EIP158 (47/128) ... ok
   - CallToNameRegistratorZeorSizeMemExpansion | Homestead (1/1) ... ok
   - Opcodes_TransactionInit | EIP158 (48/128) ... ok
   - Opcodes_TransactionInit | EIP158 (49/128) ... ok
   - CallToNameRegistratorZeorSizeMemExpansion | Byzantium (1/1) ... ok
   - Opcodes_TransactionInit | EIP158 (50/128) ... ok
   - CallToNameRegistratorNotMuchMemory1 | EIP150 (1/1) ... ok
   - Opcodes_TransactionInit | EIP158 (51/128) ... ok
ok
   - ecmul_7827-6598_2_21000_128_d0g3v0_Homestead...   - Opcodes_TransactionInit | EIP158 (52/128) ... ok
   - CallToNameRegistratorNotMuchMemory1 | EIP158 (1/1) ... ok
   - Opcodes_TransactionInit | EIP158 (53/128) ... ok
   - CallToNameRegistratorNotMuchMemory1 | Frontier (1/1) ... ok
   - Opcodes_TransactionInit | EIP158 (54/128) ... ok
   - CallToNameRegistratorNotMuchMemory1 | Homestead (1/1) ... ok
   - Opcodes_TransactionInit | EIP158 (55/128) ... ok
   - Opcodes_TransactionInit | EIP158 (56/128) ... ok
   - CallToNameRegistratorNotMuchMemory1 | Byzantium (1/1) ... ok
   - Opcodes_TransactionInit | EIP158 (57/128) ... ok
   - createWithInvalidOpcode | EIP150 (1/1) ... ok
   - Opcodes_TransactionInit | EIP158 (58/128) ... ok
   - Opcodes_TransactionInit | EIP158 (59/128) ... ok
   - Opcodes_TransactionInit | EIP158 (60/128) ... ok
   - createWithInvalidOpcode | EIP158 (1/1) ... ok
   - Opcodes_TransactionInit | EIP158 (61/128) ... ok
   - createWithInvalidOpcode | Frontier (1/1) ... ok
   - Opcodes_TransactionInit | EIP158 (62/128) ... ok
   - createWithInvalidOpcode | Homestead (1/1) ... ok
   - Opcodes_TransactionInit | EIP158 (63/128) ... ok
   - Opcodes_TransactionInit | EIP158 (64/128) ... ok
   - createWithInvalidOpcode | Byzantium (1/1) ... ok
   - CallToNameRegistrator0 | EIP150 (1/1) ... ok
   - CallToNameRegistrator0 | EIP158 (1/1) ... ok
   - CallToNameRegistrator0 | Frontier (1/1) ... ok
   - CallToNameRegistrator0 | Homestead (1/1) ... ok
   - Opcodes_TransactionInit | EIP158 (65/128) ... ok
   - Opcodes_TransactionInit | EIP158 (66/128) ... ok
   - CallToNameRegistrator0 | Byzantium (1/1) ... ok
   - Opcodes_TransactionInit | EIP158 (67/128) ... ok
   - callcodeToNameRegistrator0 | EIP150 (1/1) ... ok
   - callcodeToNameRegistrator0 | EIP158 (1/1) ... ok
   - callcodeToNameRegistrator0 | Frontier (1/1) ... ok
   - callcodeToNameRegistrator0 | Homestead (1/1) ... ok
   - callcodeToNameRegistrator0 | Byzantium (1/1) ... ok
   - suicideCallerAddresTooBigRight | EIP150 (1/1) ... ok
   - suicideCallerAddresTooBigRight | EIP158 (1/1) ... ok
   - suicideCallerAddresTooBigRight | Frontier (1/1) ... ok
   - Opcodes_TransactionInit | EIP158 (68/128) ... ok
   - suicideCallerAddresTooBigRight | Homestead (1/1) ... ok
   - Opcodes_TransactionInit | EIP158 (69/128) ... ok
   - suicideCallerAddresTooBigRight | Byzantium (1/1) ... ok
   - Opcodes_TransactionInit | EIP158 (70/128) ... ok
   - Opcodes_TransactionInit | EIP158 (71/128) ... ok
   - suicideAddress | EIP150 (1/1) ... ok
   - Opcodes_TransactionInit | EIP158 (72/128) ... ok
   - Opcodes_TransactionInit | EIP158 (73/128) ... ok
   - suicideAddress | EIP158 (1/1) ... ok
   - Opcodes_TransactionInit | EIP158 (74/128) ... ok
   - suicideAddress | Frontier (1/1) ... ok
   - Opcodes_TransactionInit | EIP158 (75/128) ... ok
   - Opcodes_TransactionInit | EIP158 (76/128) ... ok
   - suicideAddress | Homestead (1/1) ... ok
   - Opcodes_TransactionInit | EIP158 (77/128) ... ok
   - suicideAddress | Byzantium (1/1) ... ok
   - Opcodes_TransactionInit | EIP158 (78/128) ... ok
   - Opcodes_TransactionInit | EIP158 (79/128) ... ok
   - createNameRegistratorZeroMem2 | EIP150 (1/1) ... ok
   - Opcodes_TransactionInit | EIP158 (80/128) ... ok
   - Opcodes_TransactionInit | EIP158 (81/128) ... ok
   - createNameRegistratorZeroMem2 | EIP158 (1/1) ... ok
   - Opcodes_TransactionInit | EIP158 (82/128) ... ok
   - createNameRegistratorZeroMem2 | Frontier (1/1) ... ok
   - Opcodes_TransactionInit | EIP158 (83/128) ... ok
   - Opcodes_TransactionInit | EIP158 (84/128) ... ok
   - createNameRegistratorZeroMem2 | Homestead (1/1) ... ok
   - Opcodes_TransactionInit | EIP158 (85/128) ... ok
   - Opcodes_TransactionInit | EIP158 (86/128) ... ok
   - createNameRegistratorZeroMem2 | Byzantium (1/1) ... ok
   - Opcodes_TransactionInit | EIP158 (87/128) ... ok
   - suicideSendEtherPostDeath | EIP150 (1/1) ... ok
   - suicideSendEtherPostDeath | EIP158 (1/1) ... ok
   - suicideSendEtherPostDeath | Frontier (1/1) ... ok
   - suicideSendEtherPostDeath | Homestead (1/1) ... ok
   - suicideSendEtherPostDeath | Byzantium (1/1) ... ok
   - Opcodes_TransactionInit | EIP158 (88/128) ... ok
   - Opcodes_TransactionInit | EIP158 (89/128) ... ok
   - Opcodes_TransactionInit | EIP158 (90/128) ... ok
   - Opcodes_TransactionInit | EIP158 (91/128) ... ok
   - Opcodes_TransactionInit | EIP158 (92/128) ... ok
   - CallRecursiveBombLog | EIP150 (1/1) ... ok
   - Opcodes_TransactionInit | EIP158 (93/128) ... ok
ok
   - Opcodes_TransactionInit | EIP158 (94/128) ... ok
   - pointMulAdd2_d5g3v0_Byzantium...   - Opcodes_TransactionInit | EIP158 (95/128) ... ok
   - Opcodes_TransactionInit | EIP158 (96/128) ... ok
   - Opcodes_TransactionInit | EIP158 (97/128) ... ok
   - Opcodes_TransactionInit | EIP158 (98/128) ... ok
   - Opcodes_TransactionInit | EIP158 (99/128) ... ok
   - Opcodes_TransactionInit | EIP158 (100/128) ... ok
   - Opcodes_TransactionInit | EIP158 (101/128) ... ok
   - Opcodes_TransactionInit | EIP158 (102/128) ... ok
   - Opcodes_TransactionInit | EIP158 (103/128) ... ok
   - Opcodes_TransactionInit | EIP158 (104/128) ... ok
   - CallRecursiveBombLog | EIP158 (1/1) ... ok
   - Opcodes_TransactionInit | EIP158 (105/128) ... ok
   - Opcodes_TransactionInit | EIP158 (106/128) ... ok
   - Opcodes_TransactionInit | EIP158 (107/128) ... ok
   - Opcodes_TransactionInit | EIP158 (108/128) ... ok
   - Opcodes_TransactionInit | EIP158 (109/128) ... ok
   - Opcodes_TransactionInit | EIP158 (110/128) ... ok
   - Opcodes_TransactionInit | EIP158 (111/128) ... ok
   - Opcodes_TransactionInit | EIP158 (112/128) ... ok
   - Opcodes_TransactionInit | EIP158 (113/128) ... ok
   - Opcodes_TransactionInit | EIP158 (114/128) ... ok
   - Opcodes_TransactionInit | EIP158 (115/128) ... ok
   - Opcodes_TransactionInit | EIP158 (116/128) ... ok
   - Opcodes_TransactionInit | EIP158 (117/128) ... ok
   - Opcodes_TransactionInit | EIP158 (118/128) ... ok
   - Opcodes_TransactionInit | EIP158 (119/128) ... ok
   - Opcodes_TransactionInit | EIP158 (120/128) ... ok
   - Opcodes_TransactionInit | EIP158 (121/128) ... ok
   - Opcodes_TransactionInit | EIP158 (122/128) ... ok
   - Opcodes_TransactionInit | EIP158 (123/128) ... ok
   - static_Call50000 | Byzantium (1/2) ... ok
ok
   - pointMulAdd2_d5g3v0_EIP150...   - Opcodes_TransactionInit | EIP158 (124/128) ... ok
   - Opcodes_TransactionInit | EIP158 (125/128) ... ok
   - Opcodes_TransactionInit | EIP158 (126/128) ... ok
   - Opcodes_TransactionInit | EIP158 (127/128) ... ok
   - Opcodes_TransactionInit | EIP158 (128/128) ... ok
   - Opcodes_TransactionInit | Frontier (1/128) ... ok
   - Opcodes_TransactionInit | Frontier (2/128) ... ok
   - Opcodes_TransactionInit | Frontier (3/128) ... ok
   - Opcodes_TransactionInit | Frontier (4/128) ... ok
   - Opcodes_TransactionInit | Frontier (5/128) ... ok
   - Opcodes_TransactionInit | Frontier (6/128) ... ok
   - Opcodes_TransactionInit | Frontier (7/128) ... ok
   - Opcodes_TransactionInit | Frontier (8/128) ... ok
   - Opcodes_TransactionInit | Frontier (9/128) ... ok
   - Opcodes_TransactionInit | Frontier (10/128) ... ok
   - Opcodes_TransactionInit | Frontier (11/128) ... ok
   - Opcodes_TransactionInit | Frontier (12/128) ... ok
   - Opcodes_TransactionInit | Frontier (13/128) ... ok
   - Opcodes_TransactionInit | Frontier (14/128) ... ok
   - Opcodes_TransactionInit | Frontier (15/128) ... ok
   - Opcodes_TransactionInit | Frontier (16/128) ... ok
   - Opcodes_TransactionInit | Frontier (17/128) ... ok
   - Opcodes_TransactionInit | Frontier (18/128) ... ok
   - Opcodes_TransactionInit | Frontier (19/128) ... ok
   - Opcodes_TransactionInit | Frontier (20/128) ... ok
   - Opcodes_TransactionInit | Frontier (21/128) ... ok
   - Opcodes_TransactionInit | Frontier (22/128) ... ok
   - Opcodes_TransactionInit | Frontier (23/128) ... ok
   - Opcodes_TransactionInit | Frontier (24/128) ... ok
   - Opcodes_TransactionInit | Frontier (25/128) ... ok
   - Opcodes_TransactionInit | Frontier (26/128) ... ok
   - Opcodes_TransactionInit | Frontier (27/128) ... ok
   - Opcodes_TransactionInit | Frontier (28/128) ... ok
   - Opcodes_TransactionInit | Frontier (29/128) ... ok
   - Opcodes_TransactionInit | Frontier (30/128) ... ok
   - Opcodes_TransactionInit | Frontier (31/128) ... ok
   - Opcodes_TransactionInit | Frontier (32/128) ... ok
   - Opcodes_TransactionInit | Frontier (33/128) ... ok
   - Opcodes_TransactionInit | Frontier (34/128) ... ok
   - Opcodes_TransactionInit | Frontier (35/128) ... ok
   - Opcodes_TransactionInit | Frontier (36/128) ... ok
   - Opcodes_TransactionInit | Frontier (37/128) ... ok
   - Opcodes_TransactionInit | Frontier (38/128) ... ok
   - Opcodes_TransactionInit | Frontier (39/128) ... ok
   - Opcodes_TransactionInit | Frontier (40/128) ... ok
   - Opcodes_TransactionInit | Frontier (41/128) ... ok
   - Opcodes_TransactionInit | Frontier (42/128) ... ok
   - Opcodes_TransactionInit | Frontier (43/128) ... ok
   - Opcodes_TransactionInit | Frontier (44/128) ... ok
   - Opcodes_TransactionInit | Frontier (45/128) ... ok
   - Opcodes_TransactionInit | Frontier (46/128) ... ok
   - Opcodes_TransactionInit | Frontier (47/128) ... ok
   - Opcodes_TransactionInit | Frontier (48/128) ... ok
   - CallRecursiveBombLog | Frontier (1/1) ... ok
   - Opcodes_TransactionInit | Frontier (49/128) ... ok
   - Opcodes_TransactionInit | Frontier (50/128) ... ok
   - Opcodes_TransactionInit | Frontier (51/128) ... ok
   - Opcodes_TransactionInit | Frontier (52/128) ... ok
   - Opcodes_TransactionInit | Frontier (53/128) ... ok
   - Opcodes_TransactionInit | Frontier (54/128) ... ok
   - Opcodes_TransactionInit | Frontier (55/128) ... ok
   - Opcodes_TransactionInit | Frontier (56/128) ... ok
   - Opcodes_TransactionInit | Frontier (57/128) ... ok
   - Opcodes_TransactionInit | Frontier (58/128) ... ok
   - Opcodes_TransactionInit | Frontier (59/128) ... ok
   - Opcodes_TransactionInit | Frontier (60/128) ... ok
   - Opcodes_TransactionInit | Frontier (61/128) ... ok
   - Opcodes_TransactionInit | Frontier (62/128) ... ok
   - Opcodes_TransactionInit | Frontier (63/128) ... ok
   - Opcodes_TransactionInit | Frontier (64/128) ... ok
   - Opcodes_TransactionInit | Frontier (65/128) ... ok
   - Opcodes_TransactionInit | Frontier (66/128) ... ok
   - Opcodes_TransactionInit | Frontier (67/128) ... ok
   - Opcodes_TransactionInit | Frontier (68/128) ... ok
   - Opcodes_TransactionInit | Frontier (69/128) ... ok
   - Opcodes_TransactionInit | Frontier (70/128) ... ok
   - Opcodes_TransactionInit | Frontier (71/128) ... ok
   - Opcodes_TransactionInit | Frontier (72/128) ... ok
   - Opcodes_TransactionInit | Frontier (73/128) ... ok
   - Opcodes_TransactionInit | Frontier (74/128) ... ok
   - Opcodes_TransactionInit | Frontier (75/128) ... ok
   - Opcodes_TransactionInit | Frontier (76/128) ... ok
   - Opcodes_TransactionInit | Frontier (77/128) ... ok
   - Opcodes_TransactionInit | Frontier (78/128) ... ok
   - Opcodes_TransactionInit | Frontier (79/128) ... ok
   - Opcodes_TransactionInit | Frontier (80/128) ... ok
   - Opcodes_TransactionInit | Frontier (81/128) ... ok
   - Opcodes_TransactionInit | Frontier (82/128) ... ok
   - Opcodes_TransactionInit | Frontier (83/128) ... ok
   - Opcodes_TransactionInit | Frontier (84/128) ... ok
   - Opcodes_TransactionInit | Frontier (85/128) ... ok
   - Opcodes_TransactionInit | Frontier (86/128) ... ok
   - Opcodes_TransactionInit | Frontier (87/128) ... ok
ok
   - pointMulAdd2_d5g3v0_EIP158...   - Opcodes_TransactionInit | Frontier (88/128) ... ok
   - Opcodes_TransactionInit | Frontier (89/128) ... ok
   - Opcodes_TransactionInit | Frontier (90/128) ... ok
   - Opcodes_TransactionInit | Frontier (91/128) ... ok
   - Opcodes_TransactionInit | Frontier (92/128) ... ok
   - Opcodes_TransactionInit | Frontier (93/128) ... ok
   - Opcodes_TransactionInit | Frontier (94/128) ... ok
   - Opcodes_TransactionInit | Frontier (95/128) ... ok
   - CallRecursiveBombLog | Homestead (1/1) ... ok
   - Opcodes_TransactionInit | Frontier (96/128) ... ok
   - Opcodes_TransactionInit | Frontier (97/128) ... ok
   - Opcodes_TransactionInit | Frontier (98/128) ... ok
   - Opcodes_TransactionInit | Frontier (99/128) ... ok
   - Opcodes_TransactionInit | Frontier (100/128) ... ok
   - Opcodes_TransactionInit | Frontier (101/128) ... ok
   - Opcodes_TransactionInit | Frontier (102/128) ... ok
   - Opcodes_TransactionInit | Frontier (103/128) ... ok
   - Opcodes_TransactionInit | Frontier (104/128) ... ok
   - Opcodes_TransactionInit | Frontier (105/128) ... ok
   - Opcodes_TransactionInit | Frontier (106/128) ... ok
   - Opcodes_TransactionInit | Frontier (107/128) ... ok
   - Opcodes_TransactionInit | Frontier (108/128) ... ok
   - Opcodes_TransactionInit | Frontier (109/128) ... ok
   - Opcodes_TransactionInit | Frontier (110/128) ... ok
   - Opcodes_TransactionInit | Frontier (111/128) ... ok
   - Opcodes_TransactionInit | Frontier (112/128) ... ok
   - Opcodes_TransactionInit | Frontier (113/128) ... ok
   - Opcodes_TransactionInit | Frontier (114/128) ... ok
   - Opcodes_TransactionInit | Frontier (115/128) ... ok
   - Opcodes_TransactionInit | Frontier (116/128) ... ok
   - Opcodes_TransactionInit | Frontier (117/128) ... ok
   - Opcodes_TransactionInit | Frontier (118/128) ... ok
   - Opcodes_TransactionInit | Frontier (119/128) ... ok
   - Opcodes_TransactionInit | Frontier (120/128) ... ok
   - Opcodes_TransactionInit | Frontier (121/128) ... ok
   - Opcodes_TransactionInit | Frontier (122/128) ... ok
   - CallRecursiveBombLog | Byzantium (1/1) ... ok
   - Opcodes_TransactionInit | Frontier (123/128) ... ok
   - CallToReturn1ForDynamicJump1 | EIP150 (1/1) ... ok
   - Opcodes_TransactionInit | Frontier (124/128) ... ok
   - Opcodes_TransactionInit | Frontier (125/128) ... ok
   - CallToReturn1ForDynamicJump1 | EIP158 (1/1) ... ok
   - Opcodes_TransactionInit | Frontier (126/128) ... ok
   - CallToReturn1ForDynamicJump1 | Frontier (1/1) ... ok
   - Opcodes_TransactionInit | Frontier (127/128) ... ok
   - Opcodes_TransactionInit | Frontier (128/128) ... ok
   - CallToReturn1ForDynamicJump1 | Homestead (1/1) ... ok
   - Opcodes_TransactionInit | Homestead (1/128) ... ok
   - CallToReturn1ForDynamicJump1 | Byzantium (1/1) ... ok
   - currentAccountBalance | EIP150 (1/1) ... ok
   - Opcodes_TransactionInit | Homestead (2/128) ... ok
   - Opcodes_TransactionInit | Homestead (3/128) ... ok
   - currentAccountBalance | EIP158 (1/1) ... ok
   - Opcodes_TransactionInit | Homestead (4/128) ... ok
   - currentAccountBalance | Frontier (1/1) ... ok
   - Opcodes_TransactionInit | Homestead (5/128) ... ok
   - currentAccountBalance | Homestead (1/1) ... ok
   - Opcodes_TransactionInit | Homestead (6/128) ... ok
   - currentAccountBalance | Byzantium (1/1) ... ok
   - Opcodes_TransactionInit | Homestead (7/128) ... ok
   - callcodeTo0 | EIP150 (1/1) ... ok
ok
   - pointMulAdd2_d5g3v0_Frontier...   - Opcodes_TransactionInit | Homestead (8/128) ... ok
   - callcodeTo0 | EIP158 (1/1) ... ok
   - callcodeTo0 | Frontier (1/1) ... ok
   - callcodeTo0 | Homestead (1/1) ... ok
   - callcodeTo0 | Byzantium (1/1) ... ok
   - createNameRegistratorOutOfMemoryBonds1 | EIP150 (1/1) ... ok
   - createNameRegistratorOutOfMemoryBonds1 | EIP158 (1/1) ... ok
   - createNameRegistratorOutOfMemoryBonds1 | Frontier (1/1) ... ok
   - Opcodes_TransactionInit | Homestead (9/128) ... ok
   - createNameRegistratorOutOfMemoryBonds1 | Homestead (1/1) ... ok
   - createNameRegistratorOutOfMemoryBonds1 | Byzantium (1/1) ... ok
   - Opcodes_TransactionInit | Homestead (10/128) ... ok
   - CallToReturn1 | EIP150 (1/1) ... ok
   - CallToReturn1 | EIP158 (1/1) ... ok
   - Opcodes_TransactionInit | Homestead (11/128) ... ok
   - CallToReturn1 | Frontier (1/1) ... ok
   - Opcodes_TransactionInit | Homestead (12/128) ... ok
   - Opcodes_TransactionInit | Homestead (13/128) ... ok
   - CallToReturn1 | Homestead (1/1) ... ok
   - CallToReturn1 | Byzantium (1/1) ... ok
   - CallToNameRegistratorAddressTooBigRight | EIP150 (1/1) ... ok
   - CallToNameRegistratorAddressTooBigRight | EIP158 (1/1) ... ok
   - Opcodes_TransactionInit | Homestead (14/128) ... ok
   - CallToNameRegistratorAddressTooBigRight | Frontier (1/1) ... ok
   - CallToNameRegistratorAddressTooBigRight | Homestead (1/1) ... ok
   - Opcodes_TransactionInit | Homestead (15/128) ... ok
   - Opcodes_TransactionInit | Homestead (16/128) ... ok
   - CallToNameRegistratorAddressTooBigRight | Byzantium (1/1) ... ok
   - suicideCoinbase | EIP150 (1/1) ... ok
   - suicideCoinbase | EIP158 (1/1) ... ok
   - suicideCoinbase | Frontier (1/1) ... ok
   - Opcodes_TransactionInit | Homestead (17/128) ... ok
   - suicideCoinbase | Homestead (1/1) ... ok
   - suicideCoinbase | Byzantium (1/1) ... ok
   - Opcodes_TransactionInit | Homestead (18/128) ... ok
   - Opcodes_TransactionInit | Homestead (19/128) ... ok
   - return0 | EIP150 (1/1) ... ok
   - Opcodes_TransactionInit | Homestead (20/128) ... ok
   - return0 | EIP158 (1/1) ... ok
   - return0 | Frontier (1/1) ... ok
   - return0 | Homestead (1/1) ... ok
   - return0 | Byzantium (1/1) ... ok
   - ABAcalls3 | EIP150 (1/1) ... ok
   - Opcodes_TransactionInit | Homestead (21/128) ... ok
   - Opcodes_TransactionInit | Homestead (22/128) ... ok
   - Opcodes_TransactionInit | Homestead (23/128) ... ok
   - Opcodes_TransactionInit | Homestead (24/128) ... ok
   - Opcodes_TransactionInit | Homestead (25/128) ... ok
   - Opcodes_TransactionInit | Homestead (26/128) ... ok
   - Opcodes_TransactionInit | Homestead (27/128) ... ok
   - Opcodes_TransactionInit | Homestead (28/128) ... ok
   - Opcodes_TransactionInit | Homestead (29/128) ... ok
   - Opcodes_TransactionInit | Homestead (30/128) ... ok
   - Opcodes_TransactionInit | Homestead (31/128) ... ok
   - Opcodes_TransactionInit | Homestead (32/128) ... ok
   - Opcodes_TransactionInit | Homestead (33/128) ... ok
   - Opcodes_TransactionInit | Homestead (34/128) ... ok
   - Opcodes_TransactionInit | Homestead (35/128) ... ok
   - Opcodes_TransactionInit | Homestead (36/128) ... ok
   - Opcodes_TransactionInit | Homestead (37/128) ... ok
   - Opcodes_TransactionInit | Homestead (38/128) ... ok
   - ABAcalls3 | EIP158 (1/1) ... ok
   - Opcodes_TransactionInit | Homestead (39/128) ... ok
   - Opcodes_TransactionInit | Homestead (40/128) ... ok
   - Opcodes_TransactionInit | Homestead (41/128) ... ok
   - Opcodes_TransactionInit | Homestead (42/128) ... ok
   - Opcodes_TransactionInit | Homestead (43/128) ... ok
   - Opcodes_TransactionInit | Homestead (44/128) ... ok
   - Opcodes_TransactionInit | Homestead (45/128) ... ok
   - Opcodes_TransactionInit | Homestead (46/128) ... ok
ok
   - pointMulAdd2_d5g3v0_Homestead...   - Opcodes_TransactionInit | Homestead (47/128) ... ok
   - Opcodes_TransactionInit | Homestead (48/128) ... ok
   - Opcodes_TransactionInit | Homestead (49/128) ... ok
   - Opcodes_TransactionInit | Homestead (50/128) ... ok
   - Opcodes_TransactionInit | Homestead (51/128) ... ok
   - Opcodes_TransactionInit | Homestead (52/128) ... ok
   - Opcodes_TransactionInit | Homestead (53/128) ... ok
   - Opcodes_TransactionInit | Homestead (54/128) ... ok
   - Opcodes_TransactionInit | Homestead (55/128) ... ok
   - Opcodes_TransactionInit | Homestead (56/128) ... ok
   - Opcodes_TransactionInit | Homestead (57/128) ... ok
   - Opcodes_TransactionInit | Homestead (58/128) ... ok
   - Opcodes_TransactionInit | Homestead (59/128) ... ok
   - Opcodes_TransactionInit | Homestead (60/128) ... ok
   - Opcodes_TransactionInit | Homestead (61/128) ... ok
   - Opcodes_TransactionInit | Homestead (62/128) ... ok
   - ABAcalls3 | Frontier (1/1) ... ok
   - Opcodes_TransactionInit | Homestead (63/128) ... ok
   - Opcodes_TransactionInit | Homestead (64/128) ... ok
   - Opcodes_TransactionInit | Homestead (65/128) ... ok
   - Opcodes_TransactionInit | Homestead (66/128) ... ok
   - Opcodes_TransactionInit | Homestead (67/128) ... ok
   - Opcodes_TransactionInit | Homestead (68/128) ... ok
   - Opcodes_TransactionInit | Homestead (69/128) ... ok
   - Opcodes_TransactionInit | Homestead (70/128) ... ok
   - Opcodes_TransactionInit | Homestead (71/128) ... ok
   - Opcodes_TransactionInit | Homestead (72/128) ... ok
   - Opcodes_TransactionInit | Homestead (73/128) ... ok
   - Opcodes_TransactionInit | Homestead (74/128) ... ok
   - Opcodes_TransactionInit | Homestead (75/128) ... ok
   - Opcodes_TransactionInit | Homestead (76/128) ... ok
   - Opcodes_TransactionInit | Homestead (77/128) ... ok
   - Opcodes_TransactionInit | Homestead (78/128) ... ok
   - Opcodes_TransactionInit | Homestead (79/128) ... ok
   - Opcodes_TransactionInit | Homestead (80/128) ... ok
   - ABAcalls3 | Homestead (1/1) ... ok
   - Opcodes_TransactionInit | Homestead (81/128) ... ok
   - Opcodes_TransactionInit | Homestead (82/128) ... ok
   - Opcodes_TransactionInit | Homestead (83/128) ... ok
   - Opcodes_TransactionInit | Homestead (84/128) ... ok
   - Opcodes_TransactionInit | Homestead (85/128) ... ok
   - Opcodes_TransactionInit | Homestead (86/128) ... ok
   - Opcodes_TransactionInit | Homestead (87/128) ... ok
   - Opcodes_TransactionInit | Homestead (88/128) ... ok
   - Opcodes_TransactionInit | Homestead (89/128) ... ok
   - Opcodes_TransactionInit | Homestead (90/128) ... ok
   - Opcodes_TransactionInit | Homestead (91/128) ... ok
   - Opcodes_TransactionInit | Homestead (92/128) ... ok
   - Opcodes_TransactionInit | Homestead (93/128) ... ok
   - Opcodes_TransactionInit | Homestead (94/128) ... ok
   - Opcodes_TransactionInit | Homestead (95/128) ... ok
   - ABAcalls3 | Byzantium (1/1) ... ok
   - Opcodes_TransactionInit | Homestead (96/128) ... ok
   - createNameRegistrator | EIP150 (1/1) ... ok
   - Opcodes_TransactionInit | Homestead (97/128) ... ok
   - Opcodes_TransactionInit | Homestead (98/128) ... ok
   - createNameRegistrator | EIP158 (1/1) ... ok
   - Opcodes_TransactionInit | Homestead (99/128) ... ok
   - createNameRegistrator | Frontier (1/1) ... ok
   - Opcodes_TransactionInit | Homestead (100/128) ... ok
   - Opcodes_TransactionInit | Homestead (101/128) ... ok
   - createNameRegistrator | Homestead (1/1) ... ok
   - Opcodes_TransactionInit | Homestead (102/128) ... ok
   - createNameRegistrator | Byzantium (1/1) ... ok
   - Opcodes_TransactionInit | Homestead (103/128) ... ok
   - Opcodes_TransactionInit | Homestead (104/128) ... ok
   - Opcodes_TransactionInit | Homestead (105/128) ... ok
   - Opcodes_TransactionInit | Homestead (106/128) ... ok
   - Opcodes_TransactionInit | Homestead (107/128) ... ok
   - Opcodes_TransactionInit | Homestead (108/128) ... ok
   - Opcodes_TransactionInit | Homestead (109/128) ... ok
ok
   - Opcodes_TransactionInit | Homestead (110/128) ... ok
   - Opcodes_TransactionInit | Homestead (111/128) ... ok
   - Opcodes_TransactionInit | Homestead (112/128) ... ok
   - Opcodes_TransactionInit | Homestead (113/128) ... ok
   - Opcodes_TransactionInit | Homestead (114/128) ... ok
   - Opcodes_TransactionInit | Homestead (115/128) ... ok
   - ecmul_1-2_0_28000_96_d0g1v0_Byzantium...   - Opcodes_TransactionInit | Homestead (116/128) ... ok
   - Opcodes_TransactionInit | Homestead (117/128) ... ok
   - Opcodes_TransactionInit | Homestead (118/128) ... ok
   - Opcodes_TransactionInit | Homestead (119/128) ... ok
   - Opcodes_TransactionInit | Homestead (120/128) ... ok
   - Opcodes_TransactionInit | Homestead (121/128) ... ok
   - Opcodes_TransactionInit | Homestead (122/128) ... ok
   - Opcodes_TransactionInit | Homestead (123/128) ... ok
   - Opcodes_TransactionInit | Homestead (124/128) ... ok
   - Opcodes_TransactionInit | Homestead (125/128) ... ok
   - Opcodes_TransactionInit | Homestead (126/128) ... ok
   - Opcodes_TransactionInit | Homestead (127/128) ... ok
   - Opcodes_TransactionInit | Homestead (128/128) ... ok
   - Opcodes_TransactionInit | Byzantium (1/128) ... ok
   - Opcodes_TransactionInit | Byzantium (2/128) ... ok
   - CallRecursiveBombLog2 | EIP150 (1/1) ... ok
   - Opcodes_TransactionInit | Byzantium (3/128) ... ok
   - Opcodes_TransactionInit | Byzantium (4/128) ... ok
   - Opcodes_TransactionInit | Byzantium (5/128) ... ok
   - Opcodes_TransactionInit | Byzantium (6/128) ... ok
   - Opcodes_TransactionInit | Byzantium (7/128) ... ok
   - Opcodes_TransactionInit | Byzantium (8/128) ... ok
   - Opcodes_TransactionInit | Byzantium (9/128) ... ok
   - Opcodes_TransactionInit | Byzantium (10/128) ... ok
   - Opcodes_TransactionInit | Byzantium (11/128) ... ok
   - Opcodes_TransactionInit | Byzantium (12/128) ... ok
   - Opcodes_TransactionInit | Byzantium (13/128) ... ok
   - Opcodes_TransactionInit | Byzantium (14/128) ... ok
   - Opcodes_TransactionInit | Byzantium (15/128) ... ok
   - Opcodes_TransactionInit | Byzantium (16/128) ... ok
   - Opcodes_TransactionInit | Byzantium (17/128) ... ok
   - Opcodes_TransactionInit | Byzantium (18/128) ... ok
   - Opcodes_TransactionInit | Byzantium (19/128) ... ok
   - Opcodes_TransactionInit | Byzantium (20/128) ... ok
   - Opcodes_TransactionInit | Byzantium (21/128) ... ok
   - Opcodes_TransactionInit | Byzantium (22/128) ... ok
   - Opcodes_TransactionInit | Byzantium (23/128) ... ok
   - Opcodes_TransactionInit | Byzantium (24/128) ... ok
   - Opcodes_TransactionInit | Byzantium (25/128) ... ok
   - Opcodes_TransactionInit | Byzantium (26/128) ... ok
   - Opcodes_TransactionInit | Byzantium (27/128) ... ok
   - Opcodes_TransactionInit | Byzantium (28/128) ... ok
   - Opcodes_TransactionInit | Byzantium (29/128) ... ok
   - CallRecursiveBombLog2 | EIP158 (1/1) ... ok
   - Opcodes_TransactionInit | Byzantium (30/128) ... ok
   - Opcodes_TransactionInit | Byzantium (31/128) ... ok
   - Opcodes_TransactionInit | Byzantium (32/128) ... ok
   - Opcodes_TransactionInit | Byzantium (33/128) ... ok
   - Opcodes_TransactionInit | Byzantium (34/128) ... ok
   - Opcodes_TransactionInit | Byzantium (35/128) ... ok
   - Opcodes_TransactionInit | Byzantium (36/128) ... ok
   - Opcodes_TransactionInit | Byzantium (37/128) ... ok
   - Opcodes_TransactionInit | Byzantium (38/128) ... ok
   - Opcodes_TransactionInit | Byzantium (39/128) ... ok
   - Opcodes_TransactionInit | Byzantium (40/128) ... ok
   - Opcodes_TransactionInit | Byzantium (41/128) ... ok
   - Opcodes_TransactionInit | Byzantium (42/128) ... ok
   - Opcodes_TransactionInit | Byzantium (43/128) ... ok
   - Opcodes_TransactionInit | Byzantium (44/128) ... ok
   - Opcodes_TransactionInit | Byzantium (45/128) ... ok
ok
   - ecmul_1-2_0_28000_96_d0g1v0_EIP150...   - Opcodes_TransactionInit | Byzantium (46/128) ... ok
   - Opcodes_TransactionInit | Byzantium (47/128) ... ok
   - Opcodes_TransactionInit | Byzantium (48/128) ... ok
   - Opcodes_TransactionInit | Byzantium (49/128) ... ok
   - Opcodes_TransactionInit | Byzantium (50/128) ... ok
   - Opcodes_TransactionInit | Byzantium (51/128) ... ok
   - Opcodes_TransactionInit | Byzantium (52/128) ... ok
   - Opcodes_TransactionInit | Byzantium (53/128) ... ok
   - Opcodes_TransactionInit | Byzantium (54/128) ... ok
   - Opcodes_TransactionInit | Byzantium (55/128) ... ok
   - Opcodes_TransactionInit | Byzantium (56/128) ... ok
   - Opcodes_TransactionInit | Byzantium (57/128) ... ok
   - Opcodes_TransactionInit | Byzantium (58/128) ... ok
   - Opcodes_TransactionInit | Byzantium (59/128) ... ok
   - Opcodes_TransactionInit | Byzantium (60/128) ... ok
   - Opcodes_TransactionInit | Byzantium (61/128) ... ok
   - Opcodes_TransactionInit | Byzantium (62/128) ... ok
   - Opcodes_TransactionInit | Byzantium (63/128) ... ok
   - Opcodes_TransactionInit | Byzantium (64/128) ... ok
   - Opcodes_TransactionInit | Byzantium (65/128) ... ok
   - Opcodes_TransactionInit | Byzantium (66/128) ... ok
   - Opcodes_TransactionInit | Byzantium (67/128) ... ok
   - Opcodes_TransactionInit | Byzantium (68/128) ... ok
   - Opcodes_TransactionInit | Byzantium (69/128) ... ok
   - Opcodes_TransactionInit | Byzantium (70/128) ... ok
   - Opcodes_TransactionInit | Byzantium (71/128) ... ok
   - Opcodes_TransactionInit | Byzantium (72/128) ... ok
   - Opcodes_TransactionInit | Byzantium (73/128) ... ok
   - Opcodes_TransactionInit | Byzantium (74/128) ... ok
   - Opcodes_TransactionInit | Byzantium (75/128) ... ok
   - Opcodes_TransactionInit | Byzantium (76/128) ... ok
   - Opcodes_TransactionInit | Byzantium (77/128) ... ok
   - Opcodes_TransactionInit | Byzantium (78/128) ... ok
   - Opcodes_TransactionInit | Byzantium (79/128) ... ok
   - Opcodes_TransactionInit | Byzantium (80/128) ... ok
   - Opcodes_TransactionInit | Byzantium (81/128) ... ok
   - Opcodes_TransactionInit | Byzantium (82/128) ... ok
   - Opcodes_TransactionInit | Byzantium (83/128) ... ok
   - Opcodes_TransactionInit | Byzantium (84/128) ... ok
   - Opcodes_TransactionInit | Byzantium (85/128) ... ok
   - Opcodes_TransactionInit | Byzantium (86/128) ... ok
   - Opcodes_TransactionInit | Byzantium (87/128) ... ok
   - Opcodes_TransactionInit | Byzantium (88/128) ... ok
   - Opcodes_TransactionInit | Byzantium (89/128) ... ok
   - Opcodes_TransactionInit | Byzantium (90/128) ... ok
   - Opcodes_TransactionInit | Byzantium (91/128) ... ok
   - Opcodes_TransactionInit | Byzantium (92/128) ... ok
   - Opcodes_TransactionInit | Byzantium (93/128) ... ok
   - Opcodes_TransactionInit | Byzantium (94/128) ... ok
   - Opcodes_TransactionInit | Byzantium (95/128) ... ok
   - Opcodes_TransactionInit | Byzantium (96/128) ... ok
   - Opcodes_TransactionInit | Byzantium (97/128) ... ok
   - Opcodes_TransactionInit | Byzantium (98/128) ... ok
   - Opcodes_TransactionInit | Byzantium (99/128) ... ok
   - Opcodes_TransactionInit | Byzantium (100/128) ... ok
   - Opcodes_TransactionInit | Byzantium (101/128) ... ok
   - Opcodes_TransactionInit | Byzantium (102/128) ... ok
   - Opcodes_TransactionInit | Byzantium (103/128) ... ok
ok
   - ecmul_1-2_0_28000_96_d0g1v0_EIP158...   - Opcodes_TransactionInit | Byzantium (104/128) ... ok
   - Opcodes_TransactionInit | Byzantium (105/128) ... ok
   - Opcodes_TransactionInit | Byzantium (106/128) ... ok
   - Opcodes_TransactionInit | Byzantium (107/128) ... ok
   - Opcodes_TransactionInit | Byzantium (108/128) ... ok
   - Opcodes_TransactionInit | Byzantium (109/128) ... ok
   - Opcodes_TransactionInit | Byzantium (110/128) ... ok
   - Opcodes_TransactionInit | Byzantium (111/128) ... ok
   - Opcodes_TransactionInit | Byzantium (112/128) ... ok
   - Opcodes_TransactionInit | Byzantium (113/128) ... ok
   - Opcodes_TransactionInit | Byzantium (114/128) ... ok
   - CallRecursiveBombLog2 | Frontier (1/1) ... ok
   - Opcodes_TransactionInit | Byzantium (115/128) ... ok
   - Opcodes_TransactionInit | Byzantium (116/128) ... ok
   - Opcodes_TransactionInit | Byzantium (117/128) ... ok
   - Opcodes_TransactionInit | Byzantium (118/128) ... ok
   - Opcodes_TransactionInit | Byzantium (119/128) ... ok
   - Opcodes_TransactionInit | Byzantium (120/128) ... ok
   - Opcodes_TransactionInit | Byzantium (121/128) ... ok
   - Opcodes_TransactionInit | Byzantium (122/128) ... ok
   - Opcodes_TransactionInit | Byzantium (123/128) ... ok
   - Opcodes_TransactionInit | Byzantium (124/128) ... ok
   - Opcodes_TransactionInit | Byzantium (125/128) ... ok
   - Opcodes_TransactionInit | Byzantium (126/128) ... ok
   - Opcodes_TransactionInit | Byzantium (127/128) ... ok
   - Opcodes_TransactionInit | Byzantium (128/128) ... ok
   - InternalCallHittingGasLimitSuccess | EIP150 (1/1) ... ok
   - InternalCallHittingGasLimitSuccess | EIP158 (1/1) ... ok
   - InternalCallHittingGasLimitSuccess | Frontier (1/1) ... ok
   - InternalCallHittingGasLimitSuccess | Homestead (1/1) ... ok
   - InternalCallHittingGasLimitSuccess | Byzantium (1/1) ... ok
   - SuicidesAndInternlCallSuicidesSuccess | EIP150 (1/2) ... ok
   - SuicidesAndInternlCallSuicidesSuccess | EIP150 (2/2) ... ok
   - SuicidesAndInternlCallSuicidesSuccess | EIP158 (1/2) ... ok
   - SuicidesAndInternlCallSuicidesSuccess | EIP158 (2/2) ... ok
   - SuicidesAndInternlCallSuicidesSuccess | Frontier (1/2) ... ok
   - SuicidesAndInternlCallSuicidesSuccess | Frontier (2/2) ... ok
   - SuicidesAndInternlCallSuicidesSuccess | Homestead (1/2) ... ok
   - SuicidesAndInternlCallSuicidesSuccess | Homestead (2/2) ... ok
   - SuicidesAndInternlCallSuicidesSuccess | Byzantium (1/2) ... ok
   - SuicidesAndInternlCallSuicidesSuccess | Byzantium (2/2) ... ok
   - TransactionToAddressh160minusOne | EIP150 (1/1) ... ok
   - TransactionToAddressh160minusOne | EIP158 (1/1) ... ok
   - TransactionToAddressh160minusOne | Frontier (1/1) ... ok
   - TransactionToAddressh160minusOne | Homestead (1/1) ... ok
   - TransactionToAddressh160minusOne | Byzantium (1/1) ... ok
   - SuicidesMixingCoinbase | EIP150 (1/2) ... ok
   - SuicidesMixingCoinbase | EIP150 (2/2) ... ok
   - SuicidesMixingCoinbase | EIP158 (1/2) ... ok
   - SuicidesMixingCoinbase | EIP158 (2/2) ... ok
   - SuicidesMixingCoinbase | Frontier (1/2) ... ok
   - SuicidesMixingCoinbase | Frontier (2/2) ... ok
   - SuicidesMixingCoinbase | Homestead (1/2) ... ok
   - SuicidesMixingCoinbase | Homestead (2/2) ... ok
   - SuicidesMixingCoinbase | Byzantium (1/2) ... ok
   - SuicidesMixingCoinbase | Byzantium (2/2) ... ok
   - InternlCallStoreClearsSucces | EIP150 (1/1) ... ok
   - InternlCallStoreClearsSucces | EIP158 (1/1) ... ok
   - InternlCallStoreClearsSucces | Frontier (1/1) ... ok
   - InternlCallStoreClearsSucces | Homestead (1/1) ... ok
   - InternlCallStoreClearsSucces | Byzantium (1/1) ... ok
   - TransactionNonceCheck | EIP150 (1/1) ... ok (Error(Execution(InvalidNonce { expected: 0xa, got: 0x0 }), State { next_error: None, backtrace: InternalBacktrace { backtrace: None } }))
   - TransactionNonceCheck | EIP158 (1/1) ... ok (Error(Execution(InvalidNonce { expected: 0xa, got: 0x0 }), State { next_error: None, backtrace: InternalBacktrace { backtrace: None } }))
ok
   - ecmul_1-2_0_28000_96_d0g1v0_Frontier...   - TransactionNonceCheck | Frontier (1/1) ... ok (Error(Execution(InvalidNonce { expected: 0xa, got: 0x0 }), State { next_error: None, backtrace: InternalBacktrace { backtrace: None } }))
   - CallRecursiveBombLog2 | Homestead (1/1) ... ok
   - TransactionNonceCheck | Homestead (1/1) ... ok (Error(Execution(InvalidNonce { expected: 0xa, got: 0x0 }), State { next_error: None, backtrace: InternalBacktrace { backtrace: None } }))
   - TransactionNonceCheck | Byzantium (1/1) ... ok (Error(Execution(InvalidNonce { expected: 0xa, got: 0x0 }), State { next_error: None, backtrace: InternalBacktrace { backtrace: None } }))
   - TransactionFromCoinbaseHittingBlockGasLimit | EIP150 (1/1) ... ok
   - TransactionFromCoinbaseHittingBlockGasLimit | EIP158 (1/1) ... ok
   - TransactionFromCoinbaseHittingBlockGasLimit | Frontier (1/1) ... ok
   - TransactionFromCoinbaseHittingBlockGasLimit | Homestead (1/1) ... ok
   - TransactionFromCoinbaseHittingBlockGasLimit | Byzantium (1/1) ... ok
   - SuicidesAndInternlCallSuicidesBonusGasAtCall | EIP150 (1/1) ... ok
   - SuicidesAndInternlCallSuicidesBonusGasAtCall | EIP158 (1/1) ... ok
   - SuicidesAndInternlCallSuicidesBonusGasAtCall | Frontier (1/1) ... ok
   - SuicidesAndInternlCallSuicidesBonusGasAtCall | Homestead (1/1) ... ok
   - SuicidesAndInternlCallSuicidesBonusGasAtCall | Byzantium (1/1) ... ok
   - OverflowGasRequire | EIP150 (1/1) ... ok (Error(Execution(BlockGasLimitReached { gas_limit: 0x7fffffffffffffff, gas_used: 0x0, gas: 0x100000000000000000000000000000000000000000000000000 }), State { next_error: None, backtrace: InternalBacktrace { backtrace: None } }))
   - OverflowGasRequire | EIP158 (1/1) ... ok (Error(Execution(BlockGasLimitReached { gas_limit: 0x7fffffffffffffff, gas_used: 0x0, gas: 0x100000000000000000000000000000000000000000000000000 }), State { next_error: None, backtrace: InternalBacktrace { backtrace: None } }))
   - OverflowGasRequire | Frontier (1/1) ... ok (Error(Execution(BlockGasLimitReached { gas_limit: 0x7fffffffffffffff, gas_used: 0x0, gas: 0x100000000000000000000000000000000000000000000000000 }), State { next_error: None, backtrace: InternalBacktrace { backtrace: None } }))
   - OverflowGasRequire | Homestead (1/1) ... ok (Error(Execution(BlockGasLimitReached { gas_limit: 0x7fffffffffffffff, gas_used: 0x0, gas: 0x100000000000000000000000000000000000000000000000000 }), State { next_error: None, backtrace: InternalBacktrace { backtrace: None } }))
   - OverflowGasRequire | Byzantium (1/1) ... ok (Error(Execution(BlockGasLimitReached { gas_limit: 0x7fffffffffffffff, gas_used: 0x0, gas: 0x100000000000000000000000000000000000000000000000000 }), State { next_error: None, backtrace: InternalBacktrace { backtrace: None } }))
   - CreateMessageReverted | EIP150 (1/1) ... ok
   - CreateMessageReverted | EIP158 (1/1) ... ok
   - CreateMessageReverted | Frontier (1/1) ... ok
   - CallRecursiveBombLog2 | Byzantium (1/1) ... ok
   - CreateMessageReverted | Homestead (1/1) ... ok
   - CreateMessageReverted | Byzantium (1/1) ... ok
   - TransactionToItselfNotEnoughFounds | EIP150 (1/1) ... ok (Error(Execution(NotEnoughCash { required: 0x67e8, got: 0x55f0 }), State { next_error: None, backtrace: InternalBacktrace { backtrace: None } }))
   - TransactionToItselfNotEnoughFounds | EIP158 (1/1) ... ok (Error(Execution(NotEnoughCash { required: 0x67e8, got: 0x55f0 }), State { next_error: None, backtrace: InternalBacktrace { backtrace: None } }))
   - TransactionToItselfNotEnoughFounds | Frontier (1/1) ... ok (Error(Execution(NotEnoughCash { required: 0x67e8, got: 0x55f0 }), State { next_error: None, backtrace: InternalBacktrace { backtrace: None } }))
   - TransactionToItselfNotEnoughFounds | Homestead (1/1) ... ok (Error(Execution(NotEnoughCash { required: 0x67e8, got: 0x55f0 }), State { next_error: None, backtrace: InternalBacktrace { backtrace: None } }))
   - TransactionToItselfNotEnoughFounds | Byzantium (1/1) ... ok (Error(Execution(NotEnoughCash { required: 0x67e8, got: 0x55f0 }), State { next_error: None, backtrace: InternalBacktrace { backtrace: None } }))
   - CreateMessageSuccess | EIP150 (1/1) ... ok
   - CreateMessageSuccess | EIP158 (1/1) ... ok
   - CreateMessageSuccess | Frontier (1/1) ... ok
   - CreateMessageSuccess | Homestead (1/1) ... ok
   - CreateMessageSuccess | Byzantium (1/1) ... ok
   - RefundOverflow | EIP150 (1/1) ... ok (Error(Execution(NotEnoughCash { required: 0x8000000000000188, got: 0x190 }), State { next_error: None, backtrace: InternalBacktrace { backtrace: None } }))
ok
   - ecmul_1-2_0_28000_96_d0g1v0_Homestead...   - RefundOverflow | EIP158 (1/1) ... ok (Error(Execution(NotEnoughCash { required: 0x8000000000000188, got: 0x190 }), State { next_error: None, backtrace: InternalBacktrace { backtrace: None } }))
   - RefundOverflow | Frontier (1/1) ... ok (Error(Execution(NotEnoughCash { required: 0x8000000000000188, got: 0x190 }), State { next_error: None, backtrace: InternalBacktrace { backtrace: None } }))
   - ABAcalls1 | EIP150 (1/1) ... ok
   - RefundOverflow | Homestead (1/1) ... ok (Error(Execution(NotEnoughCash { required: 0x8000000000000188, got: 0x190 }), State { next_error: None, backtrace: InternalBacktrace { backtrace: None } }))
   - RefundOverflow | Byzantium (1/1) ... ok (Error(Execution(NotEnoughCash { required: 0x8000000000000188, got: 0x190 }), State { next_error: None, backtrace: InternalBacktrace { backtrace: None } }))
   - ContractStoreClearsSuccess | EIP150 (1/1) ... ok
   - ContractStoreClearsSuccess | EIP158 (1/1) ... ok
   - ContractStoreClearsSuccess | Frontier (1/1) ... ok
   - ContractStoreClearsSuccess | Homestead (1/1) ... ok
   - ContractStoreClearsSuccess | Byzantium (1/1) ... ok
   - UserTransactionZeroCostWithData | EIP150 (1/2) ... ok
   - UserTransactionZeroCostWithData | EIP150 (2/2) ... ok
   - UserTransactionZeroCostWithData | EIP158 (1/2) ... ok
   - UserTransactionZeroCostWithData | EIP158 (2/2) ... ok
   - UserTransactionZeroCostWithData | Frontier (1/2) ... ok
   - UserTransactionZeroCostWithData | Frontier (2/2) ... ok
   - UserTransactionZeroCostWithData | Homestead (1/2) ... ok
   - UserTransactionZeroCostWithData | Homestead (2/2) ... ok
   - UserTransactionZeroCostWithData | Byzantium (1/2) ... ok
   - UserTransactionZeroCostWithData | Byzantium (2/2) ... ok
   - RefundOverflow2 | EIP150 (1/1) ... ok (Error(Execution(NotEnoughCash { required: 0x66666666666667a, got: 0x190 }), State { next_error: None, backtrace: InternalBacktrace { backtrace: None } }))
   - RefundOverflow2 | EIP158 (1/1) ... ok (Error(Execution(NotEnoughCash { required: 0x66666666666667a, got: 0x190 }), State { next_error: None, backtrace: InternalBacktrace { backtrace: None } }))
   - RefundOverflow2 | Frontier (1/1) ... ok (Error(Execution(NotEnoughCash { required: 0x66666666666667a, got: 0x190 }), State { next_error: None, backtrace: InternalBacktrace { backtrace: None } }))
   - RefundOverflow2 | Homestead (1/1) ... ok (Error(Execution(NotEnoughCash { required: 0x66666666666667a, got: 0x190 }), State { next_error: None, backtrace: InternalBacktrace { backtrace: None } }))
ok
   - RefundOverflow2 | Byzantium (1/1) ... ok (Error(Execution(NotEnoughCash { required: 0x66666666666667a, got: 0x190 }), State { next_error: None, backtrace: InternalBacktrace { backtrace: None } }))
   - ABAcalls1 | EIP158 (1/1) ... ok
   - InternalCallHittingGasLimit2 | EIP150 (1/1) ... ok
   - InternalCallHittingGasLimit2 | EIP158 (1/1) ... ok
   - ecmul_0-0_9_28000_128_d0g2v0_Byzantium...   - InternalCallHittingGasLimit2 | Frontier (1/1) ... ok
   - InternalCallHittingGasLimit2 | Homestead (1/1) ... ok
   - InternalCallHittingGasLimit2 | Byzantium (1/1) ... ok
   - TransactionFromCoinbaseHittingBlockGasLimit1 | EIP150 (1/1) ... ok (Error(Execution(BlockGasLimitReached { gas_limit: 0x526c, gas_used: 0x0, gas: 0x526d }), State { next_error: None, backtrace: InternalBacktrace { backtrace: None } }))
   - TransactionFromCoinbaseHittingBlockGasLimit1 | EIP158 (1/1) ... ok (Error(Execution(BlockGasLimitReached { gas_limit: 0x526c, gas_used: 0x0, gas: 0x526d }), State { next_error: None, backtrace: InternalBacktrace { backtrace: None } }))
   - TransactionFromCoinbaseHittingBlockGasLimit1 | Frontier (1/1) ... ok (Error(Execution(BlockGasLimitReached { gas_limit: 0x526c, gas_used: 0x0, gas: 0x526d }), State { next_error: None, backtrace: InternalBacktrace { backtrace: None } }))
   - TransactionFromCoinbaseHittingBlockGasLimit1 | Homestead (1/1) ... ok (Error(Execution(BlockGasLimitReached { gas_limit: 0x526c, gas_used: 0x0, gas: 0x526d }), State { next_error: None, backtrace: InternalBacktrace { backtrace: None } }))
   - TransactionFromCoinbaseHittingBlockGasLimit1 | Byzantium (1/1) ... ok (Error(Execution(BlockGasLimitReached { gas_limit: 0x526c, gas_used: 0x0, gas: 0x526d }), State { next_error: None, backtrace: InternalBacktrace { backtrace: None } }))
   - StoreGasOnCreate | EIP150 (1/1) ... ok
   - StoreGasOnCreate | EIP158 (1/1) ... ok
   - StoreGasOnCreate | Frontier (1/1) ... ok
   - StoreGasOnCreate | Homestead (1/1) ... ok
   - StoreGasOnCreate | Byzantium (1/1) ... ok
   - UserTransactionGasLimitIsTooLowWhenZeroCost | EIP150 (1/1) ... ok (Error(Execution(NotEnoughBaseGas { required: 0x5208, got: 0xc }), State { next_error: None, backtrace: InternalBacktrace { backtrace: None } }))
   - UserTransactionGasLimitIsTooLowWhenZeroCost | EIP158 (1/1) ... ok (Error(Execution(NotEnoughBaseGas { required: 0x5208, got: 0xc }), State { next_error: None, backtrace: InternalBacktrace { backtrace: None } }))
   - UserTransactionGasLimitIsTooLowWhenZeroCost | Frontier (1/1) ... ok (Error(Execution(NotEnoughBaseGas { required: 0x5208, got: 0xc }), State { next_error: None, backtrace: InternalBacktrace { backtrace: None } }))
   - UserTransactionGasLimitIsTooLowWhenZeroCost | Homestead (1/1) ... ok (Error(Execution(NotEnoughBaseGas { required: 0x5208, got: 0xc }), State { next_error: None, backtrace: InternalBacktrace { backtrace: None } }))
   - UserTransactionGasLimitIsTooLowWhenZeroCost | Byzantium (1/1) ... ok (Error(Execution(NotEnoughBaseGas { required: 0x5208, got: 0xc }), State { next_error: None, backtrace: InternalBacktrace { backtrace: None } }))
   - TransactionToItself | EIP150 (1/1) ... ok
   - TransactionToItself | EIP158 (1/1) ... ok
   - TransactionToItself | Frontier (1/1) ... ok
   - ABAcalls1 | Frontier (1/1) ... ok
   - TransactionToItself | Homestead (1/1) ... ok
   - TransactionToItself | Byzantium (1/1) ... ok
   - HighGasLimit | EIP150 (1/1) ... ok
   - HighGasLimit | EIP158 (1/1) ... ok
   - HighGasLimit | Frontier (1/1) ... ok
   - HighGasLimit | Homestead (1/1) ... ok
   - HighGasLimit | Byzantium (1/1) ... ok
   - CreateTransactionReverted | EIP150 (1/1) ... ok (Error(Execution(NotEnoughBaseGas { required: 0xd980, got: 0x5c7f }), State { next_error: None, backtrace: InternalBacktrace { backtrace: None } }))
   - CreateTransactionReverted | EIP158 (1/1) ... ok (Error(Execution(NotEnoughBaseGas { required: 0xd980, got: 0x5c7f }), State { next_error: None, backtrace: InternalBacktrace { backtrace: None } }))
   - CreateTransactionReverted | Frontier (1/1) ... ok (Error(Execution(NotEnoughBaseGas { required: 0x5c80, got: 0x5c7f }), State { next_error: None, backtrace: InternalBacktrace { backtrace: None } }))
ok
   - ecmul_0-0_9_28000_128_d0g2v0_EIP150...   - CreateTransactionReverted | Homestead (1/1) ... ok (Error(Execution(NotEnoughBaseGas { required: 0xd980, got: 0x5c7f }), State { next_error: None, backtrace: InternalBacktrace { backtrace: None } }))
   - CreateTransactionReverted | Byzantium (1/1) ... ok (Error(Execution(NotEnoughBaseGas { required: 0xd980, got: 0x5c7f }), State { next_error: None, backtrace: InternalBacktrace { backtrace: None } }))
   - TransactionNonceCheck2 | EIP150 (1/1) ... ok (Error(Execution(InvalidNonce { expected: 0x0, got: 0xa }), State { next_error: None, backtrace: InternalBacktrace { backtrace: None } }))
   - TransactionNonceCheck2 | EIP158 (1/1) ... ok (Error(Execution(InvalidNonce { expected: 0x0, got: 0xa }), State { next_error: None, backtrace: InternalBacktrace { backtrace: None } }))
   - TransactionNonceCheck2 | Frontier (1/1) ... ok (Error(Execution(InvalidNonce { expected: 0x0, got: 0xa }), State { next_error: None, backtrace: InternalBacktrace { backtrace: None } }))
   - TransactionNonceCheck2 | Homestead (1/1) ... ok (Error(Execution(InvalidNonce { expected: 0x0, got: 0xa }), State { next_error: None, backtrace: InternalBacktrace { backtrace: None } }))
   - TransactionNonceCheck2 | Byzantium (1/1) ... ok (Error(Execution(InvalidNonce { expected: 0x0, got: 0xa }), State { next_error: None, backtrace: InternalBacktrace { backtrace: None } }))
   - EmptyTransaction2 | EIP150 (1/1) ... ok
   - EmptyTransaction2 | EIP158 (1/1) ... ok
   - EmptyTransaction2 | Frontier (1/1) ... ok
   - EmptyTransaction2 | Homestead (1/1) ... ok
   - EmptyTransaction2 | Byzantium (1/1) ... ok
   - CreateTransactionSuccess | EIP150 (1/1) ... ok
   - CreateTransactionSuccess | EIP158 (1/1) ... ok
   - CreateTransactionSuccess | Frontier (1/1) ... ok
   - CreateTransactionSuccess | Homestead (1/1) ... ok
   - CreateTransactionSuccess | Byzantium (1/1) ... ok
   - TransactionFromCoinbaseNotEnoughFounds | EIP150 (1/1) ... ok (Error(Execution(NotEnoughCash { required: 0x67e8, got: 0x55f0 }), State { next_error: None, backtrace: InternalBacktrace { backtrace: None } }))
   - TransactionFromCoinbaseNotEnoughFounds | EIP158 (1/1) ... ok (Error(Execution(NotEnoughCash { required: 0x67e8, got: 0x55f0 }), State { next_error: None, backtrace: InternalBacktrace { backtrace: None } }))
   - TransactionFromCoinbaseNotEnoughFounds | Frontier (1/1) ... ok (Error(Execution(NotEnoughCash { required: 0x67e8, got: 0x55f0 }), State { next_error: None, backtrace: InternalBacktrace { backtrace: None } }))
   - TransactionFromCoinbaseNotEnoughFounds | Homestead (1/1) ... ok (Error(Execution(NotEnoughCash { required: 0x67e8, got: 0x55f0 }), State { next_error: None, backtrace: InternalBacktrace { backtrace: None } }))
   - TransactionFromCoinbaseNotEnoughFounds | Byzantium (1/1) ... ok (Error(Execution(NotEnoughCash { required: 0x67e8, got: 0x55f0 }), State { next_error: None, backtrace: InternalBacktrace { backtrace: None } }))
   - TransactionSendingToEmpty | EIP150 (1/1) ... ok
   - TransactionSendingToEmpty | EIP158 (1/1) ... ok
   - TransactionSendingToEmpty | Frontier (1/1) ... ok
   - TransactionSendingToEmpty | Homestead (1/1) ... ok
   - TransactionSendingToEmpty | Byzantium (1/1) ... ok
   - SuicidesStopAfterSuicide | EIP150 (1/1) ... ok
   - SuicidesStopAfterSuicide | EIP158 (1/1) ... ok
   - SuicidesStopAfterSuicide | Frontier (1/1) ... ok
   - SuicidesStopAfterSuicide | Homestead (1/1) ... ok
   - SuicidesStopAfterSuicide | Byzantium (1/1) ... ok
ok
   - ecmul_0-0_9_28000_128_d0g2v0_EIP158...   - ContractStoreClearsOOG | EIP150 (1/1) ... ok
   - ContractStoreClearsOOG | EIP158 (1/1) ... ok
   - ContractStoreClearsOOG | Frontier (1/1) ... ok
   - ContractStoreClearsOOG | Homestead (1/1) ... ok
   - ABAcalls1 | Homestead (1/1) ... ok
   - ContractStoreClearsOOG | Byzantium (1/1) ... ok
   - InternalCallHittingGasLimit | EIP150 (1/1) ... ok
   - InternalCallHittingGasLimit | EIP158 (1/1) ... ok
   - InternalCallHittingGasLimit | Frontier (1/1) ... ok
   - InternalCallHittingGasLimit | Homestead (1/1) ... ok
   - InternalCallHittingGasLimit | Byzantium (1/1) ... ok
   - OverflowGasRequire2 | EIP150 (1/1) ... ok
   - OverflowGasRequire2 | EIP158 (1/1) ... ok
   - OverflowGasRequire2 | Frontier (1/1) ... ok
   - OverflowGasRequire2 | Homestead (1/1) ... ok
   - OverflowGasRequire2 | Byzantium (1/1) ... ok
   - SuicidesAndInternlCallSuicidesBonusGasAtCallFailed | EIP150 (1/1) ... ok
   - SuicidesAndInternlCallSuicidesBonusGasAtCallFailed | EIP158 (1/1) ... ok
   - SuicidesAndInternlCallSuicidesBonusGasAtCallFailed | Frontier (1/1) ... ok
   - SuicidesAndInternlCallSuicidesBonusGasAtCallFailed | Homestead (1/1) ... ok
   - ABAcalls1 | Byzantium (1/1) ... ok
   - SuicidesAndInternlCallSuicidesBonusGasAtCallFailed | Byzantium (1/1) ... ok
   - CallToNameRegistratorMemOOGAndInsufficientBalance | EIP150 (1/1) ... ok
   - TransactionSendingToZero | EIP150 (1/1) ... ok
   - CallToNameRegistratorMemOOGAndInsufficientBalance | EIP158 (1/1) ... ok
   - TransactionSendingToZero | EIP158 (1/1) ... ok
   - TransactionSendingToZero | Frontier (1/1) ... ok
   - CallToNameRegistratorMemOOGAndInsufficientBalance | Frontier (1/1) ... ok
   - TransactionSendingToZero | Homestead (1/1) ... ok
   - CallToNameRegistratorMemOOGAndInsufficientBalance | Homestead (1/1) ... ok
   - TransactionSendingToZero | Byzantium (1/1) ... ok
   - CallToNameRegistratorMemOOGAndInsufficientBalance | Byzantium (1/1) ... ok
   - EmptyTransaction3 | EIP150 (1/1) ... ok
   - CallToNameRegistratorTooMuchMemory0 | EIP150 (1/1) ... ok
   - EmptyTransaction3 | EIP158 (1/1) ... ok
   - CallToNameRegistratorTooMuchMemory0 | EIP158 (1/1) ... ok
   - EmptyTransaction3 | Frontier (1/1) ... ok
   - CallToNameRegistratorTooMuchMemory0 | Frontier (1/1) ... ok
   - EmptyTransaction3 | Homestead (1/1) ... ok
   - CallToNameRegistratorTooMuchMemory0 | Homestead (1/1) ... ok
   - EmptyTransaction3 | Byzantium (1/1) ... ok
   - CallToNameRegistratorTooMuchMemory0 | Byzantium (1/1) ... ok
   - SuicidesAndInternlCallSuicidesOOG | EIP150 (1/1) ... ok
   - return2 | EIP150 (1/1) ... ok
   - SuicidesAndInternlCallSuicidesOOG | EIP158 (1/1) ... ok
   - SuicidesAndInternlCallSuicidesOOG | Frontier (1/1) ... ok
ok
   - ecmul_0-0_9_28000_128_d0g2v0_Frontier...   - SuicidesAndInternlCallSuicidesOOG | Homestead (1/1) ... ok
   - SuicidesAndInternlCallSuicidesOOG | Byzantium (1/1) ... ok
   - SuicidesAndSendMoneyToItselfEtherDestroyed | EIP150 (1/1) ... ok
   - SuicidesAndSendMoneyToItselfEtherDestroyed | EIP158 (1/1) ... ok
   - return2 | EIP158 (1/1) ... ok
   - return2 | Frontier (1/1) ... ok
   - return2 | Homestead (1/1) ... ok
   - return2 | Byzantium (1/1) ... ok
   - suicideNotExistingAccount | EIP150 (1/1) ... ok
   - suicideNotExistingAccount | EIP158 (1/1) ... ok
   - suicideNotExistingAccount | Frontier (1/1) ... ok
   - suicideNotExistingAccount | Homestead (1/1) ... ok
   - suicideNotExistingAccount | Byzantium (1/1) ... ok
   - SuicidesAndSendMoneyToItselfEtherDestroyed | Frontier (1/1) ... ok
   - callcodeToNameRegistratorAddresTooBigLeft | EIP150 (1/1) ... ok
   - SuicidesAndSendMoneyToItselfEtherDestroyed | Homestead (1/1) ... ok
   - callcodeToNameRegistratorAddresTooBigLeft | EIP158 (1/1) ... ok
   - SuicidesAndSendMoneyToItselfEtherDestroyed | Byzantium (1/1) ... ok
   - callcodeToNameRegistratorAddresTooBigLeft | Frontier (1/1) ... ok
   - callcodeToNameRegistratorAddresTooBigLeft | Homestead (1/1) ... ok
   - callcodeToNameRegistratorAddresTooBigLeft | Byzantium (1/1) ... ok
   - EmptyTransaction | EIP150 (1/1) ... ok (Error(Execution(NotEnoughBaseGas { required: 0xcf08, got: 0x0 }), State { next_error: None, backtrace: InternalBacktrace { backtrace: None } }))
   - EmptyTransaction | EIP158 (1/1) ... ok (Error(Execution(NotEnoughBaseGas { required: 0xcf08, got: 0x0 }), State { next_error: None, backtrace: InternalBacktrace { backtrace: None } }))
   - CallRecursiveBomb3 | EIP150 (1/1) ... ok
   - EmptyTransaction | Frontier (1/1) ... ok (Error(Execution(NotEnoughBaseGas { required: 0x5208, got: 0x0 }), State { next_error: None, backtrace: InternalBacktrace { backtrace: None } }))
   - EmptyTransaction | Homestead (1/1) ... ok (Error(Execution(NotEnoughBaseGas { required: 0xcf08, got: 0x0 }), State { next_error: None, backtrace: InternalBacktrace { backtrace: None } }))
   - CallRecursiveBomb3 | EIP158 (1/1) ... ok
ok
   - ecmul_0-0_9_28000_128_d0g2v0_Homestead...   - EmptyTransaction | Byzantium (1/1) ... ok (Error(Execution(NotEnoughBaseGas { required: 0xcf08, got: 0x0 }), State { next_error: None, backtrace: InternalBacktrace { backtrace: None } }))
   - UserTransactionZeroCost | EIP150 (1/1) ... ok
   - static_Call50000 | Byzantium (2/2) ... ok
   - UserTransactionZeroCost | EIP158 (1/1) ... ok
   - UserTransactionZeroCost | Frontier (1/1) ... ok
   - UserTransactionZeroCost | Homestead (1/1) ... ok
   - static_CallRipemd160_3 | EIP150 (1/1) ... ok
   - static_CallRipemd160_3 | EIP158 (1/1) ... ok
   - CallRecursiveBomb3 | Frontier (1/1) ... ok
   - UserTransactionZeroCost | Byzantium (1/1) ... ok
test json_tests::state::state_tests::GeneralStateTest_stTransactionTest ... ok
   - static_CallRipemd160_3 | Frontier (1/1) ... ok
   - createNameRegistratorPerTxsNotEnoughGasAfter | EIP150 (1/1) ... ok (Error(Execution(NotEnoughBaseGas { required: 0xd690, got: 0xb44d }), State { next_error: None, backtrace: InternalBacktrace { backtrace: None } }))
   - static_CallRipemd160_3 | Homestead (1/1) ... ok
   - static_CallRipemd160_3 | Byzantium (1/1) ... ok
   - static_callWithHighValueAndGasOOG | EIP150 (1/1) ... ok
   - static_callWithHighValueAndGasOOG | EIP158 (1/1) ... ok
   - createNameRegistratorPerTxsNotEnoughGasAfter | EIP158 (1/1) ... ok (Error(Execution(NotEnoughBaseGas { required: 0xd690, got: 0xb44d }), State { next_error: None, backtrace: InternalBacktrace { backtrace: None } }))
   - static_callWithHighValueAndGasOOG | Frontier (1/1) ... ok
   - createNameRegistratorPerTxsNotEnoughGasAfter | Frontier (1/1) ... ok
   - static_callWithHighValueAndGasOOG | Homestead (1/1) ... ok
   - createNameRegistratorPerTxsNotEnoughGasAfter | Homestead (1/1) ... ok (Error(Execution(NotEnoughBaseGas { required: 0xd690, got: 0xb44d }), State { next_error: None, backtrace: InternalBacktrace { backtrace: None } }))
   - static_callWithHighValueAndGasOOG | Byzantium (1/1) ... ok
   - static_callcodecallcodecall_110_OOGMAfter2 | EIP150 (1/3) ... ok
   - createNameRegistratorPerTxsNotEnoughGasAfter | Byzantium (1/1) ... ok (Error(Execution(NotEnoughBaseGas { required: 0xd690, got: 0xb44d }), State { next_error: None, backtrace: InternalBacktrace { backtrace: None } }))
   - CallRecursiveBomb3 | Homestead (1/1) ... ok
   - static_callcodecallcodecall_110_OOGMAfter2 | EIP150 (2/3) ... ok
   - createNameRegistratorPerTxsBefore | EIP150 (1/1) ... ok
   - static_callcodecallcodecall_110_OOGMAfter2 | EIP150 (3/3) ... ok
   - static_callcodecallcodecall_110_OOGMAfter2 | EIP158 (1/3) ... ok
   - createNameRegistratorPerTxsBefore | EIP158 (1/1) ... ok
   - CallRecursiveBomb3 | Byzantium (1/1) ... ok
   - static_callcodecallcodecall_110_OOGMAfter2 | EIP158 (2/3) ... ok
   - createNameRegistratorPerTxsBefore | Frontier (1/1) ... ok
   - static_callcodecallcodecall_110_OOGMAfter2 | EIP158 (3/3) ... ok
   - suicideCaller | EIP150 (1/1) ... ok
   - createNameRegistratorPerTxsBefore | Homestead (1/1) ... ok
   - suicideCaller | EIP158 (1/1) ... ok
   - createNameRegistratorPerTxsBefore | Byzantium (1/1) ... ok
   - suicideCaller | Frontier (1/1) ... ok
   - static_callcodecallcodecall_110_OOGMAfter2 | Frontier (1/3) ... ok
   - suicideCaller | Homestead (1/1) ... ok
   - static_callcodecallcodecall_110_OOGMAfter2 | Frontier (2/3) ... ok
   - suicideCaller | Byzantium (1/1) ... ok
   - static_callcodecallcodecall_110_OOGMAfter2 | Frontier (3/3) ... ok
   - createNameRegistratorZeroMem | EIP150 (1/1) ... ok
   - createNameRegistratorZeroMem | EIP158 (1/1) ... ok
   - createNameRegistratorPerTxsAt | EIP150 (1/1) ... ok
   - createNameRegistratorZeroMem | Frontier (1/1) ... ok
   - static_callcodecallcodecall_110_OOGMAfter2 | Homestead (1/3) ... ok
   - createNameRegistratorZeroMem | Homestead (1/1) ... ok
   - createNameRegistratorZeroMem | Byzantium (1/1) ... ok
   - static_callcodecallcodecall_110_OOGMAfter2 | Homestead (2/3) ... ok
   - createNameRegistratorPerTxsAt | EIP158 (1/1) ... ok
   - testRandomTest | EIP150 (1/1) ... ok
   - createNameRegistratorPerTxsAt | Frontier (1/1) ... ok
   - testRandomTest | EIP158 (1/1) ... ok
   - createNameRegistratorPerTxsAt | Homestead (1/1) ... ok
   - testRandomTest | Frontier (1/1) ... ok
   - static_callcodecallcodecall_110_OOGMAfter2 | Homestead (3/3) ... ok
   - createNameRegistratorPerTxsAt | Byzantium (1/1) ... ok
   - testRandomTest | Homestead (1/1) ... ok
   - static_callcodecallcodecall_110_OOGMAfter2 | Byzantium (1/3) ... ok
   - testRandomTest | Byzantium (1/1) ... ok
   - static_callcodecallcodecall_110_OOGMAfter2 | Byzantium (2/3) ... ok
   - createNameRegistratorZeroMemExpansion | EIP150 (1/1) ... ok
   - static_callcodecallcodecall_110_OOGMAfter2 | Byzantium (3/3) ... ok
   - createNameRegistratorZeroMemExpansion | EIP158 (1/1) ... ok
   - static_CallGoesOOGOnSecondLevel2 | EIP150 (1/2) ... ok
   - createNameRegistratorZeroMemExpansion | Frontier (1/1) ... ok
   - static_CallGoesOOGOnSecondLevel2 | EIP150 (2/2) ... ok
   - createNameRegistratorZeroMemExpansion | Homestead (1/1) ... ok
   - static_CallGoesOOGOnSecondLevel2 | EIP158 (1/2) ... ok
   - createNameRegistratorZeroMemExpansion | Byzantium (1/1) ... ok
   - static_CallGoesOOGOnSecondLevel2 | EIP158 (2/2) ... ok
   - createNameRegistratorPerTxsNotEnoughGasBefore | EIP150 (1/1) ... ok (Error(Execution(NotEnoughBaseGas { required: 0xd690, got: 0xb44d }), State { next_error: None, backtrace: InternalBacktrace { backtrace: None } }))
   - createNameRegistratorOOG_MemExpansionOOV | EIP150 (1/1) ... ok
   - static_CallGoesOOGOnSecondLevel2 | Frontier (1/2) ... ok
   - static_CallGoesOOGOnSecondLevel2 | Frontier (2/2) ... ok
   - createNameRegistratorPerTxsNotEnoughGasBefore | EIP158 (1/1) ... ok (Error(Execution(NotEnoughBaseGas { required: 0xd690, got: 0xb44d }), State { next_error: None, backtrace: InternalBacktrace { backtrace: None } }))
   - createNameRegistratorOOG_MemExpansionOOV | EIP158 (1/1) ... ok
   - static_CallGoesOOGOnSecondLevel2 | Homestead (1/2) ... ok
   - createNameRegistratorPerTxsNotEnoughGasBefore | Frontier (1/1) ... ok
   - createNameRegistratorOOG_MemExpansionOOV | Frontier (1/1) ... ok
   - static_CallGoesOOGOnSecondLevel2 | Homestead (2/2) ... ok
   - createNameRegistratorPerTxsNotEnoughGasBefore | Homestead (1/1) ... ok (Error(Execution(NotEnoughBaseGas { required: 0xd690, got: 0xb44d }), State { next_error: None, backtrace: InternalBacktrace { backtrace: None } }))
   - createNameRegistratorOOG_MemExpansionOOV | Homestead (1/1) ... ok
   - static_CallGoesOOGOnSecondLevel2 | Byzantium (1/2) ... ok
   - createNameRegistratorPerTxsNotEnoughGasBefore | Byzantium (1/1) ... ok (Error(Execution(NotEnoughBaseGas { required: 0xd690, got: 0xb44d }), State { next_error: None, backtrace: InternalBacktrace { backtrace: None } }))
   - createNameRegistratorOOG_MemExpansionOOV | Byzantium (1/1) ... ok
   - static_CallGoesOOGOnSecondLevel2 | Byzantium (2/2) ... ok
ok
   - static_CALL_ZeroVCallSuicide | EIP150 (1/1) ... ok
   - delegatecallBeforeTransition | EIP150 (1/1) ... ok
   - static_CALL_ZeroVCallSuicide | EIP158 (1/1) ... ok
   - delegatecallBeforeTransition | EIP158 (1/1) ... ok
   - delegatecallBeforeTransition | Frontier (1/1) ... ok
   - static_CALL_ZeroVCallSuicide | Frontier (1/1) ... ok
   - delegatecallBeforeTransition | Homestead (1/1) ... ok
   - static_CALL_ZeroVCallSuicide | Homestead (1/1) ... ok
   - ecmul_0-3_1_21000_96_d0g3v0_Byzantium...   - delegatecallBeforeTransition | Byzantium (1/1) ... ok
   - createNameRegistratorPerTxsNotEnoughGasAt | EIP150 (1/1) ... ok (Error(Execution(NotEnoughBaseGas { required: 0xd690, got: 0xb44d }), State { next_error: None, backtrace: InternalBacktrace { backtrace: None } }))
   - static_CALL_ZeroVCallSuicide | Byzantium (1/1) ... ok
   - createNameRegistratorPerTxsNotEnoughGasAt | EIP158 (1/1) ... ok (Error(Execution(NotEnoughBaseGas { required: 0xd690, got: 0xb44d }), State { next_error: None, backtrace: InternalBacktrace { backtrace: None } }))
   - static_Call50000_ecrec | EIP150 (1/2) ... ok
   - createNameRegistratorPerTxsNotEnoughGasAt | Frontier (1/1) ... ok
   - static_Call50000_ecrec | EIP150 (2/2) ... ok
   - createNameRegistratorPerTxsNotEnoughGasAt | Homestead (1/1) ... ok (Error(Execution(NotEnoughBaseGas { required: 0xd690, got: 0xb44d }), State { next_error: None, backtrace: InternalBacktrace { backtrace: None } }))
   - static_Call50000_ecrec | EIP158 (1/2) ... ok
   - createNameRegistratorPerTxsNotEnoughGasAt | Byzantium (1/1) ... ok (Error(Execution(NotEnoughBaseGas { required: 0xd690, got: 0xb44d }), State { next_error: None, backtrace: InternalBacktrace { backtrace: None } }))
   - static_Call50000_ecrec | EIP158 (2/2) ... ok
   - delegatecallAtTransition | EIP150 (1/1) ... ok
   - static_Call50000_ecrec | Frontier (1/2) ... ok
   - static_Call50000_ecrec | Frontier (2/2) ... ok
   - delegatecallAtTransition | EIP158 (1/1) ... ok
   - static_Call50000_ecrec | Homestead (1/2) ... ok
   - delegatecallAtTransition | Frontier (1/1) ... ok
   - static_Call50000_ecrec | Homestead (2/2) ... ok
   - delegatecallAtTransition | Homestead (1/1) ... ok
   - delegatecallAtTransition | Byzantium (1/1) ... ok
   - createNameRegistratorPerTxsAfter | EIP150 (1/1) ... ok
   - createNameRegistratorPerTxsAfter | EIP158 (1/1) ... ok
   - createNameRegistratorPerTxsAfter | Frontier (1/1) ... ok
   - createNameRegistratorPerTxsAfter | Homestead (1/1) ... ok
   - createNameRegistratorPerTxsAfter | Byzantium (1/1) ... ok
   - delegatecallAfterTransition | EIP150 (1/1) ... ok
   - delegatecallAfterTransition | EIP158 (1/1) ... ok
   - delegatecallAfterTransition | Frontier (1/1) ... ok
   - delegatecallAfterTransition | Homestead (1/1) ... ok
   - delegatecallAfterTransition | Byzantium (1/1) ... ok
test json_tests::state::state_tests::GeneralStateTest_stTransitionTest ... ok
   - dayLimitSetDailyLimit | EIP150 (1/1) ... ok
   - dayLimitSetDailyLimit | EIP158 (1/1) ... ok
   - dayLimitSetDailyLimit | Frontier (1/1) ... ok
   - dayLimitSetDailyLimit | Homestead (1/1) ... ok
   - ABAcalls2 | EIP150 (1/1) ... ok
   - dayLimitSetDailyLimit | Byzantium (1/1) ... ok
   - walletConfirm | EIP150 (1/1) ... ok
   - walletConfirm | EIP158 (1/1) ... ok
   - walletConfirm | Frontier (1/1) ... ok
   - walletConfirm | Homestead (1/1) ... ok
   - walletConfirm | Byzantium (1/1) ... ok
   - walletDefault | EIP150 (1/1) ... ok
   - walletDefault | EIP158 (1/1) ... ok
   - walletDefault | Frontier (1/1) ... ok
   - walletDefault | Homestead (1/1) ... ok
   - walletDefault | Byzantium (1/1) ... ok
   - walletKillToWallet | EIP150 (1/1) ... ok
   - walletKillToWallet | EIP158 (1/1) ... ok
   - walletKillToWallet | Frontier (1/1) ... ok
   - walletKillToWallet | Homestead (1/1) ... ok
   - walletKillToWallet | Byzantium (1/1) ... ok
   - walletKillNotByOwner | EIP150 (1/1) ... ok
   - ABAcalls2 | EIP158 (1/1) ... ok
ok
   - ecmul_0-3_1_21000_96_d0g3v0_EIP150...   - walletKillNotByOwner | EIP158 (1/1) ... ok
   - walletKillNotByOwner | Frontier (1/1) ... ok
   - walletKillNotByOwner | Homestead (1/1) ... ok
   - walletKillNotByOwner | Byzantium (1/1) ... ok
test json_tests::chain::block_tests::BlockchainTests_GeneralStateTest_stZeroKnowledge ... test json_tests::chain::block_tests::BlockchainTests_GeneralStateTest_stZeroKnowledge has been running for over 60 seconds
   - multiOwnedRemoveOwner_ownerIsNotOwner | EIP150 (1/1) ... ok
   - multiOwnedRemoveOwner_ownerIsNotOwner | EIP158 (1/1) ... ok
   - multiOwnedRemoveOwner_ownerIsNotOwner | Frontier (1/1) ... ok
   - multiOwnedRemoveOwner_ownerIsNotOwner | Homestead (1/1) ... ok
   - multiOwnedRemoveOwner_ownerIsNotOwner | Byzantium (1/1) ... ok
   - walletConstructionPartial | EIP150 (1/1) ... ok
   - walletConstructionPartial | EIP158 (1/1) ... ok
   - walletConstructionPartial | Frontier (1/1) ... ok
   - walletConstructionPartial | Homestead (1/1) ... ok
   - walletConstructionPartial | Byzantium (1/1) ... ok
   - dayLimitResetSpentToday | EIP150 (1/1) ... ok
   - dayLimitResetSpentToday | EIP158 (1/1) ... ok
   - dayLimitResetSpentToday | Frontier (1/1) ... ok
   - dayLimitResetSpentToday | Homestead (1/1) ... ok
   - dayLimitResetSpentToday | Byzantium (1/1) ... ok
   - dayLimitConstructionOOG | EIP150 (1/1) ... ok
   - dayLimitConstructionOOG | EIP158 (1/1) ... ok
   - dayLimitConstructionOOG | Frontier (1/1) ... ok
   - dayLimitConstructionOOG | Homestead (1/1) ... ok
   - dayLimitConstructionOOG | Byzantium (1/1) ... ok
   - multiOwnedRevokeNothing | EIP150 (1/1) ... ok
ok
   - ecmul_0-3_1_21000_96_d0g3v0_EIP158...   - multiOwnedRevokeNothing | EIP158 (1/1) ... ok
   - multiOwnedRevokeNothing | Frontier (1/1) ... ok
   - multiOwnedRevokeNothing | Homestead (1/1) ... ok
   - multiOwnedRevokeNothing | Byzantium (1/1) ... ok
   - ABAcalls2 | Frontier (1/1) ... ok
   - walletExecuteOverDailyLimitOnlyOneOwnerNew | EIP150 (1/1) ... ok
   - walletExecuteOverDailyLimitOnlyOneOwnerNew | EIP158 (1/1) ... ok
   - walletExecuteOverDailyLimitOnlyOneOwnerNew | Frontier (1/1) ... ok
   - walletExecuteOverDailyLimitOnlyOneOwnerNew | Homestead (1/1) ... ok
   - walletExecuteOverDailyLimitOnlyOneOwnerNew | Byzantium (1/1) ... ok
   - dayLimitConstruction | EIP150 (1/2) ... ok
   - dayLimitConstruction | EIP150 (2/2) ... ok
   - dayLimitConstruction | EIP158 (1/2) ... ok
   - dayLimitConstruction | EIP158 (2/2) ... ok
   - dayLimitConstruction | Frontier (1/2) ... ok
   - dayLimitConstruction | Frontier (2/2) ... ok
   - dayLimitConstruction | Homestead (1/2) ... ok
   - dayLimitConstruction | Homestead (2/2) ... ok
   - dayLimitConstruction | Byzantium (1/2) ... ok
   - dayLimitConstruction | Byzantium (2/2) ... ok
   - walletAddOwnerRemovePendingTransaction | EIP150 (1/1) ... ok
   - walletAddOwnerRemovePendingTransaction | EIP158 (1/1) ... ok
   - walletAddOwnerRemovePendingTransaction | Frontier (1/1) ... ok
   - walletAddOwnerRemovePendingTransaction | Homestead (1/1) ... ok
   - walletAddOwnerRemovePendingTransaction | Byzantium (1/1) ... ok
   - multiOwnedChangeOwner | EIP150 (1/1) ... ok
   - multiOwnedChangeOwner | EIP158 (1/1) ... ok
   - multiOwnedChangeOwner | Frontier (1/1) ... ok
   - multiOwnedChangeOwner | Homestead (1/1) ... ok
   - ABAcalls2 | Homestead (1/1) ... ok
   - multiOwnedChangeOwner | Byzantium (1/1) ... ok
   - multiOwnedAddOwnerAddMyself | EIP150 (1/1) ... ok
   - multiOwnedAddOwnerAddMyself | EIP158 (1/1) ... ok
   - multiOwnedAddOwnerAddMyself | Frontier (1/1) ... ok
   - multiOwnedAddOwnerAddMyself | Homestead (1/1) ... ok
   - multiOwnedAddOwnerAddMyself | Byzantium (1/1) ... ok
   - dayLimitSetDailyLimitNoData | EIP150 (1/1) ... ok
   - dayLimitSetDailyLimitNoData | EIP158 (1/1) ... ok
   - dayLimitSetDailyLimitNoData | Frontier (1/1) ... ok
   - static_Call50000_ecrec | Byzantium (1/2) ... ok
   - dayLimitSetDailyLimitNoData | Homestead (1/1) ... ok
ok
   - ecmul_0-3_1_21000_96_d0g3v0_Frontier...   - dayLimitSetDailyLimitNoData | Byzantium (1/1) ... ok
   - multiOwnedConstructionCorrect | EIP150 (1/1) ... ok
   - multiOwnedConstructionCorrect | EIP158 (1/1) ... ok
   - multiOwnedConstructionCorrect | Frontier (1/1) ... ok
   - ABAcalls2 | Byzantium (1/1) ... ok
   - multiOwnedConstructionCorrect | Homestead (1/1) ... ok
   - multiOwnedConstructionCorrect | Byzantium (1/1) ... ok
   - walletRemoveOwnerRemovePendingTransaction | EIP150 (1/1) ... ok
   - walletRemoveOwnerRemovePendingTransaction | EIP158 (1/1) ... ok
   - walletRemoveOwnerRemovePendingTransaction | Frontier (1/1) ... ok
   - walletRemoveOwnerRemovePendingTransaction | Homestead (1/1) ... ok
   - walletRemoveOwnerRemovePendingTransaction | Byzantium (1/1) ... ok
   - walletExecuteOverDailyLimitMultiOwner | EIP150 (1/1) ... ok
   - walletExecuteOverDailyLimitMultiOwner | EIP158 (1/1) ... ok
   - walletExecuteOverDailyLimitMultiOwner | Frontier (1/1) ... ok
   - walletExecuteOverDailyLimitMultiOwner | Homestead (1/1) ... ok
   - walletExecuteOverDailyLimitMultiOwner | Byzantium (1/1) ... ok
   - walletKill | EIP150 (1/1) ... ok
   - CallRecursiveBomb1 | EIP150 (1/1) ... ok
   - walletKill | EIP158 (1/1) ... ok
   - walletKill | Frontier (1/1) ... ok
   - walletKill | Homestead (1/1) ... ok
   - walletKill | Byzantium (1/1) ... ok
   - CallRecursiveBomb1 | EIP158 (1/1) ... ok
   - multiOwnedChangeOwner_fromNotOwner | EIP150 (1/1) ... ok
   - multiOwnedChangeOwner_fromNotOwner | EIP158 (1/1) ... ok
   - multiOwnedChangeOwner_fromNotOwner | Frontier (1/1) ... ok
ok
   - ecmul_0-3_1_21000_96_d0g3v0_Homestead...   - multiOwnedChangeOwner_fromNotOwner | Homestead (1/1) ... ok
   - multiOwnedChangeOwner_fromNotOwner | Byzantium (1/1) ... ok
   - walletConstruction | EIP150 (1/2) ... ok
   - walletConstruction | EIP150 (2/2) ... ok
   - walletConstruction | EIP158 (1/2) ... ok
   - walletConstruction | EIP158 (2/2) ... ok
   - walletConstruction | Frontier (1/2) ... ok
   - walletConstruction | Frontier (2/2) ... ok
   - walletConstruction | Homestead (1/2) ... ok
   - walletConstruction | Homestead (2/2) ... ok
   - walletConstruction | Byzantium (1/2) ... ok
   - CallRecursiveBomb1 | Frontier (1/1) ... ok
ok
   - walletConstruction | Byzantium (2/2) ... ok
   - multiOwnedRemoveOwnerByNonOwner | EIP150 (1/1) ... ok
   - multiOwnedRemoveOwnerByNonOwner | EIP158 (1/1) ... ok
   - ecmul_1-3_0_28000_96_d0g0v0_Byzantium...   - multiOwnedRemoveOwnerByNonOwner | Frontier (1/1) ... ok
   - multiOwnedRemoveOwnerByNonOwner | Homestead (1/1) ... ok
   - multiOwnedRemoveOwnerByNonOwner | Byzantium (1/1) ... ok
   - multiOwnedRemoveOwner | EIP150 (1/1) ... ok
   - multiOwnedRemoveOwner | EIP158 (1/1) ... ok
   - multiOwnedRemoveOwner | Frontier (1/1) ... ok
   - multiOwnedRemoveOwner | Homestead (1/1) ... ok
   - multiOwnedRemoveOwner | Byzantium (1/1) ... ok
   - walletExecuteOverDailyLimitOnlyOneOwner | EIP150 (1/1) ... ok
   - walletExecuteOverDailyLimitOnlyOneOwner | EIP158 (1/1) ... ok
   - walletExecuteOverDailyLimitOnlyOneOwner | Frontier (1/1) ... ok
   - walletExecuteOverDailyLimitOnlyOneOwner | Homestead (1/1) ... ok
   - walletExecuteOverDailyLimitOnlyOneOwner | Byzantium (1/1) ... ok
   - multiOwnedAddOwner | EIP150 (1/1) ... ok
   - multiOwnedAddOwner | EIP158 (1/1) ... ok
   - multiOwnedAddOwner | Frontier (1/1) ... ok
   - multiOwnedAddOwner | Homestead (1/1) ... ok
   - CallRecursiveBomb1 | Homestead (1/1) ... ok
   - multiOwnedAddOwner | Byzantium (1/1) ... ok
   - walletExecuteUnderDailyLimit | EIP150 (1/1) ... ok
   - walletExecuteUnderDailyLimit | EIP158 (1/1) ... ok
   - walletExecuteUnderDailyLimit | Frontier (1/1) ... ok
   - walletExecuteUnderDailyLimit | Homestead (1/1) ... ok
   - walletExecuteUnderDailyLimit | Byzantium (1/1) ... ok
   - multiOwnedRemoveOwner_mySelf | EIP150 (1/1) ... ok
   - multiOwnedRemoveOwner_mySelf | EIP158 (1/1) ... ok
   - multiOwnedRemoveOwner_mySelf | Frontier (1/1) ... ok
   - multiOwnedRemoveOwner_mySelf | Homestead (1/1) ... ok
   - CallRecursiveBomb1 | Byzantium (1/1) ... ok
test json_tests::state::state_tests::GeneralStateTest_stSystemOperationsTest ... ok
   - multiOwnedRemoveOwner_mySelf | Byzantium (1/1) ... ok
   - multiOwnedIsOwnerFalse | EIP150 (1/1) ... ok
   - multiOwnedIsOwnerFalse | EIP158 (1/1) ... ok
   - ZeroValue_SUICIDE_ToNonZeroBalance_OOGRevert | EIP150 (1/1) ... ok
   - multiOwnedIsOwnerFalse | Frontier (1/1) ... ok
ok
   - ecmul_1-3_0_28000_96_d0g0v0_EIP150...   - multiOwnedIsOwnerFalse | Homestead (1/1) ... ok
   - ZeroValue_SUICIDE_ToNonZeroBalance_OOGRevert | EIP158 (1/1) ... ok
   - multiOwnedIsOwnerFalse | Byzantium (1/1) ... ok
   - ZeroValue_SUICIDE_ToNonZeroBalance_OOGRevert | Frontier (1/1) ... ok
   - ZeroValue_SUICIDE_ToNonZeroBalance_OOGRevert | Homestead (1/1) ... ok
   - dayLimitConstructionPartial | EIP150 (1/1) ... ok
   - ZeroValue_SUICIDE_ToNonZeroBalance_OOGRevert | Byzantium (1/1) ... ok
   - dayLimitConstructionPartial | EIP158 (1/1) ... ok
   - ZeroValue_TransactionCALL_ToEmpty_OOGRevert | EIP150 (1/1) ... ok (Error(Execution(NotEnoughBaseGas { required: 0x5208, got: 0x4e20 }), State { next_error: None, backtrace: InternalBacktrace { backtrace: None } }))
   - dayLimitConstructionPartial | Frontier (1/1) ... ok
   - ZeroValue_TransactionCALL_ToEmpty_OOGRevert | EIP158 (1/1) ... ok (Error(Execution(NotEnoughBaseGas { required: 0x5208, got: 0x4e20 }), State { next_error: None, backtrace: InternalBacktrace { backtrace: None } }))
   - dayLimitConstructionPartial | Homestead (1/1) ... ok
   - ZeroValue_TransactionCALL_ToEmpty_OOGRevert | Frontier (1/1) ... ok (Error(Execution(NotEnoughBaseGas { required: 0x5208, got: 0x4e20 }), State { next_error: None, backtrace: InternalBacktrace { backtrace: None } }))
   - ZeroValue_TransactionCALL_ToEmpty_OOGRevert | Homestead (1/1) ... ok (Error(Execution(NotEnoughBaseGas { required: 0x5208, got: 0x4e20 }), State { next_error: None, backtrace: InternalBacktrace { backtrace: None } }))
   - dayLimitConstructionPartial | Byzantium (1/1) ... ok
   - ZeroValue_TransactionCALL_ToEmpty_OOGRevert | Byzantium (1/1) ... ok (Error(Execution(NotEnoughBaseGas { required: 0x5208, got: 0x4e20 }), State { next_error: None, backtrace: InternalBacktrace { backtrace: None } }))
   - multiOwnedIsOwnerTrue | EIP150 (1/1) ... ok
   - ZeroValue_CALLCODE_ToEmpty_OOGRevert | EIP150 (1/1) ... ok
   - multiOwnedIsOwnerTrue | EIP158 (1/1) ... ok
   - ZeroValue_CALLCODE_ToEmpty_OOGRevert | EIP158 (1/1) ... ok
   - multiOwnedIsOwnerTrue | Frontier (1/1) ... ok
   - ZeroValue_CALLCODE_ToEmpty_OOGRevert | Frontier (1/1) ... ok
   - ZeroValue_CALLCODE_ToEmpty_OOGRevert | Homestead (1/1) ... ok
   - multiOwnedIsOwnerTrue | Homestead (1/1) ... ok
   - multiOwnedIsOwnerTrue | Byzantium (1/1) ... ok
   - ZeroValue_CALLCODE_ToEmpty_OOGRevert | Byzantium (1/1) ... ok
   - ZeroValue_DELEGATECALL_ToEmpty_OOGRevert | EIP150 (1/1) ... ok
   - multiOwnedChangeOwner_toIsOwner | EIP150 (1/1) ... ok
   - ZeroValue_DELEGATECALL_ToEmpty_OOGRevert | EIP158 (1/1) ... ok
   - multiOwnedChangeOwner_toIsOwner | EIP158 (1/1) ... ok
   - ZeroValue_DELEGATECALL_ToEmpty_OOGRevert | Frontier (1/1) ... ok
   - multiOwnedChangeOwner_toIsOwner | Frontier (1/1) ... ok
   - ZeroValue_DELEGATECALL_ToEmpty_OOGRevert | Homestead (1/1) ... ok
   - multiOwnedChangeOwner_toIsOwner | Homestead (1/1) ... ok
   - ZeroValue_DELEGATECALL_ToEmpty_OOGRevert | Byzantium (1/1) ... ok
   - ZeroValue_CALL_ToOneStorageKey_OOGRevert | EIP150 (1/1) ... ok
   - multiOwnedChangeOwner_toIsOwner | Byzantium (1/1) ... ok
   - ZeroValue_CALL_ToOneStorageKey_OOGRevert | EIP158 (1/1) ... ok
   - ZeroValue_CALL_ToOneStorageKey_OOGRevert | Frontier (1/1) ... ok
   - walletChangeOwnerRemovePendingTransaction | EIP150 (1/1) ... ok
   - ZeroValue_CALL_ToOneStorageKey_OOGRevert | Homestead (1/1) ... ok
   - ZeroValue_CALL_ToOneStorageKey_OOGRevert | Byzantium (1/1) ... ok
   - walletChangeOwnerRemovePendingTransaction | EIP158 (1/1) ... ok
   - ZeroValue_TransactionCALLwithData_OOGRevert | EIP150 (1/1) ... ok (Error(Execution(NotEnoughBaseGas { required: 0x17b88, got: 0xea60 }), State { next_error: None, backtrace: InternalBacktrace { backtrace: None } }))
   - walletChangeOwnerRemovePendingTransaction | Frontier (1/1) ... ok
   - ZeroValue_TransactionCALLwithData_OOGRevert | EIP158 (1/1) ... ok (Error(Execution(NotEnoughBaseGas { required: 0x17b88, got: 0xea60 }), State { next_error: None, backtrace: InternalBacktrace { backtrace: None } }))
   - walletChangeOwnerRemovePendingTransaction | Homestead (1/1) ... ok
   - ZeroValue_TransactionCALLwithData_OOGRevert | Frontier (1/1) ... ok (Error(Execution(NotEnoughBaseGas { required: 0x17b88, got: 0xea60 }), State { next_error: None, backtrace: InternalBacktrace { backtrace: None } }))
   - walletChangeOwnerRemovePendingTransaction | Byzantium (1/1) ... ok
   - multiOwnedConstructionNotEnoughGasPartial | EIP150 (1/1) ... ok
   - multiOwnedConstructionNotEnoughGasPartial | EIP158 (1/1) ... ok
   - multiOwnedConstructionNotEnoughGasPartial | Frontier (1/1) ... ok
   - multiOwnedConstructionNotEnoughGasPartial | Homestead (1/1) ... ok
   - ZeroValue_TransactionCALLwithData_OOGRevert | Homestead (1/1) ... ok (Error(Execution(NotEnoughBaseGas { required: 0x17b88, got: 0xea60 }), State { next_error: None, backtrace: InternalBacktrace { backtrace: None } }))
   - multiOwnedConstructionNotEnoughGasPartial | Byzantium (1/1) ... ok
   - ZeroValue_TransactionCALLwithData_OOGRevert | Byzantium (1/1) ... ok (Error(Execution(NotEnoughBaseGas { required: 0x17b88, got: 0xea60 }), State { next_error: None, backtrace: InternalBacktrace { backtrace: None } }))
ok
   - ecmul_1-3_0_28000_96_d0g0v0_EIP158...   - multiOwnedChangeRequirementTo0 | EIP150 (1/1) ... ok
   - ZeroValue_CALL_ToEmpty_OOGRevert | EIP150 (1/1) ... ok
   - ZeroValue_CALL_ToEmpty_OOGRevert | EIP158 (1/1) ... ok
   - multiOwnedChangeRequirementTo0 | EIP158 (1/1) ... ok
   - ZeroValue_CALL_ToEmpty_OOGRevert | Frontier (1/1) ... ok
   - multiOwnedChangeRequirementTo0 | Frontier (1/1) ... ok
   - ZeroValue_CALL_ToEmpty_OOGRevert | Homestead (1/1) ... ok
   - multiOwnedChangeRequirementTo0 | Homestead (1/1) ... ok
   - ZeroValue_CALL_ToEmpty_OOGRevert | Byzantium (1/1) ... ok
   - multiOwnedChangeRequirementTo0 | Byzantium (1/1) ... ok
   - ZeroValue_TransactionCALLwithData_ToOneStorageKey_OOGRevert | EIP150 (1/1) ... ok (Error(Execution(NotEnoughBaseGas { required: 0x16208, got: 0x124f8 }), State { next_error: None, backtrace: InternalBacktrace { backtrace: None } }))
   - multiOwnedChangeRequirementTo1 | EIP150 (1/1) ... ok
   - ZeroValue_TransactionCALLwithData_ToOneStorageKey_OOGRevert | EIP158 (1/1) ... ok (Error(Execution(NotEnoughBaseGas { required: 0x16208, got: 0x124f8 }), State { next_error: None, backtrace: InternalBacktrace { backtrace: None } }))
   - ZeroValue_TransactionCALLwithData_ToOneStorageKey_OOGRevert | Frontier (1/1) ... ok (Error(Execution(NotEnoughBaseGas { required: 0x16208, got: 0x124f8 }), State { next_error: None, backtrace: InternalBacktrace { backtrace: None } }))
   - multiOwnedChangeRequirementTo1 | EIP158 (1/1) ... ok
   - ZeroValue_TransactionCALLwithData_ToOneStorageKey_OOGRevert | Homestead (1/1) ... ok (Error(Execution(NotEnoughBaseGas { required: 0x16208, got: 0x124f8 }), State { next_error: None, backtrace: InternalBacktrace { backtrace: None } }))
   - multiOwnedChangeRequirementTo1 | Frontier (1/1) ... ok
   - ZeroValue_TransactionCALLwithData_ToOneStorageKey_OOGRevert | Byzantium (1/1) ... ok (Error(Execution(NotEnoughBaseGas { required: 0x16208, got: 0x124f8 }), State { next_error: None, backtrace: InternalBacktrace { backtrace: None } }))
   - multiOwnedChangeRequirementTo1 | Homestead (1/1) ... ok
   - ZeroValue_SUICIDE_ToEmpty_OOGRevert | EIP150 (1/1) ... ok
   - ZeroValue_SUICIDE_ToEmpty_OOGRevert | EIP158 (1/1) ... ok
   - multiOwnedChangeRequirementTo1 | Byzantium (1/1) ... ok
   - ZeroValue_SUICIDE_ToEmpty_OOGRevert | Frontier (1/1) ... ok
   - walletDefaultWithOutValue | EIP150 (1/1) ... ok
   - ZeroValue_SUICIDE_ToEmpty_OOGRevert | Homestead (1/1) ... ok
   - walletDefaultWithOutValue | EIP158 (1/1) ... ok
   - ZeroValue_SUICIDE_ToEmpty_OOGRevert | Byzantium (1/1) ... ok
   - walletDefaultWithOutValue | Frontier (1/1) ... ok
   - ZeroValue_CALL_OOGRevert | EIP150 (1/1) ... ok
   - walletDefaultWithOutValue | Homestead (1/1) ... ok
   - ZeroValue_CALL_OOGRevert | EIP158 (1/1) ... ok
   - walletDefaultWithOutValue | Byzantium (1/1) ... ok
   - ZeroValue_CALL_OOGRevert | Frontier (1/1) ... ok
   - ZeroValue_CALL_OOGRevert | Homestead (1/1) ... ok
   - walletChangeRequirementRemovePendingTransaction | EIP150 (1/1) ... ok
   - ZeroValue_CALL_OOGRevert | Byzantium (1/1) ... ok
   - walletChangeRequirementRemovePendingTransaction | EIP158 (1/1) ... ok
   - ZeroValue_CALLCODE_ToOneStorageKey_OOGRevert | EIP150 (1/1) ... ok
   - ZeroValue_CALLCODE_ToOneStorageKey_OOGRevert | EIP158 (1/1) ... ok
   - walletChangeRequirementRemovePendingTransaction | Frontier (1/1) ... ok
   - ZeroValue_CALLCODE_ToOneStorageKey_OOGRevert | Frontier (1/1) ... ok
   - ZeroValue_CALLCODE_ToOneStorageKey_OOGRevert | Homestead (1/1) ... ok
   - walletChangeRequirementRemovePendingTransaction | Homestead (1/1) ... ok
   - ZeroValue_CALLCODE_ToOneStorageKey_OOGRevert | Byzantium (1/1) ... ok
   - walletChangeRequirementRemovePendingTransaction | Byzantium (1/1) ... ok
   - walletConstructionOOG | EIP150 (1/2) ... ok
   - walletConstructionOOG | EIP150 (2/2) ... ok
   - walletConstructionOOG | EIP158 (1/2) ... ok
   - walletConstructionOOG | EIP158 (2/2) ... ok
   - walletConstructionOOG | Frontier (1/2) ... ok
   - walletConstructionOOG | Frontier (2/2) ... ok
   - ZeroValue_DELEGATECALL_ToOneStorageKey_OOGRevert | EIP150 (1/1) ... ok
   - walletConstructionOOG | Homestead (1/2) ... ok
   - ZeroValue_DELEGATECALL_ToOneStorageKey_OOGRevert | EIP158 (1/1) ... ok
   - walletConstructionOOG | Homestead (2/2) ... ok
   - ZeroValue_DELEGATECALL_ToOneStorageKey_OOGRevert | Frontier (1/1) ... ok
   - ZeroValue_DELEGATECALL_ToOneStorageKey_OOGRevert | Homestead (1/1) ... ok
   - walletConstructionOOG | Byzantium (1/2) ... ok
   - ZeroValue_DELEGATECALL_ToOneStorageKey_OOGRevert | Byzantium (1/1) ... ok
   - walletConstructionOOG | Byzantium (2/2) ... ok
   - ZeroValue_SUICIDE_OOGRevert | EIP150 (1/1) ... ok
   - ZeroValue_SUICIDE_OOGRevert | EIP158 (1/1) ... ok
   - multiOwnedChangeOwnerNoArgument | EIP150 (1/1) ... ok
   - multiOwnedChangeOwnerNoArgument | EIP158 (1/1) ... ok
   - multiOwnedChangeOwnerNoArgument | Frontier (1/1) ... ok
   - multiOwnedChangeOwnerNoArgument | Homestead (1/1) ... ok
   - ZeroValue_SUICIDE_OOGRevert | Frontier (1/1) ... ok
   - multiOwnedChangeOwnerNoArgument | Byzantium (1/1) ... ok
   - ZeroValue_SUICIDE_OOGRevert | Homestead (1/1) ... ok
   - multiOwnedConstructionNotEnoughGas | EIP150 (1/1) ... ok
   - ZeroValue_SUICIDE_OOGRevert | Byzantium (1/1) ... ok
   - multiOwnedConstructionNotEnoughGas | EIP158 (1/1) ... ok
   - ZeroValue_TransactionCALLwithData_ToNonZeroBalance_OOGRevert | EIP150 (1/1) ... ok (Error(Execution(NotEnoughBaseGas { required: 0x14008, got: 0xea60 }), State { next_error: None, backtrace: InternalBacktrace { backtrace: None } }))
   - multiOwnedConstructionNotEnoughGas | Frontier (1/1) ... ok
   - ZeroValue_TransactionCALLwithData_ToNonZeroBalance_OOGRevert | EIP158 (1/1) ... ok (Error(Execution(NotEnoughBaseGas { required: 0x14008, got: 0xea60 }), State { next_error: None, backtrace: InternalBacktrace { backtrace: None } }))
   - multiOwnedConstructionNotEnoughGas | Homestead (1/1) ... ok
   - ZeroValue_TransactionCALLwithData_ToNonZeroBalance_OOGRevert | Frontier (1/1) ... ok (Error(Execution(NotEnoughBaseGas { required: 0x14008, got: 0xea60 }), State { next_error: None, backtrace: InternalBacktrace { backtrace: None } }))
   - ZeroValue_TransactionCALLwithData_ToNonZeroBalance_OOGRevert | Homestead (1/1) ... ok (Error(Execution(NotEnoughBaseGas { required: 0x14008, got: 0xea60 }), State { next_error: None, backtrace: InternalBacktrace { backtrace: None } }))
   - multiOwnedConstructionNotEnoughGas | Byzantium (1/1) ... ok
   - ZeroValue_TransactionCALLwithData_ToNonZeroBalance_OOGRevert | Byzantium (1/1) ... ok (Error(Execution(NotEnoughBaseGas { required: 0x14008, got: 0xea60 }), State { next_error: None, backtrace: InternalBacktrace { backtrace: None } }))
   - multiOwnedChangeRequirementTo2 | EIP150 (1/1) ... ok
   - ZeroValue_CALLCODE_OOGRevert | EIP150 (1/1) ... ok
   - multiOwnedChangeRequirementTo2 | EIP158 (1/1) ... ok
   - ZeroValue_CALLCODE_OOGRevert | EIP158 (1/1) ... ok
   - multiOwnedChangeRequirementTo2 | Frontier (1/1) ... ok
   - ZeroValue_CALLCODE_OOGRevert | Frontier (1/1) ... ok
   - multiOwnedChangeRequirementTo2 | Homestead (1/1) ... ok
   - ZeroValue_CALLCODE_OOGRevert | Homestead (1/1) ... ok
   - multiOwnedChangeRequirementTo2 | Byzantium (1/1) ... ok
test json_tests::state::state_tests::GeneralStateTest_stWalletTest ... ok
   - ZeroValue_CALLCODE_OOGRevert | Byzantium (1/1) ... ok
   - ZeroValue_DELEGATECALL_ToNonZeroBalance_OOGRevert | EIP150 (1/1) ... ok
   - ZeroValue_DELEGATECALL_ToNonZeroBalance_OOGRevert | EIP158 (1/1) ... ok
   - ZeroValue_DELEGATECALL_ToNonZeroBalance_OOGRevert | Frontier (1/1) ... ok
ok
   - ecmul_1-3_0_28000_96_d0g0v0_Frontier...   - ZeroValue_DELEGATECALL_ToNonZeroBalance_OOGRevert | Homestead (1/1) ... ok
   - ZeroValue_TransactionCALLwithData_ToNonZeroBalance | EIP150 (1/1) ... ok
   - ZeroValue_DELEGATECALL_ToNonZeroBalance_OOGRevert | Byzantium (1/1) ... ok
   - ZeroValue_SUICIDE_ToOneStorageKey_OOGRevert | EIP150 (1/1) ... ok
   - ZeroValue_SUICIDE_ToOneStorageKey_OOGRevert | EIP158 (1/1) ... ok
   - ZeroValue_SUICIDE_ToOneStorageKey_OOGRevert | Frontier (1/1) ... ok
   - ZeroValue_SUICIDE_ToOneStorageKey_OOGRevert | Homestead (1/1) ... ok
   - ZeroValue_SUICIDE_ToOneStorageKey_OOGRevert | Byzantium (1/1) ... ok
   - ZeroValue_TransactionCALL_ToNonZeroBalance_OOGRevert | EIP150 (1/1) ... ok (Error(Execution(NotEnoughBaseGas { required: 0x5208, got: 0x4e20 }), State { next_error: None, backtrace: InternalBacktrace { backtrace: None } }))
   - ZeroValue_TransactionCALL_ToNonZeroBalance_OOGRevert | EIP158 (1/1) ... ok (Error(Execution(NotEnoughBaseGas { required: 0x5208, got: 0x4e20 }), State { next_error: None, backtrace: InternalBacktrace { backtrace: None } }))
   - ZeroValue_TransactionCALL_ToNonZeroBalance_OOGRevert | Frontier (1/1) ... ok (Error(Execution(NotEnoughBaseGas { required: 0x5208, got: 0x4e20 }), State { next_error: None, backtrace: InternalBacktrace { backtrace: None } }))
   - ZeroValue_TransactionCALL_ToNonZeroBalance_OOGRevert | Homestead (1/1) ... ok (Error(Execution(NotEnoughBaseGas { required: 0x5208, got: 0x4e20 }), State { next_error: None, backtrace: InternalBacktrace { backtrace: None } }))
   - ZeroValue_TransactionCALLwithData_ToNonZeroBalance | EIP158 (1/1) ... ok
   - ZeroValue_TransactionCALL_ToNonZeroBalance_OOGRevert | Byzantium (1/1) ... ok (Error(Execution(NotEnoughBaseGas { required: 0x5208, got: 0x4e20 }), State { next_error: None, backtrace: InternalBacktrace { backtrace: None } }))
   - ZeroValue_TransactionCALLwithData_ToNonZeroBalance | Frontier (1/1) ... ok
   - ZeroValue_TransactionCALLwithData_ToNonZeroBalance | Homestead (1/1) ... ok
   - ZeroValue_TransactionCALL_ToOneStorageKey_OOGRevert | EIP150 (1/1) ... ok (Error(Execution(NotEnoughBaseGas { required: 0x5208, got: 0x4e20 }), State { next_error: None, backtrace: InternalBacktrace { backtrace: None } }))
   - ZeroValue_TransactionCALL_ToOneStorageKey_OOGRevert | EIP158 (1/1) ... ok (Error(Execution(NotEnoughBaseGas { required: 0x5208, got: 0x4e20 }), State { next_error: None, backtrace: InternalBacktrace { backtrace: None } }))
   - ZeroValue_TransactionCALLwithData_ToNonZeroBalance | Byzantium (1/1) ... ok
   - ZeroValue_TransactionCALL_ToOneStorageKey_OOGRevert | Frontier (1/1) ... ok (Error(Execution(NotEnoughBaseGas { required: 0x5208, got: 0x4e20 }), State { next_error: None, backtrace: InternalBacktrace { backtrace: None } }))
   - ZeroValue_TransactionCALL_ToOneStorageKey_OOGRevert | Homestead (1/1) ... ok (Error(Execution(NotEnoughBaseGas { required: 0x5208, got: 0x4e20 }), State { next_error: None, backtrace: InternalBacktrace { backtrace: None } }))
   - ZeroValue_TransactionCALL_ToOneStorageKey_OOGRevert | Byzantium (1/1) ... ok (Error(Execution(NotEnoughBaseGas { required: 0x5208, got: 0x4e20 }), State { next_error: None, backtrace: InternalBacktrace { backtrace: None } }))
   - ZeroValue_SUICIDE_ToEmpty | EIP150 (1/1) ... ok
   - ZeroValue_CALLCODE_ToNonZeroBalance_OOGRevert | EIP150 (1/1) ... ok
   - ZeroValue_SUICIDE_ToEmpty | EIP158 (1/1) ... ok
   - ZeroValue_CALLCODE_ToNonZeroBalance_OOGRevert | EIP158 (1/1) ... ok
   - ZeroValue_SUICIDE_ToEmpty | Frontier (1/1) ... ok
   - ZeroValue_CALLCODE_ToNonZeroBalance_OOGRevert | Frontier (1/1) ... ok
   - ZeroValue_SUICIDE_ToEmpty | Homestead (1/1) ... ok
   - ZeroValue_CALLCODE_ToNonZeroBalance_OOGRevert | Homestead (1/1) ... ok
   - ZeroValue_SUICIDE_ToEmpty | Byzantium (1/1) ... ok
   - ZeroValue_CALLCODE_ToNonZeroBalance_OOGRevert | Byzantium (1/1) ... ok
   - ZeroValue_TransactionCALLwithData | EIP150 (1/1) ... ok
   - ZeroValue_TransactionCALLwithData_ToEmpty_OOGRevert | EIP150 (1/1) ... ok (Error(Execution(NotEnoughBaseGas { required: 0x15108, got: 0xea60 }), State { next_error: None, backtrace: InternalBacktrace { backtrace: None } }))
   - ZeroValue_TransactionCALLwithData | EIP158 (1/1) ... ok
   - ZeroValue_TransactionCALLwithData_ToEmpty_OOGRevert | EIP158 (1/1) ... ok (Error(Execution(NotEnoughBaseGas { required: 0x15108, got: 0xea60 }), State { next_error: None, backtrace: InternalBacktrace { backtrace: None } }))
   - ZeroValue_TransactionCALLwithData | Frontier (1/1) ... ok
   - ZeroValue_TransactionCALLwithData_ToEmpty_OOGRevert | Frontier (1/1) ... ok (Error(Execution(NotEnoughBaseGas { required: 0x15108, got: 0xea60 }), State { next_error: None, backtrace: InternalBacktrace { backtrace: None } }))
   - ZeroValue_TransactionCALLwithData | Homestead (1/1) ... ok
   - ZeroValue_TransactionCALLwithData_ToEmpty_OOGRevert | Homestead (1/1) ... ok (Error(Execution(NotEnoughBaseGas { required: 0x15108, got: 0xea60 }), State { next_error: None, backtrace: InternalBacktrace { backtrace: None } }))
   - ZeroValue_TransactionCALLwithData | Byzantium (1/1) ... ok
   - ZeroValue_TransactionCALLwithData_ToEmpty_OOGRevert | Byzantium (1/1) ... ok (Error(Execution(NotEnoughBaseGas { required: 0x15108, got: 0xea60 }), State { next_error: None, backtrace: InternalBacktrace { backtrace: None } }))
   - ZeroValue_TransactionCALL_ToNonZeroBalance | EIP150 (1/1) ... ok
   - ZeroValue_DELEGATECALL_OOGRevert | EIP150 (1/1) ... ok
   - ZeroValue_DELEGATECALL_OOGRevert | EIP158 (1/1) ... ok
   - ZeroValue_DELEGATECALL_OOGRevert | Frontier (1/1) ... ok
   - ZeroValue_DELEGATECALL_OOGRevert | Homestead (1/1) ... ok
   - ZeroValue_DELEGATECALL_OOGRevert | Byzantium (1/1) ... ok
   - ZeroValue_CALL_ToNonZeroBalance_OOGRevert | EIP150 (1/1) ... ok
   - ZeroValue_CALL_ToNonZeroBalance_OOGRevert | EIP158 (1/1) ... ok
   - ZeroValue_CALL_ToNonZeroBalance_OOGRevert | Frontier (1/1) ... ok
   - ZeroValue_CALL_ToNonZeroBalance_OOGRevert | Homestead (1/1) ... ok
   - ZeroValue_TransactionCALL_ToNonZeroBalance | EIP158 (1/1) ... ok
ok
   - ecmul_1-3_0_28000_96_d0g0v0_Homestead...   - ZeroValue_TransactionCALL_ToNonZeroBalance | Frontier (1/1) ... ok
   - ZeroValue_CALL_ToNonZeroBalance_OOGRevert | Byzantium (1/1) ... ok
   - ZeroValue_TransactionCALL_ToNonZeroBalance | Homestead (1/1) ... ok
   - ZeroValue_TransactionCALL_OOGRevert | EIP150 (1/1) ... ok (Error(Execution(NotEnoughBaseGas { required: 0x5208, got: 0x4e20 }), State { next_error: None, backtrace: InternalBacktrace { backtrace: None } }))
   - ZeroValue_TransactionCALL_ToNonZeroBalance | Byzantium (1/1) ... ok
   - ZeroValue_TransactionCALL_OOGRevert | EIP158 (1/1) ... ok (Error(Execution(NotEnoughBaseGas { required: 0x5208, got: 0x4e20 }), State { next_error: None, backtrace: InternalBacktrace { backtrace: None } }))
   - ZeroValue_TransactionCALL_OOGRevert | Frontier (1/1) ... ok (Error(Execution(NotEnoughBaseGas { required: 0x5208, got: 0x4e20 }), State { next_error: None, backtrace: InternalBacktrace { backtrace: None } }))
   - ZeroValue_TransactionCALL_OOGRevert | Homestead (1/1) ... ok (Error(Execution(NotEnoughBaseGas { required: 0x5208, got: 0x4e20 }), State { next_error: None, backtrace: InternalBacktrace { backtrace: None } }))
   - ZeroValue_TransactionCALL_OOGRevert | Byzantium (1/1) ... ok (Error(Execution(NotEnoughBaseGas { required: 0x5208, got: 0x4e20 }), State { next_error: None, backtrace: InternalBacktrace { backtrace: None } }))
test json_tests::state::state_tests::GeneralStateTest_stZeroCallsRevert ... ok
   - ZeroValue_SUICIDE_ToOneStorageKey | EIP150 (1/1) ... ok
   - ZeroValue_SUICIDE_ToOneStorageKey | EIP158 (1/1) ... ok
   - ZeroValue_SUICIDE_ToOneStorageKey | Frontier (1/1) ... ok
   - ecmul_0-0_340282366920938463463374607431768211456_21000_96 | EIP150 (1/4) ... ok
   - ZeroValue_SUICIDE_ToOneStorageKey | Homestead (1/1) ... ok
   - ecmul_0-0_340282366920938463463374607431768211456_21000_96 | EIP150 (2/4) ... ok
   - ZeroValue_SUICIDE_ToOneStorageKey | Byzantium (1/1) ... ok
   - ecmul_0-0_340282366920938463463374607431768211456_21000_96 | EIP150 (3/4) ... ok
   - ZeroValue_TransactionCALLwithData_ToEmpty | EIP150 (1/1) ... ok
   - ecmul_0-0_340282366920938463463374607431768211456_21000_96 | EIP150 (4/4) ... ok
   - ecmul_0-0_340282366920938463463374607431768211456_21000_96 | EIP158 (1/4) ... ok
   - ecmul_0-0_340282366920938463463374607431768211456_21000_96 | EIP158 (2/4) ... ok
   - ZeroValue_TransactionCALLwithData_ToEmpty | EIP158 (1/1) ... ok
   - ecmul_0-0_340282366920938463463374607431768211456_21000_96 | EIP158 (3/4) ... ok
   - ZeroValue_TransactionCALLwithData_ToEmpty | Frontier (1/1) ... ok
   - ecmul_0-0_340282366920938463463374607431768211456_21000_96 | EIP158 (4/4) ... ok
   - ZeroValue_TransactionCALLwithData_ToEmpty | Homestead (1/1) ... ok
   - ecmul_0-0_340282366920938463463374607431768211456_21000_96 | Frontier (1/4) ... ok
   - ZeroValue_TransactionCALLwithData_ToEmpty | Byzantium (1/1) ... ok
   - ecmul_0-0_340282366920938463463374607431768211456_21000_96 | Frontier (2/4) ... ok
   - ZeroValue_CALL_ToNonZeroBalance | EIP150 (1/1) ... ok
   - ecmul_0-0_340282366920938463463374607431768211456_21000_96 | Frontier (3/4) ... ok
   - ecmul_0-0_340282366920938463463374607431768211456_21000_96 | Frontier (4/4) ... ok
   - ecmul_0-0_340282366920938463463374607431768211456_21000_96 | Homestead (1/4) ... ok
   - ecmul_0-0_340282366920938463463374607431768211456_21000_96 | Homestead (2/4) ... ok
   - ecmul_0-0_340282366920938463463374607431768211456_21000_96 | Homestead (3/4) ... ok
   - ZeroValue_CALL_ToNonZeroBalance | EIP158 (1/1) ... ok
   - ecmul_0-0_340282366920938463463374607431768211456_21000_96 | Homestead (4/4) ... ok
   - ZeroValue_CALL_ToNonZeroBalance | Frontier (1/1) ... ok
   - ecmul_0-0_340282366920938463463374607431768211456_21000_96 | Byzantium (1/4) ... ok
   - ZeroValue_CALL_ToNonZeroBalance | Homestead (1/1) ... ok
   - ZeroValue_CALL_ToNonZeroBalance | Byzantium (1/1) ... ok
   - ecmul_0-0_340282366920938463463374607431768211456_21000_96 | Byzantium (2/4) ... ok
   - ZeroValue_SUICIDE_ToNonZeroBalance | EIP150 (1/1) ... ok
   - ecmul_0-0_340282366920938463463374607431768211456_21000_96 | Byzantium (3/4) ... ok
   - ZeroValue_SUICIDE_ToNonZeroBalance | EIP158 (1/1) ... ok
   - ZeroValue_SUICIDE_ToNonZeroBalance | Frontier (1/1) ... ok
   - ecmul_0-0_340282366920938463463374607431768211456_21000_96 | Byzantium (4/4) ... ok
   - ZeroValue_SUICIDE_ToNonZeroBalance | Homestead (1/1) ... ok
ok
   - ecmul_1-3_340282366920938463463374607431768211456_21000_80 | EIP150 (1/4) ... ok
   - ecmul_1-3_340282366920938463463374607431768211456_21000_80 | EIP150 (2/4) ... ok
   - ecmul_1-3_340282366920938463463374607431768211456_21000_80 | EIP150 (3/4) ... ok
   - ecmul_1-3_340282366920938463463374607431768211456_21000_80 | EIP150 (4/4) ... ok
   - ecpairing_one_point_not_in_subgroup_d0g2v0_Byzantium...   - ecmul_1-3_340282366920938463463374607431768211456_21000_80 | EIP158 (1/4) ... ok
   - ecmul_1-3_340282366920938463463374607431768211456_21000_80 | EIP158 (2/4) ... ok
   - ecmul_1-3_340282366920938463463374607431768211456_21000_80 | EIP158 (3/4) ... ok
   - ecmul_1-3_340282366920938463463374607431768211456_21000_80 | EIP158 (4/4) ... ok
   - ecmul_1-3_340282366920938463463374607431768211456_21000_80 | Frontier (1/4) ... ok
   - ZeroValue_SUICIDE_ToNonZeroBalance | Byzantium (1/1) ... ok
   - ecmul_1-3_340282366920938463463374607431768211456_21000_80 | Frontier (2/4) ... ok
   - ZeroValue_CALL_ToOneStorageKey | EIP150 (1/1) ... ok
   - ecmul_1-3_340282366920938463463374607431768211456_21000_80 | Frontier (3/4) ... ok
   - ZeroValue_CALL_ToOneStorageKey | EIP158 (1/1) ... ok
   - ecmul_1-3_340282366920938463463374607431768211456_21000_80 | Frontier (4/4) ... ok
   - ZeroValue_CALL_ToOneStorageKey | Frontier (1/1) ... ok
   - ecmul_1-3_340282366920938463463374607431768211456_21000_80 | Homestead (1/4) ... ok
   - ecmul_1-3_340282366920938463463374607431768211456_21000_80 | Homestead (2/4) ... ok
   - ecmul_1-3_340282366920938463463374607431768211456_21000_80 | Homestead (3/4) ... ok
   - ecmul_1-3_340282366920938463463374607431768211456_21000_80 | Homestead (4/4) ... ok
   - ecmul_1-3_340282366920938463463374607431768211456_21000_80 | Byzantium (1/4) ... ok
   - ZeroValue_CALL_ToOneStorageKey | Homestead (1/1) ... ok
   - ecmul_1-3_340282366920938463463374607431768211456_21000_80 | Byzantium (2/4) ... ok
   - ZeroValue_CALL_ToOneStorageKey | Byzantium (1/1) ... ok
   - ecmul_1-3_340282366920938463463374607431768211456_21000_80 | Byzantium (3/4) ... ok
   - ZeroValue_CALL_ToEmpty | EIP150 (1/1) ... ok
   - ecmul_1-3_340282366920938463463374607431768211456_21000_80 | Byzantium (4/4) ... ok
   - ZeroValue_CALL_ToEmpty | EIP158 (1/1) ... ok
   - ZeroValue_CALL_ToEmpty | Frontier (1/1) ... ok
   - ecmul_1-2_9_28000_96 | EIP150 (1/4) ... ok
   - ZeroValue_CALL_ToEmpty | Homestead (1/1) ... ok
   - ecmul_1-2_9_28000_96 | EIP150 (2/4) ... ok
   - ZeroValue_CALL_ToEmpty | Byzantium (1/1) ... ok
   - ecmul_1-2_9_28000_96 | EIP150 (3/4) ... ok
   - ZeroValue_TransactionCALL_ToEmpty | EIP150 (1/1) ... ok
   - ecmul_1-2_9_28000_96 | EIP150 (4/4) ... ok
   - ZeroValue_TransactionCALL_ToEmpty | EIP158 (1/1) ... ok
   - ZeroValue_TransactionCALL_ToEmpty | Frontier (1/1) ... ok
   - ecmul_1-2_9_28000_96 | EIP158 (1/4) ... ok
   - ZeroValue_TransactionCALL_ToEmpty | Homestead (1/1) ... ok
   - ecmul_1-2_9_28000_96 | EIP158 (2/4) ... ok
   - ecmul_1-2_9_28000_96 | EIP158 (3/4) ... ok
   - ecmul_1-2_9_28000_96 | EIP158 (4/4) ... ok
   - ecmul_1-2_9_28000_96 | Frontier (1/4) ... ok
   - ecmul_1-2_9_28000_96 | Frontier (2/4) ... ok
   - ZeroValue_TransactionCALL_ToEmpty | Byzantium (1/1) ... ok
   - ecmul_1-2_9_28000_96 | Frontier (3/4) ... ok
   - ZeroValue_CALLCODE_ToNonZeroBalance | EIP150 (1/1) ... ok
ok
   - ecpairing_one_point_not_in_subgroup_d0g2v0_EIP150...   - ecmul_1-2_9_28000_96 | Frontier (4/4) ... ok
   - ZeroValue_CALLCODE_ToNonZeroBalance | EIP158 (1/1) ... ok
   - ecmul_1-2_9_28000_96 | Homestead (1/4) ... ok
   - ZeroValue_CALLCODE_ToNonZeroBalance | Frontier (1/1) ... ok
   - ecmul_1-2_9_28000_96 | Homestead (2/4) ... ok
   - ecmul_1-2_9_28000_96 | Homestead (3/4) ... ok
   - ecmul_1-2_9_28000_96 | Homestead (4/4) ... ok
   - ecmul_1-2_9_28000_96 | Byzantium (1/4) ... ok
   - ecmul_1-2_9_28000_96 | Byzantium (2/4) ... ok
   - ecmul_1-2_9_28000_96 | Byzantium (3/4) ... ok
   - ZeroValue_CALLCODE_ToNonZeroBalance | Homestead (1/1) ... ok
   - ZeroValue_CALLCODE_ToNonZeroBalance | Byzantium (1/1) ... ok
   - ZeroValue_DELEGATECALL | EIP150 (1/1) ... ok
   - ZeroValue_DELEGATECALL | EIP158 (1/1) ... ok
   - ecmul_1-2_9_28000_96 | Byzantium (4/4) ... ok
   - ecmul_0-3_2_28000_96 | EIP150 (1/4) ... ok
   - ecmul_0-3_2_28000_96 | EIP150 (2/4) ... ok
   - ecmul_0-3_2_28000_96 | EIP150 (3/4) ... ok
   - ecmul_0-3_2_28000_96 | EIP150 (4/4) ... ok
   - ecmul_0-3_2_28000_96 | EIP158 (1/4) ... ok
   - ZeroValue_DELEGATECALL | Frontier (1/1) ... ok
   - ZeroValue_DELEGATECALL | Homestead (1/1) ... ok
   - ZeroValue_DELEGATECALL | Byzantium (1/1) ... ok
   - ZeroValue_CALLCODE_ToEmpty | EIP150 (1/1) ... ok
   - ZeroValue_CALLCODE_ToEmpty | EIP158 (1/1) ... ok
   - ZeroValue_CALLCODE_ToEmpty | Frontier (1/1) ... ok
   - ecmul_0-3_2_28000_96 | EIP158 (2/4) ... ok
   - ecmul_0-3_2_28000_96 | EIP158 (3/4) ... ok
   - ecmul_0-3_2_28000_96 | EIP158 (4/4) ... ok
   - ZeroValue_CALLCODE_ToEmpty | Homestead (1/1) ... ok
   - ZeroValue_CALLCODE_ToEmpty | Byzantium (1/1) ... ok
   - ZeroValue_DELEGATECALL_ToOneStorageKey | EIP150 (1/1) ... ok
   - ecmul_0-3_2_28000_96 | Frontier (1/4) ... ok
ok
   - ecpairing_one_point_not_in_subgroup_d0g2v0_EIP158...   - ecmul_0-3_2_28000_96 | Frontier (2/4) ... ok
   - ecmul_0-3_2_28000_96 | Frontier (3/4) ... ok
   - ecmul_0-3_2_28000_96 | Frontier (4/4) ... ok
   - ZeroValue_DELEGATECALL_ToOneStorageKey | EIP158 (1/1) ... ok
   - ZeroValue_DELEGATECALL_ToOneStorageKey | Frontier (1/1) ... ok
   - ecmul_0-3_2_28000_96 | Homestead (1/4) ... ok
   - ecmul_0-3_2_28000_96 | Homestead (2/4) ... ok
   - ZeroValue_DELEGATECALL_ToOneStorageKey | Homestead (1/1) ... ok
   - ZeroValue_DELEGATECALL_ToOneStorageKey | Byzantium (1/1) ... ok
   - ZeroValue_DELEGATECALL_ToEmpty | EIP150 (1/1) ... ok
   - ZeroValue_DELEGATECALL_ToEmpty | EIP158 (1/1) ... ok
   - ZeroValue_DELEGATECALL_ToEmpty | Frontier (1/1) ... ok
   - ecmul_0-3_2_28000_96 | Homestead (3/4) ... ok
   - ecmul_0-3_2_28000_96 | Homestead (4/4) ... ok
   - ecmul_0-3_2_28000_96 | Byzantium (1/4) ... ok
   - ecmul_0-3_2_28000_96 | Byzantium (2/4) ... ok
   - ecmul_0-3_2_28000_96 | Byzantium (3/4) ... ok
   - static_Call50000_ecrec | Byzantium (2/2) ... ok
   - ecmul_0-3_2_28000_96 | Byzantium (4/4) ... ok
   - ZeroValue_DELEGATECALL_ToEmpty | Homestead (1/1) ... ok
   - static_Call1024PreCalls2 | EIP150 (1/2) ... ok
   - ZeroValue_DELEGATECALL_ToEmpty | Byzantium (1/1) ... ok
   - static_Call1024PreCalls2 | EIP150 (2/2) ... ok
   - static_Call1024PreCalls2 | EIP158 (1/2) ... ok
   - static_Call1024PreCalls2 | EIP158 (2/2) ... ok
   - ZeroValue_CALLCODE_ToOneStorageKey | EIP150 (1/1) ... ok
   - static_Call1024PreCalls2 | Frontier (1/2) ... ok
   - ZeroValue_CALLCODE_ToOneStorageKey | EIP158 (1/1) ... ok
   - static_Call1024PreCalls2 | Frontier (2/2) ... ok
   - ZeroValue_CALLCODE_ToOneStorageKey | Frontier (1/1) ... ok
   - static_Call1024PreCalls2 | Homestead (1/2) ... ok
   - ZeroValue_CALLCODE_ToOneStorageKey | Homestead (1/1) ... ok
   - static_Call1024PreCalls2 | Homestead (2/2) ... ok
   - ZeroValue_CALLCODE_ToOneStorageKey | Byzantium (1/1) ... ok
   - ecmul_1-2_340282366920938463463374607431768211456_21000_96 | EIP150 (1/4) ... ok
   - ZeroValue_CALL | EIP150 (1/1) ... ok
   - ecmul_1-2_340282366920938463463374607431768211456_21000_96 | EIP150 (2/4) ... ok
   - ZeroValue_CALL | EIP158 (1/1) ... ok
   - ZeroValue_CALL | Frontier (1/1) ... ok
ok
   - ecpairing_one_point_not_in_subgroup_d0g2v0_Frontier...   - ZeroValue_CALL | Homestead (1/1) ... ok
   - ecmul_1-2_340282366920938463463374607431768211456_21000_96 | EIP150 (3/4) ... ok
   - ZeroValue_CALL | Byzantium (1/1) ... ok
   - ecmul_1-2_340282366920938463463374607431768211456_21000_96 | EIP150 (4/4) ... ok
   - ZeroValue_SUICIDE | EIP150 (1/1) ... ok
   - ZeroValue_SUICIDE | EIP158 (1/1) ... ok
   - ecmul_1-2_340282366920938463463374607431768211456_21000_96 | EIP158 (1/4) ... ok
   - ZeroValue_SUICIDE | Frontier (1/1) ... ok
   - ecmul_1-2_340282366920938463463374607431768211456_21000_96 | EIP158 (2/4) ... ok
   - ZeroValue_SUICIDE | Homestead (1/1) ... ok
   - ecmul_1-2_340282366920938463463374607431768211456_21000_96 | EIP158 (3/4) ... ok
   - ZeroValue_SUICIDE | Byzantium (1/1) ... ok
   - ecmul_1-2_340282366920938463463374607431768211456_21000_96 | EIP158 (4/4) ... ok
   - ZeroValue_TransactionCALL | EIP150 (1/1) ... ok
   - ecmul_1-2_340282366920938463463374607431768211456_21000_96 | Frontier (1/4) ... ok
   - ZeroValue_TransactionCALL | EIP158 (1/1) ... ok
   - ZeroValue_TransactionCALL | Frontier (1/1) ... ok
   - ecmul_1-2_340282366920938463463374607431768211456_21000_96 | Frontier (2/4) ... ok
   - ZeroValue_TransactionCALL | Homestead (1/1) ... ok
   - ecmul_1-2_340282366920938463463374607431768211456_21000_96 | Frontier (3/4) ... ok
   - ZeroValue_TransactionCALL | Byzantium (1/1) ... ok
   - ecmul_1-2_340282366920938463463374607431768211456_21000_96 | Frontier (4/4) ... ok
   - ZeroValue_TransactionCALLwithData_ToOneStorageKey | EIP150 (1/1) ... ok
   - ecmul_1-2_340282366920938463463374607431768211456_21000_96 | Homestead (1/4) ... ok
   - ZeroValue_TransactionCALLwithData_ToOneStorageKey | EIP158 (1/1) ... ok
   - ecmul_1-2_340282366920938463463374607431768211456_21000_96 | Homestead (2/4) ... ok
   - ZeroValue_TransactionCALLwithData_ToOneStorageKey | Frontier (1/1) ... ok
   - ecmul_1-2_340282366920938463463374607431768211456_21000_96 | Homestead (3/4) ... ok
   - ZeroValue_TransactionCALLwithData_ToOneStorageKey | Homestead (1/1) ... ok
   - ecmul_1-2_340282366920938463463374607431768211456_21000_96 | Homestead (4/4) ... ok
   - ZeroValue_TransactionCALLwithData_ToOneStorageKey | Byzantium (1/1) ... ok
   - ecmul_1-2_340282366920938463463374607431768211456_21000_96 | Byzantium (1/4) ... ok
   - ZeroValue_TransactionCALL_ToOneStorageKey | EIP150 (1/1) ... ok
   - ecmul_1-2_340282366920938463463374607431768211456_21000_96 | Byzantium (2/4) ... ok
   - ZeroValue_TransactionCALL_ToOneStorageKey | EIP158 (1/1) ... ok
   - ZeroValue_TransactionCALL_ToOneStorageKey | Frontier (1/1) ... ok
   - ecmul_1-2_340282366920938463463374607431768211456_21000_96 | Byzantium (3/4) ... ok
   - ZeroValue_TransactionCALL_ToOneStorageKey | Homestead (1/1) ... ok
   - ecmul_1-2_340282366920938463463374607431768211456_21000_96 | Byzantium (4/4) ... ok
   - ZeroValue_TransactionCALL_ToOneStorageKey | Byzantium (1/1) ... ok
   - ZeroValue_CALLCODE | EIP150 (1/1) ... ok
   - ecmul_0-0_1_21000_128 | EIP150 (1/4) ... ok
   - ZeroValue_CALLCODE | EIP158 (1/1) ... ok
   - ecmul_0-0_1_21000_128 | EIP150 (2/4) ... ok
   - ZeroValue_CALLCODE | Frontier (1/1) ... ok
   - ecmul_0-0_1_21000_128 | EIP150 (3/4) ... ok
   - ZeroValue_CALLCODE | Homestead (1/1) ... ok
   - ecmul_0-0_1_21000_128 | EIP150 (4/4) ... ok
   - ZeroValue_CALLCODE | Byzantium (1/1) ... ok
   - ecmul_0-0_1_21000_128 | EIP158 (1/4) ... ok
   - ZeroValue_DELEGATECALL_ToNonZeroBalance | EIP150 (1/1) ... ok
   - ecmul_0-0_1_21000_128 | EIP158 (2/4) ... ok
   - ZeroValue_DELEGATECALL_ToNonZeroBalance | EIP158 (1/1) ... ok
   - ecmul_0-0_1_21000_128 | EIP158 (3/4) ... ok
   - ZeroValue_DELEGATECALL_ToNonZeroBalance | Frontier (1/1) ... ok
   - ecmul_0-0_1_21000_128 | EIP158 (4/4) ... ok
   - ZeroValue_DELEGATECALL_ToNonZeroBalance | Homestead (1/1) ... ok
   - ecmul_0-0_1_21000_128 | Frontier (1/4) ... ok
   - ZeroValue_DELEGATECALL_ToNonZeroBalance | Byzantium (1/1) ... ok
test json_tests::state::state_tests::GeneralStateTest_stZeroCallsTest ... ok
   - ecmul_0-0_1_21000_128 | Frontier (2/4) ... ok
   - ecmul_0-0_1_21000_128 | Frontier (3/4) ... ok
   - ecmul_0-0_1_21000_128 | Frontier (4/4) ... ok
   - ecmul_0-0_1_21000_128 | Homestead (1/4) ... ok
   - ecmul_0-0_1_21000_128 | Homestead (2/4) ... ok
   - ecmul_0-0_1_21000_128 | Homestead (3/4) ... ok
   - ecmul_0-0_1_21000_128 | Homestead (4/4) ... ok
ok
   - ecpairing_one_point_not_in_subgroup_d0g2v0_Homestead...   - ecmul_0-0_1_21000_128 | Byzantium (1/4) ... ok
   - ecmul_0-0_1_21000_128 | Byzantium (2/4) ... ok
   - ecmul_0-0_1_21000_128 | Byzantium (3/4) ... ok
   - ecmul_0-0_1_21000_128 | Byzantium (4/4) ... ok
   - ecadd_1-2_1-2_21000_192 | EIP150 (1/4) ... ok
   - ecadd_1-2_1-2_21000_192 | EIP150 (2/4) ... ok
   - ecadd_1-2_1-2_21000_192 | EIP150 (3/4) ... ok
   - ecadd_1-2_1-2_21000_192 | EIP150 (4/4) ... ok
   - ecadd_1-2_1-2_21000_192 | EIP158 (1/4) ... ok
   - ecadd_1-2_1-2_21000_192 | EIP158 (2/4) ... ok
   - ecadd_1-2_1-2_21000_192 | EIP158 (3/4) ... ok
   - ecadd_1-2_1-2_21000_192 | EIP158 (4/4) ... ok
   - ecadd_1-2_1-2_21000_192 | Frontier (1/4) ... ok
   - ecadd_1-2_1-2_21000_192 | Frontier (2/4) ... ok
   - ecadd_1-2_1-2_21000_192 | Frontier (3/4) ... ok
   - ecadd_1-2_1-2_21000_192 | Frontier (4/4) ... ok
   - ecadd_1-2_1-2_21000_192 | Homestead (1/4) ... ok
   - ecadd_1-2_1-2_21000_192 | Homestead (2/4) ... ok
   - ecadd_1-2_1-2_21000_192 | Homestead (3/4) ... ok
   - ecadd_1-2_1-2_21000_192 | Homestead (4/4) ... ok
   - ecadd_1-2_1-2_21000_192 | Byzantium (1/4) ... ok
   - ecadd_1-2_1-2_21000_192 | Byzantium (2/4) ... ok
   - ecadd_1-2_1-2_21000_192 | Byzantium (3/4) ... ok
   - ecadd_1-2_1-2_21000_192 | Byzantium (4/4) ... ok
   - ecmul_0-0_9935_21000_96 | EIP150 (1/4) ... ok
   - ecmul_0-0_9935_21000_96 | EIP150 (2/4) ... ok
   - ecmul_0-0_9935_21000_96 | EIP150 (3/4) ... ok
   - ecmul_0-0_9935_21000_96 | EIP150 (4/4) ... ok
   - ecmul_0-0_9935_21000_96 | EIP158 (1/4) ... ok
   - ecmul_0-0_9935_21000_96 | EIP158 (2/4) ... ok
   - ecmul_0-0_9935_21000_96 | EIP158 (3/4) ... ok
test json_tests::transaction::TransactionTests_ttConstantinople ... ok
   - ecmul_0-0_9935_21000_96 | EIP158 (4/4) ... ok
   - ecmul_0-0_9935_21000_96 | Frontier (1/4) ... ok
   - ecmul_0-0_9935_21000_96 | Frontier (2/4) ... ok
ok
   - ecmul_0-0_9935_21000_96 | Frontier (3/4) ... ok
   - ecmul_0-0_9935_21000_96 | Frontier (4/4) ... ok
   - ecpairing_one_point_with_g2_zero_d0g3v0_Byzantium...   - ecmul_0-0_9935_21000_96 | Homestead (1/4) ... ok
   - ecmul_0-0_9935_21000_96 | Homestead (2/4) ... ok
   - ecmul_0-0_9935_21000_96 | Homestead (3/4) ... ok
   - ecmul_0-0_9935_21000_96 | Homestead (4/4) ... ok
   - ecmul_0-0_9935_21000_96 | Byzantium (1/4) ... ok
   - ecmul_0-0_9935_21000_96 | Byzantium (2/4) ... ok
   - ecmul_0-0_9935_21000_96 | Byzantium (3/4) ... ok
   - ecmul_0-0_9935_21000_96 | Byzantium (4/4) ... ok
   - static_Call1024PreCalls2 | Byzantium (1/2) ... ok
test json_tests::transaction::TransactionTests_ttEip155VitaliksEip158 ... ok
   - ecmul_1-2_340282366920938463463374607431768211456_21000_80 | EIP150 (1/4) ... ok
   - ecmul_1-2_340282366920938463463374607431768211456_21000_80 | EIP150 (2/4) ... ok
   - ecmul_1-2_340282366920938463463374607431768211456_21000_80 | EIP150 (3/4) ... ok
   - ecmul_1-2_340282366920938463463374607431768211456_21000_80 | EIP150 (4/4) ... ok
   - ecmul_1-2_340282366920938463463374607431768211456_21000_80 | EIP158 (1/4) ... ok
test json_tests::transaction::TransactionTests_ttEip155VitaliksHomesead ... ok
   - ecmul_1-2_340282366920938463463374607431768211456_21000_80 | EIP158 (2/4) ... ok
   - ecmul_1-2_340282366920938463463374607431768211456_21000_80 | EIP158 (3/4) ... ok
   - ecmul_1-2_340282366920938463463374607431768211456_21000_80 | EIP158 (4/4) ... ok
   - ecmul_1-2_340282366920938463463374607431768211456_21000_80 | Frontier (1/4) ... ok
   - ecmul_1-2_340282366920938463463374607431768211456_21000_80 | Frontier (2/4) ... ok
   - ecmul_1-2_340282366920938463463374607431768211456_21000_80 | Frontier (3/4) ... ok
   - ecmul_1-2_340282366920938463463374607431768211456_21000_80 | Frontier (4/4) ... ok
   - ecmul_1-2_340282366920938463463374607431768211456_21000_80 | Homestead (1/4) ... ok
   - ecmul_1-2_340282366920938463463374607431768211456_21000_80 | Homestead (2/4) ... ok
   - ecmul_1-2_340282366920938463463374607431768211456_21000_80 | Homestead (3/4) ... ok
   - ecmul_1-2_340282366920938463463374607431768211456_21000_80 | Homestead (4/4) ... ok
   - ecmul_1-2_340282366920938463463374607431768211456_21000_80 | Byzantium (1/4) ... ok
   - ecmul_1-2_340282366920938463463374607431768211456_21000_80 | Byzantium (2/4) ... ok
   - ecmul_1-2_340282366920938463463374607431768211456_21000_80 | Byzantium (3/4) ... ok
   - ecmul_1-2_340282366920938463463374607431768211456_21000_80 | Byzantium (4/4) ... ok
   - ecmul_1-2_0_28000_80 | EIP150 (1/4) ... ok
   - ecmul_1-2_0_28000_80 | EIP150 (2/4) ... ok
   - ecmul_1-2_0_28000_80 | EIP150 (3/4) ... ok
ok
   - ecpairing_one_point_with_g2_zero_d0g3v0_EIP150...   - ecmul_1-2_0_28000_80 | EIP150 (4/4) ... ok
   - ecmul_1-2_0_28000_80 | EIP158 (1/4) ... ok
   - ecmul_1-2_0_28000_80 | EIP158 (2/4) ... ok
   - ecmul_1-2_0_28000_80 | EIP158 (3/4) ... ok
   - ecmul_1-2_0_28000_80 | EIP158 (4/4) ... ok
   - ecmul_1-2_0_28000_80 | Frontier (1/4) ... ok
   - ecmul_1-2_0_28000_80 | Frontier (2/4) ... ok
test json_tests::transaction::TransactionTests_ttEip158 ... ok
   - ecmul_1-2_0_28000_80 | Frontier (3/4) ... ok
   - ecmul_1-2_0_28000_80 | Frontier (4/4) ... ok
   - ecmul_1-2_0_28000_80 | Homestead (1/4) ... ok
   - ecmul_1-2_0_28000_80 | Homestead (2/4) ... ok
   - ecmul_1-2_0_28000_80 | Homestead (3/4) ... ok
   - ecmul_1-2_0_28000_80 | Homestead (4/4) ... ok
   - ecmul_1-2_0_28000_80 | Byzantium (1/4) ... ok
   - ecmul_1-2_0_28000_80 | Byzantium (2/4) ... ok
   - ecmul_1-2_0_28000_80 | Byzantium (3/4) ... ok
   - ecmul_1-2_0_28000_80 | Byzantium (4/4) ... ok
   - ecmul_0-3_5617_28000_96 | EIP150 (1/4) ... ok
   - ecmul_0-3_5617_28000_96 | EIP150 (2/4) ... ok
   - ecmul_0-3_5617_28000_96 | EIP150 (3/4) ... ok
   - ecmul_0-3_5617_28000_96 | EIP150 (4/4) ... ok
   - ecmul_0-3_5617_28000_96 | EIP158 (1/4) ... ok
   - ecmul_0-3_5617_28000_96 | EIP158 (2/4) ... ok
   - ecmul_0-3_5617_28000_96 | EIP158 (3/4) ... ok
   - ecmul_0-3_5617_28000_96 | EIP158 (4/4) ... ok
   - ecmul_0-3_5617_28000_96 | Frontier (1/4) ... ok
   - ecmul_0-3_5617_28000_96 | Frontier (2/4) ... ok
   - ecmul_0-3_5617_28000_96 | Frontier (3/4) ... ok
   - ecmul_0-3_5617_28000_96 | Frontier (4/4) ... ok
   - ecmul_0-3_5617_28000_96 | Homestead (1/4) ... ok
   - ecmul_0-3_5617_28000_96 | Homestead (2/4) ... ok
   - ecmul_0-3_5617_28000_96 | Homestead (3/4) ... ok
   - ecmul_0-3_5617_28000_96 | Homestead (4/4) ... ok
   - ecmul_0-3_5617_28000_96 | Byzantium (1/4) ... ok
   - static_Call1024PreCalls2 | Byzantium (2/2) ... ok
   - ecmul_0-3_5617_28000_96 | Byzantium (2/4) ... ok
   - static_CallEcrecover3 | EIP150 (1/1) ... ok
   - ecmul_0-3_5617_28000_96 | Byzantium (3/4) ... ok
   - static_CallEcrecover3 | EIP158 (1/1) ... ok
   - static_CallEcrecover3 | Frontier (1/1) ... ok
   - ecmul_0-3_5617_28000_96 | Byzantium (4/4) ... ok
   - static_CallEcrecover3 | Homestead (1/1) ... ok
   - ecmul_1-2_5617_21000_128 | EIP150 (1/4) ... ok
   - static_CallEcrecover3 | Byzantium (1/1) ... ok
   - ecmul_1-2_5617_21000_128 | EIP150 (2/4) ... ok
   - static_callcodecallcall_100_OOGMBefore2 | EIP150 (1/4) ... ok
   - ecmul_1-2_5617_21000_128 | EIP150 (3/4) ... ok
   - static_callcodecallcall_100_OOGMBefore2 | EIP150 (2/4) ... ok
   - ecmul_1-2_5617_21000_128 | EIP150 (4/4) ... ok
   - static_callcodecallcall_100_OOGMBefore2 | EIP150 (3/4) ... ok
   - static_callcodecallcall_100_OOGMBefore2 | EIP150 (4/4) ... ok
   - ecmul_1-2_5617_21000_128 | EIP158 (1/4) ... ok
   - static_callcodecallcall_100_OOGMBefore2 | EIP158 (1/4) ... ok
   - ecmul_1-2_5617_21000_128 | EIP158 (2/4) ... ok
   - static_callcodecallcall_100_OOGMBefore2 | EIP158 (2/4) ... ok
   - ecmul_1-2_5617_21000_128 | EIP158 (3/4) ... ok
   - static_callcodecallcall_100_OOGMBefore2 | EIP158 (3/4) ... ok
   - ecmul_1-2_5617_21000_128 | EIP158 (4/4) ... ok
   - static_callcodecallcall_100_OOGMBefore2 | EIP158 (4/4) ... ok
   - ecmul_1-2_5617_21000_128 | Frontier (1/4) ... ok
   - static_callcodecallcall_100_OOGMBefore2 | Frontier (1/4) ... ok
   - static_callcodecallcall_100_OOGMBefore2 | Frontier (2/4) ... ok
   - ecmul_1-2_5617_21000_128 | Frontier (2/4) ... ok
   - static_callcodecallcall_100_OOGMBefore2 | Frontier (3/4) ... ok
   - ecmul_1-2_5617_21000_128 | Frontier (3/4) ... ok
   - static_callcodecallcall_100_OOGMBefore2 | Frontier (4/4) ... ok
   - ecmul_1-2_5617_21000_128 | Frontier (4/4) ... ok
   - static_callcodecallcall_100_OOGMBefore2 | Homestead (1/4) ... ok
   - ecmul_1-2_5617_21000_128 | Homestead (1/4) ... ok
   - static_callcodecallcall_100_OOGMBefore2 | Homestead (2/4) ... ok
   - ecmul_1-2_5617_21000_128 | Homestead (2/4) ... ok
   - static_callcodecallcall_100_OOGMBefore2 | Homestead (3/4) ... ok
   - ecmul_1-2_5617_21000_128 | Homestead (3/4) ... ok
   - static_callcodecallcall_100_OOGMBefore2 | Homestead (4/4) ... ok
   - ecmul_1-2_5617_21000_128 | Homestead (4/4) ... ok
   - static_callcodecallcall_100_OOGMBefore2 | Byzantium (1/4) ... ok
   - ecmul_1-2_5617_21000_128 | Byzantium (1/4) ... ok
   - static_callcodecallcall_100_OOGMBefore2 | Byzantium (2/4) ... ok
   - static_callcodecallcall_100_OOGMBefore2 | Byzantium (3/4) ... ok
   - ecmul_1-2_5617_21000_128 | Byzantium (2/4) ... ok
   - static_callcodecallcall_100_OOGMBefore2 | Byzantium (4/4) ... ok
   - ecmul_1-2_5617_21000_128 | Byzantium (3/4) ... ok
   - ecmul_1-2_5617_21000_128 | Byzantium (4/4) ... ok
   - static_callcallcallcode_001_OOGMBefore | EIP150 (1/2) ... ok
   - static_callcallcallcode_001_OOGMBefore | EIP150 (2/2) ... ok
   - ecmul_0-0_1_28000_128 | EIP150 (1/4) ... ok
   - static_callcallcallcode_001_OOGMBefore | EIP158 (1/2) ... ok
   - static_callcallcallcode_001_OOGMBefore | EIP158 (2/2) ... ok
   - ecmul_0-0_1_28000_128 | EIP150 (2/4) ... ok
   - static_callcallcallcode_001_OOGMBefore | Frontier (1/2) ... ok
   - ecmul_0-0_1_28000_128 | EIP150 (3/4) ... ok
   - static_callcallcallcode_001_OOGMBefore | Frontier (2/2) ... ok
   - ecmul_0-0_1_28000_128 | EIP150 (4/4) ... ok
   - static_callcallcallcode_001_OOGMBefore | Homestead (1/2) ... ok
   - ecmul_0-0_1_28000_128 | EIP158 (1/4) ... ok
   - static_callcallcallcode_001_OOGMBefore | Homestead (2/2) ... ok
   - ecmul_0-0_1_28000_128 | EIP158 (2/4) ... ok
   - static_callcallcallcode_001_OOGMBefore | Byzantium (1/2) ... ok
   - ecmul_0-0_1_28000_128 | EIP158 (3/4) ... ok
   - static_callcallcallcode_001_OOGMBefore | Byzantium (2/2) ... ok
   - ecmul_0-0_1_28000_128 | EIP158 (4/4) ... ok
   - static_CallEcrecoverV_prefixed0 | EIP150 (1/1) ... ok
ok
   - ecpairing_one_point_with_g2_zero_d0g3v0_EIP158...   - ecmul_0-0_1_28000_128 | Frontier (1/4) ... ok
   - static_CallEcrecoverV_prefixed0 | EIP158 (1/1) ... ok
   - ecmul_0-0_1_28000_128 | Frontier (2/4) ... ok
   - static_CallEcrecoverV_prefixed0 | Frontier (1/1) ... ok
   - static_CallEcrecoverV_prefixed0 | Homestead (1/1) ... ok
   - ecmul_0-0_1_28000_128 | Frontier (3/4) ... ok
   - ecmul_0-0_1_28000_128 | Frontier (4/4) ... ok
   - static_CallEcrecoverV_prefixed0 | Byzantium (1/1) ... ok
   - ecmul_0-0_1_28000_128 | Homestead (1/4) ... ok
   - ecmul_0-0_1_28000_128 | Homestead (2/4) ... ok
   - ecmul_0-0_1_28000_128 | Homestead (3/4) ... ok
   - ecmul_0-0_1_28000_128 | Homestead (4/4) ... ok
   - ecmul_0-0_1_28000_128 | Byzantium (1/4) ... ok
   - ecmul_0-0_1_28000_128 | Byzantium (2/4) ... ok
   - ecmul_0-0_1_28000_128 | Byzantium (3/4) ... ok
   - ecmul_0-0_1_28000_128 | Byzantium (4/4) ... ok
   - ecmul_7827-6598_2_21000_128 | EIP150 (1/4) ... ok
   - ecmul_7827-6598_2_21000_128 | EIP150 (2/4) ... ok
   - ecmul_7827-6598_2_21000_128 | EIP150 (3/4) ... ok
   - ecmul_7827-6598_2_21000_128 | EIP150 (4/4) ... ok
   - ecmul_7827-6598_2_21000_128 | EIP158 (1/4) ... ok
   - ecmul_7827-6598_2_21000_128 | EIP158 (2/4) ... ok
   - ecmul_7827-6598_2_21000_128 | EIP158 (3/4) ... ok
   - ecmul_7827-6598_2_21000_128 | EIP158 (4/4) ... ok
   - ecmul_7827-6598_2_21000_128 | Frontier (1/4) ... ok
   - ecmul_7827-6598_2_21000_128 | Frontier (2/4) ... ok
   - ecmul_7827-6598_2_21000_128 | Frontier (3/4) ... ok
   - ecmul_7827-6598_2_21000_128 | Frontier (4/4) ... ok
   - ecmul_7827-6598_2_21000_128 | Homestead (1/4) ... ok
   - ecmul_7827-6598_2_21000_128 | Homestead (2/4) ... ok
   - static_Call50000bytesContract50_3 | EIP150 (1/2) ... ok
   - ecmul_7827-6598_2_21000_128 | Homestead (3/4) ... ok
   - ecmul_7827-6598_2_21000_128 | Homestead (4/4) ... ok
   - ecmul_7827-6598_2_21000_128 | Byzantium (1/4) ... ok
ok
   - ecpairing_one_point_with_g2_zero_d0g3v0_Frontier...   - ecmul_7827-6598_2_21000_128 | Byzantium (2/4) ... ok
   - ecmul_7827-6598_2_21000_128 | Byzantium (3/4) ... ok
   - ecmul_7827-6598_2_21000_128 | Byzantium (4/4) ... ok
   - static_Call50000bytesContract50_3 | EIP150 (2/2) ... ok
   - ecmul_0-0_2_28000_96 | EIP150 (1/4) ... ok
   - static_Call50000bytesContract50_3 | EIP158 (1/2) ... ok
   - ecmul_0-0_2_28000_96 | EIP150 (2/4) ... ok
   - ecmul_0-0_2_28000_96 | EIP150 (3/4) ... ok
   - static_Call50000bytesContract50_3 | EIP158 (2/2) ... ok
   - ecmul_0-0_2_28000_96 | EIP150 (4/4) ... ok
   - static_Call50000bytesContract50_3 | Frontier (1/2) ... ok
   - ecmul_0-0_2_28000_96 | EIP158 (1/4) ... ok
   - static_Call50000bytesContract50_3 | Frontier (2/2) ... ok
   - ecmul_0-0_2_28000_96 | EIP158 (2/4) ... ok
   - ecmul_0-0_2_28000_96 | EIP158 (3/4) ... ok
   - static_Call50000bytesContract50_3 | Homestead (1/2) ... ok
   - ecmul_0-0_2_28000_96 | EIP158 (4/4) ... ok
   - static_Call50000bytesContract50_3 | Homestead (2/2) ... ok
   - ecmul_0-0_2_28000_96 | Frontier (1/4) ... ok
   - ecmul_0-0_2_28000_96 | Frontier (2/4) ... ok
   - ecmul_0-0_2_28000_96 | Frontier (3/4) ... ok
   - ecmul_0-0_2_28000_96 | Frontier (4/4) ... ok
   - ecmul_0-0_2_28000_96 | Homestead (1/4) ... ok
   - ecmul_0-0_2_28000_96 | Homestead (2/4) ... ok
   - ecmul_0-0_2_28000_96 | Homestead (3/4) ... ok
   - static_Call50000bytesContract50_3 | Byzantium (1/2) ... ok
   - ecmul_0-0_2_28000_96 | Homestead (4/4) ... ok
   - ecmul_0-0_2_28000_96 | Byzantium (1/4) ... ok
   - ecmul_0-0_2_28000_96 | Byzantium (2/4) ... ok
   - ecmul_0-0_2_28000_96 | Byzantium (3/4) ... ok
   - ecmul_0-0_2_28000_96 | Byzantium (4/4) ... ok
   - ecmul_1-2_0_28000_96 | EIP150 (1/4) ... ok
   - ecmul_1-2_0_28000_96 | EIP150 (2/4) ... ok
   - ecmul_1-2_0_28000_96 | EIP150 (3/4) ... ok
   - ecmul_1-2_0_28000_96 | EIP150 (4/4) ... ok
   - ecmul_1-2_0_28000_96 | EIP158 (1/4) ... ok
   - ecmul_1-2_0_28000_96 | EIP158 (2/4) ... ok
   - ecmul_1-2_0_28000_96 | EIP158 (3/4) ... ok
   - ecmul_1-2_0_28000_96 | EIP158 (4/4) ... ok
   - ecmul_1-2_0_28000_96 | Frontier (1/4) ... ok
   - ecmul_1-2_0_28000_96 | Frontier (2/4) ... ok
   - ecmul_1-2_0_28000_96 | Frontier (3/4) ... ok
   - ecmul_1-2_0_28000_96 | Frontier (4/4) ... ok
   - ecmul_1-2_0_28000_96 | Homestead (1/4) ... ok
   - ecmul_1-2_0_28000_96 | Homestead (2/4) ... ok
   - ecmul_1-2_0_28000_96 | Homestead (3/4) ... ok
   - ecmul_1-2_0_28000_96 | Homestead (4/4) ... ok
   - ecmul_1-2_0_28000_96 | Byzantium (1/4) ... ok
   - ecmul_1-2_0_28000_96 | Byzantium (2/4) ... ok
   - ecmul_1-2_0_28000_96 | Byzantium (3/4) ... ok
   - ecmul_1-2_0_28000_96 | Byzantium (4/4) ... ok
   - ecmul_0-3_340282366920938463463374607431768211456_21000_128 | EIP150 (1/4) ... ok
   - ecmul_0-3_340282366920938463463374607431768211456_21000_128 | EIP150 (2/4) ... ok
   - static_Call50000bytesContract50_3 | Byzantium (2/2) ... ok
   - ecmul_0-3_340282366920938463463374607431768211456_21000_128 | EIP150 (3/4) ... ok
   - ecmul_0-3_340282366920938463463374607431768211456_21000_128 | EIP150 (4/4) ... ok
   - static_callcallcodecallcode_011_OOGE_2 | EIP150 (1/2) ... ok
   - static_callcallcodecallcode_011_OOGE_2 | EIP150 (2/2) ... ok
   - ecmul_0-3_340282366920938463463374607431768211456_21000_128 | EIP158 (1/4) ... ok
   - static_callcallcodecallcode_011_OOGE_2 | EIP158 (1/2) ... ok
   - ecmul_0-3_340282366920938463463374607431768211456_21000_128 | EIP158 (2/4) ... ok
   - static_callcallcodecallcode_011_OOGE_2 | EIP158 (2/2) ... ok
   - ecmul_0-3_340282366920938463463374607431768211456_21000_128 | EIP158 (3/4) ... ok
   - static_callcallcodecallcode_011_OOGE_2 | Frontier (1/2) ... ok
   - static_callcallcodecallcode_011_OOGE_2 | Frontier (2/2) ... ok
   - ecmul_0-3_340282366920938463463374607431768211456_21000_128 | EIP158 (4/4) ... ok
   - static_callcallcodecallcode_011_OOGE_2 | Homestead (1/2) ... ok
   - ecmul_0-3_340282366920938463463374607431768211456_21000_128 | Frontier (1/4) ... ok
   - static_callcallcodecallcode_011_OOGE_2 | Homestead (2/2) ... ok
   - ecmul_0-3_340282366920938463463374607431768211456_21000_128 | Frontier (2/4) ... ok
   - static_callcallcodecallcode_011_OOGE_2 | Byzantium (1/2) ... ok
   - ecmul_0-3_340282366920938463463374607431768211456_21000_128 | Frontier (3/4) ... ok
   - static_callcallcodecallcode_011_OOGE_2 | Byzantium (2/2) ... ok
   - ecmul_0-3_340282366920938463463374607431768211456_21000_128 | Frontier (4/4) ... ok
   - static_callcodecallcallcode_ABCB_RECURSIVE | EIP150 (1/1) ... ok
   - ecmul_0-3_340282366920938463463374607431768211456_21000_128 | Homestead (1/4) ... ok
   - static_callcodecallcallcode_ABCB_RECURSIVE | EIP158 (1/1) ... ok
   - ecmul_0-3_340282366920938463463374607431768211456_21000_128 | Homestead (2/4) ... ok
   - static_callcodecallcallcode_ABCB_RECURSIVE | Frontier (1/1) ... ok
   - ecmul_0-3_340282366920938463463374607431768211456_21000_128 | Homestead (3/4) ... ok
   - static_callcodecallcallcode_ABCB_RECURSIVE | Homestead (1/1) ... ok
   - ecmul_0-3_340282366920938463463374607431768211456_21000_128 | Homestead (4/4) ... ok
   - ecmul_0-3_340282366920938463463374607431768211456_21000_128 | Byzantium (1/4) ... ok
   - ecmul_0-3_340282366920938463463374607431768211456_21000_128 | Byzantium (2/4) ... ok
   - ecmul_0-3_340282366920938463463374607431768211456_21000_128 | Byzantium (3/4) ... ok
ok
   - ecpairing_one_point_with_g2_zero_d0g3v0_Homestead...   - static_callcodecallcallcode_ABCB_RECURSIVE | Byzantium (1/1) ... ok
   - static_CheckCallCostOOG | EIP150 (1/2) ... ok
   - static_CheckCallCostOOG | EIP150 (2/2) ... ok
   - static_CheckCallCostOOG | EIP158 (1/2) ... ok
   - static_CheckCallCostOOG | EIP158 (2/2) ... ok
   - static_CheckCallCostOOG | Frontier (1/2) ... ok
   - static_CheckCallCostOOG | Frontier (2/2) ... ok
   - static_CheckCallCostOOG | Homestead (1/2) ... ok
   - static_CheckCallCostOOG | Homestead (2/2) ... ok
   - ecmul_0-3_340282366920938463463374607431768211456_21000_128 | Byzantium (4/4) ... ok
   - ecmul_1-3_0_21000_64 | EIP150 (1/4) ... ok
   - static_CheckCallCostOOG | Byzantium (1/2) ... ok
   - static_CheckCallCostOOG | Byzantium (2/2) ... ok
   - static_callcallcodecall_010_OOGE_2 | EIP150 (1/2) ... ok
   - ecmul_1-3_0_21000_64 | EIP150 (2/4) ... ok
   - ecmul_1-3_0_21000_64 | EIP150 (3/4) ... ok
   - static_callcallcodecall_010_OOGE_2 | EIP150 (2/2) ... ok
   - static_callcallcodecall_010_OOGE_2 | EIP158 (1/2) ... ok
   - ecmul_1-3_0_21000_64 | EIP150 (4/4) ... ok
   - ecmul_1-3_0_21000_64 | EIP158 (1/4) ... ok
   - static_callcallcodecall_010_OOGE_2 | EIP158 (2/2) ... ok
   - static_callcallcodecall_010_OOGE_2 | Frontier (1/2) ... ok
   - static_callcallcodecall_010_OOGE_2 | Frontier (2/2) ... ok
   - ecmul_1-3_0_21000_64 | EIP158 (2/4) ... ok
ok
   - ecmul_1-3_0_21000_64 | EIP158 (3/4) ... ok
   - pointAddTrunc_d4g3v0_Byzantium...   - static_callcallcodecall_010_OOGE_2 | Homestead (1/2) ... ok
   - static_callcallcodecall_010_OOGE_2 | Homestead (2/2) ... ok
   - static_callcallcodecall_010_OOGE_2 | Byzantium (1/2) ... ok
   - ecmul_1-3_0_21000_64 | EIP158 (4/4) ... ok
   - ecmul_1-3_0_21000_64 | Frontier (1/4) ... ok
   - static_callcallcodecall_010_OOGE_2 | Byzantium (2/2) ... ok
   - ecmul_1-3_0_21000_64 | Frontier (2/4) ... ok
   - static_callcallcall_000_SuicideEnd | EIP150 (1/1) ... ok
   - ecmul_1-3_0_21000_64 | Frontier (3/4) ... ok
   - ecmul_1-3_0_21000_64 | Frontier (4/4) ... ok
   - static_callcallcall_000_SuicideEnd | EIP158 (1/1) ... ok
   - ecmul_1-3_0_21000_64 | Homestead (1/4) ... ok
   - static_callcallcall_000_SuicideEnd | Frontier (1/1) ... ok
   - static_callcallcall_000_SuicideEnd | Homestead (1/1) ... ok
   - static_callcallcall_000_SuicideEnd | Byzantium (1/1) ... ok
   - ecmul_1-3_0_21000_64 | Homestead (2/4) ... ok
   - ecmul_1-3_0_21000_64 | Homestead (3/4) ... ok
   - ecmul_1-3_0_21000_64 | Homestead (4/4) ... ok
   - ecmul_1-3_0_21000_64 | Byzantium (1/4) ... ok
   - static_callcall_00 | EIP150 (1/2) ... ok
   - static_callcall_00 | EIP150 (2/2) ... ok
   - static_callcall_00 | EIP158 (1/2) ... ok
   - ecmul_1-3_0_21000_64 | Byzantium (2/4) ... ok
   - static_callcall_00 | EIP158 (2/2) ... ok
   - ecmul_1-3_0_21000_64 | Byzantium (3/4) ... ok
ok
   - pointAddTrunc_d4g3v0_EIP150...   - ecmul_1-3_0_21000_64 | Byzantium (4/4) ... ok
   - static_callcall_00 | Frontier (1/2) ... ok
   - static_callcall_00 | Frontier (2/2) ... ok
   - ecmul_0-0_0_21000_96 | EIP150 (1/4) ... ok
   - static_callcall_00 | Homestead (1/2) ... ok
   - ecmul_0-0_0_21000_96 | EIP150 (2/4) ... ok
   - static_callcall_00 | Homestead (2/2) ... ok
   - ecmul_0-0_0_21000_96 | EIP150 (3/4) ... ok
   - ecmul_0-0_0_21000_96 | EIP150 (4/4) ... ok
   - ecmul_0-0_0_21000_96 | EIP158 (1/4) ... ok
   - ecmul_0-0_0_21000_96 | EIP158 (2/4) ... ok
   - static_callcall_00 | Byzantium (1/2) ... ok
   - ecmul_0-0_0_21000_96 | EIP158 (3/4) ... ok
   - static_callcall_00 | Byzantium (2/2) ... ok
   - ecmul_0-0_0_21000_96 | EIP158 (4/4) ... ok
   - static_refund_CallToSuicideNoStorage | EIP150 (1/2) ... ok
   - ecmul_0-0_0_21000_96 | Frontier (1/4) ... ok
   - static_refund_CallToSuicideNoStorage | EIP150 (2/2) ... ok
   - ecmul_0-0_0_21000_96 | Frontier (2/4) ... ok
   - static_refund_CallToSuicideNoStorage | EIP158 (1/2) ... ok
   - ecmul_0-0_0_21000_96 | Frontier (3/4) ... ok
   - ecmul_0-0_0_21000_96 | Frontier (4/4) ... ok
   - ecmul_0-0_0_21000_96 | Homestead (1/4) ... ok
   - ecmul_0-0_0_21000_96 | Homestead (2/4) ... ok
   - ecmul_0-0_0_21000_96 | Homestead (3/4) ... ok
   - static_refund_CallToSuicideNoStorage | EIP158 (2/2) ... ok
   - ecmul_0-0_0_21000_96 | Homestead (4/4) ... ok
   - static_refund_CallToSuicideNoStorage | Frontier (1/2) ... ok
   - static_refund_CallToSuicideNoStorage | Frontier (2/2) ... ok
   - ecmul_0-0_0_21000_96 | Byzantium (1/4) ... ok
   - static_refund_CallToSuicideNoStorage | Homestead (1/2) ... ok
   - ecmul_0-0_0_21000_96 | Byzantium (2/4) ... ok
   - static_refund_CallToSuicideNoStorage | Homestead (2/2) ... ok
   - static_refund_CallToSuicideNoStorage | Byzantium (1/2) ... ok
   - ecmul_0-0_0_21000_96 | Byzantium (3/4) ... ok
   - static_refund_CallToSuicideNoStorage | Byzantium (2/2) ... ok
   - ecmul_0-0_0_21000_96 | Byzantium (4/4) ... ok
   - ecmul_1-2_5617_28000_128 | EIP150 (1/4) ... ok
   - ecmul_1-2_5617_28000_128 | EIP150 (2/4) ... ok
   - ecmul_1-2_5617_28000_128 | EIP150 (3/4) ... ok
   - ecmul_1-2_5617_28000_128 | EIP150 (4/4) ... ok
   - ecmul_1-2_5617_28000_128 | EIP158 (1/4) ... ok
   - static_CallIdentity_1_nonzeroValue | EIP150 (1/1) ... ok
   - ecmul_1-2_5617_28000_128 | EIP158 (2/4) ... ok
   - static_CallIdentity_1_nonzeroValue | EIP158 (1/1) ... ok
ok
   - pointAddTrunc_d4g3v0_EIP158...   - ecmul_1-2_5617_28000_128 | EIP158 (3/4) ... ok
   - static_CallIdentity_1_nonzeroValue | Frontier (1/1) ... ok
   - ecmul_1-2_5617_28000_128 | EIP158 (4/4) ... ok
   - ecmul_1-2_5617_28000_128 | Frontier (1/4) ... ok
   - ecmul_1-2_5617_28000_128 | Frontier (2/4) ... ok
   - ecmul_1-2_5617_28000_128 | Frontier (3/4) ... ok
   - static_CallIdentity_1_nonzeroValue | Homestead (1/1) ... ok
   - ecmul_1-2_5617_28000_128 | Frontier (4/4) ... ok
   - static_CallIdentity_1_nonzeroValue | Byzantium (1/1) ... ok
   - ecmul_1-2_5617_28000_128 | Homestead (1/4) ... ok
   - static_call_value_inherit_from_call | EIP150 (1/1) ... ok
   - static_call_value_inherit_from_call | EIP158 (1/1) ... ok
   - static_call_value_inherit_from_call | Frontier (1/1) ... ok
   - ecmul_1-2_5617_28000_128 | Homestead (2/4) ... ok
   - static_call_value_inherit_from_call | Homestead (1/1) ... ok
   - ecmul_1-2_5617_28000_128 | Homestead (3/4) ... ok
   - ecmul_1-2_5617_28000_128 | Homestead (4/4) ... ok
   - static_call_value_inherit_from_call | Byzantium (1/1) ... ok
   - static_callcallcodecallcode_011_SuicideMiddle2 | EIP150 (1/1) ... ok
   - static_callcallcodecallcode_011_SuicideMiddle2 | EIP158 (1/1) ... ok
   - static_callcallcodecallcode_011_SuicideMiddle2 | Frontier (1/1) ... ok
   - static_callcallcodecallcode_011_SuicideMiddle2 | Homestead (1/1) ... ok
   - static_callcallcodecallcode_011_SuicideMiddle2 | Byzantium (1/1) ... ok
   - ecmul_1-2_5617_28000_128 | Byzantium (1/4) ... ok
   - static_CallRipemd160_3_prefixed0 | EIP150 (1/1) ... ok
   - ecmul_1-2_5617_28000_128 | Byzantium (2/4) ... ok
   - static_CallRipemd160_3_prefixed0 | EIP158 (1/1) ... ok
   - ecmul_1-2_5617_28000_128 | Byzantium (3/4) ... ok
   - static_CallRipemd160_3_prefixed0 | Frontier (1/1) ... ok
   - ecmul_1-2_5617_28000_128 | Byzantium (4/4) ... ok
   - static_CallRipemd160_3_prefixed0 | Homestead (1/1) ... ok
   - static_CallRipemd160_3_prefixed0 | Byzantium (1/1) ... ok
   - ecmul_7827-6598_0_21000_128 | EIP150 (1/4) ... ok
   - ecmul_7827-6598_0_21000_128 | EIP150 (2/4) ... ok
   - static_makeMoney | EIP150 (1/1) ... ok
   - ecmul_7827-6598_0_21000_128 | EIP150 (3/4) ... ok
   - static_makeMoney | EIP158 (1/1) ... ok
   - static_makeMoney | Frontier (1/1) ... ok
   - ecmul_7827-6598_0_21000_128 | EIP150 (4/4) ... ok
   - static_makeMoney | Homestead (1/1) ... ok
   - ecmul_7827-6598_0_21000_128 | EIP158 (1/4) ... ok
   - static_makeMoney | Byzantium (1/1) ... ok
   - ecmul_7827-6598_0_21000_128 | EIP158 (2/4) ... ok
   - static_CREATE_ContractSuicideDuringInit_WithValue | EIP150 (1/2) ... ok
   - ecmul_7827-6598_0_21000_128 | EIP158 (3/4) ... ok
   - static_CREATE_ContractSuicideDuringInit_WithValue | EIP150 (2/2) ... ok
   - ecmul_7827-6598_0_21000_128 | EIP158 (4/4) ... ok
   - static_CREATE_ContractSuicideDuringInit_WithValue | EIP158 (1/2) ... ok
   - ecmul_7827-6598_0_21000_128 | Frontier (1/4) ... ok
   - static_CREATE_ContractSuicideDuringInit_WithValue | EIP158 (2/2) ... ok
   - ecmul_7827-6598_0_21000_128 | Frontier (2/4) ... ok
   - static_CREATE_ContractSuicideDuringInit_WithValue | Frontier (1/2) ... ok
   - ecmul_7827-6598_0_21000_128 | Frontier (3/4) ... ok
   - static_CREATE_ContractSuicideDuringInit_WithValue | Frontier (2/2) ... ok
   - ecmul_7827-6598_0_21000_128 | Frontier (4/4) ... ok
   - static_CREATE_ContractSuicideDuringInit_WithValue | Homestead (1/2) ... ok
   - static_CREATE_ContractSuicideDuringInit_WithValue | Homestead (2/2) ... ok
   - ecmul_7827-6598_0_21000_128 | Homestead (1/4) ... ok
   - static_CREATE_ContractSuicideDuringInit_WithValue | Byzantium (1/2) ... ok
   - ecmul_7827-6598_0_21000_128 | Homestead (2/4) ... ok
   - static_CREATE_ContractSuicideDuringInit_WithValue | Byzantium (2/2) ... ok
   - ecmul_7827-6598_0_21000_128 | Homestead (3/4) ... ok
   - ecmul_7827-6598_0_21000_128 | Homestead (4/4) ... ok
   - static_callcodecallcodecallcode_111_SuicideEnd | EIP150 (1/1) ... ok
   - static_callcodecallcodecallcode_111_SuicideEnd | EIP158 (1/1) ... ok
   - ecmul_7827-6598_0_21000_128 | Byzantium (1/4) ... ok
   - static_callcodecallcodecallcode_111_SuicideEnd | Frontier (1/1) ... ok
   - ecmul_7827-6598_0_21000_128 | Byzantium (2/4) ... ok
   - static_callcodecallcodecallcode_111_SuicideEnd | Homestead (1/1) ... ok
   - ecmul_7827-6598_0_21000_128 | Byzantium (3/4) ... ok
   - static_callcodecallcodecallcode_111_SuicideEnd | Byzantium (1/1) ... ok
   - ecmul_7827-6598_0_21000_128 | Byzantium (4/4) ... ok
   - static_InternalCallHittingGasLimit2 | EIP150 (1/1) ... ok
   - ecpairing_one_point_with_g2_zero_and_g1_invalid | EIP150 (1/4) ... ok
   - static_InternalCallHittingGasLimit2 | EIP158 (1/1) ... ok
   - ecpairing_one_point_with_g2_zero_and_g1_invalid | EIP150 (2/4) ... ok
   - static_InternalCallHittingGasLimit2 | Frontier (1/1) ... ok
   - static_InternalCallHittingGasLimit2 | Homestead (1/1) ... ok
   - ecpairing_one_point_with_g2_zero_and_g1_invalid | EIP150 (3/4) ... ok
   - ecpairing_one_point_with_g2_zero_and_g1_invalid | EIP150 (4/4) ... ok
   - static_InternalCallHittingGasLimit2 | Byzantium (1/1) ... ok
   - ecpairing_one_point_with_g2_zero_and_g1_invalid | EIP158 (1/4) ... ok
   - static_callcodecallcallcode_101_OOGMAfter_1 | EIP150 (1/2) ... ok
   - ecpairing_one_point_with_g2_zero_and_g1_invalid | EIP158 (2/4) ... ok
   - static_callcodecallcallcode_101_OOGMAfter_1 | EIP150 (2/2) ... ok
   - ecpairing_one_point_with_g2_zero_and_g1_invalid | EIP158 (3/4) ... ok
   - static_callcodecallcallcode_101_OOGMAfter_1 | EIP158 (1/2) ... ok
   - static_callcodecallcallcode_101_OOGMAfter_1 | EIP158 (2/2) ... ok
   - ecpairing_one_point_with_g2_zero_and_g1_invalid | EIP158 (4/4) ... ok
   - static_callcodecallcallcode_101_OOGMAfter_1 | Frontier (1/2) ... ok
   - ecpairing_one_point_with_g2_zero_and_g1_invalid | Frontier (1/4) ... ok
   - static_callcodecallcallcode_101_OOGMAfter_1 | Frontier (2/2) ... ok
   - ecpairing_one_point_with_g2_zero_and_g1_invalid | Frontier (2/4) ... ok
   - static_callcodecallcallcode_101_OOGMAfter_1 | Homestead (1/2) ... ok
   - ecpairing_one_point_with_g2_zero_and_g1_invalid | Frontier (3/4) ... ok
   - static_callcodecallcallcode_101_OOGMAfter_1 | Homestead (2/2) ... ok
   - ecpairing_one_point_with_g2_zero_and_g1_invalid | Frontier (4/4) ... ok
   - ecpairing_one_point_with_g2_zero_and_g1_invalid | Homestead (1/4) ... ok
   - static_callcodecallcallcode_101_OOGMAfter_1 | Byzantium (1/2) ... ok
   - ecpairing_one_point_with_g2_zero_and_g1_invalid | Homestead (2/4) ... ok
   - static_callcodecallcallcode_101_OOGMAfter_1 | Byzantium (2/2) ... ok
   - ecpairing_one_point_with_g2_zero_and_g1_invalid | Homestead (3/4) ... ok
   - ecpairing_one_point_with_g2_zero_and_g1_invalid | Homestead (4/4) ... ok
ok
   - pointAddTrunc_d4g3v0_Frontier...   - ecpairing_one_point_with_g2_zero_and_g1_invalid | Byzantium (1/4) ... ok
   - ecpairing_one_point_with_g2_zero_and_g1_invalid | Byzantium (2/4) ... ok
   - static_callcallcodecallcode_011_OOGE | EIP150 (1/2) ... ok
   - ecpairing_one_point_with_g2_zero_and_g1_invalid | Byzantium (3/4) ... ok
   - static_callcallcodecallcode_011_OOGE | EIP150 (2/2) ... ok
   - ecpairing_one_point_with_g2_zero_and_g1_invalid | Byzantium (4/4) ... ok
   - static_callcallcodecallcode_011_OOGE | EIP158 (1/2) ... ok
   - static_callcallcodecallcode_011_OOGE | EIP158 (2/2) ... ok
   - static_callcallcodecallcode_011_OOGE | Frontier (1/2) ... ok
   - ecmul_1-2_5616_21000_96 | EIP150 (1/4) ... ok
   - static_callcallcodecallcode_011_OOGE | Frontier (2/2) ... ok
   - ecmul_1-2_5616_21000_96 | EIP150 (2/4) ... ok
   - static_callcallcodecallcode_011_OOGE | Homestead (1/2) ... ok
   - ecmul_1-2_5616_21000_96 | EIP150 (3/4) ... ok
   - static_callcallcodecallcode_011_OOGE | Homestead (2/2) ... ok
   - ecmul_1-2_5616_21000_96 | EIP150 (4/4) ... ok
   - static_callcallcodecallcode_011_OOGE | Byzantium (1/2) ... ok
   - ecmul_1-2_5616_21000_96 | EIP158 (1/4) ... ok
   - static_callcallcodecallcode_011_OOGE | Byzantium (2/2) ... ok
   - ecmul_1-2_5616_21000_96 | EIP158 (2/4) ... ok
   - static_CallSha256_3_prefix0 | EIP150 (1/1) ... ok
   - ecmul_1-2_5616_21000_96 | EIP158 (3/4) ... ok
   - static_CallSha256_3_prefix0 | EIP158 (1/1) ... ok
   - ecmul_1-2_5616_21000_96 | EIP158 (4/4) ... ok
   - static_CallSha256_3_prefix0 | Frontier (1/1) ... ok
   - ecmul_1-2_5616_21000_96 | Frontier (1/4) ... ok
   - static_CallSha256_3_prefix0 | Homestead (1/1) ... ok
   - ecmul_1-2_5616_21000_96 | Frontier (2/4) ... ok
   - static_CallSha256_3_prefix0 | Byzantium (1/1) ... ok
   - ecmul_1-2_5616_21000_96 | Frontier (3/4) ... ok
   - ecmul_1-2_5616_21000_96 | Frontier (4/4) ... ok
   - static_callcodecallcall_100_SuicideEnd2 | EIP150 (1/1) ... ok
   - static_callcodecallcall_100_SuicideEnd2 | EIP158 (1/1) ... ok
   - ecmul_1-2_5616_21000_96 | Homestead (1/4) ... ok
   - static_callcodecallcall_100_SuicideEnd2 | Frontier (1/1) ... ok
   - ecmul_1-2_5616_21000_96 | Homestead (2/4) ... ok
   - ecmul_1-2_5616_21000_96 | Homestead (3/4) ... ok
   - static_callcodecallcall_100_SuicideEnd2 | Homestead (1/1) ... ok
   - ecmul_1-2_5616_21000_96 | Homestead (4/4) ... ok
   - static_callcodecallcall_100_SuicideEnd2 | Byzantium (1/1) ... ok
   - static_CallRipemd160_4 | EIP150 (1/1) ... ok
   - ecmul_1-2_5616_21000_96 | Byzantium (1/4) ... ok
   - static_CallRipemd160_4 | EIP158 (1/1) ... ok
   - static_CallRipemd160_4 | Frontier (1/1) ... ok
   - ecmul_1-2_5616_21000_96 | Byzantium (2/4) ... ok
   - static_CallRipemd160_4 | Homestead (1/1) ... ok
   - static_CallRipemd160_4 | Byzantium (1/1) ... ok
   - ecmul_1-2_5616_21000_96 | Byzantium (3/4) ... ok
   - static_CallEcrecoverCheckLength | EIP150 (1/1) ... ok
   - static_CallEcrecoverCheckLength | EIP158 (1/1) ... ok
   - static_CallEcrecoverCheckLength | Frontier (1/1) ... ok
   - ecmul_1-2_5616_21000_96 | Byzantium (4/4) ... ok
   - static_CallEcrecoverCheckLength | Homestead (1/1) ... ok
   - ecpairing_two_point_oog | EIP150 (1/4) ... ok
   - static_CallEcrecoverCheckLength | Byzantium (1/1) ... ok
   - ecpairing_two_point_oog | EIP150 (2/4) ... ok
   - static_CallAndCallcodeConsumeMoreGasThenTransactionHas | EIP150 (1/2) ... ok
   - ecpairing_two_point_oog | EIP150 (3/4) ... ok
   - static_CallAndCallcodeConsumeMoreGasThenTransactionHas | EIP150 (2/2) ... ok
   - ecpairing_two_point_oog | EIP150 (4/4) ... ok
   - static_CallAndCallcodeConsumeMoreGasThenTransactionHas | EIP158 (1/2) ... ok
   - static_CallAndCallcodeConsumeMoreGasThenTransactionHas | EIP158 (2/2) ... ok
   - ecpairing_two_point_oog | EIP158 (1/4) ... ok
   - static_CallAndCallcodeConsumeMoreGasThenTransactionHas | Frontier (1/2) ... ok
   - ecpairing_two_point_oog | EIP158 (2/4) ... ok
   - static_CallAndCallcodeConsumeMoreGasThenTransactionHas | Frontier (2/2) ... ok
   - ecpairing_two_point_oog | EIP158 (3/4) ... ok
   - static_CallAndCallcodeConsumeMoreGasThenTransactionHas | Homestead (1/2) ... ok
   - ecpairing_two_point_oog | EIP158 (4/4) ... ok
   - static_CallAndCallcodeConsumeMoreGasThenTransactionHas | Homestead (2/2) ... ok
   - static_CallAndCallcodeConsumeMoreGasThenTransactionHas | Byzantium (1/2) ... ok
   - ecpairing_two_point_oog | Frontier (1/4) ... ok
   - static_CallAndCallcodeConsumeMoreGasThenTransactionHas | Byzantium (2/2) ... ok
   - ecpairing_two_point_oog | Frontier (2/4) ... ok
   - ecpairing_two_point_oog | Frontier (3/4) ... ok
   - static_CREATE_EmptyContractAndCallIt_0wei | EIP150 (1/1) ... ok
   - ecpairing_two_point_oog | Frontier (4/4) ... ok
   - static_CREATE_EmptyContractAndCallIt_0wei | EIP158 (1/1) ... ok
   - static_CREATE_EmptyContractAndCallIt_0wei | Frontier (1/1) ... ok
   - ecpairing_two_point_oog | Homestead (1/4) ... ok
   - static_CREATE_EmptyContractAndCallIt_0wei | Homestead (1/1) ... ok
   - ecpairing_two_point_oog | Homestead (2/4) ... ok
   - static_CREATE_EmptyContractAndCallIt_0wei | Byzantium (1/1) ... ok
   - ecpairing_two_point_oog | Homestead (3/4) ... ok
   - ecpairing_two_point_oog | Homestead (4/4) ... ok
   - static_callcallcodecall_010_OOGMAfter_2 | EIP150 (1/2) ... ok
   - static_callcallcodecall_010_OOGMAfter_2 | EIP150 (2/2) ... ok
   - ecpairing_two_point_oog | Byzantium (1/4) ... ok
   - static_callcallcodecall_010_OOGMAfter_2 | EIP158 (1/2) ... ok
   - ecpairing_two_point_oog | Byzantium (2/4) ... ok
   - static_callcallcodecall_010_OOGMAfter_2 | EIP158 (2/2) ... ok
   - ecpairing_two_point_oog | Byzantium (3/4) ... ok
   - static_callcallcodecall_010_OOGMAfter_2 | Frontier (1/2) ... ok
   - ecpairing_two_point_oog | Byzantium (4/4) ... ok
   - static_callcallcodecall_010_OOGMAfter_2 | Frontier (2/2) ... ok
   - static_callcallcodecall_010_OOGMAfter_2 | Homestead (1/2) ... ok
   - ecmul_0-0_340282366920938463463374607431768211456_21000_128 | EIP150 (1/4) ... ok
   - static_callcallcodecall_010_OOGMAfter_2 | Homestead (2/2) ... ok
   - ecmul_0-0_340282366920938463463374607431768211456_21000_128 | EIP150 (2/4) ... ok
   - static_callcallcodecall_010_OOGMAfter_2 | Byzantium (1/2) ... ok
   - ecmul_0-0_340282366920938463463374607431768211456_21000_128 | EIP150 (3/4) ... ok
   - ecmul_0-0_340282366920938463463374607431768211456_21000_128 | EIP150 (4/4) ... ok
   - static_callcallcodecall_010_OOGMAfter_2 | Byzantium (2/2) ... ok
   - ecmul_0-0_340282366920938463463374607431768211456_21000_128 | EIP158 (1/4) ... ok
   - static_RawCallGasAsk | EIP150 (1/4) ... ok
   - static_RawCallGasAsk | EIP150 (2/4) ... ok
   - ecmul_0-0_340282366920938463463374607431768211456_21000_128 | EIP158 (2/4) ... ok
   - static_RawCallGasAsk | EIP150 (3/4) ... ok
   - ecmul_0-0_340282366920938463463374607431768211456_21000_128 | EIP158 (3/4) ... ok
   - static_RawCallGasAsk | EIP150 (4/4) ... ok
   - ecmul_0-0_340282366920938463463374607431768211456_21000_128 | EIP158 (4/4) ... ok
   - static_RawCallGasAsk | EIP158 (1/4) ... ok
   - ecmul_0-0_340282366920938463463374607431768211456_21000_128 | Frontier (1/4) ... ok
   - ecmul_0-0_340282366920938463463374607431768211456_21000_128 | Frontier (2/4) ... ok
   - static_RawCallGasAsk | EIP158 (2/4) ... ok
   - ecmul_0-0_340282366920938463463374607431768211456_21000_128 | Frontier (3/4) ... ok
ok
   - ecmul_0-0_340282366920938463463374607431768211456_21000_128 | Frontier (4/4) ... ok
   - pointAddTrunc_d4g3v0_Homestead...   - ecmul_0-0_340282366920938463463374607431768211456_21000_128 | Homestead (1/4) ... ok
   - static_RawCallGasAsk | EIP158 (3/4) ... ok
   - ecmul_0-0_340282366920938463463374607431768211456_21000_128 | Homestead (2/4) ... ok
   - static_RawCallGasAsk | EIP158 (4/4) ... ok
   - static_RawCallGasAsk | Frontier (1/4) ... ok
   - ecmul_0-0_340282366920938463463374607431768211456_21000_128 | Homestead (3/4) ... ok
   - ecmul_0-0_340282366920938463463374607431768211456_21000_128 | Homestead (4/4) ... ok
   - static_RawCallGasAsk | Frontier (2/4) ... ok
   - static_RawCallGasAsk | Frontier (3/4) ... ok
   - ecmul_0-0_340282366920938463463374607431768211456_21000_128 | Byzantium (1/4) ... ok
   - static_RawCallGasAsk | Frontier (4/4) ... ok
   - ecmul_0-0_340282366920938463463374607431768211456_21000_128 | Byzantium (2/4) ... ok
   - static_RawCallGasAsk | Homestead (1/4) ... ok
   - ecmul_0-0_340282366920938463463374607431768211456_21000_128 | Byzantium (3/4) ... ok
   - static_RawCallGasAsk | Homestead (2/4) ... ok
   - ecmul_0-0_340282366920938463463374607431768211456_21000_128 | Byzantium (4/4) ... ok
   - static_RawCallGasAsk | Homestead (3/4) ... ok
   - static_RawCallGasAsk | Homestead (4/4) ... ok
   - static_RawCallGasAsk | Byzantium (1/4) ... ok
   - ecmul_1-2_340282366920938463463374607431768211456_28000_128 | EIP150 (1/4) ... ok
   - static_RawCallGasAsk | Byzantium (2/4) ... ok
   - ecmul_1-2_340282366920938463463374607431768211456_28000_128 | EIP150 (2/4) ... ok
   - static_RawCallGasAsk | Byzantium (3/4) ... ok
   - ecmul_1-2_340282366920938463463374607431768211456_28000_128 | EIP150 (3/4) ... ok
   - static_RawCallGasAsk | Byzantium (4/4) ... ok
   - ecmul_1-2_340282366920938463463374607431768211456_28000_128 | EIP150 (4/4) ... ok
   - static_callCreate3 | EIP150 (1/1) ... ok
   - ecmul_1-2_340282366920938463463374607431768211456_28000_128 | EIP158 (1/4) ... ok
   - static_callCreate3 | EIP158 (1/1) ... ok
   - ecmul_1-2_340282366920938463463374607431768211456_28000_128 | EIP158 (2/4) ... ok
   - static_callCreate3 | Frontier (1/1) ... ok
   - ecmul_1-2_340282366920938463463374607431768211456_28000_128 | EIP158 (3/4) ... ok
   - static_callCreate3 | Homestead (1/1) ... ok
   - static_callCreate3 | Byzantium (1/1) ... ok
   - static_ReturnTest | EIP150 (1/1) ... ok
   - static_ReturnTest | EIP158 (1/1) ... ok
   - static_ReturnTest | Frontier (1/1) ... ok
   - static_ReturnTest | Homestead (1/1) ... ok
   - static_ReturnTest | Byzantium (1/1) ... ok
   - static_RevertOpcodeCalls | EIP150 (1/2) ... ok
   - static_RevertOpcodeCalls | EIP150 (2/2) ... ok
   - ecmul_1-2_340282366920938463463374607431768211456_28000_128 | EIP158 (4/4) ... ok
   - static_RevertOpcodeCalls | EIP158 (1/2) ... ok
   - ecmul_1-2_340282366920938463463374607431768211456_28000_128 | Frontier (1/4) ... ok
   - static_RevertOpcodeCalls | EIP158 (2/2) ... ok
   - ecmul_1-2_340282366920938463463374607431768211456_28000_128 | Frontier (2/4) ... ok
   - static_RevertOpcodeCalls | Frontier (1/2) ... ok
   - ecmul_1-2_340282366920938463463374607431768211456_28000_128 | Frontier (3/4) ... ok
   - static_RevertOpcodeCalls | Frontier (2/2) ... ok
   - static_RevertOpcodeCalls | Homestead (1/2) ... ok
   - static_RevertOpcodeCalls | Homestead (2/2) ... ok
   - static_RevertOpcodeCalls | Byzantium (1/2) ... ok
   - static_RevertOpcodeCalls | Byzantium (2/2) ... ok
   - static_callBasic | EIP150 (1/4) ... ok
   - static_callBasic | EIP150 (2/4) ... ok
ok
   - ecmul_1-2_340282366920938463463374607431768211456_28000_128 | Frontier (4/4) ... ok
   - ecmul_1-2_340282366920938463463374607431768211456_28000_128 | Homestead (1/4) ... ok
   - ecmul_1-2_340282366920938463463374607431768211456_28000_128 | Homestead (2/4) ... ok
   - ecmul_1-2_5617_21000_96_d0g3v0_Byzantium...   - ecmul_1-2_340282366920938463463374607431768211456_28000_128 | Homestead (3/4) ... ok
   - ecmul_1-2_340282366920938463463374607431768211456_28000_128 | Homestead (4/4) ... ok
   - ecmul_1-2_340282366920938463463374607431768211456_28000_128 | Byzantium (1/4) ... ok
   - static_callBasic | EIP150 (3/4) ... ok
   - static_callBasic | EIP150 (4/4) ... ok
   - ecmul_1-2_340282366920938463463374607431768211456_28000_128 | Byzantium (2/4) ... ok
   - static_callBasic | EIP158 (1/4) ... ok
   - ecmul_1-2_340282366920938463463374607431768211456_28000_128 | Byzantium (3/4) ... ok
   - static_callBasic | EIP158 (2/4) ... ok
   - static_callBasic | EIP158 (3/4) ... ok
   - ecmul_1-2_340282366920938463463374607431768211456_28000_128 | Byzantium (4/4) ... ok
   - static_callBasic | EIP158 (4/4) ... ok
   - static_callBasic | Frontier (1/4) ... ok
   - ecadd_0-0_0-0_21000_80 | EIP150 (1/4) ... ok
   - static_callBasic | Frontier (2/4) ... ok
   - static_callBasic | Frontier (3/4) ... ok
   - static_callBasic | Frontier (4/4) ... ok
   - static_callBasic | Homestead (1/4) ... ok
   - static_callBasic | Homestead (2/4) ... ok
   - ecadd_0-0_0-0_21000_80 | EIP150 (2/4) ... ok
   - static_callBasic | Homestead (3/4) ... ok
   - ecadd_0-0_0-0_21000_80 | EIP150 (3/4) ... ok
   - static_callBasic | Homestead (4/4) ... ok
   - ecadd_0-0_0-0_21000_80 | EIP150 (4/4) ... ok
   - static_callBasic | Byzantium (1/4) ... ok
   - static_callBasic | Byzantium (2/4) ... ok
   - static_callBasic | Byzantium (3/4) ... ok
   - static_callBasic | Byzantium (4/4) ... ok
   - static_callcodecallcodecall_110_OOGE2 | EIP150 (1/3) ... ok
   - static_callcodecallcodecall_110_OOGE2 | EIP150 (2/3) ... ok
   - static_callcodecallcodecall_110_OOGE2 | EIP150 (3/3) ... ok
   - ecadd_0-0_0-0_21000_80 | EIP158 (1/4) ... ok
   - static_callcodecallcodecall_110_OOGE2 | EIP158 (1/3) ... ok
   - ecadd_0-0_0-0_21000_80 | EIP158 (2/4) ... ok
   - static_callcodecallcodecall_110_OOGE2 | EIP158 (2/3) ... ok
   - ecadd_0-0_0-0_21000_80 | EIP158 (3/4) ... ok
   - static_callcodecallcodecall_110_OOGE2 | EIP158 (3/3) ... ok
   - ecadd_0-0_0-0_21000_80 | EIP158 (4/4) ... ok
   - static_callcodecallcodecall_110_OOGE2 | Frontier (1/3) ... ok
   - static_callcodecallcodecall_110_OOGE2 | Frontier (2/3) ... ok
   - ecadd_0-0_0-0_21000_80 | Frontier (1/4) ... ok
   - static_callcodecallcodecall_110_OOGE2 | Frontier (3/3) ... ok
   - ecadd_0-0_0-0_21000_80 | Frontier (2/4) ... ok
   - static_callcodecallcodecall_110_OOGE2 | Homestead (1/3) ... ok
   - static_callcodecallcodecall_110_OOGE2 | Homestead (2/3) ... ok
   - static_callcodecallcodecall_110_OOGE2 | Homestead (3/3) ... ok
   - static_callcodecallcodecall_110_OOGE2 | Byzantium (1/3) ... ok
   - static_callcodecallcodecall_110_OOGE2 | Byzantium (2/3) ... ok
   - static_callcodecallcodecall_110_OOGE2 | Byzantium (3/3) ... ok
   - static_LoopCallsDepthThenRevert3 | EIP150 (1/1) ... ok
   - ecadd_0-0_0-0_21000_80 | Frontier (3/4) ... ok
   - static_LoopCallsDepthThenRevert3 | EIP158 (1/1) ... ok
   - ecadd_0-0_0-0_21000_80 | Frontier (4/4) ... ok
   - static_LoopCallsDepthThenRevert3 | Frontier (1/1) ... ok
   - ecadd_0-0_0-0_21000_80 | Homestead (1/4) ... ok
   - static_LoopCallsDepthThenRevert3 | Homestead (1/1) ... ok
   - ecadd_0-0_0-0_21000_80 | Homestead (2/4) ... ok
   - ecadd_0-0_0-0_21000_80 | Homestead (3/4) ... ok
   - ecadd_0-0_0-0_21000_80 | Homestead (4/4) ... ok
   - ecadd_0-0_0-0_21000_80 | Byzantium (1/4) ... ok
   - ecadd_0-0_0-0_21000_80 | Byzantium (2/4) ... ok
   - ecadd_0-0_0-0_21000_80 | Byzantium (3/4) ... ok
   - ecadd_0-0_0-0_21000_80 | Byzantium (4/4) ... ok
   - ecmul_1-3_9935_21000_128 | EIP150 (1/4) ... ok
   - ecmul_1-3_9935_21000_128 | EIP150 (2/4) ... ok
   - ecmul_1-3_9935_21000_128 | EIP150 (3/4) ... ok
ok
   - ecmul_1-3_9935_21000_128 | EIP150 (4/4) ... ok
   - ecmul_1-2_5617_21000_96_d0g3v0_EIP150...   - ecmul_1-3_9935_21000_128 | EIP158 (1/4) ... ok
   - ecmul_1-3_9935_21000_128 | EIP158 (2/4) ... ok
   - ecmul_1-3_9935_21000_128 | EIP158 (3/4) ... ok
   - ecmul_1-3_9935_21000_128 | EIP158 (4/4) ... ok
   - ecmul_1-3_9935_21000_128 | Frontier (1/4) ... ok
   - ecmul_1-3_9935_21000_128 | Frontier (2/4) ... ok
   - ecmul_1-3_9935_21000_128 | Frontier (3/4) ... ok
   - ecmul_1-3_9935_21000_128 | Frontier (4/4) ... ok
   - ecmul_1-3_9935_21000_128 | Homestead (1/4) ... ok
   - ecmul_1-3_9935_21000_128 | Homestead (2/4) ... ok
   - ecmul_1-3_9935_21000_128 | Homestead (3/4) ... ok
   - ecmul_1-3_9935_21000_128 | Homestead (4/4) ... ok
   - ecmul_1-3_9935_21000_128 | Byzantium (1/4) ... ok
   - ecmul_1-3_9935_21000_128 | Byzantium (2/4) ... ok
   - ecmul_1-3_9935_21000_128 | Byzantium (3/4) ... ok
   - ecmul_1-3_9935_21000_128 | Byzantium (4/4) ... ok
   - ecpairing_one_point_with_g1_zero | EIP150 (1/4) ... ok
   - ecpairing_one_point_with_g1_zero | EIP150 (2/4) ... ok
   - ecpairing_one_point_with_g1_zero | EIP150 (3/4) ... ok
   - ecpairing_one_point_with_g1_zero | EIP150 (4/4) ... ok
   - ecpairing_one_point_with_g1_zero | EIP158 (1/4) ... ok
   - ecpairing_one_point_with_g1_zero | EIP158 (2/4) ... ok
   - ecpairing_one_point_with_g1_zero | EIP158 (3/4) ... ok
   - ecpairing_one_point_with_g1_zero | EIP158 (4/4) ... ok
   - ecpairing_one_point_with_g1_zero | Frontier (1/4) ... ok
   - ecpairing_one_point_with_g1_zero | Frontier (2/4) ... ok
   - ecpairing_one_point_with_g1_zero | Frontier (3/4) ... ok
ok
   - ecmul_1-2_5617_21000_96_d0g3v0_EIP158...   - ecpairing_one_point_with_g1_zero | Frontier (4/4) ... ok
   - ecpairing_one_point_with_g1_zero | Homestead (1/4) ... ok
   - ecpairing_one_point_with_g1_zero | Homestead (2/4) ... ok
   - ecpairing_one_point_with_g1_zero | Homestead (3/4) ... ok
   - ecpairing_one_point_with_g1_zero | Homestead (4/4) ... ok
   - ecpairing_one_point_with_g1_zero | Byzantium (1/4) ... ok
   - ecpairing_one_point_with_g1_zero | Byzantium (2/4) ... ok
   - ecpairing_one_point_with_g1_zero | Byzantium (3/4) ... ok
   - ecpairing_one_point_with_g1_zero | Byzantium (4/4) ... ok
   - ecmul_0-0_2_28000_128 | EIP150 (1/4) ... ok
   - ecmul_0-0_2_28000_128 | EIP150 (2/4) ... ok
   - static_LoopCallsDepthThenRevert3 | Byzantium (1/1) ... ok
   - ecmul_0-0_2_28000_128 | EIP150 (3/4) ... ok
   - ecmul_0-0_2_28000_128 | EIP150 (4/4) ... ok
   - static_callcodecallcall_ABCB_RECURSIVE2 | EIP150 (1/2) ... ok
   - ecmul_0-0_2_28000_128 | EIP158 (1/4) ... ok
   - static_callcodecallcall_ABCB_RECURSIVE2 | EIP150 (2/2) ... ok
   - ecmul_0-0_2_28000_128 | EIP158 (2/4) ... ok
   - static_callcodecallcall_ABCB_RECURSIVE2 | EIP158 (1/2) ... ok
   - ecmul_0-0_2_28000_128 | EIP158 (3/4) ... ok
   - ecmul_0-0_2_28000_128 | EIP158 (4/4) ... ok
   - static_callcodecallcall_ABCB_RECURSIVE2 | EIP158 (2/2) ... ok
   - static_callcodecallcall_ABCB_RECURSIVE2 | Frontier (1/2) ... ok
   - static_callcodecallcall_ABCB_RECURSIVE2 | Frontier (2/2) ... ok
   - static_callcodecallcall_ABCB_RECURSIVE2 | Homestead (1/2) ... ok
   - static_callcodecallcall_ABCB_RECURSIVE2 | Homestead (2/2) ... ok
   - ecmul_0-0_2_28000_128 | Frontier (1/4) ... ok
   - ecmul_0-0_2_28000_128 | Frontier (2/4) ... ok
   - ecmul_0-0_2_28000_128 | Frontier (3/4) ... ok
   - ecmul_0-0_2_28000_128 | Frontier (4/4) ... ok
   - ecmul_0-0_2_28000_128 | Homestead (1/4) ... ok
ok
   - ecmul_1-2_5617_21000_96_d0g3v0_Frontier...   - ecmul_0-0_2_28000_128 | Homestead (2/4) ... ok
   - ecmul_0-0_2_28000_128 | Homestead (3/4) ... ok
   - static_callcodecallcall_ABCB_RECURSIVE2 | Byzantium (1/2) ... ok
   - ecmul_0-0_2_28000_128 | Homestead (4/4) ... ok
   - ecmul_0-0_2_28000_128 | Byzantium (1/4) ... ok
   - static_callcodecallcall_ABCB_RECURSIVE2 | Byzantium (2/2) ... ok
   - ecmul_0-0_2_28000_128 | Byzantium (2/4) ... ok
   - static_callcodecall_10_SuicideEnd | EIP150 (1/2) ... ok
   - ecmul_0-0_2_28000_128 | Byzantium (3/4) ... ok
   - static_callcodecall_10_SuicideEnd | EIP150 (2/2) ... ok
   - ecmul_0-0_2_28000_128 | Byzantium (4/4) ... ok
   - static_callcodecall_10_SuicideEnd | EIP158 (1/2) ... ok
   - static_callcodecall_10_SuicideEnd | EIP158 (2/2) ... ok
   - ecadd_0-0_1-3_25000_128 | EIP150 (1/4) ... ok
   - static_callcodecall_10_SuicideEnd | Frontier (1/2) ... ok
   - ecadd_0-0_1-3_25000_128 | EIP150 (2/4) ... ok
   - static_callcodecall_10_SuicideEnd | Frontier (2/2) ... ok
   - ecadd_0-0_1-3_25000_128 | EIP150 (3/4) ... ok
   - static_callcodecall_10_SuicideEnd | Homestead (1/2) ... ok
   - ecadd_0-0_1-3_25000_128 | EIP150 (4/4) ... ok
   - static_callcodecall_10_SuicideEnd | Homestead (2/2) ... ok
   - ecadd_0-0_1-3_25000_128 | EIP158 (1/4) ... ok
   - static_callcodecall_10_SuicideEnd | Byzantium (1/2) ... ok
   - ecadd_0-0_1-3_25000_128 | EIP158 (2/4) ... ok
   - static_callcodecall_10_SuicideEnd | Byzantium (2/2) ... ok
   - ecadd_0-0_1-3_25000_128 | EIP158 (3/4) ... ok
   - static_callcodecallcallcode_101_OOGMAfter | EIP150 (1/1) ... ok
   - ecadd_0-0_1-3_25000_128 | EIP158 (4/4) ... ok
   - static_callcodecallcallcode_101_OOGMAfter | EIP158 (1/1) ... ok
   - ecadd_0-0_1-3_25000_128 | Frontier (1/4) ... ok
   - static_callcodecallcallcode_101_OOGMAfter | Frontier (1/1) ... ok
   - ecadd_0-0_1-3_25000_128 | Frontier (2/4) ... ok
   - static_callcodecallcallcode_101_OOGMAfter | Homestead (1/1) ... ok
   - ecadd_0-0_1-3_25000_128 | Frontier (3/4) ... ok
   - ecadd_0-0_1-3_25000_128 | Frontier (4/4) ... ok
   - static_callcodecallcallcode_101_OOGMAfter | Byzantium (1/1) ... ok
   - ecadd_0-0_1-3_25000_128 | Homestead (1/4) ... ok
   - static_CallContractToCreateContractOOG | EIP150 (1/2) ... ok
   - ecadd_0-0_1-3_25000_128 | Homestead (2/4) ... ok
   - static_CallContractToCreateContractOOG | EIP150 (2/2) ... ok
   - ecadd_0-0_1-3_25000_128 | Homestead (3/4) ... ok
   - ecadd_0-0_1-3_25000_128 | Homestead (4/4) ... ok
   - static_CallContractToCreateContractOOG | EIP158 (1/2) ... ok
   - static_CallContractToCreateContractOOG | EIP158 (2/2) ... ok
   - ecadd_0-0_1-3_25000_128 | Byzantium (1/4) ... ok
   - static_CallContractToCreateContractOOG | Frontier (1/2) ... ok
   - ecadd_0-0_1-3_25000_128 | Byzantium (2/4) ... ok
   - static_CallContractToCreateContractOOG | Frontier (2/2) ... ok
   - ecadd_0-0_1-3_25000_128 | Byzantium (3/4) ... ok
   - static_CallContractToCreateContractOOG | Homestead (1/2) ... ok
   - static_CallContractToCreateContractOOG | Homestead (2/2) ... ok
   - ecadd_0-0_1-3_25000_128 | Byzantium (4/4) ... ok
   - static_CallContractToCreateContractOOG | Byzantium (1/2) ... ok
   - static_CallContractToCreateContractOOG | Byzantium (2/2) ... ok
   - ecmul_7827-6598_1456_28000_96 | EIP150 (1/4) ... ok
   - ecmul_7827-6598_1456_28000_96 | EIP150 (2/4) ... ok
   - static_callcallcodecallcode_011_OOGMAfter2 | EIP150 (1/2) ... ok
   - ecmul_7827-6598_1456_28000_96 | EIP150 (3/4) ... ok
   - static_callcallcodecallcode_011_OOGMAfter2 | EIP150 (2/2) ... ok
   - ecmul_7827-6598_1456_28000_96 | EIP150 (4/4) ... ok
   - static_callcallcodecallcode_011_OOGMAfter2 | EIP158 (1/2) ... ok
   - static_callcallcodecallcode_011_OOGMAfter2 | EIP158 (2/2) ... ok
   - ecmul_7827-6598_1456_28000_96 | EIP158 (1/4) ... ok
   - static_callcallcodecallcode_011_OOGMAfter2 | Frontier (1/2) ... ok
   - ecmul_7827-6598_1456_28000_96 | EIP158 (2/4) ... ok
   - static_callcallcodecallcode_011_OOGMAfter2 | Frontier (2/2) ... ok
   - ecmul_7827-6598_1456_28000_96 | EIP158 (3/4) ... ok
   - static_callcallcodecallcode_011_OOGMAfter2 | Homestead (1/2) ... ok
   - ecmul_7827-6598_1456_28000_96 | EIP158 (4/4) ... ok
   - static_callcallcodecallcode_011_OOGMAfter2 | Homestead (2/2) ... ok
   - ecmul_7827-6598_1456_28000_96 | Frontier (1/4) ... ok
   - static_callcallcodecallcode_011_OOGMAfter2 | Byzantium (1/2) ... ok
   - ecmul_7827-6598_1456_28000_96 | Frontier (2/4) ... ok
   - static_callcallcodecallcode_011_OOGMAfter2 | Byzantium (2/2) ... ok
   - ecmul_7827-6598_1456_28000_96 | Frontier (3/4) ... ok
   - static_callcallcodecallcode_011 | EIP150 (1/1) ... ok
   - ecmul_7827-6598_1456_28000_96 | Frontier (4/4) ... ok
   - static_callcallcodecallcode_011 | EIP158 (1/1) ... ok
   - ecmul_7827-6598_1456_28000_96 | Homestead (1/4) ... ok
   - static_callcallcodecallcode_011 | Frontier (1/1) ... ok
   - ecmul_7827-6598_1456_28000_96 | Homestead (2/4) ... ok
   - static_callcallcodecallcode_011 | Homestead (1/1) ... ok
   - ecmul_7827-6598_1456_28000_96 | Homestead (3/4) ... ok
   - ecmul_7827-6598_1456_28000_96 | Homestead (4/4) ... ok
   - static_callcallcodecallcode_011 | Byzantium (1/1) ... ok
   - ecmul_7827-6598_1456_28000_96 | Byzantium (1/4) ... ok
   - static_callcallcodecall_010_OOGMAfter2 | EIP150 (1/2) ... ok
   - static_callcallcodecall_010_OOGMAfter2 | EIP150 (2/2) ... ok
   - ecmul_7827-6598_1456_28000_96 | Byzantium (2/4) ... ok
   - static_callcallcodecall_010_OOGMAfter2 | EIP158 (1/2) ... ok
   - static_callcallcodecall_010_OOGMAfter2 | EIP158 (2/2) ... ok
   - ecmul_7827-6598_1456_28000_96 | Byzantium (3/4) ... ok
   - static_callcallcodecall_010_OOGMAfter2 | Frontier (1/2) ... ok
   - ecmul_7827-6598_1456_28000_96 | Byzantium (4/4) ... ok
   - static_callcallcodecall_010_OOGMAfter2 | Frontier (2/2) ... ok
   - static_callcallcodecall_010_OOGMAfter2 | Homestead (1/2) ... ok
   - ecmul_7827-6598_9935_28000_96 | EIP150 (1/4) ... ok
   - static_callcallcodecall_010_OOGMAfter2 | Homestead (2/2) ... ok
   - ecmul_7827-6598_9935_28000_96 | EIP150 (2/4) ... ok
   - ecmul_7827-6598_9935_28000_96 | EIP150 (3/4) ... ok
   - static_callcallcodecall_010_OOGMAfter2 | Byzantium (1/2) ... ok
   - ecmul_7827-6598_9935_28000_96 | EIP150 (4/4) ... ok
   - static_callcallcodecall_010_OOGMAfter2 | Byzantium (2/2) ... ok
   - static_callcodecall_10_SuicideEnd2 | EIP150 (1/2) ... ok
   - ecmul_7827-6598_9935_28000_96 | EIP158 (1/4) ... ok
   - static_callcodecall_10_SuicideEnd2 | EIP150 (2/2) ... ok
   - ecmul_7827-6598_9935_28000_96 | EIP158 (2/4) ... ok
   - static_callcodecall_10_SuicideEnd2 | EIP158 (1/2) ... ok
   - ecmul_7827-6598_9935_28000_96 | EIP158 (3/4) ... ok
   - static_callcodecall_10_SuicideEnd2 | EIP158 (2/2) ... ok
   - ecmul_7827-6598_9935_28000_96 | EIP158 (4/4) ... ok
   - ecmul_7827-6598_9935_28000_96 | Frontier (1/4) ... ok
ok
   - ecmul_1-2_5617_21000_96_d0g3v0_Homestead...   - ecmul_7827-6598_9935_28000_96 | Frontier (2/4) ... ok
   - ecmul_7827-6598_9935_28000_96 | Frontier (3/4) ... ok
   - ecmul_7827-6598_9935_28000_96 | Frontier (4/4) ... ok
   - static_callcodecall_10_SuicideEnd2 | Frontier (1/2) ... ok
   - ecmul_7827-6598_9935_28000_96 | Homestead (1/4) ... ok
   - static_callcodecall_10_SuicideEnd2 | Frontier (2/2) ... ok
   - ecmul_7827-6598_9935_28000_96 | Homestead (2/4) ... ok
   - static_callcodecall_10_SuicideEnd2 | Homestead (1/2) ... ok
   - ecmul_7827-6598_9935_28000_96 | Homestead (3/4) ... ok
   - ecmul_7827-6598_9935_28000_96 | Homestead (4/4) ... ok
   - ecmul_7827-6598_9935_28000_96 | Byzantium (1/4) ... ok
   - static_callcodecall_10_SuicideEnd2 | Homestead (2/2) ... ok
   - ecmul_7827-6598_9935_28000_96 | Byzantium (2/4) ... ok
   - static_callcodecall_10_SuicideEnd2 | Byzantium (1/2) ... ok
   - static_callcodecall_10_SuicideEnd2 | Byzantium (2/2) ... ok
   - ecmul_7827-6598_9935_28000_96 | Byzantium (3/4) ... ok
   - static_callcodecallcodecall_110_SuicideEnd | EIP150 (1/2) ... ok
   - ecmul_7827-6598_9935_28000_96 | Byzantium (4/4) ... ok
   - ecmul_0-0_5617_28000_96 | EIP150 (1/4) ... ok
   - static_callcodecallcodecall_110_SuicideEnd | EIP150 (2/2) ... ok
   - ecmul_0-0_5617_28000_96 | EIP150 (2/4) ... ok
   - static_callcodecallcodecall_110_SuicideEnd | EIP158 (1/2) ... ok
   - ecmul_0-0_5617_28000_96 | EIP150 (3/4) ... ok
   - static_callcodecallcodecall_110_SuicideEnd | EIP158 (2/2) ... ok
   - ecmul_0-0_5617_28000_96 | EIP150 (4/4) ... ok
   - ecmul_0-0_5617_28000_96 | EIP158 (1/4) ... ok
   - ecmul_0-0_5617_28000_96 | EIP158 (2/4) ... ok
   - ecmul_0-0_5617_28000_96 | EIP158 (3/4) ... ok
   - ecmul_0-0_5617_28000_96 | EIP158 (4/4) ... ok
   - static_callcodecallcodecall_110_SuicideEnd | Frontier (1/2) ... ok
   - ecmul_0-0_5617_28000_96 | Frontier (1/4) ... ok
   - static_callcodecallcodecall_110_SuicideEnd | Frontier (2/2) ... ok
   - ecmul_0-0_5617_28000_96 | Frontier (2/4) ... ok
   - static_callcodecallcodecall_110_SuicideEnd | Homestead (1/2) ... ok
   - ecmul_0-0_5617_28000_96 | Frontier (3/4) ... ok
   - static_callcodecallcodecall_110_SuicideEnd | Homestead (2/2) ... ok
   - ecmul_0-0_5617_28000_96 | Frontier (4/4) ... ok
   - static_callcodecallcodecall_110_SuicideEnd | Byzantium (1/2) ... ok
   - ecmul_0-0_5617_28000_96 | Homestead (1/4) ... ok
   - static_callcodecallcodecall_110_SuicideEnd | Byzantium (2/2) ... ok
ok
   - ecmul_0-0_5617_28000_96 | Homestead (2/4) ... ok
   - ecmul_0-0_5617_28000_96 | Homestead (3/4) ... ok
   - static_log0_nonEmptyMem_logMemSize1 | EIP150 (1/1) ... ok
   - ecmul_0-0_5617_28000_96 | Homestead (4/4) ... ok
   - static_log0_nonEmptyMem_logMemSize1 | EIP158 (1/1) ... ok
   - ecmul_0-0_5617_28000_96 | Byzantium (1/4) ... ok
   - static_log0_nonEmptyMem_logMemSize1 | Frontier (1/1) ... ok
   - ecmul_0-0_5617_28000_96 | Byzantium (2/4) ... ok
   - ecmul_0-0_9_21000_96_d0g3v0_Byzantium...   - ecmul_0-0_5617_28000_96 | Byzantium (3/4) ... ok
   - static_log0_nonEmptyMem_logMemSize1 | Homestead (1/1) ... ok
   - ecmul_0-0_5617_28000_96 | Byzantium (4/4) ... ok
   - static_log0_nonEmptyMem_logMemSize1 | Byzantium (1/1) ... ok
   - static_CallRecursiveBombLog2 | EIP150 (1/1) ... ok
   - ecadd_1-2_1-2_25000_192 | EIP150 (1/4) ... ok
   - static_CallRecursiveBombLog2 | EIP158 (1/1) ... ok
   - ecadd_1-2_1-2_25000_192 | EIP150 (2/4) ... ok
   - static_CallRecursiveBombLog2 | Frontier (1/1) ... ok
   - ecadd_1-2_1-2_25000_192 | EIP150 (3/4) ... ok
   - static_CallRecursiveBombLog2 | Homestead (1/1) ... ok
   - static_CallRecursiveBombLog2 | Byzantium (1/1) ... ok
   - ecadd_1-2_1-2_25000_192 | EIP150 (4/4) ... ok
   - static_log0_nonEmptyMem | EIP150 (1/1) ... ok
   - ecadd_1-2_1-2_25000_192 | EIP158 (1/4) ... ok
   - static_log0_nonEmptyMem | EIP158 (1/1) ... ok
   - ecadd_1-2_1-2_25000_192 | EIP158 (2/4) ... ok
   - static_log0_nonEmptyMem | Frontier (1/1) ... ok
   - ecadd_1-2_1-2_25000_192 | EIP158 (3/4) ... ok
   - static_log0_nonEmptyMem | Homestead (1/1) ... ok
   - ecadd_1-2_1-2_25000_192 | EIP158 (4/4) ... ok
   - static_log0_nonEmptyMem | Byzantium (1/1) ... ok
   - ecadd_1-2_1-2_25000_192 | Frontier (1/4) ... ok
   - static_callcodecallcallcode_101_OOGMBefore2 | EIP150 (1/2) ... ok
   - ecadd_1-2_1-2_25000_192 | Frontier (2/4) ... ok
   - static_callcodecallcallcode_101_OOGMBefore2 | EIP150 (2/2) ... ok
   - ecadd_1-2_1-2_25000_192 | Frontier (3/4) ... ok
   - static_callcodecallcallcode_101_OOGMBefore2 | EIP158 (1/2) ... ok
   - static_callcodecallcallcode_101_OOGMBefore2 | EIP158 (2/2) ... ok
   - ecadd_1-2_1-2_25000_192 | Frontier (4/4) ... ok
   - static_callcodecallcallcode_101_OOGMBefore2 | Frontier (1/2) ... ok
   - ecadd_1-2_1-2_25000_192 | Homestead (1/4) ... ok
   - static_callcodecallcallcode_101_OOGMBefore2 | Frontier (2/2) ... ok
   - ecadd_1-2_1-2_25000_192 | Homestead (2/4) ... ok
   - static_callcodecallcallcode_101_OOGMBefore2 | Homestead (1/2) ... ok
   - ecadd_1-2_1-2_25000_192 | Homestead (3/4) ... ok
   - static_callcodecallcallcode_101_OOGMBefore2 | Homestead (2/2) ... ok
   - ecadd_1-2_1-2_25000_192 | Homestead (4/4) ... ok
   - static_callcodecallcallcode_101_OOGMBefore2 | Byzantium (1/2) ... ok
   - static_callcodecallcallcode_101_OOGMBefore2 | Byzantium (2/2) ... ok
   - ecadd_1-2_1-2_25000_192 | Byzantium (1/4) ... ok
   - ecadd_1-2_1-2_25000_192 | Byzantium (2/4) ... ok
   - static_callcodecallcodecall_1102 | EIP150 (1/3) ... ok
   - static_callcodecallcodecall_1102 | EIP150 (2/3) ... ok
   - ecadd_1-2_1-2_25000_192 | Byzantium (3/4) ... ok
   - static_callcodecallcodecall_1102 | EIP150 (3/3) ... ok
   - ecadd_1-2_1-2_25000_192 | Byzantium (4/4) ... ok
   - static_callcodecallcodecall_1102 | EIP158 (1/3) ... ok
   - static_callcodecallcodecall_1102 | EIP158 (2/3) ... ok
   - ecmul_0-3_9_28000_128 | EIP150 (1/4) ... ok
   - static_callcodecallcodecall_1102 | EIP158 (3/3) ... ok
   - ecmul_0-3_9_28000_128 | EIP150 (2/4) ... ok
   - static_callcodecallcodecall_1102 | Frontier (1/3) ... ok
   - ecmul_0-3_9_28000_128 | EIP150 (3/4) ... ok
   - static_callcodecallcodecall_1102 | Frontier (2/3) ... ok
   - ecmul_0-3_9_28000_128 | EIP150 (4/4) ... ok
   - static_callcodecallcodecall_1102 | Frontier (3/3) ... ok
   - ecmul_0-3_9_28000_128 | EIP158 (1/4) ... ok
   - static_callcodecallcodecall_1102 | Homestead (1/3) ... ok
   - static_callcodecallcodecall_1102 | Homestead (2/3) ... ok
   - ecmul_0-3_9_28000_128 | EIP158 (2/4) ... ok
   - static_callcodecallcodecall_1102 | Homestead (3/3) ... ok
   - ecmul_0-3_9_28000_128 | EIP158 (3/4) ... ok
   - static_callcodecallcodecall_1102 | Byzantium (1/3) ... ok
   - ecmul_0-3_9_28000_128 | EIP158 (4/4) ... ok
   - ecmul_0-3_9_28000_128 | Frontier (1/4) ... ok
   - ecmul_0-3_9_28000_128 | Frontier (2/4) ... ok
   - ecmul_0-3_9_28000_128 | Frontier (3/4) ... ok
   - ecmul_0-3_9_28000_128 | Frontier (4/4) ... ok
   - ecmul_0-3_9_28000_128 | Homestead (1/4) ... ok
   - static_callcodecallcodecall_1102 | Byzantium (2/3) ... ok
   - ecmul_0-3_9_28000_128 | Homestead (2/4) ... ok
   - static_callcodecallcodecall_1102 | Byzantium (3/3) ... ok
   - ecmul_0-3_9_28000_128 | Homestead (3/4) ... ok
   - static_callToCallOpCodeCheck | EIP150 (1/1) ... ok
   - ecmul_0-3_9_28000_128 | Homestead (4/4) ... ok
   - static_callToCallOpCodeCheck | EIP158 (1/1) ... ok
   - static_callToCallOpCodeCheck | Frontier (1/1) ... ok
   - ecmul_0-3_9_28000_128 | Byzantium (1/4) ... ok
   - static_callToCallOpCodeCheck | Homestead (1/1) ... ok
   - ecmul_0-3_9_28000_128 | Byzantium (2/4) ... ok
   - static_callToCallOpCodeCheck | Byzantium (1/1) ... ok
   - static_call_OOG_additionalGasCosts1 | EIP150 (1/1) ... ok
   - static_call_OOG_additionalGasCosts1 | EIP158 (1/1) ... ok
   - static_call_OOG_additionalGasCosts1 | Frontier (1/1) ... ok
   - ecmul_0-3_9_28000_128 | Byzantium (3/4) ... ok
   - static_call_OOG_additionalGasCosts1 | Homestead (1/1) ... ok
   - ecmul_0-3_9_28000_128 | Byzantium (4/4) ... ok
   - static_call_OOG_additionalGasCosts1 | Byzantium (1/1) ... ok
   - ecadd_1-3_0-0_21000_80 | EIP150 (1/4) ... ok
   - static_CallRecursiveBomb2 | EIP150 (1/1) ... ok
ok
   - ecmul_0-0_9_21000_96_d0g3v0_EIP150...   - ecadd_1-3_0-0_21000_80 | EIP150 (2/4) ... ok
   - static_CallRecursiveBomb2 | EIP158 (1/1) ... ok
   - ecadd_1-3_0-0_21000_80 | EIP150 (3/4) ... ok
   - static_CallRecursiveBomb2 | Frontier (1/1) ... ok
   - ecadd_1-3_0-0_21000_80 | EIP150 (4/4) ... ok
   - static_CallRecursiveBomb2 | Homestead (1/1) ... ok
   - ecadd_1-3_0-0_21000_80 | EIP158 (1/4) ... ok
   - ecadd_1-3_0-0_21000_80 | EIP158 (2/4) ... ok
   - ecadd_1-3_0-0_21000_80 | EIP158 (3/4) ... ok
   - ecadd_1-3_0-0_21000_80 | EIP158 (4/4) ... ok
   - ecadd_1-3_0-0_21000_80 | Frontier (1/4) ... ok
   - ecadd_1-3_0-0_21000_80 | Frontier (2/4) ... ok
   - ecadd_1-3_0-0_21000_80 | Frontier (3/4) ... ok
   - ecadd_1-3_0-0_21000_80 | Frontier (4/4) ... ok
   - ecadd_1-3_0-0_21000_80 | Homestead (1/4) ... ok
   - ecadd_1-3_0-0_21000_80 | Homestead (2/4) ... ok
   - ecadd_1-3_0-0_21000_80 | Homestead (3/4) ... ok
   - ecadd_1-3_0-0_21000_80 | Homestead (4/4) ... ok
   - ecadd_1-3_0-0_21000_80 | Byzantium (1/4) ... ok
   - ecadd_1-3_0-0_21000_80 | Byzantium (2/4) ... ok
   - ecadd_1-3_0-0_21000_80 | Byzantium (3/4) ... ok
   - ecadd_1-3_0-0_21000_80 | Byzantium (4/4) ... ok
   - static_CallRecursiveBomb2 | Byzantium (1/1) ... ok
   - ecmul_0-3_0_28000_64 | EIP150 (1/4) ... ok
   - static_CallRecursiveBomb3 | EIP150 (1/1) ... ok
   - ecmul_0-3_0_28000_64 | EIP150 (2/4) ... ok
   - static_CallRecursiveBomb3 | EIP158 (1/1) ... ok
   - ecmul_0-3_0_28000_64 | EIP150 (3/4) ... ok
   - static_CallRecursiveBomb3 | Frontier (1/1) ... ok
   - ecmul_0-3_0_28000_64 | EIP150 (4/4) ... ok
   - static_CallRecursiveBomb3 | Homestead (1/1) ... ok
   - ecmul_0-3_0_28000_64 | EIP158 (1/4) ... ok
   - static_CallRecursiveBomb3 | Byzantium (1/1) ... ok
   - ecmul_0-3_0_28000_64 | EIP158 (2/4) ... ok
   - static_callcodecallcallcode_101_SuicideMiddle2 | EIP150 (1/2) ... ok
   - ecmul_0-3_0_28000_64 | EIP158 (3/4) ... ok
   - static_callcodecallcallcode_101_SuicideMiddle2 | EIP150 (2/2) ... ok
   - ecmul_0-3_0_28000_64 | EIP158 (4/4) ... ok
   - static_callcodecallcallcode_101_SuicideMiddle2 | EIP158 (1/2) ... ok
   - static_callcodecallcallcode_101_SuicideMiddle2 | EIP158 (2/2) ... ok
   - ecmul_0-3_0_28000_64 | Frontier (1/4) ... ok
   - static_callcodecallcallcode_101_SuicideMiddle2 | Frontier (1/2) ... ok
   - ecmul_0-3_0_28000_64 | Frontier (2/4) ... ok
   - static_callcodecallcallcode_101_SuicideMiddle2 | Frontier (2/2) ... ok
   - ecmul_0-3_0_28000_64 | Frontier (3/4) ... ok
   - static_callcodecallcallcode_101_SuicideMiddle2 | Homestead (1/2) ... ok
   - ecmul_0-3_0_28000_64 | Frontier (4/4) ... ok
   - static_callcodecallcallcode_101_SuicideMiddle2 | Homestead (2/2) ... ok
   - ecmul_0-3_0_28000_64 | Homestead (1/4) ... ok
   - static_callcodecallcallcode_101_SuicideMiddle2 | Byzantium (1/2) ... ok
   - static_callcodecallcallcode_101_SuicideMiddle2 | Byzantium (2/2) ... ok
   - ecmul_0-3_0_28000_64 | Homestead (2/4) ... ok
   - ecmul_0-3_0_28000_64 | Homestead (3/4) ... ok
   - static_ExecuteCallThatAskForeGasThenTrabsactionHas | EIP150 (1/3) ... ok
   - static_ExecuteCallThatAskForeGasThenTrabsactionHas | EIP150 (2/3) ... ok
   - ecmul_0-3_0_28000_64 | Homestead (4/4) ... ok
   - static_ExecuteCallThatAskForeGasThenTrabsactionHas | EIP150 (3/3) ... ok
ok
   - ecmul_0-0_9_21000_96_d0g3v0_EIP158...   - ecmul_0-3_0_28000_64 | Byzantium (1/4) ... ok
   - static_ExecuteCallThatAskForeGasThenTrabsactionHas | EIP158 (1/3) ... ok
   - static_ExecuteCallThatAskForeGasThenTrabsactionHas | EIP158 (2/3) ... ok
   - static_ExecuteCallThatAskForeGasThenTrabsactionHas | EIP158 (3/3) ... ok
   - static_ExecuteCallThatAskForeGasThenTrabsactionHas | Frontier (1/3) ... ok
   - static_ExecuteCallThatAskForeGasThenTrabsactionHas | Frontier (2/3) ... ok
   - static_ExecuteCallThatAskForeGasThenTrabsactionHas | Frontier (3/3) ... ok
   - ecmul_0-3_0_28000_64 | Byzantium (2/4) ... ok
   - static_ExecuteCallThatAskForeGasThenTrabsactionHas | Homestead (1/3) ... ok
   - static_ExecuteCallThatAskForeGasThenTrabsactionHas | Homestead (2/3) ... ok
   - ecmul_0-3_0_28000_64 | Byzantium (3/4) ... ok
   - static_ExecuteCallThatAskForeGasThenTrabsactionHas | Homestead (3/3) ... ok
   - ecmul_0-3_0_28000_64 | Byzantium (4/4) ... ok
   - static_ExecuteCallThatAskForeGasThenTrabsactionHas | Byzantium (1/3) ... ok
   - static_ExecuteCallThatAskForeGasThenTrabsactionHas | Byzantium (2/3) ... ok
   - static_ExecuteCallThatAskForeGasThenTrabsactionHas | Byzantium (3/3) ... ok
   - static_callcallcallcode_001 | EIP150 (1/2) ... ok
   - static_callcallcallcode_001 | EIP150 (2/2) ... ok
   - ecadd_0-0_0-0_25000_192 | EIP150 (1/4) ... ok
   - static_callcallcallcode_001 | EIP158 (1/2) ... ok
   - static_callcallcallcode_001 | EIP158 (2/2) ... ok
   - static_callcallcallcode_001 | Frontier (1/2) ... ok
   - static_callcallcallcode_001 | Frontier (2/2) ... ok
   - static_callcallcallcode_001 | Homestead (1/2) ... ok
   - static_callcallcallcode_001 | Homestead (2/2) ... ok
   - static_callcallcallcode_001 | Byzantium (1/2) ... ok
   - static_callcallcallcode_001 | Byzantium (2/2) ... ok
   - ecadd_0-0_0-0_25000_192 | EIP150 (2/4) ... ok
   - static_callcallcodecall_010_OOGMAfter | EIP150 (1/2) ... ok
   - ecadd_0-0_0-0_25000_192 | EIP150 (3/4) ... ok
   - static_callcallcodecall_010_OOGMAfter | EIP150 (2/2) ... ok
   - ecadd_0-0_0-0_25000_192 | EIP150 (4/4) ... ok
   - static_callcallcodecall_010_OOGMAfter | EIP158 (1/2) ... ok
   - ecadd_0-0_0-0_25000_192 | EIP158 (1/4) ... ok
   - static_callcallcodecall_010_OOGMAfter | EIP158 (2/2) ... ok
   - ecadd_0-0_0-0_25000_192 | EIP158 (2/4) ... ok
   - static_callcallcodecall_010_OOGMAfter | Frontier (1/2) ... ok
   - static_callcallcodecall_010_OOGMAfter | Frontier (2/2) ... ok
   - ecadd_0-0_0-0_25000_192 | EIP158 (3/4) ... ok
   - static_callcallcodecall_010_OOGMAfter | Homestead (1/2) ... ok
   - static_callcallcodecall_010_OOGMAfter | Homestead (2/2) ... ok
   - static_callcallcodecall_010_OOGMAfter | Byzantium (1/2) ... ok
   - static_callcallcodecall_010_OOGMAfter | Byzantium (2/2) ... ok
   - static_callcallcode_01_OOGE_2 | EIP150 (1/2) ... ok
   - static_callcallcode_01_OOGE_2 | EIP150 (2/2) ... ok
   - static_callcallcode_01_OOGE_2 | EIP158 (1/2) ... ok
   - static_callcallcode_01_OOGE_2 | EIP158 (2/2) ... ok
   - static_callcallcode_01_OOGE_2 | Frontier (1/2) ... ok
   - static_callcallcode_01_OOGE_2 | Frontier (2/2) ... ok
   - ecadd_0-0_0-0_25000_192 | EIP158 (4/4) ... ok
   - static_callcallcode_01_OOGE_2 | Homestead (1/2) ... ok
   - static_callcallcode_01_OOGE_2 | Homestead (2/2) ... ok
   - ecadd_0-0_0-0_25000_192 | Frontier (1/4) ... ok
   - static_callcallcode_01_OOGE_2 | Byzantium (1/2) ... ok
   - ecadd_0-0_0-0_25000_192 | Frontier (2/4) ... ok
   - static_callcallcode_01_OOGE_2 | Byzantium (2/2) ... ok
   - ecadd_0-0_0-0_25000_192 | Frontier (3/4) ... ok
   - ecadd_0-0_0-0_25000_192 | Frontier (4/4) ... ok
   - static_callcallcallcode_001_OOGMAfter_3 | EIP150 (1/2) ... ok
   - static_callcallcallcode_001_OOGMAfter_3 | EIP150 (2/2) ... ok
   - ecadd_0-0_0-0_25000_192 | Homestead (1/4) ... ok
   - static_callcallcallcode_001_OOGMAfter_3 | EIP158 (1/2) ... ok
   - ecadd_0-0_0-0_25000_192 | Homestead (2/4) ... ok
   - static_callcallcallcode_001_OOGMAfter_3 | EIP158 (2/2) ... ok
   - ecadd_0-0_0-0_25000_192 | Homestead (3/4) ... ok
   - static_callcallcallcode_001_OOGMAfter_3 | Frontier (1/2) ... ok
   - ecadd_0-0_0-0_25000_192 | Homestead (4/4) ... ok
   - static_callcallcallcode_001_OOGMAfter_3 | Frontier (2/2) ... ok
   - static_callcallcallcode_001_OOGMAfter_3 | Homestead (1/2) ... ok
   - ecadd_0-0_0-0_25000_192 | Byzantium (1/4) ... ok
   - static_callcallcallcode_001_OOGMAfter_3 | Homestead (2/2) ... ok
   - ecadd_0-0_0-0_25000_192 | Byzantium (2/4) ... ok
ok
   - ecmul_0-0_9_21000_96_d0g3v0_Frontier...   - static_callcallcallcode_001_OOGMAfter_3 | Byzantium (1/2) ... ok
   - ecadd_0-0_0-0_25000_192 | Byzantium (3/4) ... ok
   - static_callcallcallcode_001_OOGMAfter_3 | Byzantium (2/2) ... ok
   - ecadd_0-0_0-0_25000_192 | Byzantium (4/4) ... ok
   - static_CallEcrecover2 | EIP150 (1/1) ... ok
   - ecmul_0-3_9935_28000_128 | EIP150 (1/4) ... ok
   - static_CallEcrecover2 | EIP158 (1/1) ... ok
   - static_CallEcrecover2 | Frontier (1/1) ... ok
   - ecmul_0-3_9935_28000_128 | EIP150 (2/4) ... ok
   - static_CallEcrecover2 | Homestead (1/1) ... ok
   - ecmul_0-3_9935_28000_128 | EIP150 (3/4) ... ok
   - static_CallEcrecover2 | Byzantium (1/1) ... ok
   - ecmul_0-3_9935_28000_128 | EIP150 (4/4) ... ok
   - static_CallSha256_4_gas99 | EIP150 (1/1) ... ok
   - ecmul_0-3_9935_28000_128 | EIP158 (1/4) ... ok
   - static_CallSha256_4_gas99 | EIP158 (1/1) ... ok
   - ecmul_0-3_9935_28000_128 | EIP158 (2/4) ... ok
   - static_CallSha256_4_gas99 | Frontier (1/1) ... ok
   - ecmul_0-3_9935_28000_128 | EIP158 (3/4) ... ok
   - static_CallSha256_4_gas99 | Homestead (1/1) ... ok
   - ecmul_0-3_9935_28000_128 | EIP158 (4/4) ... ok
   - static_CallSha256_4_gas99 | Byzantium (1/1) ... ok
   - ecmul_0-3_9935_28000_128 | Frontier (1/4) ... ok
   - static_callcallcodecall_ABCB_RECURSIVE2 | EIP150 (1/1) ... ok
   - ecmul_0-3_9935_28000_128 | Frontier (2/4) ... ok
   - static_callcallcodecall_ABCB_RECURSIVE2 | EIP158 (1/1) ... ok
   - ecmul_0-3_9935_28000_128 | Frontier (3/4) ... ok
   - static_callcallcodecall_ABCB_RECURSIVE2 | Frontier (1/1) ... ok
   - ecmul_0-3_9935_28000_128 | Frontier (4/4) ... ok
   - static_callcallcodecall_ABCB_RECURSIVE2 | Homestead (1/1) ... ok
   - ecmul_0-3_9935_28000_128 | Homestead (1/4) ... ok
   - ecmul_0-3_9935_28000_128 | Homestead (2/4) ... ok
   - ecmul_0-3_9935_28000_128 | Homestead (3/4) ... ok
   - ecmul_0-3_9935_28000_128 | Homestead (4/4) ... ok
   - ecmul_0-3_9935_28000_128 | Byzantium (1/4) ... ok
   - ecmul_0-3_9935_28000_128 | Byzantium (2/4) ... ok
   - ecmul_0-3_9935_28000_128 | Byzantium (3/4) ... ok
   - ecmul_0-3_9935_28000_128 | Byzantium (4/4) ... ok
   - ecmul_1-2_9935_28000_96 | EIP150 (1/4) ... ok
   - ecmul_1-2_9935_28000_96 | EIP150 (2/4) ... ok
   - ecmul_1-2_9935_28000_96 | EIP150 (3/4) ... ok
   - ecmul_1-2_9935_28000_96 | EIP150 (4/4) ... ok
   - ecmul_1-2_9935_28000_96 | EIP158 (1/4) ... ok
   - ecmul_1-2_9935_28000_96 | EIP158 (2/4) ... ok
ok
   - ecmul_0-0_9_21000_96_d0g3v0_Homestead...   - ecmul_1-2_9935_28000_96 | EIP158 (3/4) ... ok
   - static_callcallcodecall_ABCB_RECURSIVE2 | Byzantium (1/1) ... ok
   - ecmul_1-2_9935_28000_96 | EIP158 (4/4) ... ok
   - static_log_Caller | EIP150 (1/5) ... ok
   - ecmul_1-2_9935_28000_96 | Frontier (1/4) ... ok
   - static_log_Caller | EIP150 (2/5) ... ok
   - static_log_Caller | EIP150 (3/5) ... ok
   - ecmul_1-2_9935_28000_96 | Frontier (2/4) ... ok
   - static_log_Caller | EIP150 (4/5) ... ok
   - ecmul_1-2_9935_28000_96 | Frontier (3/4) ... ok
   - static_log_Caller | EIP150 (5/5) ... ok
   - ecmul_1-2_9935_28000_96 | Frontier (4/4) ... ok
   - static_log_Caller | EIP158 (1/5) ... ok
   - static_log_Caller | EIP158 (2/5) ... ok
   - ecmul_1-2_9935_28000_96 | Homestead (1/4) ... ok
   - static_log_Caller | EIP158 (3/5) ... ok
   - ecmul_1-2_9935_28000_96 | Homestead (2/4) ... ok
   - static_log_Caller | EIP158 (4/5) ... ok
   - ecmul_1-2_9935_28000_96 | Homestead (3/4) ... ok
   - static_log_Caller | EIP158 (5/5) ... ok
   - ecmul_1-2_9935_28000_96 | Homestead (4/4) ... ok
   - static_log_Caller | Frontier (1/5) ... ok
   - static_log_Caller | Frontier (2/5) ... ok
   - ecmul_1-2_9935_28000_96 | Byzantium (1/4) ... ok
   - static_log_Caller | Frontier (3/5) ... ok
   - static_log_Caller | Frontier (4/5) ... ok
   - static_log_Caller | Frontier (5/5) ... ok
   - static_log_Caller | Homestead (1/5) ... ok
   - static_log_Caller | Homestead (2/5) ... ok
   - ecmul_1-2_9935_28000_96 | Byzantium (2/4) ... ok
   - static_log_Caller | Homestead (3/5) ... ok
   - static_log_Caller | Homestead (4/5) ... ok
   - static_log_Caller | Homestead (5/5) ... ok
   - ecmul_1-2_9935_28000_96 | Byzantium (3/4) ... ok
   - static_log_Caller | Byzantium (1/5) ... ok
   - static_log_Caller | Byzantium (2/5) ... ok
   - ecmul_1-2_9935_28000_96 | Byzantium (4/4) ... ok
   - static_log_Caller | Byzantium (3/5) ... ok
   - static_log_Caller | Byzantium (4/5) ... ok
   - ecmul_0-0_340282366920938463463374607431768211456_28000_80 | EIP150 (1/4) ... ok
   - static_log_Caller | Byzantium (5/5) ... ok
   - ecmul_0-0_340282366920938463463374607431768211456_28000_80 | EIP150 (2/4) ... ok
   - ecmul_0-0_340282366920938463463374607431768211456_28000_80 | EIP150 (3/4) ... ok
   - static_CallEcrecoverR_prefixed0 | EIP150 (1/1) ... ok
   - ecmul_0-0_340282366920938463463374607431768211456_28000_80 | EIP150 (4/4) ... ok
   - static_CallEcrecoverR_prefixed0 | EIP158 (1/1) ... ok
   - static_CallEcrecoverR_prefixed0 | Frontier (1/1) ... ok
   - ecmul_0-0_340282366920938463463374607431768211456_28000_80 | EIP158 (1/4) ... ok
   - static_CallEcrecoverR_prefixed0 | Homestead (1/1) ... ok
   - ecmul_0-0_340282366920938463463374607431768211456_28000_80 | EIP158 (2/4) ... ok
   - static_CallEcrecoverR_prefixed0 | Byzantium (1/1) ... ok
   - ecmul_0-0_340282366920938463463374607431768211456_28000_80 | EIP158 (3/4) ... ok
   - ecmul_0-0_340282366920938463463374607431768211456_28000_80 | EIP158 (4/4) ... ok
   - static_ABAcalls2 | EIP150 (1/2) ... ok
   - static_ABAcalls2 | EIP150 (2/2) ... ok
   - ecmul_0-0_340282366920938463463374607431768211456_28000_80 | Frontier (1/4) ... ok
   - static_ABAcalls2 | EIP158 (1/2) ... ok
   - ecmul_0-0_340282366920938463463374607431768211456_28000_80 | Frontier (2/4) ... ok
   - static_ABAcalls2 | EIP158 (2/2) ... ok
   - ecmul_0-0_340282366920938463463374607431768211456_28000_80 | Frontier (3/4) ... ok
   - static_ABAcalls2 | Frontier (1/2) ... ok
   - ecmul_0-0_340282366920938463463374607431768211456_28000_80 | Frontier (4/4) ... ok
   - static_ABAcalls2 | Frontier (2/2) ... ok
   - ecmul_0-0_340282366920938463463374607431768211456_28000_80 | Homestead (1/4) ... ok
   - static_ABAcalls2 | Homestead (1/2) ... ok
   - ecmul_0-0_340282366920938463463374607431768211456_28000_80 | Homestead (2/4) ... ok
   - static_ABAcalls2 | Homestead (2/2) ... ok
   - ecmul_0-0_340282366920938463463374607431768211456_28000_80 | Homestead (3/4) ... ok
   - static_ABAcalls2 | Byzantium (1/2) ... ok
   - ecmul_0-0_340282366920938463463374607431768211456_28000_80 | Homestead (4/4) ... ok
   - ecmul_0-0_340282366920938463463374607431768211456_28000_80 | Byzantium (1/4) ... ok
   - ecmul_0-0_340282366920938463463374607431768211456_28000_80 | Byzantium (2/4) ... ok
   - ecmul_0-0_340282366920938463463374607431768211456_28000_80 | Byzantium (3/4) ... ok
   - ecmul_0-0_340282366920938463463374607431768211456_28000_80 | Byzantium (4/4) ... ok
   - ecmul_1-3_0_21000_80 | EIP150 (1/4) ... ok
   - ecmul_1-3_0_21000_80 | EIP150 (2/4) ... ok
   - ecmul_1-3_0_21000_80 | EIP150 (3/4) ... ok
   - ecmul_1-3_0_21000_80 | EIP150 (4/4) ... ok
   - static_ABAcalls2 | Byzantium (2/2) ... ok
   - ecmul_1-3_0_21000_80 | EIP158 (1/4) ... ok
   - static_CallEcrecoverS_prefixed0 | EIP150 (1/1) ... ok
   - ecmul_1-3_0_21000_80 | EIP158 (2/4) ... ok
   - static_CallEcrecoverS_prefixed0 | EIP158 (1/1) ... ok
   - ecmul_1-3_0_21000_80 | EIP158 (3/4) ... ok
   - static_CallEcrecoverS_prefixed0 | Frontier (1/1) ... ok
   - ecmul_1-3_0_21000_80 | EIP158 (4/4) ... ok
   - static_CallEcrecoverS_prefixed0 | Homestead (1/1) ... ok
   - ecmul_1-3_0_21000_80 | Frontier (1/4) ... ok
   - static_CallEcrecoverS_prefixed0 | Byzantium (1/1) ... ok
ok
   - ecmul_1-3_0_21000_80 | Frontier (2/4) ... ok
   - static_callcallcodecallcode_ABCB_RECURSIVE | EIP150 (1/1) ... ok
   - ecmul_1-3_0_21000_80 | Frontier (3/4) ... ok
   - static_callcallcodecallcode_ABCB_RECURSIVE | EIP158 (1/1) ... ok
   - ecmul_1-3_0_21000_80 | Frontier (4/4) ... ok
   - static_callcallcodecallcode_ABCB_RECURSIVE | Frontier (1/1) ... ok
   - static_callcallcodecallcode_ABCB_RECURSIVE | Homestead (1/1) ... ok
   - ecmul_1-3_0_21000_80 | Homestead (1/4) ... ok
   - ecmul_1-3_0_21000_80 | Homestead (2/4) ... ok
   - ecmul_1-3_0_21000_80 | Homestead (3/4) ... ok
   - static_callcallcodecallcode_ABCB_RECURSIVE | Byzantium (1/1) ... ok
   - ecmul_1-3_0_21000_80 | Homestead (4/4) ... ok
   - static_CallRecursiveBomb1 | EIP150 (1/1) ... ok
   - ecmul_1-3_0_21000_80 | Byzantium (1/4) ... ok
   - ecmul_1-3_340282366920938463463374607431768211456_21000_96_d0g2v0_Byzantium...   - static_CallRecursiveBomb1 | EIP158 (1/1) ... ok
   - ecmul_1-3_0_21000_80 | Byzantium (2/4) ... ok
   - static_CallRecursiveBomb1 | Frontier (1/1) ... ok
   - ecmul_1-3_0_21000_80 | Byzantium (3/4) ... ok
   - static_CallRecursiveBomb1 | Homestead (1/1) ... ok
   - ecmul_1-3_0_21000_80 | Byzantium (4/4) ... ok
   - ecmul_1-2_5617_28000_96 | EIP150 (1/4) ... ok
   - ecmul_1-2_5617_28000_96 | EIP150 (2/4) ... ok
   - ecmul_1-2_5617_28000_96 | EIP150 (3/4) ... ok
   - ecmul_1-2_5617_28000_96 | EIP150 (4/4) ... ok
   - ecmul_1-2_5617_28000_96 | EIP158 (1/4) ... ok
   - ecmul_1-2_5617_28000_96 | EIP158 (2/4) ... ok
   - ecmul_1-2_5617_28000_96 | EIP158 (3/4) ... ok
   - ecmul_1-2_5617_28000_96 | EIP158 (4/4) ... ok
   - static_CallRecursiveBomb1 | Byzantium (1/1) ... ok
   - ecmul_1-2_5617_28000_96 | Frontier (1/4) ... ok
   - static_ZeroValue_SUICIDE_OOGRevert | EIP150 (1/1) ... ok
   - static_ZeroValue_SUICIDE_OOGRevert | EIP158 (1/1) ... ok
   - static_ZeroValue_SUICIDE_OOGRevert | Frontier (1/1) ... ok
   - ecmul_1-2_5617_28000_96 | Frontier (2/4) ... ok
   - static_ZeroValue_SUICIDE_OOGRevert | Homestead (1/1) ... ok
   - ecmul_1-2_5617_28000_96 | Frontier (3/4) ... ok
   - static_ZeroValue_SUICIDE_OOGRevert | Byzantium (1/1) ... ok
   - ecmul_1-2_5617_28000_96 | Frontier (4/4) ... ok
   - static_callcallcodecall_010_OOGMBefore | EIP150 (1/2) ... ok
   - static_callcallcodecall_010_OOGMBefore | EIP150 (2/2) ... ok
   - ecmul_1-2_5617_28000_96 | Homestead (1/4) ... ok
   - static_callcallcodecall_010_OOGMBefore | EIP158 (1/2) ... ok
   - ecmul_1-2_5617_28000_96 | Homestead (2/4) ... ok
   - static_callcallcodecall_010_OOGMBefore | EIP158 (2/2) ... ok
   - ecmul_1-2_5617_28000_96 | Homestead (3/4) ... ok
   - static_callcallcodecall_010_OOGMBefore | Frontier (1/2) ... ok
   - static_callcallcodecall_010_OOGMBefore | Frontier (2/2) ... ok
   - ecmul_1-2_5617_28000_96 | Homestead (4/4) ... ok
   - static_callcallcodecall_010_OOGMBefore | Homestead (1/2) ... ok
   - ecmul_1-2_5617_28000_96 | Byzantium (1/4) ... ok
   - static_callcallcodecall_010_OOGMBefore | Homestead (2/2) ... ok
   - ecmul_1-2_5617_28000_96 | Byzantium (2/4) ... ok
   - static_callcallcodecall_010_OOGMBefore | Byzantium (1/2) ... ok
   - ecmul_1-2_5617_28000_96 | Byzantium (3/4) ... ok
   - static_callcallcodecall_010_OOGMBefore | Byzantium (2/2) ... ok
   - ecmul_1-2_5617_28000_96 | Byzantium (4/4) ... ok
   - static_callcodecallcall_ABCB_RECURSIVE | EIP150 (1/1) ... ok
   - ecmul_0-3_2_28000_128 | EIP150 (1/4) ... ok
   - static_callcodecallcall_ABCB_RECURSIVE | EIP158 (1/1) ... ok
   - static_callcodecallcall_ABCB_RECURSIVE | Frontier (1/1) ... ok
   - static_callcodecallcall_ABCB_RECURSIVE | Homestead (1/1) ... ok
ok
   - ecmul_1-3_340282366920938463463374607431768211456_21000_96_d0g2v0_EIP150...   - ecmul_0-3_2_28000_128 | EIP150 (2/4) ... ok
   - static_callcodecallcall_ABCB_RECURSIVE | Byzantium (1/1) ... ok
   - ecmul_0-3_2_28000_128 | EIP150 (3/4) ... ok
   - static_callcallcallcode_001_2 | EIP150 (1/2) ... ok
   - ecmul_0-3_2_28000_128 | EIP150 (4/4) ... ok
   - static_callcallcallcode_001_2 | EIP150 (2/2) ... ok
   - static_callcallcallcode_001_2 | EIP158 (1/2) ... ok
   - ecmul_0-3_2_28000_128 | EIP158 (1/4) ... ok
   - ecmul_0-3_2_28000_128 | EIP158 (2/4) ... ok
   - static_callcallcallcode_001_2 | EIP158 (2/2) ... ok
   - ecmul_0-3_2_28000_128 | EIP158 (3/4) ... ok
   - static_callcallcallcode_001_2 | Frontier (1/2) ... ok
   - static_callcallcallcode_001_2 | Frontier (2/2) ... ok
   - ecmul_0-3_2_28000_128 | EIP158 (4/4) ... ok
   - static_callcallcallcode_001_2 | Homestead (1/2) ... ok
   - ecmul_0-3_2_28000_128 | Frontier (1/4) ... ok
   - static_callcallcallcode_001_2 | Homestead (2/2) ... ok
   - ecmul_0-3_2_28000_128 | Frontier (2/4) ... ok
   - ecmul_0-3_2_28000_128 | Frontier (3/4) ... ok
   - static_callcallcallcode_001_2 | Byzantium (1/2) ... ok
   - ecmul_0-3_2_28000_128 | Frontier (4/4) ... ok
   - static_callcallcallcode_001_2 | Byzantium (2/2) ... ok
   - ecmul_0-3_2_28000_128 | Homestead (1/4) ... ok
   - static_callcallcallcode_ABCB_RECURSIVE2 | EIP150 (1/1) ... ok
   - ecmul_0-3_2_28000_128 | Homestead (2/4) ... ok
   - static_callcallcallcode_ABCB_RECURSIVE2 | EIP158 (1/1) ... ok
   - ecmul_0-3_2_28000_128 | Homestead (3/4) ... ok
   - static_callcallcallcode_ABCB_RECURSIVE2 | Frontier (1/1) ... ok
   - static_callcallcallcode_ABCB_RECURSIVE2 | Homestead (1/1) ... ok
   - ecmul_0-3_2_28000_128 | Homestead (4/4) ... ok
   - ecmul_0-3_2_28000_128 | Byzantium (1/4) ... ok
   - ecmul_0-3_2_28000_128 | Byzantium (2/4) ... ok
   - ecmul_0-3_2_28000_128 | Byzantium (3/4) ... ok
   - ecmul_0-3_2_28000_128 | Byzantium (4/4) ... ok
   - static_callcallcallcode_ABCB_RECURSIVE2 | Byzantium (1/1) ... ok
   - static_callcodecallcall_100_OOGMAfter | EIP150 (1/1) ... ok
   - ecmul_7827-6598_1456_21000_128 | EIP150 (1/4) ... ok
   - static_callcodecallcall_100_OOGMAfter | EIP158 (1/1) ... ok
   - ecmul_7827-6598_1456_21000_128 | EIP150 (2/4) ... ok
   - static_callcodecallcall_100_OOGMAfter | Frontier (1/1) ... ok
   - ecmul_7827-6598_1456_21000_128 | EIP150 (3/4) ... ok
   - static_callcodecallcall_100_OOGMAfter | Homestead (1/1) ... ok
   - ecmul_7827-6598_1456_21000_128 | EIP150 (4/4) ... ok
   - static_callcodecallcall_100_OOGMAfter | Byzantium (1/1) ... ok
   - ecmul_7827-6598_1456_21000_128 | EIP158 (1/4) ... ok
   - ecmul_7827-6598_1456_21000_128 | EIP158 (2/4) ... ok
   - static_callcodecallcodecall_110_OOGMBefore | EIP150 (1/1) ... ok
   - ecmul_7827-6598_1456_21000_128 | EIP158 (3/4) ... ok
   - static_callcodecallcodecall_110_OOGMBefore | EIP158 (1/1) ... ok
   - ecmul_7827-6598_1456_21000_128 | EIP158 (4/4) ... ok
   - static_callcodecallcodecall_110_OOGMBefore | Frontier (1/1) ... ok
   - ecmul_7827-6598_1456_21000_128 | Frontier (1/4) ... ok
   - ecmul_7827-6598_1456_21000_128 | Frontier (2/4) ... ok
   - static_callcodecallcodecall_110_OOGMBefore | Homestead (1/1) ... ok
   - ecmul_7827-6598_1456_21000_128 | Frontier (3/4) ... ok
   - static_callcodecallcodecall_110_OOGMBefore | Byzantium (1/1) ... ok
   - ecmul_7827-6598_1456_21000_128 | Frontier (4/4) ... ok
   - static_contractCreationOOGdontLeaveEmptyContractViaTransaction | EIP150 (1/1) ... ok
   - ecmul_7827-6598_1456_21000_128 | Homestead (1/4) ... ok
   - static_contractCreationOOGdontLeaveEmptyContractViaTransaction | EIP158 (1/1) ... ok
   - ecmul_7827-6598_1456_21000_128 | Homestead (2/4) ... ok
   - static_contractCreationOOGdontLeaveEmptyContractViaTransaction | Frontier (1/1) ... ok
   - ecmul_7827-6598_1456_21000_128 | Homestead (3/4) ... ok
   - ecmul_7827-6598_1456_21000_128 | Homestead (4/4) ... ok
   - static_contractCreationOOGdontLeaveEmptyContractViaTransaction | Homestead (1/1) ... ok
   - ecmul_7827-6598_1456_21000_128 | Byzantium (1/4) ... ok
   - static_contractCreationOOGdontLeaveEmptyContractViaTransaction | Byzantium (1/1) ... ok
   - ecmul_7827-6598_1456_21000_128 | Byzantium (2/4) ... ok
   - ecmul_7827-6598_1456_21000_128 | Byzantium (3/4) ... ok
   - static_CheckOpcodes3 | EIP150 (1/20) ... ok
   - static_CheckOpcodes3 | EIP150 (2/20) ... ok
   - ecmul_7827-6598_1456_21000_128 | Byzantium (4/4) ... ok
   - static_CheckOpcodes3 | EIP150 (3/20) ... ok
   - static_CheckOpcodes3 | EIP150 (4/20) ... ok
   - ecmul_0-3_5617_28000_128 | EIP150 (1/4) ... ok
   - static_CheckOpcodes3 | EIP150 (5/20) ... ok
   - static_CheckOpcodes3 | EIP150 (6/20) ... ok
   - static_CheckOpcodes3 | EIP150 (7/20) ... ok
   - static_CheckOpcodes3 | EIP150 (8/20) ... ok
   - static_CheckOpcodes3 | EIP150 (9/20) ... ok
   - ecmul_0-3_5617_28000_128 | EIP150 (2/4) ... ok
   - static_CheckOpcodes3 | EIP150 (10/20) ... ok
   - ecmul_0-3_5617_28000_128 | EIP150 (3/4) ... ok
   - static_CheckOpcodes3 | EIP150 (11/20) ... ok
   - ecmul_0-3_5617_28000_128 | EIP150 (4/4) ... ok
ok
   - ecmul_1-3_340282366920938463463374607431768211456_21000_96_d0g2v0_EIP158...   - static_CheckOpcodes3 | EIP150 (12/20) ... ok
   - ecmul_0-3_5617_28000_128 | EIP158 (1/4) ... ok
   - static_CheckOpcodes3 | EIP150 (13/20) ... ok
   - ecmul_0-3_5617_28000_128 | EIP158 (2/4) ... ok
   - static_CheckOpcodes3 | EIP150 (14/20) ... ok
   - static_CheckOpcodes3 | EIP150 (15/20) ... ok
   - static_CheckOpcodes3 | EIP150 (16/20) ... ok
   - static_CheckOpcodes3 | EIP150 (17/20) ... ok
   - ecmul_0-3_5617_28000_128 | EIP158 (3/4) ... ok
   - static_CheckOpcodes3 | EIP150 (18/20) ... ok
   - ecmul_0-3_5617_28000_128 | EIP158 (4/4) ... ok
   - static_CheckOpcodes3 | EIP150 (19/20) ... ok
   - static_CheckOpcodes3 | EIP150 (20/20) ... ok
   - static_CheckOpcodes3 | EIP158 (1/20) ... ok
   - ecmul_0-3_5617_28000_128 | Frontier (1/4) ... ok
   - static_CheckOpcodes3 | EIP158 (2/20) ... ok
   - ecmul_0-3_5617_28000_128 | Frontier (2/4) ... ok
   - static_CheckOpcodes3 | EIP158 (3/20) ... ok
   - static_CheckOpcodes3 | EIP158 (4/20) ... ok
   - ecmul_0-3_5617_28000_128 | Frontier (3/4) ... ok
   - static_CheckOpcodes3 | EIP158 (5/20) ... ok
   - ecmul_0-3_5617_28000_128 | Frontier (4/4) ... ok
   - static_CheckOpcodes3 | EIP158 (6/20) ... ok
   - static_CheckOpcodes3 | EIP158 (7/20) ... ok
   - ecmul_0-3_5617_28000_128 | Homestead (1/4) ... ok
   - static_CheckOpcodes3 | EIP158 (8/20) ... ok
   - ecmul_0-3_5617_28000_128 | Homestead (2/4) ... ok
   - static_CheckOpcodes3 | EIP158 (9/20) ... ok
   - static_CheckOpcodes3 | EIP158 (10/20) ... ok
   - static_CheckOpcodes3 | EIP158 (11/20) ... ok
   - static_CheckOpcodes3 | EIP158 (12/20) ... ok
   - ecmul_0-3_5617_28000_128 | Homestead (3/4) ... ok
   - static_CheckOpcodes3 | EIP158 (13/20) ... ok
   - static_CheckOpcodes3 | EIP158 (14/20) ... ok
   - ecmul_0-3_5617_28000_128 | Homestead (4/4) ... ok
   - static_CheckOpcodes3 | EIP158 (15/20) ... ok
   - ecmul_0-3_5617_28000_128 | Byzantium (1/4) ... ok
   - static_CheckOpcodes3 | EIP158 (16/20) ... ok
   - static_CheckOpcodes3 | EIP158 (17/20) ... ok
   - static_CheckOpcodes3 | EIP158 (18/20) ... ok
   - static_CheckOpcodes3 | EIP158 (19/20) ... ok
   - static_CheckOpcodes3 | EIP158 (20/20) ... ok
   - static_CheckOpcodes3 | Frontier (1/20) ... ok
   - static_CheckOpcodes3 | Frontier (2/20) ... ok
   - static_CheckOpcodes3 | Frontier (3/20) ... ok
   - ecmul_0-3_5617_28000_128 | Byzantium (2/4) ... ok
   - static_CheckOpcodes3 | Frontier (4/20) ... ok
   - ecmul_0-3_5617_28000_128 | Byzantium (3/4) ... ok
   - static_CheckOpcodes3 | Frontier (5/20) ... ok
   - ecmul_0-3_5617_28000_128 | Byzantium (4/4) ... ok
   - static_CheckOpcodes3 | Frontier (6/20) ... ok
ok
   - ecmul_1-3_340282366920938463463374607431768211456_21000_96_d0g2v0_Frontier...   - static_CheckOpcodes3 | Frontier (7/20) ... ok
   - static_CheckOpcodes3 | Frontier (8/20) ... ok
   - ecmul_0-0_9_21000_96 | EIP150 (1/4) ... ok
   - static_CheckOpcodes3 | Frontier (9/20) ... ok
   - static_CheckOpcodes3 | Frontier (10/20) ... ok
   - ecmul_0-0_9_21000_96 | EIP150 (2/4) ... ok
   - static_CheckOpcodes3 | Frontier (11/20) ... ok
   - ecmul_0-0_9_21000_96 | EIP150 (3/4) ... ok
   - static_CheckOpcodes3 | Frontier (12/20) ... ok
   - ecmul_0-0_9_21000_96 | EIP150 (4/4) ... ok
   - static_CheckOpcodes3 | Frontier (13/20) ... ok
   - ecmul_0-0_9_21000_96 | EIP158 (1/4) ... ok
   - static_CheckOpcodes3 | Frontier (14/20) ... ok
   - ecmul_0-0_9_21000_96 | EIP158 (2/4) ... ok
   - ecmul_0-0_9_21000_96 | EIP158 (3/4) ... ok
   - ecmul_0-0_9_21000_96 | EIP158 (4/4) ... ok
   - ecmul_0-0_9_21000_96 | Frontier (1/4) ... ok
   - ecmul_0-0_9_21000_96 | Frontier (2/4) ... ok
   - static_CheckOpcodes3 | Frontier (15/20) ... ok
   - ecmul_0-0_9_21000_96 | Frontier (3/4) ... ok
   - static_CheckOpcodes3 | Frontier (16/20) ... ok
   - ecmul_0-0_9_21000_96 | Frontier (4/4) ... ok
   - static_CheckOpcodes3 | Frontier (17/20) ... ok
   - ecmul_0-0_9_21000_96 | Homestead (1/4) ... ok
   - ecmul_0-0_9_21000_96 | Homestead (2/4) ... ok
   - ecmul_0-0_9_21000_96 | Homestead (3/4) ... ok
   - ecmul_0-0_9_21000_96 | Homestead (4/4) ... ok
   - ecmul_0-0_9_21000_96 | Byzantium (1/4) ... ok
   - static_CheckOpcodes3 | Frontier (18/20) ... ok
   - ecmul_0-0_9_21000_96 | Byzantium (2/4) ... ok
   - static_CheckOpcodes3 | Frontier (19/20) ... ok
   - ecmul_0-0_9_21000_96 | Byzantium (3/4) ... ok
   - static_CheckOpcodes3 | Frontier (20/20) ... ok
   - ecmul_0-0_9_21000_96 | Byzantium (4/4) ... ok
   - static_CheckOpcodes3 | Homestead (1/20) ... ok
   - ecmul_7827-6598_5616_28000_128 | EIP150 (1/4) ... ok
   - static_CheckOpcodes3 | Homestead (2/20) ... ok
   - ecmul_7827-6598_5616_28000_128 | EIP150 (2/4) ... ok
   - ecmul_7827-6598_5616_28000_128 | EIP150 (3/4) ... ok
   - ecmul_7827-6598_5616_28000_128 | EIP150 (4/4) ... ok
   - ecmul_7827-6598_5616_28000_128 | EIP158 (1/4) ... ok
   - static_CheckOpcodes3 | Homestead (3/20) ... ok
   - ecmul_7827-6598_5616_28000_128 | EIP158 (2/4) ... ok
   - static_CheckOpcodes3 | Homestead (4/20) ... ok
   - ecmul_7827-6598_5616_28000_128 | EIP158 (3/4) ... ok
   - static_CheckOpcodes3 | Homestead (5/20) ... ok
   - ecmul_7827-6598_5616_28000_128 | EIP158 (4/4) ... ok
   - ecmul_7827-6598_5616_28000_128 | Frontier (1/4) ... ok
   - ecmul_7827-6598_5616_28000_128 | Frontier (2/4) ... ok
   - ecmul_7827-6598_5616_28000_128 | Frontier (3/4) ... ok
   - ecmul_7827-6598_5616_28000_128 | Frontier (4/4) ... ok
   - static_CheckOpcodes3 | Homestead (6/20) ... ok
   - ecmul_7827-6598_5616_28000_128 | Homestead (1/4) ... ok
   - static_CheckOpcodes3 | Homestead (7/20) ... ok
   - static_CheckOpcodes3 | Homestead (8/20) ... ok
   - ecmul_7827-6598_5616_28000_128 | Homestead (2/4) ... ok
   - ecmul_7827-6598_5616_28000_128 | Homestead (3/4) ... ok
   - ecmul_7827-6598_5616_28000_128 | Homestead (4/4) ... ok
   - ecmul_7827-6598_5616_28000_128 | Byzantium (1/4) ... ok
   - static_CheckOpcodes3 | Homestead (9/20) ... ok
   - static_CheckOpcodes3 | Homestead (10/20) ... ok
   - ecmul_7827-6598_5616_28000_128 | Byzantium (2/4) ... ok
   - ecmul_7827-6598_5616_28000_128 | Byzantium (3/4) ... ok
   - static_CheckOpcodes3 | Homestead (11/20) ... ok
   - static_CheckOpcodes3 | Homestead (12/20) ... ok
   - ecmul_7827-6598_5616_28000_128 | Byzantium (4/4) ... ok
   - static_CheckOpcodes3 | Homestead (13/20) ... ok
   - static_CheckOpcodes3 | Homestead (14/20) ... ok
   - ecmul_1-3_1_28000_96 | EIP150 (1/4) ... ok
   - static_CheckOpcodes3 | Homestead (15/20) ... ok
   - ecmul_1-3_1_28000_96 | EIP150 (2/4) ... ok
   - static_CheckOpcodes3 | Homestead (16/20) ... ok
   - ecmul_1-3_1_28000_96 | EIP150 (3/4) ... ok
   - static_CheckOpcodes3 | Homestead (17/20) ... ok
   - ecmul_1-3_1_28000_96 | EIP150 (4/4) ... ok
   - static_CheckOpcodes3 | Homestead (18/20) ... ok
   - static_CheckOpcodes3 | Homestead (19/20) ... ok
   - ecmul_1-3_1_28000_96 | EIP158 (1/4) ... ok
   - static_CheckOpcodes3 | Homestead (20/20) ... ok
   - ecmul_1-3_1_28000_96 | EIP158 (2/4) ... ok
   - static_CheckOpcodes3 | Byzantium (1/20) ... ok
   - ecmul_1-3_1_28000_96 | EIP158 (3/4) ... ok
   - static_CheckOpcodes3 | Byzantium (2/20) ... ok
   - ecmul_1-3_1_28000_96 | EIP158 (4/4) ... ok
   - static_CheckOpcodes3 | Byzantium (3/20) ... ok
   - ecmul_1-3_1_28000_96 | Frontier (1/4) ... ok
   - static_CheckOpcodes3 | Byzantium (4/20) ... ok
   - ecmul_1-3_1_28000_96 | Frontier (2/4) ... ok
   - static_CheckOpcodes3 | Byzantium (5/20) ... ok
   - ecmul_1-3_1_28000_96 | Frontier (3/4) ... ok
   - static_CheckOpcodes3 | Byzantium (6/20) ... ok
   - ecmul_1-3_1_28000_96 | Frontier (4/4) ... ok
   - ecmul_1-3_1_28000_96 | Homestead (1/4) ... ok
   - static_CheckOpcodes3 | Byzantium (7/20) ... ok
   - ecmul_1-3_1_28000_96 | Homestead (2/4) ... ok
   - static_CheckOpcodes3 | Byzantium (8/20) ... ok
   - ecmul_1-3_1_28000_96 | Homestead (3/4) ... ok
   - static_CheckOpcodes3 | Byzantium (9/20) ... ok
   - ecmul_1-3_1_28000_96 | Homestead (4/4) ... ok
   - static_CheckOpcodes3 | Byzantium (10/20) ... ok
   - static_CheckOpcodes3 | Byzantium (11/20) ... ok
   - ecmul_1-3_1_28000_96 | Byzantium (1/4) ... ok
   - static_CheckOpcodes3 | Byzantium (12/20) ... ok
   - ecmul_1-3_1_28000_96 | Byzantium (2/4) ... ok
ok
   - ecmul_1-3_340282366920938463463374607431768211456_21000_96_d0g2v0_Homestead...   - static_CheckOpcodes3 | Byzantium (13/20) ... ok
   - ecmul_1-3_1_28000_96 | Byzantium (3/4) ... ok
   - static_CheckOpcodes3 | Byzantium (14/20) ... ok
   - ecmul_1-3_1_28000_96 | Byzantium (4/4) ... ok
   - static_CheckOpcodes3 | Byzantium (15/20) ... ok
   - ecmul_0-3_5616_21000_96 | EIP150 (1/4) ... ok
   - static_CheckOpcodes3 | Byzantium (16/20) ... ok
   - ecmul_0-3_5616_21000_96 | EIP150 (2/4) ... ok
   - static_CheckOpcodes3 | Byzantium (17/20) ... ok
   - ecmul_0-3_5616_21000_96 | EIP150 (3/4) ... ok
   - static_CheckOpcodes3 | Byzantium (18/20) ... ok
   - ecmul_0-3_5616_21000_96 | EIP150 (4/4) ... ok
   - static_CheckOpcodes3 | Byzantium (19/20) ... ok
   - ecmul_0-3_5616_21000_96 | EIP158 (1/4) ... ok
   - static_CheckOpcodes3 | Byzantium (20/20) ... ok
   - ecmul_0-3_5616_21000_96 | EIP158 (2/4) ... ok
   - static_callcallcall_ABCB_RECURSIVE | EIP150 (1/1) ... ok
   - ecmul_0-3_5616_21000_96 | EIP158 (3/4) ... ok
   - static_callcallcall_ABCB_RECURSIVE | EIP158 (1/1) ... ok
   - ecmul_0-3_5616_21000_96 | EIP158 (4/4) ... ok
   - static_callcallcall_ABCB_RECURSIVE | Frontier (1/1) ... ok
   - ecmul_0-3_5616_21000_96 | Frontier (1/4) ... ok
   - ecmul_0-3_5616_21000_96 | Frontier (2/4) ... ok
   - ecmul_0-3_5616_21000_96 | Frontier (3/4) ... ok
   - ecmul_0-3_5616_21000_96 | Frontier (4/4) ... ok
   - ecmul_0-3_5616_21000_96 | Homestead (1/4) ... ok
   - ecmul_0-3_5616_21000_96 | Homestead (2/4) ... ok
   - ecmul_0-3_5616_21000_96 | Homestead (3/4) ... ok
   - ecmul_0-3_5616_21000_96 | Homestead (4/4) ... ok
   - static_callcallcall_ABCB_RECURSIVE | Homestead (1/1) ... ok
   - ecmul_0-3_5616_21000_96 | Byzantium (1/4) ... ok
   - ecmul_0-3_5616_21000_96 | Byzantium (2/4) ... ok
   - ecmul_0-3_5616_21000_96 | Byzantium (3/4) ... ok
   - ecmul_0-3_5616_21000_96 | Byzantium (4/4) ... ok
   - ecmul_1-2_1_28000_96 | EIP150 (1/4) ... ok
   - ecmul_1-2_1_28000_96 | EIP150 (2/4) ... ok
   - ecmul_1-2_1_28000_96 | EIP150 (3/4) ... ok
   - ecmul_1-2_1_28000_96 | EIP150 (4/4) ... ok
   - ecmul_1-2_1_28000_96 | EIP158 (1/4) ... ok
   - static_callcallcall_ABCB_RECURSIVE | Byzantium (1/1) ... ok
   - ecmul_1-2_1_28000_96 | EIP158 (2/4) ... ok
   - static_callcallcallcode_001_OOGMBefore2 | EIP150 (1/2) ... ok
   - ecmul_1-2_1_28000_96 | EIP158 (3/4) ... ok
   - static_callcallcallcode_001_OOGMBefore2 | EIP150 (2/2) ... ok
   - ecmul_1-2_1_28000_96 | EIP158 (4/4) ... ok
   - ecmul_1-2_1_28000_96 | Frontier (1/4) ... ok
   - static_callcallcallcode_001_OOGMBefore2 | EIP158 (1/2) ... ok
   - static_callcallcallcode_001_OOGMBefore2 | EIP158 (2/2) ... ok
   - ecmul_1-2_1_28000_96 | Frontier (2/4) ... ok
   - ecmul_1-2_1_28000_96 | Frontier (3/4) ... ok
   - static_callcallcallcode_001_OOGMBefore2 | Frontier (1/2) ... ok
   - ecmul_1-2_1_28000_96 | Frontier (4/4) ... ok
   - static_callcallcallcode_001_OOGMBefore2 | Frontier (2/2) ... ok
   - ecmul_1-2_1_28000_96 | Homestead (1/4) ... ok
   - static_callcallcallcode_001_OOGMBefore2 | Homestead (1/2) ... ok
   - ecmul_1-2_1_28000_96 | Homestead (2/4) ... ok
   - ecmul_1-2_1_28000_96 | Homestead (3/4) ... ok
   - ecmul_1-2_1_28000_96 | Homestead (4/4) ... ok
   - ecmul_1-2_1_28000_96 | Byzantium (1/4) ... ok
   - static_callcallcallcode_001_OOGMBefore2 | Homestead (2/2) ... ok
   - ecmul_1-2_1_28000_96 | Byzantium (2/4) ... ok
   - ecmul_1-2_1_28000_96 | Byzantium (3/4) ... ok
   - ecmul_1-2_1_28000_96 | Byzantium (4/4) ... ok
   - static_callcallcallcode_001_OOGMBefore2 | Byzantium (1/2) ... ok
   - static_callcallcallcode_001_OOGMBefore2 | Byzantium (2/2) ... ok
   - ecmul_1-3_9935_28000_96 | EIP150 (1/4) ... ok
   - ecmul_1-3_9935_28000_96 | EIP150 (2/4) ... ok
   - ecmul_1-3_9935_28000_96 | EIP150 (3/4) ... ok
   - ecmul_1-3_9935_28000_96 | EIP150 (4/4) ... ok
   - static_LoopCallsThenRevert | EIP150 (1/2) ... ok
   - ecmul_1-3_9935_28000_96 | EIP158 (1/4) ... ok
   - static_LoopCallsThenRevert | EIP150 (2/2) ... ok
   - ecmul_1-3_9935_28000_96 | EIP158 (2/4) ... ok
   - ecmul_1-3_9935_28000_96 | EIP158 (3/4) ... ok
   - ecmul_1-3_9935_28000_96 | EIP158 (4/4) ... ok
   - ecmul_1-3_9935_28000_96 | Frontier (1/4) ... ok
   - static_LoopCallsThenRevert | EIP158 (1/2) ... ok
   - ecmul_1-3_9935_28000_96 | Frontier (2/4) ... ok
   - static_LoopCallsThenRevert | EIP158 (2/2) ... ok
   - ecmul_1-3_9935_28000_96 | Frontier (3/4) ... ok
   - ecmul_1-3_9935_28000_96 | Frontier (4/4) ... ok
   - static_LoopCallsThenRevert | Frontier (1/2) ... ok
   - ecmul_1-3_9935_28000_96 | Homestead (1/4) ... ok
   - ecmul_1-3_9935_28000_96 | Homestead (2/4) ... ok
   - ecmul_1-3_9935_28000_96 | Homestead (3/4) ... ok
   - static_LoopCallsThenRevert | Frontier (2/2) ... ok
   - ecmul_1-3_9935_28000_96 | Homestead (4/4) ... ok
   - static_LoopCallsThenRevert | Homestead (1/2) ... ok
   - ecmul_1-3_9935_28000_96 | Byzantium (1/4) ... ok
   - static_LoopCallsThenRevert | Homestead (2/2) ... ok
   - ecmul_1-3_9935_28000_96 | Byzantium (2/4) ... ok
   - ecmul_1-3_9935_28000_96 | Byzantium (3/4) ... ok
   - ecmul_1-3_9935_28000_96 | Byzantium (4/4) ... ok
   - ecmul_7827-6598_0_28000_64 | EIP150 (1/4) ... ok
   - ecmul_7827-6598_0_28000_64 | EIP150 (2/4) ... ok
   - ecmul_7827-6598_0_28000_64 | EIP150 (3/4) ... ok
ok
   - ecmul_7827-6598_0_28000_64 | EIP150 (4/4) ... ok
   - ecmul_7827-6598_0_28000_64 | EIP158 (1/4) ... ok
   - ecmul_7827-6598_0_28000_64 | EIP158 (2/4) ... ok
   - ecmul_0-0_340282366920938463463374607431768211456_21000_128_d0g1v0_Byzantium...   - ecmul_7827-6598_0_28000_64 | EIP158 (3/4) ... ok
   - ecmul_7827-6598_0_28000_64 | EIP158 (4/4) ... ok
   - ecmul_7827-6598_0_28000_64 | Frontier (1/4) ... ok
   - ecmul_7827-6598_0_28000_64 | Frontier (2/4) ... ok
   - ecmul_7827-6598_0_28000_64 | Frontier (3/4) ... ok
   - ecmul_7827-6598_0_28000_64 | Frontier (4/4) ... ok
   - ecmul_7827-6598_0_28000_64 | Homestead (1/4) ... ok
   - ecmul_7827-6598_0_28000_64 | Homestead (2/4) ... ok
   - ecmul_7827-6598_0_28000_64 | Homestead (3/4) ... ok
   - ecmul_7827-6598_0_28000_64 | Homestead (4/4) ... ok
   - ecmul_7827-6598_0_28000_64 | Byzantium (1/4) ... ok
   - ecmul_7827-6598_0_28000_64 | Byzantium (2/4) ... ok
   - ecmul_7827-6598_0_28000_64 | Byzantium (3/4) ... ok
   - ecmul_7827-6598_0_28000_64 | Byzantium (4/4) ... ok
   - ecmul_7827-6598_0_28000_96 | EIP150 (1/4) ... ok
   - ecmul_7827-6598_0_28000_96 | EIP150 (2/4) ... ok
   - ecmul_7827-6598_0_28000_96 | EIP150 (3/4) ... ok
   - ecmul_7827-6598_0_28000_96 | EIP150 (4/4) ... ok
   - ecmul_7827-6598_0_28000_96 | EIP158 (1/4) ... ok
   - ecmul_7827-6598_0_28000_96 | EIP158 (2/4) ... ok
   - ecmul_7827-6598_0_28000_96 | EIP158 (3/4) ... ok
   - ecmul_7827-6598_0_28000_96 | EIP158 (4/4) ... ok
   - ecmul_7827-6598_0_28000_96 | Frontier (1/4) ... ok
   - ecmul_7827-6598_0_28000_96 | Frontier (2/4) ... ok
   - ecmul_7827-6598_0_28000_96 | Frontier (3/4) ... ok
   - ecmul_7827-6598_0_28000_96 | Frontier (4/4) ... ok
   - ecmul_7827-6598_0_28000_96 | Homestead (1/4) ... ok
   - ecmul_7827-6598_0_28000_96 | Homestead (2/4) ... ok
   - ecmul_7827-6598_0_28000_96 | Homestead (3/4) ... ok
   - ecmul_7827-6598_0_28000_96 | Homestead (4/4) ... ok
   - ecmul_7827-6598_0_28000_96 | Byzantium (1/4) ... ok
   - ecmul_7827-6598_0_28000_96 | Byzantium (2/4) ... ok
   - ecmul_7827-6598_0_28000_96 | Byzantium (3/4) ... ok
   - ecmul_7827-6598_0_28000_96 | Byzantium (4/4) ... ok
   - ecadd_1-2_1-2_25000_128 | EIP150 (1/4) ... ok
   - ecadd_1-2_1-2_25000_128 | EIP150 (2/4) ... ok
   - ecadd_1-2_1-2_25000_128 | EIP150 (3/4) ... ok
   - ecadd_1-2_1-2_25000_128 | EIP150 (4/4) ... ok
   - ecadd_1-2_1-2_25000_128 | EIP158 (1/4) ... ok
   - ecadd_1-2_1-2_25000_128 | EIP158 (2/4) ... ok
   - ecadd_1-2_1-2_25000_128 | EIP158 (3/4) ... ok
   - ecadd_1-2_1-2_25000_128 | EIP158 (4/4) ... ok
   - ecadd_1-2_1-2_25000_128 | Frontier (1/4) ... ok
   - ecadd_1-2_1-2_25000_128 | Frontier (2/4) ... ok
   - ecadd_1-2_1-2_25000_128 | Frontier (3/4) ... ok
ok
   - ecmul_0-0_340282366920938463463374607431768211456_21000_128_d0g1v0_EIP150...   - ecadd_1-2_1-2_25000_128 | Frontier (4/4) ... ok
   - ecadd_1-2_1-2_25000_128 | Homestead (1/4) ... ok
   - ecadd_1-2_1-2_25000_128 | Homestead (2/4) ... ok
   - ecadd_1-2_1-2_25000_128 | Homestead (3/4) ... ok
   - ecadd_1-2_1-2_25000_128 | Homestead (4/4) ... ok
   - ecadd_1-2_1-2_25000_128 | Byzantium (1/4) ... ok
   - ecadd_1-2_1-2_25000_128 | Byzantium (2/4) ... ok
   - ecadd_1-2_1-2_25000_128 | Byzantium (3/4) ... ok
   - ecadd_1-2_1-2_25000_128 | Byzantium (4/4) ... ok
   - ecmul_0-3_5616_21000_128 | EIP150 (1/4) ... ok
   - ecmul_0-3_5616_21000_128 | EIP150 (2/4) ... ok
   - ecmul_0-3_5616_21000_128 | EIP150 (3/4) ... ok
   - ecmul_0-3_5616_21000_128 | EIP150 (4/4) ... ok
   - ecmul_0-3_5616_21000_128 | EIP158 (1/4) ... ok
   - ecmul_0-3_5616_21000_128 | EIP158 (2/4) ... ok
   - ecmul_0-3_5616_21000_128 | EIP158 (3/4) ... ok
   - ecmul_0-3_5616_21000_128 | EIP158 (4/4) ... ok
   - ecmul_0-3_5616_21000_128 | Frontier (1/4) ... ok
   - ecmul_0-3_5616_21000_128 | Frontier (2/4) ... ok
   - ecmul_0-3_5616_21000_128 | Frontier (3/4) ... ok
   - ecmul_0-3_5616_21000_128 | Frontier (4/4) ... ok
   - ecmul_0-3_5616_21000_128 | Homestead (1/4) ... ok
   - ecmul_0-3_5616_21000_128 | Homestead (2/4) ... ok
   - ecmul_0-3_5616_21000_128 | Homestead (3/4) ... ok
   - ecmul_0-3_5616_21000_128 | Homestead (4/4) ... ok
ok
   - ecmul_0-0_340282366920938463463374607431768211456_21000_128_d0g1v0_EIP158...   - ecmul_0-3_5616_21000_128 | Byzantium (1/4) ... ok
   - ecmul_0-3_5616_21000_128 | Byzantium (2/4) ... ok
   - ecmul_0-3_5616_21000_128 | Byzantium (3/4) ... ok
   - ecmul_0-3_5616_21000_128 | Byzantium (4/4) ... ok
   - ecpairing_perturb_g2_by_curve_order | EIP150 (1/4) ... ok
   - ecpairing_perturb_g2_by_curve_order | EIP150 (2/4) ... ok
   - ecpairing_perturb_g2_by_curve_order | EIP150 (3/4) ... ok
   - ecpairing_perturb_g2_by_curve_order | EIP150 (4/4) ... ok
   - ecpairing_perturb_g2_by_curve_order | EIP158 (1/4) ... ok
   - ecpairing_perturb_g2_by_curve_order | EIP158 (2/4) ... ok
   - ecpairing_perturb_g2_by_curve_order | EIP158 (3/4) ... ok
   - ecpairing_perturb_g2_by_curve_order | EIP158 (4/4) ... ok
   - ecpairing_perturb_g2_by_curve_order | Frontier (1/4) ... ok
   - ecpairing_perturb_g2_by_curve_order | Frontier (2/4) ... ok
   - ecpairing_perturb_g2_by_curve_order | Frontier (3/4) ... ok
   - ecpairing_perturb_g2_by_curve_order | Frontier (4/4) ... ok
   - ecpairing_perturb_g2_by_curve_order | Homestead (1/4) ... ok
   - ecpairing_perturb_g2_by_curve_order | Homestead (2/4) ... ok
   - ecpairing_perturb_g2_by_curve_order | Homestead (3/4) ... ok
   - ecpairing_perturb_g2_by_curve_order | Homestead (4/4) ... ok
   - ecpairing_perturb_g2_by_curve_order | Byzantium (1/4) ... ok
   - ecpairing_perturb_g2_by_curve_order | Byzantium (2/4) ... ok
   - ecpairing_perturb_g2_by_curve_order | Byzantium (3/4) ... ok
   - ecpairing_perturb_g2_by_curve_order | Byzantium (4/4) ... ok
   - ecmul_1-2_9935_21000_96 | EIP150 (1/4) ... ok
   - ecmul_1-2_9935_21000_96 | EIP150 (2/4) ... ok
   - ecmul_1-2_9935_21000_96 | EIP150 (3/4) ... ok
   - ecmul_1-2_9935_21000_96 | EIP150 (4/4) ... ok
   - ecmul_1-2_9935_21000_96 | EIP158 (1/4) ... ok
   - ecmul_1-2_9935_21000_96 | EIP158 (2/4) ... ok
   - ecmul_1-2_9935_21000_96 | EIP158 (3/4) ... ok
   - ecmul_1-2_9935_21000_96 | EIP158 (4/4) ... ok
   - ecmul_1-2_9935_21000_96 | Frontier (1/4) ... ok
   - ecmul_1-2_9935_21000_96 | Frontier (2/4) ... ok
   - ecmul_1-2_9935_21000_96 | Frontier (3/4) ... ok
   - static_LoopCallsThenRevert | Byzantium (1/2) ... ok
   - ecmul_1-2_9935_21000_96 | Frontier (4/4) ... ok
   - ecmul_1-2_9935_21000_96 | Homestead (1/4) ... ok
   - ecmul_1-2_9935_21000_96 | Homestead (2/4) ... ok
   - ecmul_1-2_9935_21000_96 | Homestead (3/4) ... ok
   - ecmul_1-2_9935_21000_96 | Homestead (4/4) ... ok
   - ecmul_1-2_9935_21000_96 | Byzantium (1/4) ... ok
   - ecmul_1-2_9935_21000_96 | Byzantium (2/4) ... ok
   - ecmul_1-2_9935_21000_96 | Byzantium (3/4) ... ok
   - ecmul_1-2_9935_21000_96 | Byzantium (4/4) ... ok
   - ecmul_0-3_0_21000_128 | EIP150 (1/4) ... ok
   - ecmul_0-3_0_21000_128 | EIP150 (2/4) ... ok
   - ecmul_0-3_0_21000_128 | EIP150 (3/4) ... ok
   - ecmul_0-3_0_21000_128 | EIP150 (4/4) ... ok
   - ecmul_0-3_0_21000_128 | EIP158 (1/4) ... ok
   - ecmul_0-3_0_21000_128 | EIP158 (2/4) ... ok
   - ecmul_0-3_0_21000_128 | EIP158 (3/4) ... ok
   - ecmul_0-3_0_21000_128 | EIP158 (4/4) ... ok
   - ecmul_0-3_0_21000_128 | Frontier (1/4) ... ok
   - ecmul_0-3_0_21000_128 | Frontier (2/4) ... ok
   - ecmul_0-3_0_21000_128 | Frontier (3/4) ... ok
ok
   - ecmul_0-0_340282366920938463463374607431768211456_21000_128_d0g1v0_Frontier...   - ecmul_0-3_0_21000_128 | Frontier (4/4) ... ok
   - ecmul_0-3_0_21000_128 | Homestead (1/4) ... ok
   - ecmul_0-3_0_21000_128 | Homestead (2/4) ... ok
   - ecmul_0-3_0_21000_128 | Homestead (3/4) ... ok
   - ecmul_0-3_0_21000_128 | Homestead (4/4) ... ok
   - ecmul_0-3_0_21000_128 | Byzantium (1/4) ... ok
   - ecmul_0-3_0_21000_128 | Byzantium (2/4) ... ok
   - ecmul_0-3_0_21000_128 | Byzantium (3/4) ... ok
   - ecmul_0-3_0_21000_128 | Byzantium (4/4) ... ok
   - ecmul_1-3_5617_21000_128 | EIP150 (1/4) ... ok
   - ecmul_1-3_5617_21000_128 | EIP150 (2/4) ... ok
   - ecmul_1-3_5617_21000_128 | EIP150 (3/4) ... ok
   - ecmul_1-3_5617_21000_128 | EIP150 (4/4) ... ok
   - ecmul_1-3_5617_21000_128 | EIP158 (1/4) ... ok
   - ecmul_1-3_5617_21000_128 | EIP158 (2/4) ... ok
   - ecmul_1-3_5617_21000_128 | EIP158 (3/4) ... ok
   - ecmul_1-3_5617_21000_128 | EIP158 (4/4) ... ok
   - ecmul_1-3_5617_21000_128 | Frontier (1/4) ... ok
   - ecmul_1-3_5617_21000_128 | Frontier (2/4) ... ok
   - ecmul_1-3_5617_21000_128 | Frontier (3/4) ... ok
   - ecmul_1-3_5617_21000_128 | Frontier (4/4) ... ok
   - ecmul_1-3_5617_21000_128 | Homestead (1/4) ... ok
   - ecmul_1-3_5617_21000_128 | Homestead (2/4) ... ok
   - ecmul_1-3_5617_21000_128 | Homestead (3/4) ... ok
   - ecmul_1-3_5617_21000_128 | Homestead (4/4) ... ok
   - ecmul_1-3_5617_21000_128 | Byzantium (1/4) ... ok
   - ecmul_1-3_5617_21000_128 | Byzantium (2/4) ... ok
   - ecmul_1-3_5617_21000_128 | Byzantium (3/4) ... ok
   - ecmul_1-3_5617_21000_128 | Byzantium (4/4) ... ok
   - ecmul_7827-6598_9_21000_96 | EIP150 (1/4) ... ok
   - ecmul_7827-6598_9_21000_96 | EIP150 (2/4) ... ok
   - ecmul_7827-6598_9_21000_96 | EIP150 (3/4) ... ok
   - ecmul_7827-6598_9_21000_96 | EIP150 (4/4) ... ok
   - ecmul_7827-6598_9_21000_96 | EIP158 (1/4) ... ok
   - ecmul_7827-6598_9_21000_96 | EIP158 (2/4) ... ok
   - ecmul_7827-6598_9_21000_96 | EIP158 (3/4) ... ok
   - ecmul_7827-6598_9_21000_96 | EIP158 (4/4) ... ok
   - ecmul_7827-6598_9_21000_96 | Frontier (1/4) ... ok
   - ecmul_7827-6598_9_21000_96 | Frontier (2/4) ... ok
   - ecmul_7827-6598_9_21000_96 | Frontier (3/4) ... ok
   - ecmul_7827-6598_9_21000_96 | Frontier (4/4) ... ok
   - ecmul_7827-6598_9_21000_96 | Homestead (1/4) ... ok
   - ecmul_7827-6598_9_21000_96 | Homestead (2/4) ... ok
   - ecmul_7827-6598_9_21000_96 | Homestead (3/4) ... ok
   - ecmul_7827-6598_9_21000_96 | Homestead (4/4) ... ok
   - ecmul_7827-6598_9_21000_96 | Byzantium (1/4) ... ok
   - ecmul_7827-6598_9_21000_96 | Byzantium (2/4) ... ok
   - static_LoopCallsThenRevert | Byzantium (2/2) ... ok
   - ecmul_7827-6598_9_21000_96 | Byzantium (3/4) ... ok
   - static_callcallcodecall_010_OOGMBefore2 | EIP150 (1/2) ... ok
   - ecmul_7827-6598_9_21000_96 | Byzantium (4/4) ... ok
   - static_callcallcodecall_010_OOGMBefore2 | EIP150 (2/2) ... ok
   - static_callcallcodecall_010_OOGMBefore2 | EIP158 (1/2) ... ok
   - ecmul_0-3_340282366920938463463374607431768211456_28000_96 | EIP150 (1/4) ... ok
   - static_callcallcodecall_010_OOGMBefore2 | EIP158 (2/2) ... ok
   - ecmul_0-3_340282366920938463463374607431768211456_28000_96 | EIP150 (2/4) ... ok
   - static_callcallcodecall_010_OOGMBefore2 | Frontier (1/2) ... ok
   - static_callcallcodecall_010_OOGMBefore2 | Frontier (2/2) ... ok
   - ecmul_0-3_340282366920938463463374607431768211456_28000_96 | EIP150 (3/4) ... ok
   - static_callcallcodecall_010_OOGMBefore2 | Homestead (1/2) ... ok
   - ecmul_0-3_340282366920938463463374607431768211456_28000_96 | EIP150 (4/4) ... ok
   - ecmul_0-3_340282366920938463463374607431768211456_28000_96 | EIP158 (1/4) ... ok
   - ecmul_0-3_340282366920938463463374607431768211456_28000_96 | EIP158 (2/4) ... ok
   - ecmul_0-3_340282366920938463463374607431768211456_28000_96 | EIP158 (3/4) ... ok
   - ecmul_0-3_340282366920938463463374607431768211456_28000_96 | EIP158 (4/4) ... ok
   - ecmul_0-3_340282366920938463463374607431768211456_28000_96 | Frontier (1/4) ... ok
   - ecmul_0-3_340282366920938463463374607431768211456_28000_96 | Frontier (2/4) ... ok
   - ecmul_0-3_340282366920938463463374607431768211456_28000_96 | Frontier (3/4) ... ok
ok
   - ecmul_0-0_340282366920938463463374607431768211456_21000_128_d0g1v0_Homestead...   - ecmul_0-3_340282366920938463463374607431768211456_28000_96 | Frontier (4/4) ... ok
   - ecmul_0-3_340282366920938463463374607431768211456_28000_96 | Homestead (1/4) ... ok
   - ecmul_0-3_340282366920938463463374607431768211456_28000_96 | Homestead (2/4) ... ok
   - ecmul_0-3_340282366920938463463374607431768211456_28000_96 | Homestead (3/4) ... ok
   - static_callcallcodecall_010_OOGMBefore2 | Homestead (2/2) ... ok
   - ecmul_0-3_340282366920938463463374607431768211456_28000_96 | Homestead (4/4) ... ok
   - static_callcallcodecall_010_OOGMBefore2 | Byzantium (1/2) ... ok
   - ecmul_0-3_340282366920938463463374607431768211456_28000_96 | Byzantium (1/4) ... ok
   - static_callcallcodecall_010_OOGMBefore2 | Byzantium (2/2) ... ok
   - ecmul_0-3_340282366920938463463374607431768211456_28000_96 | Byzantium (2/4) ... ok
   - static_log0_logMemStartTooHigh | EIP150 (1/1) ... ok
   - ecmul_0-3_340282366920938463463374607431768211456_28000_96 | Byzantium (3/4) ... ok
   - static_log0_logMemStartTooHigh | EIP158 (1/1) ... ok
   - static_log0_logMemStartTooHigh | Frontier (1/1) ... ok
   - ecmul_0-3_340282366920938463463374607431768211456_28000_96 | Byzantium (4/4) ... ok
   - static_log0_logMemStartTooHigh | Homestead (1/1) ... ok
   - static_log0_logMemStartTooHigh | Byzantium (1/1) ... ok
   - ecmul_0-0_0_28000_64 | EIP150 (1/4) ... ok
   - static_InternalCallHittingGasLimit | EIP150 (1/1) ... ok
   - ecmul_0-0_0_28000_64 | EIP150 (2/4) ... ok
   - static_InternalCallHittingGasLimit | EIP158 (1/1) ... ok
   - ecmul_0-0_0_28000_64 | EIP150 (3/4) ... ok
   - static_InternalCallHittingGasLimit | Frontier (1/1) ... ok
   - ecmul_0-0_0_28000_64 | EIP150 (4/4) ... ok
   - static_InternalCallHittingGasLimit | Homestead (1/1) ... ok
   - ecmul_0-0_0_28000_64 | EIP158 (1/4) ... ok
   - static_InternalCallHittingGasLimit | Byzantium (1/1) ... ok
   - ecmul_0-0_0_28000_64 | EIP158 (2/4) ... ok
   - ecmul_0-0_0_28000_64 | EIP158 (3/4) ... ok
   - static_callcodecallcall_100_OOGMAfter2 | EIP150 (1/2) ... ok
   - static_callcodecallcall_100_OOGMAfter2 | EIP150 (2/2) ... ok
   - ecmul_0-0_0_28000_64 | EIP158 (4/4) ... ok
   - static_callcodecallcall_100_OOGMAfter2 | EIP158 (1/2) ... ok
   - ecmul_0-0_0_28000_64 | Frontier (1/4) ... ok
   - static_callcodecallcall_100_OOGMAfter2 | EIP158 (2/2) ... ok
   - ecmul_0-0_0_28000_64 | Frontier (2/4) ... ok
   - static_callcodecallcall_100_OOGMAfter2 | Frontier (1/2) ... ok
   - ecmul_0-0_0_28000_64 | Frontier (3/4) ... ok
   - static_callcodecallcall_100_OOGMAfter2 | Frontier (2/2) ... ok
   - ecmul_0-0_0_28000_64 | Frontier (4/4) ... ok
   - static_callcodecallcall_100_OOGMAfter2 | Homestead (1/2) ... ok
   - ecmul_0-0_0_28000_64 | Homestead (1/4) ... ok
   - static_callcodecallcall_100_OOGMAfter2 | Homestead (2/2) ... ok
   - ecmul_0-0_0_28000_64 | Homestead (2/4) ... ok
   - static_callcodecallcall_100_OOGMAfter2 | Byzantium (1/2) ... ok
   - ecmul_0-0_0_28000_64 | Homestead (3/4) ... ok
   - ecmul_0-0_0_28000_64 | Homestead (4/4) ... ok
   - static_callcodecallcall_100_OOGMAfter2 | Byzantium (2/2) ... ok
   - static_CallEcrecover1 | EIP150 (1/1) ... ok
   - ecmul_0-0_0_28000_64 | Byzantium (1/4) ... ok
   - static_CallEcrecover1 | EIP158 (1/1) ... ok
   - ecmul_0-0_0_28000_64 | Byzantium (2/4) ... ok
   - static_CallEcrecover1 | Frontier (1/1) ... ok
   - ecmul_0-0_0_28000_64 | Byzantium (3/4) ... ok
   - static_CallEcrecover1 | Homestead (1/1) ... ok
   - ecmul_0-0_0_28000_64 | Byzantium (4/4) ... ok
   - static_CallEcrecover1 | Byzantium (1/1) ... ok
   - ecmul_1-2_2_21000_96 | EIP150 (1/4) ... ok
   - static_callcallcodecallcode_011_SuicideMiddle | EIP150 (1/1) ... ok
   - ecmul_1-2_2_21000_96 | EIP150 (2/4) ... ok
   - static_callcallcodecallcode_011_SuicideMiddle | EIP158 (1/1) ... ok
   - ecmul_1-2_2_21000_96 | EIP150 (3/4) ... ok
   - ecmul_1-2_2_21000_96 | EIP150 (4/4) ... ok
   - static_callcallcodecallcode_011_SuicideMiddle | Frontier (1/1) ... ok
   - ecmul_1-2_2_21000_96 | EIP158 (1/4) ... ok
   - static_callcallcodecallcode_011_SuicideMiddle | Homestead (1/1) ... ok
   - ecmul_1-2_2_21000_96 | EIP158 (2/4) ... ok
   - static_callcallcodecallcode_011_SuicideMiddle | Byzantium (1/1) ... ok
   - ecmul_1-2_2_21000_96 | EIP158 (3/4) ... ok
   - static_CallIdentity_4 | EIP150 (1/1) ... ok
   - ecmul_1-2_2_21000_96 | EIP158 (4/4) ... ok
   - static_CallIdentity_4 | EIP158 (1/1) ... ok
   - static_CallIdentity_4 | Frontier (1/1) ... ok
   - ecmul_1-2_2_21000_96 | Frontier (1/4) ... ok
   - static_CallIdentity_4 | Homestead (1/1) ... ok
   - ecmul_1-2_2_21000_96 | Frontier (2/4) ... ok
   - static_CallIdentity_4 | Byzantium (1/1) ... ok
   - ecmul_1-2_2_21000_96 | Frontier (3/4) ... ok
   - ecmul_1-2_2_21000_96 | Frontier (4/4) ... ok
   - static_log0_logMemsizeZero | EIP150 (1/1) ... ok
   - ecmul_1-2_2_21000_96 | Homestead (1/4) ... ok
   - static_log0_logMemsizeZero | EIP158 (1/1) ... ok
   - ecmul_1-2_2_21000_96 | Homestead (2/4) ... ok
   - static_log0_logMemsizeZero | Frontier (1/1) ... ok
   - ecmul_1-2_2_21000_96 | Homestead (3/4) ... ok
   - static_log0_logMemsizeZero | Homestead (1/1) ... ok
   - ecmul_1-2_2_21000_96 | Homestead (4/4) ... ok
   - static_log0_logMemsizeZero | Byzantium (1/1) ... ok
   - ecmul_1-2_2_21000_96 | Byzantium (1/4) ... ok
   - ecmul_1-2_2_21000_96 | Byzantium (2/4) ... ok
   - static_RETURN_Bounds | EIP150 (1/1) ... ok
   - ecmul_1-2_2_21000_96 | Byzantium (3/4) ... ok
   - static_RETURN_Bounds | EIP158 (1/1) ... ok
ok
   - ecmul_1-2_2_21000_96 | Byzantium (4/4) ... ok
   - static_RETURN_Bounds | Frontier (1/1) ... ok
   - static_RETURN_Bounds | Homestead (1/1) ... ok
   - ecmul_1-2_340282366920938463463374607431768211456_21000_128 | EIP150 (1/4) ... ok
   - ecmul_1-2_340282366920938463463374607431768211456_21000_128 | EIP150 (2/4) ... ok
   - static_RETURN_Bounds | Byzantium (1/1) ... ok
   - ecpairing_perturb_g2_by_curve_order_d0g1v0_Byzantium...   - ecmul_1-2_340282366920938463463374607431768211456_21000_128 | EIP150 (3/4) ... ok
   - static_log1_logMemsizeTooHigh | EIP150 (1/1) ... ok
   - ecmul_1-2_340282366920938463463374607431768211456_21000_128 | EIP150 (4/4) ... ok
   - static_log1_logMemsizeTooHigh | EIP158 (1/1) ... ok
   - ecmul_1-2_340282366920938463463374607431768211456_21000_128 | EIP158 (1/4) ... ok
   - static_log1_logMemsizeTooHigh | Frontier (1/1) ... ok
   - ecmul_1-2_340282366920938463463374607431768211456_21000_128 | EIP158 (2/4) ... ok
   - static_log1_logMemsizeTooHigh | Homestead (1/1) ... ok
   - ecmul_1-2_340282366920938463463374607431768211456_21000_128 | EIP158 (3/4) ... ok
   - static_log1_logMemsizeTooHigh | Byzantium (1/1) ... ok
   - ecmul_1-2_340282366920938463463374607431768211456_21000_128 | EIP158 (4/4) ... ok
   - ecmul_1-2_340282366920938463463374607431768211456_21000_128 | Frontier (1/4) ... ok
   - static_callcallcodecall_010_SuicideMiddle2 | EIP150 (1/1) ... ok
   - ecmul_1-2_340282366920938463463374607431768211456_21000_128 | Frontier (2/4) ... ok
   - static_callcallcodecall_010_SuicideMiddle2 | EIP158 (1/1) ... ok
   - ecmul_1-2_340282366920938463463374607431768211456_21000_128 | Frontier (3/4) ... ok
   - static_callcallcodecall_010_SuicideMiddle2 | Frontier (1/1) ... ok
   - ecmul_1-2_340282366920938463463374607431768211456_21000_128 | Frontier (4/4) ... ok
   - static_callcallcodecall_010_SuicideMiddle2 | Homestead (1/1) ... ok
   - ecmul_1-2_340282366920938463463374607431768211456_21000_128 | Homestead (1/4) ... ok
   - static_callcallcodecall_010_SuicideMiddle2 | Byzantium (1/1) ... ok
   - ecmul_1-2_340282366920938463463374607431768211456_21000_128 | Homestead (2/4) ... ok
   - static_callcodecallcodecall_110_OOGMAfter_2 | EIP150 (1/1) ... ok
   - static_callcodecallcodecall_110_OOGMAfter_2 | EIP158 (1/1) ... ok
   - static_callcodecallcodecall_110_OOGMAfter_2 | Frontier (1/1) ... ok
   - static_callcodecallcodecall_110_OOGMAfter_2 | Homestead (1/1) ... ok
   - static_callcodecallcodecall_110_OOGMAfter_2 | Byzantium (1/1) ... ok
   - static_CREATE_EmptyContractWithStorageAndCallIt_0wei | EIP150 (1/1) ... ok
   - ecmul_1-2_340282366920938463463374607431768211456_21000_128 | Homestead (3/4) ... ok
   - static_CREATE_EmptyContractWithStorageAndCallIt_0wei | EIP158 (1/1) ... ok
   - ecmul_1-2_340282366920938463463374607431768211456_21000_128 | Homestead (4/4) ... ok
   - static_CREATE_EmptyContractWithStorageAndCallIt_0wei | Frontier (1/1) ... ok
   - ecmul_1-2_340282366920938463463374607431768211456_21000_128 | Byzantium (1/4) ... ok
   - static_CREATE_EmptyContractWithStorageAndCallIt_0wei | Homestead (1/1) ... ok
   - ecmul_1-2_340282366920938463463374607431768211456_21000_128 | Byzantium (2/4) ... ok
   - static_CREATE_EmptyContractWithStorageAndCallIt_0wei | Byzantium (1/1) ... ok
   - ecmul_1-2_340282366920938463463374607431768211456_21000_128 | Byzantium (3/4) ... ok
   - static_callOutput3partialFail | EIP150 (1/1) ... ok
   - ecmul_1-2_340282366920938463463374607431768211456_21000_128 | Byzantium (4/4) ... ok
   - static_callOutput3partialFail | EIP158 (1/1) ... ok
   - static_callOutput3partialFail | Frontier (1/1) ... ok
   - static_callOutput3partialFail | Homestead (1/1) ... ok
   - static_callOutput3partialFail | Byzantium (1/1) ... ok
   - static_callOutput2 | EIP150 (1/1) ... ok
   - static_callOutput2 | EIP158 (1/1) ... ok
   - static_callOutput2 | Frontier (1/1) ... ok
   - static_callOutput2 | Homestead (1/1) ... ok
   - ecmul_1-2_5617_21000_96 | EIP150 (1/4) ... ok
   - static_callOutput2 | Byzantium (1/1) ... ok
   - ecmul_1-2_5617_21000_96 | EIP150 (2/4) ... ok
   - ecmul_1-2_5617_21000_96 | EIP150 (3/4) ... ok
   - static_callOutput3partial | EIP150 (1/1) ... ok
   - static_callOutput3partial | EIP158 (1/1) ... ok
   - ecmul_1-2_5617_21000_96 | EIP150 (4/4) ... ok
   - static_callOutput3partial | Frontier (1/1) ... ok
   - ecmul_1-2_5617_21000_96 | EIP158 (1/4) ... ok
   - static_callOutput3partial | Homestead (1/1) ... ok
   - ecmul_1-2_5617_21000_96 | EIP158 (2/4) ... ok
   - static_callOutput3partial | Byzantium (1/1) ... ok
   - ecmul_1-2_5617_21000_96 | EIP158 (3/4) ... ok
   - ecmul_1-2_5617_21000_96 | EIP158 (4/4) ... ok
   - static_LoopCallsDepthThenRevert | EIP150 (1/1) ... ok
   - ecmul_1-2_5617_21000_96 | Frontier (1/4) ... ok
   - ecmul_1-2_5617_21000_96 | Frontier (2/4) ... ok
ok
   - ecpairing_perturb_g2_by_curve_order_d0g1v0_EIP150...   - ecmul_1-2_5617_21000_96 | Frontier (3/4) ... ok
   - static_LoopCallsDepthThenRevert | EIP158 (1/1) ... ok
   - ecmul_1-2_5617_21000_96 | Frontier (4/4) ... ok
   - ecmul_1-2_5617_21000_96 | Homestead (1/4) ... ok
   - ecmul_1-2_5617_21000_96 | Homestead (2/4) ... ok
   - ecmul_1-2_5617_21000_96 | Homestead (3/4) ... ok
   - ecmul_1-2_5617_21000_96 | Homestead (4/4) ... ok
   - ecmul_1-2_5617_21000_96 | Byzantium (1/4) ... ok
   - ecmul_1-2_5617_21000_96 | Byzantium (2/4) ... ok
   - ecmul_1-2_5617_21000_96 | Byzantium (3/4) ... ok
   - ecmul_1-2_5617_21000_96 | Byzantium (4/4) ... ok
   - static_LoopCallsDepthThenRevert | Frontier (1/1) ... ok
   - ecmul_0-3_9_21000_128 | EIP150 (1/4) ... ok
   - ecmul_0-3_9_21000_128 | EIP150 (2/4) ... ok
   - ecmul_0-3_9_21000_128 | EIP150 (3/4) ... ok
   - ecmul_0-3_9_21000_128 | EIP150 (4/4) ... ok
   - ecmul_0-3_9_21000_128 | EIP158 (1/4) ... ok
   - static_LoopCallsDepthThenRevert | Homestead (1/1) ... ok
   - ecmul_0-3_9_21000_128 | EIP158 (2/4) ... ok
   - ecmul_0-3_9_21000_128 | EIP158 (3/4) ... ok
   - ecmul_0-3_9_21000_128 | EIP158 (4/4) ... ok
   - ecmul_0-3_9_21000_128 | Frontier (1/4) ... ok
   - ecmul_0-3_9_21000_128 | Frontier (2/4) ... ok
   - ecmul_0-3_9_21000_128 | Frontier (3/4) ... ok
   - ecmul_0-3_9_21000_128 | Frontier (4/4) ... ok
   - ecmul_0-3_9_21000_128 | Homestead (1/4) ... ok
   - ecmul_0-3_9_21000_128 | Homestead (2/4) ... ok
   - ecmul_0-3_9_21000_128 | Homestead (3/4) ... ok
   - static_LoopCallsDepthThenRevert | Byzantium (1/1) ... ok
   - ecmul_0-3_9_21000_128 | Homestead (4/4) ... ok
   - ecmul_0-3_9_21000_128 | Byzantium (1/4) ... ok
   - static_CallEcrecover0_0input | EIP150 (1/9) ... ok
   - ecmul_0-3_9_21000_128 | Byzantium (2/4) ... ok
   - static_CallEcrecover0_0input | EIP150 (2/9) ... ok
   - static_CallEcrecover0_0input | EIP150 (3/9) ... ok
   - ecmul_0-3_9_21000_128 | Byzantium (3/4) ... ok
   - static_CallEcrecover0_0input | EIP150 (4/9) ... ok
   - ecmul_0-3_9_21000_128 | Byzantium (4/4) ... ok
   - static_CallEcrecover0_0input | EIP150 (5/9) ... ok
   - static_CallEcrecover0_0input | EIP150 (6/9) ... ok
   - ecadd_0-0_0-0_21000_64 | EIP150 (1/4) ... ok
   - static_CallEcrecover0_0input | EIP150 (7/9) ... ok
   - ecadd_0-0_0-0_21000_64 | EIP150 (2/4) ... ok
   - static_CallEcrecover0_0input | EIP150 (8/9) ... ok
   - ecadd_0-0_0-0_21000_64 | EIP150 (3/4) ... ok
   - static_CallEcrecover0_0input | EIP150 (9/9) ... ok
   - ecadd_0-0_0-0_21000_64 | EIP150 (4/4) ... ok
   - static_CallEcrecover0_0input | EIP158 (1/9) ... ok
   - static_CallEcrecover0_0input | EIP158 (2/9) ... ok
   - ecadd_0-0_0-0_21000_64 | EIP158 (1/4) ... ok
   - static_CallEcrecover0_0input | EIP158 (3/9) ... ok
   - ecadd_0-0_0-0_21000_64 | EIP158 (2/4) ... ok
   - static_CallEcrecover0_0input | EIP158 (4/9) ... ok
   - static_CallEcrecover0_0input | EIP158 (5/9) ... ok
   - ecadd_0-0_0-0_21000_64 | EIP158 (3/4) ... ok
   - static_CallEcrecover0_0input | EIP158 (6/9) ... ok
   - ecadd_0-0_0-0_21000_64 | EIP158 (4/4) ... ok
   - static_CallEcrecover0_0input | EIP158 (7/9) ... ok
   - static_CallEcrecover0_0input | EIP158 (8/9) ... ok
   - ecadd_0-0_0-0_21000_64 | Frontier (1/4) ... ok
   - static_CallEcrecover0_0input | EIP158 (9/9) ... ok
   - ecadd_0-0_0-0_21000_64 | Frontier (2/4) ... ok
   - static_CallEcrecover0_0input | Frontier (1/9) ... ok
   - static_CallEcrecover0_0input | Frontier (2/9) ... ok
   - ecadd_0-0_0-0_21000_64 | Frontier (3/4) ... ok
   - static_CallEcrecover0_0input | Frontier (3/9) ... ok
   - ecadd_0-0_0-0_21000_64 | Frontier (4/4) ... ok
   - static_CallEcrecover0_0input | Frontier (4/9) ... ok
   - static_CallEcrecover0_0input | Frontier (5/9) ... ok
   - ecadd_0-0_0-0_21000_64 | Homestead (1/4) ... ok
   - static_CallEcrecover0_0input | Frontier (6/9) ... ok
   - ecadd_0-0_0-0_21000_64 | Homestead (2/4) ... ok
   - static_CallEcrecover0_0input | Frontier (7/9) ... ok
   - ecadd_0-0_0-0_21000_64 | Homestead (3/4) ... ok
   - static_CallEcrecover0_0input | Frontier (8/9) ... ok
   - ecadd_0-0_0-0_21000_64 | Homestead (4/4) ... ok
   - static_CallEcrecover0_0input | Frontier (9/9) ... ok
   - static_CallEcrecover0_0input | Homestead (1/9) ... ok
   - ecadd_0-0_0-0_21000_64 | Byzantium (1/4) ... ok
   - static_CallEcrecover0_0input | Homestead (2/9) ... ok
   - ecadd_0-0_0-0_21000_64 | Byzantium (2/4) ... ok
   - static_CallEcrecover0_0input | Homestead (3/9) ... ok
   - static_CallEcrecover0_0input | Homestead (4/9) ... ok
   - ecadd_0-0_0-0_21000_64 | Byzantium (3/4) ... ok
   - static_CallEcrecover0_0input | Homestead (5/9) ... ok
   - ecadd_0-0_0-0_21000_64 | Byzantium (4/4) ... ok
   - static_CallEcrecover0_0input | Homestead (6/9) ... ok
   - static_CallEcrecover0_0input | Homestead (7/9) ... ok
   - static_CallEcrecover0_0input | Homestead (8/9) ... ok
   - ecmul_1-2_9_21000_128 | EIP150 (1/4) ... ok
   - static_CallEcrecover0_0input | Homestead (9/9) ... ok
   - ecmul_1-2_9_21000_128 | EIP150 (2/4) ... ok
   - static_CallEcrecover0_0input | Byzantium (1/9) ... ok
   - ecmul_1-2_9_21000_128 | EIP150 (3/4) ... ok
   - static_CallEcrecover0_0input | Byzantium (2/9) ... ok
   - ecmul_1-2_9_21000_128 | EIP150 (4/4) ... ok
   - static_CallEcrecover0_0input | Byzantium (3/9) ... ok
   - static_CallEcrecover0_0input | Byzantium (4/9) ... ok
   - ecmul_1-2_9_21000_128 | EIP158 (1/4) ... ok
ok
   - ecpairing_perturb_g2_by_curve_order_d0g1v0_EIP158...   - static_CallEcrecover0_0input | Byzantium (5/9) ... ok
   - ecmul_1-2_9_21000_128 | EIP158 (2/4) ... ok
   - static_CallEcrecover0_0input | Byzantium (6/9) ... ok
   - static_CallEcrecover0_0input | Byzantium (7/9) ... ok
   - ecmul_1-2_9_21000_128 | EIP158 (3/4) ... ok
   - static_CallEcrecover0_0input | Byzantium (8/9) ... ok
   - ecmul_1-2_9_21000_128 | EIP158 (4/4) ... ok
   - static_CallEcrecover0_0input | Byzantium (9/9) ... ok
   - ecmul_1-2_9_21000_128 | Frontier (1/4) ... ok
   - static_CallRipemd160_3_postfixed0 | EIP150 (1/1) ... ok
   - ecmul_1-2_9_21000_128 | Frontier (2/4) ... ok
   - static_CallRipemd160_3_postfixed0 | EIP158 (1/1) ... ok
   - static_CallRipemd160_3_postfixed0 | Frontier (1/1) ... ok
   - ecmul_1-2_9_21000_128 | Frontier (3/4) ... ok
   - static_CallRipemd160_3_postfixed0 | Homestead (1/1) ... ok
   - ecmul_1-2_9_21000_128 | Frontier (4/4) ... ok
   - static_CallRipemd160_3_postfixed0 | Byzantium (1/1) ... ok
   - static_callcodecallcodecall_ABCB_RECURSIVE | EIP150 (1/1) ... ok
   - ecmul_1-2_9_21000_128 | Homestead (1/4) ... ok
   - static_callcodecallcodecall_ABCB_RECURSIVE | EIP158 (1/1) ... ok
   - ecmul_1-2_9_21000_128 | Homestead (2/4) ... ok
   - static_callcodecallcodecall_ABCB_RECURSIVE | Frontier (1/1) ... ok
   - ecmul_1-2_9_21000_128 | Homestead (3/4) ... ok
   - static_callcodecallcodecall_ABCB_RECURSIVE | Homestead (1/1) ... ok
   - ecmul_1-2_9_21000_128 | Homestead (4/4) ... ok
   - ecmul_1-2_9_21000_128 | Byzantium (1/4) ... ok
   - ecmul_1-2_9_21000_128 | Byzantium (2/4) ... ok
   - ecmul_1-2_9_21000_128 | Byzantium (3/4) ... ok
   - static_callcodecallcodecall_ABCB_RECURSIVE | Byzantium (1/1) ... ok
   - ecmul_1-2_9_21000_128 | Byzantium (4/4) ... ok
   - static_calldelcode_01 | EIP150 (1/1) ... ok
   - ecmul_1-3_9_21000_96 | EIP150 (1/4) ... ok
   - static_calldelcode_01 | EIP158 (1/1) ... ok
   - ecmul_1-3_9_21000_96 | EIP150 (2/4) ... ok
   - static_calldelcode_01 | Frontier (1/1) ... ok
   - ecmul_1-3_9_21000_96 | EIP150 (3/4) ... ok
   - static_calldelcode_01 | Homestead (1/1) ... ok
   - ecmul_1-3_9_21000_96 | EIP150 (4/4) ... ok
   - static_calldelcode_01 | Byzantium (1/1) ... ok
   - static_CallEcrecover0_NoGas | EIP150 (1/1) ... ok
   - ecmul_1-3_9_21000_96 | EIP158 (1/4) ... ok
   - static_CallEcrecover0_NoGas | EIP158 (1/1) ... ok
   - static_CallEcrecover0_NoGas | Frontier (1/1) ... ok
   - ecmul_1-3_9_21000_96 | EIP158 (2/4) ... ok
   - static_CallEcrecover0_NoGas | Homestead (1/1) ... ok
   - ecmul_1-3_9_21000_96 | EIP158 (3/4) ... ok
   - static_CallEcrecover0_NoGas | Byzantium (1/1) ... ok
   - ecmul_1-3_9_21000_96 | EIP158 (4/4) ... ok
   - static_callcallcall_000 | EIP150 (1/2) ... ok
   - ecmul_1-3_9_21000_96 | Frontier (1/4) ... ok
   - static_callcallcall_000 | EIP150 (2/2) ... ok
   - ecmul_1-3_9_21000_96 | Frontier (2/4) ... ok
   - static_callcallcall_000 | EIP158 (1/2) ... ok
   - ecmul_1-3_9_21000_96 | Frontier (3/4) ... ok
   - static_callcallcall_000 | EIP158 (2/2) ... ok
   - ecmul_1-3_9_21000_96 | Frontier (4/4) ... ok
   - static_callcallcall_000 | Frontier (1/2) ... ok
   - ecmul_1-3_9_21000_96 | Homestead (1/4) ... ok
   - static_callcallcall_000 | Frontier (2/2) ... ok
   - ecmul_1-3_9_21000_96 | Homestead (2/4) ... ok
   - static_callcallcall_000 | Homestead (1/2) ... ok
   - ecmul_1-3_9_21000_96 | Homestead (3/4) ... ok
   - static_callcallcall_000 | Homestead (2/2) ... ok
   - ecmul_1-3_9_21000_96 | Homestead (4/4) ... ok
   - ecmul_1-3_9_21000_96 | Byzantium (1/4) ... ok
   - static_callcallcall_000 | Byzantium (1/2) ... ok
   - ecmul_1-3_9_21000_96 | Byzantium (2/4) ... ok
ok
   - ecpairing_perturb_g2_by_curve_order_d0g1v0_Frontier...   - static_callcallcall_000 | Byzantium (2/2) ... ok
   - ecmul_1-3_9_21000_96 | Byzantium (3/4) ... ok
   - static_CallEcrecover0_Gas2999 | EIP150 (1/1) ... ok
   - ecmul_1-3_9_21000_96 | Byzantium (4/4) ... ok
   - static_CallEcrecover0_Gas2999 | EIP158 (1/1) ... ok
   - static_CallEcrecover0_Gas2999 | Frontier (1/1) ... ok
   - ecmul_7827-6598_5616_21000_128 | EIP150 (1/4) ... ok
   - static_CallEcrecover0_Gas2999 | Homestead (1/1) ... ok
   - ecmul_7827-6598_5616_21000_128 | EIP150 (2/4) ... ok
   - static_CallEcrecover0_Gas2999 | Byzantium (1/1) ... ok
   - ecmul_7827-6598_5616_21000_128 | EIP150 (3/4) ... ok
   - static_callcallcodecall_010_OOGMAfter_3 | EIP150 (1/2) ... ok
   - ecmul_7827-6598_5616_21000_128 | EIP150 (4/4) ... ok
   - static_callcallcodecall_010_OOGMAfter_3 | EIP150 (2/2) ... ok
   - ecmul_7827-6598_5616_21000_128 | EIP158 (1/4) ... ok
   - static_callcallcodecall_010_OOGMAfter_3 | EIP158 (1/2) ... ok
   - static_callcallcodecall_010_OOGMAfter_3 | EIP158 (2/2) ... ok
   - ecmul_7827-6598_5616_21000_128 | EIP158 (2/4) ... ok
   - static_callcallcodecall_010_OOGMAfter_3 | Frontier (1/2) ... ok
   - ecmul_7827-6598_5616_21000_128 | EIP158 (3/4) ... ok
   - static_callcallcodecall_010_OOGMAfter_3 | Frontier (2/2) ... ok
   - ecmul_7827-6598_5616_21000_128 | EIP158 (4/4) ... ok
   - static_callcallcodecall_010_OOGMAfter_3 | Homestead (1/2) ... ok
   - ecmul_7827-6598_5616_21000_128 | Frontier (1/4) ... ok
   - static_callcallcodecall_010_OOGMAfter_3 | Homestead (2/2) ... ok
   - ecmul_7827-6598_5616_21000_128 | Frontier (2/4) ... ok
   - static_callcallcodecall_010_OOGMAfter_3 | Byzantium (1/2) ... ok
   - ecmul_7827-6598_5616_21000_128 | Frontier (3/4) ... ok
   - static_callcallcodecall_010_OOGMAfter_3 | Byzantium (2/2) ... ok
   - ecmul_7827-6598_5616_21000_128 | Frontier (4/4) ... ok
   - static_CallToNameRegistrator0 | EIP150 (1/1) ... ok
   - ecmul_7827-6598_5616_21000_128 | Homestead (1/4) ... ok
   - ecmul_7827-6598_5616_21000_128 | Homestead (2/4) ... ok
   - static_CallToNameRegistrator0 | EIP158 (1/1) ... ok
   - ecmul_7827-6598_5616_21000_128 | Homestead (3/4) ... ok
   - static_CallToNameRegistrator0 | Frontier (1/1) ... ok
   - ecmul_7827-6598_5616_21000_128 | Homestead (4/4) ... ok
   - static_CallToNameRegistrator0 | Homestead (1/1) ... ok
   - ecmul_7827-6598_5616_21000_128 | Byzantium (1/4) ... ok
   - static_CallToNameRegistrator0 | Byzantium (1/1) ... ok
   - static_RevertDepth2 | EIP150 (1/1) ... ok
   - ecmul_7827-6598_5616_21000_128 | Byzantium (2/4) ... ok
   - static_RevertDepth2 | EIP158 (1/1) ... ok
   - static_RevertDepth2 | Frontier (1/1) ... ok
   - static_RevertDepth2 | Homestead (1/1) ... ok
   - ecmul_7827-6598_5616_21000_128 | Byzantium (3/4) ... ok
   - static_RevertDepth2 | Byzantium (1/1) ... ok
   - static_log1_logMemStartTooHigh | EIP150 (1/1) ... ok
   - ecmul_7827-6598_5616_21000_128 | Byzantium (4/4) ... ok
   - static_log1_logMemStartTooHigh | EIP158 (1/1) ... ok
   - static_log1_logMemStartTooHigh | Frontier (1/1) ... ok
   - ecmul_0-0_0_28000_128 | EIP150 (1/4) ... ok
   - static_log1_logMemStartTooHigh | Homestead (1/1) ... ok
   - ecmul_0-0_0_28000_128 | EIP150 (2/4) ... ok
   - static_log1_logMemStartTooHigh | Byzantium (1/1) ... ok
   - ecmul_0-0_0_28000_128 | EIP150 (3/4) ... ok
   - ecmul_0-0_0_28000_128 | EIP150 (4/4) ... ok
   - static_CallRecursiveBombLog | EIP150 (1/1) ... ok
   - static_CallRecursiveBombLog | EIP158 (1/1) ... ok
   - ecmul_0-0_0_28000_128 | EIP158 (1/4) ... ok
   - static_CallRecursiveBombLog | Frontier (1/1) ... ok
ok
   - ecpairing_perturb_g2_by_curve_order_d0g1v0_Homestead...   - ecmul_0-0_0_28000_128 | EIP158 (2/4) ... ok
   - static_CallRecursiveBombLog | Homestead (1/1) ... ok
   - static_CallRecursiveBombLog | Byzantium (1/1) ... ok
   - ecmul_0-0_0_28000_128 | EIP158 (3/4) ... ok
   - ecmul_0-0_0_28000_128 | EIP158 (4/4) ... ok
   - static_Call1MB1024Calldepth | EIP150 (1/2) ... ok
   - static_Call1MB1024Calldepth | EIP150 (2/2) ... ok
   - ecmul_0-0_0_28000_128 | Frontier (1/4) ... ok
   - static_Call1MB1024Calldepth | EIP158 (1/2) ... ok
   - ecmul_0-0_0_28000_128 | Frontier (2/4) ... ok
   - static_Call1MB1024Calldepth | EIP158 (2/2) ... ok
   - ecmul_0-0_0_28000_128 | Frontier (3/4) ... ok
   - static_Call1MB1024Calldepth | Frontier (1/2) ... ok
   - ecmul_0-0_0_28000_128 | Frontier (4/4) ... ok
   - static_Call1MB1024Calldepth | Frontier (2/2) ... ok
   - ecmul_0-0_0_28000_128 | Homestead (1/4) ... ok
   - static_Call1MB1024Calldepth | Homestead (1/2) ... ok
   - ecmul_0-0_0_28000_128 | Homestead (2/4) ... ok
   - static_Call1MB1024Calldepth | Homestead (2/2) ... ok
   - ecmul_0-0_0_28000_128 | Homestead (3/4) ... ok
   - ecmul_0-0_0_28000_128 | Homestead (4/4) ... ok
   - ecmul_0-0_0_28000_128 | Byzantium (1/4) ... ok
   - ecmul_0-0_0_28000_128 | Byzantium (2/4) ... ok
   - ecmul_0-0_0_28000_128 | Byzantium (3/4) ... ok
   - static_Call1MB1024Calldepth | Byzantium (1/2) ... ok
   - ecmul_0-0_0_28000_128 | Byzantium (4/4) ... ok
   - ecmul_0-3_2_21000_128 | EIP150 (1/4) ... ok
   - ecmul_0-3_2_21000_128 | EIP150 (2/4) ... ok
   - ecmul_0-3_2_21000_128 | EIP150 (3/4) ... ok
   - ecmul_0-3_2_21000_128 | EIP150 (4/4) ... ok
   - ecmul_0-3_2_21000_128 | EIP158 (1/4) ... ok
   - ecmul_0-3_2_21000_128 | EIP158 (2/4) ... ok
   - ecmul_0-3_2_21000_128 | EIP158 (3/4) ... ok
   - ecmul_0-3_2_21000_128 | EIP158 (4/4) ... ok
   - ecmul_0-3_2_21000_128 | Frontier (1/4) ... ok
   - ecmul_0-3_2_21000_128 | Frontier (2/4) ... ok
   - ecmul_0-3_2_21000_128 | Frontier (3/4) ... ok
   - ecmul_0-3_2_21000_128 | Frontier (4/4) ... ok
   - ecmul_0-3_2_21000_128 | Homestead (1/4) ... ok
   - ecmul_0-3_2_21000_128 | Homestead (2/4) ... ok
   - ecmul_0-3_2_21000_128 | Homestead (3/4) ... ok
   - ecmul_0-3_2_21000_128 | Homestead (4/4) ... ok
   - ecmul_0-3_2_21000_128 | Byzantium (1/4) ... ok
   - ecmul_0-3_2_21000_128 | Byzantium (2/4) ... ok
   - ecmul_0-3_2_21000_128 | Byzantium (3/4) ... ok
   - ecmul_0-3_2_21000_128 | Byzantium (4/4) ... ok
ok
   - ecmul_0-0_0_28000_0 | EIP150 (1/4) ... ok
   - ecmul_0-0_0_28000_0 | EIP150 (2/4) ... ok
   - ecmul_0-0_0_28000_0 | EIP150 (3/4) ... ok
   - ecmul_0-0_0_28000_0 | EIP150 (4/4) ... ok
   - ecpairing_one_point_with_g1_zero_d0g3v0_Byzantium...   - ecmul_0-0_0_28000_0 | EIP158 (1/4) ... ok
   - ecmul_0-0_0_28000_0 | EIP158 (2/4) ... ok
   - ecmul_0-0_0_28000_0 | EIP158 (3/4) ... ok
   - ecmul_0-0_0_28000_0 | EIP158 (4/4) ... ok
   - ecmul_0-0_0_28000_0 | Frontier (1/4) ... ok
   - ecmul_0-0_0_28000_0 | Frontier (2/4) ... ok
   - ecmul_0-0_0_28000_0 | Frontier (3/4) ... ok
   - ecmul_0-0_0_28000_0 | Frontier (4/4) ... ok
   - ecmul_0-0_0_28000_0 | Homestead (1/4) ... ok
   - ecmul_0-0_0_28000_0 | Homestead (2/4) ... ok
   - ecmul_0-0_0_28000_0 | Homestead (3/4) ... ok
   - ecmul_0-0_0_28000_0 | Homestead (4/4) ... ok
   - ecmul_0-0_0_28000_0 | Byzantium (1/4) ... ok
   - ecmul_0-0_0_28000_0 | Byzantium (2/4) ... ok
   - ecmul_0-0_0_28000_0 | Byzantium (3/4) ... ok
   - ecmul_0-0_0_28000_0 | Byzantium (4/4) ... ok
   - ecmul_1-2_0_21000_80 | EIP150 (1/4) ... ok
   - ecmul_1-2_0_21000_80 | EIP150 (2/4) ... ok
   - ecmul_1-2_0_21000_80 | EIP150 (3/4) ... ok
   - ecmul_1-2_0_21000_80 | EIP150 (4/4) ... ok
   - ecmul_1-2_0_21000_80 | EIP158 (1/4) ... ok
   - ecmul_1-2_0_21000_80 | EIP158 (2/4) ... ok
   - ecmul_1-2_0_21000_80 | EIP158 (3/4) ... ok
   - ecmul_1-2_0_21000_80 | EIP158 (4/4) ... ok
   - ecmul_1-2_0_21000_80 | Frontier (1/4) ... ok
   - ecmul_1-2_0_21000_80 | Frontier (2/4) ... ok
   - ecmul_1-2_0_21000_80 | Frontier (3/4) ... ok
   - ecmul_1-2_0_21000_80 | Frontier (4/4) ... ok
   - ecmul_1-2_0_21000_80 | Homestead (1/4) ... ok
ok
   - ecpairing_one_point_with_g1_zero_d0g3v0_EIP150...   - ecmul_1-2_0_21000_80 | Homestead (2/4) ... ok
   - ecmul_1-2_0_21000_80 | Homestead (3/4) ... ok
   - ecmul_1-2_0_21000_80 | Homestead (4/4) ... ok
   - ecmul_1-2_0_21000_80 | Byzantium (1/4) ... ok
   - ecmul_1-2_0_21000_80 | Byzantium (2/4) ... ok
   - ecmul_1-2_0_21000_80 | Byzantium (3/4) ... ok
   - ecmul_1-2_0_21000_80 | Byzantium (4/4) ... ok
   - ecmul_0-3_9935_28000_96 | EIP150 (1/4) ... ok
   - ecmul_0-3_9935_28000_96 | EIP150 (2/4) ... ok
   - ecmul_0-3_9935_28000_96 | EIP150 (3/4) ... ok
   - ecmul_0-3_9935_28000_96 | EIP150 (4/4) ... ok
   - ecmul_0-3_9935_28000_96 | EIP158 (1/4) ... ok
   - ecmul_0-3_9935_28000_96 | EIP158 (2/4) ... ok
   - ecmul_0-3_9935_28000_96 | EIP158 (3/4) ... ok
   - ecmul_0-3_9935_28000_96 | EIP158 (4/4) ... ok
   - ecmul_0-3_9935_28000_96 | Frontier (1/4) ... ok
   - ecmul_0-3_9935_28000_96 | Frontier (2/4) ... ok
   - ecmul_0-3_9935_28000_96 | Frontier (3/4) ... ok
   - ecmul_0-3_9935_28000_96 | Frontier (4/4) ... ok
   - ecmul_0-3_9935_28000_96 | Homestead (1/4) ... ok
   - ecmul_0-3_9935_28000_96 | Homestead (2/4) ... ok
   - ecmul_0-3_9935_28000_96 | Homestead (3/4) ... ok
   - ecmul_0-3_9935_28000_96 | Homestead (4/4) ... ok
   - ecmul_0-3_9935_28000_96 | Byzantium (1/4) ... ok
   - ecmul_0-3_9935_28000_96 | Byzantium (2/4) ... ok
   - ecmul_0-3_9935_28000_96 | Byzantium (3/4) ... ok
   - ecmul_0-3_9935_28000_96 | Byzantium (4/4) ... ok
   - ecmul_1-3_9935_21000_96 | EIP150 (1/4) ... ok
   - ecmul_1-3_9935_21000_96 | EIP150 (2/4) ... ok
   - ecmul_1-3_9935_21000_96 | EIP150 (3/4) ... ok
   - ecmul_1-3_9935_21000_96 | EIP150 (4/4) ... ok
   - ecmul_1-3_9935_21000_96 | EIP158 (1/4) ... ok
   - ecmul_1-3_9935_21000_96 | EIP158 (2/4) ... ok
   - ecmul_1-3_9935_21000_96 | EIP158 (3/4) ... ok
   - ecmul_1-3_9935_21000_96 | EIP158 (4/4) ... ok
   - ecmul_1-3_9935_21000_96 | Frontier (1/4) ... ok
ok
   - ecpairing_one_point_with_g1_zero_d0g3v0_EIP158...   - ecmul_1-3_9935_21000_96 | Frontier (2/4) ... ok
   - ecmul_1-3_9935_21000_96 | Frontier (3/4) ... ok
   - ecmul_1-3_9935_21000_96 | Frontier (4/4) ... ok
   - ecmul_1-3_9935_21000_96 | Homestead (1/4) ... ok
   - ecmul_1-3_9935_21000_96 | Homestead (2/4) ... ok
   - ecmul_1-3_9935_21000_96 | Homestead (3/4) ... ok
   - ecmul_1-3_9935_21000_96 | Homestead (4/4) ... ok
   - ecmul_1-3_9935_21000_96 | Byzantium (1/4) ... ok
   - ecmul_1-3_9935_21000_96 | Byzantium (2/4) ... ok
   - ecmul_1-3_9935_21000_96 | Byzantium (3/4) ... ok
   - ecmul_1-3_9935_21000_96 | Byzantium (4/4) ... ok
   - ecpairing_two_point_match_5 | EIP150 (1/4) ... ok
   - ecpairing_two_point_match_5 | EIP150 (2/4) ... ok
   - ecpairing_two_point_match_5 | EIP150 (3/4) ... ok
   - ecpairing_two_point_match_5 | EIP150 (4/4) ... ok
   - ecpairing_two_point_match_5 | EIP158 (1/4) ... ok
   - ecpairing_two_point_match_5 | EIP158 (2/4) ... ok
   - ecpairing_two_point_match_5 | EIP158 (3/4) ... ok
   - ecpairing_two_point_match_5 | EIP158 (4/4) ... ok
   - ecpairing_two_point_match_5 | Frontier (1/4) ... ok
   - ecpairing_two_point_match_5 | Frontier (2/4) ... ok
   - ecpairing_two_point_match_5 | Frontier (3/4) ... ok
   - ecpairing_two_point_match_5 | Frontier (4/4) ... ok
ok
   - ecpairing_one_point_with_g1_zero_d0g3v0_Frontier...   - ecpairing_two_point_match_5 | Homestead (1/4) ... ok
   - ecpairing_two_point_match_5 | Homestead (2/4) ... ok
   - ecpairing_two_point_match_5 | Homestead (3/4) ... ok
   - ecpairing_two_point_match_5 | Homestead (4/4) ... ok
   - ecpairing_two_point_match_5 | Byzantium (1/4) ... ok
   - ecpairing_two_point_match_5 | Byzantium (2/4) ... ok
   - ecpairing_two_point_match_5 | Byzantium (3/4) ... ok
   - ecpairing_two_point_match_5 | Byzantium (4/4) ... ok
   - ecmul_0-3_5616_28000_96 | EIP150 (1/4) ... ok
   - ecmul_0-3_5616_28000_96 | EIP150 (2/4) ... ok
   - ecmul_0-3_5616_28000_96 | EIP150 (3/4) ... ok
   - ecmul_0-3_5616_28000_96 | EIP150 (4/4) ... ok
   - ecmul_0-3_5616_28000_96 | EIP158 (1/4) ... ok
   - ecmul_0-3_5616_28000_96 | EIP158 (2/4) ... ok
   - ecmul_0-3_5616_28000_96 | EIP158 (3/4) ... ok
   - ecmul_0-3_5616_28000_96 | EIP158 (4/4) ... ok
   - ecmul_0-3_5616_28000_96 | Frontier (1/4) ... ok
   - ecmul_0-3_5616_28000_96 | Frontier (2/4) ... ok
   - ecmul_0-3_5616_28000_96 | Frontier (3/4) ... ok
   - ecmul_0-3_5616_28000_96 | Frontier (4/4) ... ok
   - ecmul_0-3_5616_28000_96 | Homestead (1/4) ... ok
   - ecmul_0-3_5616_28000_96 | Homestead (2/4) ... ok
   - ecmul_0-3_5616_28000_96 | Homestead (3/4) ... ok
   - ecmul_0-3_5616_28000_96 | Homestead (4/4) ... ok
   - ecmul_0-3_5616_28000_96 | Byzantium (1/4) ... ok
   - ecmul_0-3_5616_28000_96 | Byzantium (2/4) ... ok
   - ecmul_0-3_5616_28000_96 | Byzantium (3/4) ... ok
   - ecmul_0-3_5616_28000_96 | Byzantium (4/4) ... ok
   - ecmul_1-3_5616_21000_128 | EIP150 (1/4) ... ok
   - ecmul_1-3_5616_21000_128 | EIP150 (2/4) ... ok
   - ecmul_1-3_5616_21000_128 | EIP150 (3/4) ... ok
   - ecmul_1-3_5616_21000_128 | EIP150 (4/4) ... ok
   - ecmul_1-3_5616_21000_128 | EIP158 (1/4) ... ok
   - ecmul_1-3_5616_21000_128 | EIP158 (2/4) ... ok
   - ecmul_1-3_5616_21000_128 | EIP158 (3/4) ... ok
   - ecmul_1-3_5616_21000_128 | EIP158 (4/4) ... ok
   - ecmul_1-3_5616_21000_128 | Frontier (1/4) ... ok
   - ecmul_1-3_5616_21000_128 | Frontier (2/4) ... ok
   - ecmul_1-3_5616_21000_128 | Frontier (3/4) ... ok
   - ecmul_1-3_5616_21000_128 | Frontier (4/4) ... ok
   - ecmul_1-3_5616_21000_128 | Homestead (1/4) ... ok
   - ecmul_1-3_5616_21000_128 | Homestead (2/4) ... ok
ok
   - ecmul_1-3_5616_21000_128 | Homestead (3/4) ... ok
   - ecmul_1-3_5616_21000_128 | Homestead (4/4) ... ok
   - ecpairing_one_point_with_g1_zero_d0g3v0_Homestead...   - ecmul_1-3_5616_21000_128 | Byzantium (1/4) ... ok
   - ecmul_1-3_5616_21000_128 | Byzantium (2/4) ... ok
   - ecmul_1-3_5616_21000_128 | Byzantium (3/4) ... ok
   - ecmul_1-3_5616_21000_128 | Byzantium (4/4) ... ok
   - pointAdd | EIP150 (1/40) ... ok
   - pointAdd | EIP150 (2/40) ... ok
   - pointAdd | EIP150 (3/40) ... ok
   - pointAdd | EIP150 (4/40) ... ok
   - pointAdd | EIP150 (5/40) ... ok
   - pointAdd | EIP150 (6/40) ... ok
   - pointAdd | EIP150 (7/40) ... ok
   - pointAdd | EIP150 (8/40) ... ok
   - pointAdd | EIP150 (9/40) ... ok
   - pointAdd | EIP150 (10/40) ... ok
   - pointAdd | EIP150 (11/40) ... ok
   - pointAdd | EIP150 (12/40) ... ok
   - pointAdd | EIP150 (13/40) ... ok
   - pointAdd | EIP150 (14/40) ... ok
   - pointAdd | EIP150 (15/40) ... ok
   - pointAdd | EIP150 (16/40) ... ok
   - pointAdd | EIP150 (17/40) ... ok
   - pointAdd | EIP150 (18/40) ... ok
   - pointAdd | EIP150 (19/40) ... ok
   - pointAdd | EIP150 (20/40) ... ok
   - pointAdd | EIP150 (21/40) ... ok
   - pointAdd | EIP150 (22/40) ... ok
   - pointAdd | EIP150 (23/40) ... ok
   - pointAdd | EIP150 (24/40) ... ok
   - pointAdd | EIP150 (25/40) ... ok
   - pointAdd | EIP150 (26/40) ... ok
   - pointAdd | EIP150 (27/40) ... ok
   - pointAdd | EIP150 (28/40) ... ok
   - pointAdd | EIP150 (29/40) ... ok
   - pointAdd | EIP150 (30/40) ... ok
   - pointAdd | EIP150 (31/40) ... ok
   - pointAdd | EIP150 (32/40) ... ok
   - pointAdd | EIP150 (33/40) ... ok
   - pointAdd | EIP150 (34/40) ... ok
   - pointAdd | EIP150 (35/40) ... ok
   - pointAdd | EIP150 (36/40) ... ok
   - pointAdd | EIP150 (37/40) ... ok
   - pointAdd | EIP150 (38/40) ... ok
   - pointAdd | EIP150 (39/40) ... ok
   - pointAdd | EIP150 (40/40) ... ok
   - pointAdd | EIP158 (1/40) ... ok
   - pointAdd | EIP158 (2/40) ... ok
   - pointAdd | EIP158 (3/40) ... ok
   - pointAdd | EIP158 (4/40) ... ok
   - pointAdd | EIP158 (5/40) ... ok
   - pointAdd | EIP158 (6/40) ... ok
   - pointAdd | EIP158 (7/40) ... ok
   - pointAdd | EIP158 (8/40) ... ok
   - pointAdd | EIP158 (9/40) ... ok
   - pointAdd | EIP158 (10/40) ... ok
   - pointAdd | EIP158 (11/40) ... ok
   - pointAdd | EIP158 (12/40) ... ok
   - pointAdd | EIP158 (13/40) ... ok
   - pointAdd | EIP158 (14/40) ... ok
   - pointAdd | EIP158 (15/40) ... ok
   - pointAdd | EIP158 (16/40) ... ok
   - pointAdd | EIP158 (17/40) ... ok
   - pointAdd | EIP158 (18/40) ... ok
   - pointAdd | EIP158 (19/40) ... ok
   - pointAdd | EIP158 (20/40) ... ok
   - pointAdd | EIP158 (21/40) ... ok
   - pointAdd | EIP158 (22/40) ... ok
   - pointAdd | EIP158 (23/40) ... ok
   - pointAdd | EIP158 (24/40) ... ok
   - pointAdd | EIP158 (25/40) ... ok
   - pointAdd | EIP158 (26/40) ... ok
   - pointAdd | EIP158 (27/40) ... ok
   - pointAdd | EIP158 (28/40) ... ok
   - pointAdd | EIP158 (29/40) ... ok
   - pointAdd | EIP158 (30/40) ... ok
   - pointAdd | EIP158 (31/40) ... ok
   - pointAdd | EIP158 (32/40) ... ok
ok
   - pointAdd | EIP158 (33/40) ... ok
   - pointAdd | EIP158 (34/40) ... ok
   - pointAdd | EIP158 (35/40) ... ok
   - pointAdd | EIP158 (36/40) ... ok
   - pointAdd | EIP158 (37/40) ... ok
   - ecmul_1-2_5617_21000_128_d0g0v0_Byzantium...   - pointAdd | EIP158 (38/40) ... ok
   - pointAdd | EIP158 (39/40) ... ok
   - pointAdd | EIP158 (40/40) ... ok
   - pointAdd | Frontier (1/40) ... ok
   - pointAdd | Frontier (2/40) ... ok
   - pointAdd | Frontier (3/40) ... ok
   - pointAdd | Frontier (4/40) ... ok
   - pointAdd | Frontier (5/40) ... ok
   - pointAdd | Frontier (6/40) ... ok
   - pointAdd | Frontier (7/40) ... ok
   - pointAdd | Frontier (8/40) ... ok
   - pointAdd | Frontier (9/40) ... ok
   - pointAdd | Frontier (10/40) ... ok
   - pointAdd | Frontier (11/40) ... ok
   - pointAdd | Frontier (12/40) ... ok
   - pointAdd | Frontier (13/40) ... ok
   - pointAdd | Frontier (14/40) ... ok
   - pointAdd | Frontier (15/40) ... ok
   - pointAdd | Frontier (16/40) ... ok
   - pointAdd | Frontier (17/40) ... ok
   - pointAdd | Frontier (18/40) ... ok
   - pointAdd | Frontier (19/40) ... ok
   - pointAdd | Frontier (20/40) ... ok
   - pointAdd | Frontier (21/40) ... ok
   - pointAdd | Frontier (22/40) ... ok
   - pointAdd | Frontier (23/40) ... ok
   - pointAdd | Frontier (24/40) ... ok
   - pointAdd | Frontier (25/40) ... ok
   - pointAdd | Frontier (26/40) ... ok
   - pointAdd | Frontier (27/40) ... ok
   - pointAdd | Frontier (28/40) ... ok
   - pointAdd | Frontier (29/40) ... ok
   - pointAdd | Frontier (30/40) ... ok
   - pointAdd | Frontier (31/40) ... ok
   - pointAdd | Frontier (32/40) ... ok
   - pointAdd | Frontier (33/40) ... ok
   - pointAdd | Frontier (34/40) ... ok
   - pointAdd | Frontier (35/40) ... ok
   - pointAdd | Frontier (36/40) ... ok
   - pointAdd | Frontier (37/40) ... ok
   - pointAdd | Frontier (38/40) ... ok
   - pointAdd | Frontier (39/40) ... ok
   - pointAdd | Frontier (40/40) ... ok
   - pointAdd | Homestead (1/40) ... ok
   - pointAdd | Homestead (2/40) ... ok
   - pointAdd | Homestead (3/40) ... ok
   - pointAdd | Homestead (4/40) ... ok
   - pointAdd | Homestead (5/40) ... ok
   - pointAdd | Homestead (6/40) ... ok
   - pointAdd | Homestead (7/40) ... ok
   - pointAdd | Homestead (8/40) ... ok
   - pointAdd | Homestead (9/40) ... ok
   - pointAdd | Homestead (10/40) ... ok
   - pointAdd | Homestead (11/40) ... ok
   - pointAdd | Homestead (12/40) ... ok
   - pointAdd | Homestead (13/40) ... ok
   - pointAdd | Homestead (14/40) ... ok
   - pointAdd | Homestead (15/40) ... ok
   - pointAdd | Homestead (16/40) ... ok
   - pointAdd | Homestead (17/40) ... ok
   - pointAdd | Homestead (18/40) ... ok
   - pointAdd | Homestead (19/40) ... ok
   - pointAdd | Homestead (20/40) ... ok
   - pointAdd | Homestead (21/40) ... ok
   - pointAdd | Homestead (22/40) ... ok
   - pointAdd | Homestead (23/40) ... ok
   - pointAdd | Homestead (24/40) ... ok
   - pointAdd | Homestead (25/40) ... ok
   - pointAdd | Homestead (26/40) ... ok
   - pointAdd | Homestead (27/40) ... ok
   - pointAdd | Homestead (28/40) ... ok
   - pointAdd | Homestead (29/40) ... ok
   - pointAdd | Homestead (30/40) ... ok
   - pointAdd | Homestead (31/40) ... ok
   - pointAdd | Homestead (32/40) ... ok
   - pointAdd | Homestead (33/40) ... ok
   - pointAdd | Homestead (34/40) ... ok
   - pointAdd | Homestead (35/40) ... ok
   - pointAdd | Homestead (36/40) ... ok
   - pointAdd | Homestead (37/40) ... ok
   - pointAdd | Homestead (38/40) ... ok
   - pointAdd | Homestead (39/40) ... ok
   - pointAdd | Homestead (40/40) ... ok
   - pointAdd | Byzantium (1/40) ... ok
   - pointAdd | Byzantium (2/40) ... ok
   - pointAdd | Byzantium (3/40) ... ok
   - pointAdd | Byzantium (4/40) ... ok
   - pointAdd | Byzantium (5/40) ... ok
   - pointAdd | Byzantium (6/40) ... ok
   - pointAdd | Byzantium (7/40) ... ok
   - pointAdd | Byzantium (8/40) ... ok
   - pointAdd | Byzantium (9/40) ... ok
   - pointAdd | Byzantium (10/40) ... ok
   - pointAdd | Byzantium (11/40) ... ok
   - pointAdd | Byzantium (12/40) ... ok
   - pointAdd | Byzantium (13/40) ... ok
   - pointAdd | Byzantium (14/40) ... ok
   - pointAdd | Byzantium (15/40) ... ok
ok
   - ecmul_1-2_5617_21000_128_d0g0v0_EIP150...   - pointAdd | Byzantium (16/40) ... ok
   - pointAdd | Byzantium (17/40) ... ok
   - pointAdd | Byzantium (18/40) ... ok
   - pointAdd | Byzantium (19/40) ... ok
   - pointAdd | Byzantium (20/40) ... ok
   - pointAdd | Byzantium (21/40) ... ok
   - pointAdd | Byzantium (22/40) ... ok
   - pointAdd | Byzantium (23/40) ... ok
   - pointAdd | Byzantium (24/40) ... ok
   - pointAdd | Byzantium (25/40) ... ok
   - pointAdd | Byzantium (26/40) ... ok
   - pointAdd | Byzantium (27/40) ... ok
   - pointAdd | Byzantium (28/40) ... ok
   - pointAdd | Byzantium (29/40) ... ok
   - pointAdd | Byzantium (30/40) ... ok
   - pointAdd | Byzantium (31/40) ... ok
   - pointAdd | Byzantium (32/40) ... ok
   - pointAdd | Byzantium (33/40) ... ok
   - pointAdd | Byzantium (34/40) ... ok
   - pointAdd | Byzantium (35/40) ... ok
   - pointAdd | Byzantium (36/40) ... ok
   - pointAdd | Byzantium (37/40) ... ok
   - pointAdd | Byzantium (38/40) ... ok
   - pointAdd | Byzantium (39/40) ... ok
   - pointAdd | Byzantium (40/40) ... ok
   - ecmul_1-3_1_21000_96 | EIP150 (1/4) ... ok
   - ecmul_1-3_1_21000_96 | EIP150 (2/4) ... ok
   - ecmul_1-3_1_21000_96 | EIP150 (3/4) ... ok
   - ecmul_1-3_1_21000_96 | EIP150 (4/4) ... ok
   - ecmul_1-3_1_21000_96 | EIP158 (1/4) ... ok
   - ecmul_1-3_1_21000_96 | EIP158 (2/4) ... ok
   - ecmul_1-3_1_21000_96 | EIP158 (3/4) ... ok
   - ecmul_1-3_1_21000_96 | EIP158 (4/4) ... ok
   - ecmul_1-3_1_21000_96 | Frontier (1/4) ... ok
   - ecmul_1-3_1_21000_96 | Frontier (2/4) ... ok
   - ecmul_1-3_1_21000_96 | Frontier (3/4) ... ok
   - ecmul_1-3_1_21000_96 | Frontier (4/4) ... ok
   - ecmul_1-3_1_21000_96 | Homestead (1/4) ... ok
   - ecmul_1-3_1_21000_96 | Homestead (2/4) ... ok
   - ecmul_1-3_1_21000_96 | Homestead (3/4) ... ok
   - ecmul_1-3_1_21000_96 | Homestead (4/4) ... ok
   - ecmul_1-3_1_21000_96 | Byzantium (1/4) ... ok
   - ecmul_1-3_1_21000_96 | Byzantium (2/4) ... ok
   - ecmul_1-3_1_21000_96 | Byzantium (3/4) ... ok
   - ecmul_1-3_1_21000_96 | Byzantium (4/4) ... ok
   - ecmul_1-2_5616_21000_128 | EIP150 (1/4) ... ok
   - ecmul_1-2_5616_21000_128 | EIP150 (2/4) ... ok
   - ecmul_1-2_5616_21000_128 | EIP150 (3/4) ... ok
   - ecmul_1-2_5616_21000_128 | EIP150 (4/4) ... ok
   - ecmul_1-2_5616_21000_128 | EIP158 (1/4) ... ok
   - ecmul_1-2_5616_21000_128 | EIP158 (2/4) ... ok
   - ecmul_1-2_5616_21000_128 | EIP158 (3/4) ... ok
   - ecmul_1-2_5616_21000_128 | EIP158 (4/4) ... ok
   - ecmul_1-2_5616_21000_128 | Frontier (1/4) ... ok
   - ecmul_1-2_5616_21000_128 | Frontier (2/4) ... ok
   - ecmul_1-2_5616_21000_128 | Frontier (3/4) ... ok
   - ecmul_1-2_5616_21000_128 | Frontier (4/4) ... ok
   - ecmul_1-2_5616_21000_128 | Homestead (1/4) ... ok
   - ecmul_1-2_5616_21000_128 | Homestead (2/4) ... ok
   - ecmul_1-2_5616_21000_128 | Homestead (3/4) ... ok
   - ecmul_1-2_5616_21000_128 | Homestead (4/4) ... ok
   - ecmul_1-2_5616_21000_128 | Byzantium (1/4) ... ok
   - ecmul_1-2_5616_21000_128 | Byzantium (2/4) ... ok
   - ecmul_1-2_5616_21000_128 | Byzantium (3/4) ... ok
ok
   - ecmul_1-2_5617_21000_128_d0g0v0_EIP158...   - ecmul_1-2_5616_21000_128 | Byzantium (4/4) ... ok
   - ecadd_1145-3932_1145-4651_21000_192 | EIP150 (1/4) ... ok
   - ecadd_1145-3932_1145-4651_21000_192 | EIP150 (2/4) ... ok
   - ecadd_1145-3932_1145-4651_21000_192 | EIP150 (3/4) ... ok
   - ecadd_1145-3932_1145-4651_21000_192 | EIP150 (4/4) ... ok
   - ecadd_1145-3932_1145-4651_21000_192 | EIP158 (1/4) ... ok
   - ecadd_1145-3932_1145-4651_21000_192 | EIP158 (2/4) ... ok
   - ecadd_1145-3932_1145-4651_21000_192 | EIP158 (3/4) ... ok
   - ecadd_1145-3932_1145-4651_21000_192 | EIP158 (4/4) ... ok
   - ecadd_1145-3932_1145-4651_21000_192 | Frontier (1/4) ... ok
   - ecadd_1145-3932_1145-4651_21000_192 | Frontier (2/4) ... ok
   - ecadd_1145-3932_1145-4651_21000_192 | Frontier (3/4) ... ok
   - ecadd_1145-3932_1145-4651_21000_192 | Frontier (4/4) ... ok
   - ecadd_1145-3932_1145-4651_21000_192 | Homestead (1/4) ... ok
   - ecadd_1145-3932_1145-4651_21000_192 | Homestead (2/4) ... ok
   - ecadd_1145-3932_1145-4651_21000_192 | Homestead (3/4) ... ok
   - ecadd_1145-3932_1145-4651_21000_192 | Homestead (4/4) ... ok
   - ecadd_1145-3932_1145-4651_21000_192 | Byzantium (1/4) ... ok
   - ecadd_1145-3932_1145-4651_21000_192 | Byzantium (2/4) ... ok
   - ecadd_1145-3932_1145-4651_21000_192 | Byzantium (3/4) ... ok
   - ecadd_1145-3932_1145-4651_21000_192 | Byzantium (4/4) ... ok
   - ecmul_0-0_9935_21000_128 | EIP150 (1/4) ... ok
   - ecmul_0-0_9935_21000_128 | EIP150 (2/4) ... ok
   - ecmul_0-0_9935_21000_128 | EIP150 (3/4) ... ok
   - ecmul_0-0_9935_21000_128 | EIP150 (4/4) ... ok
   - ecmul_0-0_9935_21000_128 | EIP158 (1/4) ... ok
   - ecmul_0-0_9935_21000_128 | EIP158 (2/4) ... ok
   - ecmul_0-0_9935_21000_128 | EIP158 (3/4) ... ok
   - ecmul_0-0_9935_21000_128 | EIP158 (4/4) ... ok
   - ecmul_0-0_9935_21000_128 | Frontier (1/4) ... ok
   - ecmul_0-0_9935_21000_128 | Frontier (2/4) ... ok
   - ecmul_0-0_9935_21000_128 | Frontier (3/4) ... ok
   - ecmul_0-0_9935_21000_128 | Frontier (4/4) ... ok
   - ecmul_0-0_9935_21000_128 | Homestead (1/4) ... ok
   - ecmul_0-0_9935_21000_128 | Homestead (2/4) ... ok
   - ecmul_0-0_9935_21000_128 | Homestead (3/4) ... ok
   - ecmul_0-0_9935_21000_128 | Homestead (4/4) ... ok
   - ecmul_0-0_9935_21000_128 | Byzantium (1/4) ... ok
   - ecmul_0-0_9935_21000_128 | Byzantium (2/4) ... ok
   - ecmul_0-0_9935_21000_128 | Byzantium (3/4) ... ok
   - ecmul_0-0_9935_21000_128 | Byzantium (4/4) ... ok
   - ecadd_0-0_0-0_25000_80 | EIP150 (1/4) ... ok
   - ecadd_0-0_0-0_25000_80 | EIP150 (2/4) ... ok
   - ecadd_0-0_0-0_25000_80 | EIP150 (3/4) ... ok
   - ecadd_0-0_0-0_25000_80 | EIP150 (4/4) ... ok
   - ecadd_0-0_0-0_25000_80 | EIP158 (1/4) ... ok
   - ecadd_0-0_0-0_25000_80 | EIP158 (2/4) ... ok
   - ecadd_0-0_0-0_25000_80 | EIP158 (3/4) ... ok
   - ecadd_0-0_0-0_25000_80 | EIP158 (4/4) ... ok
   - ecadd_0-0_0-0_25000_80 | Frontier (1/4) ... ok
   - ecadd_0-0_0-0_25000_80 | Frontier (2/4) ... ok
   - ecadd_0-0_0-0_25000_80 | Frontier (3/4) ... ok
   - ecadd_0-0_0-0_25000_80 | Frontier (4/4) ... ok
   - ecadd_0-0_0-0_25000_80 | Homestead (1/4) ... ok
   - ecadd_0-0_0-0_25000_80 | Homestead (2/4) ... ok
   - ecadd_0-0_0-0_25000_80 | Homestead (3/4) ... ok
   - ecadd_0-0_0-0_25000_80 | Homestead (4/4) ... ok
   - ecadd_0-0_0-0_25000_80 | Byzantium (1/4) ... ok
   - ecadd_0-0_0-0_25000_80 | Byzantium (2/4) ... ok
   - ecadd_0-0_0-0_25000_80 | Byzantium (3/4) ... ok
   - ecadd_0-0_0-0_25000_80 | Byzantium (4/4) ... ok
   - ecmul_0-3_340282366920938463463374607431768211456_21000_96 | EIP150 (1/4) ... ok
   - ecmul_0-3_340282366920938463463374607431768211456_21000_96 | EIP150 (2/4) ... ok
   - ecmul_0-3_340282366920938463463374607431768211456_21000_96 | EIP150 (3/4) ... ok
   - ecmul_0-3_340282366920938463463374607431768211456_21000_96 | EIP150 (4/4) ... ok
ok
   - ecmul_1-2_5617_21000_128_d0g0v0_Frontier...   - ecmul_0-3_340282366920938463463374607431768211456_21000_96 | EIP158 (1/4) ... ok
   - ecmul_0-3_340282366920938463463374607431768211456_21000_96 | EIP158 (2/4) ... ok
   - ecmul_0-3_340282366920938463463374607431768211456_21000_96 | EIP158 (3/4) ... ok
   - ecmul_0-3_340282366920938463463374607431768211456_21000_96 | EIP158 (4/4) ... ok
   - ecmul_0-3_340282366920938463463374607431768211456_21000_96 | Frontier (1/4) ... ok
   - ecmul_0-3_340282366920938463463374607431768211456_21000_96 | Frontier (2/4) ... ok
   - ecmul_0-3_340282366920938463463374607431768211456_21000_96 | Frontier (3/4) ... ok
   - ecmul_0-3_340282366920938463463374607431768211456_21000_96 | Frontier (4/4) ... ok
   - ecmul_0-3_340282366920938463463374607431768211456_21000_96 | Homestead (1/4) ... ok
   - ecmul_0-3_340282366920938463463374607431768211456_21000_96 | Homestead (2/4) ... ok
   - ecmul_0-3_340282366920938463463374607431768211456_21000_96 | Homestead (3/4) ... ok
   - ecmul_0-3_340282366920938463463374607431768211456_21000_96 | Homestead (4/4) ... ok
   - ecmul_0-3_340282366920938463463374607431768211456_21000_96 | Byzantium (1/4) ... ok
   - ecmul_0-3_340282366920938463463374607431768211456_21000_96 | Byzantium (2/4) ... ok
   - ecmul_0-3_340282366920938463463374607431768211456_21000_96 | Byzantium (3/4) ... ok
   - ecmul_0-3_340282366920938463463374607431768211456_21000_96 | Byzantium (4/4) ... ok
   - ecpairing_perturb_g2_by_field_modulus | EIP150 (1/4) ... ok
   - ecpairing_perturb_g2_by_field_modulus | EIP150 (2/4) ... ok
   - ecpairing_perturb_g2_by_field_modulus | EIP150 (3/4) ... ok
   - ecpairing_perturb_g2_by_field_modulus | EIP150 (4/4) ... ok
   - ecpairing_perturb_g2_by_field_modulus | EIP158 (1/4) ... ok
   - ecpairing_perturb_g2_by_field_modulus | EIP158 (2/4) ... ok
   - ecpairing_perturb_g2_by_field_modulus | EIP158 (3/4) ... ok
   - ecpairing_perturb_g2_by_field_modulus | EIP158 (4/4) ... ok
   - ecpairing_perturb_g2_by_field_modulus | Frontier (1/4) ... ok
   - ecpairing_perturb_g2_by_field_modulus | Frontier (2/4) ... ok
   - ecpairing_perturb_g2_by_field_modulus | Frontier (3/4) ... ok
   - ecpairing_perturb_g2_by_field_modulus | Frontier (4/4) ... ok
   - ecpairing_perturb_g2_by_field_modulus | Homestead (1/4) ... ok
   - ecpairing_perturb_g2_by_field_modulus | Homestead (2/4) ... ok
   - ecpairing_perturb_g2_by_field_modulus | Homestead (3/4) ... ok
   - ecpairing_perturb_g2_by_field_modulus | Homestead (4/4) ... ok
   - ecpairing_perturb_g2_by_field_modulus | Byzantium (1/4) ... ok
   - ecpairing_perturb_g2_by_field_modulus | Byzantium (2/4) ... ok
   - ecpairing_perturb_g2_by_field_modulus | Byzantium (3/4) ... ok
   - ecpairing_perturb_g2_by_field_modulus | Byzantium (4/4) ... ok
   - ecadd_6-9_19274124-124124_25000_128 | EIP150 (1/4) ... ok
   - ecadd_6-9_19274124-124124_25000_128 | EIP150 (2/4) ... ok
   - ecadd_6-9_19274124-124124_25000_128 | EIP150 (3/4) ... ok
   - ecadd_6-9_19274124-124124_25000_128 | EIP150 (4/4) ... ok
test json_tests::transaction::TransactionTests_ttFrontier ... ok
   - ecadd_6-9_19274124-124124_25000_128 | EIP158 (1/4) ... ok
   - ecadd_6-9_19274124-124124_25000_128 | EIP158 (2/4) ... ok
   - ecadd_6-9_19274124-124124_25000_128 | EIP158 (3/4) ... ok
   - ecadd_6-9_19274124-124124_25000_128 | EIP158 (4/4) ... ok
   - ecadd_6-9_19274124-124124_25000_128 | Frontier (1/4) ... ok
   - ecadd_6-9_19274124-124124_25000_128 | Frontier (2/4) ... ok
   - ecadd_6-9_19274124-124124_25000_128 | Frontier (3/4) ... ok
   - ecadd_6-9_19274124-124124_25000_128 | Frontier (4/4) ... ok
   - ecadd_6-9_19274124-124124_25000_128 | Homestead (1/4) ... ok
   - ecadd_6-9_19274124-124124_25000_128 | Homestead (2/4) ... ok
   - ecadd_6-9_19274124-124124_25000_128 | Homestead (3/4) ... ok
   - ecadd_6-9_19274124-124124_25000_128 | Homestead (4/4) ... ok
ok
   - ecmul_1-2_5617_21000_128_d0g0v0_Homestead...   - ecadd_6-9_19274124-124124_25000_128 | Byzantium (1/4) ... ok
   - ecadd_6-9_19274124-124124_25000_128 | Byzantium (2/4) ... ok
   - ecadd_6-9_19274124-124124_25000_128 | Byzantium (3/4) ... ok
   - ecadd_6-9_19274124-124124_25000_128 | Byzantium (4/4) ... ok
   - ecpairing_two_point_match_2 | EIP150 (1/4) ... ok
   - ecpairing_two_point_match_2 | EIP150 (2/4) ... ok
   - ecpairing_two_point_match_2 | EIP150 (3/4) ... ok
   - ecpairing_two_point_match_2 | EIP150 (4/4) ... ok
   - ecpairing_two_point_match_2 | EIP158 (1/4) ... ok
   - ecpairing_two_point_match_2 | EIP158 (2/4) ... ok
   - ecpairing_two_point_match_2 | EIP158 (3/4) ... ok
   - ecpairing_two_point_match_2 | EIP158 (4/4) ... ok
   - ecpairing_two_point_match_2 | Frontier (1/4) ... ok
   - ecpairing_two_point_match_2 | Frontier (2/4) ... ok
   - ecpairing_two_point_match_2 | Frontier (3/4) ... ok
   - ecpairing_two_point_match_2 | Frontier (4/4) ... ok
   - ecpairing_two_point_match_2 | Homestead (1/4) ... ok
   - ecpairing_two_point_match_2 | Homestead (2/4) ... ok
   - ecpairing_two_point_match_2 | Homestead (3/4) ... ok
   - ecpairing_two_point_match_2 | Homestead (4/4) ... ok
ok
   - ecadd_0-0_1-3_25000_128_d0g2v0_Byzantium...   - ecpairing_two_point_match_2 | Byzantium (1/4) ... ok
   - ecpairing_two_point_match_2 | Byzantium (2/4) ... ok
   - ecpairing_two_point_match_2 | Byzantium (3/4) ... ok
   - ecpairing_two_point_match_2 | Byzantium (4/4) ... ok
   - ecmul_0-0_340282366920938463463374607431768211456_28000_128 | EIP150 (1/4) ... ok
   - ecmul_0-0_340282366920938463463374607431768211456_28000_128 | EIP150 (2/4) ... ok
   - ecmul_0-0_340282366920938463463374607431768211456_28000_128 | EIP150 (3/4) ... ok
   - ecmul_0-0_340282366920938463463374607431768211456_28000_128 | EIP150 (4/4) ... ok
   - ecmul_0-0_340282366920938463463374607431768211456_28000_128 | EIP158 (1/4) ... ok
   - ecmul_0-0_340282366920938463463374607431768211456_28000_128 | EIP158 (2/4) ... ok
   - ecmul_0-0_340282366920938463463374607431768211456_28000_128 | EIP158 (3/4) ... ok
   - ecmul_0-0_340282366920938463463374607431768211456_28000_128 | EIP158 (4/4) ... ok
   - ecmul_0-0_340282366920938463463374607431768211456_28000_128 | Frontier (1/4) ... ok
   - ecmul_0-0_340282366920938463463374607431768211456_28000_128 | Frontier (2/4) ... ok
   - ecmul_0-0_340282366920938463463374607431768211456_28000_128 | Frontier (3/4) ... ok
   - ecmul_0-0_340282366920938463463374607431768211456_28000_128 | Frontier (4/4) ... ok
   - ecmul_0-0_340282366920938463463374607431768211456_28000_128 | Homestead (1/4) ... ok
   - ecmul_0-0_340282366920938463463374607431768211456_28000_128 | Homestead (2/4) ... ok
   - ecmul_0-0_340282366920938463463374607431768211456_28000_128 | Homestead (3/4) ... ok
   - ecmul_0-0_340282366920938463463374607431768211456_28000_128 | Homestead (4/4) ... ok
   - ecmul_0-0_340282366920938463463374607431768211456_28000_128 | Byzantium (1/4) ... ok
   - ecmul_0-0_340282366920938463463374607431768211456_28000_128 | Byzantium (2/4) ... ok
   - ecmul_0-0_340282366920938463463374607431768211456_28000_128 | Byzantium (3/4) ... ok
   - ecmul_0-0_340282366920938463463374607431768211456_28000_128 | Byzantium (4/4) ... ok
   - ecadd_0-0_0-0_21000_0 | EIP150 (1/4) ... ok
   - ecadd_0-0_0-0_21000_0 | EIP150 (2/4) ... ok
   - ecadd_0-0_0-0_21000_0 | EIP150 (3/4) ... ok
   - ecadd_0-0_0-0_21000_0 | EIP150 (4/4) ... ok
   - ecadd_0-0_0-0_21000_0 | EIP158 (1/4) ... ok
   - ecadd_0-0_0-0_21000_0 | EIP158 (2/4) ... ok
   - ecadd_0-0_0-0_21000_0 | EIP158 (3/4) ... ok
   - ecadd_0-0_0-0_21000_0 | EIP158 (4/4) ... ok
   - ecadd_0-0_0-0_21000_0 | Frontier (1/4) ... ok
   - ecadd_0-0_0-0_21000_0 | Frontier (2/4) ... ok
   - ecadd_0-0_0-0_21000_0 | Frontier (3/4) ... ok
   - ecadd_0-0_0-0_21000_0 | Frontier (4/4) ... ok
   - ecadd_0-0_0-0_21000_0 | Homestead (1/4) ... ok
   - ecadd_0-0_0-0_21000_0 | Homestead (2/4) ... ok
   - ecadd_0-0_0-0_21000_0 | Homestead (3/4) ... ok
ok
   - ecadd_0-0_1-3_25000_128_d0g2v0_EIP150...   - ecadd_0-0_0-0_21000_0 | Homestead (4/4) ... ok
   - ecadd_0-0_0-0_21000_0 | Byzantium (1/4) ... ok
   - ecadd_0-0_0-0_21000_0 | Byzantium (2/4) ... ok
   - ecadd_0-0_0-0_21000_0 | Byzantium (3/4) ... ok
   - ecadd_0-0_0-0_21000_0 | Byzantium (4/4) ... ok
   - ecmul_0-0_340282366920938463463374607431768211456_28000_96 | EIP150 (1/4) ... ok
   - ecmul_0-0_340282366920938463463374607431768211456_28000_96 | EIP150 (2/4) ... ok
   - ecmul_0-0_340282366920938463463374607431768211456_28000_96 | EIP150 (3/4) ... ok
   - ecmul_0-0_340282366920938463463374607431768211456_28000_96 | EIP150 (4/4) ... ok
   - ecmul_0-0_340282366920938463463374607431768211456_28000_96 | EIP158 (1/4) ... ok
   - ecmul_0-0_340282366920938463463374607431768211456_28000_96 | EIP158 (2/4) ... ok
   - ecmul_0-0_340282366920938463463374607431768211456_28000_96 | EIP158 (3/4) ... ok
   - ecmul_0-0_340282366920938463463374607431768211456_28000_96 | EIP158 (4/4) ... ok
   - ecmul_0-0_340282366920938463463374607431768211456_28000_96 | Frontier (1/4) ... ok
   - ecmul_0-0_340282366920938463463374607431768211456_28000_96 | Frontier (2/4) ... ok
   - ecmul_0-0_340282366920938463463374607431768211456_28000_96 | Frontier (3/4) ... ok
   - ecmul_0-0_340282366920938463463374607431768211456_28000_96 | Frontier (4/4) ... ok
   - ecmul_0-0_340282366920938463463374607431768211456_28000_96 | Homestead (1/4) ... ok
   - ecmul_0-0_340282366920938463463374607431768211456_28000_96 | Homestead (2/4) ... ok
   - ecmul_0-0_340282366920938463463374607431768211456_28000_96 | Homestead (3/4) ... ok
   - ecmul_0-0_340282366920938463463374607431768211456_28000_96 | Homestead (4/4) ... ok
   - ecmul_0-0_340282366920938463463374607431768211456_28000_96 | Byzantium (1/4) ... ok
   - ecmul_0-0_340282366920938463463374607431768211456_28000_96 | Byzantium (2/4) ... ok
   - ecmul_0-0_340282366920938463463374607431768211456_28000_96 | Byzantium (3/4) ... ok
   - ecmul_0-0_340282366920938463463374607431768211456_28000_96 | Byzantium (4/4) ... ok
   - ecmul_1-2_2_21000_128 | EIP150 (1/4) ... ok
   - ecmul_1-2_2_21000_128 | EIP150 (2/4) ... ok
   - ecmul_1-2_2_21000_128 | EIP150 (3/4) ... ok
   - ecmul_1-2_2_21000_128 | EIP150 (4/4) ... ok
   - ecmul_1-2_2_21000_128 | EIP158 (1/4) ... ok
   - ecmul_1-2_2_21000_128 | EIP158 (2/4) ... ok
   - ecmul_1-2_2_21000_128 | EIP158 (3/4) ... ok
   - ecmul_1-2_2_21000_128 | EIP158 (4/4) ... ok
   - ecmul_1-2_2_21000_128 | Frontier (1/4) ... ok
   - ecmul_1-2_2_21000_128 | Frontier (2/4) ... ok
   - ecmul_1-2_2_21000_128 | Frontier (3/4) ... ok
   - ecmul_1-2_2_21000_128 | Frontier (4/4) ... ok
   - ecmul_1-2_2_21000_128 | Homestead (1/4) ... ok
   - ecmul_1-2_2_21000_128 | Homestead (2/4) ... ok
   - ecmul_1-2_2_21000_128 | Homestead (3/4) ... ok
   - ecmul_1-2_2_21000_128 | Homestead (4/4) ... ok
   - ecmul_1-2_2_21000_128 | Byzantium (1/4) ... ok
   - ecmul_1-2_2_21000_128 | Byzantium (2/4) ... ok
   - ecmul_1-2_2_21000_128 | Byzantium (3/4) ... ok
   - ecmul_1-2_2_21000_128 | Byzantium (4/4) ... ok
   - ecmul_0-0_0_21000_80 | EIP150 (1/4) ... ok
   - ecmul_0-0_0_21000_80 | EIP150 (2/4) ... ok
   - ecmul_0-0_0_21000_80 | EIP150 (3/4) ... ok
   - ecmul_0-0_0_21000_80 | EIP150 (4/4) ... ok
   - ecmul_0-0_0_21000_80 | EIP158 (1/4) ... ok
   - ecmul_0-0_0_21000_80 | EIP158 (2/4) ... ok
   - ecmul_0-0_0_21000_80 | EIP158 (3/4) ... ok
   - ecmul_0-0_0_21000_80 | EIP158 (4/4) ... ok
   - ecmul_0-0_0_21000_80 | Frontier (1/4) ... ok
   - ecmul_0-0_0_21000_80 | Frontier (2/4) ... ok
   - ecmul_0-0_0_21000_80 | Frontier (3/4) ... ok
   - ecmul_0-0_0_21000_80 | Frontier (4/4) ... ok
   - ecmul_0-0_0_21000_80 | Homestead (1/4) ... ok
   - ecmul_0-0_0_21000_80 | Homestead (2/4) ... ok
   - ecmul_0-0_0_21000_80 | Homestead (3/4) ... ok
   - ecmul_0-0_0_21000_80 | Homestead (4/4) ... ok
   - ecmul_0-0_0_21000_80 | Byzantium (1/4) ... ok
ok
   - ecadd_0-0_1-3_25000_128_d0g2v0_EIP158...   - ecmul_0-0_0_21000_80 | Byzantium (2/4) ... ok
   - ecmul_0-0_0_21000_80 | Byzantium (3/4) ... ok
   - ecmul_0-0_0_21000_80 | Byzantium (4/4) ... ok
   - ecpairing_empty_data | EIP150 (1/4) ... ok
   - ecpairing_empty_data | EIP150 (2/4) ... ok
   - ecpairing_empty_data | EIP150 (3/4) ... ok
   - ecpairing_empty_data | EIP150 (4/4) ... ok
   - ecpairing_empty_data | EIP158 (1/4) ... ok
   - ecpairing_empty_data | EIP158 (2/4) ... ok
   - ecpairing_empty_data | EIP158 (3/4) ... ok
   - ecpairing_empty_data | EIP158 (4/4) ... ok
   - ecpairing_empty_data | Frontier (1/4) ... ok
   - ecpairing_empty_data | Frontier (2/4) ... ok
   - ecpairing_empty_data | Frontier (3/4) ... ok
   - ecpairing_empty_data | Frontier (4/4) ... ok
   - ecpairing_empty_data | Homestead (1/4) ... ok
   - ecpairing_empty_data | Homestead (2/4) ... ok
   - ecpairing_empty_data | Homestead (3/4) ... ok
   - ecpairing_empty_data | Homestead (4/4) ... ok
   - ecpairing_empty_data | Byzantium (1/4) ... ok
   - ecpairing_empty_data | Byzantium (2/4) ... ok
   - ecpairing_empty_data | Byzantium (3/4) ... ok
   - ecpairing_empty_data | Byzantium (4/4) ... ok
   - ecmul_0-0_2_21000_96 | EIP150 (1/4) ... ok
   - ecmul_0-0_2_21000_96 | EIP150 (2/4) ... ok
   - ecmul_0-0_2_21000_96 | EIP150 (3/4) ... ok
   - ecmul_0-0_2_21000_96 | EIP150 (4/4) ... ok
   - ecmul_0-0_2_21000_96 | EIP158 (1/4) ... ok
   - ecmul_0-0_2_21000_96 | EIP158 (2/4) ... ok
   - ecmul_0-0_2_21000_96 | EIP158 (3/4) ... ok
   - ecmul_0-0_2_21000_96 | EIP158 (4/4) ... ok
   - ecmul_0-0_2_21000_96 | Frontier (1/4) ... ok
   - ecmul_0-0_2_21000_96 | Frontier (2/4) ... ok
   - ecmul_0-0_2_21000_96 | Frontier (3/4) ... ok
   - ecmul_0-0_2_21000_96 | Frontier (4/4) ... ok
ok
   - ecadd_0-0_1-3_25000_128_d0g2v0_Frontier...   - ecmul_0-0_2_21000_96 | Homestead (1/4) ... ok
   - ecmul_0-0_2_21000_96 | Homestead (2/4) ... ok
   - ecmul_0-0_2_21000_96 | Homestead (3/4) ... ok
   - ecmul_0-0_2_21000_96 | Homestead (4/4) ... ok
   - ecmul_0-0_2_21000_96 | Byzantium (1/4) ... ok
   - ecmul_0-0_2_21000_96 | Byzantium (2/4) ... ok
   - ecmul_0-0_2_21000_96 | Byzantium (3/4) ... ok
   - ecmul_0-0_2_21000_96 | Byzantium (4/4) ... ok
   - ecpairing_three_point_fail_1 | EIP150 (1/4) ... ok
   - ecpairing_three_point_fail_1 | EIP150 (2/4) ... ok
   - ecpairing_three_point_fail_1 | EIP150 (3/4) ... ok
   - ecpairing_three_point_fail_1 | EIP150 (4/4) ... ok
   - ecpairing_three_point_fail_1 | EIP158 (1/4) ... ok
   - ecpairing_three_point_fail_1 | EIP158 (2/4) ... ok
   - ecpairing_three_point_fail_1 | EIP158 (3/4) ... ok
   - ecpairing_three_point_fail_1 | EIP158 (4/4) ... ok
   - ecpairing_three_point_fail_1 | Frontier (1/4) ... ok
   - ecpairing_three_point_fail_1 | Frontier (2/4) ... ok
   - ecpairing_three_point_fail_1 | Frontier (3/4) ... ok
   - ecpairing_three_point_fail_1 | Frontier (4/4) ... ok
   - ecpairing_three_point_fail_1 | Homestead (1/4) ... ok
   - ecpairing_three_point_fail_1 | Homestead (2/4) ... ok
   - ecpairing_three_point_fail_1 | Homestead (3/4) ... ok
   - ecpairing_three_point_fail_1 | Homestead (4/4) ... ok
ok
   - ecadd_0-0_1-3_25000_128_d0g2v0_Homestead...ok
   - ecpairing_two_point_match_5_d0g0v0_Byzantium...   - ecpairing_three_point_fail_1 | Byzantium (1/4) ... ok
   - ecpairing_three_point_fail_1 | Byzantium (2/4) ... ok
   - ecpairing_three_point_fail_1 | Byzantium (3/4) ... ok
   - ecpairing_three_point_fail_1 | Byzantium (4/4) ... ok
   - ecmul_7827-6598_5617_28000_128 | EIP150 (1/4) ... ok
   - ecmul_7827-6598_5617_28000_128 | EIP150 (2/4) ... ok
   - ecmul_7827-6598_5617_28000_128 | EIP150 (3/4) ... ok
   - ecmul_7827-6598_5617_28000_128 | EIP150 (4/4) ... ok
   - ecmul_7827-6598_5617_28000_128 | EIP158 (1/4) ... ok
   - ecmul_7827-6598_5617_28000_128 | EIP158 (2/4) ... ok
   - ecmul_7827-6598_5617_28000_128 | EIP158 (3/4) ... ok
   - ecmul_7827-6598_5617_28000_128 | EIP158 (4/4) ... ok
   - ecmul_7827-6598_5617_28000_128 | Frontier (1/4) ... ok
   - ecmul_7827-6598_5617_28000_128 | Frontier (2/4) ... ok
   - ecmul_7827-6598_5617_28000_128 | Frontier (3/4) ... ok
   - ecmul_7827-6598_5617_28000_128 | Frontier (4/4) ... ok
   - ecmul_7827-6598_5617_28000_128 | Homestead (1/4) ... ok
   - ecmul_7827-6598_5617_28000_128 | Homestead (2/4) ... ok
   - ecmul_7827-6598_5617_28000_128 | Homestead (3/4) ... ok
   - ecmul_7827-6598_5617_28000_128 | Homestead (4/4) ... ok
   - ecmul_7827-6598_5617_28000_128 | Byzantium (1/4) ... ok
   - ecmul_7827-6598_5617_28000_128 | Byzantium (2/4) ... ok
   - ecmul_7827-6598_5617_28000_128 | Byzantium (3/4) ... ok
   - ecmul_7827-6598_5617_28000_128 | Byzantium (4/4) ... ok
   - ecadd_1-2_0-0_25000_192 | EIP150 (1/4) ... ok
   - ecadd_1-2_0-0_25000_192 | EIP150 (2/4) ... ok
   - ecadd_1-2_0-0_25000_192 | EIP150 (3/4) ... ok
   - ecadd_1-2_0-0_25000_192 | EIP150 (4/4) ... ok
   - ecadd_1-2_0-0_25000_192 | EIP158 (1/4) ... ok
   - ecadd_1-2_0-0_25000_192 | EIP158 (2/4) ... ok
   - ecadd_1-2_0-0_25000_192 | EIP158 (3/4) ... ok
   - ecadd_1-2_0-0_25000_192 | EIP158 (4/4) ... ok
   - ecadd_1-2_0-0_25000_192 | Frontier (1/4) ... ok
   - ecadd_1-2_0-0_25000_192 | Frontier (2/4) ... ok
   - ecadd_1-2_0-0_25000_192 | Frontier (3/4) ... ok
   - ecadd_1-2_0-0_25000_192 | Frontier (4/4) ... ok
   - ecadd_1-2_0-0_25000_192 | Homestead (1/4) ... ok
   - ecadd_1-2_0-0_25000_192 | Homestead (2/4) ... ok
   - ecadd_1-2_0-0_25000_192 | Homestead (3/4) ... ok
   - ecadd_1-2_0-0_25000_192 | Homestead (4/4) ... ok
   - ecadd_1-2_0-0_25000_192 | Byzantium (1/4) ... ok
   - ecadd_1-2_0-0_25000_192 | Byzantium (2/4) ... ok
   - ecadd_1-2_0-0_25000_192 | Byzantium (3/4) ... ok
ok
   - ecpairing_two_point_match_5_d0g0v0_EIP150...   - ecadd_1-2_0-0_25000_192 | Byzantium (4/4) ... ok
   - ecmul_0-3_340282366920938463463374607431768211456_28000_80 | EIP150 (1/4) ... ok
   - ecmul_0-3_340282366920938463463374607431768211456_28000_80 | EIP150 (2/4) ... ok
   - ecmul_0-3_340282366920938463463374607431768211456_28000_80 | EIP150 (3/4) ... ok
   - ecmul_0-3_340282366920938463463374607431768211456_28000_80 | EIP150 (4/4) ... ok
   - ecmul_0-3_340282366920938463463374607431768211456_28000_80 | EIP158 (1/4) ... ok
   - ecmul_0-3_340282366920938463463374607431768211456_28000_80 | EIP158 (2/4) ... ok
   - ecmul_0-3_340282366920938463463374607431768211456_28000_80 | EIP158 (3/4) ... ok
   - ecmul_0-3_340282366920938463463374607431768211456_28000_80 | EIP158 (4/4) ... ok
   - ecmul_0-3_340282366920938463463374607431768211456_28000_80 | Frontier (1/4) ... ok
   - ecmul_0-3_340282366920938463463374607431768211456_28000_80 | Frontier (2/4) ... ok
   - ecmul_0-3_340282366920938463463374607431768211456_28000_80 | Frontier (3/4) ... ok
   - ecmul_0-3_340282366920938463463374607431768211456_28000_80 | Frontier (4/4) ... ok
   - ecmul_0-3_340282366920938463463374607431768211456_28000_80 | Homestead (1/4) ... ok
   - ecmul_0-3_340282366920938463463374607431768211456_28000_80 | Homestead (2/4) ... ok
   - ecmul_0-3_340282366920938463463374607431768211456_28000_80 | Homestead (3/4) ... ok
   - ecmul_0-3_340282366920938463463374607431768211456_28000_80 | Homestead (4/4) ... ok
   - ecmul_0-3_340282366920938463463374607431768211456_28000_80 | Byzantium (1/4) ... ok
   - ecmul_0-3_340282366920938463463374607431768211456_28000_80 | Byzantium (2/4) ... ok
   - ecmul_0-3_340282366920938463463374607431768211456_28000_80 | Byzantium (3/4) ... ok
   - ecmul_0-3_340282366920938463463374607431768211456_28000_80 | Byzantium (4/4) ... ok
   - ecmul_7827-6598_2_28000_128 | EIP150 (1/4) ... ok
   - ecmul_7827-6598_2_28000_128 | EIP150 (2/4) ... ok
   - ecmul_7827-6598_2_28000_128 | EIP150 (3/4) ... ok
   - ecmul_7827-6598_2_28000_128 | EIP150 (4/4) ... ok
   - ecmul_7827-6598_2_28000_128 | EIP158 (1/4) ... ok
   - ecmul_7827-6598_2_28000_128 | EIP158 (2/4) ... ok
   - ecmul_7827-6598_2_28000_128 | EIP158 (3/4) ... ok
   - ecmul_7827-6598_2_28000_128 | EIP158 (4/4) ... ok
   - ecmul_7827-6598_2_28000_128 | Frontier (1/4) ... ok
   - ecmul_7827-6598_2_28000_128 | Frontier (2/4) ... ok
   - ecmul_7827-6598_2_28000_128 | Frontier (3/4) ... ok
   - ecmul_7827-6598_2_28000_128 | Frontier (4/4) ... ok
   - ecmul_7827-6598_2_28000_128 | Homestead (1/4) ... ok
   - ecmul_7827-6598_2_28000_128 | Homestead (2/4) ... ok
   - ecmul_7827-6598_2_28000_128 | Homestead (3/4) ... ok
   - ecmul_7827-6598_2_28000_128 | Homestead (4/4) ... ok
   - ecmul_7827-6598_2_28000_128 | Byzantium (1/4) ... ok
   - ecmul_7827-6598_2_28000_128 | Byzantium (2/4) ... ok
   - ecmul_7827-6598_2_28000_128 | Byzantium (3/4) ... ok
   - ecmul_7827-6598_2_28000_128 | Byzantium (4/4) ... ok
   - ecmul_1-3_9935_28000_128 | EIP150 (1/4) ... ok
   - ecmul_1-3_9935_28000_128 | EIP150 (2/4) ... ok
   - ecmul_1-3_9935_28000_128 | EIP150 (3/4) ... ok
   - ecmul_1-3_9935_28000_128 | EIP150 (4/4) ... ok
   - ecmul_1-3_9935_28000_128 | EIP158 (1/4) ... ok
   - ecmul_1-3_9935_28000_128 | EIP158 (2/4) ... ok
   - ecmul_1-3_9935_28000_128 | EIP158 (3/4) ... ok
   - ecmul_1-3_9935_28000_128 | EIP158 (4/4) ... ok
   - ecmul_1-3_9935_28000_128 | Frontier (1/4) ... ok
   - ecmul_1-3_9935_28000_128 | Frontier (2/4) ... ok
   - ecmul_1-3_9935_28000_128 | Frontier (3/4) ... ok
   - ecmul_1-3_9935_28000_128 | Frontier (4/4) ... ok
   - ecmul_1-3_9935_28000_128 | Homestead (1/4) ... ok
   - ecmul_1-3_9935_28000_128 | Homestead (2/4) ... ok
   - ecmul_1-3_9935_28000_128 | Homestead (3/4) ... ok
   - ecmul_1-3_9935_28000_128 | Homestead (4/4) ... ok
ok
   - ecpairing_two_point_match_5_d0g0v0_EIP158...   - ecmul_1-3_9935_28000_128 | Byzantium (1/4) ... ok
   - ecmul_1-3_9935_28000_128 | Byzantium (2/4) ... ok
   - ecmul_1-3_9935_28000_128 | Byzantium (3/4) ... ok
   - ecmul_1-3_9935_28000_128 | Byzantium (4/4) ... ok
   - ecmul_1-3_9_28000_96 | EIP150 (1/4) ... ok
   - ecmul_1-3_9_28000_96 | EIP150 (2/4) ... ok
   - ecmul_1-3_9_28000_96 | EIP150 (3/4) ... ok
   - ecmul_1-3_9_28000_96 | EIP150 (4/4) ... ok
   - ecmul_1-3_9_28000_96 | EIP158 (1/4) ... ok
   - ecmul_1-3_9_28000_96 | EIP158 (2/4) ... ok
   - ecmul_1-3_9_28000_96 | EIP158 (3/4) ... ok
   - ecmul_1-3_9_28000_96 | EIP158 (4/4) ... ok
   - ecmul_1-3_9_28000_96 | Frontier (1/4) ... ok
   - ecmul_1-3_9_28000_96 | Frontier (2/4) ... ok
   - ecmul_1-3_9_28000_96 | Frontier (3/4) ... ok
   - ecmul_1-3_9_28000_96 | Frontier (4/4) ... ok
   - ecmul_1-3_9_28000_96 | Homestead (1/4) ... ok
   - ecmul_1-3_9_28000_96 | Homestead (2/4) ... ok
   - ecmul_1-3_9_28000_96 | Homestead (3/4) ... ok
   - ecmul_1-3_9_28000_96 | Homestead (4/4) ... ok
   - ecmul_1-3_9_28000_96 | Byzantium (1/4) ... ok
   - ecmul_1-3_9_28000_96 | Byzantium (2/4) ... ok
   - ecmul_1-3_9_28000_96 | Byzantium (3/4) ... ok
   - ecmul_1-3_9_28000_96 | Byzantium (4/4) ... ok
   - ecmul_7827-6598_0_21000_80 | EIP150 (1/4) ... ok
   - ecmul_7827-6598_0_21000_80 | EIP150 (2/4) ... ok
   - ecmul_7827-6598_0_21000_80 | EIP150 (3/4) ... ok
   - ecmul_7827-6598_0_21000_80 | EIP150 (4/4) ... ok
   - ecmul_7827-6598_0_21000_80 | EIP158 (1/4) ... ok
   - ecmul_7827-6598_0_21000_80 | EIP158 (2/4) ... ok
   - ecmul_7827-6598_0_21000_80 | EIP158 (3/4) ... ok
   - ecmul_7827-6598_0_21000_80 | EIP158 (4/4) ... ok
   - ecmul_7827-6598_0_21000_80 | Frontier (1/4) ... ok
   - ecmul_7827-6598_0_21000_80 | Frontier (2/4) ... ok
   - ecmul_7827-6598_0_21000_80 | Frontier (3/4) ... ok
   - ecmul_7827-6598_0_21000_80 | Frontier (4/4) ... ok
   - ecmul_7827-6598_0_21000_80 | Homestead (1/4) ... ok
   - ecmul_7827-6598_0_21000_80 | Homestead (2/4) ... ok
   - ecmul_7827-6598_0_21000_80 | Homestead (3/4) ... ok
   - ecmul_7827-6598_0_21000_80 | Homestead (4/4) ... ok
   - ecmul_7827-6598_0_21000_80 | Byzantium (1/4) ... ok
   - ecmul_7827-6598_0_21000_80 | Byzantium (2/4) ... ok
   - ecmul_7827-6598_0_21000_80 | Byzantium (3/4) ... ok
   - ecmul_7827-6598_0_21000_80 | Byzantium (4/4) ... ok
   - ecmul_1-3_0_28000_64 | EIP150 (1/4) ... ok
   - ecmul_1-3_0_28000_64 | EIP150 (2/4) ... ok
   - ecmul_1-3_0_28000_64 | EIP150 (3/4) ... ok
   - ecmul_1-3_0_28000_64 | EIP150 (4/4) ... ok
   - ecmul_1-3_0_28000_64 | EIP158 (1/4) ... ok
   - ecmul_1-3_0_28000_64 | EIP158 (2/4) ... ok
   - ecmul_1-3_0_28000_64 | EIP158 (3/4) ... ok
   - ecmul_1-3_0_28000_64 | EIP158 (4/4) ... ok
   - ecmul_1-3_0_28000_64 | Frontier (1/4) ... ok
   - ecmul_1-3_0_28000_64 | Frontier (2/4) ... ok
   - ecmul_1-3_0_28000_64 | Frontier (3/4) ... ok
   - ecmul_1-3_0_28000_64 | Frontier (4/4) ... ok
   - ecmul_1-3_0_28000_64 | Homestead (1/4) ... ok
   - ecmul_1-3_0_28000_64 | Homestead (2/4) ... ok
   - ecmul_1-3_0_28000_64 | Homestead (3/4) ... ok
   - ecmul_1-3_0_28000_64 | Homestead (4/4) ... ok
   - ecmul_1-3_0_28000_64 | Byzantium (1/4) ... ok
   - ecmul_1-3_0_28000_64 | Byzantium (2/4) ... ok
   - ecmul_1-3_0_28000_64 | Byzantium (3/4) ... ok
ok
   - ecpairing_two_point_match_5_d0g0v0_Frontier...   - ecmul_1-3_0_28000_64 | Byzantium (4/4) ... ok
   - ecmul_0-3_5617_21000_128 | EIP150 (1/4) ... ok
   - ecmul_0-3_5617_21000_128 | EIP150 (2/4) ... ok
   - ecmul_0-3_5617_21000_128 | EIP150 (3/4) ... ok
   - ecmul_0-3_5617_21000_128 | EIP150 (4/4) ... ok
   - ecmul_0-3_5617_21000_128 | EIP158 (1/4) ... ok
   - ecmul_0-3_5617_21000_128 | EIP158 (2/4) ... ok
   - ecmul_0-3_5617_21000_128 | EIP158 (3/4) ... ok
   - ecmul_0-3_5617_21000_128 | EIP158 (4/4) ... ok
   - ecmul_0-3_5617_21000_128 | Frontier (1/4) ... ok
   - ecmul_0-3_5617_21000_128 | Frontier (2/4) ... ok
   - ecmul_0-3_5617_21000_128 | Frontier (3/4) ... ok
   - ecmul_0-3_5617_21000_128 | Frontier (4/4) ... ok
   - ecmul_0-3_5617_21000_128 | Homestead (1/4) ... ok
   - ecmul_0-3_5617_21000_128 | Homestead (2/4) ... ok
   - ecmul_0-3_5617_21000_128 | Homestead (3/4) ... ok
   - ecmul_0-3_5617_21000_128 | Homestead (4/4) ... ok
   - ecmul_0-3_5617_21000_128 | Byzantium (1/4) ... ok
   - ecmul_0-3_5617_21000_128 | Byzantium (2/4) ... ok
   - ecmul_0-3_5617_21000_128 | Byzantium (3/4) ... ok
   - ecmul_0-3_5617_21000_128 | Byzantium (4/4) ... ok
   - ecmul_1-2_1_21000_128 | EIP150 (1/4) ... ok
   - ecmul_1-2_1_21000_128 | EIP150 (2/4) ... ok
   - ecmul_1-2_1_21000_128 | EIP150 (3/4) ... ok
   - ecmul_1-2_1_21000_128 | EIP150 (4/4) ... ok
   - ecmul_1-2_1_21000_128 | EIP158 (1/4) ... ok
   - ecmul_1-2_1_21000_128 | EIP158 (2/4) ... ok
   - ecmul_1-2_1_21000_128 | EIP158 (3/4) ... ok
   - ecmul_1-2_1_21000_128 | EIP158 (4/4) ... ok
   - ecmul_1-2_1_21000_128 | Frontier (1/4) ... ok
   - ecmul_1-2_1_21000_128 | Frontier (2/4) ... ok
   - ecmul_1-2_1_21000_128 | Frontier (3/4) ... ok
   - ecmul_1-2_1_21000_128 | Frontier (4/4) ... ok
   - ecmul_1-2_1_21000_128 | Homestead (1/4) ... ok
   - ecmul_1-2_1_21000_128 | Homestead (2/4) ... ok
   - ecmul_1-2_1_21000_128 | Homestead (3/4) ... ok
   - ecmul_1-2_1_21000_128 | Homestead (4/4) ... ok
   - ecmul_1-2_1_21000_128 | Byzantium (1/4) ... ok
   - ecmul_1-2_1_21000_128 | Byzantium (2/4) ... ok
   - ecmul_1-2_1_21000_128 | Byzantium (3/4) ... ok
   - ecmul_1-2_1_21000_128 | Byzantium (4/4) ... ok
   - ecmul_7827-6598_1_28000_128 | EIP150 (1/4) ... ok
   - ecmul_7827-6598_1_28000_128 | EIP150 (2/4) ... ok
   - ecmul_7827-6598_1_28000_128 | EIP150 (3/4) ... ok
   - ecmul_7827-6598_1_28000_128 | EIP150 (4/4) ... ok
   - ecmul_7827-6598_1_28000_128 | EIP158 (1/4) ... ok
   - ecmul_7827-6598_1_28000_128 | EIP158 (2/4) ... ok
   - ecmul_7827-6598_1_28000_128 | EIP158 (3/4) ... ok
   - ecmul_7827-6598_1_28000_128 | EIP158 (4/4) ... ok
   - ecmul_7827-6598_1_28000_128 | Frontier (1/4) ... ok
   - ecmul_7827-6598_1_28000_128 | Frontier (2/4) ... ok
   - ecmul_7827-6598_1_28000_128 | Frontier (3/4) ... ok
   - ecmul_7827-6598_1_28000_128 | Frontier (4/4) ... ok
   - ecmul_7827-6598_1_28000_128 | Homestead (1/4) ... ok
   - ecmul_7827-6598_1_28000_128 | Homestead (2/4) ... ok
   - ecmul_7827-6598_1_28000_128 | Homestead (3/4) ... ok
   - ecmul_7827-6598_1_28000_128 | Homestead (4/4) ... ok
   - ecmul_7827-6598_1_28000_128 | Byzantium (1/4) ... ok
   - ecmul_7827-6598_1_28000_128 | Byzantium (2/4) ... ok
   - ecmul_7827-6598_1_28000_128 | Byzantium (3/4) ... ok
   - ecmul_7827-6598_1_28000_128 | Byzantium (4/4) ... ok
ok
   - ecpairing_two_point_match_5_d0g0v0_Homestead...   - ecmul_0-0_5616_21000_96 | EIP150 (1/4) ... ok
   - ecmul_0-0_5616_21000_96 | EIP150 (2/4) ... ok
   - ecmul_0-0_5616_21000_96 | EIP150 (3/4) ... ok
   - ecmul_0-0_5616_21000_96 | EIP150 (4/4) ... ok
   - ecmul_0-0_5616_21000_96 | EIP158 (1/4) ... ok
   - ecmul_0-0_5616_21000_96 | EIP158 (2/4) ... ok
   - ecmul_0-0_5616_21000_96 | EIP158 (3/4) ... ok
   - ecmul_0-0_5616_21000_96 | EIP158 (4/4) ... ok
   - ecmul_0-0_5616_21000_96 | Frontier (1/4) ... ok
   - ecmul_0-0_5616_21000_96 | Frontier (2/4) ... ok
   - ecmul_0-0_5616_21000_96 | Frontier (3/4) ... ok
   - ecmul_0-0_5616_21000_96 | Frontier (4/4) ... ok
   - ecmul_0-0_5616_21000_96 | Homestead (1/4) ... ok
   - ecmul_0-0_5616_21000_96 | Homestead (2/4) ... ok
   - ecmul_0-0_5616_21000_96 | Homestead (3/4) ... ok
   - ecmul_0-0_5616_21000_96 | Homestead (4/4) ... ok
   - ecmul_0-0_5616_21000_96 | Byzantium (1/4) ... ok
   - ecmul_0-0_5616_21000_96 | Byzantium (2/4) ... ok
   - ecmul_0-0_5616_21000_96 | Byzantium (3/4) ... ok
   - ecmul_0-0_5616_21000_96 | Byzantium (4/4) ... ok
   - ecmul_0-0_0_21000_0 | EIP150 (1/4) ... ok
   - ecmul_0-0_0_21000_0 | EIP150 (2/4) ... ok
   - ecmul_0-0_0_21000_0 | EIP150 (3/4) ... ok
   - ecmul_0-0_0_21000_0 | EIP150 (4/4) ... ok
   - ecmul_0-0_0_21000_0 | EIP158 (1/4) ... ok
   - ecmul_0-0_0_21000_0 | EIP158 (2/4) ... ok
   - ecmul_0-0_0_21000_0 | EIP158 (3/4) ... ok
   - ecmul_0-0_0_21000_0 | EIP158 (4/4) ... ok
   - ecmul_0-0_0_21000_0 | Frontier (1/4) ... ok
   - ecmul_0-0_0_21000_0 | Frontier (2/4) ... ok
   - ecmul_0-0_0_21000_0 | Frontier (3/4) ... ok
   - ecmul_0-0_0_21000_0 | Frontier (4/4) ... ok
   - ecmul_0-0_0_21000_0 | Homestead (1/4) ... ok
   - ecmul_0-0_0_21000_0 | Homestead (2/4) ... ok
   - ecmul_0-0_0_21000_0 | Homestead (3/4) ... ok
   - ecmul_0-0_0_21000_0 | Homestead (4/4) ... ok
   - ecmul_0-0_0_21000_0 | Byzantium (1/4) ... ok
   - ecmul_0-0_0_21000_0 | Byzantium (2/4) ... ok
   - ecmul_0-0_0_21000_0 | Byzantium (3/4) ... ok
   - ecmul_0-0_0_21000_0 | Byzantium (4/4) ... ok
   - ecpairing_two_point_match_3 | EIP150 (1/4) ... ok
   - ecpairing_two_point_match_3 | EIP150 (2/4) ... ok
   - ecpairing_two_point_match_3 | EIP150 (3/4) ... ok
   - ecpairing_two_point_match_3 | EIP150 (4/4) ... ok
   - ecpairing_two_point_match_3 | EIP158 (1/4) ... ok
   - ecpairing_two_point_match_3 | EIP158 (2/4) ... ok
ok
   - ecpairing_two_point_match_3 | EIP158 (3/4) ... ok
   - ecpairing_two_point_match_3 | EIP158 (4/4) ... ok
   - ecpairing_two_point_match_3_d0g3v0_Byzantium...   - ecpairing_two_point_match_3 | Frontier (1/4) ... ok
   - ecpairing_two_point_match_3 | Frontier (2/4) ... ok
   - ecpairing_two_point_match_3 | Frontier (3/4) ... ok
   - ecpairing_two_point_match_3 | Frontier (4/4) ... ok
   - ecpairing_two_point_match_3 | Homestead (1/4) ... ok
   - ecpairing_two_point_match_3 | Homestead (2/4) ... ok
   - ecpairing_two_point_match_3 | Homestead (3/4) ... ok
   - ecpairing_two_point_match_3 | Homestead (4/4) ... ok
ok
   - ecpairing_two_point_match_3_d0g3v0_EIP150...   - static_Call1MB1024Calldepth | Byzantium (2/2) ... ok
   - static_CallIdentity_4_gas18 | EIP150 (1/1) ... ok
   - static_CallIdentity_4_gas18 | EIP158 (1/1) ... ok
   - static_CallIdentity_4_gas18 | Frontier (1/1) ... ok
   - static_CallIdentity_4_gas18 | Homestead (1/1) ... ok
   - static_CallIdentity_4_gas18 | Byzantium (1/1) ... ok
ok
   - ecpairing_two_point_match_3_d0g3v0_EIP158...   - static_callcodecall_10_2 | EIP150 (1/1) ... ok
   - static_callcodecall_10_2 | EIP158 (1/1) ... ok
   - static_callcodecall_10_2 | Frontier (1/1) ... ok
   - static_callcodecall_10_2 | Homestead (1/1) ... ok
   - static_callcodecall_10_2 | Byzantium (1/1) ... ok
   - static_callcallcallcode_001_OOGMAfter | EIP150 (1/2) ... ok
   - static_callcallcallcode_001_OOGMAfter | EIP150 (2/2) ... ok
   - static_callcallcallcode_001_OOGMAfter | EIP158 (1/2) ... ok
   - ecpairing_two_point_match_3 | Byzantium (1/4) ... ok
   - static_callcallcallcode_001_OOGMAfter | EIP158 (2/2) ... ok
   - static_callcallcallcode_001_OOGMAfter | Frontier (1/2) ... ok
   - ecpairing_two_point_match_3 | Byzantium (2/4) ... ok
   - static_callcallcallcode_001_OOGMAfter | Frontier (2/2) ... ok
   - ecpairing_two_point_match_3 | Byzantium (3/4) ... ok
   - static_callcallcallcode_001_OOGMAfter | Homestead (1/2) ... ok
   - ecpairing_two_point_match_3 | Byzantium (4/4) ... ok
   - static_callcallcallcode_001_OOGMAfter | Homestead (2/2) ... ok
   - static_callcallcallcode_001_OOGMAfter | Byzantium (1/2) ... ok
   - ecmul_0-3_5616_28000_128 | EIP150 (1/4) ... ok
   - static_callcallcallcode_001_OOGMAfter | Byzantium (2/2) ... ok
   - ecmul_0-3_5616_28000_128 | EIP150 (2/4) ... ok
   - ecmul_0-3_5616_28000_128 | EIP150 (3/4) ... ok
   - ecmul_0-3_5616_28000_128 | EIP150 (4/4) ... ok
   - ecmul_0-3_5616_28000_128 | EIP158 (1/4) ... ok
   - static_refund_CallA | EIP150 (1/1) ... ok
   - ecmul_0-3_5616_28000_128 | EIP158 (2/4) ... ok
ok
   - ecpairing_two_point_match_3_d0g3v0_Frontier...   - static_refund_CallA | EIP158 (1/1) ... ok
   - ecmul_0-3_5616_28000_128 | EIP158 (3/4) ... ok
   - static_refund_CallA | Frontier (1/1) ... ok
   - static_refund_CallA | Homestead (1/1) ... ok
   - static_refund_CallA | Byzantium (1/1) ... ok
   - static_callcodecallcall_100_OOGE | EIP150 (1/2) ... ok
   - ecmul_0-3_5616_28000_128 | EIP158 (4/4) ... ok
   - static_callcodecallcall_100_OOGE | EIP150 (2/2) ... ok
   - ecmul_0-3_5616_28000_128 | Frontier (1/4) ... ok
   - static_callcodecallcall_100_OOGE | EIP158 (1/2) ... ok
   - ecmul_0-3_5616_28000_128 | Frontier (2/4) ... ok
   - static_callcodecallcall_100_OOGE | EIP158 (2/2) ... ok
   - ecmul_0-3_5616_28000_128 | Frontier (3/4) ... ok
   - static_callcodecallcall_100_OOGE | Frontier (1/2) ... ok
   - ecmul_0-3_5616_28000_128 | Frontier (4/4) ... ok
   - static_callcodecallcall_100_OOGE | Frontier (2/2) ... ok
   - static_callcodecallcall_100_OOGE | Homestead (1/2) ... ok
   - static_callcodecallcall_100_OOGE | Homestead (2/2) ... ok
   - static_callcodecallcall_100_OOGE | Byzantium (1/2) ... ok
   - static_callcodecallcall_100_OOGE | Byzantium (2/2) ... ok
   - static_CallEcrecoverH_prefixed0 | EIP150 (1/1) ... ok
   - static_CallEcrecoverH_prefixed0 | EIP158 (1/1) ... ok
   - static_CallEcrecoverH_prefixed0 | Frontier (1/1) ... ok
   - ecmul_0-3_5616_28000_128 | Homestead (1/4) ... ok
   - static_CallEcrecoverH_prefixed0 | Homestead (1/1) ... ok
   - ecmul_0-3_5616_28000_128 | Homestead (2/4) ... ok
   - static_CallEcrecoverH_prefixed0 | Byzantium (1/1) ... ok
   - ecmul_0-3_5616_28000_128 | Homestead (3/4) ... ok
   - static_LoopCallsDepthThenRevert2 | EIP150 (1/1) ... ok
   - ecmul_0-3_5616_28000_128 | Homestead (4/4) ... ok
   - static_LoopCallsDepthThenRevert2 | EIP158 (1/1) ... ok
   - ecmul_0-3_5616_28000_128 | Byzantium (1/4) ... ok
   - static_LoopCallsDepthThenRevert2 | Frontier (1/1) ... ok
   - ecmul_0-3_5616_28000_128 | Byzantium (2/4) ... ok
   - static_LoopCallsDepthThenRevert2 | Homestead (1/1) ... ok
   - ecmul_0-3_5616_28000_128 | Byzantium (3/4) ... ok
   - ecmul_0-3_5616_28000_128 | Byzantium (4/4) ... ok
ok
   - ecpairing_two_point_match_3_d0g3v0_Homestead...   - pointAddTrunc | EIP150 (1/40) ... ok
   - pointAddTrunc | EIP150 (2/40) ... ok
   - pointAddTrunc | EIP150 (3/40) ... ok
   - pointAddTrunc | EIP150 (4/40) ... ok
   - pointAddTrunc | EIP150 (5/40) ... ok
   - pointAddTrunc | EIP150 (6/40) ... ok
   - pointAddTrunc | EIP150 (7/40) ... ok
   - pointAddTrunc | EIP150 (8/40) ... ok
   - pointAddTrunc | EIP150 (9/40) ... ok
   - pointAddTrunc | EIP150 (10/40) ... ok
   - pointAddTrunc | EIP150 (11/40) ... ok
   - pointAddTrunc | EIP150 (12/40) ... ok
   - pointAddTrunc | EIP150 (13/40) ... ok
   - pointAddTrunc | EIP150 (14/40) ... ok
   - pointAddTrunc | EIP150 (15/40) ... ok
   - pointAddTrunc | EIP150 (16/40) ... ok
   - pointAddTrunc | EIP150 (17/40) ... ok
   - pointAddTrunc | EIP150 (18/40) ... ok
   - pointAddTrunc | EIP150 (19/40) ... ok
   - pointAddTrunc | EIP150 (20/40) ... ok
   - pointAddTrunc | EIP150 (21/40) ... ok
   - pointAddTrunc | EIP150 (22/40) ... ok
   - pointAddTrunc | EIP150 (23/40) ... ok
   - pointAddTrunc | EIP150 (24/40) ... ok
   - pointAddTrunc | EIP150 (25/40) ... ok
   - pointAddTrunc | EIP150 (26/40) ... ok
   - pointAddTrunc | EIP150 (27/40) ... ok
   - pointAddTrunc | EIP150 (28/40) ... ok
   - pointAddTrunc | EIP150 (29/40) ... ok
   - pointAddTrunc | EIP150 (30/40) ... ok
   - pointAddTrunc | EIP150 (31/40) ... ok
   - pointAddTrunc | EIP150 (32/40) ... ok
   - pointAddTrunc | EIP150 (33/40) ... ok
   - pointAddTrunc | EIP150 (34/40) ... ok
   - pointAddTrunc | EIP150 (35/40) ... ok
   - pointAddTrunc | EIP150 (36/40) ... ok
   - pointAddTrunc | EIP150 (37/40) ... ok
   - pointAddTrunc | EIP150 (38/40) ... ok
   - pointAddTrunc | EIP150 (39/40) ... ok
   - pointAddTrunc | EIP150 (40/40) ... ok
   - pointAddTrunc | EIP158 (1/40) ... ok
ok
   - pointAddTrunc | EIP158 (2/40) ... ok
   - pointAddTrunc | EIP158 (3/40) ... ok
   - pointAddTrunc | EIP158 (4/40) ... ok
   - pointAddTrunc | EIP158 (5/40) ... ok
   - pointAddTrunc | EIP158 (6/40) ... ok
   - ecmul_0-3_5616_28000_96_d0g2v0_Byzantium...   - pointAddTrunc | EIP158 (7/40) ... ok
   - pointAddTrunc | EIP158 (8/40) ... ok
   - pointAddTrunc | EIP158 (9/40) ... ok
   - pointAddTrunc | EIP158 (10/40) ... ok
   - pointAddTrunc | EIP158 (11/40) ... ok
   - pointAddTrunc | EIP158 (12/40) ... ok
   - pointAddTrunc | EIP158 (13/40) ... ok
   - pointAddTrunc | EIP158 (14/40) ... ok
   - pointAddTrunc | EIP158 (15/40) ... ok
   - static_LoopCallsDepthThenRevert2 | Byzantium (1/1) ... ok
   - pointAddTrunc | EIP158 (16/40) ... ok
   - static_callWithHighValueOOGinCall | EIP150 (1/1) ... ok
   - pointAddTrunc | EIP158 (17/40) ... ok
   - pointAddTrunc | EIP158 (18/40) ... ok
   - static_callWithHighValueOOGinCall | EIP158 (1/1) ... ok
   - static_callWithHighValueOOGinCall | Frontier (1/1) ... ok
   - static_callWithHighValueOOGinCall | Homestead (1/1) ... ok
   - static_callWithHighValueOOGinCall | Byzantium (1/1) ... ok
   - static_CallSha256_3 | EIP150 (1/1) ... ok
   - static_CallSha256_3 | EIP158 (1/1) ... ok
   - static_CallSha256_3 | Frontier (1/1) ... ok
   - static_CallSha256_3 | Homestead (1/1) ... ok
   - static_CallSha256_3 | Byzantium (1/1) ... ok
   - static_callcodecallcodecall_110_OOGMBefore2 | EIP150 (1/3) ... ok
   - static_callcodecallcodecall_110_OOGMBefore2 | EIP150 (2/3) ... ok
   - static_callcodecallcodecall_110_OOGMBefore2 | EIP150 (3/3) ... ok
   - static_callcodecallcodecall_110_OOGMBefore2 | EIP158 (1/3) ... ok
   - pointAddTrunc | EIP158 (19/40) ... ok
   - pointAddTrunc | EIP158 (20/40) ... ok
   - pointAddTrunc | EIP158 (21/40) ... ok
   - pointAddTrunc | EIP158 (22/40) ... ok
   - pointAddTrunc | EIP158 (23/40) ... ok
   - pointAddTrunc | EIP158 (24/40) ... ok
   - pointAddTrunc | EIP158 (25/40) ... ok
   - pointAddTrunc | EIP158 (26/40) ... ok
   - pointAddTrunc | EIP158 (27/40) ... ok
   - pointAddTrunc | EIP158 (28/40) ... ok
   - pointAddTrunc | EIP158 (29/40) ... ok
   - static_callcodecallcodecall_110_OOGMBefore2 | EIP158 (2/3) ... ok
   - static_callcodecallcodecall_110_OOGMBefore2 | EIP158 (3/3) ... ok
   - static_callcodecallcodecall_110_OOGMBefore2 | Frontier (1/3) ... ok
ok
   - ecmul_0-3_5616_28000_96_d0g2v0_EIP150...   - static_callcodecallcodecall_110_OOGMBefore2 | Frontier (2/3) ... ok
   - pointAddTrunc | EIP158 (30/40) ... ok
   - static_callcodecallcodecall_110_OOGMBefore2 | Frontier (3/3) ... ok
   - pointAddTrunc | EIP158 (31/40) ... ok
   - static_callcodecallcodecall_110_OOGMBefore2 | Homestead (1/3) ... ok
   - pointAddTrunc | EIP158 (32/40) ... ok
   - static_callcodecallcodecall_110_OOGMBefore2 | Homestead (2/3) ... ok
   - pointAddTrunc | EIP158 (33/40) ... ok
   - static_callcodecallcodecall_110_OOGMBefore2 | Homestead (3/3) ... ok
   - pointAddTrunc | EIP158 (34/40) ... ok
   - static_callcodecallcodecall_110_OOGMBefore2 | Byzantium (1/3) ... ok
   - pointAddTrunc | EIP158 (35/40) ... ok
   - static_callcodecallcodecall_110_OOGMBefore2 | Byzantium (2/3) ... ok
   - pointAddTrunc | EIP158 (36/40) ... ok
   - static_callcodecallcodecall_110_OOGMBefore2 | Byzantium (3/3) ... ok
   - pointAddTrunc | EIP158 (37/40) ... ok
   - pointAddTrunc | EIP158 (38/40) ... ok
   - static_callcallcallcode_001_OOGMAfter2 | EIP150 (1/2) ... ok
   - pointAddTrunc | EIP158 (39/40) ... ok
   - static_callcallcallcode_001_OOGMAfter2 | EIP150 (2/2) ... ok
   - pointAddTrunc | EIP158 (40/40) ... ok
   - static_callcallcallcode_001_OOGMAfter2 | EIP158 (1/2) ... ok
   - pointAddTrunc | Frontier (1/40) ... ok
   - static_callcallcallcode_001_OOGMAfter2 | EIP158 (2/2) ... ok
   - pointAddTrunc | Frontier (2/40) ... ok
   - pointAddTrunc | Frontier (3/40) ... ok
   - static_callcallcallcode_001_OOGMAfter2 | Frontier (1/2) ... ok
   - pointAddTrunc | Frontier (4/40) ... ok
   - static_callcallcallcode_001_OOGMAfter2 | Frontier (2/2) ... ok
   - pointAddTrunc | Frontier (5/40) ... ok
   - static_callcallcallcode_001_OOGMAfter2 | Homestead (1/2) ... ok
   - pointAddTrunc | Frontier (6/40) ... ok
   - pointAddTrunc | Frontier (7/40) ... ok
   - static_callcallcallcode_001_OOGMAfter2 | Homestead (2/2) ... ok
   - pointAddTrunc | Frontier (8/40) ... ok
   - static_callcallcallcode_001_OOGMAfter2 | Byzantium (1/2) ... ok
   - pointAddTrunc | Frontier (9/40) ... ok
   - pointAddTrunc | Frontier (10/40) ... ok
   - static_callcallcallcode_001_OOGMAfter2 | Byzantium (2/2) ... ok
   - pointAddTrunc | Frontier (11/40) ... ok
   - pointAddTrunc | Frontier (12/40) ... ok
   - static_callcall_00_SuicideEnd | EIP150 (1/1) ... ok
   - pointAddTrunc | Frontier (13/40) ... ok
   - static_callcall_00_SuicideEnd | EIP158 (1/1) ... ok
   - pointAddTrunc | Frontier (14/40) ... ok
   - pointAddTrunc | Frontier (15/40) ... ok
   - static_callcall_00_SuicideEnd | Frontier (1/1) ... ok
   - pointAddTrunc | Frontier (16/40) ... ok
   - static_callcall_00_SuicideEnd | Homestead (1/1) ... ok
   - pointAddTrunc | Frontier (17/40) ... ok
   - pointAddTrunc | Frontier (18/40) ... ok
   - static_callcall_00_SuicideEnd | Byzantium (1/1) ... ok
   - pointAddTrunc | Frontier (19/40) ... ok
   - pointAddTrunc | Frontier (20/40) ... ok
   - static_callOutput1 | EIP150 (1/1) ... ok
   - static_callOutput1 | EIP158 (1/1) ... ok
   - pointAddTrunc | Frontier (21/40) ... ok
   - pointAddTrunc | Frontier (22/40) ... ok
   - static_callOutput1 | Frontier (1/1) ... ok
   - pointAddTrunc | Frontier (23/40) ... ok
   - static_callOutput1 | Homestead (1/1) ... ok
   - pointAddTrunc | Frontier (24/40) ... ok
   - static_callOutput1 | Byzantium (1/1) ... ok
   - pointAddTrunc | Frontier (25/40) ... ok
   - pointAddTrunc | Frontier (26/40) ... ok
   - static_callChangeRevert | EIP150 (1/3) ... ok
   - pointAddTrunc | Frontier (27/40) ... ok
   - static_callChangeRevert | EIP150 (2/3) ... ok
   - static_callChangeRevert | EIP150 (3/3) ... ok
   - static_callChangeRevert | EIP158 (1/3) ... ok
   - static_callChangeRevert | EIP158 (2/3) ... ok
   - pointAddTrunc | Frontier (28/40) ... ok
   - static_callChangeRevert | EIP158 (3/3) ... ok
   - pointAddTrunc | Frontier (29/40) ... ok
   - static_callChangeRevert | Frontier (1/3) ... ok
   - pointAddTrunc | Frontier (30/40) ... ok
   - static_callChangeRevert | Frontier (2/3) ... ok
   - pointAddTrunc | Frontier (31/40) ... ok
   - static_callChangeRevert | Frontier (3/3) ... ok
   - pointAddTrunc | Frontier (32/40) ... ok
   - static_callChangeRevert | Homestead (1/3) ... ok
   - static_callChangeRevert | Homestead (2/3) ... ok
   - static_callChangeRevert | Homestead (3/3) ... ok
   - static_callChangeRevert | Byzantium (1/3) ... ok
   - pointAddTrunc | Frontier (33/40) ... ok
   - static_callChangeRevert | Byzantium (2/3) ... ok
   - static_callChangeRevert | Byzantium (3/3) ... ok
   - pointAddTrunc | Frontier (34/40) ... ok
   - static_callcodecallcall_100_SuicideMiddle2 | EIP150 (1/2) ... ok
   - pointAddTrunc | Frontier (35/40) ... ok
   - static_callcodecallcall_100_SuicideMiddle2 | EIP150 (2/2) ... ok
   - pointAddTrunc | Frontier (36/40) ... ok
   - static_callcodecallcall_100_SuicideMiddle2 | EIP158 (1/2) ... ok
   - static_callcodecallcall_100_SuicideMiddle2 | EIP158 (2/2) ... ok
   - pointAddTrunc | Frontier (37/40) ... ok
   - static_callcodecallcall_100_SuicideMiddle2 | Frontier (1/2) ... ok
   - pointAddTrunc | Frontier (38/40) ... ok
   - pointAddTrunc | Frontier (39/40) ... ok
   - static_callcodecallcall_100_SuicideMiddle2 | Frontier (2/2) ... ok
   - pointAddTrunc | Frontier (40/40) ... ok
   - static_callcodecallcall_100_SuicideMiddle2 | Homestead (1/2) ... ok
   - pointAddTrunc | Homestead (1/40) ... ok
   - static_callcodecallcall_100_SuicideMiddle2 | Homestead (2/2) ... ok
   - pointAddTrunc | Homestead (2/40) ... ok
   - pointAddTrunc | Homestead (3/40) ... ok
   - pointAddTrunc | Homestead (4/40) ... ok
ok
   - ecmul_0-3_5616_28000_96_d0g2v0_EIP158...   - pointAddTrunc | Homestead (5/40) ... ok
   - pointAddTrunc | Homestead (6/40) ... ok
   - pointAddTrunc | Homestead (7/40) ... ok
   - pointAddTrunc | Homestead (8/40) ... ok
   - static_callcodecallcall_100_SuicideMiddle2 | Byzantium (1/2) ... ok
   - pointAddTrunc | Homestead (9/40) ... ok
   - static_callcodecallcall_100_SuicideMiddle2 | Byzantium (2/2) ... ok
   - pointAddTrunc | Homestead (10/40) ... ok
   - pointAddTrunc | Homestead (11/40) ... ok
   - static_callcodecallcallcode_101_OOGE | EIP150 (1/1) ... ok
   - pointAddTrunc | Homestead (12/40) ... ok
   - pointAddTrunc | Homestead (13/40) ... ok
   - static_callcodecallcallcode_101_OOGE | EIP158 (1/1) ... ok
   - pointAddTrunc | Homestead (14/40) ... ok
   - pointAddTrunc | Homestead (15/40) ... ok
   - pointAddTrunc | Homestead (16/40) ... ok
   - pointAddTrunc | Homestead (17/40) ... ok
   - pointAddTrunc | Homestead (18/40) ... ok
   - pointAddTrunc | Homestead (19/40) ... ok
   - static_callcodecallcallcode_101_OOGE | Frontier (1/1) ... ok
   - pointAddTrunc | Homestead (20/40) ... ok
   - pointAddTrunc | Homestead (21/40) ... ok
   - static_callcodecallcallcode_101_OOGE | Homestead (1/1) ... ok
   - pointAddTrunc | Homestead (22/40) ... ok
   - static_callcodecallcallcode_101_OOGE | Byzantium (1/1) ... ok
   - pointAddTrunc | Homestead (23/40) ... ok
   - pointAddTrunc | Homestead (24/40) ... ok
   - static_Call10 | EIP150 (1/2) ... ok
   - pointAddTrunc | Homestead (25/40) ... ok
   - static_Call10 | EIP150 (2/2) ... ok
   - pointAddTrunc | Homestead (26/40) ... ok
   - static_Call10 | EIP158 (1/2) ... ok
   - pointAddTrunc | Homestead (27/40) ... ok
   - pointAddTrunc | Homestead (28/40) ... ok
   - static_Call10 | EIP158 (2/2) ... ok
   - pointAddTrunc | Homestead (29/40) ... ok
   - static_Call10 | Frontier (1/2) ... ok
   - pointAddTrunc | Homestead (30/40) ... ok
   - static_Call10 | Frontier (2/2) ... ok
   - pointAddTrunc | Homestead (31/40) ... ok
   - static_Call10 | Homestead (1/2) ... ok
   - pointAddTrunc | Homestead (32/40) ... ok
   - pointAddTrunc | Homestead (33/40) ... ok
   - pointAddTrunc | Homestead (34/40) ... ok
   - pointAddTrunc | Homestead (35/40) ... ok
   - pointAddTrunc | Homestead (36/40) ... ok
   - pointAddTrunc | Homestead (37/40) ... ok
   - pointAddTrunc | Homestead (38/40) ... ok
   - pointAddTrunc | Homestead (39/40) ... ok
   - pointAddTrunc | Homestead (40/40) ... ok
   - pointAddTrunc | Byzantium (1/40) ... ok
   - pointAddTrunc | Byzantium (2/40) ... ok
   - static_Call10 | Homestead (2/2) ... ok
   - pointAddTrunc | Byzantium (3/40) ... ok
   - static_Call10 | Byzantium (1/2) ... ok
   - pointAddTrunc | Byzantium (4/40) ... ok
   - static_Call10 | Byzantium (2/2) ... ok
   - pointAddTrunc | Byzantium (5/40) ... ok
   - pointAddTrunc | Byzantium (6/40) ... ok
   - static_callcallcodecall_ABCB_RECURSIVE | EIP150 (1/1) ... ok
ok
   - ecmul_0-3_5616_28000_96_d0g2v0_Frontier...   - pointAddTrunc | Byzantium (7/40) ... ok
   - static_callcallcodecall_ABCB_RECURSIVE | EIP158 (1/1) ... ok
   - pointAddTrunc | Byzantium (8/40) ... ok
   - static_callcallcodecall_ABCB_RECURSIVE | Frontier (1/1) ... ok
   - pointAddTrunc | Byzantium (9/40) ... ok
   - pointAddTrunc | Byzantium (10/40) ... ok
   - pointAddTrunc | Byzantium (11/40) ... ok
   - pointAddTrunc | Byzantium (12/40) ... ok
   - pointAddTrunc | Byzantium (13/40) ... ok
   - pointAddTrunc | Byzantium (14/40) ... ok
   - pointAddTrunc | Byzantium (15/40) ... ok
   - pointAddTrunc | Byzantium (16/40) ... ok
   - pointAddTrunc | Byzantium (17/40) ... ok
   - static_callcallcodecall_ABCB_RECURSIVE | Homestead (1/1) ... ok
   - pointAddTrunc | Byzantium (18/40) ... ok
   - pointAddTrunc | Byzantium (19/40) ... ok
   - pointAddTrunc | Byzantium (20/40) ... ok
   - pointAddTrunc | Byzantium (21/40) ... ok
   - pointAddTrunc | Byzantium (22/40) ... ok
   - pointAddTrunc | Byzantium (23/40) ... ok
   - pointAddTrunc | Byzantium (24/40) ... ok
   - pointAddTrunc | Byzantium (25/40) ... ok
   - pointAddTrunc | Byzantium (26/40) ... ok
   - static_callcallcodecall_ABCB_RECURSIVE | Byzantium (1/1) ... ok
   - pointAddTrunc | Byzantium (27/40) ... ok
   - static_CallIdentity_5 | EIP150 (1/1) ... ok
   - pointAddTrunc | Byzantium (28/40) ... ok
   - pointAddTrunc | Byzantium (29/40) ... ok
   - static_CallIdentity_5 | EIP158 (1/1) ... ok
   - pointAddTrunc | Byzantium (30/40) ... ok
   - static_CallIdentity_5 | Frontier (1/1) ... ok
   - pointAddTrunc | Byzantium (31/40) ... ok
   - pointAddTrunc | Byzantium (32/40) ... ok
   - static_CallIdentity_5 | Homestead (1/1) ... ok
   - pointAddTrunc | Byzantium (33/40) ... ok
   - pointAddTrunc | Byzantium (34/40) ... ok
   - pointAddTrunc | Byzantium (35/40) ... ok
   - static_CallIdentity_5 | Byzantium (1/1) ... ok
   - pointAddTrunc | Byzantium (36/40) ... ok
   - pointAddTrunc | Byzantium (37/40) ... ok
   - pointAddTrunc | Byzantium (38/40) ... ok
   - static_callcallcall_000_OOGMAfter2 | EIP150 (1/1) ... ok
   - pointAddTrunc | Byzantium (39/40) ... ok
   - static_callcallcall_000_OOGMAfter2 | EIP158 (1/1) ... ok
   - pointAddTrunc | Byzantium (40/40) ... ok
   - static_callcallcall_000_OOGMAfter2 | Frontier (1/1) ... ok
   - static_callcallcall_000_OOGMAfter2 | Homestead (1/1) ... ok
   - ecpairing_empty_data_insufficient_gas | EIP150 (1/4) ... ok
   - ecpairing_empty_data_insufficient_gas | EIP150 (2/4) ... ok
   - static_callcallcall_000_OOGMAfter2 | Byzantium (1/1) ... ok
   - ecpairing_empty_data_insufficient_gas | EIP150 (3/4) ... ok
   - ecpairing_empty_data_insufficient_gas | EIP150 (4/4) ... ok
   - static_callCreate2 | EIP150 (1/3) ... ok
   - ecpairing_empty_data_insufficient_gas | EIP158 (1/4) ... ok
   - static_callCreate2 | EIP150 (2/3) ... ok
   - ecpairing_empty_data_insufficient_gas | EIP158 (2/4) ... ok
   - static_callCreate2 | EIP150 (3/3) ... ok
   - ecpairing_empty_data_insufficient_gas | EIP158 (3/4) ... ok
   - static_callCreate2 | EIP158 (1/3) ... ok
   - static_callCreate2 | EIP158 (2/3) ... ok
   - ecpairing_empty_data_insufficient_gas | EIP158 (4/4) ... ok
   - static_callCreate2 | EIP158 (3/3) ... ok
   - ecpairing_empty_data_insufficient_gas | Frontier (1/4) ... ok
   - static_callCreate2 | Frontier (1/3) ... ok
   - ecpairing_empty_data_insufficient_gas | Frontier (2/4) ... ok
   - static_callCreate2 | Frontier (2/3) ... ok
   - ecpairing_empty_data_insufficient_gas | Frontier (3/4) ... ok
   - static_callCreate2 | Frontier (3/3) ... ok
   - ecpairing_empty_data_insufficient_gas | Frontier (4/4) ... ok
   - static_callCreate2 | Homestead (1/3) ... ok
   - ecpairing_empty_data_insufficient_gas | Homestead (1/4) ... ok
   - static_callCreate2 | Homestead (2/3) ... ok
   - static_callCreate2 | Homestead (3/3) ... ok
   - ecpairing_empty_data_insufficient_gas | Homestead (2/4) ... ok
   - ecpairing_empty_data_insufficient_gas | Homestead (3/4) ... ok
   - ecpairing_empty_data_insufficient_gas | Homestead (4/4) ... ok
   - static_callCreate2 | Byzantium (1/3) ... ok
   - ecpairing_empty_data_insufficient_gas | Byzantium (1/4) ... ok
   - static_callCreate2 | Byzantium (2/3) ... ok
   - ecpairing_empty_data_insufficient_gas | Byzantium (2/4) ... ok
   - ecpairing_empty_data_insufficient_gas | Byzantium (3/4) ... ok
   - static_callCreate2 | Byzantium (3/3) ... ok
   - ecpairing_empty_data_insufficient_gas | Byzantium (4/4) ... ok
ok
   - ecmul_0-3_5616_28000_96_d0g2v0_Homestead...   - static_CallRipemd160_5 | EIP150 (1/1) ... ok
   - static_CallRipemd160_5 | EIP158 (1/1) ... ok
   - ecmul_1-3_5617_21000_96 | EIP150 (1/4) ... ok
   - static_CallRipemd160_5 | Frontier (1/1) ... ok
   - ecmul_1-3_5617_21000_96 | EIP150 (2/4) ... ok
   - static_CallRipemd160_5 | Homestead (1/1) ... ok
   - ecmul_1-3_5617_21000_96 | EIP150 (3/4) ... ok
   - ecmul_1-3_5617_21000_96 | EIP150 (4/4) ... ok
   - ecmul_1-3_5617_21000_96 | EIP158 (1/4) ... ok
   - static_CallRipemd160_5 | Byzantium (1/1) ... ok
   - ecmul_1-3_5617_21000_96 | EIP158 (2/4) ... ok
   - static_callcallcodecallcode_ABCB_RECURSIVE2 | EIP150 (1/1) ... ok
   - static_callcallcodecallcode_ABCB_RECURSIVE2 | EIP158 (1/1) ... ok
   - ecmul_1-3_5617_21000_96 | EIP158 (3/4) ... ok
   - static_callcallcodecallcode_ABCB_RECURSIVE2 | Frontier (1/1) ... ok
   - ecmul_1-3_5617_21000_96 | EIP158 (4/4) ... ok
   - static_callcallcodecallcode_ABCB_RECURSIVE2 | Homestead (1/1) ... ok
   - ecmul_1-3_5617_21000_96 | Frontier (1/4) ... ok
   - ecmul_1-3_5617_21000_96 | Frontier (2/4) ... ok
   - ecmul_1-3_5617_21000_96 | Frontier (3/4) ... ok
   - ecmul_1-3_5617_21000_96 | Frontier (4/4) ... ok
   - ecmul_1-3_5617_21000_96 | Homestead (1/4) ... ok
   - ecmul_1-3_5617_21000_96 | Homestead (2/4) ... ok
   - ecmul_1-3_5617_21000_96 | Homestead (3/4) ... ok
   - ecmul_1-3_5617_21000_96 | Homestead (4/4) ... ok
   - ecmul_1-3_5617_21000_96 | Byzantium (1/4) ... ok
   - static_callcallcodecallcode_ABCB_RECURSIVE2 | Byzantium (1/1) ... ok
   - ecmul_1-3_5617_21000_96 | Byzantium (2/4) ... ok
   - static_CallSha256_1_nonzeroValue | EIP150 (1/1) ... ok
   - ecmul_1-3_5617_21000_96 | Byzantium (3/4) ... ok
   - static_CallSha256_1_nonzeroValue | EIP158 (1/1) ... ok
   - ecmul_1-3_5617_21000_96 | Byzantium (4/4) ... ok
   - static_CallSha256_1_nonzeroValue | Frontier (1/1) ... ok
   - static_CallSha256_1_nonzeroValue | Homestead (1/1) ... ok
   - ecmul_1-3_5616_21000_96 | EIP150 (1/4) ... ok
   - static_CallSha256_1_nonzeroValue | Byzantium (1/1) ... ok
   - ecmul_1-3_5616_21000_96 | EIP150 (2/4) ... ok
   - ecmul_1-3_5616_21000_96 | EIP150 (3/4) ... ok
   - ecmul_1-3_5616_21000_96 | EIP150 (4/4) ... ok
   - ecmul_1-3_5616_21000_96 | EIP158 (1/4) ... ok
   - ecmul_1-3_5616_21000_96 | EIP158 (2/4) ... ok
   - ecmul_1-3_5616_21000_96 | EIP158 (3/4) ... ok
   - ecmul_1-3_5616_21000_96 | EIP158 (4/4) ... ok
   - ecmul_1-3_5616_21000_96 | Frontier (1/4) ... ok
   - static_callcodecallcodecall_110_OOGE | EIP150 (1/1) ... ok
   - ecmul_1-3_5616_21000_96 | Frontier (2/4) ... ok
   - static_callcodecallcodecall_110_OOGE | EIP158 (1/1) ... ok
   - ecmul_1-3_5616_21000_96 | Frontier (3/4) ... ok
   - static_callcodecallcodecall_110_OOGE | Frontier (1/1) ... ok
   - ecmul_1-3_5616_21000_96 | Frontier (4/4) ... ok
   - static_callcodecallcodecall_110_OOGE | Homestead (1/1) ... ok
   - ecmul_1-3_5616_21000_96 | Homestead (1/4) ... ok
   - ecmul_1-3_5616_21000_96 | Homestead (2/4) ... ok
   - ecmul_1-3_5616_21000_96 | Homestead (3/4) ... ok
   - static_callcodecallcodecall_110_OOGE | Byzantium (1/1) ... ok
   - ecmul_1-3_5616_21000_96 | Homestead (4/4) ... ok
   - ecmul_1-3_5616_21000_96 | Byzantium (1/4) ... ok
   - ecmul_1-3_5616_21000_96 | Byzantium (2/4) ... ok
   - ecmul_1-3_5616_21000_96 | Byzantium (3/4) ... ok
   - ecmul_1-3_5616_21000_96 | Byzantium (4/4) ... ok
   - static_CallAskMoreGasOnDepth2ThenTransactionHas | EIP150 (1/2) ... ok
   - ecmul_7827-6598_9_28000_96 | EIP150 (1/4) ... ok
   - static_CallAskMoreGasOnDepth2ThenTransactionHas | EIP150 (2/2) ... ok
   - ecmul_7827-6598_9_28000_96 | EIP150 (2/4) ... ok
   - static_CallAskMoreGasOnDepth2ThenTransactionHas | EIP158 (1/2) ... ok
   - ecmul_7827-6598_9_28000_96 | EIP150 (3/4) ... ok
   - static_CallAskMoreGasOnDepth2ThenTransactionHas | EIP158 (2/2) ... ok
   - ecmul_7827-6598_9_28000_96 | EIP150 (4/4) ... ok
   - static_CallAskMoreGasOnDepth2ThenTransactionHas | Frontier (1/2) ... ok
   - ecmul_7827-6598_9_28000_96 | EIP158 (1/4) ... ok
   - static_CallAskMoreGasOnDepth2ThenTransactionHas | Frontier (2/2) ... ok
   - ecmul_7827-6598_9_28000_96 | EIP158 (2/4) ... ok
   - static_CallAskMoreGasOnDepth2ThenTransactionHas | Homestead (1/2) ... ok
   - ecmul_7827-6598_9_28000_96 | EIP158 (3/4) ... ok
   - ecmul_7827-6598_9_28000_96 | EIP158 (4/4) ... ok
   - ecmul_7827-6598_9_28000_96 | Frontier (1/4) ... ok
   - ecmul_7827-6598_9_28000_96 | Frontier (2/4) ... ok
   - ecmul_7827-6598_9_28000_96 | Frontier (3/4) ... ok
   - ecmul_7827-6598_9_28000_96 | Frontier (4/4) ... ok
   - ecmul_7827-6598_9_28000_96 | Homestead (1/4) ... ok
   - ecmul_7827-6598_9_28000_96 | Homestead (2/4) ... ok
   - static_CallAskMoreGasOnDepth2ThenTransactionHas | Homestead (2/2) ... ok
   - ecmul_7827-6598_9_28000_96 | Homestead (3/4) ... ok
   - ecmul_7827-6598_9_28000_96 | Homestead (4/4) ... ok
   - static_CallAskMoreGasOnDepth2ThenTransactionHas | Byzantium (1/2) ... ok
   - static_CallAskMoreGasOnDepth2ThenTransactionHas | Byzantium (2/2) ... ok
   - ecmul_7827-6598_9_28000_96 | Byzantium (1/4) ... ok
   - static_CallEcrecover0_completeReturnValue | EIP150 (1/1) ... ok
   - ecmul_7827-6598_9_28000_96 | Byzantium (2/4) ... ok
   - static_CallEcrecover0_completeReturnValue | EIP158 (1/1) ... ok
   - ecmul_7827-6598_9_28000_96 | Byzantium (3/4) ... ok
ok
   - static_CallEcrecover0_completeReturnValue | Frontier (1/1) ... ok
   - ecmul_7827-6598_9_28000_96 | Byzantium (4/4) ... ok
   - static_CallEcrecover0_completeReturnValue | Homestead (1/1) ... ok
   - pointMulAdd2_d28g0v0_Byzantium...   - ecmul_1-2_0_28000_128 | EIP150 (1/4) ... ok
   - static_CallEcrecover0_completeReturnValue | Byzantium (1/1) ... ok
   - ecmul_1-2_0_28000_128 | EIP150 (2/4) ... ok
   - static_CallRipemd160_1 | EIP150 (1/1) ... ok
   - ecmul_1-2_0_28000_128 | EIP150 (3/4) ... ok
   - static_CallRipemd160_1 | EIP158 (1/1) ... ok
   - ecmul_1-2_0_28000_128 | EIP150 (4/4) ... ok
   - static_CallRipemd160_1 | Frontier (1/1) ... ok
   - static_CallRipemd160_1 | Homestead (1/1) ... ok
   - ecmul_1-2_0_28000_128 | EIP158 (1/4) ... ok
   - static_CallRipemd160_1 | Byzantium (1/1) ... ok
   - ecmul_1-2_0_28000_128 | EIP158 (2/4) ... ok
   - ecmul_1-2_0_28000_128 | EIP158 (3/4) ... ok
   - ecmul_1-2_0_28000_128 | EIP158 (4/4) ... ok
   - static_callcodecall_10_OOGE_2 | EIP150 (1/2) ... ok
   - ecmul_1-2_0_28000_128 | Frontier (1/4) ... ok
   - static_callcodecall_10_OOGE_2 | EIP150 (2/2) ... ok
   - ecmul_1-2_0_28000_128 | Frontier (2/4) ... ok
   - static_callcodecall_10_OOGE_2 | EIP158 (1/2) ... ok
   - ecmul_1-2_0_28000_128 | Frontier (3/4) ... ok
   - ecmul_1-2_0_28000_128 | Frontier (4/4) ... ok
   - ecmul_1-2_0_28000_128 | Homestead (1/4) ... ok
   - ecmul_1-2_0_28000_128 | Homestead (2/4) ... ok
   - static_callcodecall_10_OOGE_2 | EIP158 (2/2) ... ok
   - ecmul_1-2_0_28000_128 | Homestead (3/4) ... ok
   - static_callcodecall_10_OOGE_2 | Frontier (1/2) ... ok
   - ecmul_1-2_0_28000_128 | Homestead (4/4) ... ok
   - static_callcodecall_10_OOGE_2 | Frontier (2/2) ... ok
   - ecmul_1-2_0_28000_128 | Byzantium (1/4) ... ok
   - ecmul_1-2_0_28000_128 | Byzantium (2/4) ... ok
   - ecmul_1-2_0_28000_128 | Byzantium (3/4) ... ok
   - static_callcodecall_10_OOGE_2 | Homestead (1/2) ... ok
   - ecmul_1-2_0_28000_128 | Byzantium (4/4) ... ok
   - static_callcodecall_10_OOGE_2 | Homestead (2/2) ... ok
   - static_callcodecall_10_OOGE_2 | Byzantium (1/2) ... ok
   - ecmul_0-3_9935_21000_96 | EIP150 (1/4) ... ok
   - static_callcodecall_10_OOGE_2 | Byzantium (2/2) ... ok
   - ecmul_0-3_9935_21000_96 | EIP150 (2/4) ... ok
   - ecmul_0-3_9935_21000_96 | EIP150 (3/4) ... ok
   - static_Call1024BalanceTooLow | EIP150 (1/2) ... ok
   - ecmul_0-3_9935_21000_96 | EIP150 (4/4) ... ok
   - static_Call1024BalanceTooLow | EIP150 (2/2) ... ok
   - ecmul_0-3_9935_21000_96 | EIP158 (1/4) ... ok
   - static_Call1024BalanceTooLow | EIP158 (1/2) ... ok
   - ecmul_0-3_9935_21000_96 | EIP158 (2/4) ... ok
   - static_Call1024BalanceTooLow | EIP158 (2/2) ... ok
   - ecmul_0-3_9935_21000_96 | EIP158 (3/4) ... ok
   - static_Call1024BalanceTooLow | Frontier (1/2) ... ok
   - static_Call1024BalanceTooLow | Frontier (2/2) ... ok
   - ecmul_0-3_9935_21000_96 | EIP158 (4/4) ... ok
   - static_Call1024BalanceTooLow | Homestead (1/2) ... ok
   - ecmul_0-3_9935_21000_96 | Frontier (1/4) ... ok
   - static_Call1024BalanceTooLow | Homestead (2/2) ... ok
   - ecmul_0-3_9935_21000_96 | Frontier (2/4) ... ok
   - static_Call1024BalanceTooLow | Byzantium (1/2) ... ok
   - ecmul_0-3_9935_21000_96 | Frontier (3/4) ... ok
   - ecmul_0-3_9935_21000_96 | Frontier (4/4) ... ok
   - ecmul_0-3_9935_21000_96 | Homestead (1/4) ... ok
   - ecmul_0-3_9935_21000_96 | Homestead (2/4) ... ok
   - ecmul_0-3_9935_21000_96 | Homestead (3/4) ... ok
   - ecmul_0-3_9935_21000_96 | Homestead (4/4) ... ok
   - ecmul_0-3_9935_21000_96 | Byzantium (1/4) ... ok
   - ecmul_0-3_9935_21000_96 | Byzantium (2/4) ... ok
   - ecmul_0-3_9935_21000_96 | Byzantium (3/4) ... ok
   - ecmul_0-3_9935_21000_96 | Byzantium (4/4) ... ok
   - ecpairing_perturb_g2_by_one | EIP150 (1/4) ... ok
   - ecpairing_perturb_g2_by_one | EIP150 (2/4) ... ok
   - ecpairing_perturb_g2_by_one | EIP150 (3/4) ... ok
   - ecpairing_perturb_g2_by_one | EIP150 (4/4) ... ok
   - ecpairing_perturb_g2_by_one | EIP158 (1/4) ... ok
   - ecpairing_perturb_g2_by_one | EIP158 (2/4) ... ok
   - ecpairing_perturb_g2_by_one | EIP158 (3/4) ... ok
   - ecpairing_perturb_g2_by_one | EIP158 (4/4) ... ok
   - ecpairing_perturb_g2_by_one | Frontier (1/4) ... ok
   - static_Call1024BalanceTooLow | Byzantium (2/2) ... ok
   - ecpairing_perturb_g2_by_one | Frontier (2/4) ... ok
   - static_CallEcrecover0 | EIP150 (1/1) ... ok
   - ecpairing_perturb_g2_by_one | Frontier (3/4) ... ok
   - static_CallEcrecover0 | EIP158 (1/1) ... ok
   - ecpairing_perturb_g2_by_one | Frontier (4/4) ... ok
   - static_CallEcrecover0 | Frontier (1/1) ... ok
   - ecpairing_perturb_g2_by_one | Homestead (1/4) ... ok
   - static_CallEcrecover0 | Homestead (1/1) ... ok
   - ecpairing_perturb_g2_by_one | Homestead (2/4) ... ok
   - static_CallEcrecover0 | Byzantium (1/1) ... ok
   - ecpairing_perturb_g2_by_one | Homestead (3/4) ... ok
   - static_ZeroValue_CALL_OOGRevert | EIP150 (1/1) ... ok
   - ecpairing_perturb_g2_by_one | Homestead (4/4) ... ok
ok
   - pointMulAdd2_d28g0v0_EIP150...   - static_ZeroValue_CALL_OOGRevert | EIP158 (1/1) ... ok
   - ecpairing_perturb_g2_by_one | Byzantium (1/4) ... ok
   - static_ZeroValue_CALL_OOGRevert | Frontier (1/1) ... ok
   - ecpairing_perturb_g2_by_one | Byzantium (2/4) ... ok
   - static_ZeroValue_CALL_OOGRevert | Homestead (1/1) ... ok
   - ecpairing_perturb_g2_by_one | Byzantium (3/4) ... ok
   - static_ZeroValue_CALL_OOGRevert | Byzantium (1/1) ... ok
   - ecpairing_perturb_g2_by_one | Byzantium (4/4) ... ok
   - static_callcallcall_000_OOGMBefore | EIP150 (1/1) ... ok
   - ecmul_7827-6598_9_21000_128 | EIP150 (1/4) ... ok
   - static_callcallcall_000_OOGMBefore | EIP158 (1/1) ... ok
   - static_callcallcall_000_OOGMBefore | Frontier (1/1) ... ok
   - ecmul_7827-6598_9_21000_128 | EIP150 (2/4) ... ok
   - static_callcallcall_000_OOGMBefore | Homestead (1/1) ... ok
   - ecmul_7827-6598_9_21000_128 | EIP150 (3/4) ... ok
   - ecmul_7827-6598_9_21000_128 | EIP150 (4/4) ... ok
   - static_callcallcall_000_OOGMBefore | Byzantium (1/1) ... ok
   - ecmul_7827-6598_9_21000_128 | EIP158 (1/4) ... ok
   - static_callcallcall_000_OOGMAfter | EIP150 (1/1) ... ok
   - static_callcallcall_000_OOGMAfter | EIP158 (1/1) ... ok
   - ecmul_7827-6598_9_21000_128 | EIP158 (2/4) ... ok
   - static_callcallcall_000_OOGMAfter | Frontier (1/1) ... ok
   - ecmul_7827-6598_9_21000_128 | EIP158 (3/4) ... ok
   - static_callcallcall_000_OOGMAfter | Homestead (1/1) ... ok
   - ecmul_7827-6598_9_21000_128 | EIP158 (4/4) ... ok
   - static_callcallcall_000_OOGMAfter | Byzantium (1/1) ... ok
   - ecmul_7827-6598_9_21000_128 | Frontier (1/4) ... ok
   - ecmul_7827-6598_9_21000_128 | Frontier (2/4) ... ok
   - static_Call50000_identity2 | EIP150 (1/2) ... ok
   - static_Call50000_identity2 | EIP150 (2/2) ... ok
   - ecmul_7827-6598_9_21000_128 | Frontier (3/4) ... ok
   - static_Call50000_identity2 | EIP158 (1/2) ... ok
   - ecmul_7827-6598_9_21000_128 | Frontier (4/4) ... ok
   - static_Call50000_identity2 | EIP158 (2/2) ... ok
   - ecmul_7827-6598_9_21000_128 | Homestead (1/4) ... ok
   - static_Call50000_identity2 | Frontier (1/2) ... ok
   - ecmul_7827-6598_9_21000_128 | Homestead (2/4) ... ok
   - static_Call50000_identity2 | Frontier (2/2) ... ok
   - ecmul_7827-6598_9_21000_128 | Homestead (3/4) ... ok
   - static_Call50000_identity2 | Homestead (1/2) ... ok
   - static_Call50000_identity2 | Homestead (2/2) ... ok
   - ecmul_7827-6598_9_21000_128 | Homestead (4/4) ... ok
   - ecmul_7827-6598_9_21000_128 | Byzantium (1/4) ... ok
   - ecmul_7827-6598_9_21000_128 | Byzantium (2/4) ... ok
   - ecmul_7827-6598_9_21000_128 | Byzantium (3/4) ... ok
   - ecmul_7827-6598_9_21000_128 | Byzantium (4/4) ... ok
   - pointMulAdd2 | EIP150 (1/152) ... ok
   - pointMulAdd2 | EIP150 (2/152) ... ok
   - pointMulAdd2 | EIP150 (3/152) ... ok
   - pointMulAdd2 | EIP150 (4/152) ... ok
   - pointMulAdd2 | EIP150 (5/152) ... ok
   - pointMulAdd2 | EIP150 (6/152) ... ok
   - pointMulAdd2 | EIP150 (7/152) ... ok
   - pointMulAdd2 | EIP150 (8/152) ... ok
   - pointMulAdd2 | EIP150 (9/152) ... ok
   - pointMulAdd2 | EIP150 (10/152) ... ok
   - pointMulAdd2 | EIP150 (11/152) ... ok
   - pointMulAdd2 | EIP150 (12/152) ... ok
   - pointMulAdd2 | EIP150 (13/152) ... ok
   - pointMulAdd2 | EIP150 (14/152) ... ok
   - pointMulAdd2 | EIP150 (15/152) ... ok
   - pointMulAdd2 | EIP150 (16/152) ... ok
   - pointMulAdd2 | EIP150 (17/152) ... ok
   - pointMulAdd2 | EIP150 (18/152) ... ok
   - pointMulAdd2 | EIP150 (19/152) ... ok
   - pointMulAdd2 | EIP150 (20/152) ... ok
   - pointMulAdd2 | EIP150 (21/152) ... ok
   - pointMulAdd2 | EIP150 (22/152) ... ok
   - pointMulAdd2 | EIP150 (23/152) ... ok
   - pointMulAdd2 | EIP150 (24/152) ... ok
   - pointMulAdd2 | EIP150 (25/152) ... ok
   - pointMulAdd2 | EIP150 (26/152) ... ok
   - pointMulAdd2 | EIP150 (27/152) ... ok
   - pointMulAdd2 | EIP150 (28/152) ... ok
   - pointMulAdd2 | EIP150 (29/152) ... ok
   - pointMulAdd2 | EIP150 (30/152) ... ok
   - pointMulAdd2 | EIP150 (31/152) ... ok
   - pointMulAdd2 | EIP150 (32/152) ... ok
   - pointMulAdd2 | EIP150 (33/152) ... ok
   - pointMulAdd2 | EIP150 (34/152) ... ok
   - pointMulAdd2 | EIP150 (35/152) ... ok
   - pointMulAdd2 | EIP150 (36/152) ... ok
   - pointMulAdd2 | EIP150 (37/152) ... ok
   - pointMulAdd2 | EIP150 (38/152) ... ok
   - pointMulAdd2 | EIP150 (39/152) ... ok
   - pointMulAdd2 | EIP150 (40/152) ... ok
   - pointMulAdd2 | EIP150 (41/152) ... ok
   - pointMulAdd2 | EIP150 (42/152) ... ok
   - pointMulAdd2 | EIP150 (43/152) ... ok
   - pointMulAdd2 | EIP150 (44/152) ... ok
   - pointMulAdd2 | EIP150 (45/152) ... ok
   - pointMulAdd2 | EIP150 (46/152) ... ok
ok
   - pointMulAdd2_d28g0v0_EIP158...   - pointMulAdd2 | EIP150 (47/152) ... ok
   - pointMulAdd2 | EIP150 (48/152) ... ok
   - pointMulAdd2 | EIP150 (49/152) ... ok
   - pointMulAdd2 | EIP150 (50/152) ... ok
   - pointMulAdd2 | EIP150 (51/152) ... ok
   - pointMulAdd2 | EIP150 (52/152) ... ok
   - pointMulAdd2 | EIP150 (53/152) ... ok
   - pointMulAdd2 | EIP150 (54/152) ... ok
   - pointMulAdd2 | EIP150 (55/152) ... ok
   - pointMulAdd2 | EIP150 (56/152) ... ok
   - pointMulAdd2 | EIP150 (57/152) ... ok
   - pointMulAdd2 | EIP150 (58/152) ... ok
   - pointMulAdd2 | EIP150 (59/152) ... ok
   - pointMulAdd2 | EIP150 (60/152) ... ok
   - pointMulAdd2 | EIP150 (61/152) ... ok
   - pointMulAdd2 | EIP150 (62/152) ... ok
   - pointMulAdd2 | EIP150 (63/152) ... ok
   - pointMulAdd2 | EIP150 (64/152) ... ok
   - pointMulAdd2 | EIP150 (65/152) ... ok
   - pointMulAdd2 | EIP150 (66/152) ... ok
   - pointMulAdd2 | EIP150 (67/152) ... ok
   - pointMulAdd2 | EIP150 (68/152) ... ok
   - pointMulAdd2 | EIP150 (69/152) ... ok
   - pointMulAdd2 | EIP150 (70/152) ... ok
   - pointMulAdd2 | EIP150 (71/152) ... ok
   - pointMulAdd2 | EIP150 (72/152) ... ok
   - pointMulAdd2 | EIP150 (73/152) ... ok
   - pointMulAdd2 | EIP150 (74/152) ... ok
   - pointMulAdd2 | EIP150 (75/152) ... ok
   - pointMulAdd2 | EIP150 (76/152) ... ok
   - pointMulAdd2 | EIP150 (77/152) ... ok
   - pointMulAdd2 | EIP150 (78/152) ... ok
   - pointMulAdd2 | EIP150 (79/152) ... ok
   - pointMulAdd2 | EIP150 (80/152) ... ok
   - pointMulAdd2 | EIP150 (81/152) ... ok
   - pointMulAdd2 | EIP150 (82/152) ... ok
   - pointMulAdd2 | EIP150 (83/152) ... ok
   - pointMulAdd2 | EIP150 (84/152) ... ok
   - pointMulAdd2 | EIP150 (85/152) ... ok
   - pointMulAdd2 | EIP150 (86/152) ... ok
   - pointMulAdd2 | EIP150 (87/152) ... ok
   - pointMulAdd2 | EIP150 (88/152) ... ok
   - pointMulAdd2 | EIP150 (89/152) ... ok
   - pointMulAdd2 | EIP150 (90/152) ... ok
   - pointMulAdd2 | EIP150 (91/152) ... ok
   - pointMulAdd2 | EIP150 (92/152) ... ok
   - pointMulAdd2 | EIP150 (93/152) ... ok
   - pointMulAdd2 | EIP150 (94/152) ... ok
   - pointMulAdd2 | EIP150 (95/152) ... ok
   - pointMulAdd2 | EIP150 (96/152) ... ok
   - pointMulAdd2 | EIP150 (97/152) ... ok
   - pointMulAdd2 | EIP150 (98/152) ... ok
   - pointMulAdd2 | EIP150 (99/152) ... ok
   - pointMulAdd2 | EIP150 (100/152) ... ok
   - pointMulAdd2 | EIP150 (101/152) ... ok
   - pointMulAdd2 | EIP150 (102/152) ... ok
ok
   - pointMulAdd2_d28g0v0_Frontier...   - pointMulAdd2 | EIP150 (103/152) ... ok
   - pointMulAdd2 | EIP150 (104/152) ... ok
   - pointMulAdd2 | EIP150 (105/152) ... ok
   - pointMulAdd2 | EIP150 (106/152) ... ok
   - pointMulAdd2 | EIP150 (107/152) ... ok
   - pointMulAdd2 | EIP150 (108/152) ... ok
   - static_Call50000_identity2 | Byzantium (1/2) ... ok
   - pointMulAdd2 | EIP150 (109/152) ... ok
   - pointMulAdd2 | EIP150 (110/152) ... ok
   - pointMulAdd2 | EIP150 (111/152) ... ok
   - pointMulAdd2 | EIP150 (112/152) ... ok
   - pointMulAdd2 | EIP150 (113/152) ... ok
   - pointMulAdd2 | EIP150 (114/152) ... ok
   - pointMulAdd2 | EIP150 (115/152) ... ok
   - pointMulAdd2 | EIP150 (116/152) ... ok
   - pointMulAdd2 | EIP150 (117/152) ... ok
   - pointMulAdd2 | EIP150 (118/152) ... ok
   - pointMulAdd2 | EIP150 (119/152) ... ok
   - pointMulAdd2 | EIP150 (120/152) ... ok
   - pointMulAdd2 | EIP150 (121/152) ... ok
   - pointMulAdd2 | EIP150 (122/152) ... ok
   - pointMulAdd2 | EIP150 (123/152) ... ok
   - pointMulAdd2 | EIP150 (124/152) ... ok
   - pointMulAdd2 | EIP150 (125/152) ... ok
   - pointMulAdd2 | EIP150 (126/152) ... ok
   - pointMulAdd2 | EIP150 (127/152) ... ok
   - pointMulAdd2 | EIP150 (128/152) ... ok
   - pointMulAdd2 | EIP150 (129/152) ... ok
   - pointMulAdd2 | EIP150 (130/152) ... ok
   - pointMulAdd2 | EIP150 (131/152) ... ok
   - pointMulAdd2 | EIP150 (132/152) ... ok
   - pointMulAdd2 | EIP150 (133/152) ... ok
   - pointMulAdd2 | EIP150 (134/152) ... ok
   - pointMulAdd2 | EIP150 (135/152) ... ok
   - pointMulAdd2 | EIP150 (136/152) ... ok
   - pointMulAdd2 | EIP150 (137/152) ... ok
   - pointMulAdd2 | EIP150 (138/152) ... ok
   - pointMulAdd2 | EIP150 (139/152) ... ok
   - pointMulAdd2 | EIP150 (140/152) ... ok
   - pointMulAdd2 | EIP150 (141/152) ... ok
   - pointMulAdd2 | EIP150 (142/152) ... ok
   - pointMulAdd2 | EIP150 (143/152) ... ok
   - pointMulAdd2 | EIP150 (144/152) ... ok
   - pointMulAdd2 | EIP150 (145/152) ... ok
   - pointMulAdd2 | EIP150 (146/152) ... ok
   - pointMulAdd2 | EIP150 (147/152) ... ok
   - pointMulAdd2 | EIP150 (148/152) ... ok
   - pointMulAdd2 | EIP150 (149/152) ... ok
   - pointMulAdd2 | EIP150 (150/152) ... ok
   - pointMulAdd2 | EIP150 (151/152) ... ok
   - pointMulAdd2 | EIP150 (152/152) ... ok
   - pointMulAdd2 | EIP158 (1/152) ... ok
   - pointMulAdd2 | EIP158 (2/152) ... ok
   - pointMulAdd2 | EIP158 (3/152) ... ok
   - pointMulAdd2 | EIP158 (4/152) ... ok
   - pointMulAdd2 | EIP158 (5/152) ... ok
   - pointMulAdd2 | EIP158 (6/152) ... ok
   - pointMulAdd2 | EIP158 (7/152) ... ok
   - pointMulAdd2 | EIP158 (8/152) ... ok
   - pointMulAdd2 | EIP158 (9/152) ... ok
   - pointMulAdd2 | EIP158 (10/152) ... ok
   - pointMulAdd2 | EIP158 (11/152) ... ok
   - pointMulAdd2 | EIP158 (12/152) ... ok
   - pointMulAdd2 | EIP158 (13/152) ... ok
   - pointMulAdd2 | EIP158 (14/152) ... ok
   - pointMulAdd2 | EIP158 (15/152) ... ok
   - pointMulAdd2 | EIP158 (16/152) ... ok
   - pointMulAdd2 | EIP158 (17/152) ... ok
   - pointMulAdd2 | EIP158 (18/152) ... ok
   - pointMulAdd2 | EIP158 (19/152) ... ok
   - pointMulAdd2 | EIP158 (20/152) ... ok
   - pointMulAdd2 | EIP158 (21/152) ... ok
   - pointMulAdd2 | EIP158 (22/152) ... ok
   - pointMulAdd2 | EIP158 (23/152) ... ok
   - pointMulAdd2 | EIP158 (24/152) ... ok
   - pointMulAdd2 | EIP158 (25/152) ... ok
   - pointMulAdd2 | EIP158 (26/152) ... ok
   - pointMulAdd2 | EIP158 (27/152) ... ok
   - pointMulAdd2 | EIP158 (28/152) ... ok
   - pointMulAdd2 | EIP158 (29/152) ... ok
   - pointMulAdd2 | EIP158 (30/152) ... ok
   - pointMulAdd2 | EIP158 (31/152) ... ok
   - pointMulAdd2 | EIP158 (32/152) ... ok
   - pointMulAdd2 | EIP158 (33/152) ... ok
   - pointMulAdd2 | EIP158 (34/152) ... ok
ok
   - pointMulAdd2_d28g0v0_Homestead...   - pointMulAdd2 | EIP158 (35/152) ... ok
   - pointMulAdd2 | EIP158 (36/152) ... ok
   - pointMulAdd2 | EIP158 (37/152) ... ok
   - pointMulAdd2 | EIP158 (38/152) ... ok
   - pointMulAdd2 | EIP158 (39/152) ... ok
   - pointMulAdd2 | EIP158 (40/152) ... ok
   - pointMulAdd2 | EIP158 (41/152) ... ok
   - pointMulAdd2 | EIP158 (42/152) ... ok
   - pointMulAdd2 | EIP158 (43/152) ... ok
   - pointMulAdd2 | EIP158 (44/152) ... ok
   - pointMulAdd2 | EIP158 (45/152) ... ok
   - pointMulAdd2 | EIP158 (46/152) ... ok
   - pointMulAdd2 | EIP158 (47/152) ... ok
   - pointMulAdd2 | EIP158 (48/152) ... ok
   - pointMulAdd2 | EIP158 (49/152) ... ok
   - pointMulAdd2 | EIP158 (50/152) ... ok
   - pointMulAdd2 | EIP158 (51/152) ... ok
   - pointMulAdd2 | EIP158 (52/152) ... ok
   - pointMulAdd2 | EIP158 (53/152) ... ok
   - pointMulAdd2 | EIP158 (54/152) ... ok
   - pointMulAdd2 | EIP158 (55/152) ... ok
   - pointMulAdd2 | EIP158 (56/152) ... ok
   - pointMulAdd2 | EIP158 (57/152) ... ok
   - pointMulAdd2 | EIP158 (58/152) ... ok
   - pointMulAdd2 | EIP158 (59/152) ... ok
   - pointMulAdd2 | EIP158 (60/152) ... ok
   - pointMulAdd2 | EIP158 (61/152) ... ok
   - pointMulAdd2 | EIP158 (62/152) ... ok
   - pointMulAdd2 | EIP158 (63/152) ... ok
   - pointMulAdd2 | EIP158 (64/152) ... ok
   - pointMulAdd2 | EIP158 (65/152) ... ok
   - pointMulAdd2 | EIP158 (66/152) ... ok
   - pointMulAdd2 | EIP158 (67/152) ... ok
   - pointMulAdd2 | EIP158 (68/152) ... ok
   - pointMulAdd2 | EIP158 (69/152) ... ok
   - pointMulAdd2 | EIP158 (70/152) ... ok
   - pointMulAdd2 | EIP158 (71/152) ... ok
   - pointMulAdd2 | EIP158 (72/152) ... ok
   - pointMulAdd2 | EIP158 (73/152) ... ok
   - pointMulAdd2 | EIP158 (74/152) ... ok
   - pointMulAdd2 | EIP158 (75/152) ... ok
   - pointMulAdd2 | EIP158 (76/152) ... ok
   - pointMulAdd2 | EIP158 (77/152) ... ok
   - pointMulAdd2 | EIP158 (78/152) ... ok
   - pointMulAdd2 | EIP158 (79/152) ... ok
   - pointMulAdd2 | EIP158 (80/152) ... ok
   - pointMulAdd2 | EIP158 (81/152) ... ok
   - pointMulAdd2 | EIP158 (82/152) ... ok
   - pointMulAdd2 | EIP158 (83/152) ... ok
   - pointMulAdd2 | EIP158 (84/152) ... ok
   - pointMulAdd2 | EIP158 (85/152) ... ok
   - pointMulAdd2 | EIP158 (86/152) ... ok
   - pointMulAdd2 | EIP158 (87/152) ... ok
   - pointMulAdd2 | EIP158 (88/152) ... ok
   - pointMulAdd2 | EIP158 (89/152) ... ok
   - pointMulAdd2 | EIP158 (90/152) ... ok
   - pointMulAdd2 | EIP158 (91/152) ... ok
   - pointMulAdd2 | EIP158 (92/152) ... ok
   - pointMulAdd2 | EIP158 (93/152) ... ok
   - pointMulAdd2 | EIP158 (94/152) ... ok
   - pointMulAdd2 | EIP158 (95/152) ... ok
   - pointMulAdd2 | EIP158 (96/152) ... ok
   - pointMulAdd2 | EIP158 (97/152) ... ok
   - pointMulAdd2 | EIP158 (98/152) ... ok
   - pointMulAdd2 | EIP158 (99/152) ... ok
   - pointMulAdd2 | EIP158 (100/152) ... ok
   - pointMulAdd2 | EIP158 (101/152) ... ok
ok
   - pointMulAdd2 | EIP158 (102/152) ... ok
   - pointMulAdd2 | EIP158 (103/152) ... ok
   - pointMulAdd2 | EIP158 (104/152) ... ok
   - pointMulAdd2 | EIP158 (105/152) ... ok
   - pointMulAdd2 | EIP158 (106/152) ... ok
   - ecmul_1-2_616_28000_96_d0g1v0_Byzantium...   - pointMulAdd2 | EIP158 (107/152) ... ok
   - pointMulAdd2 | EIP158 (108/152) ... ok
   - pointMulAdd2 | EIP158 (109/152) ... ok
   - pointMulAdd2 | EIP158 (110/152) ... ok
   - pointMulAdd2 | EIP158 (111/152) ... ok
   - pointMulAdd2 | EIP158 (112/152) ... ok
   - pointMulAdd2 | EIP158 (113/152) ... ok
   - pointMulAdd2 | EIP158 (114/152) ... ok
   - pointMulAdd2 | EIP158 (115/152) ... ok
   - pointMulAdd2 | EIP158 (116/152) ... ok
   - pointMulAdd2 | EIP158 (117/152) ... ok
   - pointMulAdd2 | EIP158 (118/152) ... ok
   - pointMulAdd2 | EIP158 (119/152) ... ok
   - pointMulAdd2 | EIP158 (120/152) ... ok
   - pointMulAdd2 | EIP158 (121/152) ... ok
   - pointMulAdd2 | EIP158 (122/152) ... ok
   - pointMulAdd2 | EIP158 (123/152) ... ok
   - pointMulAdd2 | EIP158 (124/152) ... ok
   - pointMulAdd2 | EIP158 (125/152) ... ok
   - pointMulAdd2 | EIP158 (126/152) ... ok
   - pointMulAdd2 | EIP158 (127/152) ... ok
   - pointMulAdd2 | EIP158 (128/152) ... ok
   - pointMulAdd2 | EIP158 (129/152) ... ok
   - pointMulAdd2 | EIP158 (130/152) ... ok
ok
   - ecmul_1-2_616_28000_96_d0g1v0_EIP150...   - pointMulAdd2 | EIP158 (131/152) ... ok
   - pointMulAdd2 | EIP158 (132/152) ... ok
   - pointMulAdd2 | EIP158 (133/152) ... ok
   - pointMulAdd2 | EIP158 (134/152) ... ok
   - pointMulAdd2 | EIP158 (135/152) ... ok
   - pointMulAdd2 | EIP158 (136/152) ... ok
   - pointMulAdd2 | EIP158 (137/152) ... ok
   - pointMulAdd2 | EIP158 (138/152) ... ok
   - pointMulAdd2 | EIP158 (139/152) ... ok
   - pointMulAdd2 | EIP158 (140/152) ... ok
   - pointMulAdd2 | EIP158 (141/152) ... ok
   - pointMulAdd2 | EIP158 (142/152) ... ok
   - pointMulAdd2 | EIP158 (143/152) ... ok
   - pointMulAdd2 | EIP158 (144/152) ... ok
   - pointMulAdd2 | EIP158 (145/152) ... ok
   - pointMulAdd2 | EIP158 (146/152) ... ok
   - pointMulAdd2 | EIP158 (147/152) ... ok
   - pointMulAdd2 | EIP158 (148/152) ... ok
   - pointMulAdd2 | EIP158 (149/152) ... ok
   - pointMulAdd2 | EIP158 (150/152) ... ok
   - pointMulAdd2 | EIP158 (151/152) ... ok
   - pointMulAdd2 | EIP158 (152/152) ... ok
   - pointMulAdd2 | Frontier (1/152) ... ok
   - pointMulAdd2 | Frontier (2/152) ... ok
   - pointMulAdd2 | Frontier (3/152) ... ok
ok
   - ecmul_1-2_616_28000_96_d0g1v0_EIP158...   - pointMulAdd2 | Frontier (4/152) ... ok
   - pointMulAdd2 | Frontier (5/152) ... ok
   - pointMulAdd2 | Frontier (6/152) ... ok
   - pointMulAdd2 | Frontier (7/152) ... ok
   - pointMulAdd2 | Frontier (8/152) ... ok
   - pointMulAdd2 | Frontier (9/152) ... ok
   - pointMulAdd2 | Frontier (10/152) ... ok
   - pointMulAdd2 | Frontier (11/152) ... ok
   - pointMulAdd2 | Frontier (12/152) ... ok
   - pointMulAdd2 | Frontier (13/152) ... ok
   - pointMulAdd2 | Frontier (14/152) ... ok
   - pointMulAdd2 | Frontier (15/152) ... ok
   - pointMulAdd2 | Frontier (16/152) ... ok
   - pointMulAdd2 | Frontier (17/152) ... ok
   - pointMulAdd2 | Frontier (18/152) ... ok
   - pointMulAdd2 | Frontier (19/152) ... ok
   - pointMulAdd2 | Frontier (20/152) ... ok
   - pointMulAdd2 | Frontier (21/152) ... ok
   - pointMulAdd2 | Frontier (22/152) ... ok
   - pointMulAdd2 | Frontier (23/152) ... ok
   - pointMulAdd2 | Frontier (24/152) ... ok
   - pointMulAdd2 | Frontier (25/152) ... ok
   - pointMulAdd2 | Frontier (26/152) ... ok
   - pointMulAdd2 | Frontier (27/152) ... ok
ok
   - ecmul_1-2_616_28000_96_d0g1v0_Frontier...   - pointMulAdd2 | Frontier (28/152) ... ok
   - pointMulAdd2 | Frontier (29/152) ... ok
   - pointMulAdd2 | Frontier (30/152) ... ok
   - pointMulAdd2 | Frontier (31/152) ... ok
   - pointMulAdd2 | Frontier (32/152) ... ok
   - pointMulAdd2 | Frontier (33/152) ... ok
   - pointMulAdd2 | Frontier (34/152) ... ok
   - pointMulAdd2 | Frontier (35/152) ... ok
   - pointMulAdd2 | Frontier (36/152) ... ok
   - pointMulAdd2 | Frontier (37/152) ... ok
   - pointMulAdd2 | Frontier (38/152) ... ok
   - pointMulAdd2 | Frontier (39/152) ... ok
   - pointMulAdd2 | Frontier (40/152) ... ok
   - pointMulAdd2 | Frontier (41/152) ... ok
   - pointMulAdd2 | Frontier (42/152) ... ok
   - pointMulAdd2 | Frontier (43/152) ... ok
   - pointMulAdd2 | Frontier (44/152) ... ok
   - pointMulAdd2 | Frontier (45/152) ... ok
   - pointMulAdd2 | Frontier (46/152) ... ok
   - pointMulAdd2 | Frontier (47/152) ... ok
ok
   - ecmul_1-2_616_28000_96_d0g1v0_Homestead...   - pointMulAdd2 | Frontier (48/152) ... ok
   - pointMulAdd2 | Frontier (49/152) ... ok
   - pointMulAdd2 | Frontier (50/152) ... ok
   - pointMulAdd2 | Frontier (51/152) ... ok
   - pointMulAdd2 | Frontier (52/152) ... ok
   - pointMulAdd2 | Frontier (53/152) ... ok
   - pointMulAdd2 | Frontier (54/152) ... ok
   - pointMulAdd2 | Frontier (55/152) ... ok
   - static_Call50000_identity2 | Byzantium (2/2) ... ok
   - pointMulAdd2 | Frontier (56/152) ... ok
   - pointMulAdd2 | Frontier (57/152) ... ok
   - pointMulAdd2 | Frontier (58/152) ... ok
   - pointMulAdd2 | Frontier (59/152) ... ok
   - pointMulAdd2 | Frontier (60/152) ... ok
   - pointMulAdd2 | Frontier (61/152) ... ok
   - pointMulAdd2 | Frontier (62/152) ... ok
   - static_Call50000bytesContract50_1 | EIP150 (1/2) ... ok
   - pointMulAdd2 | Frontier (63/152) ... ok
   - pointMulAdd2 | Frontier (64/152) ... ok
   - pointMulAdd2 | Frontier (65/152) ... ok
   - static_Call50000bytesContract50_1 | EIP150 (2/2) ... ok
   - pointMulAdd2 | Frontier (66/152) ... ok
   - pointMulAdd2 | Frontier (67/152) ... ok
   - pointMulAdd2 | Frontier (68/152) ... ok
   - static_Call50000bytesContract50_1 | EIP158 (1/2) ... ok
   - pointMulAdd2 | Frontier (69/152) ... ok
   - static_Call50000bytesContract50_1 | EIP158 (2/2) ... ok
   - static_Call50000bytesContract50_1 | Frontier (1/2) ... ok
   - pointMulAdd2 | Frontier (70/152) ... ok
   - pointMulAdd2 | Frontier (71/152) ... ok
   - static_Call50000bytesContract50_1 | Frontier (2/2) ... ok
ok
   - pointMulAdd2 | Frontier (72/152) ... ok
   - pointMulAdd2 | Frontier (73/152) ... ok
   - pointMulAdd2 | Frontier (74/152) ... ok
   - static_Call50000bytesContract50_1 | Homestead (1/2) ... ok
   - static_Call50000bytesContract50_1 | Homestead (2/2) ... ok
   - ecmul_7827-6598_1456_21000_96_d0g2v0_Byzantium...   - pointMulAdd2 | Frontier (75/152) ... ok
   - pointMulAdd2 | Frontier (76/152) ... ok
   - pointMulAdd2 | Frontier (77/152) ... ok
   - pointMulAdd2 | Frontier (78/152) ... ok
   - pointMulAdd2 | Frontier (79/152) ... ok
   - pointMulAdd2 | Frontier (80/152) ... ok
   - pointMulAdd2 | Frontier (81/152) ... ok
   - pointMulAdd2 | Frontier (82/152) ... ok
   - pointMulAdd2 | Frontier (83/152) ... ok
   - pointMulAdd2 | Frontier (84/152) ... ok
   - pointMulAdd2 | Frontier (85/152) ... ok
   - pointMulAdd2 | Frontier (86/152) ... ok
   - pointMulAdd2 | Frontier (87/152) ... ok
   - pointMulAdd2 | Frontier (88/152) ... ok
   - pointMulAdd2 | Frontier (89/152) ... ok
   - pointMulAdd2 | Frontier (90/152) ... ok
   - pointMulAdd2 | Frontier (91/152) ... ok
   - pointMulAdd2 | Frontier (92/152) ... ok
   - pointMulAdd2 | Frontier (93/152) ... ok
   - pointMulAdd2 | Frontier (94/152) ... ok
   - pointMulAdd2 | Frontier (95/152) ... ok
   - pointMulAdd2 | Frontier (96/152) ... ok
   - pointMulAdd2 | Frontier (97/152) ... ok
   - pointMulAdd2 | Frontier (98/152) ... ok
   - pointMulAdd2 | Frontier (99/152) ... ok
ok
   - ecmul_7827-6598_1456_21000_96_d0g2v0_EIP150...   - static_Call50000bytesContract50_1 | Byzantium (1/2) ... ok
   - pointMulAdd2 | Frontier (100/152) ... ok
   - pointMulAdd2 | Frontier (101/152) ... ok
   - pointMulAdd2 | Frontier (102/152) ... ok
   - pointMulAdd2 | Frontier (103/152) ... ok
   - pointMulAdd2 | Frontier (104/152) ... ok
   - pointMulAdd2 | Frontier (105/152) ... ok
   - pointMulAdd2 | Frontier (106/152) ... ok
   - pointMulAdd2 | Frontier (107/152) ... ok
   - pointMulAdd2 | Frontier (108/152) ... ok
   - pointMulAdd2 | Frontier (109/152) ... ok
   - pointMulAdd2 | Frontier (110/152) ... ok
   - pointMulAdd2 | Frontier (111/152) ... ok
   - pointMulAdd2 | Frontier (112/152) ... ok
   - pointMulAdd2 | Frontier (113/152) ... ok
   - pointMulAdd2 | Frontier (114/152) ... ok
   - pointMulAdd2 | Frontier (115/152) ... ok
   - pointMulAdd2 | Frontier (116/152) ... ok
   - pointMulAdd2 | Frontier (117/152) ... ok
   - pointMulAdd2 | Frontier (118/152) ... ok
   - pointMulAdd2 | Frontier (119/152) ... ok
   - pointMulAdd2 | Frontier (120/152) ... ok
   - pointMulAdd2 | Frontier (121/152) ... ok
   - pointMulAdd2 | Frontier (122/152) ... ok
   - pointMulAdd2 | Frontier (123/152) ... ok
   - pointMulAdd2 | Frontier (124/152) ... ok
   - pointMulAdd2 | Frontier (125/152) ... ok
   - pointMulAdd2 | Frontier (126/152) ... ok
   - pointMulAdd2 | Frontier (127/152) ... ok
   - pointMulAdd2 | Frontier (128/152) ... ok
   - pointMulAdd2 | Frontier (129/152) ... ok
   - pointMulAdd2 | Frontier (130/152) ... ok
   - pointMulAdd2 | Frontier (131/152) ... ok
   - pointMulAdd2 | Frontier (132/152) ... ok
   - pointMulAdd2 | Frontier (133/152) ... ok
   - pointMulAdd2 | Frontier (134/152) ... ok
   - pointMulAdd2 | Frontier (135/152) ... ok
   - pointMulAdd2 | Frontier (136/152) ... ok
   - pointMulAdd2 | Frontier (137/152) ... ok
   - pointMulAdd2 | Frontier (138/152) ... ok
   - pointMulAdd2 | Frontier (139/152) ... ok
   - pointMulAdd2 | Frontier (140/152) ... ok
   - pointMulAdd2 | Frontier (141/152) ... ok
   - pointMulAdd2 | Frontier (142/152) ... ok
   - pointMulAdd2 | Frontier (143/152) ... ok
   - pointMulAdd2 | Frontier (144/152) ... ok
   - pointMulAdd2 | Frontier (145/152) ... ok
   - pointMulAdd2 | Frontier (146/152) ... ok
   - pointMulAdd2 | Frontier (147/152) ... ok
   - pointMulAdd2 | Frontier (148/152) ... ok
   - pointMulAdd2 | Frontier (149/152) ... ok
   - pointMulAdd2 | Frontier (150/152) ... ok
   - pointMulAdd2 | Frontier (151/152) ... ok
   - pointMulAdd2 | Frontier (152/152) ... ok
   - pointMulAdd2 | Homestead (1/152) ... ok
   - pointMulAdd2 | Homestead (2/152) ... ok
   - pointMulAdd2 | Homestead (3/152) ... ok
   - pointMulAdd2 | Homestead (4/152) ... ok
   - pointMulAdd2 | Homestead (5/152) ... ok
   - pointMulAdd2 | Homestead (6/152) ... ok
   - pointMulAdd2 | Homestead (7/152) ... ok
   - pointMulAdd2 | Homestead (8/152) ... ok
   - pointMulAdd2 | Homestead (9/152) ... ok
   - pointMulAdd2 | Homestead (10/152) ... ok
   - pointMulAdd2 | Homestead (11/152) ... ok
   - pointMulAdd2 | Homestead (12/152) ... ok
   - pointMulAdd2 | Homestead (13/152) ... ok
   - pointMulAdd2 | Homestead (14/152) ... ok
   - pointMulAdd2 | Homestead (15/152) ... ok
   - pointMulAdd2 | Homestead (16/152) ... ok
   - pointMulAdd2 | Homestead (17/152) ... ok
   - pointMulAdd2 | Homestead (18/152) ... ok
   - pointMulAdd2 | Homestead (19/152) ... ok
   - pointMulAdd2 | Homestead (20/152) ... ok
   - pointMulAdd2 | Homestead (21/152) ... ok
   - pointMulAdd2 | Homestead (22/152) ... ok
   - pointMulAdd2 | Homestead (23/152) ... ok
ok
   - ecmul_7827-6598_1456_21000_96_d0g2v0_EIP158...   - pointMulAdd2 | Homestead (24/152) ... ok
   - pointMulAdd2 | Homestead (25/152) ... ok
   - pointMulAdd2 | Homestead (26/152) ... ok
   - pointMulAdd2 | Homestead (27/152) ... ok
   - pointMulAdd2 | Homestead (28/152) ... ok
   - pointMulAdd2 | Homestead (29/152) ... ok
   - pointMulAdd2 | Homestead (30/152) ... ok
   - pointMulAdd2 | Homestead (31/152) ... ok
   - pointMulAdd2 | Homestead (32/152) ... ok
   - pointMulAdd2 | Homestead (33/152) ... ok
   - pointMulAdd2 | Homestead (34/152) ... ok
   - pointMulAdd2 | Homestead (35/152) ... ok
   - pointMulAdd2 | Homestead (36/152) ... ok
   - pointMulAdd2 | Homestead (37/152) ... ok
   - pointMulAdd2 | Homestead (38/152) ... ok
   - pointMulAdd2 | Homestead (39/152) ... ok
   - pointMulAdd2 | Homestead (40/152) ... ok
   - pointMulAdd2 | Homestead (41/152) ... ok
   - pointMulAdd2 | Homestead (42/152) ... ok
   - pointMulAdd2 | Homestead (43/152) ... ok
   - pointMulAdd2 | Homestead (44/152) ... ok
   - pointMulAdd2 | Homestead (45/152) ... ok
   - pointMulAdd2 | Homestead (46/152) ... ok
   - pointMulAdd2 | Homestead (47/152) ... ok
   - pointMulAdd2 | Homestead (48/152) ... ok
   - pointMulAdd2 | Homestead (49/152) ... ok
   - pointMulAdd2 | Homestead (50/152) ... ok
   - pointMulAdd2 | Homestead (51/152) ... ok
   - pointMulAdd2 | Homestead (52/152) ... ok
   - pointMulAdd2 | Homestead (53/152) ... ok
   - pointMulAdd2 | Homestead (54/152) ... ok
   - pointMulAdd2 | Homestead (55/152) ... ok
   - pointMulAdd2 | Homestead (56/152) ... ok
   - pointMulAdd2 | Homestead (57/152) ... ok
   - pointMulAdd2 | Homestead (58/152) ... ok
   - pointMulAdd2 | Homestead (59/152) ... ok
   - pointMulAdd2 | Homestead (60/152) ... ok
   - pointMulAdd2 | Homestead (61/152) ... ok
   - pointMulAdd2 | Homestead (62/152) ... ok
   - pointMulAdd2 | Homestead (63/152) ... ok
   - pointMulAdd2 | Homestead (64/152) ... ok
   - pointMulAdd2 | Homestead (65/152) ... ok
   - pointMulAdd2 | Homestead (66/152) ... ok
   - pointMulAdd2 | Homestead (67/152) ... ok
   - pointMulAdd2 | Homestead (68/152) ... ok
   - pointMulAdd2 | Homestead (69/152) ... ok
   - pointMulAdd2 | Homestead (70/152) ... ok
   - pointMulAdd2 | Homestead (71/152) ... ok
   - pointMulAdd2 | Homestead (72/152) ... ok
ok
   - ecmul_7827-6598_1456_21000_96_d0g2v0_Frontier...   - pointMulAdd2 | Homestead (73/152) ... ok
   - pointMulAdd2 | Homestead (74/152) ... ok
   - pointMulAdd2 | Homestead (75/152) ... ok
   - pointMulAdd2 | Homestead (76/152) ... ok
   - pointMulAdd2 | Homestead (77/152) ... ok
   - pointMulAdd2 | Homestead (78/152) ... ok
   - pointMulAdd2 | Homestead (79/152) ... ok
   - pointMulAdd2 | Homestead (80/152) ... ok
   - pointMulAdd2 | Homestead (81/152) ... ok
   - pointMulAdd2 | Homestead (82/152) ... ok
   - static_Call50000bytesContract50_1 | Byzantium (2/2) ... ok
   - pointMulAdd2 | Homestead (83/152) ... ok
   - static_CheckOpcodes4 | EIP150 (1/4) ... ok
   - pointMulAdd2 | Homestead (84/152) ... ok
   - static_CheckOpcodes4 | EIP150 (2/4) ... ok
   - pointMulAdd2 | Homestead (85/152) ... ok
   - static_CheckOpcodes4 | EIP150 (3/4) ... ok
   - pointMulAdd2 | Homestead (86/152) ... ok
   - static_CheckOpcodes4 | EIP150 (4/4) ... ok
   - pointMulAdd2 | Homestead (87/152) ... ok
   - pointMulAdd2 | Homestead (88/152) ... ok
   - static_CheckOpcodes4 | EIP158 (1/4) ... ok
   - pointMulAdd2 | Homestead (89/152) ... ok
   - static_CheckOpcodes4 | EIP158 (2/4) ... ok
   - static_CheckOpcodes4 | EIP158 (3/4) ... ok
   - pointMulAdd2 | Homestead (90/152) ... ok
   - static_CheckOpcodes4 | EIP158 (4/4) ... ok
   - pointMulAdd2 | Homestead (91/152) ... ok
   - pointMulAdd2 | Homestead (92/152) ... ok
   - static_CheckOpcodes4 | Frontier (1/4) ... ok
   - static_CheckOpcodes4 | Frontier (2/4) ... ok
   - pointMulAdd2 | Homestead (93/152) ... ok
   - static_CheckOpcodes4 | Frontier (3/4) ... ok
   - pointMulAdd2 | Homestead (94/152) ... ok
   - static_CheckOpcodes4 | Frontier (4/4) ... ok
   - pointMulAdd2 | Homestead (95/152) ... ok
   - pointMulAdd2 | Homestead (96/152) ... ok
   - static_CheckOpcodes4 | Homestead (1/4) ... ok
   - static_CheckOpcodes4 | Homestead (2/4) ... ok
   - pointMulAdd2 | Homestead (97/152) ... ok
   - static_CheckOpcodes4 | Homestead (3/4) ... ok
   - pointMulAdd2 | Homestead (98/152) ... ok
   - static_CheckOpcodes4 | Homestead (4/4) ... ok
   - pointMulAdd2 | Homestead (99/152) ... ok
   - static_CheckOpcodes4 | Byzantium (1/4) ... ok
   - pointMulAdd2 | Homestead (100/152) ... ok
   - static_CheckOpcodes4 | Byzantium (2/4) ... ok
   - pointMulAdd2 | Homestead (101/152) ... ok
   - static_CheckOpcodes4 | Byzantium (3/4) ... ok
   - pointMulAdd2 | Homestead (102/152) ... ok
   - static_CheckOpcodes4 | Byzantium (4/4) ... ok
   - pointMulAdd2 | Homestead (103/152) ... ok
   - static_log0_emptyMem | EIP150 (1/1) ... ok
   - pointMulAdd2 | Homestead (104/152) ... ok
   - static_log0_emptyMem | EIP158 (1/1) ... ok
   - pointMulAdd2 | Homestead (105/152) ... ok
   - static_log0_emptyMem | Frontier (1/1) ... ok
   - pointMulAdd2 | Homestead (106/152) ... ok
   - pointMulAdd2 | Homestead (107/152) ... ok
   - static_log0_emptyMem | Homestead (1/1) ... ok
   - static_log0_emptyMem | Byzantium (1/1) ... ok
   - pointMulAdd2 | Homestead (108/152) ... ok
   - pointMulAdd2 | Homestead (109/152) ... ok
   - pointMulAdd2 | Homestead (110/152) ... ok
   - pointMulAdd2 | Homestead (111/152) ... ok
   - pointMulAdd2 | Homestead (112/152) ... ok
   - pointMulAdd2 | Homestead (113/152) ... ok
   - pointMulAdd2 | Homestead (114/152) ... ok
   - pointMulAdd2 | Homestead (115/152) ... ok
   - pointMulAdd2 | Homestead (116/152) ... ok
   - pointMulAdd2 | Homestead (117/152) ... ok
   - pointMulAdd2 | Homestead (118/152) ... ok
   - pointMulAdd2 | Homestead (119/152) ... ok
   - pointMulAdd2 | Homestead (120/152) ... ok
   - pointMulAdd2 | Homestead (121/152) ... ok
   - pointMulAdd2 | Homestead (122/152) ... ok
   - static_CallEcrecover0_gas3000 | EIP150 (1/1) ... ok
   - pointMulAdd2 | Homestead (123/152) ... ok
   - static_CallEcrecover0_gas3000 | EIP158 (1/1) ... ok
   - pointMulAdd2 | Homestead (124/152) ... ok
   - static_CallEcrecover0_gas3000 | Frontier (1/1) ... ok
   - static_CallEcrecover0_gas3000 | Homestead (1/1) ... ok
   - pointMulAdd2 | Homestead (125/152) ... ok
ok
   - ecmul_7827-6598_1456_21000_96_d0g2v0_Homestead...   - pointMulAdd2 | Homestead (126/152) ... ok
   - static_CallEcrecover0_gas3000 | Byzantium (1/1) ... ok
   - pointMulAdd2 | Homestead (127/152) ... ok
   - pointMulAdd2 | Homestead (128/152) ... ok
   - pointMulAdd2 | Homestead (129/152) ... ok
   - pointMulAdd2 | Homestead (130/152) ... ok
   - pointMulAdd2 | Homestead (131/152) ... ok
   - pointMulAdd2 | Homestead (132/152) ... ok
   - pointMulAdd2 | Homestead (133/152) ... ok
   - pointMulAdd2 | Homestead (134/152) ... ok
   - static_callCreate | EIP150 (1/4) ... ok
   - static_callCreate | EIP150 (2/4) ... ok
   - pointMulAdd2 | Homestead (135/152) ... ok
   - static_callCreate | EIP150 (3/4) ... ok
   - pointMulAdd2 | Homestead (136/152) ... ok
   - pointMulAdd2 | Homestead (137/152) ... ok
   - pointMulAdd2 | Homestead (138/152) ... ok
   - static_callCreate | EIP150 (4/4) ... ok
   - pointMulAdd2 | Homestead (139/152) ... ok
   - static_callCreate | EIP158 (1/4) ... ok
   - pointMulAdd2 | Homestead (140/152) ... ok
   - static_callCreate | EIP158 (2/4) ... ok
   - pointMulAdd2 | Homestead (141/152) ... ok
   - static_callCreate | EIP158 (3/4) ... ok
   - static_callCreate | EIP158 (4/4) ... ok
   - pointMulAdd2 | Homestead (142/152) ... ok
   - static_callCreate | Frontier (1/4) ... ok
   - pointMulAdd2 | Homestead (143/152) ... ok
   - static_callCreate | Frontier (2/4) ... ok
   - pointMulAdd2 | Homestead (144/152) ... ok
   - pointMulAdd2 | Homestead (145/152) ... ok
   - pointMulAdd2 | Homestead (146/152) ... ok
   - pointMulAdd2 | Homestead (147/152) ... ok
   - pointMulAdd2 | Homestead (148/152) ... ok
   - pointMulAdd2 | Homestead (149/152) ... ok
   - pointMulAdd2 | Homestead (150/152) ... ok
   - pointMulAdd2 | Homestead (151/152) ... ok
   - pointMulAdd2 | Homestead (152/152) ... ok
   - pointMulAdd2 | Byzantium (1/152) ... ok
   - static_callCreate | Frontier (3/4) ... ok
   - static_callCreate | Frontier (4/4) ... ok
   - pointMulAdd2 | Byzantium (2/152) ... ok
   - static_callCreate | Homestead (1/4) ... ok
   - pointMulAdd2 | Byzantium (3/152) ... ok
   - static_callCreate | Homestead (2/4) ... ok
   - pointMulAdd2 | Byzantium (4/152) ... ok
   - static_callCreate | Homestead (3/4) ... ok
   - pointMulAdd2 | Byzantium (5/152) ... ok
   - static_callCreate | Homestead (4/4) ... ok
   - pointMulAdd2 | Byzantium (6/152) ... ok
   - static_callCreate | Byzantium (1/4) ... ok
   - pointMulAdd2 | Byzantium (7/152) ... ok
   - static_callCreate | Byzantium (2/4) ... ok
   - static_callCreate | Byzantium (3/4) ... ok
   - pointMulAdd2 | Byzantium (8/152) ... ok
   - static_callCreate | Byzantium (4/4) ... ok
   - pointMulAdd2 | Byzantium (9/152) ... ok
   - pointMulAdd2 | Byzantium (10/152) ... ok
   - pointMulAdd2 | Byzantium (11/152) ... ok
   - pointMulAdd2 | Byzantium (12/152) ... ok
   - pointMulAdd2 | Byzantium (13/152) ... ok
   - pointMulAdd2 | Byzantium (14/152) ... ok
   - pointMulAdd2 | Byzantium (15/152) ... ok
   - static_callcallcodecallcode_011_2 | EIP150 (1/2) ... ok
   - pointMulAdd2 | Byzantium (16/152) ... ok
   - static_callcallcodecallcode_011_2 | EIP150 (2/2) ... ok
   - static_callcallcodecallcode_011_2 | EIP158 (1/2) ... ok
   - pointMulAdd2 | Byzantium (17/152) ... ok
   - static_callcallcodecallcode_011_2 | EIP158 (2/2) ... ok
   - pointMulAdd2 | Byzantium (18/152) ... ok
   - static_callcallcodecallcode_011_2 | Frontier (1/2) ... ok
   - static_callcallcodecallcode_011_2 | Frontier (2/2) ... ok
   - static_callcallcodecallcode_011_2 | Homestead (1/2) ... ok
ok
   - static_callcallcodecallcode_011_2 | Homestead (2/2) ... ok
   - static_callcallcodecallcode_011_2 | Byzantium (1/2) ... ok
   - static_callcallcodecallcode_011_2 | Byzantium (2/2) ... ok
   - ecmul_1-3_0_28000_96_d0g3v0_Byzantium...   - static_ABAcalls0 | EIP150 (1/2) ... ok
   - static_ABAcalls0 | EIP150 (2/2) ... ok
   - static_ABAcalls0 | EIP158 (1/2) ... ok
   - pointMulAdd2 | Byzantium (19/152) ... ok
   - static_ABAcalls0 | EIP158 (2/2) ... ok
   - pointMulAdd2 | Byzantium (20/152) ... ok
   - static_ABAcalls0 | Frontier (1/2) ... ok
   - pointMulAdd2 | Byzantium (21/152) ... ok
   - static_ABAcalls0 | Frontier (2/2) ... ok
   - static_ABAcalls0 | Homestead (1/2) ... ok
   - pointMulAdd2 | Byzantium (22/152) ... ok
   - static_ABAcalls0 | Homestead (2/2) ... ok
   - pointMulAdd2 | Byzantium (23/152) ... ok
   - static_ABAcalls0 | Byzantium (1/2) ... ok
   - pointMulAdd2 | Byzantium (24/152) ... ok
   - pointMulAdd2 | Byzantium (25/152) ... ok
   - static_ABAcalls0 | Byzantium (2/2) ... ok
   - pointMulAdd2 | Byzantium (26/152) ... ok
   - static_callcodecall_10 | EIP150 (1/1) ... ok
   - pointMulAdd2 | Byzantium (27/152) ... ok
   - static_callcodecall_10 | EIP158 (1/1) ... ok
   - pointMulAdd2 | Byzantium (28/152) ... ok
   - static_callcodecall_10 | Frontier (1/1) ... ok
   - pointMulAdd2 | Byzantium (29/152) ... ok
   - static_callcodecall_10 | Homestead (1/1) ... ok
   - pointMulAdd2 | Byzantium (30/152) ... ok
   - static_callcodecall_10 | Byzantium (1/1) ... ok
   - pointMulAdd2 | Byzantium (31/152) ... ok
   - pointMulAdd2 | Byzantium (32/152) ... ok
   - static_CallIdentity_4_gas17 | EIP150 (1/1) ... ok
   - static_CallIdentity_4_gas17 | EIP158 (1/1) ... ok
   - pointMulAdd2 | Byzantium (33/152) ... ok
   - static_CallIdentity_4_gas17 | Frontier (1/1) ... ok
   - pointMulAdd2 | Byzantium (34/152) ... ok
   - static_CallIdentity_4_gas17 | Homestead (1/1) ... ok
   - pointMulAdd2 | Byzantium (35/152) ... ok
   - static_CallIdentity_4_gas17 | Byzantium (1/1) ... ok
   - pointMulAdd2 | Byzantium (36/152) ... ok
   - pointMulAdd2 | Byzantium (37/152) ... ok
   - pointMulAdd2 | Byzantium (38/152) ... ok
   - pointMulAdd2 | Byzantium (39/152) ... ok
   - pointMulAdd2 | Byzantium (40/152) ... ok
   - pointMulAdd2 | Byzantium (41/152) ... ok
   - pointMulAdd2 | Byzantium (42/152) ... ok
   - pointMulAdd2 | Byzantium (43/152) ... ok
   - pointMulAdd2 | Byzantium (44/152) ... ok
   - pointMulAdd2 | Byzantium (45/152) ... ok
   - static_Call50000bytesContract50_2 | EIP150 (1/2) ... ok
   - pointMulAdd2 | Byzantium (46/152) ... ok
   - pointMulAdd2 | Byzantium (47/152) ... ok
   - static_Call50000bytesContract50_2 | EIP150 (2/2) ... ok
   - pointMulAdd2 | Byzantium (48/152) ... ok
   - pointMulAdd2 | Byzantium (49/152) ... ok
   - pointMulAdd2 | Byzantium (50/152) ... ok
   - static_Call50000bytesContract50_2 | EIP158 (1/2) ... ok
   - pointMulAdd2 | Byzantium (51/152) ... ok
   - static_Call50000bytesContract50_2 | EIP158 (2/2) ... ok
   - pointMulAdd2 | Byzantium (52/152) ... ok
   - pointMulAdd2 | Byzantium (53/152) ... ok
   - pointMulAdd2 | Byzantium (54/152) ... ok
   - static_Call50000bytesContract50_2 | Frontier (1/2) ... ok
   - pointMulAdd2 | Byzantium (55/152) ... ok
   - pointMulAdd2 | Byzantium (56/152) ... ok
   - static_Call50000bytesContract50_2 | Frontier (2/2) ... ok
   - static_Call50000bytesContract50_2 | Homestead (1/2) ... ok
   - pointMulAdd2 | Byzantium (57/152) ... ok
   - static_Call50000bytesContract50_2 | Homestead (2/2) ... ok
   - pointMulAdd2 | Byzantium (58/152) ... ok
   - pointMulAdd2 | Byzantium (59/152) ... ok
   - pointMulAdd2 | Byzantium (60/152) ... ok
   - pointMulAdd2 | Byzantium (61/152) ... ok
   - pointMulAdd2 | Byzantium (62/152) ... ok
   - pointMulAdd2 | Byzantium (63/152) ... ok
   - pointMulAdd2 | Byzantium (64/152) ... ok
   - pointMulAdd2 | Byzantium (65/152) ... ok
   - pointMulAdd2 | Byzantium (66/152) ... ok
   - pointMulAdd2 | Byzantium (67/152) ... ok
   - pointMulAdd2 | Byzantium (68/152) ... ok
   - pointMulAdd2 | Byzantium (69/152) ... ok
   - pointMulAdd2 | Byzantium (70/152) ... ok
ok
   - ecmul_1-3_0_28000_96_d0g3v0_EIP150...   - pointMulAdd2 | Byzantium (71/152) ... ok
   - pointMulAdd2 | Byzantium (72/152) ... ok
   - pointMulAdd2 | Byzantium (73/152) ... ok
   - pointMulAdd2 | Byzantium (74/152) ... ok
   - pointMulAdd2 | Byzantium (75/152) ... ok
   - pointMulAdd2 | Byzantium (76/152) ... ok
   - pointMulAdd2 | Byzantium (77/152) ... ok
   - pointMulAdd2 | Byzantium (78/152) ... ok
   - pointMulAdd2 | Byzantium (79/152) ... ok
   - pointMulAdd2 | Byzantium (80/152) ... ok
   - pointMulAdd2 | Byzantium (81/152) ... ok
   - pointMulAdd2 | Byzantium (82/152) ... ok
   - static_Call50000bytesContract50_2 | Byzantium (1/2) ... ok
   - pointMulAdd2 | Byzantium (83/152) ... ok
   - pointMulAdd2 | Byzantium (84/152) ... ok
   - pointMulAdd2 | Byzantium (85/152) ... ok
   - pointMulAdd2 | Byzantium (86/152) ... ok
   - pointMulAdd2 | Byzantium (87/152) ... ok
   - pointMulAdd2 | Byzantium (88/152) ... ok
   - pointMulAdd2 | Byzantium (89/152) ... ok
   - pointMulAdd2 | Byzantium (90/152) ... ok
   - pointMulAdd2 | Byzantium (91/152) ... ok
   - pointMulAdd2 | Byzantium (92/152) ... ok
   - pointMulAdd2 | Byzantium (93/152) ... ok
   - pointMulAdd2 | Byzantium (94/152) ... ok
   - pointMulAdd2 | Byzantium (95/152) ... ok
   - pointMulAdd2 | Byzantium (96/152) ... ok
   - pointMulAdd2 | Byzantium (97/152) ... ok
   - pointMulAdd2 | Byzantium (98/152) ... ok
   - pointMulAdd2 | Byzantium (99/152) ... ok
   - pointMulAdd2 | Byzantium (100/152) ... ok
   - pointMulAdd2 | Byzantium (101/152) ... ok
   - pointMulAdd2 | Byzantium (102/152) ... ok
   - pointMulAdd2 | Byzantium (103/152) ... ok
   - pointMulAdd2 | Byzantium (104/152) ... ok
   - pointMulAdd2 | Byzantium (105/152) ... ok
   - pointMulAdd2 | Byzantium (106/152) ... ok
   - pointMulAdd2 | Byzantium (107/152) ... ok
   - pointMulAdd2 | Byzantium (108/152) ... ok
   - pointMulAdd2 | Byzantium (109/152) ... ok
   - pointMulAdd2 | Byzantium (110/152) ... ok
   - pointMulAdd2 | Byzantium (111/152) ... ok
   - pointMulAdd2 | Byzantium (112/152) ... ok
   - pointMulAdd2 | Byzantium (113/152) ... ok
   - pointMulAdd2 | Byzantium (114/152) ... ok
   - pointMulAdd2 | Byzantium (115/152) ... ok
   - pointMulAdd2 | Byzantium (116/152) ... ok
   - pointMulAdd2 | Byzantium (117/152) ... ok
   - pointMulAdd2 | Byzantium (118/152) ... ok
   - pointMulAdd2 | Byzantium (119/152) ... ok
   - pointMulAdd2 | Byzantium (120/152) ... ok
   - pointMulAdd2 | Byzantium (121/152) ... ok
ok
   - pointMulAdd2 | Byzantium (122/152) ... ok
   - ecmul_1-3_0_28000_96_d0g3v0_EIP158...   - pointMulAdd2 | Byzantium (123/152) ... ok
   - pointMulAdd2 | Byzantium (124/152) ... ok
   - pointMulAdd2 | Byzantium (125/152) ... ok
   - pointMulAdd2 | Byzantium (126/152) ... ok
   - pointMulAdd2 | Byzantium (127/152) ... ok
   - pointMulAdd2 | Byzantium (128/152) ... ok
   - pointMulAdd2 | Byzantium (129/152) ... ok
   - pointMulAdd2 | Byzantium (130/152) ... ok
   - pointMulAdd2 | Byzantium (131/152) ... ok
   - pointMulAdd2 | Byzantium (132/152) ... ok
   - pointMulAdd2 | Byzantium (133/152) ... ok
   - pointMulAdd2 | Byzantium (134/152) ... ok
   - pointMulAdd2 | Byzantium (135/152) ... ok
   - pointMulAdd2 | Byzantium (136/152) ... ok
   - pointMulAdd2 | Byzantium (137/152) ... ok
   - pointMulAdd2 | Byzantium (138/152) ... ok
   - pointMulAdd2 | Byzantium (139/152) ... ok
   - pointMulAdd2 | Byzantium (140/152) ... ok
   - pointMulAdd2 | Byzantium (141/152) ... ok
   - pointMulAdd2 | Byzantium (142/152) ... ok
   - pointMulAdd2 | Byzantium (143/152) ... ok
   - pointMulAdd2 | Byzantium (144/152) ... ok
   - pointMulAdd2 | Byzantium (145/152) ... ok
   - pointMulAdd2 | Byzantium (146/152) ... ok
   - pointMulAdd2 | Byzantium (147/152) ... ok
   - pointMulAdd2 | Byzantium (148/152) ... ok
   - pointMulAdd2 | Byzantium (149/152) ... ok
   - pointMulAdd2 | Byzantium (150/152) ... ok
   - pointMulAdd2 | Byzantium (151/152) ... ok
   - pointMulAdd2 | Byzantium (152/152) ... ok
   - ecmul_0-3_1_28000_128 | EIP150 (1/4) ... ok
   - ecmul_0-3_1_28000_128 | EIP150 (2/4) ... ok
   - ecmul_0-3_1_28000_128 | EIP150 (3/4) ... ok
   - ecmul_0-3_1_28000_128 | EIP150 (4/4) ... ok
   - ecmul_0-3_1_28000_128 | EIP158 (1/4) ... ok
   - ecmul_0-3_1_28000_128 | EIP158 (2/4) ... ok
   - ecmul_0-3_1_28000_128 | EIP158 (3/4) ... ok
   - ecmul_0-3_1_28000_128 | EIP158 (4/4) ... ok
   - ecmul_0-3_1_28000_128 | Frontier (1/4) ... ok
   - ecmul_0-3_1_28000_128 | Frontier (2/4) ... ok
   - ecmul_0-3_1_28000_128 | Frontier (3/4) ... ok
   - ecmul_0-3_1_28000_128 | Frontier (4/4) ... ok
   - ecmul_0-3_1_28000_128 | Homestead (1/4) ... ok
   - ecmul_0-3_1_28000_128 | Homestead (2/4) ... ok
   - ecmul_0-3_1_28000_128 | Homestead (3/4) ... ok
ok
   - ecmul_1-3_0_28000_96_d0g3v0_Frontier...   - ecmul_0-3_1_28000_128 | Homestead (4/4) ... ok
   - ecmul_0-3_1_28000_128 | Byzantium (1/4) ... ok
   - ecmul_0-3_1_28000_128 | Byzantium (2/4) ... ok
   - ecmul_0-3_1_28000_128 | Byzantium (3/4) ... ok
   - ecmul_0-3_1_28000_128 | Byzantium (4/4) ... ok
   - ecmul_7827-6598_0_21000_64 | EIP150 (1/4) ... ok
   - ecmul_7827-6598_0_21000_64 | EIP150 (2/4) ... ok
   - ecmul_7827-6598_0_21000_64 | EIP150 (3/4) ... ok
   - ecmul_7827-6598_0_21000_64 | EIP150 (4/4) ... ok
   - ecmul_7827-6598_0_21000_64 | EIP158 (1/4) ... ok
   - ecmul_7827-6598_0_21000_64 | EIP158 (2/4) ... ok
   - ecmul_7827-6598_0_21000_64 | EIP158 (3/4) ... ok
   - ecmul_7827-6598_0_21000_64 | EIP158 (4/4) ... ok
   - ecmul_7827-6598_0_21000_64 | Frontier (1/4) ... ok
   - ecmul_7827-6598_0_21000_64 | Frontier (2/4) ... ok
   - ecmul_7827-6598_0_21000_64 | Frontier (3/4) ... ok
   - ecmul_7827-6598_0_21000_64 | Frontier (4/4) ... ok
   - ecmul_7827-6598_0_21000_64 | Homestead (1/4) ... ok
   - ecmul_7827-6598_0_21000_64 | Homestead (2/4) ... ok
   - ecmul_7827-6598_0_21000_64 | Homestead (3/4) ... ok
   - ecmul_7827-6598_0_21000_64 | Homestead (4/4) ... ok
   - ecmul_7827-6598_0_21000_64 | Byzantium (1/4) ... ok
   - ecmul_7827-6598_0_21000_64 | Byzantium (2/4) ... ok
   - ecmul_7827-6598_0_21000_64 | Byzantium (3/4) ... ok
   - ecmul_7827-6598_0_21000_64 | Byzantium (4/4) ... ok
   - ecmul_7827-6598_0_21000_96 | EIP150 (1/4) ... ok
   - ecmul_7827-6598_0_21000_96 | EIP150 (2/4) ... ok
   - ecmul_7827-6598_0_21000_96 | EIP150 (3/4) ... ok
   - ecmul_7827-6598_0_21000_96 | EIP150 (4/4) ... ok
   - ecmul_7827-6598_0_21000_96 | EIP158 (1/4) ... ok
   - ecmul_7827-6598_0_21000_96 | EIP158 (2/4) ... ok
   - ecmul_7827-6598_0_21000_96 | EIP158 (3/4) ... ok
   - ecmul_7827-6598_0_21000_96 | EIP158 (4/4) ... ok
   - ecmul_7827-6598_0_21000_96 | Frontier (1/4) ... ok
   - ecmul_7827-6598_0_21000_96 | Frontier (2/4) ... ok
   - ecmul_7827-6598_0_21000_96 | Frontier (3/4) ... ok
   - ecmul_7827-6598_0_21000_96 | Frontier (4/4) ... ok
   - ecmul_7827-6598_0_21000_96 | Homestead (1/4) ... ok
   - ecmul_7827-6598_0_21000_96 | Homestead (2/4) ... ok
   - ecmul_7827-6598_0_21000_96 | Homestead (3/4) ... ok
   - ecmul_7827-6598_0_21000_96 | Homestead (4/4) ... ok
   - ecmul_7827-6598_0_21000_96 | Byzantium (1/4) ... ok
   - ecmul_7827-6598_0_21000_96 | Byzantium (2/4) ... ok
   - ecmul_7827-6598_0_21000_96 | Byzantium (3/4) ... ok
   - ecmul_7827-6598_0_21000_96 | Byzantium (4/4) ... ok
   - ecadd_1-2_0-0_21000_192 | EIP150 (1/4) ... ok
   - ecadd_1-2_0-0_21000_192 | EIP150 (2/4) ... ok
   - ecadd_1-2_0-0_21000_192 | EIP150 (3/4) ... ok
   - ecadd_1-2_0-0_21000_192 | EIP150 (4/4) ... ok
ok
   - ecmul_1-3_0_28000_96_d0g3v0_Homestead...   - ecadd_1-2_0-0_21000_192 | EIP158 (1/4) ... ok
   - ecadd_1-2_0-0_21000_192 | EIP158 (2/4) ... ok
   - ecadd_1-2_0-0_21000_192 | EIP158 (3/4) ... ok
   - ecadd_1-2_0-0_21000_192 | EIP158 (4/4) ... ok
   - ecadd_1-2_0-0_21000_192 | Frontier (1/4) ... ok
   - ecadd_1-2_0-0_21000_192 | Frontier (2/4) ... ok
   - ecadd_1-2_0-0_21000_192 | Frontier (3/4) ... ok
   - ecadd_1-2_0-0_21000_192 | Frontier (4/4) ... ok
   - ecadd_1-2_0-0_21000_192 | Homestead (1/4) ... ok
   - ecadd_1-2_0-0_21000_192 | Homestead (2/4) ... ok
   - ecadd_1-2_0-0_21000_192 | Homestead (3/4) ... ok
   - ecadd_1-2_0-0_21000_192 | Homestead (4/4) ... ok
   - ecadd_1-2_0-0_21000_192 | Byzantium (1/4) ... ok
   - ecadd_1-2_0-0_21000_192 | Byzantium (2/4) ... ok
   - ecadd_1-2_0-0_21000_192 | Byzantium (3/4) ... ok
   - ecadd_1-2_0-0_21000_192 | Byzantium (4/4) ... ok
   - ecpairing_perturb_zeropoint_by_field_modulus | EIP150 (1/4) ... ok
   - ecpairing_perturb_zeropoint_by_field_modulus | EIP150 (2/4) ... ok
   - ecpairing_perturb_zeropoint_by_field_modulus | EIP150 (3/4) ... ok
   - ecpairing_perturb_zeropoint_by_field_modulus | EIP150 (4/4) ... ok
   - ecpairing_perturb_zeropoint_by_field_modulus | EIP158 (1/4) ... ok
   - ecpairing_perturb_zeropoint_by_field_modulus | EIP158 (2/4) ... ok
   - ecpairing_perturb_zeropoint_by_field_modulus | EIP158 (3/4) ... ok
   - ecpairing_perturb_zeropoint_by_field_modulus | EIP158 (4/4) ... ok
   - ecpairing_perturb_zeropoint_by_field_modulus | Frontier (1/4) ... ok
   - ecpairing_perturb_zeropoint_by_field_modulus | Frontier (2/4) ... ok
   - ecpairing_perturb_zeropoint_by_field_modulus | Frontier (3/4) ... ok
   - ecpairing_perturb_zeropoint_by_field_modulus | Frontier (4/4) ... ok
   - ecpairing_perturb_zeropoint_by_field_modulus | Homestead (1/4) ... ok
   - ecpairing_perturb_zeropoint_by_field_modulus | Homestead (2/4) ... ok
   - ecpairing_perturb_zeropoint_by_field_modulus | Homestead (3/4) ... ok
   - ecpairing_perturb_zeropoint_by_field_modulus | Homestead (4/4) ... ok
   - ecpairing_perturb_zeropoint_by_field_modulus | Byzantium (1/4) ... ok
   - ecpairing_perturb_zeropoint_by_field_modulus | Byzantium (2/4) ... ok
   - ecpairing_perturb_zeropoint_by_field_modulus | Byzantium (3/4) ... ok
   - ecpairing_perturb_zeropoint_by_field_modulus | Byzantium (4/4) ... ok
   - ecadd_0-0_1-2_21000_128 | EIP150 (1/4) ... ok
   - ecadd_0-0_1-2_21000_128 | EIP150 (2/4) ... ok
   - ecadd_0-0_1-2_21000_128 | EIP150 (3/4) ... ok
   - ecadd_0-0_1-2_21000_128 | EIP150 (4/4) ... ok
   - ecadd_0-0_1-2_21000_128 | EIP158 (1/4) ... ok
   - ecadd_0-0_1-2_21000_128 | EIP158 (2/4) ... ok
   - ecadd_0-0_1-2_21000_128 | EIP158 (3/4) ... ok
   - ecadd_0-0_1-2_21000_128 | EIP158 (4/4) ... ok
   - ecadd_0-0_1-2_21000_128 | Frontier (1/4) ... ok
   - ecadd_0-0_1-2_21000_128 | Frontier (2/4) ... ok
   - ecadd_0-0_1-2_21000_128 | Frontier (3/4) ... ok
   - static_Call50000bytesContract50_2 | Byzantium (2/2) ... ok
   - ecadd_0-0_1-2_21000_128 | Frontier (4/4) ... ok
   - static_callcallcodecallcode_011_OOGMBefore2 | EIP150 (1/3) ... ok
   - ecadd_0-0_1-2_21000_128 | Homestead (1/4) ... ok
   - static_callcallcodecallcode_011_OOGMBefore2 | EIP150 (2/3) ... ok
   - ecadd_0-0_1-2_21000_128 | Homestead (2/4) ... ok
   - static_callcallcodecallcode_011_OOGMBefore2 | EIP150 (3/3) ... ok
   - ecadd_0-0_1-2_21000_128 | Homestead (3/4) ... ok
   - static_callcallcodecallcode_011_OOGMBefore2 | EIP158 (1/3) ... ok
   - ecadd_0-0_1-2_21000_128 | Homestead (4/4) ... ok
   - static_callcallcodecallcode_011_OOGMBefore2 | EIP158 (2/3) ... ok
   - ecadd_0-0_1-2_21000_128 | Byzantium (1/4) ... ok
   - static_callcallcodecallcode_011_OOGMBefore2 | EIP158 (3/3) ... ok
   - ecadd_0-0_1-2_21000_128 | Byzantium (2/4) ... ok
   - static_callcallcodecallcode_011_OOGMBefore2 | Frontier (1/3) ... ok
   - static_callcallcodecallcode_011_OOGMBefore2 | Frontier (2/3) ... ok
   - ecadd_0-0_1-2_21000_128 | Byzantium (3/4) ... ok
   - static_callcallcodecallcode_011_OOGMBefore2 | Frontier (3/3) ... ok
   - ecadd_0-0_1-2_21000_128 | Byzantium (4/4) ... ok
   - ecmul_1-2_2_28000_96 | EIP150 (1/4) ... ok
   - static_callcallcodecallcode_011_OOGMBefore2 | Homestead (1/3) ... ok
   - static_callcallcodecallcode_011_OOGMBefore2 | Homestead (2/3) ... ok
   - static_callcallcodecallcode_011_OOGMBefore2 | Homestead (3/3) ... ok
   - static_callcallcodecallcode_011_OOGMBefore2 | Byzantium (1/3) ... ok
   - static_callcallcodecallcode_011_OOGMBefore2 | Byzantium (2/3) ... ok
ok
   - static_callcallcodecallcode_011_OOGMBefore2 | Byzantium (3/3) ... ok
   - static_calldelcode_01_OOGE | EIP150 (1/2) ... ok
   - static_calldelcode_01_OOGE | EIP150 (2/2) ... ok
   - static_calldelcode_01_OOGE | EIP158 (1/2) ... ok
   - ecmul_1-3_9_21000_128_d0g1v0_Byzantium...   - static_calldelcode_01_OOGE | EIP158 (2/2) ... ok
   - static_calldelcode_01_OOGE | Frontier (1/2) ... ok
   - static_calldelcode_01_OOGE | Frontier (2/2) ... ok
   - static_calldelcode_01_OOGE | Homestead (1/2) ... ok
   - static_calldelcode_01_OOGE | Homestead (2/2) ... ok
   - ecmul_1-2_2_28000_96 | EIP150 (2/4) ... ok
   - static_calldelcode_01_OOGE | Byzantium (1/2) ... ok
   - ecmul_1-2_2_28000_96 | EIP150 (3/4) ... ok
   - static_calldelcode_01_OOGE | Byzantium (2/2) ... ok
   - ecmul_1-2_2_28000_96 | EIP150 (4/4) ... ok
   - ecmul_1-2_2_28000_96 | EIP158 (1/4) ... ok
   - ecmul_1-2_2_28000_96 | EIP158 (2/4) ... ok
   - ecmul_1-2_2_28000_96 | EIP158 (3/4) ... ok
   - ecmul_1-2_2_28000_96 | EIP158 (4/4) ... ok
   - ecmul_1-2_2_28000_96 | Frontier (1/4) ... ok
   - ecmul_1-2_2_28000_96 | Frontier (2/4) ... ok
   - ecmul_1-2_2_28000_96 | Frontier (3/4) ... ok
   - static_CheckOpcodes2 | EIP150 (1/20) ... ok
   - static_CheckOpcodes2 | EIP150 (2/20) ... ok
   - static_CheckOpcodes2 | EIP150 (3/20) ... ok
   - static_CheckOpcodes2 | EIP150 (4/20) ... ok
   - static_CheckOpcodes2 | EIP150 (5/20) ... ok
   - static_CheckOpcodes2 | EIP150 (6/20) ... ok
   - static_CheckOpcodes2 | EIP150 (7/20) ... ok
   - ecmul_1-2_2_28000_96 | Frontier (4/4) ... ok
   - static_CheckOpcodes2 | EIP150 (8/20) ... ok
   - ecmul_1-2_2_28000_96 | Homestead (1/4) ... ok
   - static_CheckOpcodes2 | EIP150 (9/20) ... ok
   - ecmul_1-2_2_28000_96 | Homestead (2/4) ... ok
   - static_CheckOpcodes2 | EIP150 (10/20) ... ok
   - ecmul_1-2_2_28000_96 | Homestead (3/4) ... ok
   - static_CheckOpcodes2 | EIP150 (11/20) ... ok
   - ecmul_1-2_2_28000_96 | Homestead (4/4) ... ok
   - static_CheckOpcodes2 | EIP150 (12/20) ... ok
   - static_CheckOpcodes2 | EIP150 (13/20) ... ok
   - ecmul_1-2_2_28000_96 | Byzantium (1/4) ... ok
   - static_CheckOpcodes2 | EIP150 (14/20) ... ok
   - ecmul_1-2_2_28000_96 | Byzantium (2/4) ... ok
   - static_CheckOpcodes2 | EIP150 (15/20) ... ok
   - ecmul_1-2_2_28000_96 | Byzantium (3/4) ... ok
   - static_CheckOpcodes2 | EIP150 (16/20) ... ok
   - static_CheckOpcodes2 | EIP150 (17/20) ... ok
   - static_CheckOpcodes2 | EIP150 (18/20) ... ok
   - static_CheckOpcodes2 | EIP150 (19/20) ... ok
   - static_CheckOpcodes2 | EIP150 (20/20) ... ok
   - static_CheckOpcodes2 | EIP158 (1/20) ... ok
   - static_CheckOpcodes2 | EIP158 (2/20) ... ok
   - static_CheckOpcodes2 | EIP158 (3/20) ... ok
   - static_CheckOpcodes2 | EIP158 (4/20) ... ok
   - static_CheckOpcodes2 | EIP158 (5/20) ... ok
   - static_CheckOpcodes2 | EIP158 (6/20) ... ok
   - static_CheckOpcodes2 | EIP158 (7/20) ... ok
   - ecmul_1-2_2_28000_96 | Byzantium (4/4) ... ok
   - static_CheckOpcodes2 | EIP158 (8/20) ... ok
   - static_CheckOpcodes2 | EIP158 (9/20) ... ok
   - static_CheckOpcodes2 | EIP158 (10/20) ... ok
   - ecpairing_one_point_not_in_subgroup | EIP150 (1/4) ... ok
   - static_CheckOpcodes2 | EIP158 (11/20) ... ok
   - ecpairing_one_point_not_in_subgroup | EIP150 (2/4) ... ok
   - static_CheckOpcodes2 | EIP158 (12/20) ... ok
   - ecpairing_one_point_not_in_subgroup | EIP150 (3/4) ... ok
   - static_CheckOpcodes2 | EIP158 (13/20) ... ok
   - ecpairing_one_point_not_in_subgroup | EIP150 (4/4) ... ok
   - static_CheckOpcodes2 | EIP158 (14/20) ... ok
   - static_CheckOpcodes2 | EIP158 (15/20) ... ok
   - ecpairing_one_point_not_in_subgroup | EIP158 (1/4) ... ok
   - static_CheckOpcodes2 | EIP158 (16/20) ... ok
   - ecpairing_one_point_not_in_subgroup | EIP158 (2/4) ... ok
   - static_CheckOpcodes2 | EIP158 (17/20) ... ok
   - ecpairing_one_point_not_in_subgroup | EIP158 (3/4) ... ok
   - static_CheckOpcodes2 | EIP158 (18/20) ... ok
   - ecpairing_one_point_not_in_subgroup | EIP158 (4/4) ... ok
   - static_CheckOpcodes2 | EIP158 (19/20) ... ok
   - static_CheckOpcodes2 | EIP158 (20/20) ... ok
   - ecpairing_one_point_not_in_subgroup | Frontier (1/4) ... ok
   - static_CheckOpcodes2 | Frontier (1/20) ... ok
   - ecpairing_one_point_not_in_subgroup | Frontier (2/4) ... ok
   - static_CheckOpcodes2 | Frontier (2/20) ... ok
   - ecpairing_one_point_not_in_subgroup | Frontier (3/4) ... ok
   - static_CheckOpcodes2 | Frontier (3/20) ... ok
   - ecpairing_one_point_not_in_subgroup | Frontier (4/4) ... ok
   - static_CheckOpcodes2 | Frontier (4/20) ... ok
   - ecpairing_one_point_not_in_subgroup | Homestead (1/4) ... ok
   - ecpairing_one_point_not_in_subgroup | Homestead (2/4) ... ok
   - static_CheckOpcodes2 | Frontier (5/20) ... ok
   - ecpairing_one_point_not_in_subgroup | Homestead (3/4) ... ok
   - static_CheckOpcodes2 | Frontier (6/20) ... ok
   - static_CheckOpcodes2 | Frontier (7/20) ... ok
   - ecpairing_one_point_not_in_subgroup | Homestead (4/4) ... ok
   - static_CheckOpcodes2 | Frontier (8/20) ... ok
   - ecpairing_one_point_not_in_subgroup | Byzantium (1/4) ... ok
   - static_CheckOpcodes2 | Frontier (9/20) ... ok
   - ecpairing_one_point_not_in_subgroup | Byzantium (2/4) ... ok
   - static_CheckOpcodes2 | Frontier (10/20) ... ok
   - ecpairing_one_point_not_in_subgroup | Byzantium (3/4) ... ok
   - static_CheckOpcodes2 | Frontier (11/20) ... ok
   - ecpairing_one_point_not_in_subgroup | Byzantium (4/4) ... ok
   - static_CheckOpcodes2 | Frontier (12/20) ... ok
ok
   - ecmul_1-3_9_21000_128_d0g1v0_EIP150...   - static_CheckOpcodes2 | Frontier (13/20) ... ok
   - ecadd_0-0_0-0_25000_128 | EIP150 (1/4) ... ok
   - static_CheckOpcodes2 | Frontier (14/20) ... ok
   - static_CheckOpcodes2 | Frontier (15/20) ... ok
   - ecadd_0-0_0-0_25000_128 | EIP150 (2/4) ... ok
   - static_CheckOpcodes2 | Frontier (16/20) ... ok
   - ecadd_0-0_0-0_25000_128 | EIP150 (3/4) ... ok
   - static_CheckOpcodes2 | Frontier (17/20) ... ok
   - ecadd_0-0_0-0_25000_128 | EIP150 (4/4) ... ok
   - static_CheckOpcodes2 | Frontier (18/20) ... ok
   - ecadd_0-0_0-0_25000_128 | EIP158 (1/4) ... ok
   - static_CheckOpcodes2 | Frontier (19/20) ... ok
   - static_CheckOpcodes2 | Frontier (20/20) ... ok
   - ecadd_0-0_0-0_25000_128 | EIP158 (2/4) ... ok
   - static_CheckOpcodes2 | Homestead (1/20) ... ok
   - ecadd_0-0_0-0_25000_128 | EIP158 (3/4) ... ok
   - static_CheckOpcodes2 | Homestead (2/20) ... ok
   - ecadd_0-0_0-0_25000_128 | EIP158 (4/4) ... ok
   - static_CheckOpcodes2 | Homestead (3/20) ... ok
   - ecadd_0-0_0-0_25000_128 | Frontier (1/4) ... ok
   - static_CheckOpcodes2 | Homestead (4/20) ... ok
   - ecadd_0-0_0-0_25000_128 | Frontier (2/4) ... ok
   - static_CheckOpcodes2 | Homestead (5/20) ... ok
   - ecadd_0-0_0-0_25000_128 | Frontier (3/4) ... ok
   - static_CheckOpcodes2 | Homestead (6/20) ... ok
   - ecadd_0-0_0-0_25000_128 | Frontier (4/4) ... ok
   - static_CheckOpcodes2 | Homestead (7/20) ... ok
   - ecadd_0-0_0-0_25000_128 | Homestead (1/4) ... ok
   - static_CheckOpcodes2 | Homestead (8/20) ... ok
   - static_CheckOpcodes2 | Homestead (9/20) ... ok
   - ecadd_0-0_0-0_25000_128 | Homestead (2/4) ... ok
   - static_CheckOpcodes2 | Homestead (10/20) ... ok
   - ecadd_0-0_0-0_25000_128 | Homestead (3/4) ... ok
   - static_CheckOpcodes2 | Homestead (11/20) ... ok
   - ecadd_0-0_0-0_25000_128 | Homestead (4/4) ... ok
   - static_CheckOpcodes2 | Homestead (12/20) ... ok
   - static_CheckOpcodes2 | Homestead (13/20) ... ok
   - ecadd_0-0_0-0_25000_128 | Byzantium (1/4) ... ok
   - static_CheckOpcodes2 | Homestead (14/20) ... ok
   - ecadd_0-0_0-0_25000_128 | Byzantium (2/4) ... ok
   - static_CheckOpcodes2 | Homestead (15/20) ... ok
   - ecadd_0-0_0-0_25000_128 | Byzantium (3/4) ... ok
   - static_CheckOpcodes2 | Homestead (16/20) ... ok
   - ecadd_0-0_0-0_25000_128 | Byzantium (4/4) ... ok
   - static_CheckOpcodes2 | Homestead (17/20) ... ok
   - ecmul_7827-6598_9935_21000_96 | EIP150 (1/4) ... ok
   - ecmul_7827-6598_9935_21000_96 | EIP150 (2/4) ... ok
   - ecmul_7827-6598_9935_21000_96 | EIP150 (3/4) ... ok
   - ecmul_7827-6598_9935_21000_96 | EIP150 (4/4) ... ok
   - ecmul_7827-6598_9935_21000_96 | EIP158 (1/4) ... ok
   - ecmul_7827-6598_9935_21000_96 | EIP158 (2/4) ... ok
   - ecmul_7827-6598_9935_21000_96 | EIP158 (3/4) ... ok
   - static_CheckOpcodes2 | Homestead (18/20) ... ok
   - ecmul_7827-6598_9935_21000_96 | EIP158 (4/4) ... ok
   - static_CheckOpcodes2 | Homestead (19/20) ... ok
   - ecmul_7827-6598_9935_21000_96 | Frontier (1/4) ... ok
   - static_CheckOpcodes2 | Homestead (20/20) ... ok
   - ecmul_7827-6598_9935_21000_96 | Frontier (2/4) ... ok
   - static_CheckOpcodes2 | Byzantium (1/20) ... ok
   - ecmul_7827-6598_9935_21000_96 | Frontier (3/4) ... ok
   - static_CheckOpcodes2 | Byzantium (2/20) ... ok
   - ecmul_7827-6598_9935_21000_96 | Frontier (4/4) ... ok
   - static_CheckOpcodes2 | Byzantium (3/20) ... ok
   - ecmul_7827-6598_9935_21000_96 | Homestead (1/4) ... ok
   - ecmul_7827-6598_9935_21000_96 | Homestead (2/4) ... ok
   - ecmul_7827-6598_9935_21000_96 | Homestead (3/4) ... ok
   - ecmul_7827-6598_9935_21000_96 | Homestead (4/4) ... ok
   - ecmul_7827-6598_9935_21000_96 | Byzantium (1/4) ... ok
   - ecmul_7827-6598_9935_21000_96 | Byzantium (2/4) ... ok
   - ecmul_7827-6598_9935_21000_96 | Byzantium (3/4) ... ok
   - static_CheckOpcodes2 | Byzantium (4/20) ... ok
   - static_CheckOpcodes2 | Byzantium (5/20) ... ok
   - static_CheckOpcodes2 | Byzantium (6/20) ... ok
   - ecmul_7827-6598_9935_21000_96 | Byzantium (4/4) ... ok
   - static_CheckOpcodes2 | Byzantium (7/20) ... ok
   - static_CheckOpcodes2 | Byzantium (8/20) ... ok
   - ecmul_0-3_340282366920938463463374607431768211456_21000_80 | EIP150 (1/4) ... ok
   - static_CheckOpcodes2 | Byzantium (9/20) ... ok
   - ecmul_0-3_340282366920938463463374607431768211456_21000_80 | EIP150 (2/4) ... ok
   - ecmul_0-3_340282366920938463463374607431768211456_21000_80 | EIP150 (3/4) ... ok
   - ecmul_0-3_340282366920938463463374607431768211456_21000_80 | EIP150 (4/4) ... ok
   - ecmul_0-3_340282366920938463463374607431768211456_21000_80 | EIP158 (1/4) ... ok
   - ecmul_0-3_340282366920938463463374607431768211456_21000_80 | EIP158 (2/4) ... ok
   - ecmul_0-3_340282366920938463463374607431768211456_21000_80 | EIP158 (3/4) ... ok
   - ecmul_0-3_340282366920938463463374607431768211456_21000_80 | EIP158 (4/4) ... ok
   - ecmul_0-3_340282366920938463463374607431768211456_21000_80 | Frontier (1/4) ... ok
   - static_CheckOpcodes2 | Byzantium (10/20) ... ok
   - ecmul_0-3_340282366920938463463374607431768211456_21000_80 | Frontier (2/4) ... ok
   - static_CheckOpcodes2 | Byzantium (11/20) ... ok
   - ecmul_0-3_340282366920938463463374607431768211456_21000_80 | Frontier (3/4) ... ok
   - static_CheckOpcodes2 | Byzantium (12/20) ... ok
   - ecmul_0-3_340282366920938463463374607431768211456_21000_80 | Frontier (4/4) ... ok
   - static_CheckOpcodes2 | Byzantium (13/20) ... ok
   - static_CheckOpcodes2 | Byzantium (14/20) ... ok
   - ecmul_0-3_340282366920938463463374607431768211456_21000_80 | Homestead (1/4) ... ok
   - static_CheckOpcodes2 | Byzantium (15/20) ... ok
   - ecmul_0-3_340282366920938463463374607431768211456_21000_80 | Homestead (2/4) ... ok
   - static_CheckOpcodes2 | Byzantium (16/20) ... ok
   - ecmul_0-3_340282366920938463463374607431768211456_21000_80 | Homestead (3/4) ... ok
   - ecmul_0-3_340282366920938463463374607431768211456_21000_80 | Homestead (4/4) ... ok
   - static_CheckOpcodes2 | Byzantium (17/20) ... ok
   - static_CheckOpcodes2 | Byzantium (18/20) ... ok
   - ecmul_0-3_340282366920938463463374607431768211456_21000_80 | Byzantium (1/4) ... ok
ok
   - ecmul_1-3_9_21000_128_d0g1v0_EIP158...   - static_CheckOpcodes2 | Byzantium (19/20) ... ok
   - ecmul_0-3_340282366920938463463374607431768211456_21000_80 | Byzantium (2/4) ... ok
   - static_CheckOpcodes2 | Byzantium (20/20) ... ok
   - ecmul_0-3_340282366920938463463374607431768211456_21000_80 | Byzantium (3/4) ... ok
   - static_CallSha256_2 | EIP150 (1/1) ... ok
   - ecmul_0-3_340282366920938463463374607431768211456_21000_80 | Byzantium (4/4) ... ok
   - static_CallSha256_2 | EIP158 (1/1) ... ok
   - static_CallSha256_2 | Frontier (1/1) ... ok
   - ecadd_6-9_19274124-124124_21000_128 | EIP150 (1/4) ... ok
   - static_CallSha256_2 | Homestead (1/1) ... ok
   - ecadd_6-9_19274124-124124_21000_128 | EIP150 (2/4) ... ok
   - static_CallSha256_2 | Byzantium (1/1) ... ok
   - ecadd_6-9_19274124-124124_21000_128 | EIP150 (3/4) ... ok
   - ecadd_6-9_19274124-124124_21000_128 | EIP150 (4/4) ... ok
   - static_callcallcodecall_010_2 | EIP150 (1/2) ... ok
   - static_callcallcodecall_010_2 | EIP150 (2/2) ... ok
   - ecadd_6-9_19274124-124124_21000_128 | EIP158 (1/4) ... ok
   - static_callcallcodecall_010_2 | EIP158 (1/2) ... ok
   - ecadd_6-9_19274124-124124_21000_128 | EIP158 (2/4) ... ok
   - static_callcallcodecall_010_2 | EIP158 (2/2) ... ok
   - static_callcallcodecall_010_2 | Frontier (1/2) ... ok
   - ecadd_6-9_19274124-124124_21000_128 | EIP158 (3/4) ... ok
   - static_callcallcodecall_010_2 | Frontier (2/2) ... ok
   - ecadd_6-9_19274124-124124_21000_128 | EIP158 (4/4) ... ok
   - static_callcallcodecall_010_2 | Homestead (1/2) ... ok
   - ecadd_6-9_19274124-124124_21000_128 | Frontier (1/4) ... ok
   - static_callcallcodecall_010_2 | Homestead (2/2) ... ok
   - ecadd_6-9_19274124-124124_21000_128 | Frontier (2/4) ... ok
   - static_callcallcodecall_010_2 | Byzantium (1/2) ... ok
   - ecadd_6-9_19274124-124124_21000_128 | Frontier (3/4) ... ok
   - static_callcallcodecall_010_2 | Byzantium (2/2) ... ok
   - ecadd_6-9_19274124-124124_21000_128 | Frontier (4/4) ... ok
   - ecadd_6-9_19274124-124124_21000_128 | Homestead (1/4) ... ok
   - static_call_value_inherit | EIP150 (1/1) ... ok
   - ecadd_6-9_19274124-124124_21000_128 | Homestead (2/4) ... ok
   - static_call_value_inherit | EIP158 (1/1) ... ok
   - ecadd_6-9_19274124-124124_21000_128 | Homestead (3/4) ... ok
   - static_call_value_inherit | Frontier (1/1) ... ok
   - ecadd_6-9_19274124-124124_21000_128 | Homestead (4/4) ... ok
   - static_call_value_inherit | Homestead (1/1) ... ok
   - ecadd_6-9_19274124-124124_21000_128 | Byzantium (1/4) ... ok
   - static_call_value_inherit | Byzantium (1/1) ... ok
   - ecadd_6-9_19274124-124124_21000_128 | Byzantium (2/4) ... ok
   - static_callcallcall_000_SuicideMiddle | EIP150 (1/1) ... ok
   - ecadd_6-9_19274124-124124_21000_128 | Byzantium (3/4) ... ok
   - static_callcallcall_000_SuicideMiddle | EIP158 (1/1) ... ok
   - ecadd_6-9_19274124-124124_21000_128 | Byzantium (4/4) ... ok
   - static_callcallcall_000_SuicideMiddle | Frontier (1/1) ... ok
   - static_callcallcall_000_SuicideMiddle | Homestead (1/1) ... ok
   - ecadd_1145-3932_1145-4651_25000_192 | EIP150 (1/4) ... ok
   - ecadd_1145-3932_1145-4651_25000_192 | EIP150 (2/4) ... ok
   - ecadd_1145-3932_1145-4651_25000_192 | EIP150 (3/4) ... ok
   - ecadd_1145-3932_1145-4651_25000_192 | EIP150 (4/4) ... ok
   - ecadd_1145-3932_1145-4651_25000_192 | EIP158 (1/4) ... ok
   - ecadd_1145-3932_1145-4651_25000_192 | EIP158 (2/4) ... ok
   - ecadd_1145-3932_1145-4651_25000_192 | EIP158 (3/4) ... ok
   - static_callcallcall_000_SuicideMiddle | Byzantium (1/1) ... ok
   - ecadd_1145-3932_1145-4651_25000_192 | EIP158 (4/4) ... ok
   - ecadd_1145-3932_1145-4651_25000_192 | Frontier (1/4) ... ok
   - ecadd_1145-3932_1145-4651_25000_192 | Frontier (2/4) ... ok
   - ecadd_1145-3932_1145-4651_25000_192 | Frontier (3/4) ... ok
   - ecadd_1145-3932_1145-4651_25000_192 | Frontier (4/4) ... ok
   - ecadd_1145-3932_1145-4651_25000_192 | Homestead (1/4) ... ok
   - ecadd_1145-3932_1145-4651_25000_192 | Homestead (2/4) ... ok
   - ecadd_1145-3932_1145-4651_25000_192 | Homestead (3/4) ... ok
   - static_CheckOpcodes5 | EIP150 (1/20) ... ok
   - ecadd_1145-3932_1145-4651_25000_192 | Homestead (4/4) ... ok
   - static_CheckOpcodes5 | EIP150 (2/20) ... ok
   - ecadd_1145-3932_1145-4651_25000_192 | Byzantium (1/4) ... ok
   - static_CheckOpcodes5 | EIP150 (3/20) ... ok
   - ecadd_1145-3932_1145-4651_25000_192 | Byzantium (2/4) ... ok
   - ecadd_1145-3932_1145-4651_25000_192 | Byzantium (3/4) ... ok
   - ecadd_1145-3932_1145-4651_25000_192 | Byzantium (4/4) ... ok
   - static_CheckOpcodes5 | EIP150 (4/20) ... ok
   - ecmul_0-3_9_21000_96 | EIP150 (1/4) ... ok
   - static_CheckOpcodes5 | EIP150 (5/20) ... ok
   - static_CheckOpcodes5 | EIP150 (6/20) ... ok
   - ecmul_0-3_9_21000_96 | EIP150 (2/4) ... ok
   - static_CheckOpcodes5 | EIP150 (7/20) ... ok
   - ecmul_0-3_9_21000_96 | EIP150 (3/4) ... ok
   - static_CheckOpcodes5 | EIP150 (8/20) ... ok
   - ecmul_0-3_9_21000_96 | EIP150 (4/4) ... ok
   - static_CheckOpcodes5 | EIP150 (9/20) ... ok
   - ecmul_0-3_9_21000_96 | EIP158 (1/4) ... ok
   - ecmul_0-3_9_21000_96 | EIP158 (2/4) ... ok
   - ecmul_0-3_9_21000_96 | EIP158 (3/4) ... ok
   - ecmul_0-3_9_21000_96 | EIP158 (4/4) ... ok
   - ecmul_0-3_9_21000_96 | Frontier (1/4) ... ok
   - ecmul_0-3_9_21000_96 | Frontier (2/4) ... ok
   - static_CheckOpcodes5 | EIP150 (10/20) ... ok
ok
   - static_CheckOpcodes5 | EIP150 (11/20) ... ok
   - ecmul_1-3_9_21000_128_d0g1v0_Frontier...   - static_CheckOpcodes5 | EIP150 (12/20) ... ok
   - ecmul_0-3_9_21000_96 | Frontier (3/4) ... ok
   - static_CheckOpcodes5 | EIP150 (13/20) ... ok
   - ecmul_0-3_9_21000_96 | Frontier (4/4) ... ok
   - static_CheckOpcodes5 | EIP150 (14/20) ... ok
   - ecmul_0-3_9_21000_96 | Homestead (1/4) ... ok
   - static_CheckOpcodes5 | EIP150 (15/20) ... ok
   - ecmul_0-3_9_21000_96 | Homestead (2/4) ... ok
   - static_CheckOpcodes5 | EIP150 (16/20) ... ok
   - ecmul_0-3_9_21000_96 | Homestead (3/4) ... ok
   - static_CheckOpcodes5 | EIP150 (17/20) ... ok
   - static_CheckOpcodes5 | EIP150 (18/20) ... ok
   - ecmul_0-3_9_21000_96 | Homestead (4/4) ... ok
   - static_CheckOpcodes5 | EIP150 (19/20) ... ok
   - ecmul_0-3_9_21000_96 | Byzantium (1/4) ... ok
   - static_CheckOpcodes5 | EIP150 (20/20) ... ok
   - ecmul_0-3_9_21000_96 | Byzantium (2/4) ... ok
   - static_CheckOpcodes5 | EIP158 (1/20) ... ok
   - ecmul_0-3_9_21000_96 | Byzantium (3/4) ... ok
   - static_CheckOpcodes5 | EIP158 (2/20) ... ok
   - static_CheckOpcodes5 | EIP158 (3/20) ... ok
   - ecmul_0-3_9_21000_96 | Byzantium (4/4) ... ok
   - static_CheckOpcodes5 | EIP158 (4/20) ... ok
   - static_CheckOpcodes5 | EIP158 (5/20) ... ok
   - static_CheckOpcodes5 | EIP158 (6/20) ... ok
   - static_CheckOpcodes5 | EIP158 (7/20) ... ok
   - static_CheckOpcodes5 | EIP158 (8/20) ... ok
   - static_CheckOpcodes5 | EIP158 (9/20) ... ok
   - static_CheckOpcodes5 | EIP158 (10/20) ... ok
   - ecmul_7827-6598_9935_28000_128 | EIP150 (1/4) ... ok
   - ecmul_7827-6598_9935_28000_128 | EIP150 (2/4) ... ok
   - ecmul_7827-6598_9935_28000_128 | EIP150 (3/4) ... ok
   - ecmul_7827-6598_9935_28000_128 | EIP150 (4/4) ... ok
   - ecmul_7827-6598_9935_28000_128 | EIP158 (1/4) ... ok
   - ecmul_7827-6598_9935_28000_128 | EIP158 (2/4) ... ok
   - static_CheckOpcodes5 | EIP158 (11/20) ... ok
   - static_CheckOpcodes5 | EIP158 (12/20) ... ok
   - static_CheckOpcodes5 | EIP158 (13/20) ... ok
   - static_CheckOpcodes5 | EIP158 (14/20) ... ok
   - static_CheckOpcodes5 | EIP158 (15/20) ... ok
   - static_CheckOpcodes5 | EIP158 (16/20) ... ok
   - static_CheckOpcodes5 | EIP158 (17/20) ... ok
   - static_CheckOpcodes5 | EIP158 (18/20) ... ok
   - static_CheckOpcodes5 | EIP158 (19/20) ... ok
   - static_CheckOpcodes5 | EIP158 (20/20) ... ok
   - ecmul_7827-6598_9935_28000_128 | EIP158 (3/4) ... ok
   - ecmul_7827-6598_9935_28000_128 | EIP158 (4/4) ... ok
   - ecmul_7827-6598_9935_28000_128 | Frontier (1/4) ... ok
   - ecmul_7827-6598_9935_28000_128 | Frontier (2/4) ... ok
   - ecmul_7827-6598_9935_28000_128 | Frontier (3/4) ... ok
ok
   - ecmul_1-3_9_21000_128_d0g1v0_Homestead...   - ecmul_7827-6598_9935_28000_128 | Frontier (4/4) ... ok
   - ecmul_7827-6598_9935_28000_128 | Homestead (1/4) ... ok
   - ecmul_7827-6598_9935_28000_128 | Homestead (2/4) ... ok
   - ecmul_7827-6598_9935_28000_128 | Homestead (3/4) ... ok
   - ecmul_7827-6598_9935_28000_128 | Homestead (4/4) ... ok
   - ecmul_7827-6598_9935_28000_128 | Byzantium (1/4) ... ok
   - static_CheckOpcodes5 | Frontier (1/20) ... ok
   - static_CheckOpcodes5 | Frontier (2/20) ... ok
   - ecmul_7827-6598_9935_28000_128 | Byzantium (2/4) ... ok
   - static_CheckOpcodes5 | Frontier (3/20) ... ok
   - static_CheckOpcodes5 | Frontier (4/20) ... ok
   - static_CheckOpcodes5 | Frontier (5/20) ... ok
   - ecmul_7827-6598_9935_28000_128 | Byzantium (3/4) ... ok
   - static_CheckOpcodes5 | Frontier (6/20) ... ok
   - static_CheckOpcodes5 | Frontier (7/20) ... ok
   - ecmul_7827-6598_9935_28000_128 | Byzantium (4/4) ... ok
   - static_CheckOpcodes5 | Frontier (8/20) ... ok
   - static_CheckOpcodes5 | Frontier (9/20) ... ok
   - ecmul_0-3_9_28000_96 | EIP150 (1/4) ... ok
   - ecmul_0-3_9_28000_96 | EIP150 (2/4) ... ok
   - ecmul_0-3_9_28000_96 | EIP150 (3/4) ... ok
   - ecmul_0-3_9_28000_96 | EIP150 (4/4) ... ok
   - ecmul_0-3_9_28000_96 | EIP158 (1/4) ... ok
   - ecmul_0-3_9_28000_96 | EIP158 (2/4) ... ok
   - ecmul_0-3_9_28000_96 | EIP158 (3/4) ... ok
   - ecmul_0-3_9_28000_96 | EIP158 (4/4) ... ok
   - ecmul_0-3_9_28000_96 | Frontier (1/4) ... ok
   - ecmul_0-3_9_28000_96 | Frontier (2/4) ... ok
   - ecmul_0-3_9_28000_96 | Frontier (3/4) ... ok
   - ecmul_0-3_9_28000_96 | Frontier (4/4) ... ok
   - static_CheckOpcodes5 | Frontier (10/20) ... ok
   - ecmul_0-3_9_28000_96 | Homestead (1/4) ... ok
   - static_CheckOpcodes5 | Frontier (11/20) ... ok
   - ecmul_0-3_9_28000_96 | Homestead (2/4) ... ok
   - static_CheckOpcodes5 | Frontier (12/20) ... ok
   - ecmul_0-3_9_28000_96 | Homestead (3/4) ... ok
   - static_CheckOpcodes5 | Frontier (13/20) ... ok
   - ecmul_0-3_9_28000_96 | Homestead (4/4) ... ok
   - static_CheckOpcodes5 | Frontier (14/20) ... ok
   - ecmul_0-3_9_28000_96 | Byzantium (1/4) ... ok
   - static_CheckOpcodes5 | Frontier (15/20) ... ok
   - ecmul_0-3_9_28000_96 | Byzantium (2/4) ... ok
   - static_CheckOpcodes5 | Frontier (16/20) ... ok
   - ecmul_0-3_9_28000_96 | Byzantium (3/4) ... ok
   - static_CheckOpcodes5 | Frontier (17/20) ... ok
   - ecmul_0-3_9_28000_96 | Byzantium (4/4) ... ok
   - static_CheckOpcodes5 | Frontier (18/20) ... ok
   - static_CheckOpcodes5 | Frontier (19/20) ... ok
test json_tests::transaction::TransactionTests_ttHomestead ... ok
   - static_CheckOpcodes5 | Frontier (20/20) ... ok
   - ecadd_1-2_0-0_21000_64 | EIP150 (1/4) ... ok
   - static_CheckOpcodes5 | Homestead (1/20) ... ok
   - ecadd_1-2_0-0_21000_64 | EIP150 (2/4) ... ok
   - static_CheckOpcodes5 | Homestead (2/20) ... ok
   - static_CheckOpcodes5 | Homestead (3/20) ... ok
   - ecadd_1-2_0-0_21000_64 | EIP150 (3/4) ... ok
   - static_CheckOpcodes5 | Homestead (4/20) ... ok
   - ecadd_1-2_0-0_21000_64 | EIP150 (4/4) ... ok
test json_tests::transaction::TransactionTests_ttSpecConstantinople ... ok
   - static_CheckOpcodes5 | Homestead (5/20) ... ok
   - ecadd_1-2_0-0_21000_64 | EIP158 (1/4) ... ok
   - ecadd_1-2_0-0_21000_64 | EIP158 (2/4) ... ok
   - static_CheckOpcodes5 | Homestead (6/20) ... ok
   - ecadd_1-2_0-0_21000_64 | EIP158 (3/4) ... ok
   - static_CheckOpcodes5 | Homestead (7/20) ... ok
   - static_CheckOpcodes5 | Homestead (8/20) ... ok
   - ecadd_1-2_0-0_21000_64 | EIP158 (4/4) ... ok
   - static_CheckOpcodes5 | Homestead (9/20) ... ok
   - ecadd_1-2_0-0_21000_64 | Frontier (1/4) ... ok
   - static_CheckOpcodes5 | Homestead (10/20) ... ok
   - ecadd_1-2_0-0_21000_64 | Frontier (2/4) ... ok
   - ecadd_1-2_0-0_21000_64 | Frontier (3/4) ... ok
   - static_CheckOpcodes5 | Homestead (11/20) ... ok
   - ecadd_1-2_0-0_21000_64 | Frontier (4/4) ... ok
   - static_CheckOpcodes5 | Homestead (12/20) ... ok
   - ecadd_1-2_0-0_21000_64 | Homestead (1/4) ... ok
   - static_CheckOpcodes5 | Homestead (13/20) ... ok
   - ecadd_1-2_0-0_21000_64 | Homestead (2/4) ... ok
   - static_CheckOpcodes5 | Homestead (14/20) ... ok
   - ecadd_1-2_0-0_21000_64 | Homestead (3/4) ... ok
   - static_CheckOpcodes5 | Homestead (15/20) ... ok
   - ecadd_1-2_0-0_21000_64 | Homestead (4/4) ... ok
   - static_CheckOpcodes5 | Homestead (16/20) ... ok
   - ecadd_1-2_0-0_21000_64 | Byzantium (1/4) ... ok
   - static_CheckOpcodes5 | Homestead (17/20) ... ok
   - static_CheckOpcodes5 | Homestead (18/20) ... ok
   - ecadd_1-2_0-0_21000_64 | Byzantium (2/4) ... ok
   - static_CheckOpcodes5 | Homestead (19/20) ... ok
   - ecadd_1-2_0-0_21000_64 | Byzantium (3/4) ... ok
   - ecadd_1-2_0-0_21000_64 | Byzantium (4/4) ... ok
   - static_CheckOpcodes5 | Homestead (20/20) ... ok
   - static_CheckOpcodes5 | Byzantium (1/20) ... ok
   - ecmul_0-0_9_28000_96 | EIP150 (1/4) ... ok
ok
   - static_CheckOpcodes5 | Byzantium (2/20) ... ok
   - ecmul_0-0_9_28000_96 | EIP150 (2/4) ... ok
   - ecmul_0-0_9_28000_96 | EIP150 (3/4) ... ok
   - static_CheckOpcodes5 | Byzantium (3/20) ... ok
   - ecmul_0-0_9_28000_96 | EIP150 (4/4) ... ok
   - static_CheckOpcodes5 | Byzantium (4/20) ... ok
   - ecmul_0-3_5616_28000_128_d0g0v0_Byzantium...   - static_CheckOpcodes5 | Byzantium (5/20) ... ok
   - ecmul_0-0_9_28000_96 | EIP158 (1/4) ... ok
   - ecmul_0-0_9_28000_96 | EIP158 (2/4) ... ok
   - static_CheckOpcodes5 | Byzantium (6/20) ... ok
   - ecmul_0-0_9_28000_96 | EIP158 (3/4) ... ok
   - static_CheckOpcodes5 | Byzantium (7/20) ... ok
   - static_CheckOpcodes5 | Byzantium (8/20) ... ok
   - ecmul_0-0_9_28000_96 | EIP158 (4/4) ... ok
   - static_CheckOpcodes5 | Byzantium (9/20) ... ok
   - ecmul_0-0_9_28000_96 | Frontier (1/4) ... ok
   - static_CheckOpcodes5 | Byzantium (10/20) ... ok
   - ecmul_0-0_9_28000_96 | Frontier (2/4) ... ok
   - static_CheckOpcodes5 | Byzantium (11/20) ... ok
   - ecmul_0-0_9_28000_96 | Frontier (3/4) ... ok
   - static_CheckOpcodes5 | Byzantium (12/20) ... ok
   - ecmul_0-0_9_28000_96 | Frontier (4/4) ... ok
   - static_CheckOpcodes5 | Byzantium (13/20) ... ok
   - ecmul_0-0_9_28000_96 | Homestead (1/4) ... ok
   - static_CheckOpcodes5 | Byzantium (14/20) ... ok
   - ecmul_0-0_9_28000_96 | Homestead (2/4) ... ok
   - static_CheckOpcodes5 | Byzantium (15/20) ... ok
   - ecmul_0-0_9_28000_96 | Homestead (3/4) ... ok
   - static_CheckOpcodes5 | Byzantium (16/20) ... ok
   - ecmul_0-0_9_28000_96 | Homestead (4/4) ... ok
   - static_CheckOpcodes5 | Byzantium (17/20) ... ok
   - ecmul_0-0_9_28000_96 | Byzantium (1/4) ... ok
   - static_CheckOpcodes5 | Byzantium (18/20) ... ok
   - ecmul_0-0_9_28000_96 | Byzantium (2/4) ... ok
test json_tests::transaction::TransactionTests_ttVRuleEip158 ... ok
   - static_CheckOpcodes5 | Byzantium (19/20) ... ok
   - ecmul_0-0_9_28000_96 | Byzantium (3/4) ... ok
   - static_CheckOpcodes5 | Byzantium (20/20) ... ok
   - ecmul_0-0_9_28000_96 | Byzantium (4/4) ... ok
   - ecpairing_perturb_g2_by_field_modulus_again | EIP150 (1/4) ... ok
   - static_InternlCallStoreClearsOOG | EIP150 (1/1) ... ok
   - ecpairing_perturb_g2_by_field_modulus_again | EIP150 (2/4) ... ok
   - static_InternlCallStoreClearsOOG | EIP158 (1/1) ... ok
   - ecpairing_perturb_g2_by_field_modulus_again | EIP150 (3/4) ... ok
   - static_InternlCallStoreClearsOOG | Frontier (1/1) ... ok
   - ecpairing_perturb_g2_by_field_modulus_again | EIP150 (4/4) ... ok
   - static_InternlCallStoreClearsOOG | Homestead (1/1) ... ok
   - static_InternlCallStoreClearsOOG | Byzantium (1/1) ... ok
   - ecpairing_perturb_g2_by_field_modulus_again | EIP158 (1/4) ... ok
   - ecpairing_perturb_g2_by_field_modulus_again | EIP158 (2/4) ... ok
   - static_callcallcode_01_2 | EIP150 (1/2) ... ok
   - static_callcallcode_01_2 | EIP150 (2/2) ... ok
   - ecpairing_perturb_g2_by_field_modulus_again | EIP158 (3/4) ... ok
   - ecpairing_perturb_g2_by_field_modulus_again | EIP158 (4/4) ... ok
   - static_callcallcode_01_2 | EIP158 (1/2) ... ok
   - ecpairing_perturb_g2_by_field_modulus_again | Frontier (1/4) ... ok
   - static_callcallcode_01_2 | EIP158 (2/2) ... ok
   - ecpairing_perturb_g2_by_field_modulus_again | Frontier (2/4) ... ok
   - static_callcallcode_01_2 | Frontier (1/2) ... ok
   - ecpairing_perturb_g2_by_field_modulus_again | Frontier (3/4) ... ok
test json_tests::transaction::TransactionTests_ttWrongRLPFrontier ... ok
   - static_callcallcode_01_2 | Frontier (2/2) ... ok
   - ecpairing_perturb_g2_by_field_modulus_again | Frontier (4/4) ... ok
   - static_callcallcode_01_2 | Homestead (1/2) ... ok
   - ecpairing_perturb_g2_by_field_modulus_again | Homestead (1/4) ... ok
   - static_callcallcode_01_2 | Homestead (2/2) ... ok
   - ecpairing_perturb_g2_by_field_modulus_again | Homestead (2/4) ... ok
   - ecpairing_perturb_g2_by_field_modulus_again | Homestead (3/4) ... ok
   - static_callcallcode_01_2 | Byzantium (1/2) ... ok
   - ecpairing_perturb_g2_by_field_modulus_again | Homestead (4/4) ... ok
   - static_callcallcode_01_2 | Byzantium (2/2) ... ok
   - ecpairing_perturb_g2_by_field_modulus_again | Byzantium (1/4) ... ok
   - static_CallSha256_5 | EIP150 (1/1) ... ok
   - ecpairing_perturb_g2_by_field_modulus_again | Byzantium (2/4) ... ok
   - static_CallSha256_5 | EIP158 (1/1) ... ok
   - static_CallSha256_5 | Frontier (1/1) ... ok
   - static_CallSha256_5 | Homestead (1/1) ... ok
test json_tests::transaction::TransactionTests_ttWrongRLPHomestead ... ok
   - ecpairing_perturb_g2_by_field_modulus_again | Byzantium (3/4) ... ok
   - static_CallSha256_5 | Byzantium (1/1) ... ok
   - ecpairing_perturb_g2_by_field_modulus_again | Byzantium (4/4) ... ok
   - static_CalltoReturn2 | EIP150 (1/1) ... ok
   - static_CalltoReturn2 | EIP158 (1/1) ... ok
   - ecmul_0-0_0_21000_40 | EIP150 (1/4) ... ok
   - static_CalltoReturn2 | Frontier (1/1) ... ok
   - ecmul_0-0_0_21000_40 | EIP150 (2/4) ... ok
   - static_CalltoReturn2 | Homestead (1/1) ... ok
   - ecmul_0-0_0_21000_40 | EIP150 (3/4) ... ok
test json_tests::trie::generic::TrieTests_trieanyorder ... ok
   - ecmul_0-0_0_21000_40 | EIP150 (4/4) ... ok
   - static_CalltoReturn2 | Byzantium (1/1) ... ok
   - static_CallIdentity_3 | EIP150 (1/1) ... ok
   - ecmul_0-0_0_21000_40 | EIP158 (1/4) ... ok
ok
   - ecmul_0-3_5616_28000_128_d0g0v0_EIP150...   - static_CallIdentity_3 | EIP158 (1/1) ... ok
   - ecmul_0-0_0_21000_40 | EIP158 (2/4) ... ok
   - static_CallIdentity_3 | Frontier (1/1) ... ok
   - ecmul_0-0_0_21000_40 | EIP158 (3/4) ... ok
   - ecmul_0-0_0_21000_40 | EIP158 (4/4) ... ok
   - static_CallIdentity_3 | Homestead (1/1) ... ok
test json_tests::trie::generic::TrieTests_trietest ... ok
   - ecmul_0-0_0_21000_40 | Frontier (1/4) ... ok
   - static_CallIdentity_3 | Byzantium (1/1) ... ok
   - ecmul_0-0_0_21000_40 | Frontier (2/4) ... ok
   - static_log0_nonEmptyMem_logMemSize1_logMemStart31 | EIP150 (1/1) ... ok
   - ecmul_0-0_0_21000_40 | Frontier (3/4) ... ok
   - static_log0_nonEmptyMem_logMemSize1_logMemStart31 | EIP158 (1/1) ... ok
   - ecmul_0-0_0_21000_40 | Frontier (4/4) ... ok
   - static_log0_nonEmptyMem_logMemSize1_logMemStart31 | Frontier (1/1) ... ok
   - ecmul_0-0_0_21000_40 | Homestead (1/4) ... ok
   - ecmul_0-0_0_21000_40 | Homestead (2/4) ... ok
   - static_log0_nonEmptyMem_logMemSize1_logMemStart31 | Homestead (1/1) ... ok
   - ecmul_0-0_0_21000_40 | Homestead (3/4) ... ok
   - static_log0_nonEmptyMem_logMemSize1_logMemStart31 | Byzantium (1/1) ... ok
test json_tests::trie::secure::TrieTests_hex_encoded_secure ... ok
   - ecmul_0-0_0_21000_40 | Homestead (4/4) ... ok
   - static_callcodecallcodecall_110 | EIP150 (1/1) ... ok
   - ecmul_0-0_0_21000_40 | Byzantium (1/4) ... ok
   - static_callcodecallcodecall_110 | EIP158 (1/1) ... ok
   - ecmul_0-0_0_21000_40 | Byzantium (2/4) ... ok
   - static_callcodecallcodecall_110 | Frontier (1/1) ... ok
   - ecmul_0-0_0_21000_40 | Byzantium (3/4) ... ok
test json_tests::trie::secure::TrieTests_trieanyorder_secure ... ok
   - static_callcodecallcodecall_110 | Homestead (1/1) ... ok
   - ecmul_0-0_0_21000_40 | Byzantium (4/4) ... ok
   - static_callcodecallcodecall_110 | Byzantium (1/1) ... ok
   - static_callcodecallcallcode_101 | EIP150 (1/1) ... ok
   - ecmul_1-2_340282366920938463463374607431768211456_28000_96 | EIP150 (1/4) ... ok
   - static_callcodecallcallcode_101 | EIP158 (1/1) ... ok
   - ecmul_1-2_340282366920938463463374607431768211456_28000_96 | EIP150 (2/4) ... ok
   - static_callcodecallcallcode_101 | Frontier (1/1) ... ok
   - ecmul_1-2_340282366920938463463374607431768211456_28000_96 | EIP150 (3/4) ... ok
   - static_callcodecallcallcode_101 | Homestead (1/1) ... ok
   - ecmul_1-2_340282366920938463463374607431768211456_28000_96 | EIP150 (4/4) ... ok
   - static_callcodecallcallcode_101 | Byzantium (1/1) ... ok
   - ecmul_1-2_340282366920938463463374607431768211456_28000_96 | EIP158 (1/4) ... ok
   - static_CallToReturn1 | EIP150 (1/1) ... ok
   - ecmul_1-2_340282366920938463463374607431768211456_28000_96 | EIP158 (2/4) ... ok
   - static_CallToReturn1 | EIP158 (1/1) ... ok
test json_tests::trie::secure::TrieTests_trietest_secure ... ok
   - static_CallToReturn1 | Frontier (1/1) ... ok
   - ecmul_1-2_340282366920938463463374607431768211456_28000_96 | EIP158 (3/4) ... ok
   - static_CallToReturn1 | Homestead (1/1) ... ok
   - ecmul_1-2_340282366920938463463374607431768211456_28000_96 | EIP158 (4/4) ... ok
   - static_CallToReturn1 | Byzantium (1/1) ... ok
   - ecmul_1-2_340282366920938463463374607431768211456_28000_96 | Frontier (1/4) ... ok
   - static_callcallcallcode_ABCB_RECURSIVE | EIP150 (1/1) ... ok
   - ecmul_1-2_340282366920938463463374607431768211456_28000_96 | Frontier (2/4) ... ok
   - static_callcallcallcode_ABCB_RECURSIVE | EIP158 (1/1) ... ok
   - static_callcallcallcode_ABCB_RECURSIVE | Frontier (1/1) ... ok
   - ecmul_1-2_340282366920938463463374607431768211456_28000_96 | Frontier (3/4) ... ok
test machine::tests::ethash_gas_limit_is_multiple_of_determinant ... ok
   - static_callcallcallcode_ABCB_RECURSIVE | Homestead (1/1) ... ok
   - ecmul_1-2_340282366920938463463374607431768211456_28000_96 | Frontier (4/4) ... ok
   - ecmul_1-2_340282366920938463463374607431768211456_28000_96 | Homestead (1/4) ... ok
   - ecmul_1-2_340282366920938463463374607431768211456_28000_96 | Homestead (2/4) ... ok
   - ecmul_1-2_340282366920938463463374607431768211456_28000_96 | Homestead (3/4) ... ok
   - ecmul_1-2_340282366920938463463374607431768211456_28000_96 | Homestead (4/4) ... ok
   - ecmul_1-2_340282366920938463463374607431768211456_28000_96 | Byzantium (1/4) ... ok
   - ecmul_1-2_340282366920938463463374607431768211456_28000_96 | Byzantium (2/4) ... ok
   - ecmul_1-2_340282366920938463463374607431768211456_28000_96 | Byzantium (3/4) ... ok
   - static_callcallcallcode_ABCB_RECURSIVE | Byzantium (1/1) ... ok
   - ecmul_1-2_340282366920938463463374607431768211456_28000_96 | Byzantium (4/4) ... ok
   - static_callcallcodecall_010_OOGE | EIP150 (1/2) ... ok
   - ecmul_1-2_2_28000_128 | EIP150 (1/4) ... ok
   - static_callcallcodecall_010_OOGE | EIP150 (2/2) ... ok
   - ecmul_1-2_2_28000_128 | EIP150 (2/4) ... ok
   - static_callcallcodecall_010_OOGE | EIP158 (1/2) ... ok
   - static_callcallcodecall_010_OOGE | EIP158 (2/2) ... ok
   - ecmul_1-2_2_28000_128 | EIP150 (3/4) ... ok
ok
   - ecmul_0-3_5616_28000_128_d0g0v0_EIP158...   - static_callcallcodecall_010_OOGE | Frontier (1/2) ... ok
   - ecmul_1-2_2_28000_128 | EIP150 (4/4) ... ok
   - static_callcallcodecall_010_OOGE | Frontier (2/2) ... ok
   - ecmul_1-2_2_28000_128 | EIP158 (1/4) ... ok
   - static_callcallcodecall_010_OOGE | Homestead (1/2) ... ok
   - ecmul_1-2_2_28000_128 | EIP158 (2/4) ... ok
   - static_callcallcodecall_010_OOGE | Homestead (2/2) ... ok
   - ecmul_1-2_2_28000_128 | EIP158 (3/4) ... ok
   - ecmul_1-2_2_28000_128 | EIP158 (4/4) ... ok
   - ecmul_1-2_2_28000_128 | Frontier (1/4) ... ok
   - ecmul_1-2_2_28000_128 | Frontier (2/4) ... ok
   - ecmul_1-2_2_28000_128 | Frontier (3/4) ... ok
test machine::tests::should_disallow_unsigned_transactions ... ok
   - ecmul_1-2_2_28000_128 | Frontier (4/4) ... ok
   - ecmul_1-2_2_28000_128 | Homestead (1/4) ... ok
   - ecmul_1-2_2_28000_128 | Homestead (2/4) ... ok
   - static_callcallcodecall_010_OOGE | Byzantium (1/2) ... ok
   - ecmul_1-2_2_28000_128 | Homestead (3/4) ... ok
   - ecmul_1-2_2_28000_128 | Homestead (4/4) ... ok
   - static_callcallcodecall_010_OOGE | Byzantium (2/2) ... ok
   - ecmul_1-2_2_28000_128 | Byzantium (1/4) ... ok
   - static_CallSha256_1 | EIP150 (1/1) ... ok
   - ecmul_1-2_2_28000_128 | Byzantium (2/4) ... ok
   - ecmul_1-2_2_28000_128 | Byzantium (3/4) ... ok
   - static_CallSha256_1 | EIP158 (1/1) ... ok
   - static_CallSha256_1 | Frontier (1/1) ... ok
   - ecmul_1-2_2_28000_128 | Byzantium (4/4) ... ok
   - static_CallSha256_1 | Homestead (1/1) ... ok
   - static_CallSha256_1 | Byzantium (1/1) ... ok
   - ecadd_0-0_0-0_21000_128 | EIP150 (1/4) ... ok
   - ecadd_0-0_0-0_21000_128 | EIP150 (2/4) ... ok
   - static_ABAcalls3 | EIP150 (1/2) ... ok
   - static_ABAcalls3 | EIP150 (2/2) ... ok
   - ecadd_0-0_0-0_21000_128 | EIP150 (3/4) ... ok
   - static_ABAcalls3 | EIP158 (1/2) ... ok
   - ecadd_0-0_0-0_21000_128 | EIP150 (4/4) ... ok
   - static_ABAcalls3 | EIP158 (2/2) ... ok
   - ecadd_0-0_0-0_21000_128 | EIP158 (1/4) ... ok
   - static_ABAcalls3 | Frontier (1/2) ... ok
   - static_ABAcalls3 | Frontier (2/2) ... ok
   - ecadd_0-0_0-0_21000_128 | EIP158 (2/4) ... ok
   - static_ABAcalls3 | Homestead (1/2) ... ok
   - ecadd_0-0_0-0_21000_128 | EIP158 (3/4) ... ok
   - static_ABAcalls3 | Homestead (2/2) ... ok
   - ecadd_0-0_0-0_21000_128 | EIP158 (4/4) ... ok
   - static_ABAcalls3 | Byzantium (1/2) ... ok
   - ecadd_0-0_0-0_21000_128 | Frontier (1/4) ... ok
   - ecadd_0-0_0-0_21000_128 | Frontier (2/4) ... ok
   - ecadd_0-0_0-0_21000_128 | Frontier (3/4) ... ok
test miner::miner::tests::internal_seals_without_work ... ok
   - ecadd_0-0_0-0_21000_128 | Frontier (4/4) ... ok
   - ecadd_0-0_0-0_21000_128 | Homestead (1/4) ... ok
   - ecadd_0-0_0-0_21000_128 | Homestead (2/4) ... ok
   - ecadd_0-0_0-0_21000_128 | Homestead (3/4) ... ok
   - ecadd_0-0_0-0_21000_128 | Homestead (4/4) ... ok
   - static_ABAcalls3 | Byzantium (2/2) ... ok
   - ecadd_0-0_0-0_21000_128 | Byzantium (1/4) ... ok
   - static_CallRecursiveBombPreCall2 | EIP150 (1/1) ... ok
   - ecadd_0-0_0-0_21000_128 | Byzantium (2/4) ... ok
ok
   - ecmul_0-3_5616_28000_128_d0g0v0_Frontier...   - static_CallRecursiveBombPreCall2 | EIP158 (1/1) ... ok
   - ecadd_0-0_0-0_21000_128 | Byzantium (3/4) ... ok
   - ecadd_0-0_0-0_21000_128 | Byzantium (4/4) ... ok
   - ecadd_1-2_0-0_25000_128 | EIP150 (1/4) ... ok
   - static_CallRecursiveBombPreCall2 | Frontier (1/1) ... ok
   - ecadd_1-2_0-0_25000_128 | EIP150 (2/4) ... ok
   - static_CallRecursiveBombPreCall2 | Homestead (1/1) ... ok
WARN:ethcore::miner::miner: No account provider
   - ecadd_1-2_0-0_25000_128 | EIP150 (3/4) ... ok
   - ecadd_1-2_0-0_25000_128 | EIP150 (4/4) ... ok
test miner::miner::tests::should_fail_setting_engine_signer_without_account_provider ... ok
   - ecadd_1-2_0-0_25000_128 | EIP158 (1/4) ... ok
   - ecadd_1-2_0-0_25000_128 | EIP158 (2/4) ... ok
   - ecadd_1-2_0-0_25000_128 | EIP158 (3/4) ... ok
   - ecadd_1-2_0-0_25000_128 | EIP158 (4/4) ... ok
   - ecadd_1-2_0-0_25000_128 | Frontier (1/4) ... ok
   - ecadd_1-2_0-0_25000_128 | Frontier (2/4) ... ok
   - ecadd_1-2_0-0_25000_128 | Frontier (3/4) ... ok
test miner::miner::tests::should_import_external_transaction ... ok
   - ecadd_1-2_0-0_25000_128 | Frontier (4/4) ... ok
   - ecadd_1-2_0-0_25000_128 | Homestead (1/4) ... ok
   - ecadd_1-2_0-0_25000_128 | Homestead (2/4) ... ok
   - ecadd_1-2_0-0_25000_128 | Homestead (3/4) ... ok
   - ecadd_1-2_0-0_25000_128 | Homestead (4/4) ... ok
test miner::miner::tests::should_make_pending_block_when_importing_own_transaction ... ok
   - ecadd_1-2_0-0_25000_128 | Byzantium (1/4) ... ok
   - ecadd_1-2_0-0_25000_128 | Byzantium (2/4) ... ok
   - ecadd_1-2_0-0_25000_128 | Byzantium (3/4) ... ok
   - ecadd_1-2_0-0_25000_128 | Byzantium (4/4) ... ok
   - ecadd_0-0_1-2_25000_192 | EIP150 (1/4) ... ok
   - ecadd_0-0_1-2_25000_192 | EIP150 (2/4) ... ok
   - ecadd_0-0_1-2_25000_192 | EIP150 (3/4) ... ok
   - ecadd_0-0_1-2_25000_192 | EIP150 (4/4) ... ok
ok
   - ecmul_0-3_5616_28000_128_d0g0v0_Homestead...   - ecadd_0-0_1-2_25000_192 | EIP158 (1/4) ... ok
   - static_CallRecursiveBombPreCall2 | Byzantium (1/1) ... ok
   - ecadd_0-0_1-2_25000_192 | EIP158 (2/4) ... ok
test miner::miner::tests::should_mine_if_fetch_work_request ... ok
   - static_CallEcrecover0_overlappingInputOutput | EIP150 (1/1) ... ok
   - ecadd_0-0_1-2_25000_192 | EIP158 (3/4) ... ok
   - static_CallEcrecover0_overlappingInputOutput | EIP158 (1/1) ... ok
   - ecadd_0-0_1-2_25000_192 | EIP158 (4/4) ... ok
   - static_CallEcrecover0_overlappingInputOutput | Frontier (1/1) ... ok
   - static_CallEcrecover0_overlappingInputOutput | Homestead (1/1) ... ok
   - ecadd_0-0_1-2_25000_192 | Frontier (1/4) ... ok
   - ecadd_0-0_1-2_25000_192 | Frontier (2/4) ... ok
   - static_CallEcrecover0_overlappingInputOutput | Byzantium (1/1) ... ok
   - ecadd_0-0_1-2_25000_192 | Frontier (3/4) ... ok
   - static_contractCreationMakeCallThatAskMoreGasThenTransactionProvided | EIP150 (1/4) ... ok
   - ecadd_0-0_1-2_25000_192 | Frontier (4/4) ... ok
test miner::miner::tests::should_mine_if_internal_sealing_is_enabled ... ok
   - static_contractCreationMakeCallThatAskMoreGasThenTransactionProvided | EIP150 (2/4) ... ok
   - static_contractCreationMakeCallThatAskMoreGasThenTransactionProvided | EIP150 (3/4) ... ok
   - ecadd_0-0_1-2_25000_192 | Homestead (1/4) ... ok
   - static_contractCreationMakeCallThatAskMoreGasThenTransactionProvided | EIP150 (4/4) ... ok
   - ecadd_0-0_1-2_25000_192 | Homestead (2/4) ... ok
   - static_contractCreationMakeCallThatAskMoreGasThenTransactionProvided | EIP158 (1/4) ... ok
   - ecadd_0-0_1-2_25000_192 | Homestead (3/4) ... ok
   - static_contractCreationMakeCallThatAskMoreGasThenTransactionProvided | EIP158 (2/4) ... ok
   - ecadd_0-0_1-2_25000_192 | Homestead (4/4) ... ok
   - static_contractCreationMakeCallThatAskMoreGasThenTransactionProvided | EIP158 (3/4) ... ok
   - static_contractCreationMakeCallThatAskMoreGasThenTransactionProvided | EIP158 (4/4) ... ok
   - ecadd_0-0_1-2_25000_192 | Byzantium (1/4) ... ok
   - static_contractCreationMakeCallThatAskMoreGasThenTransactionProvided | Frontier (1/4) ... ok
   - ecadd_0-0_1-2_25000_192 | Byzantium (2/4) ... ok
   - static_contractCreationMakeCallThatAskMoreGasThenTransactionProvided | Frontier (2/4) ... ok
   - ecadd_0-0_1-2_25000_192 | Byzantium (3/4) ... ok
   - static_contractCreationMakeCallThatAskMoreGasThenTransactionProvided | Frontier (3/4) ... ok
   - ecadd_0-0_1-2_25000_192 | Byzantium (4/4) ... ok
   - static_contractCreationMakeCallThatAskMoreGasThenTransactionProvided | Frontier (4/4) ... ok
   - static_contractCreationMakeCallThatAskMoreGasThenTransactionProvided | Homestead (1/4) ... ok
   - static_contractCreationMakeCallThatAskMoreGasThenTransactionProvided | Homestead (2/4) ... ok
   - ecmul_1-3_0_28000_128 | EIP150 (1/4) ... ok
   - static_contractCreationMakeCallThatAskMoreGasThenTransactionProvided | Homestead (3/4) ... ok
   - ecmul_1-3_0_28000_128 | EIP150 (2/4) ... ok
   - static_contractCreationMakeCallThatAskMoreGasThenTransactionProvided | Homestead (4/4) ... ok
   - ecmul_1-3_0_28000_128 | EIP150 (3/4) ... ok
   - static_contractCreationMakeCallThatAskMoreGasThenTransactionProvided | Byzantium (1/4) ... ok
   - ecmul_1-3_0_28000_128 | EIP150 (4/4) ... ok
   - static_contractCreationMakeCallThatAskMoreGasThenTransactionProvided | Byzantium (2/4) ... ok
   - ecmul_1-3_0_28000_128 | EIP158 (1/4) ... ok
   - static_contractCreationMakeCallThatAskMoreGasThenTransactionProvided | Byzantium (3/4) ... ok
   - ecmul_1-3_0_28000_128 | EIP158 (2/4) ... ok
   - static_contractCreationMakeCallThatAskMoreGasThenTransactionProvided | Byzantium (4/4) ... ok
   - ecmul_1-3_0_28000_128 | EIP158 (3/4) ... ok
   - static_CallRecursiveBomb0 | EIP150 (1/1) ... ok
test miner::miner::tests::should_not_mine_if_internal_sealing_is_disabled ... ok
   - ecmul_1-3_0_28000_128 | EIP158 (4/4) ... ok
   - static_CallRecursiveBomb0 | EIP158 (1/1) ... ok
   - ecmul_1-3_0_28000_128 | Frontier (1/4) ... ok
   - static_CallRecursiveBomb0 | Frontier (1/1) ... ok
   - ecmul_1-3_0_28000_128 | Frontier (2/4) ... ok
   - static_CallRecursiveBomb0 | Homestead (1/1) ... ok
   - ecmul_1-3_0_28000_128 | Frontier (3/4) ... ok
   - ecmul_1-3_0_28000_128 | Frontier (4/4) ... ok
   - ecmul_1-3_0_28000_128 | Homestead (1/4) ... ok
   - ecmul_1-3_0_28000_128 | Homestead (2/4) ... ok
   - ecmul_1-3_0_28000_128 | Homestead (3/4) ... ok
   - ecmul_1-3_0_28000_128 | Homestead (4/4) ... ok
   - ecmul_1-3_0_28000_128 | Byzantium (1/4) ... ok
   - ecmul_1-3_0_28000_128 | Byzantium (2/4) ... ok
   - ecmul_1-3_0_28000_128 | Byzantium (3/4) ... ok
   - ecmul_1-3_0_28000_128 | Byzantium (4/4) ... ok
   - ecmul_1-3_340282366920938463463374607431768211456_28000_80 | EIP150 (1/4) ... ok
test miner::miner::tests::should_not_mine_if_no_fetch_work_request ... ok
   - ecmul_1-3_340282366920938463463374607431768211456_28000_80 | EIP150 (2/4) ... ok
   - ecmul_1-3_340282366920938463463374607431768211456_28000_80 | EIP150 (3/4) ... ok
   - static_CallRecursiveBomb0 | Byzantium (1/1) ... ok
   - ecmul_1-3_340282366920938463463374607431768211456_28000_80 | EIP150 (4/4) ... ok
   - static_ReturnTest2 | EIP150 (1/1) ... ok
   - static_ReturnTest2 | EIP158 (1/1) ... ok
   - ecmul_1-3_340282366920938463463374607431768211456_28000_80 | EIP158 (1/4) ... ok
   - static_ReturnTest2 | Frontier (1/1) ... ok
   - ecmul_1-3_340282366920938463463374607431768211456_28000_80 | EIP158 (2/4) ... ok
   - static_ReturnTest2 | Homestead (1/1) ... ok
   - static_ReturnTest2 | Byzantium (1/1) ... ok
   - ecmul_1-3_340282366920938463463374607431768211456_28000_80 | EIP158 (3/4) ... ok
test miner::miner::tests::should_not_seal_unless_enabled ... ok
ok
   - ecmul_1-3_340282366920938463463374607431768211456_28000_80 | EIP158 (4/4) ... ok
   - static_refund_CallToSuicideTwice | EIP150 (1/2) ... ok
   - static_refund_CallToSuicideTwice | EIP150 (2/2) ... ok
   - ecmul_1-3_340282366920938463463374607431768211456_28000_80 | Frontier (1/4) ... ok
   - ecmul_1-3_340282366920938463463374607431768211456_28000_80 | Frontier (2/4) ... ok
   - static_refund_CallToSuicideTwice | EIP158 (1/2) ... ok
   - ecmul_1-3_340282366920938463463374607431768211456_28000_80 | Frontier (3/4) ... ok
   - ecmul_1-3_340282366920938463463374607431768211456_28000_80 | Frontier (4/4) ... ok
test miner::miner::tests::should_not_use_pending_block_if_best_block_is_higher ... ok
   - ecmul_1-3_340282366920938463463374607431768211456_28000_80 | Homestead (1/4) ... ok
   - ecpairing_two_point_oog_d0g2v0_Byzantium...   - ecmul_1-3_340282366920938463463374607431768211456_28000_80 | Homestead (2/4) ... ok
test miner::miner::tests::should_prepare_block_to_seal ... ok
   - ecmul_1-3_340282366920938463463374607431768211456_28000_80 | Homestead (3/4) ... ok
   - ecmul_1-3_340282366920938463463374607431768211456_28000_80 | Homestead (4/4) ... ok
   - static_refund_CallToSuicideTwice | EIP158 (2/2) ... ok
   - ecmul_1-3_340282366920938463463374607431768211456_28000_80 | Byzantium (1/4) ... ok
   - ecmul_1-3_340282366920938463463374607431768211456_28000_80 | Byzantium (2/4) ... ok
   - static_refund_CallToSuicideTwice | Frontier (1/2) ... ok
   - ecmul_1-3_340282366920938463463374607431768211456_28000_80 | Byzantium (3/4) ... ok
   - static_refund_CallToSuicideTwice | Frontier (2/2) ... ok
   - ecmul_1-3_340282366920938463463374607431768211456_28000_80 | Byzantium (4/4) ... ok
   - static_refund_CallToSuicideTwice | Homestead (1/2) ... ok
   - static_refund_CallToSuicideTwice | Homestead (2/2) ... ok
   - static_refund_CallToSuicideTwice | Byzantium (1/2) ... ok
   - ecmul_7827-6598_5616_21000_96 | EIP150 (1/4) ... ok
   - static_refund_CallToSuicideTwice | Byzantium (2/2) ... ok
   - ecmul_7827-6598_5616_21000_96 | EIP150 (2/4) ... ok
   - static_CallContractToCreateContractOOGBonusGas | EIP150 (1/2) ... ok
   - ecmul_7827-6598_5616_21000_96 | EIP150 (3/4) ... ok
   - static_CallContractToCreateContractOOGBonusGas | EIP150 (2/2) ... ok
   - ecmul_7827-6598_5616_21000_96 | EIP150 (4/4) ... ok
   - static_CallContractToCreateContractOOGBonusGas | EIP158 (1/2) ... ok
   - static_CallContractToCreateContractOOGBonusGas | EIP158 (2/2) ... ok
   - ecmul_7827-6598_5616_21000_96 | EIP158 (1/4) ... ok
   - static_CallContractToCreateContractOOGBonusGas | Frontier (1/2) ... ok
   - ecmul_7827-6598_5616_21000_96 | EIP158 (2/4) ... ok
   - static_CallContractToCreateContractOOGBonusGas | Frontier (2/2) ... ok
   - ecmul_7827-6598_5616_21000_96 | EIP158 (3/4) ... ok
   - static_CallContractToCreateContractOOGBonusGas | Homestead (1/2) ... ok
INFO:ethcore::miner::miner: Submitted block imported OK. #[1;37m1[0m: [1;37m00b185075867aeb0dd38441208b983f6190252b09920a905a399737e8daf914c[0m
INFO:ethcore::miner::miner: Submitted block imported OK. #[1;37m1[0m: [1;37m00b185075867aeb0dd38441208b983f6190252b09920a905a399737e8daf914c[0m
test miner::miner::tests::should_still_work_after_a_couple_of_blocks ... ok
   - ecmul_7827-6598_5616_21000_96 | EIP158 (4/4) ... ok
   - static_CallContractToCreateContractOOGBonusGas | Homestead (2/2) ... ok
   - static_CallContractToCreateContractOOGBonusGas | Byzantium (1/2) ... ok
   - ecmul_7827-6598_5616_21000_96 | Frontier (1/4) ... ok
   - static_CallContractToCreateContractOOGBonusGas | Byzantium (2/2) ... ok
   - ecmul_7827-6598_5616_21000_96 | Frontier (2/4) ... ok
   - ecmul_7827-6598_5616_21000_96 | Frontier (3/4) ... ok
   - static_Return50000_2 | EIP150 (1/1) ... ok
   - ecmul_7827-6598_5616_21000_96 | Frontier (4/4) ... ok
   - static_Return50000_2 | EIP158 (1/1) ... ok
   - static_Return50000_2 | Frontier (1/1) ... ok
   - ecmul_7827-6598_5616_21000_96 | Homestead (1/4) ... ok
   - ecmul_7827-6598_5616_21000_96 | Homestead (2/4) ... ok
   - ecmul_7827-6598_5616_21000_96 | Homestead (3/4) ... ok
   - ecmul_7827-6598_5616_21000_96 | Homestead (4/4) ... ok
   - ecmul_7827-6598_5616_21000_96 | Byzantium (1/4) ... ok
   - ecmul_7827-6598_5616_21000_96 | Byzantium (2/4) ... ok
   - static_Return50000_2 | Homestead (1/1) ... ok
   - ecmul_7827-6598_5616_21000_96 | Byzantium (3/4) ... ok
   - ecmul_7827-6598_5616_21000_96 | Byzantium (4/4) ... ok
   - ecpairing_two_point_match_4 | EIP150 (1/4) ... ok
   - ecpairing_two_point_match_4 | EIP150 (2/4) ... ok
   - ecpairing_two_point_match_4 | EIP150 (3/4) ... ok
   - ecpairing_two_point_match_4 | EIP150 (4/4) ... ok
   - ecpairing_two_point_match_4 | EIP158 (1/4) ... ok
   - ecpairing_two_point_match_4 | EIP158 (2/4) ... ok
ok
   - ecpairing_two_point_match_4 | EIP158 (3/4) ... ok
   - ecpairing_two_point_oog_d0g2v0_EIP150...   - ecpairing_two_point_match_4 | EIP158 (4/4) ... ok
   - ecpairing_two_point_match_4 | Frontier (1/4) ... ok
   - ecpairing_two_point_match_4 | Frontier (2/4) ... ok
   - ecpairing_two_point_match_4 | Frontier (3/4) ... ok
test miner::miner::tests::should_treat_unfamiliar_locals_selectively ... ok
test pod_account::test::basic ... ok
   - ecpairing_two_point_match_4 | Frontier (4/4) ... ok
   - ecpairing_two_point_match_4 | Homestead (1/4) ... ok
   - ecpairing_two_point_match_4 | Homestead (2/4) ... ok
   - ecpairing_two_point_match_4 | Homestead (3/4) ... ok
   - ecpairing_two_point_match_4 | Homestead (4/4) ... ok
test pod_account::test::code ... ok
test pod_account::test::existence ... ok
test pod_account::test::storage ... ok
test pod_state::test::change_with_unchanged ... ok
test pod_state::test::create_delete ... ok
test pod_state::test::create_delete_with_unchanged ... ok
ok
   - ecpairing_two_point_oog_d0g2v0_EIP158...test snapshot::account::tests::encoding_basic ... ok
test snapshot::account::tests::encoding_code ... ok
   - ecpairing_two_point_match_4 | Byzantium (1/4) ... ok
   - ecpairing_two_point_match_4 | Byzantium (2/4) ... ok
   - ecpairing_two_point_match_4 | Byzantium (3/4) ... ok
   - ecpairing_two_point_match_4 | Byzantium (4/4) ... ok
test snapshot::account::tests::encoding_empty_acc ... ok
   - ecmul_7827-6598_0_28000_80 | EIP150 (1/4) ... ok
   - ecmul_7827-6598_0_28000_80 | EIP150 (2/4) ... ok
   - ecmul_7827-6598_0_28000_80 | EIP150 (3/4) ... ok
   - ecmul_7827-6598_0_28000_80 | EIP150 (4/4) ... ok
   - ecmul_7827-6598_0_28000_80 | EIP158 (1/4) ... ok
   - ecmul_7827-6598_0_28000_80 | EIP158 (2/4) ... ok
test snapshot::account::tests::encoding_storage ... ok
   - ecmul_7827-6598_0_28000_80 | EIP158 (3/4) ... ok
   - ecmul_7827-6598_0_28000_80 | EIP158 (4/4) ... ok
   - ecmul_7827-6598_0_28000_80 | Frontier (1/4) ... ok
   - ecmul_7827-6598_0_28000_80 | Frontier (2/4) ... ok
   - ecmul_7827-6598_0_28000_80 | Frontier (3/4) ... ok
   - ecmul_7827-6598_0_28000_80 | Frontier (4/4) ... ok
   - ecmul_7827-6598_0_28000_80 | Homestead (1/4) ... ok
   - ecmul_7827-6598_0_28000_80 | Homestead (2/4) ... ok
   - ecmul_7827-6598_0_28000_80 | Homestead (3/4) ... ok
   - ecmul_7827-6598_0_28000_80 | Homestead (4/4) ... ok
   - ecmul_7827-6598_0_28000_80 | Byzantium (1/4) ... ok
   - ecmul_7827-6598_0_28000_80 | Byzantium (2/4) ... ok
   - ecmul_7827-6598_0_28000_80 | Byzantium (3/4) ... ok
   - ecmul_7827-6598_0_28000_80 | Byzantium (4/4) ... ok
test snapshot::account::tests::encoding_storage_split ... ok
test snapshot::block::tests::empty_block_abridging ... ok
   - ecmul_1-2_1_28000_128 | EIP150 (1/4) ... ok
   - ecmul_1-2_1_28000_128 | EIP150 (2/4) ... ok
   - ecmul_1-2_1_28000_128 | EIP150 (3/4) ... ok
   - ecmul_1-2_1_28000_128 | EIP150 (4/4) ... ok
test snapshot::block::tests::with_transactions ... ok
   - ecmul_1-2_1_28000_128 | EIP158 (1/4) ... ok
   - ecmul_1-2_1_28000_128 | EIP158 (2/4) ... ok
ok
   - ecpairing_two_point_oog_d0g2v0_Frontier...   - ecmul_1-2_1_28000_128 | EIP158 (3/4) ... ok
test snapshot::block::tests::wrong_number ... ok
   - ecmul_1-2_1_28000_128 | EIP158 (4/4) ... ok
   - ecmul_1-2_1_28000_128 | Frontier (1/4) ... ok
   - ecmul_1-2_1_28000_128 | Frontier (2/4) ... ok
   - ecmul_1-2_1_28000_128 | Frontier (3/4) ... ok
   - ecmul_1-2_1_28000_128 | Frontier (4/4) ... ok
   - ecmul_1-2_1_28000_128 | Homestead (1/4) ... ok
test snapshot::io::tests::loose_write_and_read ... ok
   - ecmul_1-2_1_28000_128 | Homestead (2/4) ... ok
   - ecmul_1-2_1_28000_128 | Homestead (3/4) ... ok
test snapshot::io::tests::packed_write_and_read ... ok
   - ecmul_1-2_1_28000_128 | Homestead (4/4) ... ok
   - ecmul_1-2_1_28000_128 | Byzantium (1/4) ... ok
   - ecmul_1-2_1_28000_128 | Byzantium (2/4) ... ok
   - ecmul_1-2_1_28000_128 | Byzantium (3/4) ... ok
   - ecmul_1-2_1_28000_128 | Byzantium (4/4) ... ok
   - ecpairing_two_point_match_1 | EIP150 (1/4) ... ok
   - ecpairing_two_point_match_1 | EIP150 (2/4) ... ok
   - ecpairing_two_point_match_1 | EIP150 (3/4) ... ok
   - ecpairing_two_point_match_1 | EIP150 (4/4) ... ok
   - ecpairing_two_point_match_1 | EIP158 (1/4) ... ok
test snapshot::service::tests::cannot_finish_with_invalid_chunks ... ok
   - ecpairing_two_point_match_1 | EIP158 (2/4) ... ok
   - ecpairing_two_point_match_1 | EIP158 (3/4) ... ok
   - ecpairing_two_point_match_1 | EIP158 (4/4) ... ok
   - ecpairing_two_point_match_1 | Frontier (1/4) ... ok
   - ecpairing_two_point_match_1 | Frontier (2/4) ... ok
   - ecpairing_two_point_match_1 | Frontier (3/4) ... ok
   - ecpairing_two_point_match_1 | Frontier (4/4) ... ok
   - ecpairing_two_point_match_1 | Homestead (1/4) ... ok
   - ecpairing_two_point_match_1 | Homestead (2/4) ... ok
   - ecpairing_two_point_match_1 | Homestead (3/4) ... ok
   - ecpairing_two_point_match_1 | Homestead (4/4) ... ok
ok
   - ecpairing_two_point_oog_d0g2v0_Homestead...test snapshot::service::tests::sends_async_messages ... ok
test snapshot::tests::manifest_rlp ... ok
   - ecpairing_two_point_match_1 | Byzantium (1/4) ... ok
   - ecpairing_two_point_match_1 | Byzantium (2/4) ... ok
   - ecpairing_two_point_match_1 | Byzantium (3/4) ... ok
ok
   - ecpairing_two_point_match_1 | Byzantium (4/4) ... ok
   - ecmul_0-0_0_28000_40 | EIP150 (1/4) ... ok
   - ecmul_0-0_0_28000_40 | EIP150 (2/4) ... ok
   - ecmul_0-0_2_21000_128_d0g3v0_Byzantium...   - ecmul_0-0_0_28000_40 | EIP150 (3/4) ... ok
   - ecmul_0-0_0_28000_40 | EIP150 (4/4) ... ok
   - ecmul_0-0_0_28000_40 | EIP158 (1/4) ... ok
   - ecmul_0-0_0_28000_40 | EIP158 (2/4) ... ok
   - ecmul_0-0_0_28000_40 | EIP158 (3/4) ... ok
   - ecmul_0-0_0_28000_40 | EIP158 (4/4) ... ok
   - ecmul_0-0_0_28000_40 | Frontier (1/4) ... ok
   - ecmul_0-0_0_28000_40 | Frontier (2/4) ... ok
   - ecmul_0-0_0_28000_40 | Frontier (3/4) ... ok
   - ecmul_0-0_0_28000_40 | Frontier (4/4) ... ok
   - ecmul_0-0_0_28000_40 | Homestead (1/4) ... ok
   - ecmul_0-0_0_28000_40 | Homestead (2/4) ... ok
   - ecmul_0-0_0_28000_40 | Homestead (3/4) ... ok
   - ecmul_0-0_0_28000_40 | Homestead (4/4) ... ok
   - ecmul_0-0_0_28000_40 | Byzantium (1/4) ... ok
   - ecmul_0-0_0_28000_40 | Byzantium (2/4) ... ok
   - ecmul_0-0_0_28000_40 | Byzantium (3/4) ... ok
   - static_Return50000_2 | Byzantium (1/1) ... ok
   - ecmul_0-0_0_28000_40 | Byzantium (4/4) ... ok
   - static_call_OOG_additionalGasCosts2 | EIP150 (1/1) ... ok
   - static_call_OOG_additionalGasCosts2 | EIP158 (1/1) ... ok
   - ecmul_0-0_1_28000_96 | EIP150 (1/4) ... ok
   - static_call_OOG_additionalGasCosts2 | Frontier (1/1) ... ok
   - ecmul_0-0_1_28000_96 | EIP150 (2/4) ... ok
   - static_call_OOG_additionalGasCosts2 | Homestead (1/1) ... ok
   - ecmul_0-0_1_28000_96 | EIP150 (3/4) ... ok
   - static_call_OOG_additionalGasCosts2 | Byzantium (1/1) ... ok
   - ecmul_0-0_1_28000_96 | EIP150 (4/4) ... ok
   - static_ABAcalls1 | EIP150 (1/2) ... ok
   - ecmul_0-0_1_28000_96 | EIP158 (1/4) ... ok
   - static_ABAcalls1 | EIP150 (2/2) ... ok
   - ecmul_0-0_1_28000_96 | EIP158 (2/4) ... ok
   - static_ABAcalls1 | EIP158 (1/2) ... ok
   - ecmul_0-0_1_28000_96 | EIP158 (3/4) ... ok
   - static_ABAcalls1 | EIP158 (2/2) ... ok
   - ecmul_0-0_1_28000_96 | EIP158 (4/4) ... ok
   - static_ABAcalls1 | Frontier (1/2) ... ok
   - ecmul_0-0_1_28000_96 | Frontier (1/4) ... ok
   - static_ABAcalls1 | Frontier (2/2) ... ok
   - ecmul_0-0_1_28000_96 | Frontier (2/4) ... ok
   - static_ABAcalls1 | Homestead (1/2) ... ok
   - ecmul_0-0_1_28000_96 | Frontier (3/4) ... ok
   - static_ABAcalls1 | Homestead (2/2) ... ok
   - ecmul_0-0_1_28000_96 | Frontier (4/4) ... ok
   - ecmul_0-0_1_28000_96 | Homestead (1/4) ... ok
   - ecmul_0-0_1_28000_96 | Homestead (2/4) ... ok
   - ecmul_0-0_1_28000_96 | Homestead (3/4) ... ok
   - ecmul_0-0_1_28000_96 | Homestead (4/4) ... ok
ok
   - ecmul_0-0_2_21000_128_d0g3v0_EIP150...   - ecmul_0-0_1_28000_96 | Byzantium (1/4) ... ok
   - ecmul_0-0_1_28000_96 | Byzantium (2/4) ... ok
   - ecmul_0-0_1_28000_96 | Byzantium (3/4) ... ok
   - ecmul_0-0_1_28000_96 | Byzantium (4/4) ... ok
   - ecmul_0-0_5617_28000_128 | EIP150 (1/4) ... ok
   - static_ABAcalls1 | Byzantium (1/2) ... ok
   - ecmul_0-0_5617_28000_128 | EIP150 (2/4) ... ok
   - ecmul_0-0_5617_28000_128 | EIP150 (3/4) ... ok
   - ecmul_0-0_5617_28000_128 | EIP150 (4/4) ... ok
   - ecmul_0-0_5617_28000_128 | EIP158 (1/4) ... ok
   - ecmul_0-0_5617_28000_128 | EIP158 (2/4) ... ok
   - ecmul_0-0_5617_28000_128 | EIP158 (3/4) ... ok
   - ecmul_0-0_5617_28000_128 | EIP158 (4/4) ... ok
   - ecmul_0-0_5617_28000_128 | Frontier (1/4) ... ok
   - ecmul_0-0_5617_28000_128 | Frontier (2/4) ... ok
   - ecmul_0-0_5617_28000_128 | Frontier (3/4) ... ok
   - ecmul_0-0_5617_28000_128 | Frontier (4/4) ... ok
   - ecmul_0-0_5617_28000_128 | Homestead (1/4) ... ok
   - ecmul_0-0_5617_28000_128 | Homestead (2/4) ... ok
   - ecmul_0-0_5617_28000_128 | Homestead (3/4) ... ok
   - ecmul_0-0_5617_28000_128 | Homestead (4/4) ... ok
   - ecmul_0-0_5617_28000_128 | Byzantium (1/4) ... ok
   - ecmul_0-0_5617_28000_128 | Byzantium (2/4) ... ok
   - static_ABAcalls1 | Byzantium (2/2) ... ok
   - ecmul_0-0_5617_28000_128 | Byzantium (3/4) ... ok
   - static_callcodecallcodecall_110_SuicideMiddle2 | EIP150 (1/1) ... ok
   - ecmul_0-0_5617_28000_128 | Byzantium (4/4) ... ok
   - static_callcodecallcodecall_110_SuicideMiddle2 | EIP158 (1/1) ... ok
   - static_callcodecallcodecall_110_SuicideMiddle2 | Frontier (1/1) ... ok
   - ecmul_0-0_2_21000_128 | EIP150 (1/4) ... ok
   - ecmul_0-0_2_21000_128 | EIP150 (2/4) ... ok
   - static_callcodecallcodecall_110_SuicideMiddle2 | Homestead (1/1) ... ok
   - ecmul_0-0_2_21000_128 | EIP150 (3/4) ... ok
   - static_callcodecallcodecall_110_SuicideMiddle2 | Byzantium (1/1) ... ok
   - ecmul_0-0_2_21000_128 | EIP150 (4/4) ... ok
   - static_callcallcodecallcode_011_OOGMAfter | EIP150 (1/2) ... ok
INFO:ethcore_miner::pool::local_transactions: Transaction mined (hash 0x7b5f8e8927a360d51ca5849f30cbb1231f91ca994f088886e9308e79b1902c45)
   - ecmul_0-0_2_21000_128 | EIP158 (1/4) ... ok
   - static_callcallcodecallcode_011_OOGMAfter | EIP150 (2/2) ... ok
   - ecmul_0-0_2_21000_128 | EIP158 (2/4) ... ok
   - static_callcallcodecallcode_011_OOGMAfter | EIP158 (1/2) ... ok
   - static_callcallcodecallcode_011_OOGMAfter | EIP158 (2/2) ... ok
   - static_callcallcodecallcode_011_OOGMAfter | Frontier (1/2) ... ok
   - static_callcallcodecallcode_011_OOGMAfter | Frontier (2/2) ... ok
   - static_callcallcodecallcode_011_OOGMAfter | Homestead (1/2) ... ok
   - ecmul_0-0_2_21000_128 | EIP158 (3/4) ... ok
   - static_callcallcodecallcode_011_OOGMAfter | Homestead (2/2) ... ok
   - ecmul_0-0_2_21000_128 | EIP158 (4/4) ... ok
   - static_callcallcodecallcode_011_OOGMAfter | Byzantium (1/2) ... ok
   - ecmul_0-0_2_21000_128 | Frontier (1/4) ... ok
   - static_callcallcodecallcode_011_OOGMAfter | Byzantium (2/2) ... ok
   - ecmul_0-0_2_21000_128 | Frontier (2/4) ... ok
   - static_CallLoseGasOOG | EIP150 (1/1) ... ok
   - ecmul_0-0_2_21000_128 | Frontier (3/4) ... ok
   - static_CallLoseGasOOG | EIP158 (1/1) ... ok
ok
   - ecmul_0-0_2_21000_128_d0g3v0_EIP158...   - static_CallLoseGasOOG | Frontier (1/1) ... ok
   - static_CallLoseGasOOG | Homestead (1/1) ... ok
   - static_CallLoseGasOOG | Byzantium (1/1) ... ok
   - ecmul_0-0_2_21000_128 | Frontier (4/4) ... ok
   - static_callOutput3 | EIP150 (1/1) ... ok
   - ecmul_0-0_2_21000_128 | Homestead (1/4) ... ok
   - static_callOutput3 | EIP158 (1/1) ... ok
   - ecmul_0-0_2_21000_128 | Homestead (2/4) ... ok
   - static_callOutput3 | Frontier (1/1) ... ok
   - ecmul_0-0_2_21000_128 | Homestead (3/4) ... ok
INFO:ethcore::engines::validator_set::safe_contract: Signal for switch to contract-based validator set.
INFO:ethcore::engines::validator_set::safe_contract: Initial contract validators: [0x7d577a597b2742b498cb5cf0c26cdcd726d39e6e]
INFO:ethcore::engines::authority_round: Applying validator set change signalled at block 2
INFO:ethcore_miner::pool::local_transactions: Transaction mined (hash 0xb5ab8511e67ad6a2448ad112767e007563ab0453c103dc34f1ac3bcc9aa6c45c)
   - ecmul_0-0_2_21000_128 | Homestead (4/4) ... ok
   - static_callOutput3 | Homestead (1/1) ... ok
   - static_callOutput3 | Byzantium (1/1) ... ok
   - ecmul_0-0_2_21000_128 | Byzantium (1/4) ... ok
   - ecmul_0-0_2_21000_128 | Byzantium (2/4) ... ok
   - static_callcallcodecallcode_011_OOGMAfter_2 | EIP150 (1/2) ... ok
   - ecmul_0-0_2_21000_128 | Byzantium (3/4) ... ok
   - static_callcallcodecallcode_011_OOGMAfter_2 | EIP150 (2/2) ... ok
   - static_callcallcodecallcode_011_OOGMAfter_2 | EIP158 (1/2) ... ok
   - ecmul_0-0_2_21000_128 | Byzantium (4/4) ... ok
   - static_callcallcodecallcode_011_OOGMAfter_2 | EIP158 (2/2) ... ok
   - static_callcallcodecallcode_011_OOGMAfter_2 | Frontier (1/2) ... ok
   - ecmul_0-3_340282366920938463463374607431768211456_28000_128 | EIP150 (1/4) ... ok
   - static_callcallcodecallcode_011_OOGMAfter_2 | Frontier (2/2) ... ok
   - static_callcallcodecallcode_011_OOGMAfter_2 | Homestead (1/2) ... ok
   - ecmul_0-3_340282366920938463463374607431768211456_28000_128 | EIP150 (2/4) ... ok
   - static_callcallcodecallcode_011_OOGMAfter_2 | Homestead (2/2) ... ok
   - ecmul_0-3_340282366920938463463374607431768211456_28000_128 | EIP150 (3/4) ... ok
   - static_callcallcodecallcode_011_OOGMAfter_2 | Byzantium (1/2) ... ok
   - ecmul_0-3_340282366920938463463374607431768211456_28000_128 | EIP150 (4/4) ... ok
   - static_callcallcodecallcode_011_OOGMAfter_2 | Byzantium (2/2) ... ok
   - ecmul_0-3_340282366920938463463374607431768211456_28000_128 | EIP158 (1/4) ... ok
   - static_callcodecallcodecall_110_SuicideEnd2 | EIP150 (1/2) ... ok
   - static_callcodecallcodecall_110_SuicideEnd2 | EIP150 (2/2) ... ok
   - static_callcodecallcodecall_110_SuicideEnd2 | EIP158 (1/2) ... ok
   - static_callcodecallcodecall_110_SuicideEnd2 | EIP158 (2/2) ... ok
   - static_callcodecallcodecall_110_SuicideEnd2 | Frontier (1/2) ... ok
   - static_callcodecallcodecall_110_SuicideEnd2 | Frontier (2/2) ... ok
INFO:ethcore::engines::validator_set::safe_contract: Signal for transition within contract. New list: [0x4a07a55b1dd6ededf07e9d367baf8b32a56c808d, 0xc08b5542d177ac6686946920409741463a15dddb, 0xf18d7be63604117f224f616ec3256d5b8ad4d15e, 0x82a62b49b4c2db09ee169aa1ecb40e8031c613e2]
   - ecmul_0-3_340282366920938463463374607431768211456_28000_128 | EIP158 (2/4) ... ok
INFO:ethcore::engines::authority_round: Applying validator set change signalled at block 3
INFO:ethcore_miner::pool::local_transactions: Transaction mined (hash 0xcb945bcf540ba5da46a0c88b4a1461524b05e1ee3842b54c93de7b318d483ff6)
   - static_callcodecallcodecall_110_SuicideEnd2 | Homestead (1/2) ... ok
   - static_callcodecallcodecall_110_SuicideEnd2 | Homestead (2/2) ... ok
   - ecmul_0-3_340282366920938463463374607431768211456_28000_128 | EIP158 (3/4) ... ok
   - static_callcodecallcodecall_110_SuicideEnd2 | Byzantium (1/2) ... ok
   - ecmul_0-3_340282366920938463463374607431768211456_28000_128 | EIP158 (4/4) ... ok
   - static_callcodecallcodecall_110_SuicideEnd2 | Byzantium (2/2) ... ok
   - ecmul_0-3_340282366920938463463374607431768211456_28000_128 | Frontier (1/4) ... ok
   - static_callcodecallcall_100_2 | EIP150 (1/2) ... ok
   - static_callcodecallcall_100_2 | EIP150 (2/2) ... ok
   - ecmul_0-3_340282366920938463463374607431768211456_28000_128 | Frontier (2/4) ... ok
   - static_callcodecallcall_100_2 | EIP158 (1/2) ... ok
   - static_callcodecallcall_100_2 | EIP158 (2/2) ... ok
   - static_callcodecallcall_100_2 | Frontier (1/2) ... ok
   - static_callcodecallcall_100_2 | Frontier (2/2) ... ok
ok
   - ecmul_0-0_2_21000_128_d0g3v0_Frontier...   - static_callcodecallcall_100_2 | Homestead (1/2) ... ok
   - static_callcodecallcall_100_2 | Homestead (2/2) ... ok
   - static_callcodecallcall_100_2 | Byzantium (1/2) ... ok
   - static_callcodecallcall_100_2 | Byzantium (2/2) ... ok
   - ecmul_0-3_340282366920938463463374607431768211456_28000_128 | Frontier (3/4) ... ok
   - static_callcallcallcode_001_SuicideEnd2 | EIP150 (1/1) ... ok
   - ecmul_0-3_340282366920938463463374607431768211456_28000_128 | Frontier (4/4) ... ok
   - static_callcallcallcode_001_SuicideEnd2 | EIP158 (1/1) ... ok
   - static_callcallcallcode_001_SuicideEnd2 | Frontier (1/1) ... ok
   - ecmul_0-3_340282366920938463463374607431768211456_28000_128 | Homestead (1/4) ... ok
   - static_callcallcallcode_001_SuicideEnd2 | Homestead (1/1) ... ok
   - ecmul_0-3_340282366920938463463374607431768211456_28000_128 | Homestead (2/4) ... ok
   - ecmul_0-3_340282366920938463463374607431768211456_28000_128 | Homestead (3/4) ... ok
   - static_callcallcallcode_001_SuicideEnd2 | Byzantium (1/1) ... ok
   - ecmul_0-3_340282366920938463463374607431768211456_28000_128 | Homestead (4/4) ... ok
   - static_ABAcallsSuicide0 | EIP150 (1/2) ... ok
   - static_ABAcallsSuicide0 | EIP150 (2/2) ... ok
   - ecmul_0-3_340282366920938463463374607431768211456_28000_128 | Byzantium (1/4) ... ok
INFO:ethcore_miner::pool::local_transactions: Transaction mined (hash 0x32582548f731e0d5018057f776a735ffa0e23e6cbf26913c828bb2c3a2abf3ba)
   - static_ABAcallsSuicide0 | EIP158 (1/2) ... ok
   - ecmul_0-3_340282366920938463463374607431768211456_28000_128 | Byzantium (2/4) ... ok
   - static_ABAcallsSuicide0 | EIP158 (2/2) ... ok
   - ecmul_0-3_340282366920938463463374607431768211456_28000_128 | Byzantium (3/4) ... ok
   - static_ABAcallsSuicide0 | Frontier (1/2) ... ok
   - ecmul_0-3_340282366920938463463374607431768211456_28000_128 | Byzantium (4/4) ... ok
   - static_ABAcallsSuicide0 | Frontier (2/2) ... ok
   - ecpairing_two_points_with_one_g2_zero | EIP150 (1/4) ... ok
   - ecpairing_two_points_with_one_g2_zero | EIP150 (2/4) ... ok
   - ecpairing_two_points_with_one_g2_zero | EIP150 (3/4) ... ok
   - ecpairing_two_points_with_one_g2_zero | EIP150 (4/4) ... ok
   - ecpairing_two_points_with_one_g2_zero | EIP158 (1/4) ... ok
   - ecpairing_two_points_with_one_g2_zero | EIP158 (2/4) ... ok
   - static_ABAcallsSuicide0 | Homestead (1/2) ... ok
   - static_ABAcallsSuicide0 | Homestead (2/2) ... ok
   - ecpairing_two_points_with_one_g2_zero | EIP158 (3/4) ... ok
   - ecpairing_two_points_with_one_g2_zero | EIP158 (4/4) ... ok
   - static_ABAcallsSuicide0 | Byzantium (1/2) ... ok
   - ecpairing_two_points_with_one_g2_zero | Frontier (1/4) ... ok
   - ecpairing_two_points_with_one_g2_zero | Frontier (2/4) ... ok
   - ecpairing_two_points_with_one_g2_zero | Frontier (3/4) ... ok
   - ecpairing_two_points_with_one_g2_zero | Frontier (4/4) ... ok
   - static_ABAcallsSuicide0 | Byzantium (2/2) ... ok
INFO:ethcore_miner::pool::local_transactions: Transaction mined (hash 0x1d41981ffde45c0331f29b14854649cdcbb5748d004f1af452d5c7529bf29d5f)   - ecpairing_two_points_with_one_g2_zero | Homestead (1/4) ... ok

   - ecpairing_two_points_with_one_g2_zero | Homestead (2/4) ... ok
ok
   - ecmul_0-0_2_21000_128_d0g3v0_Homestead...   - ecpairing_two_points_with_one_g2_zero | Homestead (3/4) ... ok
   - static_Call50000_identity | EIP150 (1/2) ... ok
   - ecpairing_two_points_with_one_g2_zero | Homestead (4/4) ... ok
   - static_Call50000_identity | EIP150 (2/2) ... ok
   - static_Call50000_identity | EIP158 (1/2) ... ok
   - static_Call50000_identity | EIP158 (2/2) ... ok
   - static_Call50000_identity | Frontier (1/2) ... ok
   - static_Call50000_identity | Frontier (2/2) ... ok
   - static_Call50000_identity | Homestead (1/2) ... ok
   - static_Call50000_identity | Homestead (2/2) ... ok
INFO:ethcore::engines::validator_set::safe_contract: Signal for transition within contract. New list: [0x7d577a597b2742b498cb5cf0c26cdcd726d39e6e, 0xfb44fa0865747558066266061786e69336b5f3a2, 0x6e12d8c87503d4287c294f2fdef96acd9dff6bd2, 0x256838c23b9496e09173aa6e57d8d1d127e07e67]
INFO:ethcore_miner::pool::local_transactions: Transaction mined (hash 0x41cfd2a329dbe9595013408673540cef41c743a57e5c7aafd1c1b2c24a40a3a0)
   - ecpairing_two_points_with_one_g2_zero | Byzantium (1/4) ... ok
   - ecpairing_two_points_with_one_g2_zero | Byzantium (2/4) ... ok
   - ecpairing_two_points_with_one_g2_zero | Byzantium (3/4) ... ok
   - ecpairing_two_points_with_one_g2_zero | Byzantium (4/4) ... ok
   - ecmul_7827-6598_5617_21000_96 | EIP150 (1/4) ... ok
   - ecmul_7827-6598_5617_21000_96 | EIP150 (2/4) ... ok
   - ecmul_7827-6598_5617_21000_96 | EIP150 (3/4) ... ok
   - ecmul_7827-6598_5617_21000_96 | EIP150 (4/4) ... ok
   - ecmul_7827-6598_5617_21000_96 | EIP158 (1/4) ... ok
   - ecmul_7827-6598_5617_21000_96 | EIP158 (2/4) ... ok
INFO:ethcore_miner::pool::local_transactions: Transaction mined (hash 0xa32c0c0b974c4798bf86df64bea0d9cf7d2c173179947f8b7859da39f06cb5ca)
   - ecmul_7827-6598_5617_21000_96 | EIP158 (3/4) ... ok
   - ecmul_7827-6598_5617_21000_96 | EIP158 (4/4) ... ok
   - ecmul_7827-6598_5617_21000_96 | Frontier (1/4) ... ok
   - ecmul_7827-6598_5617_21000_96 | Frontier (2/4) ... ok
   - ecmul_7827-6598_5617_21000_96 | Frontier (3/4) ... ok
   - ecmul_7827-6598_5617_21000_96 | Frontier (4/4) ... ok
   - ecmul_7827-6598_5617_21000_96 | Homestead (1/4) ... ok
   - ecmul_7827-6598_5617_21000_96 | Homestead (2/4) ... ok
   - ecmul_7827-6598_5617_21000_96 | Homestead (3/4) ... ok
   - ecmul_7827-6598_5617_21000_96 | Homestead (4/4) ... ok
   - ecmul_7827-6598_5617_21000_96 | Byzantium (1/4) ... ok
   - ecmul_7827-6598_5617_21000_96 | Byzantium (2/4) ... ok
   - ecmul_7827-6598_5617_21000_96 | Byzantium (3/4) ... ok
ok
   - ecmul_7827-6598_5617_21000_96 | Byzantium (4/4) ... ok
   - ecmul_1-3_1_28000_128 | EIP150 (1/4) ... ok
   - ecmul_1-3_1_28000_128 | EIP150 (2/4) ... ok
   - ecmul_0-0_0_28000_80_d0g1v0_Byzantium...   - ecmul_1-3_1_28000_128 | EIP150 (3/4) ... ok
   - ecmul_1-3_1_28000_128 | EIP150 (4/4) ... ok
   - ecmul_1-3_1_28000_128 | EIP158 (1/4) ... ok
   - ecmul_1-3_1_28000_128 | EIP158 (2/4) ... ok
   - ecmul_1-3_1_28000_128 | EIP158 (3/4) ... ok
   - ecmul_1-3_1_28000_128 | EIP158 (4/4) ... ok
   - ecmul_1-3_1_28000_128 | Frontier (1/4) ... ok
   - ecmul_1-3_1_28000_128 | Frontier (2/4) ... ok
   - ecmul_1-3_1_28000_128 | Frontier (3/4) ... ok
   - ecmul_1-3_1_28000_128 | Frontier (4/4) ... ok
   - ecmul_1-3_1_28000_128 | Homestead (1/4) ... ok
   - ecmul_1-3_1_28000_128 | Homestead (2/4) ... ok
   - ecmul_1-3_1_28000_128 | Homestead (3/4) ... ok
   - ecmul_1-3_1_28000_128 | Homestead (4/4) ... ok
   - ecmul_1-3_1_28000_128 | Byzantium (1/4) ... ok
   - ecmul_1-3_1_28000_128 | Byzantium (2/4) ... ok
   - ecmul_1-3_1_28000_128 | Byzantium (3/4) ... ok
   - ecmul_1-3_1_28000_128 | Byzantium (4/4) ... ok
   - ecmul_7827-6598_0_28000_128 | EIP150 (1/4) ... ok
INFO:ethcore::engines::authority_round: Applying validator set change signalled at block 6
INFO:ethcore_miner::pool::local_transactions: Transaction mined (hash 0x555833b2710eec8714088ccc55fc0108e9afe4206164cb55c9b88b81602fbc6d)
   - ecmul_7827-6598_0_28000_128 | EIP150 (2/4) ... ok
   - ecmul_7827-6598_0_28000_128 | EIP150 (3/4) ... ok
   - ecmul_7827-6598_0_28000_128 | EIP150 (4/4) ... ok
   - ecmul_7827-6598_0_28000_128 | EIP158 (1/4) ... ok
   - ecmul_7827-6598_0_28000_128 | EIP158 (2/4) ... ok
   - ecmul_7827-6598_0_28000_128 | EIP158 (3/4) ... ok
   - ecmul_7827-6598_0_28000_128 | EIP158 (4/4) ... ok
   - ecmul_7827-6598_0_28000_128 | Frontier (1/4) ... ok
   - ecmul_7827-6598_0_28000_128 | Frontier (2/4) ... ok
   - ecmul_7827-6598_0_28000_128 | Frontier (3/4) ... ok
   - ecmul_7827-6598_0_28000_128 | Frontier (4/4) ... ok
   - ecmul_7827-6598_0_28000_128 | Homestead (1/4) ... ok
   - ecmul_7827-6598_0_28000_128 | Homestead (2/4) ... ok
   - ecmul_7827-6598_0_28000_128 | Homestead (3/4) ... ok
   - ecmul_7827-6598_0_28000_128 | Homestead (4/4) ... ok
   - ecmul_7827-6598_0_28000_128 | Byzantium (1/4) ... ok
   - ecmul_7827-6598_0_28000_128 | Byzantium (2/4) ... ok
   - ecmul_7827-6598_0_28000_128 | Byzantium (3/4) ... ok
   - ecmul_7827-6598_0_28000_128 | Byzantium (4/4) ... ok
   - ecmul_0-0_0_21000_64 | EIP150 (1/4) ... ok
   - ecmul_0-0_0_21000_64 | EIP150 (2/4) ... ok
   - ecmul_0-0_0_21000_64 | EIP150 (3/4) ... ok
   - ecmul_0-0_0_21000_64 | EIP150 (4/4) ... ok
   - ecmul_0-0_0_21000_64 | EIP158 (1/4) ... ok
   - ecmul_0-0_0_21000_64 | EIP158 (2/4) ... ok
   - ecmul_0-0_0_21000_64 | EIP158 (3/4) ... ok
   - ecmul_0-0_0_21000_64 | EIP158 (4/4) ... ok
   - ecmul_0-0_0_21000_64 | Frontier (1/4) ... ok
   - ecmul_0-0_0_21000_64 | Frontier (2/4) ... ok
   - ecmul_0-0_0_21000_64 | Frontier (3/4) ... ok
   - ecmul_0-0_0_21000_64 | Frontier (4/4) ... ok
   - ecmul_0-0_0_21000_64 | Homestead (1/4) ... ok
   - ecmul_0-0_0_21000_64 | Homestead (2/4) ... ok
   - ecmul_0-0_0_21000_64 | Homestead (3/4) ... ok
   - ecmul_0-0_0_21000_64 | Homestead (4/4) ... ok
   - ecmul_0-0_0_21000_64 | Byzantium (1/4) ... ok
   - ecmul_0-0_0_21000_64 | Byzantium (2/4) ... ok
   - ecmul_0-0_0_21000_64 | Byzantium (3/4) ... ok
   - ecmul_0-0_0_21000_64 | Byzantium (4/4) ... ok
INFO:ethcore_miner::pool::local_transactions: Transaction mined (hash 0x3c7044d48e27c385a0bd0120ea2ba38b01f497ddcb5dd5d10848453acca05928)
   - ecadd_1145-3932_2969-1336_25000_128 | EIP150 (1/4) ... ok
ok
   - ecmul_0-0_0_28000_80_d0g1v0_EIP150...   - ecadd_1145-3932_2969-1336_25000_128 | EIP150 (2/4) ... ok
   - ecadd_1145-3932_2969-1336_25000_128 | EIP150 (3/4) ... ok
   - ecadd_1145-3932_2969-1336_25000_128 | EIP150 (4/4) ... ok
   - ecadd_1145-3932_2969-1336_25000_128 | EIP158 (1/4) ... ok
   - ecadd_1145-3932_2969-1336_25000_128 | EIP158 (2/4) ... ok
   - ecadd_1145-3932_2969-1336_25000_128 | EIP158 (3/4) ... ok
   - static_Call50000_identity | Byzantium (1/2) ... ok
   - ecadd_1145-3932_2969-1336_25000_128 | EIP158 (4/4) ... ok
   - ecadd_1145-3932_2969-1336_25000_128 | Frontier (1/4) ... ok
   - ecadd_1145-3932_2969-1336_25000_128 | Frontier (2/4) ... ok
   - ecadd_1145-3932_2969-1336_25000_128 | Frontier (3/4) ... ok
   - ecadd_1145-3932_2969-1336_25000_128 | Frontier (4/4) ... ok
   - ecadd_1145-3932_2969-1336_25000_128 | Homestead (1/4) ... ok
   - ecadd_1145-3932_2969-1336_25000_128 | Homestead (2/4) ... ok
   - ecadd_1145-3932_2969-1336_25000_128 | Homestead (3/4) ... ok
   - ecadd_1145-3932_2969-1336_25000_128 | Homestead (4/4) ... ok
   - ecadd_1145-3932_2969-1336_25000_128 | Byzantium (1/4) ... ok
   - ecadd_1145-3932_2969-1336_25000_128 | Byzantium (2/4) ... ok
   - ecadd_1145-3932_2969-1336_25000_128 | Byzantium (3/4) ... ok
   - ecadd_1145-3932_2969-1336_25000_128 | Byzantium (4/4) ... ok
INFO:ethcore::engines::validator_set::safe_contract: Signal for switch to contract-based validator set.
INFO:ethcore::engines::validator_set::safe_contract: Initial contract validators: [0x7d577a597b2742b498cb5cf0c26cdcd726d39e6e]
INFO:ethcore_miner::pool::local_transactions: Transaction mined (hash 0xcdad59f7cd7392eac4840f5bb73b178ca252e0dd3c11dace28b5df9d46ab53d7)
   - ecmul_1-2_1_21000_96 | EIP150 (1/4) ... ok
   - ecmul_1-2_1_21000_96 | EIP150 (2/4) ... ok
   - ecmul_1-2_1_21000_96 | EIP150 (3/4) ... ok
   - ecmul_1-2_1_21000_96 | EIP150 (4/4) ... ok
   - ecmul_1-2_1_21000_96 | EIP158 (1/4) ... ok
ok
   - ecmul_0-0_0_28000_80_d0g1v0_EIP158...   - ecmul_1-2_1_21000_96 | EIP158 (2/4) ... ok
   - ecmul_1-2_1_21000_96 | EIP158 (3/4) ... ok
   - ecmul_1-2_1_21000_96 | EIP158 (4/4) ... ok
   - ecmul_1-2_1_21000_96 | Frontier (1/4) ... ok
   - ecmul_1-2_1_21000_96 | Frontier (2/4) ... ok
   - ecmul_1-2_1_21000_96 | Frontier (3/4) ... ok
   - ecmul_1-2_1_21000_96 | Frontier (4/4) ... ok
   - ecmul_1-2_1_21000_96 | Homestead (1/4) ... ok
   - ecmul_1-2_1_21000_96 | Homestead (2/4) ... ok
   - ecmul_1-2_1_21000_96 | Homestead (3/4) ... ok
   - ecmul_1-2_1_21000_96 | Homestead (4/4) ... ok
   - ecmul_1-2_1_21000_96 | Byzantium (1/4) ... ok
   - ecmul_1-2_1_21000_96 | Byzantium (2/4) ... ok
   - ecmul_1-2_1_21000_96 | Byzantium (3/4) ... ok
   - ecmul_1-2_1_21000_96 | Byzantium (4/4) ... ok
INFO:ethcore_miner::pool::local_transactions: Transaction mined (hash 0x1946c83d570c7c604fde58efa543e27139e8580c38d1da5784e500bf6dd27fd9)
INFO:ethcore::snapshot: Taking snapshot starting at block 11
   - ecpairing_perturb_zeropoint_by_one | EIP150 (1/4) ... ok
   - ecpairing_perturb_zeropoint_by_one | EIP150 (2/4) ... ok
   - ecpairing_perturb_zeropoint_by_one | EIP150 (3/4) ... ok
   - ecpairing_perturb_zeropoint_by_one | EIP150 (4/4) ... ok
   - ecpairing_perturb_zeropoint_by_one | EIP158 (1/4) ... ok
   - ecpairing_perturb_zeropoint_by_one | EIP158 (2/4) ... ok
   - ecpairing_perturb_zeropoint_by_one | EIP158 (3/4) ... ok
   - ecpairing_perturb_zeropoint_by_one | EIP158 (4/4) ... ok
   - ecpairing_perturb_zeropoint_by_one | Frontier (1/4) ... ok
   - ecpairing_perturb_zeropoint_by_one | Frontier (2/4) ... ok
   - ecpairing_perturb_zeropoint_by_one | Frontier (3/4) ... ok
   - ecpairing_perturb_zeropoint_by_one | Frontier (4/4) ... ok
   - ecpairing_perturb_zeropoint_by_one | Homestead (1/4) ... ok
   - ecpairing_perturb_zeropoint_by_one | Homestead (2/4) ... ok
   - ecpairing_perturb_zeropoint_by_one | Homestead (3/4) ... ok
   - ecpairing_perturb_zeropoint_by_one | Homestead (4/4) ... ok
INFO:ethcore::snapshot: produced 1 state chunks and 1 block chunks.
   - ecpairing_perturb_zeropoint_by_one | Byzantium (1/4) ... ok
ok
   - ecmul_0-0_0_28000_80_d0g1v0_Frontier...   - ecpairing_perturb_zeropoint_by_one | Byzantium (2/4) ... ok
   - ecpairing_perturb_zeropoint_by_one | Byzantium (3/4) ... ok
   - ecpairing_perturb_zeropoint_by_one | Byzantium (4/4) ... ok
   - ecpairing_two_point_fail_1 | EIP150 (1/4) ... ok
   - ecpairing_two_point_fail_1 | EIP150 (2/4) ... ok
   - ecpairing_two_point_fail_1 | EIP150 (3/4) ... ok
   - ecpairing_two_point_fail_1 | EIP150 (4/4) ... ok
   - ecpairing_two_point_fail_1 | EIP158 (1/4) ... ok
   - ecpairing_two_point_fail_1 | EIP158 (2/4) ... ok
test snapshot::tests::proof_of_authority::fixed_to_contract_only ... ok
   - ecpairing_two_point_fail_1 | EIP158 (3/4) ... ok
   - ecpairing_two_point_fail_1 | EIP158 (4/4) ... ok
   - ecpairing_two_point_fail_1 | Frontier (1/4) ... ok
   - ecpairing_two_point_fail_1 | Frontier (2/4) ... ok
   - ecpairing_two_point_fail_1 | Frontier (3/4) ... ok
   - ecpairing_two_point_fail_1 | Frontier (4/4) ... ok
   - ecpairing_two_point_fail_1 | Homestead (1/4) ... ok
   - ecpairing_two_point_fail_1 | Homestead (2/4) ... ok
   - ecpairing_two_point_fail_1 | Homestead (3/4) ... ok
   - ecpairing_two_point_fail_1 | Homestead (4/4) ... ok
ok
   - ecmul_0-0_0_28000_80_d0g1v0_Homestead...   - ecpairing_two_point_fail_1 | Byzantium (1/4) ... ok
   - ecpairing_two_point_fail_1 | Byzantium (2/4) ... ok
   - ecpairing_two_point_fail_1 | Byzantium (3/4) ... ok
   - ecpairing_two_point_fail_1 | Byzantium (4/4) ... ok
   - ecmul_0-0_5616_28000_128 | EIP150 (1/4) ... ok
   - ecmul_0-0_5616_28000_128 | EIP150 (2/4) ... ok
   - ecmul_0-0_5616_28000_128 | EIP150 (3/4) ... ok
   - ecmul_0-0_5616_28000_128 | EIP150 (4/4) ... ok
   - ecmul_0-0_5616_28000_128 | EIP158 (1/4) ... ok
   - ecmul_0-0_5616_28000_128 | EIP158 (2/4) ... ok
   - ecmul_0-0_5616_28000_128 | EIP158 (3/4) ... ok
   - ecmul_0-0_5616_28000_128 | EIP158 (4/4) ... ok
   - ecmul_0-0_5616_28000_128 | Frontier (1/4) ... ok
   - ecmul_0-0_5616_28000_128 | Frontier (2/4) ... ok
   - ecmul_0-0_5616_28000_128 | Frontier (3/4) ... ok
   - ecmul_0-0_5616_28000_128 | Frontier (4/4) ... ok
   - ecmul_0-0_5616_28000_128 | Homestead (1/4) ... ok
   - ecmul_0-0_5616_28000_128 | Homestead (2/4) ... ok
   - ecmul_0-0_5616_28000_128 | Homestead (3/4) ... ok
   - ecmul_0-0_5616_28000_128 | Homestead (4/4) ... ok
   - ecmul_0-0_5616_28000_128 | Byzantium (1/4) ... ok
ok
   - ecmul_0-0_5616_28000_128 | Byzantium (2/4) ... ok
   - ecmul_0-0_5616_28000_128 | Byzantium (3/4) ... ok
   - ecmul_0-0_5616_28000_128 | Byzantium (4/4) ... ok
   - ecmul_1-3_340282366920938463463374607431768211456_21000_128_d0g2v0_Byzantium...   - ecmul_1-3_340282366920938463463374607431768211456_28000_96 | EIP150 (1/4) ... ok
   - ecmul_1-3_340282366920938463463374607431768211456_28000_96 | EIP150 (2/4) ... ok
   - ecmul_1-3_340282366920938463463374607431768211456_28000_96 | EIP150 (3/4) ... ok
   - ecmul_1-3_340282366920938463463374607431768211456_28000_96 | EIP150 (4/4) ... ok
   - ecmul_1-3_340282366920938463463374607431768211456_28000_96 | EIP158 (1/4) ... ok
   - ecmul_1-3_340282366920938463463374607431768211456_28000_96 | EIP158 (2/4) ... ok
   - ecmul_1-3_340282366920938463463374607431768211456_28000_96 | EIP158 (3/4) ... ok
   - ecmul_1-3_340282366920938463463374607431768211456_28000_96 | EIP158 (4/4) ... ok
   - ecmul_1-3_340282366920938463463374607431768211456_28000_96 | Frontier (1/4) ... ok
   - ecmul_1-3_340282366920938463463374607431768211456_28000_96 | Frontier (2/4) ... ok
   - ecmul_1-3_340282366920938463463374607431768211456_28000_96 | Frontier (3/4) ... ok
   - ecmul_1-3_340282366920938463463374607431768211456_28000_96 | Frontier (4/4) ... ok
   - ecmul_1-3_340282366920938463463374607431768211456_28000_96 | Homestead (1/4) ... ok
   - ecmul_1-3_340282366920938463463374607431768211456_28000_96 | Homestead (2/4) ... ok
   - ecmul_1-3_340282366920938463463374607431768211456_28000_96 | Homestead (3/4) ... ok
   - ecmul_1-3_340282366920938463463374607431768211456_28000_96 | Homestead (4/4) ... ok
   - ecmul_1-3_340282366920938463463374607431768211456_28000_96 | Byzantium (1/4) ... ok
   - ecmul_1-3_340282366920938463463374607431768211456_28000_96 | Byzantium (2/4) ... ok
   - ecmul_1-3_340282366920938463463374607431768211456_28000_96 | Byzantium (3/4) ... ok
   - ecmul_1-3_340282366920938463463374607431768211456_28000_96 | Byzantium (4/4) ... ok
   - ecmul_0-0_5617_21000_96 | EIP150 (1/4) ... ok
   - ecmul_0-0_5617_21000_96 | EIP150 (2/4) ... ok
   - ecmul_0-0_5617_21000_96 | EIP150 (3/4) ... ok
   - ecmul_0-0_5617_21000_96 | EIP150 (4/4) ... ok
   - ecmul_0-0_5617_21000_96 | EIP158 (1/4) ... ok
   - ecmul_0-0_5617_21000_96 | EIP158 (2/4) ... ok
   - ecmul_0-0_5617_21000_96 | EIP158 (3/4) ... ok
   - ecmul_0-0_5617_21000_96 | EIP158 (4/4) ... ok
   - ecmul_0-0_5617_21000_96 | Frontier (1/4) ... ok
   - ecmul_0-0_5617_21000_96 | Frontier (2/4) ... ok
   - ecmul_0-0_5617_21000_96 | Frontier (3/4) ... ok
   - ecmul_0-0_5617_21000_96 | Frontier (4/4) ... ok
   - ecmul_0-0_5617_21000_96 | Homestead (1/4) ... ok
   - ecmul_0-0_5617_21000_96 | Homestead (2/4) ... ok
   - ecmul_0-0_5617_21000_96 | Homestead (3/4) ... ok
   - ecmul_0-0_5617_21000_96 | Homestead (4/4) ... ok
   - ecmul_0-0_5617_21000_96 | Byzantium (1/4) ... ok
   - ecmul_0-0_5617_21000_96 | Byzantium (2/4) ... ok
   - ecmul_0-0_5617_21000_96 | Byzantium (3/4) ... ok
   - ecmul_0-0_5617_21000_96 | Byzantium (4/4) ... ok
   - ecpairing_perturb_zeropoint_by_curve_order | EIP150 (1/4) ... ok
   - ecpairing_perturb_zeropoint_by_curve_order | EIP150 (2/4) ... ok
   - ecpairing_perturb_zeropoint_by_curve_order | EIP150 (3/4) ... ok
   - ecpairing_perturb_zeropoint_by_curve_order | EIP150 (4/4) ... ok
INFO:ethcore_miner::pool::local_transactions: Transaction mined (hash 0x7b5f8e8927a360d51ca5849f30cbb1231f91ca994f088886e9308e79b1902c45)
   - ecpairing_perturb_zeropoint_by_curve_order | EIP158 (1/4) ... ok
   - ecpairing_perturb_zeropoint_by_curve_order | EIP158 (2/4) ... ok
   - ecpairing_perturb_zeropoint_by_curve_order | EIP158 (3/4) ... ok
ok
   - ecmul_1-3_340282366920938463463374607431768211456_21000_128_d0g2v0_EIP150...   - ecpairing_perturb_zeropoint_by_curve_order | EIP158 (4/4) ... ok
   - ecpairing_perturb_zeropoint_by_curve_order | Frontier (1/4) ... ok
   - ecpairing_perturb_zeropoint_by_curve_order | Frontier (2/4) ... ok
   - ecpairing_perturb_zeropoint_by_curve_order | Frontier (3/4) ... ok
   - ecpairing_perturb_zeropoint_by_curve_order | Frontier (4/4) ... ok
INFO:ethcore::engines::validator_set::safe_contract: Signal for switch to contract-based validator set.
INFO:ethcore::engines::validator_set::safe_contract: Initial contract validators: [0x7d577a597b2742b498cb5cf0c26cdcd726d39e6e]
INFO:ethcore::engines::authority_round: Applying validator set change signalled at block 2
INFO:ethcore_miner::pool::local_transactions: Transaction mined (hash 0xb5ab8511e67ad6a2448ad112767e007563ab0453c103dc34f1ac3bcc9aa6c45c)
   - ecpairing_perturb_zeropoint_by_curve_order | Homestead (1/4) ... ok
   - ecpairing_perturb_zeropoint_by_curve_order | Homestead (2/4) ... ok
   - ecpairing_perturb_zeropoint_by_curve_order | Homestead (3/4) ... ok
   - ecpairing_perturb_zeropoint_by_curve_order | Homestead (4/4) ... ok
   - ecpairing_perturb_zeropoint_by_curve_order | Byzantium (1/4) ... ok
INFO:ethcore::engines::validator_set::safe_contract: Signal for transition within contract. New list: [0x4a07a55b1dd6ededf07e9d367baf8b32a56c808d, 0xc08b5542d177ac6686946920409741463a15dddb, 0xf18d7be63604117f224f616ec3256d5b8ad4d15e, 0x82a62b49b4c2db09ee169aa1ecb40e8031c613e2]
INFO:ethcore::engines::authority_round: Applying validator set change signalled at block 3
INFO:ethcore_miner::pool::local_transactions: Transaction mined (hash 0xcb945bcf540ba5da46a0c88b4a1461524b05e1ee3842b54c93de7b318d483ff6)
   - ecpairing_perturb_zeropoint_by_curve_order | Byzantium (2/4) ... ok
   - ecpairing_perturb_zeropoint_by_curve_order | Byzantium (3/4) ... ok
   - ecpairing_perturb_zeropoint_by_curve_order | Byzantium (4/4) ... ok
   - ecpairing_bad_length_193 | EIP150 (1/4) ... ok
   - ecpairing_bad_length_193 | EIP150 (2/4) ... ok
   - ecpairing_bad_length_193 | EIP150 (3/4) ... ok
   - ecpairing_bad_length_193 | EIP150 (4/4) ... ok
   - ecpairing_bad_length_193 | EIP158 (1/4) ... ok
   - ecpairing_bad_length_193 | EIP158 (2/4) ... ok
   - ecpairing_bad_length_193 | EIP158 (3/4) ... ok
   - ecpairing_bad_length_193 | EIP158 (4/4) ... ok
   - ecpairing_bad_length_193 | Frontier (1/4) ... ok
   - ecpairing_bad_length_193 | Frontier (2/4) ... ok
   - ecpairing_bad_length_193 | Frontier (3/4) ... ok
   - ecpairing_bad_length_193 | Frontier (4/4) ... ok
   - ecpairing_bad_length_193 | Homestead (1/4) ... ok
INFO:ethcore_miner::pool::local_transactions: Transaction mined (hash 0x32582548f731e0d5018057f776a735ffa0e23e6cbf26913c828bb2c3a2abf3ba)
   - ecpairing_bad_length_193 | Homestead (2/4) ... ok
   - ecpairing_bad_length_193 | Homestead (3/4) ... ok
   - ecpairing_bad_length_193 | Homestead (4/4) ... ok
   - static_Call50000_identity | Byzantium (2/2) ... ok
   - ecpairing_bad_length_193 | Byzantium (1/4) ... ok
   - static_PostToReturn1 | EIP150 (1/1) ... ok
   - ecpairing_bad_length_193 | Byzantium (2/4) ... ok
   - static_PostToReturn1 | EIP158 (1/1) ... ok
   - ecpairing_bad_length_193 | Byzantium (3/4) ... ok
   - static_PostToReturn1 | Frontier (1/1) ... ok
   - ecpairing_bad_length_193 | Byzantium (4/4) ... ok
   - static_PostToReturn1 | Homestead (1/1) ... ok
   - ecadd_0-3_1-2_21000_128 | EIP150 (1/4) ... ok
   - static_PostToReturn1 | Byzantium (1/1) ... ok
   - ecadd_0-3_1-2_21000_128 | EIP150 (2/4) ... ok
   - static_log1_logMemsizeZero | EIP150 (1/1) ... ok
   - static_log1_logMemsizeZero | EIP158 (1/1) ... ok
   - ecadd_0-3_1-2_21000_128 | EIP150 (3/4) ... ok
   - static_log1_logMemsizeZero | Frontier (1/1) ... ok
   - ecadd_0-3_1-2_21000_128 | EIP150 (4/4) ... ok
   - static_log1_logMemsizeZero | Homestead (1/1) ... ok
   - ecadd_0-3_1-2_21000_128 | EIP158 (1/4) ... ok
   - static_log1_logMemsizeZero | Byzantium (1/1) ... ok
   - ecadd_0-3_1-2_21000_128 | EIP158 (2/4) ... ok
   - ecadd_0-3_1-2_21000_128 | EIP158 (3/4) ... ok
   - static_callcallcode_01_SuicideEnd | EIP150 (1/1) ... ok
   - ecadd_0-3_1-2_21000_128 | EIP158 (4/4) ... ok
   - ecadd_0-3_1-2_21000_128 | Frontier (1/4) ... ok
   - ecadd_0-3_1-2_21000_128 | Frontier (2/4) ... ok
ok
   - ecmul_1-3_340282366920938463463374607431768211456_21000_128_d0g2v0_EIP158...INFO:ethcore_miner::pool::local_transactions: Transaction mined (hash 0x1d41981ffde45c0331f29b14854649cdcbb5748d004f1af452d5c7529bf29d5f)   - ecadd_0-3_1-2_21000_128 | Frontier (3/4) ... ok

   - ecadd_0-3_1-2_21000_128 | Frontier (4/4) ... ok
   - static_callcallcode_01_SuicideEnd | EIP158 (1/1) ... ok
   - ecadd_0-3_1-2_21000_128 | Homestead (1/4) ... ok
   - static_callcallcode_01_SuicideEnd | Frontier (1/1) ... ok
   - static_callcallcode_01_SuicideEnd | Homestead (1/1) ... ok
   - ecadd_0-3_1-2_21000_128 | Homestead (2/4) ... ok
   - ecadd_0-3_1-2_21000_128 | Homestead (3/4) ... ok
   - static_callcallcode_01_SuicideEnd | Byzantium (1/1) ... ok
   - ecadd_0-3_1-2_21000_128 | Homestead (4/4) ... ok
   - static_callToDelCallOpCodeCheck | EIP150 (1/1) ... ok
   - ecadd_0-3_1-2_21000_128 | Byzantium (1/4) ... ok
   - static_callToDelCallOpCodeCheck | EIP158 (1/1) ... ok
   - ecadd_0-3_1-2_21000_128 | Byzantium (2/4) ... ok
   - ecadd_0-3_1-2_21000_128 | Byzantium (3/4) ... ok
   - static_callToDelCallOpCodeCheck | Frontier (1/1) ... ok
   - ecadd_0-3_1-2_21000_128 | Byzantium (4/4) ... ok
   - static_callToDelCallOpCodeCheck | Homestead (1/1) ... ok
   - static_callToDelCallOpCodeCheck | Byzantium (1/1) ... ok
   - static_callcodecallcodecall_110_OOGMAfter_3 | EIP150 (1/1) ... ok
   - pairingTest | EIP150 (1/24) ... ok
   - pairingTest | EIP150 (2/24) ... ok
   - static_callcodecallcodecall_110_OOGMAfter_3 | EIP158 (1/1) ... ok
   - pairingTest | EIP150 (3/24) ... ok
   - pairingTest | EIP150 (4/24) ... ok
   - pairingTest | EIP150 (5/24) ... ok
   - static_callcodecallcodecall_110_OOGMAfter_3 | Frontier (1/1) ... ok
   - pairingTest | EIP150 (6/24) ... ok
   - pairingTest | EIP150 (7/24) ... ok
   - pairingTest | EIP150 (8/24) ... ok
   - pairingTest | EIP150 (9/24) ... ok
   - static_callcodecallcodecall_110_OOGMAfter_3 | Homestead (1/1) ... ok
   - pairingTest | EIP150 (10/24) ... ok
INFO:ethcore::engines::validator_set::safe_contract: Signal for transition within contract. New list: [0x7d577a597b2742b498cb5cf0c26cdcd726d39e6e, 0xfb44fa0865747558066266061786e69336b5f3a2, 0x6e12d8c87503d4287c294f2fdef96acd9dff6bd2, 0x256838c23b9496e09173aa6e57d8d1d127e07e67]
INFO:ethcore_miner::pool::local_transactions: Transaction mined (hash 0x41cfd2a329dbe9595013408673540cef41c743a57e5c7aafd1c1b2c24a40a3a0)
   - pairingTest | EIP150 (11/24) ... ok
   - static_callcodecallcodecall_110_OOGMAfter_3 | Byzantium (1/1) ... ok
   - pairingTest | EIP150 (12/24) ... ok
   - pairingTest | EIP150 (13/24) ... ok
   - static_CREATE_ContractSuicideDuringInit | EIP150 (1/4) ... ok
   - pairingTest | EIP150 (14/24) ... ok
   - static_CREATE_ContractSuicideDuringInit | EIP150 (2/4) ... ok
   - static_CREATE_ContractSuicideDuringInit | EIP150 (3/4) ... ok
   - pairingTest | EIP150 (15/24) ... ok
   - static_CREATE_ContractSuicideDuringInit | EIP150 (4/4) ... ok
   - pairingTest | EIP150 (16/24) ... ok
   - pairingTest | EIP150 (17/24) ... ok
   - static_CREATE_ContractSuicideDuringInit | EIP158 (1/4) ... ok
   - static_CREATE_ContractSuicideDuringInit | EIP158 (2/4) ... ok
   - pairingTest | EIP150 (18/24) ... ok
   - static_CREATE_ContractSuicideDuringInit | EIP158 (3/4) ... ok
   - pairingTest | EIP150 (19/24) ... ok
   - static_CREATE_ContractSuicideDuringInit | EIP158 (4/4) ... ok
   - pairingTest | EIP150 (20/24) ... ok
   - pairingTest | EIP150 (21/24) ... ok
   - static_CREATE_ContractSuicideDuringInit | Frontier (1/4) ... ok
   - pairingTest | EIP150 (22/24) ... ok
   - static_CREATE_ContractSuicideDuringInit | Frontier (2/4) ... ok
   - static_CREATE_ContractSuicideDuringInit | Frontier (3/4) ... ok
   - pairingTest | EIP150 (23/24) ... ok
   - static_CREATE_ContractSuicideDuringInit | Frontier (4/4) ... ok
   - pairingTest | EIP150 (24/24) ... ok
   - static_CREATE_ContractSuicideDuringInit | Homestead (1/4) ... ok
   - pairingTest | EIP158 (1/24) ... ok
   - static_CREATE_ContractSuicideDuringInit | Homestead (2/4) ... ok
   - pairingTest | EIP158 (2/24) ... ok
   - static_CREATE_ContractSuicideDuringInit | Homestead (3/4) ... ok
   - pairingTest | EIP158 (3/24) ... ok
   - pairingTest | EIP158 (4/24) ... ok
   - static_CREATE_ContractSuicideDuringInit | Homestead (4/4) ... ok
   - pairingTest | EIP158 (5/24) ... ok
   - static_CREATE_ContractSuicideDuringInit | Byzantium (1/4) ... ok
   - pairingTest | EIP158 (6/24) ... ok
   - static_CREATE_ContractSuicideDuringInit | Byzantium (2/4) ... ok
   - pairingTest | EIP158 (7/24) ... ok
   - static_CREATE_ContractSuicideDuringInit | Byzantium (3/4) ... ok
   - pairingTest | EIP158 (8/24) ... ok
   - static_CREATE_ContractSuicideDuringInit | Byzantium (4/4) ... ok
   - pairingTest | EIP158 (9/24) ... ok
   - pairingTest | EIP158 (10/24) ... ok
   - static_callcodecallcallcode_101_OOGMBefore | EIP150 (1/1) ... ok
   - pairingTest | EIP158 (11/24) ... ok
   - static_callcodecallcallcode_101_OOGMBefore | EIP158 (1/1) ... ok
   - pairingTest | EIP158 (12/24) ... ok
INFO:ethcore_miner::pool::local_transactions: Transaction mined (hash 0xa32c0c0b974c4798bf86df64bea0d9cf7d2c173179947f8b7859da39f06cb5ca)
   - static_callcodecallcallcode_101_OOGMBefore | Frontier (1/1) ... ok
   - pairingTest | EIP158 (13/24) ... ok
   - static_callcodecallcallcode_101_OOGMBefore | Homestead (1/1) ... ok
   - pairingTest | EIP158 (14/24) ... ok
   - pairingTest | EIP158 (15/24) ... ok
   - static_callcodecallcallcode_101_OOGMBefore | Byzantium (1/1) ... ok
   - pairingTest | EIP158 (16/24) ... ok
   - pairingTest | EIP158 (17/24) ... ok
   - static_callcodecallcodecall_110_OOGMAfter | EIP150 (1/1) ... ok
   - pairingTest | EIP158 (18/24) ... ok
   - static_callcodecallcodecall_110_OOGMAfter | EIP158 (1/1) ... ok
   - pairingTest | EIP158 (19/24) ... ok
   - static_callcodecallcodecall_110_OOGMAfter | Frontier (1/1) ... ok
   - pairingTest | EIP158 (20/24) ... ok
   - pairingTest | EIP158 (21/24) ... ok
   - static_callcodecallcodecall_110_OOGMAfter | Homestead (1/1) ... ok
   - pairingTest | EIP158 (22/24) ... ok
   - pairingTest | EIP158 (23/24) ... ok
   - static_callcodecallcodecall_110_OOGMAfter | Byzantium (1/1) ... ok
   - pairingTest | EIP158 (24/24) ... ok
   - static_CallGoesOOGOnSecondLevel | EIP150 (1/1) ... ok
   - pairingTest | Frontier (1/24) ... ok
   - pairingTest | Frontier (2/24) ... ok
   - static_CallGoesOOGOnSecondLevel | EIP158 (1/1) ... ok
   - pairingTest | Frontier (3/24) ... ok
   - static_CallGoesOOGOnSecondLevel | Frontier (1/1) ... ok
   - pairingTest | Frontier (4/24) ... ok
   - static_CallGoesOOGOnSecondLevel | Homestead (1/1) ... ok
   - pairingTest | Frontier (5/24) ... ok
   - static_CallGoesOOGOnSecondLevel | Byzantium (1/1) ... ok
   - pairingTest | Frontier (6/24) ... ok
   - pairingTest | Frontier (7/24) ... ok
   - static_callcodecallcall_100_SuicideMiddle | EIP150 (1/1) ... ok
   - pairingTest | Frontier (8/24) ... ok
   - static_callcodecallcall_100_SuicideMiddle | EIP158 (1/1) ... ok
   - pairingTest | Frontier (9/24) ... ok
   - pairingTest | Frontier (10/24) ... ok
   - static_callcodecallcall_100_SuicideMiddle | Frontier (1/1) ... ok
   - pairingTest | Frontier (11/24) ... ok
   - static_callcodecallcall_100_SuicideMiddle | Homestead (1/1) ... ok
   - pairingTest | Frontier (12/24) ... ok
   - static_callcodecallcall_100_SuicideMiddle | Byzantium (1/1) ... ok
   - pairingTest | Frontier (13/24) ... ok
INFO:ethcore::engines::authority_round: Applying validator set change signalled at block 6
INFO:ethcore_miner::pool::local_transactions: Transaction mined (hash 0x555833b2710eec8714088ccc55fc0108e9afe4206164cb55c9b88b81602fbc6d)
   - pairingTest | Frontier (14/24) ... ok
   - static_callcodecallcall_100_OOGMAfter_2 | EIP150 (1/1) ... ok
   - pairingTest | Frontier (15/24) ... ok
   - pairingTest | Frontier (16/24) ... ok
   - static_callcodecallcall_100_OOGMAfter_2 | EIP158 (1/1) ... ok
   - pairingTest | Frontier (17/24) ... ok
   - static_callcodecallcall_100_OOGMAfter_2 | Frontier (1/1) ... ok
   - pairingTest | Frontier (18/24) ... ok
   - static_callcodecallcall_100_OOGMAfter_2 | Homestead (1/1) ... ok
   - pairingTest | Frontier (19/24) ... ok
   - pairingTest | Frontier (20/24) ... ok
   - static_callcodecallcall_100_OOGMAfter_2 | Byzantium (1/1) ... ok
   - pairingTest | Frontier (21/24) ... ok
   - static_CallSha256_4 | EIP150 (1/1) ... ok
   - pairingTest | Frontier (22/24) ... ok
   - pairingTest | Frontier (23/24) ... ok
   - static_CallSha256_4 | EIP158 (1/1) ... ok
   - pairingTest | Frontier (24/24) ... ok
   - static_CallSha256_4 | Frontier (1/1) ... ok
   - pairingTest | Homestead (1/24) ... ok
   - static_CallSha256_4 | Homestead (1/1) ... ok
   - pairingTest | Homestead (2/24) ... ok
   - static_CallSha256_4 | Byzantium (1/1) ... ok
   - pairingTest | Homestead (3/24) ... ok
   - pairingTest | Homestead (4/24) ... ok
   - static_callcodecallcallcode_101_2 | EIP150 (1/2) ... ok
   - pairingTest | Homestead (5/24) ... ok
   - pairingTest | Homestead (6/24) ... ok
   - static_callcodecallcallcode_101_2 | EIP150 (2/2) ... ok
   - pairingTest | Homestead (7/24) ... ok
   - static_callcodecallcallcode_101_2 | EIP158 (1/2) ... ok
   - pairingTest | Homestead (8/24) ... ok
   - static_callcodecallcallcode_101_2 | EIP158 (2/2) ... ok
   - pairingTest | Homestead (9/24) ... ok
   - static_callcodecallcallcode_101_2 | Frontier (1/2) ... ok
   - pairingTest | Homestead (10/24) ... ok
   - static_callcodecallcallcode_101_2 | Frontier (2/2) ... ok
   - pairingTest | Homestead (11/24) ... ok
   - pairingTest | Homestead (12/24) ... ok
   - static_callcodecallcallcode_101_2 | Homestead (1/2) ... ok
   - pairingTest | Homestead (13/24) ... ok
   - pairingTest | Homestead (14/24) ... ok
   - static_callcodecallcallcode_101_2 | Homestead (2/2) ... ok
   - pairingTest | Homestead (15/24) ... ok
   - static_callcodecallcallcode_101_2 | Byzantium (1/2) ... ok
   - pairingTest | Homestead (16/24) ... ok
INFO:ethcore_miner::pool::local_transactions: Transaction mined (hash 0x3c7044d48e27c385a0bd0120ea2ba38b01f497ddcb5dd5d10848453acca05928)
   - static_callcodecallcallcode_101_2 | Byzantium (2/2) ... ok
   - pairingTest | Homestead (17/24) ... ok
   - pairingTest | Homestead (18/24) ... ok
   - pairingTest | Homestead (19/24) ... ok
   - pairingTest | Homestead (20/24) ... ok
ok
   - ecmul_1-3_340282366920938463463374607431768211456_21000_128_d0g2v0_Frontier...   - pairingTest | Homestead (21/24) ... ok
   - pairingTest | Homestead (22/24) ... ok
   - pairingTest | Homestead (23/24) ... ok
   - static_Call1024OOG | EIP150 (1/2) ... ok
   - pairingTest | Homestead (24/24) ... ok
   - static_Call1024OOG | EIP150 (2/2) ... ok
   - static_Call1024OOG | EIP158 (1/2) ... ok
   - static_Call1024OOG | EIP158 (2/2) ... ok
   - static_Call1024OOG | Frontier (1/2) ... ok
   - static_Call1024OOG | Frontier (2/2) ... ok
   - static_Call1024OOG | Homestead (1/2) ... ok
   - static_Call1024OOG | Homestead (2/2) ... ok
   - static_Call1024OOG | Byzantium (1/2) ... ok
   - static_Call1024OOG | Byzantium (2/2) ... ok
INFO:ethcore::engines::validator_set::safe_contract: Signal for switch to contract-based validator set.
INFO:ethcore::engines::validator_set::safe_contract: Initial contract validators: [0x7d577a597b2742b498cb5cf0c26cdcd726d39e6e]
INFO:ethcore_miner::pool::local_transactions: Transaction mined (hash 0xcdad59f7cd7392eac4840f5bb73b178ca252e0dd3c11dace28b5df9d46ab53d7)
   - static_callcodecallcallcode_ABCB_RECURSIVE2 | EIP150 (1/4) ... ok
   - static_callcodecallcallcode_ABCB_RECURSIVE2 | EIP150 (2/4) ... ok
   - static_callcodecallcallcode_ABCB_RECURSIVE2 | EIP150 (3/4) ... ok
   - static_callcodecallcallcode_ABCB_RECURSIVE2 | EIP150 (4/4) ... ok
   - static_callcodecallcallcode_ABCB_RECURSIVE2 | EIP158 (1/4) ... ok
   - static_callcodecallcallcode_ABCB_RECURSIVE2 | EIP158 (2/4) ... ok
   - static_callcodecallcallcode_ABCB_RECURSIVE2 | EIP158 (3/4) ... ok
   - static_callcodecallcallcode_ABCB_RECURSIVE2 | EIP158 (4/4) ... ok
   - static_callcodecallcallcode_ABCB_RECURSIVE2 | Frontier (1/4) ... ok
   - static_callcodecallcallcode_ABCB_RECURSIVE2 | Frontier (2/4) ... ok
   - static_callcodecallcallcode_ABCB_RECURSIVE2 | Frontier (3/4) ... ok
   - static_callcodecallcallcode_ABCB_RECURSIVE2 | Frontier (4/4) ... ok
   - static_callcodecallcallcode_ABCB_RECURSIVE2 | Homestead (1/4) ... ok
   - static_callcodecallcallcode_ABCB_RECURSIVE2 | Homestead (2/4) ... ok
   - static_callcodecallcallcode_ABCB_RECURSIVE2 | Homestead (3/4) ... ok
   - static_callcodecallcallcode_ABCB_RECURSIVE2 | Homestead (4/4) ... ok
   - static_callcodecallcallcode_ABCB_RECURSIVE2 | Byzantium (1/4) ... ok
INFO:ethcore_miner::pool::local_transactions: Transaction mined (hash 0x1946c83d570c7c604fde58efa543e27139e8580c38d1da5784e500bf6dd27fd9)
   - pairingTest | Byzantium (1/24) ... ok
   - pairingTest | Byzantium (2/24) ... ok
   - static_callcodecallcallcode_ABCB_RECURSIVE2 | Byzantium (2/4) ... ok
   - pairingTest | Byzantium (3/24) ... ok
   - pairingTest | Byzantium (4/24) ... ok
ok
   - ecmul_1-3_340282366920938463463374607431768211456_21000_128_d0g2v0_Homestead...   - static_callcodecallcallcode_ABCB_RECURSIVE2 | Byzantium (3/4) ... ok
   - static_callcodecallcallcode_ABCB_RECURSIVE2 | Byzantium (4/4) ... ok
   - static_callcallcallcode_001_OOGE_2 | EIP150 (1/2) ... ok
   - static_callcallcallcode_001_OOGE_2 | EIP150 (2/2) ... ok
   - static_callcallcallcode_001_OOGE_2 | EIP158 (1/2) ... ok
   - static_callcallcallcode_001_OOGE_2 | EIP158 (2/2) ... ok
   - static_callcallcallcode_001_OOGE_2 | Frontier (1/2) ... ok
   - static_callcallcallcode_001_OOGE_2 | Frontier (2/2) ... ok
   - static_callcallcallcode_001_OOGE_2 | Homestead (1/2) ... ok
   - static_callcallcallcode_001_OOGE_2 | Homestead (2/2) ... ok
INFO:ethcore::engines::authority_round: Applying validator set change signalled at block 10
INFO:ethcore_miner::pool::local_transactions: Transaction mined (hash 0xb16a3102185dc6f04cfa10349c0a0e72f2c2457c98d93d46cc6fda69460e1db3)
   - static_callcallcallcode_001_OOGE_2 | Byzantium (1/2) ... ok
   - static_callcallcallcode_001_OOGE_2 | Byzantium (2/2) ... ok
   - static_callcodecallcallcode_101_SuicideEnd | EIP150 (1/1) ... ok
   - static_callcodecallcallcode_101_SuicideEnd | EIP158 (1/1) ... ok
   - static_callcodecallcallcode_101_SuicideEnd | Frontier (1/1) ... ok
   - static_callcodecallcallcode_101_SuicideEnd | Homestead (1/1) ... ok
   - static_callcodecallcallcode_101_SuicideEnd | Byzantium (1/1) ... ok
   - static_CallSha256_3_postfix0 | EIP150 (1/1) ... ok
   - static_CallSha256_3_postfix0 | EIP158 (1/1) ... ok
   - static_CallSha256_3_postfix0 | Frontier (1/1) ... ok
   - static_CallSha256_3_postfix0 | Homestead (1/1) ... ok
   - static_CallSha256_3_postfix0 | Byzantium (1/1) ... ok
   - static_callcodecallcallcode_101_OOGE_2 | EIP150 (1/1) ... ok
   - static_callcodecallcallcode_101_OOGE_2 | EIP158 (1/1) ... ok
   - static_callcodecallcallcode_101_OOGE_2 | Frontier (1/1) ... ok
   - static_callcodecallcallcode_101_OOGE_2 | Homestead (1/1) ... ok
   - static_callcodecallcallcode_101_OOGE_2 | Byzantium (1/1) ... ok
   - static_CREATE_ContractSuicideDuringInit_ThenStoreThenReturn | EIP150 (1/2) ... ok
   - static_CREATE_ContractSuicideDuringInit_ThenStoreThenReturn | EIP150 (2/2) ... ok
INFO:ethcore::engines::validator_set::safe_contract: Signal for transition within contract. New list: [0x4a07a55b1dd6ededf07e9d367baf8b32a56c808d, 0x6e12d8c87503d4287c294f2fdef96acd9dff6bd2, 0x256838c23b9496e09173aa6e57d8d1d127e07e67, 0x82a62b49b4c2db09ee169aa1ecb40e8031c613e2]
INFO:ethcore::engines::authority_round: Applying validator set change signalled at block 13
INFO:ethcore_miner::pool::local_transactions: Transaction mined (hash 0xb7776b661f6b4eabe2c33eaa136180e31e64ebc140d3b0f143332c2a444d0f93)
   - static_CREATE_ContractSuicideDuringInit_ThenStoreThenReturn | EIP158 (1/2) ... ok
   - static_CREATE_ContractSuicideDuringInit_ThenStoreThenReturn | EIP158 (2/2) ... ok
   - static_CREATE_ContractSuicideDuringInit_ThenStoreThenReturn | Frontier (1/2) ... ok
   - static_CREATE_ContractSuicideDuringInit_ThenStoreThenReturn | Frontier (2/2) ... ok
   - static_CREATE_ContractSuicideDuringInit_ThenStoreThenReturn | Homestead (1/2) ... ok
   - pairingTest | Byzantium (5/24) ... ok
   - static_CREATE_ContractSuicideDuringInit_ThenStoreThenReturn | Homestead (2/2) ... ok
   - pairingTest | Byzantium (6/24) ... ok
   - static_CREATE_ContractSuicideDuringInit_ThenStoreThenReturn | Byzantium (1/2) ... ok
   - pairingTest | Byzantium (7/24) ... ok
   - static_CREATE_ContractSuicideDuringInit_ThenStoreThenReturn | Byzantium (2/2) ... ok
   - pairingTest | Byzantium (8/24) ... ok
   - static_callcodecallcall_100_OOGMBefore | EIP150 (1/2) ... ok
   - static_callcodecallcall_100_OOGMBefore | EIP150 (2/2) ... ok
   - static_callcodecallcall_100_OOGMBefore | EIP158 (1/2) ... ok
   - static_callcodecallcall_100_OOGMBefore | EIP158 (2/2) ... ok
   - static_callcodecallcall_100_OOGMBefore | Frontier (1/2) ... ok
   - static_callcodecallcall_100_OOGMBefore | Frontier (2/2) ... ok
   - static_callcodecallcall_100_OOGMBefore | Homestead (1/2) ... ok
   - static_callcodecallcall_100_OOGMBefore | Homestead (2/2) ... ok
   - static_callcodecallcall_100_OOGMBefore | Byzantium (1/2) ... ok
   - static_callcodecallcall_100_OOGMBefore | Byzantium (2/2) ... ok
   - static_callWithHighValue | EIP150 (1/1) ... ok
   - static_callWithHighValue | EIP158 (1/1) ... ok
   - static_callWithHighValue | Frontier (1/1) ... ok
INFO:ethcore_miner::pool::local_transactions: Transaction mined (hash 0x076e4469f8901d7537a5cb0659f5223c9344926e7816cd22b4b0d844702ce208)
   - static_callWithHighValue | Homestead (1/1) ... ok
   - static_callWithHighValue | Byzantium (1/1) ... ok
   - static_callcallcallcode_001_OOGMAfter_2 | EIP150 (1/2) ... ok
   - static_callcallcallcode_001_OOGMAfter_2 | EIP150 (2/2) ... ok
   - static_callcallcallcode_001_OOGMAfter_2 | EIP158 (1/2) ... ok
   - static_callcallcallcode_001_OOGMAfter_2 | EIP158 (2/2) ... ok
   - static_callcallcallcode_001_OOGMAfter_2 | Frontier (1/2) ... ok
ok
   - ecadd_0-0_1-2_21000_192_d0g3v0_Byzantium...   - static_callcallcallcode_001_OOGMAfter_2 | Frontier (2/2) ... ok
   - static_callcallcallcode_001_OOGMAfter_2 | Homestead (1/2) ... ok
   - static_callcallcallcode_001_OOGMAfter_2 | Homestead (2/2) ... ok
   - static_callcallcallcode_001_OOGMAfter_2 | Byzantium (1/2) ... ok
   - static_callcallcallcode_001_OOGMAfter_2 | Byzantium (2/2) ... ok
   - static_CallContractToCreateContractAndCallItOOG | EIP150 (1/2) ... ok
   - static_CallContractToCreateContractAndCallItOOG | EIP150 (2/2) ... ok
INFO:ethcore_miner::pool::local_transactions: Transaction mined (hash 0xe89e7ebecb772b899666f52686e3daa98e35a89a3f0874c3503e846e8364a0b1)
   - static_CallContractToCreateContractAndCallItOOG | EIP158 (1/2) ... ok
   - static_CallContractToCreateContractAndCallItOOG | EIP158 (2/2) ... ok
   - static_CallContractToCreateContractAndCallItOOG | Frontier (1/2) ... ok
   - static_CallContractToCreateContractAndCallItOOG | Frontier (2/2) ... ok
   - pairingTest | Byzantium (9/24) ... ok
   - static_CallContractToCreateContractAndCallItOOG | Homestead (1/2) ... ok
   - pairingTest | Byzantium (10/24) ... ok
   - static_CallContractToCreateContractAndCallItOOG | Homestead (2/2) ... ok
   - pairingTest | Byzantium (11/24) ... ok
   - pairingTest | Byzantium (12/24) ... ok
   - static_CallContractToCreateContractAndCallItOOG | Byzantium (1/2) ... ok
   - static_CallContractToCreateContractAndCallItOOG | Byzantium (2/2) ... ok
   - static_CallRipemd160_4_gas719 | EIP150 (1/1) ... ok
   - static_CallRipemd160_4_gas719 | EIP158 (1/1) ... ok
   - static_CallRipemd160_4_gas719 | Frontier (1/1) ... ok
   - static_CallRipemd160_4_gas719 | Homestead (1/1) ... ok
   - static_CallRipemd160_4_gas719 | Byzantium (1/1) ... ok
   - static_callcallcallcode_001_SuicideEnd | EIP150 (1/1) ... ok
   - static_callcallcallcode_001_SuicideEnd | EIP158 (1/1) ... ok
   - static_callcallcallcode_001_SuicideEnd | Frontier (1/1) ... ok
   - static_callcallcallcode_001_SuicideEnd | Homestead (1/1) ... ok
   - static_callcallcallcode_001_SuicideEnd | Byzantium (1/1) ... ok
   - static_Call50000_sha256 | EIP150 (1/2) ... ok
   - static_Call50000_sha256 | EIP150 (2/2) ... ok
   - static_Call50000_sha256 | EIP158 (1/2) ... ok
INFO:ethcore_miner::pool::local_transactions: Transaction mined (hash 0x2c46d33eed3a1e5114acc12093a80d12356d83fc54a633952b561d53e2d1bdde)
INFO:ethcore::snapshot: Taking snapshot starting at block 16
   - static_Call50000_sha256 | EIP158 (2/2) ... ok
INFO:ethcore::snapshot: produced 1 state chunks and 1 block chunks.
   - static_Call50000_sha256 | Frontier (1/2) ... ok
   - static_Call50000_sha256 | Frontier (2/2) ... ok
   - static_Call50000_sha256 | Homestead (1/2) ... ok
   - static_Call50000_sha256 | Homestead (2/2) ... ok
ok
   - ecadd_0-0_1-2_21000_192_d0g3v0_EIP150...test snapshot::tests::proof_of_authority::fixed_to_contract_to_contract ... ok
test snapshot::tests::proof_of_work::checks_flag ... ok
ok
   - ecadd_0-0_1-2_21000_192_d0g3v0_EIP158...   - pairingTest | Byzantium (13/24) ... ok
   - pairingTest | Byzantium (14/24) ... ok
   - pairingTest | Byzantium (15/24) ... ok
   - pairingTest | Byzantium (16/24) ... ok
ok
   - ecadd_0-0_1-2_21000_192_d0g3v0_Frontier...ok
   - ecadd_0-0_1-2_21000_192_d0g3v0_Homestead...   - pairingTest | Byzantium (17/24) ... ok
   - pairingTest | Byzantium (18/24) ... ok
   - pairingTest | Byzantium (19/24) ... ok
   - pairingTest | Byzantium (20/24) ... ok
ok
   - ecpairing_two_point_match_2_d0g2v0_Byzantium...   - pairingTest | Byzantium (21/24) ... ok
   - pairingTest | Byzantium (22/24) ... ok
   - pairingTest | Byzantium (23/24) ... ok
   - pairingTest | Byzantium (24/24) ... ok
   - ecpairing_one_point_with_g2_zero | EIP150 (1/4) ... ok
   - ecpairing_one_point_with_g2_zero | EIP150 (2/4) ... ok
   - ecpairing_one_point_with_g2_zero | EIP150 (3/4) ... ok
   - ecpairing_one_point_with_g2_zero | EIP150 (4/4) ... ok
   - ecpairing_one_point_with_g2_zero | EIP158 (1/4) ... ok
   - ecpairing_one_point_with_g2_zero | EIP158 (2/4) ... ok
   - ecpairing_one_point_with_g2_zero | EIP158 (3/4) ... ok
   - ecpairing_one_point_with_g2_zero | EIP158 (4/4) ... ok
   - ecpairing_one_point_with_g2_zero | Frontier (1/4) ... ok
   - ecpairing_one_point_with_g2_zero | Frontier (2/4) ... ok
   - ecpairing_one_point_with_g2_zero | Frontier (3/4) ... ok
   - ecpairing_one_point_with_g2_zero | Frontier (4/4) ... ok
   - ecpairing_one_point_with_g2_zero | Homestead (1/4) ... ok
   - ecpairing_one_point_with_g2_zero | Homestead (2/4) ... ok
   - ecpairing_one_point_with_g2_zero | Homestead (3/4) ... ok
   - ecpairing_one_point_with_g2_zero | Homestead (4/4) ... ok
   - ecpairing_one_point_with_g2_zero | Byzantium (1/4) ... ok
   - ecpairing_one_point_with_g2_zero | Byzantium (2/4) ... ok
   - ecpairing_one_point_with_g2_zero | Byzantium (3/4) ... ok
   - ecpairing_one_point_with_g2_zero | Byzantium (4/4) ... ok
   - ecmul_1-3_5616_28000_96 | EIP150 (1/4) ... ok
   - ecmul_1-3_5616_28000_96 | EIP150 (2/4) ... ok
   - ecmul_1-3_5616_28000_96 | EIP150 (3/4) ... ok
   - ecmul_1-3_5616_28000_96 | EIP150 (4/4) ... ok
   - ecmul_1-3_5616_28000_96 | EIP158 (1/4) ... ok
   - ecmul_1-3_5616_28000_96 | EIP158 (2/4) ... ok
   - ecmul_1-3_5616_28000_96 | EIP158 (3/4) ... ok
   - ecmul_1-3_5616_28000_96 | EIP158 (4/4) ... ok
   - ecmul_1-3_5616_28000_96 | Frontier (1/4) ... ok
   - ecmul_1-3_5616_28000_96 | Frontier (2/4) ... ok
   - ecmul_1-3_5616_28000_96 | Frontier (3/4) ... ok
   - ecmul_1-3_5616_28000_96 | Frontier (4/4) ... ok
   - ecmul_1-3_5616_28000_96 | Homestead (1/4) ... ok
   - ecmul_1-3_5616_28000_96 | Homestead (2/4) ... ok
   - ecmul_1-3_5616_28000_96 | Homestead (3/4) ... ok
   - ecmul_1-3_5616_28000_96 | Homestead (4/4) ... ok
   - ecmul_1-3_5616_28000_96 | Byzantium (1/4) ... ok
   - ecmul_1-3_5616_28000_96 | Byzantium (2/4) ... ok
   - ecmul_1-3_5616_28000_96 | Byzantium (3/4) ... ok
   - ecmul_1-3_5616_28000_96 | Byzantium (4/4) ... ok
   - ecmul_1-3_0_28000_80 | EIP150 (1/4) ... ok
   - ecmul_1-3_0_28000_80 | EIP150 (2/4) ... ok
   - ecmul_1-3_0_28000_80 | EIP150 (3/4) ... ok
   - ecmul_1-3_0_28000_80 | EIP150 (4/4) ... ok
   - ecmul_1-3_0_28000_80 | EIP158 (1/4) ... ok
   - ecmul_1-3_0_28000_80 | EIP158 (2/4) ... ok
ok
   - ecpairing_two_point_match_2_d0g2v0_EIP150...   - ecmul_1-3_0_28000_80 | EIP158 (3/4) ... ok
   - ecmul_1-3_0_28000_80 | EIP158 (4/4) ... ok
   - ecmul_1-3_0_28000_80 | Frontier (1/4) ... ok
   - ecmul_1-3_0_28000_80 | Frontier (2/4) ... ok
   - ecmul_1-3_0_28000_80 | Frontier (3/4) ... ok
   - ecmul_1-3_0_28000_80 | Frontier (4/4) ... ok
   - ecmul_1-3_0_28000_80 | Homestead (1/4) ... ok
   - ecmul_1-3_0_28000_80 | Homestead (2/4) ... ok
   - ecmul_1-3_0_28000_80 | Homestead (3/4) ... ok
   - ecmul_1-3_0_28000_80 | Homestead (4/4) ... ok
   - ecmul_1-3_0_28000_80 | Byzantium (1/4) ... ok
   - ecmul_1-3_0_28000_80 | Byzantium (2/4) ... ok
   - ecmul_1-3_0_28000_80 | Byzantium (3/4) ... ok
   - ecmul_1-3_0_28000_80 | Byzantium (4/4) ... ok
   - ecmul_1-3_0_21000_96 | EIP150 (1/4) ... ok
   - ecmul_1-3_0_21000_96 | EIP150 (2/4) ... ok
   - ecmul_1-3_0_21000_96 | EIP150 (3/4) ... ok
   - ecmul_1-3_0_21000_96 | EIP150 (4/4) ... ok
   - ecmul_1-3_0_21000_96 | EIP158 (1/4) ... ok
   - ecmul_1-3_0_21000_96 | EIP158 (2/4) ... ok
   - ecmul_1-3_0_21000_96 | EIP158 (3/4) ... ok
   - ecmul_1-3_0_21000_96 | EIP158 (4/4) ... ok
   - ecmul_1-3_0_21000_96 | Frontier (1/4) ... ok
   - ecmul_1-3_0_21000_96 | Frontier (2/4) ... ok
   - ecmul_1-3_0_21000_96 | Frontier (3/4) ... ok
   - ecmul_1-3_0_21000_96 | Frontier (4/4) ... ok
   - ecmul_1-3_0_21000_96 | Homestead (1/4) ... ok
   - ecmul_1-3_0_21000_96 | Homestead (2/4) ... ok
   - ecmul_1-3_0_21000_96 | Homestead (3/4) ... ok
   - ecmul_1-3_0_21000_96 | Homestead (4/4) ... ok
   - ecmul_1-3_0_21000_96 | Byzantium (1/4) ... ok
   - ecmul_1-3_0_21000_96 | Byzantium (2/4) ... ok
   - ecmul_1-3_0_21000_96 | Byzantium (3/4) ... ok
   - ecmul_1-3_0_21000_96 | Byzantium (4/4) ... ok
   - ecmul_0-3_0_28000_96 | EIP150 (1/4) ... ok
   - ecmul_0-3_0_28000_96 | EIP150 (2/4) ... ok
   - ecmul_0-3_0_28000_96 | EIP150 (3/4) ... ok
   - ecmul_0-3_0_28000_96 | EIP150 (4/4) ... ok
   - ecmul_0-3_0_28000_96 | EIP158 (1/4) ... ok
   - ecmul_0-3_0_28000_96 | EIP158 (2/4) ... ok
   - ecmul_0-3_0_28000_96 | EIP158 (3/4) ... ok
   - ecmul_0-3_0_28000_96 | EIP158 (4/4) ... ok
   - ecmul_0-3_0_28000_96 | Frontier (1/4) ... ok
   - ecmul_0-3_0_28000_96 | Frontier (2/4) ... ok
   - ecmul_0-3_0_28000_96 | Frontier (3/4) ... ok
   - ecmul_0-3_0_28000_96 | Frontier (4/4) ... ok
   - ecmul_0-3_0_28000_96 | Homestead (1/4) ... ok
   - ecmul_0-3_0_28000_96 | Homestead (2/4) ... ok
   - ecmul_0-3_0_28000_96 | Homestead (3/4) ... ok
   - ecmul_0-3_0_28000_96 | Homestead (4/4) ... ok
   - ecmul_0-3_0_28000_96 | Byzantium (1/4) ... ok
   - ecmul_0-3_0_28000_96 | Byzantium (2/4) ... ok
   - ecmul_0-3_0_28000_96 | Byzantium (3/4) ... ok
   - ecmul_0-3_0_28000_96 | Byzantium (4/4) ... ok
   - ecpairing_one_point_insufficient_gas | EIP150 (1/4) ... ok
   - ecpairing_one_point_insufficient_gas | EIP150 (2/4) ... ok
   - ecpairing_one_point_insufficient_gas | EIP150 (3/4) ... ok
   - ecpairing_one_point_insufficient_gas | EIP150 (4/4) ... ok
   - ecpairing_one_point_insufficient_gas | EIP158 (1/4) ... ok
   - ecpairing_one_point_insufficient_gas | EIP158 (2/4) ... ok
   - ecpairing_one_point_insufficient_gas | EIP158 (3/4) ... ok
   - ecpairing_one_point_insufficient_gas | EIP158 (4/4) ... ok
   - ecpairing_one_point_insufficient_gas | Frontier (1/4) ... ok
   - ecpairing_one_point_insufficient_gas | Frontier (2/4) ... ok
ok
   - ecpairing_two_point_match_2_d0g2v0_EIP158...   - ecpairing_one_point_insufficient_gas | Frontier (3/4) ... ok
   - ecpairing_one_point_insufficient_gas | Frontier (4/4) ... ok
   - ecpairing_one_point_insufficient_gas | Homestead (1/4) ... ok
   - ecpairing_one_point_insufficient_gas | Homestead (2/4) ... ok
   - ecpairing_one_point_insufficient_gas | Homestead (3/4) ... ok
   - ecpairing_one_point_insufficient_gas | Homestead (4/4) ... ok
   - ecpairing_one_point_insufficient_gas | Byzantium (1/4) ... ok
   - ecpairing_one_point_insufficient_gas | Byzantium (2/4) ... ok
   - ecpairing_one_point_insufficient_gas | Byzantium (3/4) ... ok
   - ecpairing_one_point_insufficient_gas | Byzantium (4/4) ... ok
   - ecmul_1-2_616_28000_96 | EIP150 (1/4) ... ok
   - ecmul_1-2_616_28000_96 | EIP150 (2/4) ... ok
   - ecmul_1-2_616_28000_96 | EIP150 (3/4) ... ok
   - ecmul_1-2_616_28000_96 | EIP150 (4/4) ... ok
   - ecmul_1-2_616_28000_96 | EIP158 (1/4) ... ok
   - ecmul_1-2_616_28000_96 | EIP158 (2/4) ... ok
   - ecmul_1-2_616_28000_96 | EIP158 (3/4) ... ok
   - ecmul_1-2_616_28000_96 | EIP158 (4/4) ... ok
   - ecmul_1-2_616_28000_96 | Frontier (1/4) ... ok
   - ecmul_1-2_616_28000_96 | Frontier (2/4) ... ok
   - ecmul_1-2_616_28000_96 | Frontier (3/4) ... ok
   - ecmul_1-2_616_28000_96 | Frontier (4/4) ... ok
   - ecmul_1-2_616_28000_96 | Homestead (1/4) ... ok
   - ecmul_1-2_616_28000_96 | Homestead (2/4) ... ok
   - ecmul_1-2_616_28000_96 | Homestead (3/4) ... ok
   - ecmul_1-2_616_28000_96 | Homestead (4/4) ... ok
   - ecmul_1-2_616_28000_96 | Byzantium (1/4) ... ok
   - ecmul_1-2_616_28000_96 | Byzantium (2/4) ... ok
   - ecmul_1-2_616_28000_96 | Byzantium (3/4) ... ok
   - ecmul_1-2_616_28000_96 | Byzantium (4/4) ... ok
   - ecadd_0-0_1-2_25000_128 | EIP150 (1/4) ... ok
   - ecadd_0-0_1-2_25000_128 | EIP150 (2/4) ... ok
   - ecadd_0-0_1-2_25000_128 | EIP150 (3/4) ... ok
   - ecadd_0-0_1-2_25000_128 | EIP150 (4/4) ... ok
   - ecadd_0-0_1-2_25000_128 | EIP158 (1/4) ... ok
   - ecadd_0-0_1-2_25000_128 | EIP158 (2/4) ... ok
   - ecadd_0-0_1-2_25000_128 | EIP158 (3/4) ... ok
   - ecadd_0-0_1-2_25000_128 | EIP158 (4/4) ... ok
   - ecadd_0-0_1-2_25000_128 | Frontier (1/4) ... ok
   - ecadd_0-0_1-2_25000_128 | Frontier (2/4) ... ok
   - ecadd_0-0_1-2_25000_128 | Frontier (3/4) ... ok
   - ecadd_0-0_1-2_25000_128 | Frontier (4/4) ... ok
   - ecadd_0-0_1-2_25000_128 | Homestead (1/4) ... ok
   - ecadd_0-0_1-2_25000_128 | Homestead (2/4) ... ok
ok
   - ecpairing_two_point_match_2_d0g2v0_Frontier...   - ecadd_0-0_1-2_25000_128 | Homestead (3/4) ... ok
   - ecadd_0-0_1-2_25000_128 | Homestead (4/4) ... ok
   - ecadd_0-0_1-2_25000_128 | Byzantium (1/4) ... ok
   - ecadd_0-0_1-2_25000_128 | Byzantium (2/4) ... ok
   - ecadd_0-0_1-2_25000_128 | Byzantium (3/4) ... ok
   - ecadd_0-0_1-2_25000_128 | Byzantium (4/4) ... ok
   - ecmul_0-0_0_21000_128 | EIP150 (1/4) ... ok
   - ecmul_0-0_0_21000_128 | EIP150 (2/4) ... ok
   - ecmul_0-0_0_21000_128 | EIP150 (3/4) ... ok
   - ecmul_0-0_0_21000_128 | EIP150 (4/4) ... ok
   - ecmul_0-0_0_21000_128 | EIP158 (1/4) ... ok
   - ecmul_0-0_0_21000_128 | EIP158 (2/4) ... ok
   - ecmul_0-0_0_21000_128 | EIP158 (3/4) ... ok
   - ecmul_0-0_0_21000_128 | EIP158 (4/4) ... ok
   - ecmul_0-0_0_21000_128 | Frontier (1/4) ... ok
   - ecmul_0-0_0_21000_128 | Frontier (2/4) ... ok
   - ecmul_0-0_0_21000_128 | Frontier (3/4) ... ok
   - ecmul_0-0_0_21000_128 | Frontier (4/4) ... ok
   - ecmul_0-0_0_21000_128 | Homestead (1/4) ... ok
   - ecmul_0-0_0_21000_128 | Homestead (2/4) ... ok
   - ecmul_0-0_0_21000_128 | Homestead (3/4) ... ok
   - ecmul_0-0_0_21000_128 | Homestead (4/4) ... ok
   - ecmul_0-0_0_21000_128 | Byzantium (1/4) ... ok
   - ecmul_0-0_0_21000_128 | Byzantium (2/4) ... ok
   - ecmul_0-0_0_21000_128 | Byzantium (3/4) ... ok
   - ecmul_0-0_0_21000_128 | Byzantium (4/4) ... ok
   - ecmul_0-0_9_21000_128 | EIP150 (1/4) ... ok
   - ecmul_0-0_9_21000_128 | EIP150 (2/4) ... ok
   - ecmul_0-0_9_21000_128 | EIP150 (3/4) ... ok
   - ecmul_0-0_9_21000_128 | EIP150 (4/4) ... ok
   - ecmul_0-0_9_21000_128 | EIP158 (1/4) ... ok
   - ecmul_0-0_9_21000_128 | EIP158 (2/4) ... ok
   - ecmul_0-0_9_21000_128 | EIP158 (3/4) ... ok
   - ecmul_0-0_9_21000_128 | EIP158 (4/4) ... ok
   - ecmul_0-0_9_21000_128 | Frontier (1/4) ... ok
   - ecmul_0-0_9_21000_128 | Frontier (2/4) ... ok
   - ecmul_0-0_9_21000_128 | Frontier (3/4) ... ok
   - ecmul_0-0_9_21000_128 | Frontier (4/4) ... ok
   - ecmul_0-0_9_21000_128 | Homestead (1/4) ... ok
   - ecmul_0-0_9_21000_128 | Homestead (2/4) ... ok
   - ecmul_0-0_9_21000_128 | Homestead (3/4) ... ok
   - ecmul_0-0_9_21000_128 | Homestead (4/4) ... ok
   - ecmul_0-0_9_21000_128 | Byzantium (1/4) ... ok
   - ecmul_0-0_9_21000_128 | Byzantium (2/4) ... ok
   - ecmul_0-0_9_21000_128 | Byzantium (3/4) ... ok
   - ecmul_0-0_9_21000_128 | Byzantium (4/4) ... ok
   - ecmul_7827-6598_9_28000_128 | EIP150 (1/4) ... ok
   - ecmul_7827-6598_9_28000_128 | EIP150 (2/4) ... ok
   - ecmul_7827-6598_9_28000_128 | EIP150 (3/4) ... ok
   - ecmul_7827-6598_9_28000_128 | EIP150 (4/4) ... ok
   - ecmul_7827-6598_9_28000_128 | EIP158 (1/4) ... ok
   - ecmul_7827-6598_9_28000_128 | EIP158 (2/4) ... ok
   - ecmul_7827-6598_9_28000_128 | EIP158 (3/4) ... ok
ok
   - ecpairing_two_point_match_2_d0g2v0_Homestead...   - ecmul_7827-6598_9_28000_128 | EIP158 (4/4) ... ok
   - ecmul_7827-6598_9_28000_128 | Frontier (1/4) ... ok
   - ecmul_7827-6598_9_28000_128 | Frontier (2/4) ... ok
   - ecmul_7827-6598_9_28000_128 | Frontier (3/4) ... ok
   - ecmul_7827-6598_9_28000_128 | Frontier (4/4) ... ok
   - ecmul_7827-6598_9_28000_128 | Homestead (1/4) ... ok
   - ecmul_7827-6598_9_28000_128 | Homestead (2/4) ... ok
   - ecmul_7827-6598_9_28000_128 | Homestead (3/4) ... ok
   - ecmul_7827-6598_9_28000_128 | Homestead (4/4) ... ok
   - ecmul_7827-6598_9_28000_128 | Byzantium (1/4) ... ok
   - ecmul_7827-6598_9_28000_128 | Byzantium (2/4) ... ok
   - ecmul_7827-6598_9_28000_128 | Byzantium (3/4) ... ok
   - ecmul_7827-6598_9_28000_128 | Byzantium (4/4) ... ok
   - ecmul_1-3_2_21000_96 | EIP150 (1/4) ... ok
   - ecmul_1-3_2_21000_96 | EIP150 (2/4) ... ok
   - ecmul_1-3_2_21000_96 | EIP150 (3/4) ... ok
   - ecmul_1-3_2_21000_96 | EIP150 (4/4) ... ok
   - ecmul_1-3_2_21000_96 | EIP158 (1/4) ... ok
   - ecmul_1-3_2_21000_96 | EIP158 (2/4) ... ok
   - ecmul_1-3_2_21000_96 | EIP158 (3/4) ... ok
   - ecmul_1-3_2_21000_96 | EIP158 (4/4) ... ok
   - ecmul_1-3_2_21000_96 | Frontier (1/4) ... ok
   - ecmul_1-3_2_21000_96 | Frontier (2/4) ... ok
   - ecmul_1-3_2_21000_96 | Frontier (3/4) ... ok
   - ecmul_1-3_2_21000_96 | Frontier (4/4) ... ok
   - ecmul_1-3_2_21000_96 | Homestead (1/4) ... ok
   - ecmul_1-3_2_21000_96 | Homestead (2/4) ... ok
   - ecmul_1-3_2_21000_96 | Homestead (3/4) ... ok
   - ecmul_1-3_2_21000_96 | Homestead (4/4) ... ok
   - ecmul_1-3_2_21000_96 | Byzantium (1/4) ... ok
   - ecmul_1-3_2_21000_96 | Byzantium (2/4) ... ok
   - ecmul_1-3_2_21000_96 | Byzantium (3/4) ... ok
   - ecmul_1-3_2_21000_96 | Byzantium (4/4) ... ok
   - ecmul_0-3_1_28000_96 | EIP150 (1/4) ... ok
   - ecmul_0-3_1_28000_96 | EIP150 (2/4) ... ok
   - ecmul_0-3_1_28000_96 | EIP150 (3/4) ... ok
   - ecmul_0-3_1_28000_96 | EIP150 (4/4) ... ok
   - ecmul_0-3_1_28000_96 | EIP158 (1/4) ... ok
   - ecmul_0-3_1_28000_96 | EIP158 (2/4) ... ok
   - ecmul_0-3_1_28000_96 | EIP158 (3/4) ... ok
   - ecmul_0-3_1_28000_96 | EIP158 (4/4) ... ok
   - ecmul_0-3_1_28000_96 | Frontier (1/4) ... ok
   - ecmul_0-3_1_28000_96 | Frontier (2/4) ... ok
   - ecmul_0-3_1_28000_96 | Frontier (3/4) ... ok
   - ecmul_0-3_1_28000_96 | Frontier (4/4) ... ok
   - ecmul_0-3_1_28000_96 | Homestead (1/4) ... ok
   - ecmul_0-3_1_28000_96 | Homestead (2/4) ... ok
   - ecmul_0-3_1_28000_96 | Homestead (3/4) ... ok
   - ecmul_0-3_1_28000_96 | Homestead (4/4) ... ok
   - ecmul_0-3_1_28000_96 | Byzantium (1/4) ... ok
   - ecmul_0-3_1_28000_96 | Byzantium (2/4) ... ok
   - ecmul_0-3_1_28000_96 | Byzantium (3/4) ... ok
   - ecmul_0-3_1_28000_96 | Byzantium (4/4) ... ok
ok
   - ecmul_7827-6598_5616_28000_96 | EIP150 (1/4) ... ok
   - ecmul_7827-6598_5616_28000_96 | EIP150 (2/4) ... ok
   - ecmul_7827-6598_5616_28000_96 | EIP150 (3/4) ... ok
   - ecmul_7827-6598_5616_28000_96 | EIP150 (4/4) ... ok
   - ecmul_0-0_0_21000_0_d0g0v0_Byzantium...   - ecmul_7827-6598_5616_28000_96 | EIP158 (1/4) ... ok
   - ecmul_7827-6598_5616_28000_96 | EIP158 (2/4) ... ok
   - ecmul_7827-6598_5616_28000_96 | EIP158 (3/4) ... ok
   - ecmul_7827-6598_5616_28000_96 | EIP158 (4/4) ... ok
   - ecmul_7827-6598_5616_28000_96 | Frontier (1/4) ... ok
   - ecmul_7827-6598_5616_28000_96 | Frontier (2/4) ... ok
   - ecmul_7827-6598_5616_28000_96 | Frontier (3/4) ... ok
   - ecmul_7827-6598_5616_28000_96 | Frontier (4/4) ... ok
   - ecmul_7827-6598_5616_28000_96 | Homestead (1/4) ... ok
   - ecmul_7827-6598_5616_28000_96 | Homestead (2/4) ... ok
   - ecmul_7827-6598_5616_28000_96 | Homestead (3/4) ... ok
   - ecmul_7827-6598_5616_28000_96 | Homestead (4/4) ... ok
   - ecmul_7827-6598_5616_28000_96 | Byzantium (1/4) ... ok
   - ecmul_7827-6598_5616_28000_96 | Byzantium (2/4) ... ok
   - ecmul_7827-6598_5616_28000_96 | Byzantium (3/4) ... ok
   - ecmul_7827-6598_5616_28000_96 | Byzantium (4/4) ... ok
   - ecmul_1-3_0_28000_96 | EIP150 (1/4) ... ok
   - ecmul_1-3_0_28000_96 | EIP150 (2/4) ... ok
   - ecmul_1-3_0_28000_96 | EIP150 (3/4) ... ok
   - ecmul_1-3_0_28000_96 | EIP150 (4/4) ... ok
   - ecmul_1-3_0_28000_96 | EIP158 (1/4) ... ok
   - ecmul_1-3_0_28000_96 | EIP158 (2/4) ... ok
   - ecmul_1-3_0_28000_96 | EIP158 (3/4) ... ok
   - ecmul_1-3_0_28000_96 | EIP158 (4/4) ... ok
   - ecmul_1-3_0_28000_96 | Frontier (1/4) ... ok
ok
   - ecmul_0-0_0_21000_0_d0g0v0_EIP150...   - ecmul_1-3_0_28000_96 | Frontier (2/4) ... ok
   - ecmul_1-3_0_28000_96 | Frontier (3/4) ... ok
   - ecmul_1-3_0_28000_96 | Frontier (4/4) ... ok
   - ecmul_1-3_0_28000_96 | Homestead (1/4) ... ok
   - ecmul_1-3_0_28000_96 | Homestead (2/4) ... ok
   - ecmul_1-3_0_28000_96 | Homestead (3/4) ... ok
   - ecmul_1-3_0_28000_96 | Homestead (4/4) ... ok
   - ecmul_1-3_0_28000_96 | Byzantium (1/4) ... ok
   - ecmul_1-3_0_28000_96 | Byzantium (2/4) ... ok
   - ecmul_1-3_0_28000_96 | Byzantium (3/4) ... ok
   - ecmul_1-3_0_28000_96 | Byzantium (4/4) ... ok
   - ecmul_0-3_5617_21000_96 | EIP150 (1/4) ... ok
   - ecmul_0-3_5617_21000_96 | EIP150 (2/4) ... ok
ok
   - ecmul_0-0_0_21000_0_d0g0v0_EIP158...   - ecmul_0-3_5617_21000_96 | EIP150 (3/4) ... ok
   - ecmul_0-3_5617_21000_96 | EIP150 (4/4) ... ok
   - ecmul_0-3_5617_21000_96 | EIP158 (1/4) ... ok
   - ecmul_0-3_5617_21000_96 | EIP158 (2/4) ... ok
   - ecmul_0-3_5617_21000_96 | EIP158 (3/4) ... ok
   - ecmul_0-3_5617_21000_96 | EIP158 (4/4) ... ok
   - ecmul_0-3_5617_21000_96 | Frontier (1/4) ... ok
   - ecmul_0-3_5617_21000_96 | Frontier (2/4) ... ok
   - ecmul_0-3_5617_21000_96 | Frontier (3/4) ... ok
   - ecmul_0-3_5617_21000_96 | Frontier (4/4) ... ok
   - ecmul_0-3_5617_21000_96 | Homestead (1/4) ... ok
   - ecmul_0-3_5617_21000_96 | Homestead (2/4) ... ok
   - ecmul_0-3_5617_21000_96 | Homestead (3/4) ... ok
   - ecmul_0-3_5617_21000_96 | Homestead (4/4) ... ok
   - ecmul_0-3_5617_21000_96 | Byzantium (1/4) ... ok
   - ecmul_0-3_5617_21000_96 | Byzantium (2/4) ... ok
   - ecmul_0-3_5617_21000_96 | Byzantium (3/4) ... ok
   - ecmul_0-3_5617_21000_96 | Byzantium (4/4) ... ok
   - ecmul_1-3_1_21000_128 | EIP150 (1/4) ... ok
   - ecmul_1-3_1_21000_128 | EIP150 (2/4) ... ok
   - ecmul_1-3_1_21000_128 | EIP150 (3/4) ... ok
   - ecmul_1-3_1_21000_128 | EIP150 (4/4) ... ok
   - ecmul_1-3_1_21000_128 | EIP158 (1/4) ... ok
   - ecmul_1-3_1_21000_128 | EIP158 (2/4) ... ok
   - ecmul_1-3_1_21000_128 | EIP158 (3/4) ... ok
   - ecmul_1-3_1_21000_128 | EIP158 (4/4) ... ok
   - ecmul_1-3_1_21000_128 | Frontier (1/4) ... ok
   - ecmul_1-3_1_21000_128 | Frontier (2/4) ... ok
   - ecmul_1-3_1_21000_128 | Frontier (3/4) ... ok
   - ecmul_1-3_1_21000_128 | Frontier (4/4) ... ok
   - ecmul_1-3_1_21000_128 | Homestead (1/4) ... ok
   - ecmul_1-3_1_21000_128 | Homestead (2/4) ... ok
   - ecmul_1-3_1_21000_128 | Homestead (3/4) ... ok
   - ecmul_1-3_1_21000_128 | Homestead (4/4) ... ok
   - ecmul_1-3_1_21000_128 | Byzantium (1/4) ... ok
   - ecmul_1-3_1_21000_128 | Byzantium (2/4) ... ok
   - ecmul_1-3_1_21000_128 | Byzantium (3/4) ... ok
   - ecmul_1-3_1_21000_128 | Byzantium (4/4) ... ok
   - ecmul_0-3_9935_21000_128 | EIP150 (1/4) ... ok
   - ecmul_0-3_9935_21000_128 | EIP150 (2/4) ... ok
   - ecmul_0-3_9935_21000_128 | EIP150 (3/4) ... ok
   - ecmul_0-3_9935_21000_128 | EIP150 (4/4) ... ok
ok
   - ecmul_0-0_0_21000_0_d0g0v0_Frontier...   - ecmul_0-3_9935_21000_128 | EIP158 (1/4) ... ok
   - ecmul_0-3_9935_21000_128 | EIP158 (2/4) ... ok
   - ecmul_0-3_9935_21000_128 | EIP158 (3/4) ... ok
   - ecmul_0-3_9935_21000_128 | EIP158 (4/4) ... ok
   - ecmul_0-3_9935_21000_128 | Frontier (1/4) ... ok
   - ecmul_0-3_9935_21000_128 | Frontier (2/4) ... ok
   - ecmul_0-3_9935_21000_128 | Frontier (3/4) ... ok
   - ecmul_0-3_9935_21000_128 | Frontier (4/4) ... ok
   - ecmul_0-3_9935_21000_128 | Homestead (1/4) ... ok
   - ecmul_0-3_9935_21000_128 | Homestead (2/4) ... ok
   - ecmul_0-3_9935_21000_128 | Homestead (3/4) ... ok
   - ecmul_0-3_9935_21000_128 | Homestead (4/4) ... ok
   - ecmul_0-3_9935_21000_128 | Byzantium (1/4) ... ok
   - ecmul_0-3_9935_21000_128 | Byzantium (2/4) ... ok
   - ecmul_0-3_9935_21000_128 | Byzantium (3/4) ... ok
   - ecmul_0-3_9935_21000_128 | Byzantium (4/4) ... ok
   - ecmul_1-2_0_21000_128 | EIP150 (1/4) ... ok
   - ecmul_1-2_0_21000_128 | EIP150 (2/4) ... ok
   - ecmul_1-2_0_21000_128 | EIP150 (3/4) ... ok
   - ecmul_1-2_0_21000_128 | EIP150 (4/4) ... ok
   - ecmul_1-2_0_21000_128 | EIP158 (1/4) ... ok
   - ecmul_1-2_0_21000_128 | EIP158 (2/4) ... ok
   - ecmul_1-2_0_21000_128 | EIP158 (3/4) ... ok
   - ecmul_1-2_0_21000_128 | EIP158 (4/4) ... ok
   - ecmul_1-2_0_21000_128 | Frontier (1/4) ... ok
   - ecmul_1-2_0_21000_128 | Frontier (2/4) ... ok
   - ecmul_1-2_0_21000_128 | Frontier (3/4) ... ok
   - ecmul_1-2_0_21000_128 | Frontier (4/4) ... ok
   - ecmul_1-2_0_21000_128 | Homestead (1/4) ... ok
   - ecmul_1-2_0_21000_128 | Homestead (2/4) ... ok
   - ecmul_1-2_0_21000_128 | Homestead (3/4) ... ok
   - ecmul_1-2_0_21000_128 | Homestead (4/4) ... ok
   - ecmul_1-2_0_21000_128 | Byzantium (1/4) ... ok
   - ecmul_1-2_0_21000_128 | Byzantium (2/4) ... ok
   - ecmul_1-2_0_21000_128 | Byzantium (3/4) ... ok
   - ecmul_1-2_0_21000_128 | Byzantium (4/4) ... ok
   - ecmul_7827-6598_5617_21000_128 | EIP150 (1/4) ... ok
   - ecmul_7827-6598_5617_21000_128 | EIP150 (2/4) ... ok
   - ecmul_7827-6598_5617_21000_128 | EIP150 (3/4) ... ok
   - ecmul_7827-6598_5617_21000_128 | EIP150 (4/4) ... ok
   - ecmul_7827-6598_5617_21000_128 | EIP158 (1/4) ... ok
   - ecmul_7827-6598_5617_21000_128 | EIP158 (2/4) ... ok
   - ecmul_7827-6598_5617_21000_128 | EIP158 (3/4) ... ok
   - ecmul_7827-6598_5617_21000_128 | EIP158 (4/4) ... ok
   - ecmul_7827-6598_5617_21000_128 | Frontier (1/4) ... ok
   - ecmul_7827-6598_5617_21000_128 | Frontier (2/4) ... ok
   - ecmul_7827-6598_5617_21000_128 | Frontier (3/4) ... ok
   - ecmul_7827-6598_5617_21000_128 | Frontier (4/4) ... ok
   - ecmul_7827-6598_5617_21000_128 | Homestead (1/4) ... ok
   - ecmul_7827-6598_5617_21000_128 | Homestead (2/4) ... ok
   - ecmul_7827-6598_5617_21000_128 | Homestead (3/4) ... ok
ok
   - ecmul_0-0_0_21000_0_d0g0v0_Homestead...   - ecmul_7827-6598_5617_21000_128 | Homestead (4/4) ... ok
   - ecmul_7827-6598_5617_21000_128 | Byzantium (1/4) ... ok
   - ecmul_7827-6598_5617_21000_128 | Byzantium (2/4) ... ok
   - ecmul_7827-6598_5617_21000_128 | Byzantium (3/4) ... ok
   - ecmul_7827-6598_5617_21000_128 | Byzantium (4/4) ... ok
   - ecmul_1-3_5616_28000_128 | EIP150 (1/4) ... ok
   - ecmul_1-3_5616_28000_128 | EIP150 (2/4) ... ok
   - ecmul_1-3_5616_28000_128 | EIP150 (3/4) ... ok
   - ecmul_1-3_5616_28000_128 | EIP150 (4/4) ... ok
   - ecmul_1-3_5616_28000_128 | EIP158 (1/4) ... ok
   - ecmul_1-3_5616_28000_128 | EIP158 (2/4) ... ok
   - ecmul_1-3_5616_28000_128 | EIP158 (3/4) ... ok
   - ecmul_1-3_5616_28000_128 | EIP158 (4/4) ... ok
   - ecmul_1-3_5616_28000_128 | Frontier (1/4) ... ok
   - ecmul_1-3_5616_28000_128 | Frontier (2/4) ... ok
   - ecmul_1-3_5616_28000_128 | Frontier (3/4) ... ok
   - ecmul_1-3_5616_28000_128 | Frontier (4/4) ... ok
   - ecmul_1-3_5616_28000_128 | Homestead (1/4) ... ok
   - ecmul_1-3_5616_28000_128 | Homestead (2/4) ... ok
   - ecmul_1-3_5616_28000_128 | Homestead (3/4) ... ok
   - ecmul_1-3_5616_28000_128 | Homestead (4/4) ... ok
   - ecmul_1-3_5616_28000_128 | Byzantium (1/4) ... ok
   - ecmul_1-3_5616_28000_128 | Byzantium (2/4) ... ok
   - ecmul_1-3_5616_28000_128 | Byzantium (3/4) ... ok
   - ecmul_1-3_5616_28000_128 | Byzantium (4/4) ... ok
   - ecmul_1-2_9935_21000_128 | EIP150 (1/4) ... ok
   - ecmul_1-2_9935_21000_128 | EIP150 (2/4) ... ok
   - ecmul_1-2_9935_21000_128 | EIP150 (3/4) ... ok
   - ecmul_1-2_9935_21000_128 | EIP150 (4/4) ... ok
   - ecmul_1-2_9935_21000_128 | EIP158 (1/4) ... ok
   - ecmul_1-2_9935_21000_128 | EIP158 (2/4) ... ok
   - ecmul_1-2_9935_21000_128 | EIP158 (3/4) ... ok
   - ecmul_1-2_9935_21000_128 | EIP158 (4/4) ... ok
   - ecmul_1-2_9935_21000_128 | Frontier (1/4) ... ok
   - ecmul_1-2_9935_21000_128 | Frontier (2/4) ... ok
   - ecmul_1-2_9935_21000_128 | Frontier (3/4) ... ok
   - ecmul_1-2_9935_21000_128 | Frontier (4/4) ... ok
   - ecmul_1-2_9935_21000_128 | Homestead (1/4) ... ok
   - ecmul_1-2_9935_21000_128 | Homestead (2/4) ... ok
   - ecmul_1-2_9935_21000_128 | Homestead (3/4) ... ok
   - ecmul_1-2_9935_21000_128 | Homestead (4/4) ... ok
   - ecmul_1-2_9935_21000_128 | Byzantium (1/4) ... ok
   - ecmul_1-2_9935_21000_128 | Byzantium (2/4) ... ok
   - ecmul_1-2_9935_21000_128 | Byzantium (3/4) ... ok
   - ecmul_1-2_9935_21000_128 | Byzantium (4/4) ... ok
   - ecmul_0-3_0_28000_128 | EIP150 (1/4) ... ok
   - ecmul_0-3_0_28000_128 | EIP150 (2/4) ... ok
   - ecmul_0-3_0_28000_128 | EIP150 (3/4) ... ok
   - ecmul_0-3_0_28000_128 | EIP150 (4/4) ... ok
   - ecmul_0-3_0_28000_128 | EIP158 (1/4) ... ok
   - ecmul_0-3_0_28000_128 | EIP158 (2/4) ... ok
   - ecmul_0-3_0_28000_128 | EIP158 (3/4) ... ok
   - ecmul_0-3_0_28000_128 | EIP158 (4/4) ... ok
   - ecmul_0-3_0_28000_128 | Frontier (1/4) ... ok
ok
   - ecmul_0-3_0_28000_128 | Frontier (2/4) ... ok
   - ecmul_0-3_0_28000_128 | Frontier (3/4) ... ok
   - ecmul_0-3_0_28000_128 | Frontier (4/4) ... ok
   - pointMulAdd2_d15g2v0_Byzantium...   - ecmul_0-3_0_28000_128 | Homestead (1/4) ... ok
   - ecmul_0-3_0_28000_128 | Homestead (2/4) ... ok
   - ecmul_0-3_0_28000_128 | Homestead (3/4) ... ok
   - ecmul_0-3_0_28000_128 | Homestead (4/4) ... ok
   - ecmul_0-3_0_28000_128 | Byzantium (1/4) ... ok
   - ecmul_0-3_0_28000_128 | Byzantium (2/4) ... ok
   - ecmul_0-3_0_28000_128 | Byzantium (3/4) ... ok
   - ecmul_0-3_0_28000_128 | Byzantium (4/4) ... ok
   - ecadd_0-0_1-2_21000_192 | EIP150 (1/4) ... ok
   - ecadd_0-0_1-2_21000_192 | EIP150 (2/4) ... ok
   - ecadd_0-0_1-2_21000_192 | EIP150 (3/4) ... ok
   - ecadd_0-0_1-2_21000_192 | EIP150 (4/4) ... ok
   - ecadd_0-0_1-2_21000_192 | EIP158 (1/4) ... ok
   - ecadd_0-0_1-2_21000_192 | EIP158 (2/4) ... ok
   - ecadd_0-0_1-2_21000_192 | EIP158 (3/4) ... ok
   - ecadd_0-0_1-2_21000_192 | EIP158 (4/4) ... ok
   - ecadd_0-0_1-2_21000_192 | Frontier (1/4) ... ok
   - ecadd_0-0_1-2_21000_192 | Frontier (2/4) ... ok
   - ecadd_0-0_1-2_21000_192 | Frontier (3/4) ... ok
   - ecadd_0-0_1-2_21000_192 | Frontier (4/4) ... ok
   - ecadd_0-0_1-2_21000_192 | Homestead (1/4) ... ok
   - ecadd_0-0_1-2_21000_192 | Homestead (2/4) ... ok
   - ecadd_0-0_1-2_21000_192 | Homestead (3/4) ... ok
   - ecadd_0-0_1-2_21000_192 | Homestead (4/4) ... ok
   - ecadd_0-0_1-2_21000_192 | Byzantium (1/4) ... ok
   - ecadd_0-0_1-2_21000_192 | Byzantium (2/4) ... ok
   - ecadd_0-0_1-2_21000_192 | Byzantium (3/4) ... ok
   - ecadd_0-0_1-2_21000_192 | Byzantium (4/4) ... ok
   - ecmul_1-2_9_28000_128 | EIP150 (1/4) ... ok
   - ecmul_1-2_9_28000_128 | EIP150 (2/4) ... ok
   - ecmul_1-2_9_28000_128 | EIP150 (3/4) ... ok
   - ecmul_1-2_9_28000_128 | EIP150 (4/4) ... ok
   - ecmul_1-2_9_28000_128 | EIP158 (1/4) ... ok
   - ecmul_1-2_9_28000_128 | EIP158 (2/4) ... ok
   - ecmul_1-2_9_28000_128 | EIP158 (3/4) ... ok
   - ecmul_1-2_9_28000_128 | EIP158 (4/4) ... ok
   - ecmul_1-2_9_28000_128 | Frontier (1/4) ... ok
   - ecmul_1-2_9_28000_128 | Frontier (2/4) ... ok
   - ecmul_1-2_9_28000_128 | Frontier (3/4) ... ok
   - ecmul_1-2_9_28000_128 | Frontier (4/4) ... ok
   - ecmul_1-2_9_28000_128 | Homestead (1/4) ... ok
   - ecmul_1-2_9_28000_128 | Homestead (2/4) ... ok
   - ecmul_1-2_9_28000_128 | Homestead (3/4) ... ok
   - ecmul_1-2_9_28000_128 | Homestead (4/4) ... ok
   - ecmul_1-2_9_28000_128 | Byzantium (1/4) ... ok
   - ecmul_1-2_9_28000_128 | Byzantium (2/4) ... ok
   - ecmul_1-2_9_28000_128 | Byzantium (3/4) ... ok
   - ecmul_1-2_9_28000_128 | Byzantium (4/4) ... ok
   - ecmul_7827-6598_2_28000_96 | EIP150 (1/4) ... ok
   - ecmul_7827-6598_2_28000_96 | EIP150 (2/4) ... ok
   - ecmul_7827-6598_2_28000_96 | EIP150 (3/4) ... ok
   - ecmul_7827-6598_2_28000_96 | EIP150 (4/4) ... ok
   - ecmul_7827-6598_2_28000_96 | EIP158 (1/4) ... ok
   - ecmul_7827-6598_2_28000_96 | EIP158 (2/4) ... ok
   - ecmul_7827-6598_2_28000_96 | EIP158 (3/4) ... ok
   - ecmul_7827-6598_2_28000_96 | EIP158 (4/4) ... ok
ok
   - pointMulAdd2_d15g2v0_EIP150...   - ecmul_7827-6598_2_28000_96 | Frontier (1/4) ... ok
   - ecmul_7827-6598_2_28000_96 | Frontier (2/4) ... ok
   - ecmul_7827-6598_2_28000_96 | Frontier (3/4) ... ok
   - ecmul_7827-6598_2_28000_96 | Frontier (4/4) ... ok
   - ecmul_7827-6598_2_28000_96 | Homestead (1/4) ... ok
   - ecmul_7827-6598_2_28000_96 | Homestead (2/4) ... ok
   - ecmul_7827-6598_2_28000_96 | Homestead (3/4) ... ok
   - ecmul_7827-6598_2_28000_96 | Homestead (4/4) ... ok
   - ecmul_7827-6598_2_28000_96 | Byzantium (1/4) ... ok
   - ecmul_7827-6598_2_28000_96 | Byzantium (2/4) ... ok
   - ecmul_7827-6598_2_28000_96 | Byzantium (3/4) ... ok
   - ecmul_7827-6598_2_28000_96 | Byzantium (4/4) ... ok
   - ecmul_1-3_0_21000_128 | EIP150 (1/4) ... ok
   - ecmul_1-3_0_21000_128 | EIP150 (2/4) ... ok
   - ecmul_1-3_0_21000_128 | EIP150 (3/4) ... ok
   - ecmul_1-3_0_21000_128 | EIP150 (4/4) ... ok
   - ecmul_1-3_0_21000_128 | EIP158 (1/4) ... ok
   - ecmul_1-3_0_21000_128 | EIP158 (2/4) ... ok
   - ecmul_1-3_0_21000_128 | EIP158 (3/4) ... ok
   - ecmul_1-3_0_21000_128 | EIP158 (4/4) ... ok
   - ecmul_1-3_0_21000_128 | Frontier (1/4) ... ok
   - ecmul_1-3_0_21000_128 | Frontier (2/4) ... ok
   - ecmul_1-3_0_21000_128 | Frontier (3/4) ... ok
   - ecmul_1-3_0_21000_128 | Frontier (4/4) ... ok
   - ecmul_1-3_0_21000_128 | Homestead (1/4) ... ok
   - ecmul_1-3_0_21000_128 | Homestead (2/4) ... ok
   - ecmul_1-3_0_21000_128 | Homestead (3/4) ... ok
   - ecmul_1-3_0_21000_128 | Homestead (4/4) ... ok
   - ecmul_1-3_0_21000_128 | Byzantium (1/4) ... ok
   - ecmul_1-3_0_21000_128 | Byzantium (2/4) ... ok
   - ecmul_1-3_0_21000_128 | Byzantium (3/4) ... ok
   - ecmul_1-3_0_21000_128 | Byzantium (4/4) ... ok
ok
   - pointMulAdd2_d15g2v0_EIP158...   - ecmul_0-0_5617_21000_128 | EIP150 (1/4) ... ok
   - ecmul_0-0_5617_21000_128 | EIP150 (2/4) ... ok
   - ecmul_0-0_5617_21000_128 | EIP150 (3/4) ... ok
   - ecmul_0-0_5617_21000_128 | EIP150 (4/4) ... ok
   - ecmul_0-0_5617_21000_128 | EIP158 (1/4) ... ok
   - ecmul_0-0_5617_21000_128 | EIP158 (2/4) ... ok
test snapshot::tests::proof_of_work::chunk_and_restore_4k ... ok
   - ecmul_0-0_5617_21000_128 | EIP158 (3/4) ... ok
   - ecmul_0-0_5617_21000_128 | EIP158 (4/4) ... ok
   - ecmul_0-0_5617_21000_128 | Frontier (1/4) ... ok
   - ecmul_0-0_5617_21000_128 | Frontier (2/4) ... ok
   - ecmul_0-0_5617_21000_128 | Frontier (3/4) ... ok
   - ecmul_0-0_5617_21000_128 | Frontier (4/4) ... ok
   - ecmul_0-0_5617_21000_128 | Homestead (1/4) ... ok
   - ecmul_0-0_5617_21000_128 | Homestead (2/4) ... ok
   - ecmul_0-0_5617_21000_128 | Homestead (3/4) ... ok
   - ecmul_0-0_5617_21000_128 | Homestead (4/4) ... ok
   - ecmul_0-0_5617_21000_128 | Byzantium (1/4) ... ok
   - ecmul_0-0_5617_21000_128 | Byzantium (2/4) ... ok
   - ecmul_0-0_5617_21000_128 | Byzantium (3/4) ... ok
   - ecmul_0-0_5617_21000_128 | Byzantium (4/4) ... ok
   - ecmul_0-0_9935_28000_96 | EIP150 (1/4) ... ok
   - ecmul_0-0_9935_28000_96 | EIP150 (2/4) ... ok
   - ecmul_0-0_9935_28000_96 | EIP150 (3/4) ... ok
   - ecmul_0-0_9935_28000_96 | EIP150 (4/4) ... ok
   - ecmul_0-0_9935_28000_96 | EIP158 (1/4) ... ok
   - ecmul_0-0_9935_28000_96 | EIP158 (2/4) ... ok
   - ecmul_0-0_9935_28000_96 | EIP158 (3/4) ... ok
   - ecmul_0-0_9935_28000_96 | EIP158 (4/4) ... ok
   - ecmul_0-0_9935_28000_96 | Frontier (1/4) ... ok
   - ecmul_0-0_9935_28000_96 | Frontier (2/4) ... ok
   - ecmul_0-0_9935_28000_96 | Frontier (3/4) ... ok
   - ecmul_0-0_9935_28000_96 | Frontier (4/4) ... ok
   - ecmul_0-0_9935_28000_96 | Homestead (1/4) ... ok
   - ecmul_0-0_9935_28000_96 | Homestead (2/4) ... ok
   - ecmul_0-0_9935_28000_96 | Homestead (3/4) ... ok
   - ecmul_0-0_9935_28000_96 | Homestead (4/4) ... ok
   - ecmul_0-0_9935_28000_96 | Byzantium (1/4) ... ok
   - ecmul_0-0_9935_28000_96 | Byzantium (2/4) ... ok
   - ecmul_0-0_9935_28000_96 | Byzantium (3/4) ... ok
   - ecmul_0-0_9935_28000_96 | Byzantium (4/4) ... ok
ok
   - pointMulAdd2_d15g2v0_Frontier...   - ecmul_0-0_5616_28000_96 | EIP150 (1/4) ... ok
   - ecmul_0-0_5616_28000_96 | EIP150 (2/4) ... ok
   - ecmul_0-0_5616_28000_96 | EIP150 (3/4) ... ok
   - ecmul_0-0_5616_28000_96 | EIP150 (4/4) ... ok
   - ecmul_0-0_5616_28000_96 | EIP158 (1/4) ... ok
   - ecmul_0-0_5616_28000_96 | EIP158 (2/4) ... ok
   - ecmul_0-0_5616_28000_96 | EIP158 (3/4) ... ok
   - ecmul_0-0_5616_28000_96 | EIP158 (4/4) ... ok
   - ecmul_0-0_5616_28000_96 | Frontier (1/4) ... ok
   - ecmul_0-0_5616_28000_96 | Frontier (2/4) ... ok
   - ecmul_0-0_5616_28000_96 | Frontier (3/4) ... ok
   - ecmul_0-0_5616_28000_96 | Frontier (4/4) ... ok
   - ecmul_0-0_5616_28000_96 | Homestead (1/4) ... ok
   - ecmul_0-0_5616_28000_96 | Homestead (2/4) ... ok
   - ecmul_0-0_5616_28000_96 | Homestead (3/4) ... ok
   - ecmul_0-0_5616_28000_96 | Homestead (4/4) ... ok
   - ecmul_0-0_5616_28000_96 | Byzantium (1/4) ... ok
   - ecmul_0-0_5616_28000_96 | Byzantium (2/4) ... ok
   - ecmul_0-0_5616_28000_96 | Byzantium (3/4) ... ok
   - ecmul_0-0_5616_28000_96 | Byzantium (4/4) ... ok
   - ecmul_1-2_5616_28000_128 | EIP150 (1/4) ... ok
   - ecmul_1-2_5616_28000_128 | EIP150 (2/4) ... ok
   - ecmul_1-2_5616_28000_128 | EIP150 (3/4) ... ok
   - ecmul_1-2_5616_28000_128 | EIP150 (4/4) ... ok
   - ecmul_1-2_5616_28000_128 | EIP158 (1/4) ... ok
   - ecmul_1-2_5616_28000_128 | EIP158 (2/4) ... ok
   - ecmul_1-2_5616_28000_128 | EIP158 (3/4) ... ok
   - ecmul_1-2_5616_28000_128 | EIP158 (4/4) ... ok
   - ecmul_1-2_5616_28000_128 | Frontier (1/4) ... ok
test snapshot::tests::proof_of_work::chunk_and_restore_500 ... ok
   - ecmul_1-2_5616_28000_128 | Frontier (2/4) ... ok
   - ecmul_1-2_5616_28000_128 | Frontier (3/4) ... ok
   - ecmul_1-2_5616_28000_128 | Frontier (4/4) ... ok
   - ecmul_1-2_5616_28000_128 | Homestead (1/4) ... ok
   - ecmul_1-2_5616_28000_128 | Homestead (2/4) ... ok
   - ecmul_1-2_5616_28000_128 | Homestead (3/4) ... ok
   - ecmul_1-2_5616_28000_128 | Homestead (4/4) ... ok
   - ecmul_1-2_5616_28000_128 | Byzantium (1/4) ... ok
   - ecmul_1-2_5616_28000_128 | Byzantium (2/4) ... ok
   - ecmul_1-2_5616_28000_128 | Byzantium (3/4) ... ok
   - ecmul_1-2_5616_28000_128 | Byzantium (4/4) ... ok
   - ecadd_1-2_1-2_21000_128 | EIP150 (1/4) ... ok
   - ecadd_1-2_1-2_21000_128 | EIP150 (2/4) ... ok
   - ecadd_1-2_1-2_21000_128 | EIP150 (3/4) ... ok
   - ecadd_1-2_1-2_21000_128 | EIP150 (4/4) ... ok
   - ecadd_1-2_1-2_21000_128 | EIP158 (1/4) ... ok
   - ecadd_1-2_1-2_21000_128 | EIP158 (2/4) ... ok
ok
   - pointMulAdd2_d15g2v0_Homestead...   - ecadd_1-2_1-2_21000_128 | EIP158 (3/4) ... ok
   - ecadd_1-2_1-2_21000_128 | EIP158 (4/4) ... ok
   - ecadd_1-2_1-2_21000_128 | Frontier (1/4) ... ok
   - ecadd_1-2_1-2_21000_128 | Frontier (2/4) ... ok
   - ecadd_1-2_1-2_21000_128 | Frontier (3/4) ... ok
   - ecadd_1-2_1-2_21000_128 | Frontier (4/4) ... ok
   - ecadd_1-2_1-2_21000_128 | Homestead (1/4) ... ok
   - ecadd_1-2_1-2_21000_128 | Homestead (2/4) ... ok
   - ecadd_1-2_1-2_21000_128 | Homestead (3/4) ... ok
   - ecadd_1-2_1-2_21000_128 | Homestead (4/4) ... ok
   - ecadd_1-2_1-2_21000_128 | Byzantium (1/4) ... ok
   - ecadd_1-2_1-2_21000_128 | Byzantium (2/4) ... ok
   - ecadd_1-2_1-2_21000_128 | Byzantium (3/4) ... ok
   - ecadd_1-2_1-2_21000_128 | Byzantium (4/4) ... ok
   - ecadd_1-2_0-0_25000_64 | EIP150 (1/4) ... ok
   - ecadd_1-2_0-0_25000_64 | EIP150 (2/4) ... ok
   - ecadd_1-2_0-0_25000_64 | EIP150 (3/4) ... ok
test snapshot::tests::service::guards_delete_folders ... ok
   - ecadd_1-2_0-0_25000_64 | EIP150 (4/4) ... ok
   - ecadd_1-2_0-0_25000_64 | EIP158 (1/4) ... ok
   - ecadd_1-2_0-0_25000_64 | EIP158 (2/4) ... ok
   - ecadd_1-2_0-0_25000_64 | EIP158 (3/4) ... ok
   - ecadd_1-2_0-0_25000_64 | EIP158 (4/4) ... ok
   - ecadd_1-2_0-0_25000_64 | Frontier (1/4) ... ok
   - ecadd_1-2_0-0_25000_64 | Frontier (2/4) ... ok
   - ecadd_1-2_0-0_25000_64 | Frontier (3/4) ... ok
   - ecadd_1-2_0-0_25000_64 | Frontier (4/4) ... ok
   - ecadd_1-2_0-0_25000_64 | Homestead (1/4) ... ok
   - ecadd_1-2_0-0_25000_64 | Homestead (2/4) ... ok
   - ecadd_1-2_0-0_25000_64 | Homestead (3/4) ... ok
   - ecadd_1-2_0-0_25000_64 | Homestead (4/4) ... ok
   - ecadd_1-2_0-0_25000_64 | Byzantium (1/4) ... ok
   - ecadd_1-2_0-0_25000_64 | Byzantium (2/4) ... ok
   - ecadd_1-2_0-0_25000_64 | Byzantium (3/4) ... ok
   - ecadd_1-2_0-0_25000_64 | Byzantium (4/4) ... ok
   - ecadd_0-3_1-2_25000_128 | EIP150 (1/4) ... ok
   - ecadd_0-3_1-2_25000_128 | EIP150 (2/4) ... ok
   - ecadd_0-3_1-2_25000_128 | EIP150 (3/4) ... ok
   - ecadd_0-3_1-2_25000_128 | EIP150 (4/4) ... ok
   - ecadd_0-3_1-2_25000_128 | EIP158 (1/4) ... ok
   - ecadd_0-3_1-2_25000_128 | EIP158 (2/4) ... ok
   - ecadd_0-3_1-2_25000_128 | EIP158 (3/4) ... ok
   - ecadd_0-3_1-2_25000_128 | EIP158 (4/4) ... ok
   - ecadd_0-3_1-2_25000_128 | Frontier (1/4) ... ok
   - ecadd_0-3_1-2_25000_128 | Frontier (2/4) ... ok
   - ecadd_0-3_1-2_25000_128 | Frontier (3/4) ... ok
   - ecadd_0-3_1-2_25000_128 | Frontier (4/4) ... ok
   - ecadd_0-3_1-2_25000_128 | Homestead (1/4) ... ok
   - ecadd_0-3_1-2_25000_128 | Homestead (2/4) ... ok
   - ecadd_0-3_1-2_25000_128 | Homestead (3/4) ... ok
   - ecadd_0-3_1-2_25000_128 | Homestead (4/4) ... ok
   - ecadd_0-3_1-2_25000_128 | Byzantium (1/4) ... ok
   - ecadd_0-3_1-2_25000_128 | Byzantium (2/4) ... ok
   - ecadd_0-3_1-2_25000_128 | Byzantium (3/4) ... ok
ok
   - ecadd_0-3_1-2_25000_128 | Byzantium (4/4) ... ok
   - ecmul_7827-6598_1456_21000_80 | EIP150 (1/4) ... ok
   - ecmul_7827-6598_1456_21000_80 | EIP150 (2/4) ... ok
   - ecadd_6-9_19274124-124124_21000_128_d0g2v0_Byzantium...   - ecmul_7827-6598_1456_21000_80 | EIP150 (3/4) ... ok
   - ecmul_7827-6598_1456_21000_80 | EIP150 (4/4) ... ok
   - ecmul_7827-6598_1456_21000_80 | EIP158 (1/4) ... ok
   - ecmul_7827-6598_1456_21000_80 | EIP158 (2/4) ... ok
   - ecmul_7827-6598_1456_21000_80 | EIP158 (3/4) ... ok
   - ecmul_7827-6598_1456_21000_80 | EIP158 (4/4) ... ok
   - ecmul_7827-6598_1456_21000_80 | Frontier (1/4) ... ok
   - ecmul_7827-6598_1456_21000_80 | Frontier (2/4) ... ok
   - ecmul_7827-6598_1456_21000_80 | Frontier (3/4) ... ok
   - ecmul_7827-6598_1456_21000_80 | Frontier (4/4) ... ok
   - ecmul_7827-6598_1456_21000_80 | Homestead (1/4) ... ok
   - ecmul_7827-6598_1456_21000_80 | Homestead (2/4) ... ok
   - ecmul_7827-6598_1456_21000_80 | Homestead (3/4) ... ok
   - ecmul_7827-6598_1456_21000_80 | Homestead (4/4) ... ok
   - ecmul_7827-6598_1456_21000_80 | Byzantium (1/4) ... ok
ok
   - ecadd_6-9_19274124-124124_21000_128_d0g2v0_EIP150...   - ecmul_7827-6598_1456_21000_80 | Byzantium (2/4) ... ok
   - ecmul_7827-6598_1456_21000_80 | Byzantium (3/4) ... ok
   - ecmul_7827-6598_1456_21000_80 | Byzantium (4/4) ... ok
   - ecmul_7827-6598_1_21000_96 | EIP150 (1/4) ... ok
   - ecmul_7827-6598_1_21000_96 | EIP150 (2/4) ... ok
   - ecmul_7827-6598_1_21000_96 | EIP150 (3/4) ... ok
   - ecmul_7827-6598_1_21000_96 | EIP150 (4/4) ... ok
   - ecmul_7827-6598_1_21000_96 | EIP158 (1/4) ... ok
   - ecmul_7827-6598_1_21000_96 | EIP158 (2/4) ... ok
   - ecmul_7827-6598_1_21000_96 | EIP158 (3/4) ... ok
   - ecmul_7827-6598_1_21000_96 | EIP158 (4/4) ... ok
   - ecmul_7827-6598_1_21000_96 | Frontier (1/4) ... ok
   - ecmul_7827-6598_1_21000_96 | Frontier (2/4) ... ok
   - ecmul_7827-6598_1_21000_96 | Frontier (3/4) ... ok
   - ecmul_7827-6598_1_21000_96 | Frontier (4/4) ... ok
   - ecmul_7827-6598_1_21000_96 | Homestead (1/4) ... ok
   - ecmul_7827-6598_1_21000_96 | Homestead (2/4) ... ok
   - ecmul_7827-6598_1_21000_96 | Homestead (3/4) ... ok
   - ecmul_7827-6598_1_21000_96 | Homestead (4/4) ... ok
   - ecmul_7827-6598_1_21000_96 | Byzantium (1/4) ... ok
   - ecmul_7827-6598_1_21000_96 | Byzantium (2/4) ... ok
   - ecmul_7827-6598_1_21000_96 | Byzantium (3/4) ... ok
   - ecmul_7827-6598_1_21000_96 | Byzantium (4/4) ... ok
   - ecmul_1-3_340282366920938463463374607431768211456_28000_128 | EIP150 (1/4) ... ok
   - ecmul_1-3_340282366920938463463374607431768211456_28000_128 | EIP150 (2/4) ... ok
   - ecmul_1-3_340282366920938463463374607431768211456_28000_128 | EIP150 (3/4) ... ok
   - ecmul_1-3_340282366920938463463374607431768211456_28000_128 | EIP150 (4/4) ... ok
   - ecmul_1-3_340282366920938463463374607431768211456_28000_128 | EIP158 (1/4) ... ok
   - ecmul_1-3_340282366920938463463374607431768211456_28000_128 | EIP158 (2/4) ... ok
   - ecmul_1-3_340282366920938463463374607431768211456_28000_128 | EIP158 (3/4) ... ok
   - ecmul_1-3_340282366920938463463374607431768211456_28000_128 | EIP158 (4/4) ... ok
   - ecmul_1-3_340282366920938463463374607431768211456_28000_128 | Frontier (1/4) ... ok
   - ecmul_1-3_340282366920938463463374607431768211456_28000_128 | Frontier (2/4) ... ok
   - ecmul_1-3_340282366920938463463374607431768211456_28000_128 | Frontier (3/4) ... ok
ok
   - ecadd_6-9_19274124-124124_21000_128_d0g2v0_EIP158...   - ecmul_1-3_340282366920938463463374607431768211456_28000_128 | Frontier (4/4) ... ok
   - ecmul_1-3_340282366920938463463374607431768211456_28000_128 | Homestead (1/4) ... ok
   - ecmul_1-3_340282366920938463463374607431768211456_28000_128 | Homestead (2/4) ... ok
   - ecmul_1-3_340282366920938463463374607431768211456_28000_128 | Homestead (3/4) ... ok
   - ecmul_1-3_340282366920938463463374607431768211456_28000_128 | Homestead (4/4) ... ok
   - ecmul_1-3_340282366920938463463374607431768211456_28000_128 | Byzantium (1/4) ... ok
   - ecmul_1-3_340282366920938463463374607431768211456_28000_128 | Byzantium (2/4) ... ok
   - ecmul_1-3_340282366920938463463374607431768211456_28000_128 | Byzantium (3/4) ... ok
   - ecmul_1-3_340282366920938463463374607431768211456_28000_128 | Byzantium (4/4) ... ok
   - ecmul_1-2_9_21000_96 | EIP150 (1/4) ... ok
   - ecmul_1-2_9_21000_96 | EIP150 (2/4) ... ok
   - ecmul_1-2_9_21000_96 | EIP150 (3/4) ... ok
   - ecmul_1-2_9_21000_96 | EIP150 (4/4) ... ok
   - ecmul_1-2_9_21000_96 | EIP158 (1/4) ... ok
   - ecmul_1-2_9_21000_96 | EIP158 (2/4) ... ok
   - ecmul_1-2_9_21000_96 | EIP158 (3/4) ... ok
   - ecmul_1-2_9_21000_96 | EIP158 (4/4) ... ok
   - ecmul_1-2_9_21000_96 | Frontier (1/4) ... ok
   - ecmul_1-2_9_21000_96 | Frontier (2/4) ... ok
   - ecmul_1-2_9_21000_96 | Frontier (3/4) ... ok
   - ecmul_1-2_9_21000_96 | Frontier (4/4) ... ok
   - ecmul_1-2_9_21000_96 | Homestead (1/4) ... ok
   - ecmul_1-2_9_21000_96 | Homestead (2/4) ... ok
   - ecmul_1-2_9_21000_96 | Homestead (3/4) ... ok
   - ecmul_1-2_9_21000_96 | Homestead (4/4) ... ok
   - ecmul_1-2_9_21000_96 | Byzantium (1/4) ... ok
   - ecmul_1-2_9_21000_96 | Byzantium (2/4) ... ok
   - ecmul_1-2_9_21000_96 | Byzantium (3/4) ... ok
   - ecmul_1-2_9_21000_96 | Byzantium (4/4) ... ok
   - ecmul_7827-6598_1_28000_96 | EIP150 (1/4) ... ok
   - ecmul_7827-6598_1_28000_96 | EIP150 (2/4) ... ok
   - ecmul_7827-6598_1_28000_96 | EIP150 (3/4) ... ok
   - ecmul_7827-6598_1_28000_96 | EIP150 (4/4) ... ok
   - ecmul_7827-6598_1_28000_96 | EIP158 (1/4) ... ok
   - ecmul_7827-6598_1_28000_96 | EIP158 (2/4) ... ok
   - ecmul_7827-6598_1_28000_96 | EIP158 (3/4) ... ok
   - ecmul_7827-6598_1_28000_96 | EIP158 (4/4) ... ok
   - ecmul_7827-6598_1_28000_96 | Frontier (1/4) ... ok
   - ecmul_7827-6598_1_28000_96 | Frontier (2/4) ... ok
   - ecmul_7827-6598_1_28000_96 | Frontier (3/4) ... ok
   - ecmul_7827-6598_1_28000_96 | Frontier (4/4) ... ok
   - ecmul_7827-6598_1_28000_96 | Homestead (1/4) ... ok
   - ecmul_7827-6598_1_28000_96 | Homestead (2/4) ... ok
   - ecmul_7827-6598_1_28000_96 | Homestead (3/4) ... ok
   - ecmul_7827-6598_1_28000_96 | Homestead (4/4) ... ok
   - ecmul_7827-6598_1_28000_96 | Byzantium (1/4) ... ok
   - ecmul_7827-6598_1_28000_96 | Byzantium (2/4) ... ok
ok
   - ecadd_6-9_19274124-124124_21000_128_d0g2v0_Frontier...   - ecmul_7827-6598_1_28000_96 | Byzantium (3/4) ... ok
   - ecmul_7827-6598_1_28000_96 | Byzantium (4/4) ... ok
   - ecmul_1-2_340282366920938463463374607431768211456_28000_80 | EIP150 (1/4) ... ok
   - ecmul_1-2_340282366920938463463374607431768211456_28000_80 | EIP150 (2/4) ... ok
   - ecmul_1-2_340282366920938463463374607431768211456_28000_80 | EIP150 (3/4) ... ok
   - ecmul_1-2_340282366920938463463374607431768211456_28000_80 | EIP150 (4/4) ... ok
   - ecmul_1-2_340282366920938463463374607431768211456_28000_80 | EIP158 (1/4) ... ok
   - ecmul_1-2_340282366920938463463374607431768211456_28000_80 | EIP158 (2/4) ... ok
   - ecmul_1-2_340282366920938463463374607431768211456_28000_80 | EIP158 (3/4) ... ok
   - ecmul_1-2_340282366920938463463374607431768211456_28000_80 | EIP158 (4/4) ... ok
   - ecmul_1-2_340282366920938463463374607431768211456_28000_80 | Frontier (1/4) ... ok
   - ecmul_1-2_340282366920938463463374607431768211456_28000_80 | Frontier (2/4) ... ok
   - ecmul_1-2_340282366920938463463374607431768211456_28000_80 | Frontier (3/4) ... ok
   - ecmul_1-2_340282366920938463463374607431768211456_28000_80 | Frontier (4/4) ... ok
   - ecmul_1-2_340282366920938463463374607431768211456_28000_80 | Homestead (1/4) ... ok
   - ecmul_1-2_340282366920938463463374607431768211456_28000_80 | Homestead (2/4) ... ok
   - ecmul_1-2_340282366920938463463374607431768211456_28000_80 | Homestead (3/4) ... ok
   - ecmul_1-2_340282366920938463463374607431768211456_28000_80 | Homestead (4/4) ... ok
   - ecmul_1-2_340282366920938463463374607431768211456_28000_80 | Byzantium (1/4) ... ok
   - ecmul_1-2_340282366920938463463374607431768211456_28000_80 | Byzantium (2/4) ... ok
   - ecmul_1-2_340282366920938463463374607431768211456_28000_80 | Byzantium (3/4) ... ok
   - ecmul_1-2_340282366920938463463374607431768211456_28000_80 | Byzantium (4/4) ... ok
   - ecadd_0-0_0-0_21000_192 | EIP150 (1/4) ... ok
   - ecadd_0-0_0-0_21000_192 | EIP150 (2/4) ... ok
   - ecadd_0-0_0-0_21000_192 | EIP150 (3/4) ... ok
   - ecadd_0-0_0-0_21000_192 | EIP150 (4/4) ... ok
   - ecadd_0-0_0-0_21000_192 | EIP158 (1/4) ... ok
   - ecadd_0-0_0-0_21000_192 | EIP158 (2/4) ... ok
   - ecadd_0-0_0-0_21000_192 | EIP158 (3/4) ... ok
   - ecadd_0-0_0-0_21000_192 | EIP158 (4/4) ... ok
   - ecadd_0-0_0-0_21000_192 | Frontier (1/4) ... ok
   - ecadd_0-0_0-0_21000_192 | Frontier (2/4) ... ok
   - ecadd_0-0_0-0_21000_192 | Frontier (3/4) ... ok
   - ecadd_0-0_0-0_21000_192 | Frontier (4/4) ... ok
   - ecadd_0-0_0-0_21000_192 | Homestead (1/4) ... ok
   - ecadd_0-0_0-0_21000_192 | Homestead (2/4) ... ok
   - ecadd_0-0_0-0_21000_192 | Homestead (3/4) ... ok
   - ecadd_0-0_0-0_21000_192 | Homestead (4/4) ... ok
   - ecadd_0-0_0-0_21000_192 | Byzantium (1/4) ... ok
   - ecadd_0-0_0-0_21000_192 | Byzantium (2/4) ... ok
   - ecadd_0-0_0-0_21000_192 | Byzantium (3/4) ... ok
   - ecadd_0-0_0-0_21000_192 | Byzantium (4/4) ... ok
   - ecmul_0-0_9935_28000_128 | EIP150 (1/4) ... ok
   - ecmul_0-0_9935_28000_128 | EIP150 (2/4) ... ok
   - ecmul_0-0_9935_28000_128 | EIP150 (3/4) ... ok
   - ecmul_0-0_9935_28000_128 | EIP150 (4/4) ... ok
   - ecmul_0-0_9935_28000_128 | EIP158 (1/4) ... ok
   - ecmul_0-0_9935_28000_128 | EIP158 (2/4) ... ok
   - ecmul_0-0_9935_28000_128 | EIP158 (3/4) ... ok
   - ecmul_0-0_9935_28000_128 | EIP158 (4/4) ... ok
   - ecmul_0-0_9935_28000_128 | Frontier (1/4) ... ok
   - ecmul_0-0_9935_28000_128 | Frontier (2/4) ... ok
   - ecmul_0-0_9935_28000_128 | Frontier (3/4) ... ok
   - ecmul_0-0_9935_28000_128 | Frontier (4/4) ... ok
   - ecmul_0-0_9935_28000_128 | Homestead (1/4) ... ok
   - ecmul_0-0_9935_28000_128 | Homestead (2/4) ... ok
   - ecmul_0-0_9935_28000_128 | Homestead (3/4) ... ok
   - ecmul_0-0_9935_28000_128 | Homestead (4/4) ... ok
   - ecmul_0-0_9935_28000_128 | Byzantium (1/4) ... ok
   - ecmul_0-0_9935_28000_128 | Byzantium (2/4) ... ok
   - ecmul_0-0_9935_28000_128 | Byzantium (3/4) ... ok
   - ecmul_0-0_9935_28000_128 | Byzantium (4/4) ... ok
ok
   - ecadd_6-9_19274124-124124_21000_128_d0g2v0_Homestead...   - ecmul_1-3_340282366920938463463374607431768211456_21000_128 | EIP150 (1/4) ... ok
   - ecmul_1-3_340282366920938463463374607431768211456_21000_128 | EIP150 (2/4) ... ok
   - ecmul_1-3_340282366920938463463374607431768211456_21000_128 | EIP150 (3/4) ... ok
   - ecmul_1-3_340282366920938463463374607431768211456_21000_128 | EIP150 (4/4) ... ok
   - ecmul_1-3_340282366920938463463374607431768211456_21000_128 | EIP158 (1/4) ... ok
   - ecmul_1-3_340282366920938463463374607431768211456_21000_128 | EIP158 (2/4) ... ok
   - ecmul_1-3_340282366920938463463374607431768211456_21000_128 | EIP158 (3/4) ... ok
   - ecmul_1-3_340282366920938463463374607431768211456_21000_128 | EIP158 (4/4) ... ok
   - ecmul_1-3_340282366920938463463374607431768211456_21000_128 | Frontier (1/4) ... ok
   - ecmul_1-3_340282366920938463463374607431768211456_21000_128 | Frontier (2/4) ... ok
   - ecmul_1-3_340282366920938463463374607431768211456_21000_128 | Frontier (3/4) ... ok
   - ecmul_1-3_340282366920938463463374607431768211456_21000_128 | Frontier (4/4) ... ok
   - ecmul_1-3_340282366920938463463374607431768211456_21000_128 | Homestead (1/4) ... ok
   - ecmul_1-3_340282366920938463463374607431768211456_21000_128 | Homestead (2/4) ... ok
   - ecmul_1-3_340282366920938463463374607431768211456_21000_128 | Homestead (3/4) ... ok
   - ecmul_1-3_340282366920938463463374607431768211456_21000_128 | Homestead (4/4) ... ok
   - ecmul_1-3_340282366920938463463374607431768211456_21000_128 | Byzantium (1/4) ... ok
   - ecmul_1-3_340282366920938463463374607431768211456_21000_128 | Byzantium (2/4) ... ok
   - ecmul_1-3_340282366920938463463374607431768211456_21000_128 | Byzantium (3/4) ... ok
   - ecmul_1-3_340282366920938463463374607431768211456_21000_128 | Byzantium (4/4) ... ok
   - ecmul_1-2_0_21000_64 | EIP150 (1/4) ... ok
   - ecmul_1-2_0_21000_64 | EIP150 (2/4) ... ok
   - ecmul_1-2_0_21000_64 | EIP150 (3/4) ... ok
   - ecmul_1-2_0_21000_64 | EIP150 (4/4) ... ok
   - ecmul_1-2_0_21000_64 | EIP158 (1/4) ... ok
   - ecmul_1-2_0_21000_64 | EIP158 (2/4) ... ok
ok
   - ecmul_1-2_0_21000_64 | EIP158 (3/4) ... ok
   - ecmul_1-2_0_21000_64 | EIP158 (4/4) ... ok
   - ecmul_1-3_0_21000_80_d0g3v0_Byzantium...   - ecmul_1-2_0_21000_64 | Frontier (1/4) ... ok
   - ecmul_1-2_0_21000_64 | Frontier (2/4) ... ok
   - ecmul_1-2_0_21000_64 | Frontier (3/4) ... ok
   - ecmul_1-2_0_21000_64 | Frontier (4/4) ... ok
   - ecmul_1-2_0_21000_64 | Homestead (1/4) ... ok
   - ecmul_1-2_0_21000_64 | Homestead (2/4) ... ok
   - ecmul_1-2_0_21000_64 | Homestead (3/4) ... ok
   - ecmul_1-2_0_21000_64 | Homestead (4/4) ... ok
   - ecmul_1-2_0_21000_64 | Byzantium (1/4) ... ok
   - ecmul_1-2_0_21000_64 | Byzantium (2/4) ... ok
   - ecmul_1-2_0_21000_64 | Byzantium (3/4) ... ok
   - ecmul_1-2_0_21000_64 | Byzantium (4/4) ... ok
   - ecadd_1-3_0-0_25000_80 | EIP150 (1/4) ... ok
   - ecadd_1-3_0-0_25000_80 | EIP150 (2/4) ... ok
   - ecadd_1-3_0-0_25000_80 | EIP150 (3/4) ... ok
   - ecadd_1-3_0-0_25000_80 | EIP150 (4/4) ... ok
   - ecadd_1-3_0-0_25000_80 | EIP158 (1/4) ... ok
   - ecadd_1-3_0-0_25000_80 | EIP158 (2/4) ... ok
   - ecadd_1-3_0-0_25000_80 | EIP158 (3/4) ... ok
   - ecadd_1-3_0-0_25000_80 | EIP158 (4/4) ... ok
   - ecadd_1-3_0-0_25000_80 | Frontier (1/4) ... ok
   - ecadd_1-3_0-0_25000_80 | Frontier (2/4) ... ok
   - ecadd_1-3_0-0_25000_80 | Frontier (3/4) ... ok
   - ecadd_1-3_0-0_25000_80 | Frontier (4/4) ... ok
   - ecadd_1-3_0-0_25000_80 | Homestead (1/4) ... ok
   - ecadd_1-3_0-0_25000_80 | Homestead (2/4) ... ok
   - ecadd_1-3_0-0_25000_80 | Homestead (3/4) ... ok
   - ecadd_1-3_0-0_25000_80 | Homestead (4/4) ... ok
   - ecadd_1-3_0-0_25000_80 | Byzantium (1/4) ... ok
   - ecadd_1-3_0-0_25000_80 | Byzantium (2/4) ... ok
   - ecadd_1-3_0-0_25000_80 | Byzantium (3/4) ... ok
   - ecadd_1-3_0-0_25000_80 | Byzantium (4/4) ... ok
   - ecmul_1-3_340282366920938463463374607431768211456_21000_96 | EIP150 (1/4) ... ok
   - ecmul_1-3_340282366920938463463374607431768211456_21000_96 | EIP150 (2/4) ... ok
   - ecmul_1-3_340282366920938463463374607431768211456_21000_96 | EIP150 (3/4) ... ok
   - ecmul_1-3_340282366920938463463374607431768211456_21000_96 | EIP150 (4/4) ... ok
   - ecmul_1-3_340282366920938463463374607431768211456_21000_96 | EIP158 (1/4) ... ok
   - ecmul_1-3_340282366920938463463374607431768211456_21000_96 | EIP158 (2/4) ... ok
   - ecmul_1-3_340282366920938463463374607431768211456_21000_96 | EIP158 (3/4) ... ok
ok
   - ecmul_1-3_0_21000_80_d0g3v0_EIP150...   - ecmul_1-3_340282366920938463463374607431768211456_21000_96 | EIP158 (4/4) ... ok
   - ecmul_1-3_340282366920938463463374607431768211456_21000_96 | Frontier (1/4) ... ok
   - ecmul_1-3_340282366920938463463374607431768211456_21000_96 | Frontier (2/4) ... ok
   - ecmul_1-3_340282366920938463463374607431768211456_21000_96 | Frontier (3/4) ... ok
   - ecmul_1-3_340282366920938463463374607431768211456_21000_96 | Frontier (4/4) ... ok
   - ecmul_1-3_340282366920938463463374607431768211456_21000_96 | Homestead (1/4) ... ok
   - ecmul_1-3_340282366920938463463374607431768211456_21000_96 | Homestead (2/4) ... ok
   - ecmul_1-3_340282366920938463463374607431768211456_21000_96 | Homestead (3/4) ... ok
   - ecmul_1-3_340282366920938463463374607431768211456_21000_96 | Homestead (4/4) ... ok
   - ecmul_1-3_340282366920938463463374607431768211456_21000_96 | Byzantium (1/4) ... ok
   - ecmul_1-3_340282366920938463463374607431768211456_21000_96 | Byzantium (2/4) ... ok
   - ecmul_1-3_340282366920938463463374607431768211456_21000_96 | Byzantium (3/4) ... ok
   - ecmul_1-3_340282366920938463463374607431768211456_21000_96 | Byzantium (4/4) ... ok
   - ecmul_1-3_9_21000_128 | EIP150 (1/4) ... ok
   - ecmul_1-3_9_21000_128 | EIP150 (2/4) ... ok
   - ecmul_1-3_9_21000_128 | EIP150 (3/4) ... ok
   - ecmul_1-3_9_21000_128 | EIP150 (4/4) ... ok
   - ecmul_1-3_9_21000_128 | EIP158 (1/4) ... ok
   - ecmul_1-3_9_21000_128 | EIP158 (2/4) ... ok
   - ecmul_1-3_9_21000_128 | EIP158 (3/4) ... ok
   - ecmul_1-3_9_21000_128 | EIP158 (4/4) ... ok
   - ecmul_1-3_9_21000_128 | Frontier (1/4) ... ok
   - ecmul_1-3_9_21000_128 | Frontier (2/4) ... ok
   - ecmul_1-3_9_21000_128 | Frontier (3/4) ... ok
   - ecmul_1-3_9_21000_128 | Frontier (4/4) ... ok
   - ecmul_1-3_9_21000_128 | Homestead (1/4) ... ok
   - ecmul_1-3_9_21000_128 | Homestead (2/4) ... ok
   - ecmul_1-3_9_21000_128 | Homestead (3/4) ... ok
   - ecmul_1-3_9_21000_128 | Homestead (4/4) ... ok
   - ecmul_1-3_9_21000_128 | Byzantium (1/4) ... ok
   - ecmul_1-3_9_21000_128 | Byzantium (2/4) ... ok
   - ecmul_1-3_9_21000_128 | Byzantium (3/4) ... ok
   - ecmul_1-3_9_21000_128 | Byzantium (4/4) ... ok
   - ecpairing_one_point_fail | EIP150 (1/4) ... ok
   - ecpairing_one_point_fail | EIP150 (2/4) ... ok
   - ecpairing_one_point_fail | EIP150 (3/4) ... ok
   - ecpairing_one_point_fail | EIP150 (4/4) ... ok
   - ecpairing_one_point_fail | EIP158 (1/4) ... ok
   - ecpairing_one_point_fail | EIP158 (2/4) ... ok
   - ecpairing_one_point_fail | EIP158 (3/4) ... ok
   - ecpairing_one_point_fail | EIP158 (4/4) ... ok
ok
   - ecmul_1-3_0_21000_80_d0g3v0_EIP158...   - ecpairing_one_point_fail | Frontier (1/4) ... ok
   - ecpairing_one_point_fail | Frontier (2/4) ... ok
   - ecpairing_one_point_fail | Frontier (3/4) ... ok
   - ecpairing_one_point_fail | Frontier (4/4) ... ok
   - ecpairing_one_point_fail | Homestead (1/4) ... ok
   - ecpairing_one_point_fail | Homestead (2/4) ... ok
   - ecpairing_one_point_fail | Homestead (3/4) ... ok
   - ecpairing_one_point_fail | Homestead (4/4) ... ok
ok
   - ecmul_1-3_0_21000_80_d0g3v0_Frontier...   - ecpairing_one_point_fail | Byzantium (1/4) ... ok
   - ecpairing_one_point_fail | Byzantium (2/4) ... ok
   - ecpairing_one_point_fail | Byzantium (3/4) ... ok
   - ecpairing_one_point_fail | Byzantium (4/4) ... ok
   - ecmul_7827-6598_1_21000_128 | EIP150 (1/4) ... ok
   - ecmul_7827-6598_1_21000_128 | EIP150 (2/4) ... ok
   - ecmul_7827-6598_1_21000_128 | EIP150 (3/4) ... ok
   - ecmul_7827-6598_1_21000_128 | EIP150 (4/4) ... ok
   - ecmul_7827-6598_1_21000_128 | EIP158 (1/4) ... ok
   - ecmul_7827-6598_1_21000_128 | EIP158 (2/4) ... ok
   - ecmul_7827-6598_1_21000_128 | EIP158 (3/4) ... ok
   - ecmul_7827-6598_1_21000_128 | EIP158 (4/4) ... ok
   - ecmul_7827-6598_1_21000_128 | Frontier (1/4) ... ok
   - ecmul_7827-6598_1_21000_128 | Frontier (2/4) ... ok
   - ecmul_7827-6598_1_21000_128 | Frontier (3/4) ... ok
   - ecmul_7827-6598_1_21000_128 | Frontier (4/4) ... ok
   - ecmul_7827-6598_1_21000_128 | Homestead (1/4) ... ok
   - ecmul_7827-6598_1_21000_128 | Homestead (2/4) ... ok
   - ecmul_7827-6598_1_21000_128 | Homestead (3/4) ... ok
   - ecmul_7827-6598_1_21000_128 | Homestead (4/4) ... ok
   - ecmul_7827-6598_1_21000_128 | Byzantium (1/4) ... ok
   - ecmul_7827-6598_1_21000_128 | Byzantium (2/4) ... ok
ok
   - ecmul_1-3_0_21000_80_d0g3v0_Homestead...   - ecmul_7827-6598_1_21000_128 | Byzantium (3/4) ... ok
   - ecmul_7827-6598_1_21000_128 | Byzantium (4/4) ... ok
   - ecpairing_bad_length_191 | EIP150 (1/4) ... ok
   - ecpairing_bad_length_191 | EIP150 (2/4) ... ok
   - ecpairing_bad_length_191 | EIP150 (3/4) ... ok
   - ecpairing_bad_length_191 | EIP150 (4/4) ... ok
   - ecpairing_bad_length_191 | EIP158 (1/4) ... ok
   - ecpairing_bad_length_191 | EIP158 (2/4) ... ok
   - ecpairing_bad_length_191 | EIP158 (3/4) ... ok
   - ecpairing_bad_length_191 | EIP158 (4/4) ... ok
   - ecpairing_bad_length_191 | Frontier (1/4) ... ok
   - ecpairing_bad_length_191 | Frontier (2/4) ... ok
   - ecpairing_bad_length_191 | Frontier (3/4) ... ok
   - ecpairing_bad_length_191 | Frontier (4/4) ... ok
   - ecpairing_bad_length_191 | Homestead (1/4) ... ok
   - ecpairing_bad_length_191 | Homestead (2/4) ... ok
   - ecpairing_bad_length_191 | Homestead (3/4) ... ok
   - ecpairing_bad_length_191 | Homestead (4/4) ... ok
   - ecpairing_bad_length_191 | Byzantium (1/4) ... ok
   - ecpairing_bad_length_191 | Byzantium (2/4) ... ok
   - ecpairing_bad_length_191 | Byzantium (3/4) ... ok
   - ecpairing_bad_length_191 | Byzantium (4/4) ... ok
   - ecmul_0-3_0_21000_80 | EIP150 (1/4) ... ok
   - ecmul_0-3_0_21000_80 | EIP150 (2/4) ... ok
   - ecmul_0-3_0_21000_80 | EIP150 (3/4) ... ok
   - ecmul_0-3_0_21000_80 | EIP150 (4/4) ... ok
   - ecmul_0-3_0_21000_80 | EIP158 (1/4) ... ok
   - ecmul_0-3_0_21000_80 | EIP158 (2/4) ... ok
   - ecmul_0-3_0_21000_80 | EIP158 (3/4) ... ok
   - ecmul_0-3_0_21000_80 | EIP158 (4/4) ... ok
   - ecmul_0-3_0_21000_80 | Frontier (1/4) ... ok
   - ecmul_0-3_0_21000_80 | Frontier (2/4) ... ok
   - ecmul_0-3_0_21000_80 | Frontier (3/4) ... ok
   - ecmul_0-3_0_21000_80 | Frontier (4/4) ... ok
   - ecmul_0-3_0_21000_80 | Homestead (1/4) ... ok
   - ecmul_0-3_0_21000_80 | Homestead (2/4) ... ok
ok
   - ecmul_0-3_0_21000_80 | Homestead (3/4) ... ok
   - ecmul_0-3_0_21000_80 | Homestead (4/4) ... ok
   - ecmul_0-3_0_21000_80 | Byzantium (1/4) ... ok
   - ecmul_0-0_9_21000_128_d0g3v0_Byzantium...   - ecmul_0-3_0_21000_80 | Byzantium (2/4) ... ok
   - ecmul_0-3_0_21000_80 | Byzantium (3/4) ... ok
   - ecmul_0-3_0_21000_80 | Byzantium (4/4) ... ok
   - ecmul_7827-6598_1456_21000_96 | EIP150 (1/4) ... ok
   - ecmul_7827-6598_1456_21000_96 | EIP150 (2/4) ... ok
   - ecmul_7827-6598_1456_21000_96 | EIP150 (3/4) ... ok
   - ecmul_7827-6598_1456_21000_96 | EIP150 (4/4) ... ok
   - ecmul_7827-6598_1456_21000_96 | EIP158 (1/4) ... ok
   - ecmul_7827-6598_1456_21000_96 | EIP158 (2/4) ... ok
   - ecmul_7827-6598_1456_21000_96 | EIP158 (3/4) ... ok
   - ecmul_7827-6598_1456_21000_96 | EIP158 (4/4) ... ok
   - ecmul_7827-6598_1456_21000_96 | Frontier (1/4) ... ok
   - ecmul_7827-6598_1456_21000_96 | Frontier (2/4) ... ok
   - ecmul_7827-6598_1456_21000_96 | Frontier (3/4) ... ok
   - ecmul_7827-6598_1456_21000_96 | Frontier (4/4) ... ok
   - ecmul_7827-6598_1456_21000_96 | Homestead (1/4) ... ok
   - ecmul_7827-6598_1456_21000_96 | Homestead (2/4) ... ok
   - ecmul_7827-6598_1456_21000_96 | Homestead (3/4) ... ok
   - ecmul_7827-6598_1456_21000_96 | Homestead (4/4) ... ok
   - ecmul_7827-6598_1456_21000_96 | Byzantium (1/4) ... ok
   - ecmul_7827-6598_1456_21000_96 | Byzantium (2/4) ... ok
   - ecmul_7827-6598_1456_21000_96 | Byzantium (3/4) ... ok
   - ecmul_7827-6598_1456_21000_96 | Byzantium (4/4) ... ok
   - ecmul_1-2_9935_28000_128 | EIP150 (1/4) ... ok
   - ecmul_1-2_9935_28000_128 | EIP150 (2/4) ... ok
   - ecmul_1-2_9935_28000_128 | EIP150 (3/4) ... ok
   - ecmul_1-2_9935_28000_128 | EIP150 (4/4) ... ok
   - ecmul_1-2_9935_28000_128 | EIP158 (1/4) ... ok
   - ecmul_1-2_9935_28000_128 | EIP158 (2/4) ... ok
   - ecmul_1-2_9935_28000_128 | EIP158 (3/4) ... ok
   - ecmul_1-2_9935_28000_128 | EIP158 (4/4) ... ok
   - ecmul_1-2_9935_28000_128 | Frontier (1/4) ... ok
   - ecmul_1-2_9935_28000_128 | Frontier (2/4) ... ok
   - ecmul_1-2_9935_28000_128 | Frontier (3/4) ... ok
   - ecmul_1-2_9935_28000_128 | Frontier (4/4) ... ok
   - ecmul_1-2_9935_28000_128 | Homestead (1/4) ... ok
   - ecmul_1-2_9935_28000_128 | Homestead (2/4) ... ok
   - ecmul_1-2_9935_28000_128 | Homestead (3/4) ... ok
   - ecmul_1-2_9935_28000_128 | Homestead (4/4) ... ok
   - ecmul_1-2_9935_28000_128 | Byzantium (1/4) ... ok
   - ecmul_1-2_9935_28000_128 | Byzantium (2/4) ... ok
   - ecmul_1-2_9935_28000_128 | Byzantium (3/4) ... ok
   - ecmul_1-2_9935_28000_128 | Byzantium (4/4) ... ok
ok
   - ecmul_0-0_9_21000_128_d0g3v0_EIP150...   - ecadd_1-2_0-0_21000_128 | EIP150 (1/4) ... ok
   - ecadd_1-2_0-0_21000_128 | EIP150 (2/4) ... ok
   - ecadd_1-2_0-0_21000_128 | EIP150 (3/4) ... ok
   - ecadd_1-2_0-0_21000_128 | EIP150 (4/4) ... ok
   - ecadd_1-2_0-0_21000_128 | EIP158 (1/4) ... ok
   - ecadd_1-2_0-0_21000_128 | EIP158 (2/4) ... ok
   - ecadd_1-2_0-0_21000_128 | EIP158 (3/4) ... ok
   - ecadd_1-2_0-0_21000_128 | EIP158 (4/4) ... ok
   - ecadd_1-2_0-0_21000_128 | Frontier (1/4) ... ok
   - ecadd_1-2_0-0_21000_128 | Frontier (2/4) ... ok
   - ecadd_1-2_0-0_21000_128 | Frontier (3/4) ... ok
   - ecadd_1-2_0-0_21000_128 | Frontier (4/4) ... ok
   - ecadd_1-2_0-0_21000_128 | Homestead (1/4) ... ok
   - ecadd_1-2_0-0_21000_128 | Homestead (2/4) ... ok
   - ecadd_1-2_0-0_21000_128 | Homestead (3/4) ... ok
   - ecadd_1-2_0-0_21000_128 | Homestead (4/4) ... ok
   - ecadd_1-2_0-0_21000_128 | Byzantium (1/4) ... ok
   - ecadd_1-2_0-0_21000_128 | Byzantium (2/4) ... ok
   - ecadd_1-2_0-0_21000_128 | Byzantium (3/4) ... ok
   - ecadd_1-2_0-0_21000_128 | Byzantium (4/4) ... ok
   - ecmul_1-3_5617_28000_128 | EIP150 (1/4) ... ok
   - ecmul_1-3_5617_28000_128 | EIP150 (2/4) ... ok
   - ecmul_1-3_5617_28000_128 | EIP150 (3/4) ... ok
   - ecmul_1-3_5617_28000_128 | EIP150 (4/4) ... ok
   - ecmul_1-3_5617_28000_128 | EIP158 (1/4) ... ok
   - ecmul_1-3_5617_28000_128 | EIP158 (2/4) ... ok
   - ecmul_1-3_5617_28000_128 | EIP158 (3/4) ... ok
   - ecmul_1-3_5617_28000_128 | EIP158 (4/4) ... ok
   - ecmul_1-3_5617_28000_128 | Frontier (1/4) ... ok
   - ecmul_1-3_5617_28000_128 | Frontier (2/4) ... ok
   - ecmul_1-3_5617_28000_128 | Frontier (3/4) ... ok
   - ecmul_1-3_5617_28000_128 | Frontier (4/4) ... ok
   - ecmul_1-3_5617_28000_128 | Homestead (1/4) ... ok
   - ecmul_1-3_5617_28000_128 | Homestead (2/4) ... ok
   - ecmul_1-3_5617_28000_128 | Homestead (3/4) ... ok
   - ecmul_1-3_5617_28000_128 | Homestead (4/4) ... ok
ok
   - ecmul_0-0_9_21000_128_d0g3v0_EIP158...   - ecmul_1-3_5617_28000_128 | Byzantium (1/4) ... ok
   - ecmul_1-3_5617_28000_128 | Byzantium (2/4) ... ok
   - ecmul_1-3_5617_28000_128 | Byzantium (3/4) ... ok
   - ecmul_1-3_5617_28000_128 | Byzantium (4/4) ... ok
   - ecmul_0-0_0_28000_96 | EIP150 (1/4) ... ok
   - ecmul_0-0_0_28000_96 | EIP150 (2/4) ... ok
   - ecmul_0-0_0_28000_96 | EIP150 (3/4) ... ok
   - ecmul_0-0_0_28000_96 | EIP150 (4/4) ... ok
   - ecmul_0-0_0_28000_96 | EIP158 (1/4) ... ok
   - ecmul_0-0_0_28000_96 | EIP158 (2/4) ... ok
   - ecmul_0-0_0_28000_96 | EIP158 (3/4) ... ok
   - ecmul_0-0_0_28000_96 | EIP158 (4/4) ... ok
   - ecmul_0-0_0_28000_96 | Frontier (1/4) ... ok
   - ecmul_0-0_0_28000_96 | Frontier (2/4) ... ok
   - ecmul_0-0_0_28000_96 | Frontier (3/4) ... ok
   - ecmul_0-0_0_28000_96 | Frontier (4/4) ... ok
   - ecmul_0-0_0_28000_96 | Homestead (1/4) ... ok
   - ecmul_0-0_0_28000_96 | Homestead (2/4) ... ok
   - ecmul_0-0_0_28000_96 | Homestead (3/4) ... ok
   - ecmul_0-0_0_28000_96 | Homestead (4/4) ... ok
   - ecmul_0-0_0_28000_96 | Byzantium (1/4) ... ok
   - ecmul_0-0_0_28000_96 | Byzantium (2/4) ... ok
   - ecmul_0-0_0_28000_96 | Byzantium (3/4) ... ok
   - ecmul_0-0_0_28000_96 | Byzantium (4/4) ... ok
   - ecmul_0-0_340282366920938463463374607431768211456_21000_80 | EIP150 (1/4) ... ok
   - ecmul_0-0_340282366920938463463374607431768211456_21000_80 | EIP150 (2/4) ... ok
   - ecmul_0-0_340282366920938463463374607431768211456_21000_80 | EIP150 (3/4) ... ok
   - ecmul_0-0_340282366920938463463374607431768211456_21000_80 | EIP150 (4/4) ... ok
   - ecmul_0-0_340282366920938463463374607431768211456_21000_80 | EIP158 (1/4) ... ok
   - ecmul_0-0_340282366920938463463374607431768211456_21000_80 | EIP158 (2/4) ... ok
   - ecmul_0-0_340282366920938463463374607431768211456_21000_80 | EIP158 (3/4) ... ok
   - ecmul_0-0_340282366920938463463374607431768211456_21000_80 | EIP158 (4/4) ... ok
   - ecmul_0-0_340282366920938463463374607431768211456_21000_80 | Frontier (1/4) ... ok
   - ecmul_0-0_340282366920938463463374607431768211456_21000_80 | Frontier (2/4) ... ok
   - ecmul_0-0_340282366920938463463374607431768211456_21000_80 | Frontier (3/4) ... ok
   - ecmul_0-0_340282366920938463463374607431768211456_21000_80 | Frontier (4/4) ... ok
   - ecmul_0-0_340282366920938463463374607431768211456_21000_80 | Homestead (1/4) ... ok
   - ecmul_0-0_340282366920938463463374607431768211456_21000_80 | Homestead (2/4) ... ok
   - ecmul_0-0_340282366920938463463374607431768211456_21000_80 | Homestead (3/4) ... ok
   - ecmul_0-0_340282366920938463463374607431768211456_21000_80 | Homestead (4/4) ... ok
   - ecmul_0-0_340282366920938463463374607431768211456_21000_80 | Byzantium (1/4) ... ok
   - ecmul_0-0_340282366920938463463374607431768211456_21000_80 | Byzantium (2/4) ... ok
   - ecmul_0-0_340282366920938463463374607431768211456_21000_80 | Byzantium (3/4) ... ok
   - ecmul_0-0_340282366920938463463374607431768211456_21000_80 | Byzantium (4/4) ... ok
   - ecmul_1-3_2_21000_128 | EIP150 (1/4) ... ok
   - ecmul_1-3_2_21000_128 | EIP150 (2/4) ... ok
   - ecmul_1-3_2_21000_128 | EIP150 (3/4) ... ok
   - ecmul_1-3_2_21000_128 | EIP150 (4/4) ... ok
   - ecmul_1-3_2_21000_128 | EIP158 (1/4) ... ok
   - ecmul_1-3_2_21000_128 | EIP158 (2/4) ... ok
   - ecmul_1-3_2_21000_128 | EIP158 (3/4) ... ok
   - ecmul_1-3_2_21000_128 | EIP158 (4/4) ... ok
   - ecmul_1-3_2_21000_128 | Frontier (1/4) ... ok
   - ecmul_1-3_2_21000_128 | Frontier (2/4) ... ok
   - ecmul_1-3_2_21000_128 | Frontier (3/4) ... ok
   - ecmul_1-3_2_21000_128 | Frontier (4/4) ... ok
ok
   - ecmul_0-0_9_21000_128_d0g3v0_Frontier...   - ecmul_1-3_2_21000_128 | Homestead (1/4) ... ok
   - ecmul_1-3_2_21000_128 | Homestead (2/4) ... ok
   - ecmul_1-3_2_21000_128 | Homestead (3/4) ... ok
   - ecmul_1-3_2_21000_128 | Homestead (4/4) ... ok
   - ecmul_1-3_2_21000_128 | Byzantium (1/4) ... ok
   - ecmul_1-3_2_21000_128 | Byzantium (2/4) ... ok
   - ecmul_1-3_2_21000_128 | Byzantium (3/4) ... ok
   - ecmul_1-3_2_21000_128 | Byzantium (4/4) ... ok
   - ecmul_0-3_0_28000_80 | EIP150 (1/4) ... ok
   - ecmul_0-3_0_28000_80 | EIP150 (2/4) ... ok
   - ecmul_0-3_0_28000_80 | EIP150 (3/4) ... ok
   - ecmul_0-3_0_28000_80 | EIP150 (4/4) ... ok
   - ecmul_0-3_0_28000_80 | EIP158 (1/4) ... ok
   - ecmul_0-3_0_28000_80 | EIP158 (2/4) ... ok
   - ecmul_0-3_0_28000_80 | EIP158 (3/4) ... ok
   - ecmul_0-3_0_28000_80 | EIP158 (4/4) ... ok
   - ecmul_0-3_0_28000_80 | Frontier (1/4) ... ok
   - ecmul_0-3_0_28000_80 | Frontier (2/4) ... ok
   - ecmul_0-3_0_28000_80 | Frontier (3/4) ... ok
   - ecmul_0-3_0_28000_80 | Frontier (4/4) ... ok
   - ecmul_0-3_0_28000_80 | Homestead (1/4) ... ok
   - ecmul_0-3_0_28000_80 | Homestead (2/4) ... ok
   - ecmul_0-3_0_28000_80 | Homestead (3/4) ... ok
ok
   - ecmul_0-0_9_21000_128_d0g3v0_Homestead...   - ecmul_0-3_0_28000_80 | Homestead (4/4) ... ok
   - ecmul_0-3_0_28000_80 | Byzantium (1/4) ... ok
   - ecmul_0-3_0_28000_80 | Byzantium (2/4) ... ok
   - ecmul_0-3_0_28000_80 | Byzantium (3/4) ... ok
   - ecmul_0-3_0_28000_80 | Byzantium (4/4) ... ok
   - ecmul_0-0_1_21000_96 | EIP150 (1/4) ... ok
   - ecmul_0-0_1_21000_96 | EIP150 (2/4) ... ok
   - ecmul_0-0_1_21000_96 | EIP150 (3/4) ... ok
   - ecmul_0-0_1_21000_96 | EIP150 (4/4) ... ok
   - ecmul_0-0_1_21000_96 | EIP158 (1/4) ... ok
   - ecmul_0-0_1_21000_96 | EIP158 (2/4) ... ok
   - ecmul_0-0_1_21000_96 | EIP158 (3/4) ... ok
   - ecmul_0-0_1_21000_96 | EIP158 (4/4) ... ok
   - ecmul_0-0_1_21000_96 | Frontier (1/4) ... ok
   - ecmul_0-0_1_21000_96 | Frontier (2/4) ... ok
   - ecmul_0-0_1_21000_96 | Frontier (3/4) ... ok
   - ecmul_0-0_1_21000_96 | Frontier (4/4) ... ok
   - ecmul_0-0_1_21000_96 | Homestead (1/4) ... ok
   - ecmul_0-0_1_21000_96 | Homestead (2/4) ... ok
   - ecmul_0-0_1_21000_96 | Homestead (3/4) ... ok
   - ecmul_0-0_1_21000_96 | Homestead (4/4) ... ok
   - ecmul_0-0_1_21000_96 | Byzantium (1/4) ... ok
   - ecmul_0-0_1_21000_96 | Byzantium (2/4) ... ok
   - ecmul_0-0_1_21000_96 | Byzantium (3/4) ... ok
   - ecmul_0-0_1_21000_96 | Byzantium (4/4) ... ok
   - ecmul_7827-6598_2_21000_96 | EIP150 (1/4) ... ok
   - ecmul_7827-6598_2_21000_96 | EIP150 (2/4) ... ok
   - ecmul_7827-6598_2_21000_96 | EIP150 (3/4) ... ok
   - ecmul_7827-6598_2_21000_96 | EIP150 (4/4) ... ok
   - ecmul_7827-6598_2_21000_96 | EIP158 (1/4) ... ok
   - ecmul_7827-6598_2_21000_96 | EIP158 (2/4) ... ok
   - ecmul_7827-6598_2_21000_96 | EIP158 (3/4) ... ok
   - ecmul_7827-6598_2_21000_96 | EIP158 (4/4) ... ok
   - ecmul_7827-6598_2_21000_96 | Frontier (1/4) ... ok
   - ecmul_7827-6598_2_21000_96 | Frontier (2/4) ... ok
   - ecmul_7827-6598_2_21000_96 | Frontier (3/4) ... ok
   - ecmul_7827-6598_2_21000_96 | Frontier (4/4) ... ok
   - ecmul_7827-6598_2_21000_96 | Homestead (1/4) ... ok
   - ecmul_7827-6598_2_21000_96 | Homestead (2/4) ... ok
   - ecmul_7827-6598_2_21000_96 | Homestead (3/4) ... ok
   - ecmul_7827-6598_2_21000_96 | Homestead (4/4) ... ok
   - ecmul_7827-6598_2_21000_96 | Byzantium (1/4) ... ok
   - ecmul_7827-6598_2_21000_96 | Byzantium (2/4) ... ok
   - ecmul_7827-6598_2_21000_96 | Byzantium (3/4) ... ok
   - ecmul_7827-6598_2_21000_96 | Byzantium (4/4) ... ok
   - ecadd_0-0_0-0_25000_0 | EIP150 (1/4) ... ok
   - ecadd_0-0_0-0_25000_0 | EIP150 (2/4) ... ok
   - ecadd_0-0_0-0_25000_0 | EIP150 (3/4) ... ok
   - ecadd_0-0_0-0_25000_0 | EIP150 (4/4) ... ok
   - ecadd_0-0_0-0_25000_0 | EIP158 (1/4) ... ok
   - ecadd_0-0_0-0_25000_0 | EIP158 (2/4) ... ok
   - ecadd_0-0_0-0_25000_0 | EIP158 (3/4) ... ok
   - ecadd_0-0_0-0_25000_0 | EIP158 (4/4) ... ok
   - ecadd_0-0_0-0_25000_0 | Frontier (1/4) ... ok
ok
   - ecadd_0-0_0-0_25000_0 | Frontier (2/4) ... ok
   - ecadd_0-0_0-0_25000_0 | Frontier (3/4) ... ok
   - ecadd_0-0_0-0_25000_0 | Frontier (4/4) ... ok
   - ecmul_1-2_9_28000_128_d0g2v0_Byzantium...   - ecadd_0-0_0-0_25000_0 | Homestead (1/4) ... ok
   - ecadd_0-0_0-0_25000_0 | Homestead (2/4) ... ok
   - ecadd_0-0_0-0_25000_0 | Homestead (3/4) ... ok
   - ecadd_0-0_0-0_25000_0 | Homestead (4/4) ... ok
   - ecadd_0-0_0-0_25000_0 | Byzantium (1/4) ... ok
   - ecadd_0-0_0-0_25000_0 | Byzantium (2/4) ... ok
   - ecadd_0-0_0-0_25000_0 | Byzantium (3/4) ... ok
   - ecadd_0-0_0-0_25000_0 | Byzantium (4/4) ... ok
   - ecpairing_two_point_fail_2 | EIP150 (1/4) ... ok
   - ecpairing_two_point_fail_2 | EIP150 (2/4) ... ok
   - ecpairing_two_point_fail_2 | EIP150 (3/4) ... ok
   - ecpairing_two_point_fail_2 | EIP150 (4/4) ... ok
   - ecpairing_two_point_fail_2 | EIP158 (1/4) ... ok
   - ecpairing_two_point_fail_2 | EIP158 (2/4) ... ok
   - ecpairing_two_point_fail_2 | EIP158 (3/4) ... ok
   - ecpairing_two_point_fail_2 | EIP158 (4/4) ... ok
   - ecpairing_two_point_fail_2 | Frontier (1/4) ... ok
   - ecpairing_two_point_fail_2 | Frontier (2/4) ... ok
   - ecpairing_two_point_fail_2 | Frontier (3/4) ... ok
   - ecpairing_two_point_fail_2 | Frontier (4/4) ... ok
   - ecpairing_two_point_fail_2 | Homestead (1/4) ... ok
   - ecpairing_two_point_fail_2 | Homestead (2/4) ... ok
   - ecpairing_two_point_fail_2 | Homestead (3/4) ... ok
   - ecpairing_two_point_fail_2 | Homestead (4/4) ... ok
ok
   - ecmul_1-2_9_28000_128_d0g2v0_EIP150...   - ecpairing_two_point_fail_2 | Byzantium (1/4) ... ok
   - ecpairing_two_point_fail_2 | Byzantium (2/4) ... ok
   - ecpairing_two_point_fail_2 | Byzantium (3/4) ... ok
   - ecpairing_two_point_fail_2 | Byzantium (4/4) ... ok
   - ecmul_0-3_0_21000_64 | EIP150 (1/4) ... ok
   - ecmul_0-3_0_21000_64 | EIP150 (2/4) ... ok
   - ecmul_0-3_0_21000_64 | EIP150 (3/4) ... ok
   - ecmul_0-3_0_21000_64 | EIP150 (4/4) ... ok
   - ecmul_0-3_0_21000_64 | EIP158 (1/4) ... ok
   - ecmul_0-3_0_21000_64 | EIP158 (2/4) ... ok
   - ecmul_0-3_0_21000_64 | EIP158 (3/4) ... ok
   - ecmul_0-3_0_21000_64 | EIP158 (4/4) ... ok
   - ecmul_0-3_0_21000_64 | Frontier (1/4) ... ok
   - ecmul_0-3_0_21000_64 | Frontier (2/4) ... ok
   - ecmul_0-3_0_21000_64 | Frontier (3/4) ... ok
   - ecmul_0-3_0_21000_64 | Frontier (4/4) ... ok
   - ecmul_0-3_0_21000_64 | Homestead (1/4) ... ok
   - ecmul_0-3_0_21000_64 | Homestead (2/4) ... ok
   - ecmul_0-3_0_21000_64 | Homestead (3/4) ... ok
   - ecmul_0-3_0_21000_64 | Homestead (4/4) ... ok
   - ecmul_0-3_0_21000_64 | Byzantium (1/4) ... ok
   - ecmul_0-3_0_21000_64 | Byzantium (2/4) ... ok
   - ecmul_0-3_0_21000_64 | Byzantium (3/4) ... ok
   - ecmul_0-3_0_21000_64 | Byzantium (4/4) ... ok
   - ecmul_0-0_0_28000_80 | EIP150 (1/4) ... ok
ok
   - ecmul_1-2_9_28000_128_d0g2v0_EIP158...   - ecmul_0-0_0_28000_80 | EIP150 (2/4) ... ok
   - ecmul_0-0_0_28000_80 | EIP150 (3/4) ... ok
   - ecmul_0-0_0_28000_80 | EIP150 (4/4) ... ok
   - ecmul_0-0_0_28000_80 | EIP158 (1/4) ... ok
   - ecmul_0-0_0_28000_80 | EIP158 (2/4) ... ok
   - ecmul_0-0_0_28000_80 | EIP158 (3/4) ... ok
   - ecmul_0-0_0_28000_80 | EIP158 (4/4) ... ok
   - ecmul_0-0_0_28000_80 | Frontier (1/4) ... ok
   - ecmul_0-0_0_28000_80 | Frontier (2/4) ... ok
   - ecmul_0-0_0_28000_80 | Frontier (3/4) ... ok
   - ecmul_0-0_0_28000_80 | Frontier (4/4) ... ok
   - ecmul_0-0_0_28000_80 | Homestead (1/4) ... ok
   - ecmul_0-0_0_28000_80 | Homestead (2/4) ... ok
   - ecmul_0-0_0_28000_80 | Homestead (3/4) ... ok
   - ecmul_0-0_0_28000_80 | Homestead (4/4) ... ok
   - ecmul_0-0_0_28000_80 | Byzantium (1/4) ... ok
   - ecmul_0-0_0_28000_80 | Byzantium (2/4) ... ok
   - ecmul_0-0_0_28000_80 | Byzantium (3/4) ... ok
   - ecmul_0-0_0_28000_80 | Byzantium (4/4) ... ok
   - ecmul_1-3_2_28000_128 | EIP150 (1/4) ... ok
   - ecmul_1-3_2_28000_128 | EIP150 (2/4) ... ok
   - ecmul_1-3_2_28000_128 | EIP150 (3/4) ... ok
   - ecmul_1-3_2_28000_128 | EIP150 (4/4) ... ok
   - ecmul_1-3_2_28000_128 | EIP158 (1/4) ... ok
   - ecmul_1-3_2_28000_128 | EIP158 (2/4) ... ok
   - ecmul_1-3_2_28000_128 | EIP158 (3/4) ... ok
   - ecmul_1-3_2_28000_128 | EIP158 (4/4) ... ok
   - ecmul_1-3_2_28000_128 | Frontier (1/4) ... ok
   - ecmul_1-3_2_28000_128 | Frontier (2/4) ... ok
   - ecmul_1-3_2_28000_128 | Frontier (3/4) ... ok
   - ecmul_1-3_2_28000_128 | Frontier (4/4) ... ok
   - ecmul_1-3_2_28000_128 | Homestead (1/4) ... ok
   - ecmul_1-3_2_28000_128 | Homestead (2/4) ... ok
   - ecmul_1-3_2_28000_128 | Homestead (3/4) ... ok
   - ecmul_1-3_2_28000_128 | Homestead (4/4) ... ok
   - ecmul_1-3_2_28000_128 | Byzantium (1/4) ... ok
   - ecmul_1-3_2_28000_128 | Byzantium (2/4) ... ok
   - ecmul_1-3_2_28000_128 | Byzantium (3/4) ... ok
   - ecmul_1-3_2_28000_128 | Byzantium (4/4) ... ok
   - ecmul_7827-6598_1456_28000_80 | EIP150 (1/4) ... ok
   - ecmul_7827-6598_1456_28000_80 | EIP150 (2/4) ... ok
   - ecmul_7827-6598_1456_28000_80 | EIP150 (3/4) ... ok
   - ecmul_7827-6598_1456_28000_80 | EIP150 (4/4) ... ok
   - ecmul_7827-6598_1456_28000_80 | EIP158 (1/4) ... ok
   - ecmul_7827-6598_1456_28000_80 | EIP158 (2/4) ... ok
   - ecmul_7827-6598_1456_28000_80 | EIP158 (3/4) ... ok
   - ecmul_7827-6598_1456_28000_80 | EIP158 (4/4) ... ok
   - ecmul_7827-6598_1456_28000_80 | Frontier (1/4) ... ok
   - ecmul_7827-6598_1456_28000_80 | Frontier (2/4) ... ok
   - ecmul_7827-6598_1456_28000_80 | Frontier (3/4) ... ok
   - ecmul_7827-6598_1456_28000_80 | Frontier (4/4) ... ok
   - ecmul_7827-6598_1456_28000_80 | Homestead (1/4) ... ok
   - ecmul_7827-6598_1456_28000_80 | Homestead (2/4) ... ok
   - ecmul_7827-6598_1456_28000_80 | Homestead (3/4) ... ok
   - ecmul_7827-6598_1456_28000_80 | Homestead (4/4) ... ok
   - ecmul_7827-6598_1456_28000_80 | Byzantium (1/4) ... ok
   - ecmul_7827-6598_1456_28000_80 | Byzantium (2/4) ... ok
   - ecmul_7827-6598_1456_28000_80 | Byzantium (3/4) ... ok
   - ecmul_7827-6598_1456_28000_80 | Byzantium (4/4) ... ok
   - ecmul_1-2_0_21000_96 | EIP150 (1/4) ... ok
   - ecmul_1-2_0_21000_96 | EIP150 (2/4) ... ok
   - ecmul_1-2_0_21000_96 | EIP150 (3/4) ... ok
ok
   - ecmul_1-2_9_28000_128_d0g2v0_Frontier...   - ecmul_1-2_0_21000_96 | EIP150 (4/4) ... ok
   - ecmul_1-2_0_21000_96 | EIP158 (1/4) ... ok
   - ecmul_1-2_0_21000_96 | EIP158 (2/4) ... ok
   - ecmul_1-2_0_21000_96 | EIP158 (3/4) ... ok
   - ecmul_1-2_0_21000_96 | EIP158 (4/4) ... ok
   - ecmul_1-2_0_21000_96 | Frontier (1/4) ... ok
   - ecmul_1-2_0_21000_96 | Frontier (2/4) ... ok
   - ecmul_1-2_0_21000_96 | Frontier (3/4) ... ok
   - ecmul_1-2_0_21000_96 | Frontier (4/4) ... ok
   - ecmul_1-2_0_21000_96 | Homestead (1/4) ... ok
   - ecmul_1-2_0_21000_96 | Homestead (2/4) ... ok
   - ecmul_1-2_0_21000_96 | Homestead (3/4) ... ok
   - ecmul_1-2_0_21000_96 | Homestead (4/4) ... ok
   - ecmul_1-2_0_21000_96 | Byzantium (1/4) ... ok
   - ecmul_1-2_0_21000_96 | Byzantium (2/4) ... ok
   - ecmul_1-2_0_21000_96 | Byzantium (3/4) ... ok
   - ecmul_1-2_0_21000_96 | Byzantium (4/4) ... ok
   - ecadd_1145-3932_2969-1336_21000_128 | EIP150 (1/4) ... ok
   - ecadd_1145-3932_2969-1336_21000_128 | EIP150 (2/4) ... ok
   - ecadd_1145-3932_2969-1336_21000_128 | EIP150 (3/4) ... ok
   - ecadd_1145-3932_2969-1336_21000_128 | EIP150 (4/4) ... ok
   - ecadd_1145-3932_2969-1336_21000_128 | EIP158 (1/4) ... ok
   - ecadd_1145-3932_2969-1336_21000_128 | EIP158 (2/4) ... ok
   - ecadd_1145-3932_2969-1336_21000_128 | EIP158 (3/4) ... ok
   - ecadd_1145-3932_2969-1336_21000_128 | EIP158 (4/4) ... ok
   - ecadd_1145-3932_2969-1336_21000_128 | Frontier (1/4) ... ok
   - ecadd_1145-3932_2969-1336_21000_128 | Frontier (2/4) ... ok
   - ecadd_1145-3932_2969-1336_21000_128 | Frontier (3/4) ... ok
   - ecadd_1145-3932_2969-1336_21000_128 | Frontier (4/4) ... ok
   - ecadd_1145-3932_2969-1336_21000_128 | Homestead (1/4) ... ok
   - ecadd_1145-3932_2969-1336_21000_128 | Homestead (2/4) ... ok
   - ecadd_1145-3932_2969-1336_21000_128 | Homestead (3/4) ... ok
   - ecadd_1145-3932_2969-1336_21000_128 | Homestead (4/4) ... ok
   - ecadd_1145-3932_2969-1336_21000_128 | Byzantium (1/4) ... ok
   - ecadd_1145-3932_2969-1336_21000_128 | Byzantium (2/4) ... ok
   - ecadd_1145-3932_2969-1336_21000_128 | Byzantium (3/4) ... ok
   - ecadd_1145-3932_2969-1336_21000_128 | Byzantium (4/4) ... ok
   - ecmul_1-3_9_28000_128 | EIP150 (1/4) ... ok
   - ecmul_1-3_9_28000_128 | EIP150 (2/4) ... ok
   - ecmul_1-3_9_28000_128 | EIP150 (3/4) ... ok
   - ecmul_1-3_9_28000_128 | EIP150 (4/4) ... ok
   - ecmul_1-3_9_28000_128 | EIP158 (1/4) ... ok
   - ecmul_1-3_9_28000_128 | EIP158 (2/4) ... ok
   - ecmul_1-3_9_28000_128 | EIP158 (3/4) ... ok
   - ecmul_1-3_9_28000_128 | EIP158 (4/4) ... ok
   - ecmul_1-3_9_28000_128 | Frontier (1/4) ... ok
   - ecmul_1-3_9_28000_128 | Frontier (2/4) ... ok
   - ecmul_1-3_9_28000_128 | Frontier (3/4) ... ok
   - ecmul_1-3_9_28000_128 | Frontier (4/4) ... ok
   - ecmul_1-3_9_28000_128 | Homestead (1/4) ... ok
   - ecmul_1-3_9_28000_128 | Homestead (2/4) ... ok
   - ecmul_1-3_9_28000_128 | Homestead (3/4) ... ok
   - ecmul_1-3_9_28000_128 | Homestead (4/4) ... ok
   - ecmul_1-3_9_28000_128 | Byzantium (1/4) ... ok
   - ecmul_1-3_9_28000_128 | Byzantium (2/4) ... ok
   - ecmul_1-3_9_28000_128 | Byzantium (3/4) ... ok
   - ecmul_1-3_9_28000_128 | Byzantium (4/4) ... ok
ok
   - ecmul_1-2_9_28000_128_d0g2v0_Homestead...   - ecmul_7827-6598_5617_28000_96 | EIP150 (1/4) ... ok
   - ecmul_7827-6598_5617_28000_96 | EIP150 (2/4) ... ok
   - ecmul_7827-6598_5617_28000_96 | EIP150 (3/4) ... ok
   - ecmul_7827-6598_5617_28000_96 | EIP150 (4/4) ... ok
   - ecmul_7827-6598_5617_28000_96 | EIP158 (1/4) ... ok
   - ecmul_7827-6598_5617_28000_96 | EIP158 (2/4) ... ok
   - ecmul_7827-6598_5617_28000_96 | EIP158 (3/4) ... ok
   - ecmul_7827-6598_5617_28000_96 | EIP158 (4/4) ... ok
   - ecmul_7827-6598_5617_28000_96 | Frontier (1/4) ... ok
   - ecmul_7827-6598_5617_28000_96 | Frontier (2/4) ... ok
   - ecmul_7827-6598_5617_28000_96 | Frontier (3/4) ... ok
   - ecmul_7827-6598_5617_28000_96 | Frontier (4/4) ... ok
   - ecmul_7827-6598_5617_28000_96 | Homestead (1/4) ... ok
   - ecmul_7827-6598_5617_28000_96 | Homestead (2/4) ... ok
   - ecmul_7827-6598_5617_28000_96 | Homestead (3/4) ... ok
   - ecmul_7827-6598_5617_28000_96 | Homestead (4/4) ... ok
   - ecmul_7827-6598_5617_28000_96 | Byzantium (1/4) ... ok
   - ecmul_7827-6598_5617_28000_96 | Byzantium (2/4) ... ok
   - ecmul_7827-6598_5617_28000_96 | Byzantium (3/4) ... ok
   - ecmul_7827-6598_5617_28000_96 | Byzantium (4/4) ... ok
   - ecmul_0-0_5616_21000_128 | EIP150 (1/4) ... ok
   - ecmul_0-0_5616_21000_128 | EIP150 (2/4) ... ok
   - ecmul_0-0_5616_21000_128 | EIP150 (3/4) ... ok
   - ecmul_0-0_5616_21000_128 | EIP150 (4/4) ... ok
   - ecmul_0-0_5616_21000_128 | EIP158 (1/4) ... ok
   - ecmul_0-0_5616_21000_128 | EIP158 (2/4) ... ok
   - ecmul_0-0_5616_21000_128 | EIP158 (3/4) ... ok
   - ecmul_0-0_5616_21000_128 | EIP158 (4/4) ... ok
   - ecmul_0-0_5616_21000_128 | Frontier (1/4) ... ok
   - ecmul_0-0_5616_21000_128 | Frontier (2/4) ... ok
   - ecmul_0-0_5616_21000_128 | Frontier (3/4) ... ok
   - ecmul_0-0_5616_21000_128 | Frontier (4/4) ... ok
   - ecmul_0-0_5616_21000_128 | Homestead (1/4) ... ok
   - ecmul_0-0_5616_21000_128 | Homestead (2/4) ... ok
   - ecmul_0-0_5616_21000_128 | Homestead (3/4) ... ok
   - ecmul_0-0_5616_21000_128 | Homestead (4/4) ... ok
   - ecmul_0-0_5616_21000_128 | Byzantium (1/4) ... ok
   - ecmul_0-0_5616_21000_128 | Byzantium (2/4) ... ok
   - ecmul_0-0_5616_21000_128 | Byzantium (3/4) ... ok
   - ecmul_0-0_5616_21000_128 | Byzantium (4/4) ... ok
   - ecmul_0-3_2_21000_96 | EIP150 (1/4) ... ok
   - ecmul_0-3_2_21000_96 | EIP150 (2/4) ... ok
   - ecmul_0-3_2_21000_96 | EIP150 (3/4) ... ok
   - ecmul_0-3_2_21000_96 | EIP150 (4/4) ... ok
   - ecmul_0-3_2_21000_96 | EIP158 (1/4) ... ok
   - ecmul_0-3_2_21000_96 | EIP158 (2/4) ... ok
   - ecmul_0-3_2_21000_96 | EIP158 (3/4) ... ok
   - ecmul_0-3_2_21000_96 | EIP158 (4/4) ... ok
ok
   - ecmul_0-3_9935_21000_128_d0g2v0_Byzantium...   - ecmul_0-3_2_21000_96 | Frontier (1/4) ... ok
   - ecmul_0-3_2_21000_96 | Frontier (2/4) ... ok
   - ecmul_0-3_2_21000_96 | Frontier (3/4) ... ok
   - ecmul_0-3_2_21000_96 | Frontier (4/4) ... ok
   - ecmul_0-3_2_21000_96 | Homestead (1/4) ... ok
   - ecmul_0-3_2_21000_96 | Homestead (2/4) ... ok
   - ecmul_0-3_2_21000_96 | Homestead (3/4) ... ok
   - ecmul_0-3_2_21000_96 | Homestead (4/4) ... ok
   - ecmul_0-3_2_21000_96 | Byzantium (1/4) ... ok
   - ecmul_0-3_2_21000_96 | Byzantium (2/4) ... ok
   - ecmul_0-3_2_21000_96 | Byzantium (3/4) ... ok
   - ecmul_0-3_2_21000_96 | Byzantium (4/4) ... ok
   - ecmul_7827-6598_9935_21000_128 | EIP150 (1/4) ... ok
   - ecmul_7827-6598_9935_21000_128 | EIP150 (2/4) ... ok
   - ecmul_7827-6598_9935_21000_128 | EIP150 (3/4) ... ok
   - ecmul_7827-6598_9935_21000_128 | EIP150 (4/4) ... ok
   - ecmul_7827-6598_9935_21000_128 | EIP158 (1/4) ... ok
   - ecmul_7827-6598_9935_21000_128 | EIP158 (2/4) ... ok
   - ecmul_7827-6598_9935_21000_128 | EIP158 (3/4) ... ok
   - ecmul_7827-6598_9935_21000_128 | EIP158 (4/4) ... ok
   - ecmul_7827-6598_9935_21000_128 | Frontier (1/4) ... ok
   - ecmul_7827-6598_9935_21000_128 | Frontier (2/4) ... ok
   - ecmul_7827-6598_9935_21000_128 | Frontier (3/4) ... ok
   - ecmul_7827-6598_9935_21000_128 | Frontier (4/4) ... ok
   - ecmul_7827-6598_9935_21000_128 | Homestead (1/4) ... ok
   - ecmul_7827-6598_9935_21000_128 | Homestead (2/4) ... ok
   - ecmul_7827-6598_9935_21000_128 | Homestead (3/4) ... ok
   - ecmul_7827-6598_9935_21000_128 | Homestead (4/4) ... ok
   - ecmul_7827-6598_9935_21000_128 | Byzantium (1/4) ... ok
   - ecmul_7827-6598_9935_21000_128 | Byzantium (2/4) ... ok
   - ecmul_7827-6598_9935_21000_128 | Byzantium (3/4) ... ok
   - ecmul_7827-6598_9935_21000_128 | Byzantium (4/4) ... ok
ok
   - ecmul_0-3_9935_21000_128_d0g2v0_EIP150...   - ecmul_1-3_5617_28000_96 | EIP150 (1/4) ... ok
   - ecmul_1-3_5617_28000_96 | EIP150 (2/4) ... ok
   - ecmul_1-3_5617_28000_96 | EIP150 (3/4) ... ok
   - ecmul_1-3_5617_28000_96 | EIP150 (4/4) ... ok
   - ecmul_1-3_5617_28000_96 | EIP158 (1/4) ... ok
   - ecmul_1-3_5617_28000_96 | EIP158 (2/4) ... ok
   - ecmul_1-3_5617_28000_96 | EIP158 (3/4) ... ok
   - ecmul_1-3_5617_28000_96 | EIP158 (4/4) ... ok
   - ecmul_1-3_5617_28000_96 | Frontier (1/4) ... ok
   - ecmul_1-3_5617_28000_96 | Frontier (2/4) ... ok
   - ecmul_1-3_5617_28000_96 | Frontier (3/4) ... ok
   - ecmul_1-3_5617_28000_96 | Frontier (4/4) ... ok
   - ecmul_1-3_5617_28000_96 | Homestead (1/4) ... ok
   - ecmul_1-3_5617_28000_96 | Homestead (2/4) ... ok
   - ecmul_1-3_5617_28000_96 | Homestead (3/4) ... ok
   - ecmul_1-3_5617_28000_96 | Homestead (4/4) ... ok
   - ecmul_1-3_5617_28000_96 | Byzantium (1/4) ... ok
   - ecmul_1-3_5617_28000_96 | Byzantium (2/4) ... ok
   - ecmul_1-3_5617_28000_96 | Byzantium (3/4) ... ok
   - ecmul_1-3_5617_28000_96 | Byzantium (4/4) ... ok
   - ecpairing_three_point_match_1 | EIP150 (1/4) ... ok
   - ecpairing_three_point_match_1 | EIP150 (2/4) ... ok
   - ecpairing_three_point_match_1 | EIP150 (3/4) ... ok
   - ecpairing_three_point_match_1 | EIP150 (4/4) ... ok
   - ecpairing_three_point_match_1 | EIP158 (1/4) ... ok
   - ecpairing_three_point_match_1 | EIP158 (2/4) ... ok
   - ecpairing_three_point_match_1 | EIP158 (3/4) ... ok
   - ecpairing_three_point_match_1 | EIP158 (4/4) ... ok
ok
   - ecmul_0-3_9935_21000_128_d0g2v0_EIP158...   - ecpairing_three_point_match_1 | Frontier (1/4) ... ok
   - ecpairing_three_point_match_1 | Frontier (2/4) ... ok
   - ecpairing_three_point_match_1 | Frontier (3/4) ... ok
   - ecpairing_three_point_match_1 | Frontier (4/4) ... ok
   - ecpairing_three_point_match_1 | Homestead (1/4) ... ok
   - ecpairing_three_point_match_1 | Homestead (2/4) ... ok
   - ecpairing_three_point_match_1 | Homestead (3/4) ... ok
   - ecpairing_three_point_match_1 | Homestead (4/4) ... ok
ok
   - ecmul_0-3_9935_21000_128_d0g2v0_Frontier...   - ecpairing_three_point_match_1 | Byzantium (1/4) ... ok
   - ecpairing_three_point_match_1 | Byzantium (2/4) ... ok
   - ecpairing_three_point_match_1 | Byzantium (3/4) ... ok
   - ecpairing_three_point_match_1 | Byzantium (4/4) ... ok
   - ecmul_1-3_2_28000_96 | EIP150 (1/4) ... ok
   - ecmul_1-3_2_28000_96 | EIP150 (2/4) ... ok
   - ecmul_1-3_2_28000_96 | EIP150 (3/4) ... ok
   - ecmul_1-3_2_28000_96 | EIP150 (4/4) ... ok
   - ecmul_1-3_2_28000_96 | EIP158 (1/4) ... ok
   - ecmul_1-3_2_28000_96 | EIP158 (2/4) ... ok
   - ecmul_1-3_2_28000_96 | EIP158 (3/4) ... ok
   - ecmul_1-3_2_28000_96 | EIP158 (4/4) ... ok
   - ecmul_1-3_2_28000_96 | Frontier (1/4) ... ok
   - ecmul_1-3_2_28000_96 | Frontier (2/4) ... ok
   - ecmul_1-3_2_28000_96 | Frontier (3/4) ... ok
   - ecmul_1-3_2_28000_96 | Frontier (4/4) ... ok
ok
   - ecmul_0-3_9935_21000_128_d0g2v0_Homestead...   - ecmul_1-3_2_28000_96 | Homestead (1/4) ... ok
   - ecmul_1-3_2_28000_96 | Homestead (2/4) ... ok
   - ecmul_1-3_2_28000_96 | Homestead (3/4) ... ok
   - ecmul_1-3_2_28000_96 | Homestead (4/4) ... ok
   - ecmul_1-3_2_28000_96 | Byzantium (1/4) ... ok
   - ecmul_1-3_2_28000_96 | Byzantium (2/4) ... ok
   - ecmul_1-3_2_28000_96 | Byzantium (3/4) ... ok
   - ecmul_1-3_2_28000_96 | Byzantium (4/4) ... ok
   - ecmul_0-3_0_21000_96 | EIP150 (1/4) ... ok
   - ecmul_0-3_0_21000_96 | EIP150 (2/4) ... ok
   - ecmul_0-3_0_21000_96 | EIP150 (3/4) ... ok
   - ecmul_0-3_0_21000_96 | EIP150 (4/4) ... ok
   - ecmul_0-3_0_21000_96 | EIP158 (1/4) ... ok
   - ecmul_0-3_0_21000_96 | EIP158 (2/4) ... ok
   - ecmul_0-3_0_21000_96 | EIP158 (3/4) ... ok
   - ecmul_0-3_0_21000_96 | EIP158 (4/4) ... ok
   - ecmul_0-3_0_21000_96 | Frontier (1/4) ... ok
   - ecmul_0-3_0_21000_96 | Frontier (2/4) ... ok
   - ecmul_0-3_0_21000_96 | Frontier (3/4) ... ok
   - ecmul_0-3_0_21000_96 | Frontier (4/4) ... ok
ok
   - ecmul_0-3_0_21000_96 | Homestead (1/4) ... ok
   - ecmul_0-3_0_21000_96 | Homestead (2/4) ... ok
   - ecadd_0-0_0-0_21000_128_d0g2v0_Byzantium...   - ecmul_0-3_0_21000_96 | Homestead (3/4) ... ok
   - ecmul_0-3_0_21000_96 | Homestead (4/4) ... ok
   - ecmul_0-3_0_21000_96 | Byzantium (1/4) ... ok
   - ecmul_0-3_0_21000_96 | Byzantium (2/4) ... ok
   - ecmul_0-3_0_21000_96 | Byzantium (3/4) ... ok
   - ecmul_0-3_0_21000_96 | Byzantium (4/4) ... ok
   - ecmul_0-3_1_21000_96 | EIP150 (1/4) ... ok
   - ecmul_0-3_1_21000_96 | EIP150 (2/4) ... ok
   - ecmul_0-3_1_21000_96 | EIP150 (3/4) ... ok
   - ecmul_0-3_1_21000_96 | EIP150 (4/4) ... ok
   - ecmul_0-3_1_21000_96 | EIP158 (1/4) ... ok
   - ecmul_0-3_1_21000_96 | EIP158 (2/4) ... ok
ok
   - ecadd_0-0_0-0_21000_128_d0g2v0_EIP150...   - ecmul_0-3_1_21000_96 | EIP158 (3/4) ... ok
   - ecmul_0-3_1_21000_96 | EIP158 (4/4) ... ok
   - ecmul_0-3_1_21000_96 | Frontier (1/4) ... ok
   - ecmul_0-3_1_21000_96 | Frontier (2/4) ... ok
   - ecmul_0-3_1_21000_96 | Frontier (3/4) ... ok
   - ecmul_0-3_1_21000_96 | Frontier (4/4) ... ok
   - ecmul_0-3_1_21000_96 | Homestead (1/4) ... ok
   - ecmul_0-3_1_21000_96 | Homestead (2/4) ... ok
   - ecmul_0-3_1_21000_96 | Homestead (3/4) ... ok
   - ecmul_0-3_1_21000_96 | Homestead (4/4) ... ok
   - ecmul_0-3_1_21000_96 | Byzantium (1/4) ... ok
   - ecmul_0-3_1_21000_96 | Byzantium (2/4) ... ok
   - ecmul_0-3_1_21000_96 | Byzantium (3/4) ... ok
   - ecmul_0-3_1_21000_96 | Byzantium (4/4) ... ok
   - ecmul_0-0_9_28000_128 | EIP150 (1/4) ... ok
   - ecmul_0-0_9_28000_128 | EIP150 (2/4) ... ok
   - ecmul_0-0_9_28000_128 | EIP150 (3/4) ... ok
   - ecmul_0-0_9_28000_128 | EIP150 (4/4) ... ok
   - ecmul_0-0_9_28000_128 | EIP158 (1/4) ... ok
   - ecmul_0-0_9_28000_128 | EIP158 (2/4) ... ok
   - ecmul_0-0_9_28000_128 | EIP158 (3/4) ... ok
   - ecmul_0-0_9_28000_128 | EIP158 (4/4) ... ok
ok
   - ecadd_0-0_0-0_21000_128_d0g2v0_EIP158...   - ecmul_0-0_9_28000_128 | Frontier (1/4) ... ok
   - ecmul_0-0_9_28000_128 | Frontier (2/4) ... ok
   - ecmul_0-0_9_28000_128 | Frontier (3/4) ... ok
   - ecmul_0-0_9_28000_128 | Frontier (4/4) ... ok
   - ecmul_0-0_9_28000_128 | Homestead (1/4) ... ok
   - ecmul_0-0_9_28000_128 | Homestead (2/4) ... ok
   - ecmul_0-0_9_28000_128 | Homestead (3/4) ... ok
   - ecmul_0-0_9_28000_128 | Homestead (4/4) ... ok
   - ecmul_0-0_9_28000_128 | Byzantium (1/4) ... ok
   - ecmul_0-0_9_28000_128 | Byzantium (2/4) ... ok
   - ecmul_0-0_9_28000_128 | Byzantium (3/4) ... ok
   - ecmul_0-0_9_28000_128 | Byzantium (4/4) ... ok
   - ecmul_7827-6598_1456_28000_128 | EIP150 (1/4) ... ok
   - ecmul_7827-6598_1456_28000_128 | EIP150 (2/4) ... ok
   - ecmul_7827-6598_1456_28000_128 | EIP150 (3/4) ... ok
   - ecmul_7827-6598_1456_28000_128 | EIP150 (4/4) ... ok
   - ecmul_7827-6598_1456_28000_128 | EIP158 (1/4) ... ok
   - ecmul_7827-6598_1456_28000_128 | EIP158 (2/4) ... ok
   - ecmul_7827-6598_1456_28000_128 | EIP158 (3/4) ... ok
   - ecmul_7827-6598_1456_28000_128 | EIP158 (4/4) ... ok
   - ecmul_7827-6598_1456_28000_128 | Frontier (1/4) ... ok
   - ecmul_7827-6598_1456_28000_128 | Frontier (2/4) ... ok
   - ecmul_7827-6598_1456_28000_128 | Frontier (3/4) ... ok
   - ecmul_7827-6598_1456_28000_128 | Frontier (4/4) ... ok
   - ecmul_7827-6598_1456_28000_128 | Homestead (1/4) ... ok
   - ecmul_7827-6598_1456_28000_128 | Homestead (2/4) ... ok
   - ecmul_7827-6598_1456_28000_128 | Homestead (3/4) ... ok
   - ecmul_7827-6598_1456_28000_128 | Homestead (4/4) ... ok
   - ecmul_7827-6598_1456_28000_128 | Byzantium (1/4) ... ok
   - ecmul_7827-6598_1456_28000_128 | Byzantium (2/4) ... ok
ok
   - ecadd_0-0_0-0_21000_128_d0g2v0_Frontier...   - ecmul_7827-6598_1456_28000_128 | Byzantium (3/4) ... ok
   - ecmul_7827-6598_1456_28000_128 | Byzantium (4/4) ... ok
   - ecmul_1-2_0_28000_64 | EIP150 (1/4) ... ok
   - ecmul_1-2_0_28000_64 | EIP150 (2/4) ... ok
   - ecmul_1-2_0_28000_64 | EIP150 (3/4) ... ok
   - ecmul_1-2_0_28000_64 | EIP150 (4/4) ... ok
   - ecmul_1-2_0_28000_64 | EIP158 (1/4) ... ok
   - ecmul_1-2_0_28000_64 | EIP158 (2/4) ... ok
   - ecmul_1-2_0_28000_64 | EIP158 (3/4) ... ok
   - ecmul_1-2_0_28000_64 | EIP158 (4/4) ... ok
   - ecmul_1-2_0_28000_64 | Frontier (1/4) ... ok
   - ecmul_1-2_0_28000_64 | Frontier (2/4) ... ok
   - ecmul_1-2_0_28000_64 | Frontier (3/4) ... ok
   - ecmul_1-2_0_28000_64 | Frontier (4/4) ... ok
   - ecmul_1-2_0_28000_64 | Homestead (1/4) ... ok
   - ecmul_1-2_0_28000_64 | Homestead (2/4) ... ok
   - ecmul_1-2_0_28000_64 | Homestead (3/4) ... ok
   - ecmul_1-2_0_28000_64 | Homestead (4/4) ... ok
   - ecmul_1-2_0_28000_64 | Byzantium (1/4) ... ok
   - ecmul_1-2_0_28000_64 | Byzantium (2/4) ... ok
   - ecmul_1-2_0_28000_64 | Byzantium (3/4) ... ok
   - ecmul_1-2_0_28000_64 | Byzantium (4/4) ... ok
   - ecadd_0-0_1-3_21000_128 | EIP150 (1/4) ... ok
   - ecadd_0-0_1-3_21000_128 | EIP150 (2/4) ... ok
   - ecadd_0-0_1-3_21000_128 | EIP150 (3/4) ... ok
   - ecadd_0-0_1-3_21000_128 | EIP150 (4/4) ... ok
   - ecadd_0-0_1-3_21000_128 | EIP158 (1/4) ... ok
   - ecadd_0-0_1-3_21000_128 | EIP158 (2/4) ... ok
   - ecadd_0-0_1-3_21000_128 | EIP158 (3/4) ... ok
   - ecadd_0-0_1-3_21000_128 | EIP158 (4/4) ... ok
   - ecadd_0-0_1-3_21000_128 | Frontier (1/4) ... ok
   - ecadd_0-0_1-3_21000_128 | Frontier (2/4) ... ok
   - ecadd_0-0_1-3_21000_128 | Frontier (3/4) ... ok
   - ecadd_0-0_1-3_21000_128 | Frontier (4/4) ... ok
   - ecadd_0-0_1-3_21000_128 | Homestead (1/4) ... ok
   - ecadd_0-0_1-3_21000_128 | Homestead (2/4) ... ok
   - ecadd_0-0_1-3_21000_128 | Homestead (3/4) ... ok
   - ecadd_0-0_1-3_21000_128 | Homestead (4/4) ... ok
   - ecadd_0-0_1-3_21000_128 | Byzantium (1/4) ... ok
   - ecadd_0-0_1-3_21000_128 | Byzantium (2/4) ... ok
   - ecadd_0-0_1-3_21000_128 | Byzantium (3/4) ... ok
   - ecadd_0-0_1-3_21000_128 | Byzantium (4/4) ... ok
   - pointMulAdd | EIP150 (1/36) ... ok
   - pointMulAdd | EIP150 (2/36) ... ok
   - pointMulAdd | EIP150 (3/36) ... ok
   - pointMulAdd | EIP150 (4/36) ... ok
   - pointMulAdd | EIP150 (5/36) ... ok
   - pointMulAdd | EIP150 (6/36) ... ok
   - pointMulAdd | EIP150 (7/36) ... ok
   - pointMulAdd | EIP150 (8/36) ... ok
   - pointMulAdd | EIP150 (9/36) ... ok
   - pointMulAdd | EIP150 (10/36) ... ok
   - pointMulAdd | EIP150 (11/36) ... ok
   - pointMulAdd | EIP150 (12/36) ... ok
   - pointMulAdd | EIP150 (13/36) ... ok
   - pointMulAdd | EIP150 (14/36) ... ok
   - pointMulAdd | EIP150 (15/36) ... ok
   - pointMulAdd | EIP150 (16/36) ... ok
   - pointMulAdd | EIP150 (17/36) ... ok
   - pointMulAdd | EIP150 (18/36) ... ok
ok
   - ecadd_0-0_0-0_21000_128_d0g2v0_Homestead...   - pointMulAdd | EIP150 (19/36) ... ok
   - pointMulAdd | EIP150 (20/36) ... ok
   - pointMulAdd | EIP150 (21/36) ... ok
   - pointMulAdd | EIP150 (22/36) ... ok
   - pointMulAdd | EIP150 (23/36) ... ok
   - pointMulAdd | EIP150 (24/36) ... ok
   - pointMulAdd | EIP150 (25/36) ... ok
   - pointMulAdd | EIP150 (26/36) ... ok
   - pointMulAdd | EIP150 (27/36) ... ok
   - pointMulAdd | EIP150 (28/36) ... ok
   - pointMulAdd | EIP150 (29/36) ... ok
   - pointMulAdd | EIP150 (30/36) ... ok
   - pointMulAdd | EIP150 (31/36) ... ok
   - pointMulAdd | EIP150 (32/36) ... ok
   - pointMulAdd | EIP150 (33/36) ... ok
   - pointMulAdd | EIP150 (34/36) ... ok
   - pointMulAdd | EIP150 (35/36) ... ok
   - pointMulAdd | EIP150 (36/36) ... ok
   - pointMulAdd | EIP158 (1/36) ... ok
   - pointMulAdd | EIP158 (2/36) ... ok
   - pointMulAdd | EIP158 (3/36) ... ok
   - pointMulAdd | EIP158 (4/36) ... ok
   - pointMulAdd | EIP158 (5/36) ... ok
   - pointMulAdd | EIP158 (6/36) ... ok
   - pointMulAdd | EIP158 (7/36) ... ok
   - pointMulAdd | EIP158 (8/36) ... ok
   - pointMulAdd | EIP158 (9/36) ... ok
   - pointMulAdd | EIP158 (10/36) ... ok
   - pointMulAdd | EIP158 (11/36) ... ok
   - pointMulAdd | EIP158 (12/36) ... ok
   - pointMulAdd | EIP158 (13/36) ... ok
   - pointMulAdd | EIP158 (14/36) ... ok
   - pointMulAdd | EIP158 (15/36) ... ok
   - pointMulAdd | EIP158 (16/36) ... ok
   - pointMulAdd | EIP158 (17/36) ... ok
   - pointMulAdd | EIP158 (18/36) ... ok
   - pointMulAdd | EIP158 (19/36) ... ok
   - pointMulAdd | EIP158 (20/36) ... ok
   - pointMulAdd | EIP158 (21/36) ... ok
   - pointMulAdd | EIP158 (22/36) ... ok
   - pointMulAdd | EIP158 (23/36) ... ok
   - pointMulAdd | EIP158 (24/36) ... ok
   - pointMulAdd | EIP158 (25/36) ... ok
   - pointMulAdd | EIP158 (26/36) ... ok
   - pointMulAdd | EIP158 (27/36) ... ok
   - pointMulAdd | EIP158 (28/36) ... ok
   - pointMulAdd | EIP158 (29/36) ... ok
   - pointMulAdd | EIP158 (30/36) ... ok
   - pointMulAdd | EIP158 (31/36) ... ok
   - pointMulAdd | EIP158 (32/36) ... ok
   - pointMulAdd | EIP158 (33/36) ... ok
   - pointMulAdd | EIP158 (34/36) ... ok
   - pointMulAdd | EIP158 (35/36) ... ok
   - pointMulAdd | EIP158 (36/36) ... ok
   - pointMulAdd | Frontier (1/36) ... ok
   - pointMulAdd | Frontier (2/36) ... ok
   - pointMulAdd | Frontier (3/36) ... ok
   - pointMulAdd | Frontier (4/36) ... ok
   - pointMulAdd | Frontier (5/36) ... ok
   - pointMulAdd | Frontier (6/36) ... ok
ok
   - pointMulAdd | Frontier (7/36) ... ok
   - pointMulAdd | Frontier (8/36) ... ok
   - pointMulAdd | Frontier (9/36) ... ok
   - ecmul_7827-6598_1_28000_128_d0g1v0_Byzantium...   - pointMulAdd | Frontier (10/36) ... ok
   - pointMulAdd | Frontier (11/36) ... ok
   - pointMulAdd | Frontier (12/36) ... ok
   - pointMulAdd | Frontier (13/36) ... ok
   - pointMulAdd | Frontier (14/36) ... ok
   - pointMulAdd | Frontier (15/36) ... ok
   - pointMulAdd | Frontier (16/36) ... ok
   - pointMulAdd | Frontier (17/36) ... ok
   - pointMulAdd | Frontier (18/36) ... ok
   - pointMulAdd | Frontier (19/36) ... ok
   - pointMulAdd | Frontier (20/36) ... ok
   - pointMulAdd | Frontier (21/36) ... ok
   - pointMulAdd | Frontier (22/36) ... ok
   - pointMulAdd | Frontier (23/36) ... ok
   - pointMulAdd | Frontier (24/36) ... ok
   - pointMulAdd | Frontier (25/36) ... ok
   - pointMulAdd | Frontier (26/36) ... ok
   - pointMulAdd | Frontier (27/36) ... ok
   - pointMulAdd | Frontier (28/36) ... ok
   - pointMulAdd | Frontier (29/36) ... ok
   - pointMulAdd | Frontier (30/36) ... ok
   - pointMulAdd | Frontier (31/36) ... ok
   - pointMulAdd | Frontier (32/36) ... ok
   - pointMulAdd | Frontier (33/36) ... ok
   - pointMulAdd | Frontier (34/36) ... ok
   - pointMulAdd | Frontier (35/36) ... ok
   - pointMulAdd | Frontier (36/36) ... ok
   - pointMulAdd | Homestead (1/36) ... ok
   - pointMulAdd | Homestead (2/36) ... ok
   - pointMulAdd | Homestead (3/36) ... ok
   - pointMulAdd | Homestead (4/36) ... ok
   - pointMulAdd | Homestead (5/36) ... ok
   - pointMulAdd | Homestead (6/36) ... ok
   - pointMulAdd | Homestead (7/36) ... ok
   - pointMulAdd | Homestead (8/36) ... ok
   - pointMulAdd | Homestead (9/36) ... ok
   - pointMulAdd | Homestead (10/36) ... ok
   - pointMulAdd | Homestead (11/36) ... ok
   - pointMulAdd | Homestead (12/36) ... ok
   - pointMulAdd | Homestead (13/36) ... ok
   - pointMulAdd | Homestead (14/36) ... ok
   - pointMulAdd | Homestead (15/36) ... ok
   - pointMulAdd | Homestead (16/36) ... ok
   - pointMulAdd | Homestead (17/36) ... ok
   - pointMulAdd | Homestead (18/36) ... ok
   - pointMulAdd | Homestead (19/36) ... ok
   - pointMulAdd | Homestead (20/36) ... ok
   - pointMulAdd | Homestead (21/36) ... ok
   - pointMulAdd | Homestead (22/36) ... ok
   - pointMulAdd | Homestead (23/36) ... ok
   - pointMulAdd | Homestead (24/36) ... ok
   - pointMulAdd | Homestead (25/36) ... ok
   - pointMulAdd | Homestead (26/36) ... ok
   - pointMulAdd | Homestead (27/36) ... ok
   - pointMulAdd | Homestead (28/36) ... ok
   - pointMulAdd | Homestead (29/36) ... ok
   - pointMulAdd | Homestead (30/36) ... ok
   - pointMulAdd | Homestead (31/36) ... ok
   - pointMulAdd | Homestead (32/36) ... ok
   - pointMulAdd | Homestead (33/36) ... ok
   - pointMulAdd | Homestead (34/36) ... ok
   - pointMulAdd | Homestead (35/36) ... ok
   - pointMulAdd | Homestead (36/36) ... ok
   - pointMulAdd | Byzantium (1/36) ... ok
   - pointMulAdd | Byzantium (2/36) ... ok
   - pointMulAdd | Byzantium (3/36) ... ok
   - pointMulAdd | Byzantium (4/36) ... ok
   - pointMulAdd | Byzantium (5/36) ... ok
   - pointMulAdd | Byzantium (6/36) ... ok
   - pointMulAdd | Byzantium (7/36) ... ok
   - pointMulAdd | Byzantium (8/36) ... ok
   - pointMulAdd | Byzantium (9/36) ... ok
   - pointMulAdd | Byzantium (10/36) ... ok
   - pointMulAdd | Byzantium (11/36) ... ok
   - pointMulAdd | Byzantium (12/36) ... ok
   - pointMulAdd | Byzantium (13/36) ... ok
   - pointMulAdd | Byzantium (14/36) ... ok
   - pointMulAdd | Byzantium (15/36) ... ok
   - pointMulAdd | Byzantium (16/36) ... ok
   - pointMulAdd | Byzantium (17/36) ... ok
ok
   - ecmul_7827-6598_1_28000_128_d0g1v0_EIP150...   - pointMulAdd | Byzantium (18/36) ... ok
   - pointMulAdd | Byzantium (19/36) ... ok
   - pointMulAdd | Byzantium (20/36) ... ok
   - pointMulAdd | Byzantium (21/36) ... ok
   - pointMulAdd | Byzantium (22/36) ... ok
   - pointMulAdd | Byzantium (23/36) ... ok
   - pointMulAdd | Byzantium (24/36) ... ok
   - pointMulAdd | Byzantium (25/36) ... ok
   - pointMulAdd | Byzantium (26/36) ... ok
   - pointMulAdd | Byzantium (27/36) ... ok
   - pointMulAdd | Byzantium (28/36) ... ok
   - pointMulAdd | Byzantium (29/36) ... ok
   - pointMulAdd | Byzantium (30/36) ... ok
   - pointMulAdd | Byzantium (31/36) ... ok
   - pointMulAdd | Byzantium (32/36) ... ok
   - pointMulAdd | Byzantium (33/36) ... ok
   - pointMulAdd | Byzantium (34/36) ... ok
   - pointMulAdd | Byzantium (35/36) ... ok
   - pointMulAdd | Byzantium (36/36) ... ok
   - ecadd_0-0_0-0_25000_64 | EIP150 (1/4) ... ok
   - ecadd_0-0_0-0_25000_64 | EIP150 (2/4) ... ok
   - ecadd_0-0_0-0_25000_64 | EIP150 (3/4) ... ok
   - ecadd_0-0_0-0_25000_64 | EIP150 (4/4) ... ok
   - ecadd_0-0_0-0_25000_64 | EIP158 (1/4) ... ok
   - ecadd_0-0_0-0_25000_64 | EIP158 (2/4) ... ok
   - ecadd_0-0_0-0_25000_64 | EIP158 (3/4) ... ok
   - ecadd_0-0_0-0_25000_64 | EIP158 (4/4) ... ok
   - ecadd_0-0_0-0_25000_64 | Frontier (1/4) ... ok
   - ecadd_0-0_0-0_25000_64 | Frontier (2/4) ... ok
   - ecadd_0-0_0-0_25000_64 | Frontier (3/4) ... ok
   - ecadd_0-0_0-0_25000_64 | Frontier (4/4) ... ok
   - ecadd_0-0_0-0_25000_64 | Homestead (1/4) ... ok
   - ecadd_0-0_0-0_25000_64 | Homestead (2/4) ... ok
   - ecadd_0-0_0-0_25000_64 | Homestead (3/4) ... ok
   - ecadd_0-0_0-0_25000_64 | Homestead (4/4) ... ok
   - ecadd_0-0_0-0_25000_64 | Byzantium (1/4) ... ok
   - ecadd_0-0_0-0_25000_64 | Byzantium (2/4) ... ok
   - ecadd_0-0_0-0_25000_64 | Byzantium (3/4) ... ok
   - ecadd_0-0_0-0_25000_64 | Byzantium (4/4) ... ok
   - ecmul_0-3_1_21000_128 | EIP150 (1/4) ... ok
   - ecmul_0-3_1_21000_128 | EIP150 (2/4) ... ok
   - ecmul_0-3_1_21000_128 | EIP150 (3/4) ... ok
   - ecmul_0-3_1_21000_128 | EIP150 (4/4) ... ok
   - ecmul_0-3_1_21000_128 | EIP158 (1/4) ... ok
   - ecmul_0-3_1_21000_128 | EIP158 (2/4) ... ok
   - ecmul_0-3_1_21000_128 | EIP158 (3/4) ... ok
   - ecmul_0-3_1_21000_128 | EIP158 (4/4) ... ok
   - ecmul_0-3_1_21000_128 | Frontier (1/4) ... ok
   - ecmul_0-3_1_21000_128 | Frontier (2/4) ... ok
   - ecmul_0-3_1_21000_128 | Frontier (3/4) ... ok
   - ecmul_0-3_1_21000_128 | Frontier (4/4) ... ok
   - ecmul_0-3_1_21000_128 | Homestead (1/4) ... ok
   - ecmul_0-3_1_21000_128 | Homestead (2/4) ... ok
   - ecmul_0-3_1_21000_128 | Homestead (3/4) ... ok
   - ecmul_0-3_1_21000_128 | Homestead (4/4) ... ok
ok
   - ecmul_7827-6598_1_28000_128_d0g1v0_EIP158...   - ecmul_0-3_1_21000_128 | Byzantium (1/4) ... ok
   - ecmul_0-3_1_21000_128 | Byzantium (2/4) ... ok
   - ecmul_0-3_1_21000_128 | Byzantium (3/4) ... ok
   - ecmul_0-3_1_21000_128 | Byzantium (4/4) ... ok
test json_tests::state::state_tests::GeneralStateTest_stZeroKnowledge ... ok
test snapshot::tests::state::checks_flag ... ok
ok
   - ecmul_7827-6598_1_28000_128_d0g1v0_Frontier...test snapshot::tests::state::get_code_from_prev_chunk ... ok
ok
   - ecmul_7827-6598_1_28000_128_d0g1v0_Homestead...ok
   - ecmul_0-0_0_28000_80_d0g0v0_Byzantium...ok
   - ecmul_0-0_0_28000_80_d0g0v0_EIP150...ok
   - ecmul_0-0_0_28000_80_d0g0v0_EIP158...ok
   - ecmul_0-0_0_28000_80_d0g0v0_Frontier...ok
   - ecmul_0-0_0_28000_80_d0g0v0_Homestead...ok
   - ecpairing_one_point_with_g1_zero_d0g1v0_Byzantium...INFO:ethcore::snapshot::service: Taking snapshot at #400
INFO:ethcore::snapshot: Taking snapshot starting at block 400
ok
   - ecpairing_one_point_with_g1_zero_d0g1v0_EIP150...INFO:ethcore::snapshot: produced 1 state chunks and 1 block chunks.
INFO:ethcore::snapshot::service: Finished taking snapshot at #400
ok
   - ecpairing_one_point_with_g1_zero_d0g1v0_EIP158...ok
   - ecpairing_one_point_with_g1_zero_d0g1v0_Frontier...ok
   - ecpairing_one_point_with_g1_zero_d0g1v0_Homestead...ok
   - ecmul_0-3_1_28000_96_d0g0v0_Byzantium...ok
   - ecmul_0-3_1_28000_96_d0g0v0_EIP150...ok
   - ecmul_0-3_1_28000_96_d0g0v0_EIP158...ok
   - ecmul_0-3_1_28000_96_d0g0v0_Frontier...ok
   - ecmul_0-3_1_28000_96_d0g0v0_Homestead...ok
   - ecmul_7827-6598_2_28000_128_d0g0v0_Byzantium...ok
   - ecmul_7827-6598_2_28000_128_d0g0v0_EIP150...ok
   - ecmul_7827-6598_2_28000_128_d0g0v0_EIP158...ok
   - ecmul_7827-6598_2_28000_128_d0g0v0_Frontier...ok
   - ecmul_7827-6598_2_28000_128_d0g0v0_Homestead...ok
   - ecadd_1-3_0-0_21000_80_d0g1v0_Byzantium...ok
   - ecadd_1-3_0-0_21000_80_d0g1v0_EIP150...ok
   - ecadd_1-3_0-0_21000_80_d0g1v0_EIP158...ok
   - ecadd_1-3_0-0_21000_80_d0g1v0_Frontier...ok
   - ecadd_1-3_0-0_21000_80_d0g1v0_Homestead...test snapshot::tests::service::restored_is_equivalent ... ok
test snapshot::watcher::tests::doesnt_fire_before_history ... ok
test snapshot::watcher::tests::finds_highest ... ok
test snapshot::watcher::tests::fires_once_for_two ... ok
ok
   - ecmul_7827-6598_1_28000_96_d0g2v0_Byzantium...test snapshot::watcher::tests::should_not_fire ... ok
test spec::spec::tests::genesis_constructor ... ok
test spec::spec::tests::test_chain ... ok
test spec::spec::tests::test_load_empty ... ok
test state::account::tests::account_compress ... ok
test state::account::tests::commit_code ... ok
test state::account::tests::commit_remove_commit_storage ... ok
test state::account::tests::commit_storage ... ok
test state::account::tests::create_account ... ok
test state::account::tests::new_account ... ok
test state::account::tests::note_code ... ok
test state::account::tests::reset_code ... ok
test state::account::tests::rlpio ... ok
test state::account::tests::storage_at ... ok
test state::substate::tests::accrue ... ok
test state::substate::tests::created ... ok
test state::tests::alter_balance ... ok
test state::tests::alter_nonce ... ok
test state::tests::balance_nonce ... ok
test state::tests::checkpoint_basic ... ok
test state::tests::checkpoint_nested ... ok
test state::tests::code_from_database ... ok
test state::tests::create_empty ... ok
test state::tests::empty_account_exists_when_creation_forced ... ok
test state::tests::empty_account_is_not_created ... ok
test state::tests::ensure_cached ... ok
test state::tests::get_from_database ... ok
test state::tests::remove ... ok
test state::tests::remove_from_database ... ok
test state::tests::should_apply_create_transaction ... ok
test state::tests::should_kill_garbage ... ok
test snapshot::tests::state::snap_and_restore ... ok
test state::tests::should_not_trace_call_with_invalid_basic_subcall_transaction ... ok
test state::tests::should_not_trace_callcode ... ok
test state::tests::should_not_panic_on_state_diff_with_storage ... ok
test state::tests::should_trace_basic_call_transaction ... ok
test state::tests::should_not_trace_subcall_transaction_to_builtin ... ok
test state::tests::should_trace_call_transaction ... ok
test state::tests::should_trace_call_transaction_to_builtin ... ok
test state::tests::should_trace_call_with_basic_subcall_transaction ... ok
test state::tests::should_trace_call_with_subcall_with_subcall_transaction ... ok
test state::tests::should_trace_call_with_subcall_transaction ... ok
ok
   - ecmul_7827-6598_1_28000_96_d0g2v0_EIP150...test state::tests::should_trace_diff_suicided_accounts ... ok
test state::tests::should_trace_delegatecall_properly ... ok
test state::tests::should_trace_failed_call_transaction ... ok
test state::tests::should_trace_diff_unmodified_storage ... ok
test state::tests::should_trace_failed_create_transaction ... ok
test state::tests::should_trace_failed_subcall_with_subcall_transaction ... ok
test state::tests::should_trace_suicide ... ok
test state::tests::should_trace_failed_subcall_transaction ... ok
test state::tests::should_work_when_cloned ... ok
test state_db::tests::state_db_smoke ... ok
test state::tests::storage_at_from_database ... ok
ok
   - ecmul_7827-6598_1_28000_96_d0g2v0_EIP158...test tests::client::can_collect_garbage ... ok
test tests::client::can_generate_gas_price_histogram ... ok
test tests::client::can_generate_gas_price_median ... ok
ok
   - ecmul_7827-6598_1_28000_96_d0g2v0_Frontier...test tests::client::can_mine ... ok
ok
   - ecmul_7827-6598_1_28000_96_d0g2v0_Homestead...test tests::client::change_history_size ... ok
ok
test tests::client::corpus_is_sorted ... ok
   - ecadd_0-3_1-2_25000_128_d0g2v0_Byzantium...test tests::client::does_not_propagate_delayed_transactions ... ok
test tests::client::empty_gas_price_histogram ... ok
test tests::client::fails_to_import_block_with_invalid_rlp ... ok
ok
   - ecadd_0-3_1-2_25000_128_d0g2v0_EIP150...test tests::client::imports_block_sequence ... ok
test tests::client::imports_from_empty ... ok
ok
   - ecadd_0-3_1-2_25000_128_d0g2v0_EIP158...test tests::client::imports_good_block ... ok
WARN:ethcore::client::client: Stage 5 block verification failed for #1 (0xf8c9…6da1)
Error: Error(Block(InvalidStateRoot(Mismatch { expected: 0x0000000000000000000000000000000000000000000000000000000000000bad, found: 0xf3f4696bbf3b3b07775128eb7a3763279a394e382130f27c21e70233e04946a9 })), State { next_error: None, backtrace: InternalBacktrace { backtrace: None } })
test tests::client::query_bad_block ... ok
test tests::client::query_none_block ... ok
ok
   - ecadd_0-3_1-2_25000_128_d0g2v0_Frontier...test tests::client::returns_block_body ... ok
test tests::client::returns_chain_info ... ok
ok
   - ecadd_0-3_1-2_25000_128_d0g2v0_Homestead...test tests::client::returns_logs ... ok
test tests::client::returns_logs_with_limit ... ok
ok
   - pointMulAdd2_d10g3v0_Byzantium...test tests::client::returns_state_root_basic ... ok
ok
   - pointMulAdd2_d10g3v0_EIP150...test tests::client::should_return_registrar ... ok
ok
   - pointMulAdd2_d10g3v0_EIP158...test tests::client::transaction_proof ... ok
test tests::evm::test_blockhash_eip210_int ... ok
test tests::trace::can_trace_block_and_uncle_reward ... ok
ok
   - pointMulAdd2_d10g3v0_Frontier...test trace::db::tests::query_genesis ... ok
test trace::db::tests::query_trace_after_reopen ... ok
test trace::db::tests::test_import ... ok
test trace::db::tests::test_import_non_canon_traces ... ok
test trace::db::tests::test_reopening_db_with_tracing_off ... ok
ok
   - pointMulAdd2_d10g3v0_Homestead...test trace::db::tests::test_reopening_db_with_tracing_on ... ok
test trace::executive_tracer::should_prefix_address_properly ... ok
test trace::types::error::tests::encode_error ... ok
test trace::types::filter::tests::empty_trace_filter_bloom_possibilities ... ok
test trace::types::filter::tests::filter_match_block_reward_fix_8070 ... ok
test trace::types::filter::tests::filter_matches ... ok
test trace::types::filter::tests::multiple_trace_filter_bloom_possibility ... ok
test trace::types::filter::tests::only_from_trace_filter_bloom_possibility ... ok
test trace::types::filter::tests::only_to_trace_filter_bloom_possibility ... ok
test trace::types::filter::tests::single_trace_filter_bloom_possibility ... ok
ok
test trace::types::flat::tests::encode_flat_block_traces ... ok
test trace::types::flat::tests::encode_flat_transaction_traces ... ok
test trace::types::flat::tests::test_trace_serialization ... ok
   - ecmul_1-3_1_21000_128_d0g1v0_Byzantium...WARN:ethcore::client::client: Error generating genesis epoch data: Cannot decode address[]. Snapshots generated may not be complete.
test tx_filter::test::transaction_filter ... ok
WARN:ethcore::client::client: Error generating genesis epoch data: Cannot decode address[]. Snapshots generated may not be complete.
test tx_filter::test::transaction_filter_deprecated ... ok
ok
   - ecmul_1-3_1_21000_128_d0g1v0_EIP150...test verification::queue::tests::can_be_created ... ok
test verification::queue::tests::can_import_blocks ... ok
ok
   - ecmul_1-3_1_21000_128_d0g1v0_EIP158...ok
   - ecmul_1-3_1_21000_128_d0g1v0_Frontier...ok
   - ecmul_1-3_1_21000_128_d0g1v0_Homestead...ok
   - ecmul_0-0_5616_21000_128_d0g3v0_Byzantium...test verification::queue::tests::readjust_verifiers ... ok
test verification::queue::tests::returns_empty_once_finished ... ok
ok
   - ecmul_0-0_5616_21000_128_d0g3v0_EIP150...test verification::queue::tests::returns_error_for_duplicates ... ok
test verification::queue::tests::returns_ok_for_drained_duplicates ... ok
test verification::queue::tests::returns_total_difficulty ... ok
test verification::queue::tests::scaling_limits ... ok
ok
   - ecmul_0-0_5616_21000_128_d0g3v0_EIP158...test verification::queue::tests::test_mem_limit ... ok
test verification::verification::tests::dust_protection ... ok
test verification::verification::tests::test_verify_block ... ok
ok
   - ecmul_0-0_5616_21000_128_d0g3v0_Frontier...test verification::verification::tests::test_verify_block_basic_with_invalid_transactions ... ok
test views::block::tests::test_block_view ... ok
test views::body::tests::test_block_view ... ok
test views::header::tests::test_header_view ... ok
test views::tests::should_include_file_line_number_in_panic_for_invalid_rlp ... ok
test views::transaction::tests::test_transaction_view ... ok
ok
   - ecmul_0-0_5616_21000_128_d0g3v0_Homestead...ok
   - ecpairing_three_point_fail_1_d0g2v0_Byzantium...ok
   - ecpairing_three_point_fail_1_d0g2v0_EIP150...ok
   - ecpairing_three_point_fail_1_d0g2v0_EIP158...ok
   - ecpairing_three_point_fail_1_d0g2v0_Frontier...ok
   - ecpairing_three_point_fail_1_d0g2v0_Homestead...ok
   - ecmul_1-3_340282366920938463463374607431768211456_21000_96_d0g0v0_Byzantium...ok
   - ecmul_1-3_340282366920938463463374607431768211456_21000_96_d0g0v0_EIP150...ok
   - ecmul_1-3_340282366920938463463374607431768211456_21000_96_d0g0v0_EIP158...ok
   - ecmul_1-3_340282366920938463463374607431768211456_21000_96_d0g0v0_Frontier...ok
   - ecmul_1-3_340282366920938463463374607431768211456_21000_96_d0g0v0_Homestead...ok
   - pointAdd_d6g0v0_Byzantium...ok
   - pointAdd_d6g0v0_EIP150...ok
   - pointAdd_d6g0v0_EIP158...ok
   - pointAdd_d6g0v0_Frontier...ok
   - pointAdd_d6g0v0_Homestead...ok
   - ecmul_1-3_5616_21000_128_d0g0v0_Byzantium...ok
   - ecmul_1-3_5616_21000_128_d0g0v0_EIP150...ok
   - ecmul_1-3_5616_21000_128_d0g0v0_EIP158...test tests::client::can_handle_long_fork ... ok
ok
   - ecmul_1-3_5616_21000_128_d0g0v0_Frontier...ok
   - ecmul_1-3_5616_21000_128_d0g0v0_Homestead...ok
   - ecmul_1-3_2_21000_128_d0g2v0_Byzantium...ok
   - ecmul_1-3_2_21000_128_d0g2v0_EIP150...ok
   - ecmul_1-3_2_21000_128_d0g2v0_EIP158...ok
   - ecmul_1-3_2_21000_128_d0g2v0_Frontier...ok
   - ecmul_1-3_2_21000_128_d0g2v0_Homestead...ok
   - ecmul_7827-6598_5616_21000_96_d0g3v0_Byzantium...ok
   - ecmul_7827-6598_5616_21000_96_d0g3v0_EIP150...ok
   - ecmul_7827-6598_5616_21000_96_d0g3v0_EIP158...ok
   - ecmul_7827-6598_5616_21000_96_d0g3v0_Frontier...ok
   - ecmul_7827-6598_5616_21000_96_d0g3v0_Homestead...ok
   - ecmul_1-2_1_28000_96_d0g0v0_Byzantium...ok
   - ecmul_1-2_1_28000_96_d0g0v0_EIP150...ok
   - ecmul_1-2_1_28000_96_d0g0v0_EIP158...ok
   - ecmul_1-2_1_28000_96_d0g0v0_Frontier...ok
   - ecmul_1-2_1_28000_96_d0g0v0_Homestead...ok
   - pointMulAdd2_d13g0v0_Byzantium...ok
   - pointMulAdd2_d13g0v0_EIP150...ok
   - pointMulAdd2_d13g0v0_EIP158...ok
   - pointMulAdd2_d13g0v0_Frontier...ok
   - pointMulAdd2_d13g0v0_Homestead...ok
   - ecmul_0-3_5616_21000_96_d0g0v0_Byzantium...ok
   - ecmul_0-3_5616_21000_96_d0g0v0_EIP150...ok
   - ecmul_0-3_5616_21000_96_d0g0v0_EIP158...ok
   - ecmul_0-3_5616_21000_96_d0g0v0_Frontier...ok
   - ecmul_0-3_5616_21000_96_d0g0v0_Homestead...ok
   - pointMulAdd2_d37g2v0_Byzantium...ok
   - pointMulAdd2_d37g2v0_EIP150...ok
   - pointMulAdd2_d37g2v0_EIP158...ok
   - pointMulAdd2_d37g2v0_Frontier...ok
   - pointMulAdd2_d37g2v0_Homestead...ok
   - pointMulAdd2_d4g3v0_Byzantium...ok
   - pointMulAdd2_d4g3v0_EIP150...ok
   - pointMulAdd2_d4g3v0_EIP158...ok
   - pointMulAdd2_d4g3v0_Frontier...ok
   - pointMulAdd2_d4g3v0_Homestead...ok
   - ecadd_0-0_1-2_25000_192_d0g3v0_Byzantium...ok
   - ecadd_0-0_1-2_25000_192_d0g3v0_EIP150...ok
   - ecadd_0-0_1-2_25000_192_d0g3v0_EIP158...ok
   - ecadd_0-0_1-2_25000_192_d0g3v0_Frontier...ok
   - ecadd_0-0_1-2_25000_192_d0g3v0_Homestead...ok
   - ecadd_1-2_0-0_25000_192_d0g2v0_Byzantium...ok
   - ecadd_1-2_0-0_25000_192_d0g2v0_EIP150...ok
   - ecadd_1-2_0-0_25000_192_d0g2v0_EIP158...ok
   - ecadd_1-2_0-0_25000_192_d0g2v0_Frontier...ok
   - ecadd_1-2_0-0_25000_192_d0g2v0_Homestead...ok
   - ecmul_1-3_5617_21000_96_d0g2v0_Byzantium...ok
   - ecmul_1-3_5617_21000_96_d0g2v0_EIP150...ok
   - ecmul_1-3_5617_21000_96_d0g2v0_EIP158...ok
   - ecmul_1-3_5617_21000_96_d0g2v0_Frontier...ok
   - ecmul_1-3_5617_21000_96_d0g2v0_Homestead...ok
   - ecmul_1-2_1_21000_96_d0g1v0_Byzantium...ok
   - ecmul_1-2_1_21000_96_d0g1v0_EIP150...ok
   - ecmul_1-2_1_21000_96_d0g1v0_EIP158...ok
   - ecmul_1-2_1_21000_96_d0g1v0_Frontier...ok
   - ecmul_1-2_1_21000_96_d0g1v0_Homestead...ok
   - ecadd_0-0_1-2_21000_128_d0g0v0_Byzantium...ok
   - ecadd_0-0_1-2_21000_128_d0g0v0_EIP150...ok
   - ecadd_0-0_1-2_21000_128_d0g0v0_EIP158...ok
   - ecadd_0-0_1-2_21000_128_d0g0v0_Frontier...ok
   - ecadd_0-0_1-2_21000_128_d0g0v0_Homestead...ok
   - ecmul_0-0_9935_28000_128_d0g1v0_Byzantium...ok
   - ecmul_0-0_9935_28000_128_d0g1v0_EIP150...ok
   - ecmul_0-0_9935_28000_128_d0g1v0_EIP158...ok
   - ecmul_0-0_9935_28000_128_d0g1v0_Frontier...ok
   - ecmul_0-0_9935_28000_128_d0g1v0_Homestead...ok
   - ecadd_1145-3932_2969-1336_21000_128_d0g3v0_Byzantium...ok
   - ecadd_1145-3932_2969-1336_21000_128_d0g3v0_EIP150...ok
   - ecadd_1145-3932_2969-1336_21000_128_d0g3v0_EIP158...ok
   - ecadd_1145-3932_2969-1336_21000_128_d0g3v0_Frontier...ok
   - ecadd_1145-3932_2969-1336_21000_128_d0g3v0_Homestead...ok
   - ecmul_1-3_9_21000_128_d0g2v0_Byzantium...ok
   - ecmul_1-3_9_21000_128_d0g2v0_EIP150...ok
   - ecmul_1-3_9_21000_128_d0g2v0_EIP158...ok
   - ecmul_1-3_9_21000_128_d0g2v0_Frontier...ok
   - ecmul_1-3_9_21000_128_d0g2v0_Homestead...ok
   - pairingTest_d2g2v0_Byzantium...ok
   - pairingTest_d2g2v0_EIP150...ok
   - pairingTest_d2g2v0_EIP158...ok
   - pairingTest_d2g2v0_Frontier...ok
   - pairingTest_d2g2v0_Homestead...ok
   - ecmul_0-3_9_21000_128_d0g3v0_Byzantium...ok
   - ecmul_0-3_9_21000_128_d0g3v0_EIP150...ok
   - ecmul_0-3_9_21000_128_d0g3v0_EIP158...ok
   - ecmul_0-3_9_21000_128_d0g3v0_Frontier...ok
   - ecmul_0-3_9_21000_128_d0g3v0_Homestead...ok
   - ecmul_0-3_5617_28000_96_d0g3v0_Byzantium...ok
   - ecmul_0-3_5617_28000_96_d0g3v0_EIP150...ok
   - ecmul_0-3_5617_28000_96_d0g3v0_EIP158...ok
   - ecmul_0-3_5617_28000_96_d0g3v0_Frontier...ok
   - ecmul_0-3_5617_28000_96_d0g3v0_Homestead...ok
   - pointAddTrunc_d9g0v0_Byzantium...ok
   - pointAddTrunc_d9g0v0_EIP150...ok
   - pointAddTrunc_d9g0v0_EIP158...ok
   - pointAddTrunc_d9g0v0_Frontier...ok
   - pointAddTrunc_d9g0v0_Homestead...ok
   - pointAddTrunc_d6g2v0_Byzantium...ok
   - pointAddTrunc_d6g2v0_EIP150...ok
   - pointAddTrunc_d6g2v0_EIP158...ok
   - pointAddTrunc_d6g2v0_Frontier...ok
   - pointAddTrunc_d6g2v0_Homestead...ok
   - ecmul_1-2_2_28000_96_d0g0v0_Byzantium...ok
   - ecmul_1-2_2_28000_96_d0g0v0_EIP150...ok
   - ecmul_1-2_2_28000_96_d0g0v0_EIP158...ok
   - ecmul_1-2_2_28000_96_d0g0v0_Frontier...ok
   - ecmul_1-2_2_28000_96_d0g0v0_Homestead...ok
   - ecadd_1-2_1-2_21000_192_d0g3v0_Byzantium...ok
   - ecadd_1-2_1-2_21000_192_d0g3v0_EIP150...ok
   - ecadd_1-2_1-2_21000_192_d0g3v0_EIP158...ok
   - ecadd_1-2_1-2_21000_192_d0g3v0_Frontier...ok
   - ecadd_1-2_1-2_21000_192_d0g3v0_Homestead...ok
   - ecmul_0-0_1_21000_128_d0g0v0_Byzantium...ok
   - ecmul_0-0_1_21000_128_d0g0v0_EIP150...ok
   - ecmul_0-0_1_21000_128_d0g0v0_EIP158...ok
   - ecmul_0-0_1_21000_128_d0g0v0_Frontier...ok
   - ecmul_0-0_1_21000_128_d0g0v0_Homestead...ok
   - ecmul_1-3_0_21000_96_d0g3v0_Byzantium...ok
   - ecmul_1-3_0_21000_96_d0g3v0_EIP150...ok
   - ecmul_1-3_0_21000_96_d0g3v0_EIP158...ok
   - ecmul_1-3_0_21000_96_d0g3v0_Frontier...ok
   - ecmul_1-3_0_21000_96_d0g3v0_Homestead...ok
   - ecmul_7827-6598_0_21000_128_d0g2v0_Byzantium...ok
   - ecmul_7827-6598_0_21000_128_d0g2v0_EIP150...ok
   - ecmul_7827-6598_0_21000_128_d0g2v0_EIP158...ok
   - ecmul_7827-6598_0_21000_128_d0g2v0_Frontier...ok
   - ecmul_7827-6598_0_21000_128_d0g2v0_Homestead...ok
   - ecmul_0-3_340282366920938463463374607431768211456_28000_128_d0g2v0_Byzantium...ok
   - ecmul_0-3_340282366920938463463374607431768211456_28000_128_d0g2v0_EIP150...ok
   - ecmul_0-3_340282366920938463463374607431768211456_28000_128_d0g2v0_EIP158...ok
   - ecmul_0-3_340282366920938463463374607431768211456_28000_128_d0g2v0_Frontier...ok
   - ecmul_0-3_340282366920938463463374607431768211456_28000_128_d0g2v0_Homestead...ok
   - ecmul_7827-6598_2_21000_96_d0g1v0_Byzantium...ok
   - ecmul_7827-6598_2_21000_96_d0g1v0_EIP150...ok
   - ecmul_7827-6598_2_21000_96_d0g1v0_EIP158...ok
   - ecmul_7827-6598_2_21000_96_d0g1v0_Frontier...ok
   - ecmul_7827-6598_2_21000_96_d0g1v0_Homestead...ok
   - ecmul_7827-6598_5616_21000_96_d0g1v0_Byzantium...ok
   - ecmul_7827-6598_5616_21000_96_d0g1v0_EIP150...ok
   - ecmul_7827-6598_5616_21000_96_d0g1v0_EIP158...ok
   - ecmul_7827-6598_5616_21000_96_d0g1v0_Frontier...ok
   - ecmul_7827-6598_5616_21000_96_d0g1v0_Homestead...ok
   - pointAddTrunc_d7g2v0_Byzantium...ok
   - pointAddTrunc_d7g2v0_EIP150...ok
   - pointAddTrunc_d7g2v0_EIP158...ok
   - pointAddTrunc_d7g2v0_Frontier...ok
   - pointAddTrunc_d7g2v0_Homestead...ok
   - ecpairing_two_points_with_one_g2_zero_d0g1v0_Byzantium...ok
   - ecpairing_two_points_with_one_g2_zero_d0g1v0_EIP150...ok
   - ecpairing_two_points_with_one_g2_zero_d0g1v0_EIP158...ok
   - ecpairing_two_points_with_one_g2_zero_d0g1v0_Frontier...ok
   - ecpairing_two_points_with_one_g2_zero_d0g1v0_Homestead...ok
   - pairingTest_d4g0v0_Byzantium...ok
   - pairingTest_d4g0v0_EIP150...ok
   - pairingTest_d4g0v0_EIP158...ok
   - pairingTest_d4g0v0_Frontier...ok
   - pairingTest_d4g0v0_Homestead...ok
   - ecmul_0-3_1_21000_96_d0g1v0_Byzantium...ok
   - ecmul_0-3_1_21000_96_d0g1v0_EIP150...ok
   - ecmul_0-3_1_21000_96_d0g1v0_EIP158...ok
   - ecmul_0-3_1_21000_96_d0g1v0_Frontier...ok
   - ecmul_0-3_1_21000_96_d0g1v0_Homestead...ok
   - ecmul_1-3_5617_21000_96_d0g0v0_Byzantium...ok
   - ecmul_1-3_5617_21000_96_d0g0v0_EIP150...ok
   - ecmul_1-3_5617_21000_96_d0g0v0_EIP158...ok
   - ecmul_1-3_5617_21000_96_d0g0v0_Frontier...ok
   - ecmul_1-3_5617_21000_96_d0g0v0_Homestead...ok
   - ecmul_0-0_5617_21000_128_d0g0v0_Byzantium...ok
   - ecmul_0-0_5617_21000_128_d0g0v0_EIP150...ok
   - ecmul_0-0_5617_21000_128_d0g0v0_EIP158...ok
   - ecmul_0-0_5617_21000_128_d0g0v0_Frontier...ok
   - ecmul_0-0_5617_21000_128_d0g0v0_Homestead...ok
   - ecmul_7827-6598_1456_21000_128_d0g0v0_Byzantium...ok
   - ecmul_7827-6598_1456_21000_128_d0g0v0_EIP150...ok
   - ecmul_7827-6598_1456_21000_128_d0g0v0_EIP158...ok
   - ecmul_7827-6598_1456_21000_128_d0g0v0_Frontier...ok
   - ecmul_7827-6598_1456_21000_128_d0g0v0_Homestead...ok
   - pointMulAdd2_d16g0v0_Byzantium...ok
   - pointMulAdd2_d16g0v0_EIP150...ok
   - pointMulAdd2_d16g0v0_EIP158...ok
   - pointMulAdd2_d16g0v0_Frontier...ok
   - pointMulAdd2_d16g0v0_Homestead...ok
   - ecmul_0-3_340282366920938463463374607431768211456_21000_80_d0g1v0_Byzantium...ok
   - ecmul_0-3_340282366920938463463374607431768211456_21000_80_d0g1v0_EIP150...ok
   - ecmul_0-3_340282366920938463463374607431768211456_21000_80_d0g1v0_EIP158...ok
   - ecmul_0-3_340282366920938463463374607431768211456_21000_80_d0g1v0_Frontier...ok
   - ecmul_0-3_340282366920938463463374607431768211456_21000_80_d0g1v0_Homestead...ok
   - ecmul_7827-6598_1_21000_96_d0g2v0_Byzantium...ok
   - ecmul_7827-6598_1_21000_96_d0g2v0_EIP150...ok
   - ecmul_7827-6598_1_21000_96_d0g2v0_EIP158...ok
   - ecmul_7827-6598_1_21000_96_d0g2v0_Frontier...ok
   - ecmul_7827-6598_1_21000_96_d0g2v0_Homestead...ok
   - pointMulAdd2_d13g1v0_Byzantium...ok
   - pointMulAdd2_d13g1v0_EIP150...ok
   - pointMulAdd2_d13g1v0_EIP158...ok
   - pointMulAdd2_d13g1v0_Frontier...ok
   - pointMulAdd2_d13g1v0_Homestead...ok
   - ecmul_7827-6598_0_28000_80_d0g1v0_Byzantium...ok
   - ecmul_7827-6598_0_28000_80_d0g1v0_EIP150...ok
   - ecmul_7827-6598_0_28000_80_d0g1v0_EIP158...ok
   - ecmul_7827-6598_0_28000_80_d0g1v0_Frontier...ok
   - ecmul_7827-6598_0_28000_80_d0g1v0_Homestead...ok
   - ecmul_0-0_0_21000_64_d0g1v0_Byzantium...ok
   - ecmul_0-0_0_21000_64_d0g1v0_EIP150...ok
   - ecmul_0-0_0_21000_64_d0g1v0_EIP158...ok
   - ecmul_0-0_0_21000_64_d0g1v0_Frontier...ok
   - ecmul_0-0_0_21000_64_d0g1v0_Homestead...ok
   - ecmul_1-3_2_21000_96_d0g2v0_Byzantium...ok
   - ecmul_1-3_2_21000_96_d0g2v0_EIP150...ok
   - ecmul_1-3_2_21000_96_d0g2v0_EIP158...ok
   - ecmul_1-3_2_21000_96_d0g2v0_Frontier...ok
   - ecmul_1-3_2_21000_96_d0g2v0_Homestead...ok
   - pairingTest_d0g2v0_Byzantium...ok
   - pairingTest_d0g2v0_EIP150...ok
   - pairingTest_d0g2v0_EIP158...ok
   - pairingTest_d0g2v0_Frontier...ok
   - pairingTest_d0g2v0_Homestead...ok
   - ecmul_1-2_2_28000_128_d0g0v0_Byzantium...ok
   - ecmul_1-2_2_28000_128_d0g0v0_EIP150...ok
   - ecmul_1-2_2_28000_128_d0g0v0_EIP158...ok
   - ecmul_1-2_2_28000_128_d0g0v0_Frontier...ok
   - ecmul_1-2_2_28000_128_d0g0v0_Homestead...ok
   - ecmul_0-0_340282366920938463463374607431768211456_21000_96_d0g2v0_Byzantium...ok
   - ecmul_0-0_340282366920938463463374607431768211456_21000_96_d0g2v0_EIP150...ok
   - ecmul_0-0_340282366920938463463374607431768211456_21000_96_d0g2v0_EIP158...ok
   - ecmul_0-0_340282366920938463463374607431768211456_21000_96_d0g2v0_Frontier...ok
   - ecmul_0-0_340282366920938463463374607431768211456_21000_96_d0g2v0_Homestead...ok
   - ecmul_0-0_340282366920938463463374607431768211456_28000_80_d0g1v0_Byzantium...ok
   - ecmul_0-0_340282366920938463463374607431768211456_28000_80_d0g1v0_EIP150...ok
   - ecmul_0-0_340282366920938463463374607431768211456_28000_80_d0g1v0_EIP158...ok
   - ecmul_0-0_340282366920938463463374607431768211456_28000_80_d0g1v0_Frontier...ok
   - ecmul_0-0_340282366920938463463374607431768211456_28000_80_d0g1v0_Homestead...ok
   - ecpairing_perturb_zeropoint_by_one_d0g3v0_Byzantium...ok
   - ecpairing_perturb_zeropoint_by_one_d0g3v0_EIP150...ok
   - ecpairing_perturb_zeropoint_by_one_d0g3v0_EIP158...ok
   - ecpairing_perturb_zeropoint_by_one_d0g3v0_Frontier...ok
   - ecpairing_perturb_zeropoint_by_one_d0g3v0_Homestead...ok
   - ecpairing_perturb_zeropoint_by_one_d0g2v0_Byzantium...ok
   - ecpairing_perturb_zeropoint_by_one_d0g2v0_EIP150...ok
   - ecpairing_perturb_zeropoint_by_one_d0g2v0_EIP158...ok
   - ecpairing_perturb_zeropoint_by_one_d0g2v0_Frontier...ok
   - ecpairing_perturb_zeropoint_by_one_d0g2v0_Homestead...ok
   - ecmul_0-3_0_21000_64_d0g2v0_Byzantium...ok
   - ecmul_0-3_0_21000_64_d0g2v0_EIP150...ok
   - ecmul_0-3_0_21000_64_d0g2v0_EIP158...ok
   - ecmul_0-3_0_21000_64_d0g2v0_Frontier...ok
   - ecmul_0-3_0_21000_64_d0g2v0_Homestead...ok
   - ecadd_0-0_0-0_21000_192_d0g3v0_Byzantium...ok
   - ecadd_0-0_0-0_21000_192_d0g3v0_EIP150...ok
   - ecadd_0-0_0-0_21000_192_d0g3v0_EIP158...ok
   - ecadd_0-0_0-0_21000_192_d0g3v0_Frontier...ok
   - ecadd_0-0_0-0_21000_192_d0g3v0_Homestead...ok
   - ecmul_0-3_2_21000_96_d0g1v0_Byzantium...ok
   - ecmul_0-3_2_21000_96_d0g1v0_EIP150...ok
   - ecmul_0-3_2_21000_96_d0g1v0_EIP158...ok
   - ecmul_0-3_2_21000_96_d0g1v0_Frontier...ok
   - ecmul_0-3_2_21000_96_d0g1v0_Homestead...ok
   - ecmul_1-3_9935_21000_128_d0g1v0_Byzantium...ok
   - ecmul_1-3_9935_21000_128_d0g1v0_EIP150...ok
   - ecmul_1-3_9935_21000_128_d0g1v0_EIP158...ok
   - ecmul_1-3_9935_21000_128_d0g1v0_Frontier...ok
   - ecmul_1-3_9935_21000_128_d0g1v0_Homestead...ok
   - ecmul_0-0_340282366920938463463374607431768211456_28000_80_d0g0v0_Byzantium...   - static_Call50000_sha256 | Byzantium (1/2) ... ok
ok
   - ecmul_0-0_340282366920938463463374607431768211456_28000_80_d0g0v0_EIP150...ok
   - ecmul_0-0_340282366920938463463374607431768211456_28000_80_d0g0v0_EIP158...ok
   - ecmul_0-0_340282366920938463463374607431768211456_28000_80_d0g0v0_Frontier...ok
   - ecmul_0-0_340282366920938463463374607431768211456_28000_80_d0g0v0_Homestead...ok
   - ecmul_1-2_9_21000_96_d0g2v0_Byzantium...ok
   - ecmul_1-2_9_21000_96_d0g2v0_EIP150...ok
   - ecmul_1-2_9_21000_96_d0g2v0_EIP158...ok
   - ecmul_1-2_9_21000_96_d0g2v0_Frontier...ok
   - ecmul_1-2_9_21000_96_d0g2v0_Homestead...ok
   - ecmul_7827-6598_0_21000_64_d0g2v0_Byzantium...ok
   - ecmul_7827-6598_0_21000_64_d0g2v0_EIP150...ok
   - ecmul_7827-6598_0_21000_64_d0g2v0_EIP158...ok
   - ecmul_7827-6598_0_21000_64_d0g2v0_Frontier...ok
   - ecmul_7827-6598_0_21000_64_d0g2v0_Homestead...ok
   - pointMulAdd2_d36g0v0_Byzantium...ok
   - pointMulAdd2_d36g0v0_EIP150...ok
   - pointMulAdd2_d36g0v0_EIP158...ok
   - pointMulAdd2_d36g0v0_Frontier...ok
   - pointMulAdd2_d36g0v0_Homestead...ok
   - ecmul_7827-6598_0_21000_96_d0g2v0_Byzantium...ok
   - ecmul_7827-6598_0_21000_96_d0g2v0_EIP150...ok
   - ecmul_7827-6598_0_21000_96_d0g2v0_EIP158...ok
   - ecmul_7827-6598_0_21000_96_d0g2v0_Frontier...ok
   - ecmul_7827-6598_0_21000_96_d0g2v0_Homestead...ok
   - pointMulAdd2_d18g0v0_Byzantium...ok
   - pointMulAdd2_d18g0v0_EIP150...ok
   - pointMulAdd2_d18g0v0_EIP158...ok
   - pointMulAdd2_d18g0v0_Frontier...ok
   - pointMulAdd2_d18g0v0_Homestead...ok
   - ecmul_0-0_9935_21000_96_d0g1v0_Byzantium...ok
   - ecmul_0-0_9935_21000_96_d0g1v0_EIP150...ok
   - ecmul_0-0_9935_21000_96_d0g1v0_EIP158...ok
   - ecmul_0-0_9935_21000_96_d0g1v0_Frontier...ok
   - ecmul_0-0_9935_21000_96_d0g1v0_Homestead...ok
   - ecadd_0-0_0-0_25000_64_d0g3v0_Byzantium...ok
   - ecadd_0-0_0-0_25000_64_d0g3v0_EIP150...ok
   - ecadd_0-0_0-0_25000_64_d0g3v0_EIP158...ok
   - ecadd_0-0_0-0_25000_64_d0g3v0_Frontier...ok
   - ecadd_0-0_0-0_25000_64_d0g3v0_Homestead...ok
   - ecpairing_two_point_match_4_d0g0v0_Byzantium...ok
   - ecpairing_two_point_match_4_d0g0v0_EIP150...ok
   - ecpairing_two_point_match_4_d0g0v0_EIP158...ok
   - ecpairing_two_point_match_4_d0g0v0_Frontier...ok
   - ecpairing_two_point_match_4_d0g0v0_Homestead...ok
   - pointMulAdd2_d32g1v0_Byzantium...ok
   - pointMulAdd2_d32g1v0_EIP150...ok
   - pointMulAdd2_d32g1v0_EIP158...ok
   - pointMulAdd2_d32g1v0_Frontier...ok
   - pointMulAdd2_d32g1v0_Homestead...ok
   - pointAdd_d6g1v0_Byzantium...ok
   - pointAdd_d6g1v0_EIP150...ok
   - pointAdd_d6g1v0_EIP158...ok
   - pointAdd_d6g1v0_Frontier...ok
   - pointAdd_d6g1v0_Homestead...ok
   - ecmul_0-0_340282366920938463463374607431768211456_21000_96_d0g0v0_Byzantium...ok
   - ecmul_0-0_340282366920938463463374607431768211456_21000_96_d0g0v0_EIP150...ok
   - ecmul_0-0_340282366920938463463374607431768211456_21000_96_d0g0v0_EIP158...ok
   - ecmul_0-0_340282366920938463463374607431768211456_21000_96_d0g0v0_Frontier...ok
   - ecmul_0-0_340282366920938463463374607431768211456_21000_96_d0g0v0_Homestead...ok
   - pointMulAdd_d3g2v0_Byzantium...ok
   - pointMulAdd_d3g2v0_EIP150...ok
   - pointMulAdd_d3g2v0_EIP158...ok
   - pointMulAdd_d3g2v0_Frontier...ok
   - pointMulAdd_d3g2v0_Homestead...ok
   - ecmul_1-2_5616_21000_96_d0g3v0_Byzantium...ok
   - ecmul_1-2_5616_21000_96_d0g3v0_EIP150...ok
   - ecmul_1-2_5616_21000_96_d0g3v0_EIP158...ok
   - ecmul_1-2_5616_21000_96_d0g3v0_Frontier...ok
   - ecmul_1-2_5616_21000_96_d0g3v0_Homestead...ok
   - ecmul_7827-6598_9_21000_96_d0g2v0_Byzantium...ok
   - ecmul_7827-6598_9_21000_96_d0g2v0_EIP150...ok
   - ecmul_7827-6598_9_21000_96_d0g2v0_EIP158...ok
   - ecmul_7827-6598_9_21000_96_d0g2v0_Frontier...ok
   - ecmul_7827-6598_9_21000_96_d0g2v0_Homestead...ok
   - pointMulAdd_d8g0v0_Byzantium...ok
   - pointMulAdd_d8g0v0_EIP150...ok
   - pointMulAdd_d8g0v0_EIP158...ok
   - pointMulAdd_d8g0v0_Frontier...ok
   - pointMulAdd_d8g0v0_Homestead...ok
   - ecmul_7827-6598_5616_28000_96_d0g2v0_Byzantium...ok
   - ecmul_7827-6598_5616_28000_96_d0g2v0_EIP150...ok
   - ecmul_7827-6598_5616_28000_96_d0g2v0_EIP158...ok
   - ecmul_7827-6598_5616_28000_96_d0g2v0_Frontier...ok
   - ecmul_7827-6598_5616_28000_96_d0g2v0_Homestead...ok
   - ecmul_0-3_5617_21000_96_d0g1v0_Byzantium...ok
   - ecmul_0-3_5617_21000_96_d0g1v0_EIP150...ok
   - ecmul_0-3_5617_21000_96_d0g1v0_EIP158...ok
   - ecmul_0-3_5617_21000_96_d0g1v0_Frontier...ok
   - ecmul_0-3_5617_21000_96_d0g1v0_Homestead...ok
   - pointMulAdd2_d16g1v0_Byzantium...ok
   - pointMulAdd2_d16g1v0_EIP150...ok
   - pointMulAdd2_d16g1v0_EIP158...ok
   - pointMulAdd2_d16g1v0_Frontier...ok
   - pointMulAdd2_d16g1v0_Homestead...ok
   - ecmul_1-2_340282366920938463463374607431768211456_28000_96_d0g1v0_Byzantium...ok
   - ecmul_1-2_340282366920938463463374607431768211456_28000_96_d0g1v0_EIP150...ok
   - ecmul_1-2_340282366920938463463374607431768211456_28000_96_d0g1v0_EIP158...ok
   - ecmul_1-2_340282366920938463463374607431768211456_28000_96_d0g1v0_Frontier...ok
   - ecmul_1-2_340282366920938463463374607431768211456_28000_96_d0g1v0_Homestead...ok
   - ecmul_0-0_0_21000_64_d0g2v0_Byzantium...ok
   - ecmul_0-0_0_21000_64_d0g2v0_EIP150...ok
   - ecmul_0-0_0_21000_64_d0g2v0_EIP158...ok
   - ecmul_0-0_0_21000_64_d0g2v0_Frontier...ok
   - ecmul_0-0_0_21000_64_d0g2v0_Homestead...ok
   - ecmul_0-0_9_21000_96_d0g2v0_Byzantium...ok
   - ecmul_0-0_9_21000_96_d0g2v0_EIP150...ok
   - ecmul_0-0_9_21000_96_d0g2v0_EIP158...ok
   - ecmul_0-0_9_21000_96_d0g2v0_Frontier...ok
   - ecmul_0-0_9_21000_96_d0g2v0_Homestead...ok
   - ecpairing_perturb_g2_by_field_modulus_again_d0g2v0_Byzantium...ok
   - ecpairing_perturb_g2_by_field_modulus_again_d0g2v0_EIP150...ok
   - ecpairing_perturb_g2_by_field_modulus_again_d0g2v0_EIP158...ok
   - ecpairing_perturb_g2_by_field_modulus_again_d0g2v0_Frontier...ok
   - ecpairing_perturb_g2_by_field_modulus_again_d0g2v0_Homestead...ok
   - ecmul_0-0_0_28000_64_d0g0v0_Byzantium...ok
   - ecmul_0-0_0_28000_64_d0g0v0_EIP150...ok
   - ecmul_0-0_0_28000_64_d0g0v0_EIP158...ok
   - ecmul_0-0_0_28000_64_d0g0v0_Frontier...ok
   - ecmul_0-0_0_28000_64_d0g0v0_Homestead...ok
   - ecmul_0-0_9935_28000_128_d0g2v0_Byzantium...ok
   - ecmul_0-0_9935_28000_128_d0g2v0_EIP150...ok
   - ecmul_0-0_9935_28000_128_d0g2v0_EIP158...ok
   - ecmul_0-0_9935_28000_128_d0g2v0_Frontier...ok
   - ecmul_0-0_9935_28000_128_d0g2v0_Homestead...ok
   - pointAddTrunc_d0g2v0_Byzantium...ok
   - pointAddTrunc_d0g2v0_EIP150...ok
   - pointAddTrunc_d0g2v0_EIP158...ok
   - pointAddTrunc_d0g2v0_Frontier...ok
   - pointAddTrunc_d0g2v0_Homestead...ok
   - ecmul_7827-6598_0_28000_96_d0g3v0_Byzantium...ok
   - ecmul_7827-6598_0_28000_96_d0g3v0_EIP150...ok
   - ecmul_7827-6598_0_28000_96_d0g3v0_EIP158...ok
   - ecmul_7827-6598_0_28000_96_d0g3v0_Frontier...ok
   - ecmul_7827-6598_0_28000_96_d0g3v0_Homestead...ok
   - ecmul_1-2_2_21000_96_d0g0v0_Byzantium...ok
   - ecmul_1-2_2_21000_96_d0g0v0_EIP150...ok
   - ecmul_1-2_2_21000_96_d0g0v0_EIP158...ok
   - ecmul_1-2_2_21000_96_d0g0v0_Frontier...ok
   - ecmul_1-2_2_21000_96_d0g0v0_Homestead...ok
   - pointMulAdd_d1g1v0_Byzantium...ok
   - pointMulAdd_d1g1v0_EIP150...ok
   - pointMulAdd_d1g1v0_EIP158...ok
   - pointMulAdd_d1g1v0_Frontier...ok
   - pointMulAdd_d1g1v0_Homestead...ok
   - ecmul_1-3_5616_21000_128_d0g3v0_Byzantium...ok
   - ecmul_1-3_5616_21000_128_d0g3v0_EIP150...ok
   - ecmul_1-3_5616_21000_128_d0g3v0_EIP158...ok
   - ecmul_1-3_5616_21000_128_d0g3v0_Frontier...ok
   - ecmul_1-3_5616_21000_128_d0g3v0_Homestead...ok
   - pointMulAdd_d4g1v0_Byzantium...ok
   - pointMulAdd_d4g1v0_EIP150...ok
   - pointMulAdd_d4g1v0_EIP158...ok
   - pointMulAdd_d4g1v0_Frontier...ok
   - pointMulAdd_d4g1v0_Homestead...ok
   - ecadd_0-0_1-2_25000_192_d0g2v0_Byzantium...ok
   - ecadd_0-0_1-2_25000_192_d0g2v0_EIP150...ok
   - ecadd_0-0_1-2_25000_192_d0g2v0_EIP158...ok
   - ecadd_0-0_1-2_25000_192_d0g2v0_Frontier...ok
   - ecadd_0-0_1-2_25000_192_d0g2v0_Homestead...ok
   - ecmul_0-3_5617_28000_128_d0g1v0_Byzantium...ok
   - ecmul_0-3_5617_28000_128_d0g1v0_EIP150...ok
   - ecmul_0-3_5617_28000_128_d0g1v0_EIP158...ok
   - ecmul_0-3_5617_28000_128_d0g1v0_Frontier...ok
   - ecmul_0-3_5617_28000_128_d0g1v0_Homestead...ok
   - pointMulAdd2_d36g3v0_Byzantium...ok
   - pointMulAdd2_d36g3v0_EIP150...ok
   - pointMulAdd2_d36g3v0_EIP158...ok
   - pointMulAdd2_d36g3v0_Frontier...ok
   - pointMulAdd2_d36g3v0_Homestead...ok
   - ecpairing_two_point_fail_1_d0g2v0_Byzantium...ok
   - ecpairing_two_point_fail_1_d0g2v0_EIP150...ok
   - ecpairing_two_point_fail_1_d0g2v0_EIP158...ok
   - ecpairing_two_point_fail_1_d0g2v0_Frontier...ok
   - ecpairing_two_point_fail_1_d0g2v0_Homestead...ok
   - ecmul_7827-6598_5617_21000_96_d0g0v0_Byzantium...ok
   - ecmul_7827-6598_5617_21000_96_d0g0v0_EIP150...ok
   - ecmul_7827-6598_5617_21000_96_d0g0v0_EIP158...ok
   - ecmul_7827-6598_5617_21000_96_d0g0v0_Frontier...ok
   - ecmul_7827-6598_5617_21000_96_d0g0v0_Homestead...ok
   - ecmul_0-0_0_28000_80_d0g3v0_Byzantium...ok
   - ecmul_0-0_0_28000_80_d0g3v0_EIP150...ok
   - ecmul_0-0_0_28000_80_d0g3v0_EIP158...ok
   - ecmul_0-0_0_28000_80_d0g3v0_Frontier...ok
   - ecmul_0-0_0_28000_80_d0g3v0_Homestead...ok
   - ecmul_1-2_2_21000_128_d0g1v0_Byzantium...ok
   - ecmul_1-2_2_21000_128_d0g1v0_EIP150...ok
   - ecmul_1-2_2_21000_128_d0g1v0_EIP158...ok
   - ecmul_1-2_2_21000_128_d0g1v0_Frontier...ok
   - ecmul_1-2_2_21000_128_d0g1v0_Homestead...ok
   - ecmul_1-3_340282366920938463463374607431768211456_28000_96_d0g3v0_Byzantium...ok
   - ecmul_1-3_340282366920938463463374607431768211456_28000_96_d0g3v0_EIP150...ok
   - ecmul_1-3_340282366920938463463374607431768211456_28000_96_d0g3v0_EIP158...ok
   - ecmul_1-3_340282366920938463463374607431768211456_28000_96_d0g3v0_Frontier...ok
   - ecmul_1-3_340282366920938463463374607431768211456_28000_96_d0g3v0_Homestead...ok
   - ecmul_0-3_9935_21000_128_d0g1v0_Byzantium...ok
   - ecmul_0-3_9935_21000_128_d0g1v0_EIP150...ok
   - ecmul_0-3_9935_21000_128_d0g1v0_EIP158...ok
   - ecmul_0-3_9935_21000_128_d0g1v0_Frontier...ok
   - ecmul_0-3_9935_21000_128_d0g1v0_Homestead...ok
   - ecmul_1-3_340282366920938463463374607431768211456_28000_80_d0g3v0_Byzantium...ok
   - ecmul_1-3_340282366920938463463374607431768211456_28000_80_d0g3v0_EIP150...ok
   - ecmul_1-3_340282366920938463463374607431768211456_28000_80_d0g3v0_EIP158...ok
   - ecmul_1-3_340282366920938463463374607431768211456_28000_80_d0g3v0_Frontier...ok
   - ecmul_1-3_340282366920938463463374607431768211456_28000_80_d0g3v0_Homestead...ok
   - ecmul_0-0_0_21000_64_d0g3v0_Byzantium...ok
   - ecmul_0-0_0_21000_64_d0g3v0_EIP150...ok
   - ecmul_0-0_0_21000_64_d0g3v0_EIP158...ok
   - ecmul_0-0_0_21000_64_d0g3v0_Frontier...ok
   - ecmul_0-0_0_21000_64_d0g3v0_Homestead...ok
   - ecmul_1-2_1_28000_128_d0g1v0_Byzantium...ok
   - ecmul_1-2_1_28000_128_d0g1v0_EIP150...ok
   - ecmul_1-2_1_28000_128_d0g1v0_EIP158...ok
   - ecmul_1-2_1_28000_128_d0g1v0_Frontier...ok
   - ecmul_1-2_1_28000_128_d0g1v0_Homestead...ok
   - ecmul_0-3_0_21000_96_d0g2v0_Byzantium...ok
   - ecmul_0-3_0_21000_96_d0g2v0_EIP150...ok
   - ecmul_0-3_0_21000_96_d0g2v0_EIP158...ok
   - ecmul_0-3_0_21000_96_d0g2v0_Frontier...ok
   - ecmul_0-3_0_21000_96_d0g2v0_Homestead...ok
   - pointMulAdd2_d4g1v0_Byzantium...ok
   - pointMulAdd2_d4g1v0_EIP150...ok
   - pointMulAdd2_d4g1v0_EIP158...ok
   - pointMulAdd2_d4g1v0_Frontier...ok
   - pointMulAdd2_d4g1v0_Homestead...ok
   - pointAdd_d3g3v0_Byzantium...ok
   - pointAdd_d3g3v0_EIP150...ok
   - pointAdd_d3g3v0_EIP158...ok
   - pointAdd_d3g3v0_Frontier...ok
   - pointAdd_d3g3v0_Homestead...ok
   - pointAdd_d0g3v0_Byzantium...ok
   - pointAdd_d0g3v0_EIP150...ok
   - pointAdd_d0g3v0_EIP158...ok
   - pointAdd_d0g3v0_Frontier...ok
   - pointAdd_d0g3v0_Homestead...ok
   - ecmul_7827-6598_2_21000_128_d0g1v0_Byzantium...ok
   - ecmul_7827-6598_2_21000_128_d0g1v0_EIP150...ok
   - ecmul_7827-6598_2_21000_128_d0g1v0_EIP158...ok
   - ecmul_7827-6598_2_21000_128_d0g1v0_Frontier...ok
   - ecmul_7827-6598_2_21000_128_d0g1v0_Homestead...ok
   - ecadd_1-2_1-2_21000_128_d0g1v0_Byzantium...ok
   - ecadd_1-2_1-2_21000_128_d0g1v0_EIP150...ok
   - ecadd_1-2_1-2_21000_128_d0g1v0_EIP158...ok
   - ecadd_1-2_1-2_21000_128_d0g1v0_Frontier...ok
   - ecadd_1-2_1-2_21000_128_d0g1v0_Homestead...ok
   - pairingTest_d5g2v0_Byzantium...ok
   - pairingTest_d5g2v0_EIP150...ok
   - pairingTest_d5g2v0_EIP158...ok
   - pairingTest_d5g2v0_Frontier...ok
   - pairingTest_d5g2v0_Homestead...ok
   - ecmul_1-3_9_28000_128_d0g0v0_Byzantium...ok
   - ecmul_1-3_9_28000_128_d0g0v0_EIP150...ok
   - ecmul_1-3_9_28000_128_d0g0v0_EIP158...ok
   - ecmul_1-3_9_28000_128_d0g0v0_Frontier...ok
   - ecmul_1-3_9_28000_128_d0g0v0_Homestead...ok
   - ecmul_0-0_0_28000_40_d0g0v0_Byzantium...ok
   - ecmul_0-0_0_28000_40_d0g0v0_EIP150...ok
   - ecmul_0-0_0_28000_40_d0g0v0_EIP158...ok
   - ecmul_0-0_0_28000_40_d0g0v0_Frontier...ok
   - ecmul_0-0_0_28000_40_d0g0v0_Homestead...ok
   - ecmul_0-3_2_28000_96_d0g2v0_Byzantium...ok
   - ecmul_0-3_2_28000_96_d0g2v0_EIP150...ok
   - ecmul_0-3_2_28000_96_d0g2v0_EIP158...ok
   - ecmul_0-3_2_28000_96_d0g2v0_Frontier...ok
   - ecmul_0-3_2_28000_96_d0g2v0_Homestead...ok
   - ecmul_0-0_1_28000_128_d0g2v0_Byzantium...ok
   - ecmul_0-0_1_28000_128_d0g2v0_EIP150...ok
   - ecmul_0-0_1_28000_128_d0g2v0_EIP158...ok
   - ecmul_0-0_1_28000_128_d0g2v0_Frontier...ok
   - ecmul_0-0_1_28000_128_d0g2v0_Homestead...ok
   - pointMulAdd2_d35g3v0_Byzantium...ok
   - pointMulAdd2_d35g3v0_EIP150...ok
   - pointMulAdd2_d35g3v0_EIP158...ok
   - pointMulAdd2_d35g3v0_Frontier...ok
   - pointMulAdd2_d35g3v0_Homestead...ok
   - ecmul_7827-6598_1456_28000_96_d0g1v0_Byzantium...ok
   - ecmul_7827-6598_1456_28000_96_d0g1v0_EIP150...ok
   - ecmul_7827-6598_1456_28000_96_d0g1v0_EIP158...ok
   - ecmul_7827-6598_1456_28000_96_d0g1v0_Frontier...ok
   - ecmul_7827-6598_1456_28000_96_d0g1v0_Homestead...ok
   - ecmul_1-2_9935_28000_128_d0g1v0_Byzantium...ok
   - ecmul_1-2_9935_28000_128_d0g1v0_EIP150...ok
   - ecmul_1-2_9935_28000_128_d0g1v0_EIP158...ok
   - ecmul_1-2_9935_28000_128_d0g1v0_Frontier...ok
   - ecmul_1-2_9935_28000_128_d0g1v0_Homestead...ok
   - ecadd_0-0_0-0_25000_128_d0g1v0_Byzantium...ok
   - ecadd_0-0_0-0_25000_128_d0g1v0_EIP150...ok
   - ecadd_0-0_0-0_25000_128_d0g1v0_EIP158...ok
   - ecadd_0-0_0-0_25000_128_d0g1v0_Frontier...ok
   - ecadd_0-0_0-0_25000_128_d0g1v0_Homestead...ok
   - ecmul_1-3_5617_21000_128_d0g0v0_Byzantium...ok
   - ecmul_1-3_5617_21000_128_d0g0v0_EIP150...ok
   - ecmul_1-3_5617_21000_128_d0g0v0_EIP158...ok
   - ecmul_1-3_5617_21000_128_d0g0v0_Frontier...ok
   - ecmul_1-3_5617_21000_128_d0g0v0_Homestead...ok
   - ecmul_1-2_0_28000_96_d0g3v0_Byzantium...ok
   - ecmul_1-2_0_28000_96_d0g3v0_EIP150...ok
   - ecmul_1-2_0_28000_96_d0g3v0_EIP158...ok
   - ecmul_1-2_0_28000_96_d0g3v0_Frontier...ok
   - ecmul_1-2_0_28000_96_d0g3v0_Homestead...ok
   - ecmul_1-3_340282366920938463463374607431768211456_21000_80_d0g2v0_Byzantium...ok
   - ecmul_1-3_340282366920938463463374607431768211456_21000_80_d0g2v0_EIP150...ok
   - ecmul_1-3_340282366920938463463374607431768211456_21000_80_d0g2v0_EIP158...ok
   - ecmul_1-3_340282366920938463463374607431768211456_21000_80_d0g2v0_Frontier...ok
   - ecmul_1-3_340282366920938463463374607431768211456_21000_80_d0g2v0_Homestead...ok
   - ecmul_7827-6598_1_28000_128_d0g2v0_Byzantium...ok
   - ecmul_7827-6598_1_28000_128_d0g2v0_EIP150...ok
   - ecmul_7827-6598_1_28000_128_d0g2v0_EIP158...ok
   - ecmul_7827-6598_1_28000_128_d0g2v0_Frontier...ok
   - ecmul_7827-6598_1_28000_128_d0g2v0_Homestead...ok
   - ecmul_0-3_0_21000_64_d0g3v0_Byzantium...ok
   - ecmul_0-3_0_21000_64_d0g3v0_EIP150...ok
   - ecmul_0-3_0_21000_64_d0g3v0_EIP158...ok
   - ecmul_0-3_0_21000_64_d0g3v0_Frontier...ok
   - ecmul_0-3_0_21000_64_d0g3v0_Homestead...ok
   - ecadd_0-0_0-0_21000_128_d0g3v0_Byzantium...ok
   - ecadd_0-0_0-0_21000_128_d0g3v0_EIP150...ok
   - ecadd_0-0_0-0_21000_128_d0g3v0_EIP158...ok
   - ecadd_0-0_0-0_21000_128_d0g3v0_Frontier...ok
   - ecadd_0-0_0-0_21000_128_d0g3v0_Homestead...ok
   - ecmul_0-0_2_28000_96_d0g0v0_Byzantium...ok
   - ecmul_0-0_2_28000_96_d0g0v0_EIP150...ok
   - ecmul_0-0_2_28000_96_d0g0v0_EIP158...ok
   - ecmul_0-0_2_28000_96_d0g0v0_Frontier...ok
   - ecmul_0-0_2_28000_96_d0g0v0_Homestead...ok
   - ecmul_0-0_9935_21000_96_d0g2v0_Byzantium...ok
   - ecmul_0-0_9935_21000_96_d0g2v0_EIP150...ok
   - ecmul_0-0_9935_21000_96_d0g2v0_EIP158...ok
   - ecmul_0-0_9935_21000_96_d0g2v0_Frontier...ok
   - ecmul_0-0_9935_21000_96_d0g2v0_Homestead...ok
   - ecmul_1-3_340282366920938463463374607431768211456_21000_80_d0g3v0_Byzantium...ok
   - ecmul_1-3_340282366920938463463374607431768211456_21000_80_d0g3v0_EIP150...ok
   - ecmul_1-3_340282366920938463463374607431768211456_21000_80_d0g3v0_EIP158...ok
   - ecmul_1-3_340282366920938463463374607431768211456_21000_80_d0g3v0_Frontier...ok
   - ecmul_1-3_340282366920938463463374607431768211456_21000_80_d0g3v0_Homestead...ok
   - pointMulAdd2_d13g3v0_Byzantium...ok
   - pointMulAdd2_d13g3v0_EIP150...ok
   - pointMulAdd2_d13g3v0_EIP158...ok
   - pointMulAdd2_d13g3v0_Frontier...ok
   - pointMulAdd2_d13g3v0_Homestead...ok
   - ecmul_0-0_5616_21000_96_d0g0v0_Byzantium...ok
   - ecmul_0-0_5616_21000_96_d0g0v0_EIP150...ok
   - ecmul_0-0_5616_21000_96_d0g0v0_EIP158...ok
   - ecmul_0-0_5616_21000_96_d0g0v0_Frontier...ok
   - ecmul_0-0_5616_21000_96_d0g0v0_Homestead...ok
   - pointMulAdd2_d18g1v0_Byzantium...ok
   - pointMulAdd2_d18g1v0_EIP150...ok
   - pointMulAdd2_d18g1v0_EIP158...ok
   - pointMulAdd2_d18g1v0_Frontier...ok
   - pointMulAdd2_d18g1v0_Homestead...ok
   - ecmul_7827-6598_2_21000_96_d0g2v0_Byzantium...ok
   - ecmul_7827-6598_2_21000_96_d0g2v0_EIP150...ok
   - ecmul_7827-6598_2_21000_96_d0g2v0_EIP158...ok
   - ecmul_7827-6598_2_21000_96_d0g2v0_Frontier...ok
   - ecmul_7827-6598_2_21000_96_d0g2v0_Homestead...ok
   - pointMulAdd2_d34g0v0_Byzantium...ok
   - pointMulAdd2_d34g0v0_EIP150...ok
   - pointMulAdd2_d34g0v0_EIP158...ok
   - pointMulAdd2_d34g0v0_Frontier...ok
   - pointMulAdd2_d34g0v0_Homestead...ok
   - pointAdd_d4g3v0_Byzantium...ok
   - pointAdd_d4g3v0_EIP150...ok
   - pointAdd_d4g3v0_EIP158...ok
   - pointAdd_d4g3v0_Frontier...ok
   - pointAdd_d4g3v0_Homestead...ok
   - pointMulAdd2_d17g2v0_Byzantium...ok
   - pointMulAdd2_d17g2v0_EIP150...ok
   - pointMulAdd2_d17g2v0_EIP158...ok
   - pointMulAdd2_d17g2v0_Frontier...ok
   - pointMulAdd2_d17g2v0_Homestead...ok
   - ecmul_1-3_5617_21000_128_d0g1v0_Byzantium...ok
   - ecmul_1-3_5617_21000_128_d0g1v0_EIP150...ok
   - ecmul_1-3_5617_21000_128_d0g1v0_EIP158...ok
   - ecmul_1-3_5617_21000_128_d0g1v0_Frontier...ok
   - ecmul_1-3_5617_21000_128_d0g1v0_Homestead...ok
   - ecadd_0-0_1-2_21000_128_d0g3v0_Byzantium...ok
   - ecadd_0-0_1-2_21000_128_d0g3v0_EIP150...ok
   - ecadd_0-0_1-2_21000_128_d0g3v0_EIP158...ok
   - ecadd_0-0_1-2_21000_128_d0g3v0_Frontier...ok
   - ecadd_0-0_1-2_21000_128_d0g3v0_Homestead...ok
   - ecmul_7827-6598_1_28000_128_d0g0v0_Byzantium...ok
   - ecmul_7827-6598_1_28000_128_d0g0v0_EIP150...ok
   - ecmul_7827-6598_1_28000_128_d0g0v0_EIP158...ok
   - ecmul_7827-6598_1_28000_128_d0g0v0_Frontier...ok
   - ecmul_7827-6598_1_28000_128_d0g0v0_Homestead...ok
   - ecadd_0-0_1-2_21000_192_d0g1v0_Byzantium...ok
   - ecadd_0-0_1-2_21000_192_d0g1v0_EIP150...ok
   - ecadd_0-0_1-2_21000_192_d0g1v0_EIP158...ok
   - ecadd_0-0_1-2_21000_192_d0g1v0_Frontier...ok
   - ecadd_0-0_1-2_21000_192_d0g1v0_Homestead...ok
   - pointAdd_d5g2v0_Byzantium...ok
   - pointAdd_d5g2v0_EIP150...ok
   - pointAdd_d5g2v0_EIP158...ok
   - pointAdd_d5g2v0_Frontier...ok
   - pointAdd_d5g2v0_Homestead...ok
   - ecpairing_perturb_g2_by_field_modulus_d0g1v0_Byzantium...ok
   - ecpairing_perturb_g2_by_field_modulus_d0g1v0_EIP150...ok
   - ecpairing_perturb_g2_by_field_modulus_d0g1v0_EIP158...ok
   - ecpairing_perturb_g2_by_field_modulus_d0g1v0_Frontier...ok
   - ecpairing_perturb_g2_by_field_modulus_d0g1v0_Homestead...ok
   - ecadd_1-2_1-2_21000_192_d0g1v0_Byzantium...ok
   - ecadd_1-2_1-2_21000_192_d0g1v0_EIP150...ok
   - ecadd_1-2_1-2_21000_192_d0g1v0_EIP158...ok
   - ecadd_1-2_1-2_21000_192_d0g1v0_Frontier...ok
   - ecadd_1-2_1-2_21000_192_d0g1v0_Homestead...ok
   - pointAdd_d3g0v0_Byzantium...ok
   - pointAdd_d3g0v0_EIP150...ok
   - pointAdd_d3g0v0_EIP158...ok
   - pointAdd_d3g0v0_Frontier...   - static_Call50000_sha256 | Byzantium (2/2) ... ok
   - static_CallRecursiveBomb0_OOG_atMaxCallDepth | EIP150 (1/1) ... ok
   - static_CallRecursiveBomb0_OOG_atMaxCallDepth | EIP158 (1/1) ... ok
   - static_CallRecursiveBomb0_OOG_atMaxCallDepth | Frontier (1/1) ... ok
   - static_CallRecursiveBomb0_OOG_atMaxCallDepth | Homestead (1/1) ... ok
ok
   - pointAdd_d3g0v0_Homestead...   - static_CallRecursiveBomb0_OOG_atMaxCallDepth | Byzantium (1/1) ... ok
   - static_callcodecall_10_OOGE | EIP150 (1/2) ... ok
   - static_callcodecall_10_OOGE | EIP150 (2/2) ... ok
   - static_callcodecall_10_OOGE | EIP158 (1/2) ... ok
   - static_callcodecall_10_OOGE | EIP158 (2/2) ... ok
   - static_callcodecall_10_OOGE | Frontier (1/2) ... ok
   - static_callcodecall_10_OOGE | Frontier (2/2) ... ok
   - static_callcodecall_10_OOGE | Homestead (1/2) ... ok
   - static_callcodecall_10_OOGE | Homestead (2/2) ... ok
   - static_callcodecall_10_OOGE | Byzantium (1/2) ... ok
   - static_callcodecall_10_OOGE | Byzantium (2/2) ... ok
test json_tests::state::state_tests::GeneralStateTest_stStaticCall ... ok
ok
   - pointMulAdd2_d21g0v0_Byzantium...ok
   - pointMulAdd2_d21g0v0_EIP150...ok
   - pointMulAdd2_d21g0v0_EIP158...ok
   - pointMulAdd2_d21g0v0_Frontier...ok
   - pointMulAdd2_d21g0v0_Homestead...ok
   - pointMulAdd2_d21g1v0_Byzantium...ok
   - pointMulAdd2_d21g1v0_EIP150...ok
   - pointMulAdd2_d21g1v0_EIP158...ok
   - pointMulAdd2_d21g1v0_Frontier...ok
   - pointMulAdd2_d21g1v0_Homestead...ok
   - ecmul_1-3_0_21000_80_d0g2v0_Byzantium...ok
   - ecmul_1-3_0_21000_80_d0g2v0_EIP150...ok
   - ecmul_1-3_0_21000_80_d0g2v0_EIP158...ok
   - ecmul_1-3_0_21000_80_d0g2v0_Frontier...ok
   - ecmul_1-3_0_21000_80_d0g2v0_Homestead...ok
   - ecmul_7827-6598_5617_21000_128_d0g1v0_Byzantium...ok
   - ecmul_7827-6598_5617_21000_128_d0g1v0_EIP150...ok
   - ecmul_7827-6598_5617_21000_128_d0g1v0_EIP158...ok
   - ecmul_7827-6598_5617_21000_128_d0g1v0_Frontier...ok
   - ecmul_7827-6598_5617_21000_128_d0g1v0_Homestead...ok
   - ecmul_7827-6598_9_21000_128_d0g0v0_Byzantium...ok
   - ecmul_7827-6598_9_21000_128_d0g0v0_EIP150...ok
   - ecmul_7827-6598_9_21000_128_d0g0v0_EIP158...ok
   - ecmul_7827-6598_9_21000_128_d0g0v0_Frontier...ok
   - ecmul_7827-6598_9_21000_128_d0g0v0_Homestead...ok
   - ecmul_1-2_1_21000_96_d0g2v0_Byzantium...ok
   - ecmul_1-2_1_21000_96_d0g2v0_EIP150...ok
   - ecmul_1-2_1_21000_96_d0g2v0_EIP158...ok
   - ecmul_1-2_1_21000_96_d0g2v0_Frontier...ok
   - ecmul_1-2_1_21000_96_d0g2v0_Homestead...ok
   - pointMulAdd2_d28g3v0_Byzantium...ok
   - pointMulAdd2_d28g3v0_EIP150...ok
   - pointMulAdd2_d28g3v0_EIP158...ok
   - pointMulAdd2_d28g3v0_Frontier...ok
   - pointMulAdd2_d28g3v0_Homestead...ok
   - ecmul_7827-6598_1_21000_128_d0g2v0_Byzantium...ok
   - ecmul_7827-6598_1_21000_128_d0g2v0_EIP150...ok
   - ecmul_7827-6598_1_21000_128_d0g2v0_EIP158...ok
   - ecmul_7827-6598_1_21000_128_d0g2v0_Frontier...ok
   - ecmul_7827-6598_1_21000_128_d0g2v0_Homestead...ok
   - ecpairing_perturb_g2_by_field_modulus_again_d0g3v0_Byzantium...ok
   - ecpairing_perturb_g2_by_field_modulus_again_d0g3v0_EIP150...ok
   - ecpairing_perturb_g2_by_field_modulus_again_d0g3v0_EIP158...ok
   - ecpairing_perturb_g2_by_field_modulus_again_d0g3v0_Frontier...ok
   - ecpairing_perturb_g2_by_field_modulus_again_d0g3v0_Homestead...ok
   - ecmul_0-0_340282366920938463463374607431768211456_28000_96_d0g3v0_Byzantium...ok
   - ecmul_0-0_340282366920938463463374607431768211456_28000_96_d0g3v0_EIP150...ok
   - ecmul_0-0_340282366920938463463374607431768211456_28000_96_d0g3v0_EIP158...ok
   - ecmul_0-0_340282366920938463463374607431768211456_28000_96_d0g3v0_Frontier...ok
   - ecmul_0-0_340282366920938463463374607431768211456_28000_96_d0g3v0_Homestead...ok
   - ecmul_7827-6598_1456_28000_80_d0g0v0_Byzantium...ok
   - ecmul_7827-6598_1456_28000_80_d0g0v0_EIP150...ok
   - ecmul_7827-6598_1456_28000_80_d0g0v0_EIP158...ok
   - ecmul_7827-6598_1456_28000_80_d0g0v0_Frontier...ok
   - ecmul_7827-6598_1456_28000_80_d0g0v0_Homestead...ok
   - ecmul_1-2_5617_28000_96_d0g1v0_Byzantium...ok
   - ecmul_1-2_5617_28000_96_d0g1v0_EIP150...ok
   - ecmul_1-2_5617_28000_96_d0g1v0_EIP158...ok
   - ecmul_1-2_5617_28000_96_d0g1v0_Frontier...ok
   - ecmul_1-2_5617_28000_96_d0g1v0_Homestead...ok
   - ecmul_0-3_340282366920938463463374607431768211456_21000_128_d0g2v0_Byzantium...ok
   - ecmul_0-3_340282366920938463463374607431768211456_21000_128_d0g2v0_EIP150...ok
   - ecmul_0-3_340282366920938463463374607431768211456_21000_128_d0g2v0_EIP158...ok
   - ecmul_0-3_340282366920938463463374607431768211456_21000_128_d0g2v0_Frontier...ok
   - ecmul_0-3_340282366920938463463374607431768211456_21000_128_d0g2v0_Homestead...ok
   - ecpairing_one_point_insufficient_gas_d0g0v0_Byzantium...ok
   - ecpairing_one_point_insufficient_gas_d0g0v0_EIP150...ok
   - ecpairing_one_point_insufficient_gas_d0g0v0_EIP158...ok
   - ecpairing_one_point_insufficient_gas_d0g0v0_Frontier...ok
   - ecpairing_one_point_insufficient_gas_d0g0v0_Homestead...ok
   - pointMulAdd_d7g1v0_Byzantium...ok
   - pointMulAdd_d7g1v0_EIP150...ok
   - pointMulAdd_d7g1v0_EIP158...ok
   - pointMulAdd_d7g1v0_Frontier...ok
   - pointMulAdd_d7g1v0_Homestead...ok
   - ecadd_0-0_0-0_21000_80_d0g0v0_Byzantium...ok
   - ecadd_0-0_0-0_21000_80_d0g0v0_EIP150...ok
   - ecadd_0-0_0-0_21000_80_d0g0v0_EIP158...ok
   - ecadd_0-0_0-0_21000_80_d0g0v0_Frontier...ok
   - ecadd_0-0_0-0_21000_80_d0g0v0_Homestead...ok
   - pointMulAdd2_d16g2v0_Byzantium...ok
   - pointMulAdd2_d16g2v0_EIP150...ok
   - pointMulAdd2_d16g2v0_EIP158...ok
   - pointMulAdd2_d16g2v0_Frontier...ok
   - pointMulAdd2_d16g2v0_Homestead...ok
   - ecmul_1-3_5617_28000_96_d0g3v0_Byzantium...ok
   - ecmul_1-3_5617_28000_96_d0g3v0_EIP150...ok
   - ecmul_1-3_5617_28000_96_d0g3v0_EIP158...ok
   - ecmul_1-3_5617_28000_96_d0g3v0_Frontier...ok
   - ecmul_1-3_5617_28000_96_d0g3v0_Homestead...ok
   - ecmul_0-3_9_21000_96_d0g2v0_Byzantium...ok
   - ecmul_0-3_9_21000_96_d0g2v0_EIP150...ok
   - ecmul_0-3_9_21000_96_d0g2v0_EIP158...ok
   - ecmul_0-3_9_21000_96_d0g2v0_Frontier...ok
   - ecmul_0-3_9_21000_96_d0g2v0_Homestead...ok
   - ecpairing_perturb_g2_by_field_modulus_again_d0g0v0_Byzantium...ok
   - ecpairing_perturb_g2_by_field_modulus_again_d0g0v0_EIP150...ok
   - ecpairing_perturb_g2_by_field_modulus_again_d0g0v0_EIP158...ok
   - ecpairing_perturb_g2_by_field_modulus_again_d0g0v0_Frontier...ok
   - ecpairing_perturb_g2_by_field_modulus_again_d0g0v0_Homestead...ok
   - pointMulAdd2_d22g0v0_Byzantium...ok
   - pointMulAdd2_d22g0v0_EIP150...ok
   - pointMulAdd2_d22g0v0_EIP158...ok
   - pointMulAdd2_d22g0v0_Frontier...ok
   - pointMulAdd2_d22g0v0_Homestead...ok
   - pointMulAdd2_d0g2v0_Byzantium...ok
   - pointMulAdd2_d0g2v0_EIP150...ok
   - pointMulAdd2_d0g2v0_EIP158...ok
   - pointMulAdd2_d0g2v0_Frontier...ok
   - pointMulAdd2_d0g2v0_Homestead...ok
   - ecmul_1-3_1_28000_128_d0g0v0_Byzantium...ok
   - ecmul_1-3_1_28000_128_d0g0v0_EIP150...ok
   - ecmul_1-3_1_28000_128_d0g0v0_EIP158...ok
   - ecmul_1-3_1_28000_128_d0g0v0_Frontier...ok
   - ecmul_1-3_1_28000_128_d0g0v0_Homestead...ok
   - ecpairing_two_point_oog_d0g0v0_Byzantium...ok
   - ecpairing_two_point_oog_d0g0v0_EIP150...ok
   - ecpairing_two_point_oog_d0g0v0_EIP158...ok
   - ecpairing_two_point_oog_d0g0v0_Frontier...ok
   - ecpairing_two_point_oog_d0g0v0_Homestead...ok
   - pointMulAdd2_d23g2v0_Byzantium...ok
   - pointMulAdd2_d23g2v0_EIP150...ok
   - pointMulAdd2_d23g2v0_EIP158...ok
   - pointMulAdd2_d23g2v0_Frontier...ok
   - pointMulAdd2_d23g2v0_Homestead...ok
   - ecmul_1-2_0_21000_64_d0g2v0_Byzantium...ok
   - ecmul_1-2_0_21000_64_d0g2v0_EIP150...ok
   - ecmul_1-2_0_21000_64_d0g2v0_EIP158...ok
   - ecmul_1-2_0_21000_64_d0g2v0_Frontier...ok
   - ecmul_1-2_0_21000_64_d0g2v0_Homestead...ok
   - pointMulAdd_d6g2v0_Byzantium...ok
   - pointMulAdd_d6g2v0_EIP150...ok
   - pointMulAdd_d6g2v0_EIP158...ok
   - pointMulAdd_d6g2v0_Frontier...ok
   - pointMulAdd_d6g2v0_Homestead...ok
   - ecadd_0-0_0-0_25000_80_d0g2v0_Byzantium...ok
   - ecadd_0-0_0-0_25000_80_d0g2v0_EIP150...ok
   - ecadd_0-0_0-0_25000_80_d0g2v0_EIP158...ok
   - ecadd_0-0_0-0_25000_80_d0g2v0_Frontier...ok
   - ecadd_0-0_0-0_25000_80_d0g2v0_Homestead...ok
   - ecmul_0-3_2_21000_128_d0g1v0_Byzantium...ok
   - ecmul_0-3_2_21000_128_d0g1v0_EIP150...ok
   - ecmul_0-3_2_21000_128_d0g1v0_EIP158...ok
   - ecmul_0-3_2_21000_128_d0g1v0_Frontier...ok
   - ecmul_0-3_2_21000_128_d0g1v0_Homestead...ok
   - pointMulAdd2_d35g0v0_Byzantium...ok
   - pointMulAdd2_d35g0v0_EIP150...ok
   - pointMulAdd2_d35g0v0_EIP158...ok
   - pointMulAdd2_d35g0v0_Frontier...ok
   - pointMulAdd2_d35g0v0_Homestead...ok
   - ecmul_0-3_1_28000_96_d0g2v0_Byzantium...ok
   - ecmul_0-3_1_28000_96_d0g2v0_EIP150...ok
   - ecmul_0-3_1_28000_96_d0g2v0_EIP158...ok
   - ecmul_0-3_1_28000_96_d0g2v0_Frontier...ok
   - ecmul_0-3_1_28000_96_d0g2v0_Homestead...ok
   - ecpairing_one_point_not_in_subgroup_d0g0v0_Byzantium...ok
   - ecpairing_one_point_not_in_subgroup_d0g0v0_EIP150...ok
   - ecpairing_one_point_not_in_subgroup_d0g0v0_EIP158...ok
   - ecpairing_one_point_not_in_subgroup_d0g0v0_Frontier...ok
   - ecpairing_one_point_not_in_subgroup_d0g0v0_Homestead...ok
   - ecmul_1-3_0_21000_96_d0g0v0_Byzantium...ok
   - ecmul_1-3_0_21000_96_d0g0v0_EIP150...ok
   - ecmul_1-3_0_21000_96_d0g0v0_EIP158...ok
   - ecmul_1-3_0_21000_96_d0g0v0_Frontier...ok
   - ecmul_1-3_0_21000_96_d0g0v0_Homestead...ok
   - ecadd_0-0_0-0_25000_192_d0g0v0_Byzantium...ok
   - ecadd_0-0_0-0_25000_192_d0g0v0_EIP150...ok
   - ecadd_0-0_0-0_25000_192_d0g0v0_EIP158...ok
   - ecadd_0-0_0-0_25000_192_d0g0v0_Frontier...ok
   - ecadd_0-0_0-0_25000_192_d0g0v0_Homestead...ok
   - ecmul_0-3_1_28000_128_d0g2v0_Byzantium...ok
   - ecmul_0-3_1_28000_128_d0g2v0_EIP150...ok
   - ecmul_0-3_1_28000_128_d0g2v0_EIP158...ok
   - ecmul_0-3_1_28000_128_d0g2v0_Frontier...ok
   - ecmul_0-3_1_28000_128_d0g2v0_Homestead...ok
   - ecmul_0-0_340282366920938463463374607431768211456_28000_96_d0g0v0_Byzantium...ok
   - ecmul_0-0_340282366920938463463374607431768211456_28000_96_d0g0v0_EIP150...ok
   - ecmul_0-0_340282366920938463463374607431768211456_28000_96_d0g0v0_EIP158...ok
   - ecmul_0-0_340282366920938463463374607431768211456_28000_96_d0g0v0_Frontier...ok
   - ecmul_0-0_340282366920938463463374607431768211456_28000_96_d0g0v0_Homestead...ok
   - ecmul_1-3_0_21000_128_d0g2v0_Byzantium...ok
   - ecmul_1-3_0_21000_128_d0g2v0_EIP150...ok
   - ecmul_1-3_0_21000_128_d0g2v0_EIP158...ok
   - ecmul_1-3_0_21000_128_d0g2v0_Frontier...ok
   - ecmul_1-3_0_21000_128_d0g2v0_Homestead...ok
   - ecmul_0-0_2_28000_128_d0g3v0_Byzantium...ok
   - ecmul_0-0_2_28000_128_d0g3v0_EIP150...ok
   - ecmul_0-0_2_28000_128_d0g3v0_EIP158...ok
   - ecmul_0-0_2_28000_128_d0g3v0_Frontier...ok
   - ecmul_0-0_2_28000_128_d0g3v0_Homestead...ok
   - ecadd_0-0_0-0_21000_80_d0g2v0_Byzantium...ok
   - ecadd_0-0_0-0_21000_80_d0g2v0_EIP150...ok
   - ecadd_0-0_0-0_21000_80_d0g2v0_EIP158...ok
   - ecadd_0-0_0-0_21000_80_d0g2v0_Frontier...ok
   - ecadd_0-0_0-0_21000_80_d0g2v0_Homestead...ok
   - ecmul_7827-6598_9_28000_96_d0g2v0_Byzantium...ok
   - ecmul_7827-6598_9_28000_96_d0g2v0_EIP150...ok
   - ecmul_7827-6598_9_28000_96_d0g2v0_EIP158...ok
   - ecmul_7827-6598_9_28000_96_d0g2v0_Frontier...ok
   - ecmul_7827-6598_9_28000_96_d0g2v0_Homestead...ok
   - ecmul_1-2_9935_28000_128_d0g2v0_Byzantium...ok
   - ecmul_1-2_9935_28000_128_d0g2v0_EIP150...ok
   - ecmul_1-2_9935_28000_128_d0g2v0_EIP158...ok
   - ecmul_1-2_9935_28000_128_d0g2v0_Frontier...ok
   - ecmul_1-2_9935_28000_128_d0g2v0_Homestead...ok
   - ecmul_0-3_9935_21000_96_d0g3v0_Byzantium...ok
   - ecmul_0-3_9935_21000_96_d0g3v0_EIP150...ok
   - ecmul_0-3_9935_21000_96_d0g3v0_EIP158...ok
   - ecmul_0-3_9935_21000_96_d0g3v0_Frontier...ok
   - ecmul_0-3_9935_21000_96_d0g3v0_Homestead...ok
   - pointMulAdd2_d11g2v0_Byzantium...ok
   - pointMulAdd2_d11g2v0_EIP150...ok
   - pointMulAdd2_d11g2v0_EIP158...ok
   - pointMulAdd2_d11g2v0_Frontier...ok
   - pointMulAdd2_d11g2v0_Homestead...ok
   - pointMulAdd_d2g2v0_Byzantium...ok
   - pointMulAdd_d2g2v0_EIP150...ok
   - pointMulAdd_d2g2v0_EIP158...ok
   - pointMulAdd_d2g2v0_Frontier...ok
   - pointMulAdd_d2g2v0_Homestead...ok
   - ecadd_0-3_1-2_21000_128_d0g3v0_Byzantium...ok
   - ecadd_0-3_1-2_21000_128_d0g3v0_EIP150...ok
   - ecadd_0-3_1-2_21000_128_d0g3v0_EIP158...ok
   - ecadd_0-3_1-2_21000_128_d0g3v0_Frontier...ok
   - ecadd_0-3_1-2_21000_128_d0g3v0_Homestead...ok
   - ecmul_7827-6598_0_21000_96_d0g0v0_Byzantium...ok
   - ecmul_7827-6598_0_21000_96_d0g0v0_EIP150...ok
   - ecmul_7827-6598_0_21000_96_d0g0v0_EIP158...ok
   - ecmul_7827-6598_0_21000_96_d0g0v0_Frontier...ok
   - ecmul_7827-6598_0_21000_96_d0g0v0_Homestead...ok
   - ecmul_0-0_0_21000_0_d0g2v0_Byzantium...ok
   - ecmul_0-0_0_21000_0_d0g2v0_EIP150...ok
   - ecmul_0-0_0_21000_0_d0g2v0_EIP158...ok
   - ecmul_0-0_0_21000_0_d0g2v0_Frontier...ok
   - ecmul_0-0_0_21000_0_d0g2v0_Homestead...ok
   - pointMulAdd2_d31g1v0_Byzantium...ok
   - pointMulAdd2_d31g1v0_EIP150...ok
   - pointMulAdd2_d31g1v0_EIP158...ok
   - pointMulAdd2_d31g1v0_Frontier...ok
   - pointMulAdd2_d31g1v0_Homestead...ok
   - ecmul_0-3_340282366920938463463374607431768211456_21000_96_d0g3v0_Byzantium...ok
   - ecmul_0-3_340282366920938463463374607431768211456_21000_96_d0g3v0_EIP150...ok
   - ecmul_0-3_340282366920938463463374607431768211456_21000_96_d0g3v0_EIP158...ok
   - ecmul_0-3_340282366920938463463374607431768211456_21000_96_d0g3v0_Frontier...ok
   - ecmul_0-3_340282366920938463463374607431768211456_21000_96_d0g3v0_Homestead...ok
   - ecmul_1-2_5617_28000_128_d0g0v0_Byzantium...ok
   - ecmul_1-2_5617_28000_128_d0g0v0_EIP150...ok
   - ecmul_1-2_5617_28000_128_d0g0v0_EIP158...ok
   - ecmul_1-2_5617_28000_128_d0g0v0_Frontier...ok
   - ecmul_1-2_5617_28000_128_d0g0v0_Homestead...ok
   - ecmul_1-2_5617_28000_128_d0g2v0_Byzantium...ok
   - ecmul_1-2_5617_28000_128_d0g2v0_EIP150...ok
   - ecmul_1-2_5617_28000_128_d0g2v0_EIP158...ok
   - ecmul_1-2_5617_28000_128_d0g2v0_Frontier...ok
   - ecmul_1-2_5617_28000_128_d0g2v0_Homestead...ok
   - ecpairing_empty_data_d0g3v0_Byzantium...ok
   - ecpairing_empty_data_d0g3v0_EIP150...ok
   - ecpairing_empty_data_d0g3v0_EIP158...ok
   - ecpairing_empty_data_d0g3v0_Frontier...ok
   - ecpairing_empty_data_d0g3v0_Homestead...ok
   - ecmul_0-0_2_28000_96_d0g2v0_Byzantium...ok
   - ecmul_0-0_2_28000_96_d0g2v0_EIP150...ok
   - ecmul_0-0_2_28000_96_d0g2v0_EIP158...ok
   - ecmul_0-0_2_28000_96_d0g2v0_Frontier...ok
   - ecmul_0-0_2_28000_96_d0g2v0_Homestead...ok
   - ecmul_1-2_9935_21000_96_d0g0v0_Byzantium...ok
   - ecmul_1-2_9935_21000_96_d0g0v0_EIP150...ok
   - ecmul_1-2_9935_21000_96_d0g0v0_EIP158...ok
   - ecmul_1-2_9935_21000_96_d0g0v0_Frontier...ok
   - ecmul_1-2_9935_21000_96_d0g0v0_Homestead...ok
   - ecmul_0-0_0_21000_0_d0g1v0_Byzantium...ok
   - ecmul_0-0_0_21000_0_d0g1v0_EIP150...ok
   - ecmul_0-0_0_21000_0_d0g1v0_EIP158...ok
   - ecmul_0-0_0_21000_0_d0g1v0_Frontier...ok
   - ecmul_0-0_0_21000_0_d0g1v0_Homestead...ok
   - ecmul_7827-6598_5617_21000_96_d0g2v0_Byzantium...ok
   - ecmul_7827-6598_5617_21000_96_d0g2v0_EIP150...ok
   - ecmul_7827-6598_5617_21000_96_d0g2v0_EIP158...ok
   - ecmul_7827-6598_5617_21000_96_d0g2v0_Frontier...ok
   - ecmul_7827-6598_5617_21000_96_d0g2v0_Homestead...ok
   - ecmul_1-2_2_21000_96_d0g2v0_Byzantium...ok
   - ecmul_1-2_2_21000_96_d0g2v0_EIP150...ok
   - ecmul_1-2_2_21000_96_d0g2v0_EIP158...ok
   - ecmul_1-2_2_21000_96_d0g2v0_Frontier...ok
   - ecmul_1-2_2_21000_96_d0g2v0_Homestead...ok
   - ecmul_0-0_2_28000_128_d0g1v0_Byzantium...ok
   - ecmul_0-0_2_28000_128_d0g1v0_EIP150...ok
   - ecmul_0-0_2_28000_128_d0g1v0_EIP158...ok
   - ecmul_0-0_2_28000_128_d0g1v0_Frontier...ok
   - ecmul_0-0_2_28000_128_d0g1v0_Homestead...ok
   - ecmul_0-3_2_21000_96_d0g3v0_Byzantium...ok
   - ecmul_0-3_2_21000_96_d0g3v0_EIP150...ok
   - ecmul_0-3_2_21000_96_d0g3v0_EIP158...ok
   - ecmul_0-3_2_21000_96_d0g3v0_Frontier...ok
   - ecmul_0-3_2_21000_96_d0g3v0_Homestead...ok
   - pairingTest_d1g3v0_Byzantium...ok
   - pairingTest_d1g3v0_EIP150...ok
   - pairingTest_d1g3v0_EIP158...ok
   - pairingTest_d1g3v0_Frontier...ok
   - pairingTest_d1g3v0_Homestead...ok
   - ecadd_0-0_1-3_25000_128_d0g3v0_Byzantium...ok
   - ecadd_0-0_1-3_25000_128_d0g3v0_EIP150...ok
   - ecadd_0-0_1-3_25000_128_d0g3v0_EIP158...ok
   - ecadd_0-0_1-3_25000_128_d0g3v0_Frontier...ok
   - ecadd_0-0_1-3_25000_128_d0g3v0_Homestead...ok
   - ecmul_1-2_340282366920938463463374607431768211456_28000_128_d0g3v0_Byzantium...ok
   - ecmul_1-2_340282366920938463463374607431768211456_28000_128_d0g3v0_EIP150...ok
   - ecmul_1-2_340282366920938463463374607431768211456_28000_128_d0g3v0_EIP158...ok
   - ecmul_1-2_340282366920938463463374607431768211456_28000_128_d0g3v0_Frontier...ok
   - ecmul_1-2_340282366920938463463374607431768211456_28000_128_d0g3v0_Homestead...ok
   - ecmul_7827-6598_0_21000_96_d0g3v0_Byzantium...ok
   - ecmul_7827-6598_0_21000_96_d0g3v0_EIP150...ok
   - ecmul_7827-6598_0_21000_96_d0g3v0_EIP158...ok
   - ecmul_7827-6598_0_21000_96_d0g3v0_Frontier...ok
   - ecmul_7827-6598_0_21000_96_d0g3v0_Homestead...ok
   - ecmul_1-3_0_21000_64_d0g1v0_Byzantium...ok
   - ecmul_1-3_0_21000_64_d0g1v0_EIP150...ok
   - ecmul_1-3_0_21000_64_d0g1v0_EIP158...ok
   - ecmul_1-3_0_21000_64_d0g1v0_Frontier...ok
   - ecmul_1-3_0_21000_64_d0g1v0_Homestead...ok
   - ecmul_7827-6598_9_21000_128_d0g1v0_Byzantium...ok
   - ecmul_7827-6598_9_21000_128_d0g1v0_EIP150...ok
   - ecmul_7827-6598_9_21000_128_d0g1v0_EIP158...ok
   - ecmul_7827-6598_9_21000_128_d0g1v0_Frontier...ok
   - ecmul_7827-6598_9_21000_128_d0g1v0_Homestead...ok
   - ecmul_0-0_1_21000_96_d0g0v0_Byzantium...ok
   - ecmul_0-0_1_21000_96_d0g0v0_EIP150...ok
   - ecmul_0-0_1_21000_96_d0g0v0_EIP158...ok
   - ecmul_0-0_1_21000_96_d0g0v0_Frontier...ok
   - ecmul_0-0_1_21000_96_d0g0v0_Homestead...ok
   - pointMulAdd2_d12g3v0_Byzantium...ok
   - pointMulAdd2_d12g3v0_EIP150...ok
   - pointMulAdd2_d12g3v0_EIP158...ok
   - pointMulAdd2_d12g3v0_Frontier...ok
   - pointMulAdd2_d12g3v0_Homestead...ok
   - ecmul_7827-6598_9935_21000_96_d0g1v0_Byzantium...ok
   - ecmul_7827-6598_9935_21000_96_d0g1v0_EIP150...ok
   - ecmul_7827-6598_9935_21000_96_d0g1v0_EIP158...ok
   - ecmul_7827-6598_9935_21000_96_d0g1v0_Frontier...ok
   - ecmul_7827-6598_9935_21000_96_d0g1v0_Homestead...ok
   - ecmul_7827-6598_1456_21000_80_d0g2v0_Byzantium...ok
   - ecmul_7827-6598_1456_21000_80_d0g2v0_EIP150...ok
   - ecmul_7827-6598_1456_21000_80_d0g2v0_EIP158...ok
   - ecmul_7827-6598_1456_21000_80_d0g2v0_Frontier...ok
   - ecmul_7827-6598_1456_21000_80_d0g2v0_Homestead...ok
   - ecmul_1-2_0_28000_80_d0g3v0_Byzantium...ok
   - ecmul_1-2_0_28000_80_d0g3v0_EIP150...ok
   - ecmul_1-2_0_28000_80_d0g3v0_EIP158...ok
   - ecmul_1-2_0_28000_80_d0g3v0_Frontier...ok
   - ecmul_1-2_0_28000_80_d0g3v0_Homestead...ok
   - ecmul_1-3_1_28000_96_d0g2v0_Byzantium...ok
   - ecmul_1-3_1_28000_96_d0g2v0_EIP150...ok
   - ecmul_1-3_1_28000_96_d0g2v0_EIP158...ok
   - ecmul_1-3_1_28000_96_d0g2v0_Frontier...ok
   - ecmul_1-3_1_28000_96_d0g2v0_Homestead...ok
   - pointMulAdd2_d34g1v0_Byzantium...ok
   - pointMulAdd2_d34g1v0_EIP150...ok
   - pointMulAdd2_d34g1v0_EIP158...ok
   - pointMulAdd2_d34g1v0_Frontier...ok
   - pointMulAdd2_d34g1v0_Homestead...ok
   - pairingTest_d5g0v0_Byzantium...ok
   - pairingTest_d5g0v0_EIP150...ok
   - pairingTest_d5g0v0_EIP158...ok
   - pairingTest_d5g0v0_Frontier...ok
   - pairingTest_d5g0v0_Homestead...ok
   - ecmul_0-0_2_21000_96_d0g2v0_Byzantium...ok
   - ecmul_0-0_2_21000_96_d0g2v0_EIP150...ok
   - ecmul_0-0_2_21000_96_d0g2v0_EIP158...ok
   - ecmul_0-0_2_21000_96_d0g2v0_Frontier...ok
   - ecmul_0-0_2_21000_96_d0g2v0_Homestead...ok
   - pointMulAdd2_d25g0v0_Byzantium...ok
   - pointMulAdd2_d25g0v0_EIP150...ok
   - pointMulAdd2_d25g0v0_EIP158...ok
   - pointMulAdd2_d25g0v0_Frontier...ok
   - pointMulAdd2_d25g0v0_Homestead...ok
   - ecmul_7827-6598_0_28000_80_d0g2v0_Byzantium...ok
   - ecmul_7827-6598_0_28000_80_d0g2v0_EIP150...ok
   - ecmul_7827-6598_0_28000_80_d0g2v0_EIP158...ok
   - ecmul_7827-6598_0_28000_80_d0g2v0_Frontier...ok
   - ecmul_7827-6598_0_28000_80_d0g2v0_Homestead...ok
   - ecadd_0-0_0-0_25000_0_d0g2v0_Byzantium...ok
   - ecadd_0-0_0-0_25000_0_d0g2v0_EIP150...ok
   - ecadd_0-0_0-0_25000_0_d0g2v0_EIP158...ok
   - ecadd_0-0_0-0_25000_0_d0g2v0_Frontier...ok
   - ecadd_0-0_0-0_25000_0_d0g2v0_Homestead...ok
   - ecmul_0-3_340282366920938463463374607431768211456_28000_128_d0g3v0_Byzantium...ok
   - ecmul_0-3_340282366920938463463374607431768211456_28000_128_d0g3v0_EIP150...ok
   - ecmul_0-3_340282366920938463463374607431768211456_28000_128_d0g3v0_EIP158...ok
   - ecmul_0-3_340282366920938463463374607431768211456_28000_128_d0g3v0_Frontier...ok
   - ecmul_0-3_340282366920938463463374607431768211456_28000_128_d0g3v0_Homestead...ok
   - ecpairing_two_points_with_one_g2_zero_d0g3v0_Byzantium...ok
   - ecpairing_two_points_with_one_g2_zero_d0g3v0_EIP150...ok
   - ecpairing_two_points_with_one_g2_zero_d0g3v0_EIP158...ok
   - ecpairing_two_points_with_one_g2_zero_d0g3v0_Frontier...ok
   - ecpairing_two_points_with_one_g2_zero_d0g3v0_Homestead...ok
   - ecmul_1-3_0_21000_64_d0g0v0_Byzantium...ok
   - ecmul_1-3_0_21000_64_d0g0v0_EIP150...ok
   - ecmul_1-3_0_21000_64_d0g0v0_EIP158...ok
   - ecmul_1-3_0_21000_64_d0g0v0_Frontier...ok
   - ecmul_1-3_0_21000_64_d0g0v0_Homestead...ok
   - ecmul_7827-6598_1_21000_96_d0g1v0_Byzantium...ok
   - ecmul_7827-6598_1_21000_96_d0g1v0_EIP150...ok
   - ecmul_7827-6598_1_21000_96_d0g1v0_EIP158...ok
   - ecmul_7827-6598_1_21000_96_d0g1v0_Frontier...ok
   - ecmul_7827-6598_1_21000_96_d0g1v0_Homestead...ok
   - ecmul_1-3_340282366920938463463374607431768211456_21000_96_d0g3v0_Byzantium...ok
   - ecmul_1-3_340282366920938463463374607431768211456_21000_96_d0g3v0_EIP150...ok
   - ecmul_1-3_340282366920938463463374607431768211456_21000_96_d0g3v0_EIP158...ok
   - ecmul_1-3_340282366920938463463374607431768211456_21000_96_d0g3v0_Frontier...ok
   - ecmul_1-3_340282366920938463463374607431768211456_21000_96_d0g3v0_Homestead...ok
   - ecmul_1-2_5617_28000_128_d0g3v0_Byzantium...ok
   - ecmul_1-2_5617_28000_128_d0g3v0_EIP150...ok
   - ecmul_1-2_5617_28000_128_d0g3v0_EIP158...ok
   - ecmul_1-2_5617_28000_128_d0g3v0_Frontier...ok
   - ecmul_1-2_5617_28000_128_d0g3v0_Homestead...ok
   - ecmul_0-3_9935_28000_96_d0g1v0_Byzantium...ok
   - ecmul_0-3_9935_28000_96_d0g1v0_EIP150...ok
   - ecmul_0-3_9935_28000_96_d0g1v0_EIP158...ok
   - ecmul_0-3_9935_28000_96_d0g1v0_Frontier...ok
   - ecmul_0-3_9935_28000_96_d0g1v0_Homestead...ok
   - pointMulAdd2_d8g1v0_Byzantium...ok
   - pointMulAdd2_d8g1v0_EIP150...ok
   - pointMulAdd2_d8g1v0_EIP158...ok
   - pointMulAdd2_d8g1v0_Frontier...ok
   - pointMulAdd2_d8g1v0_Homestead...ok
   - ecmul_7827-6598_1456_28000_96_d0g0v0_Byzantium...ok
   - ecmul_7827-6598_1456_28000_96_d0g0v0_EIP150...ok
   - ecmul_7827-6598_1456_28000_96_d0g0v0_EIP158...ok
   - ecmul_7827-6598_1456_28000_96_d0g0v0_Frontier...ok
   - ecmul_7827-6598_1456_28000_96_d0g0v0_Homestead...ok
   - ecmul_1-3_5616_21000_96_d0g0v0_Byzantium...ok
   - ecmul_1-3_5616_21000_96_d0g0v0_EIP150...ok
   - ecmul_1-3_5616_21000_96_d0g0v0_EIP158...ok
   - ecmul_1-3_5616_21000_96_d0g0v0_Frontier...ok
   - ecmul_1-3_5616_21000_96_d0g0v0_Homestead...ok
   - ecmul_7827-6598_5617_28000_96_d0g1v0_Byzantium...ok
   - ecmul_7827-6598_5617_28000_96_d0g1v0_EIP150...ok
   - ecmul_7827-6598_5617_28000_96_d0g1v0_EIP158...ok
   - ecmul_7827-6598_5617_28000_96_d0g1v0_Frontier...ok
   - ecmul_7827-6598_5617_28000_96_d0g1v0_Homestead...ok
   - ecmul_7827-6598_9_28000_96_d0g3v0_Byzantium...ok
   - ecmul_7827-6598_9_28000_96_d0g3v0_EIP150...ok
   - ecmul_7827-6598_9_28000_96_d0g3v0_EIP158...ok
   - ecmul_7827-6598_9_28000_96_d0g3v0_Frontier...ok
   - ecmul_7827-6598_9_28000_96_d0g3v0_Homestead...ok
   - ecmul_0-0_1_28000_128_d0g3v0_Byzantium...ok
   - ecmul_0-0_1_28000_128_d0g3v0_EIP150...ok
   - ecmul_0-0_1_28000_128_d0g3v0_EIP158...ok
   - ecmul_0-0_1_28000_128_d0g3v0_Frontier...ok
   - ecmul_0-0_1_28000_128_d0g3v0_Homestead...ok
   - pointMulAdd2_d19g2v0_Byzantium...ok
   - pointMulAdd2_d19g2v0_EIP150...ok
   - pointMulAdd2_d19g2v0_EIP158...ok
   - pointMulAdd2_d19g2v0_Frontier...ok
   - pointMulAdd2_d19g2v0_Homestead...ok
   - ecmul_0-0_0_21000_128_d0g1v0_Byzantium...ok
   - ecmul_0-0_0_21000_128_d0g1v0_EIP150...ok
   - ecmul_0-0_0_21000_128_d0g1v0_EIP158...ok
   - ecmul_0-0_0_21000_128_d0g1v0_Frontier...ok
   - ecmul_0-0_0_21000_128_d0g1v0_Homestead...ok
   - ecmul_0-3_340282366920938463463374607431768211456_21000_128_d0g3v0_Byzantium...ok
   - ecmul_0-3_340282366920938463463374607431768211456_21000_128_d0g3v0_EIP150...ok
   - ecmul_0-3_340282366920938463463374607431768211456_21000_128_d0g3v0_EIP158...ok
   - ecmul_0-3_340282366920938463463374607431768211456_21000_128_d0g3v0_Frontier...ok
   - ecmul_0-3_340282366920938463463374607431768211456_21000_128_d0g3v0_Homestead...ok
   - ecmul_1-2_5616_21000_96_d0g1v0_Byzantium...ok
   - ecmul_1-2_5616_21000_96_d0g1v0_EIP150...ok
   - ecmul_1-2_5616_21000_96_d0g1v0_EIP158...ok
   - ecmul_1-2_5616_21000_96_d0g1v0_Frontier...ok
   - ecmul_1-2_5616_21000_96_d0g1v0_Homestead...ok
   - ecpairing_two_point_match_5_d0g1v0_Byzantium...ok
   - ecpairing_two_point_match_5_d0g1v0_EIP150...ok
   - ecpairing_two_point_match_5_d0g1v0_EIP158...ok
   - ecpairing_two_point_match_5_d0g1v0_Frontier...ok
   - ecpairing_two_point_match_5_d0g1v0_Homestead...ok
   - ecmul_1-3_5616_28000_96_d0g2v0_Byzantium...ok
   - ecmul_1-3_5616_28000_96_d0g2v0_EIP150...ok
   - ecmul_1-3_5616_28000_96_d0g2v0_EIP158...ok
   - ecmul_1-3_5616_28000_96_d0g2v0_Frontier...ok
   - ecmul_1-3_5616_28000_96_d0g2v0_Homestead...ok
   - ecpairing_one_point_fail_d0g2v0_Byzantium...ok
   - ecpairing_one_point_fail_d0g2v0_EIP150...ok
   - ecpairing_one_point_fail_d0g2v0_EIP158...ok
   - ecpairing_one_point_fail_d0g2v0_Frontier...ok
   - ecpairing_one_point_fail_d0g2v0_Homestead...ok
   - ecmul_0-0_0_21000_96_d0g3v0_Byzantium...ok
   - ecmul_0-0_0_21000_96_d0g3v0_EIP150...ok
   - ecmul_0-0_0_21000_96_d0g3v0_EIP158...ok
   - ecmul_0-0_0_21000_96_d0g3v0_Frontier...ok
   - ecmul_0-0_0_21000_96_d0g3v0_Homestead...ok
   - pointAddTrunc_d4g1v0_Byzantium...ok
   - pointAddTrunc_d4g1v0_EIP150...ok
   - pointAddTrunc_d4g1v0_EIP158...ok
   - pointAddTrunc_d4g1v0_Frontier...ok
   - pointAddTrunc_d4g1v0_Homestead...ok
   - ecpairing_three_point_match_1_d0g0v0_Byzantium...ok
   - ecpairing_three_point_match_1_d0g0v0_EIP150...ok
   - ecpairing_three_point_match_1_d0g0v0_EIP158...ok
   - ecpairing_three_point_match_1_d0g0v0_Frontier...ok
   - ecpairing_three_point_match_1_d0g0v0_Homestead...ok
   - ecmul_1-2_0_28000_64_d0g0v0_Byzantium...ok
   - ecmul_1-2_0_28000_64_d0g0v0_EIP150...ok
   - ecmul_1-2_0_28000_64_d0g0v0_EIP158...ok
   - ecmul_1-2_0_28000_64_d0g0v0_Frontier...ok
   - ecmul_1-2_0_28000_64_d0g0v0_Homestead...ok
   - ecmul_1-2_5616_21000_128_d0g1v0_Byzantium...ok
   - ecmul_1-2_5616_21000_128_d0g1v0_EIP150...ok
   - ecmul_1-2_5616_21000_128_d0g1v0_EIP158...ok
   - ecmul_1-2_5616_21000_128_d0g1v0_Frontier...ok
   - ecmul_1-2_5616_21000_128_d0g1v0_Homestead...ok
   - ecadd_0-3_1-2_21000_128_d0g2v0_Byzantium...ok
   - ecadd_0-3_1-2_21000_128_d0g2v0_EIP150...ok
   - ecadd_0-3_1-2_21000_128_d0g2v0_EIP158...ok
   - ecadd_0-3_1-2_21000_128_d0g2v0_Frontier...ok
   - ecadd_0-3_1-2_21000_128_d0g2v0_Homestead...ok
   - pointMulAdd2_d32g3v0_Byzantium...ok
   - pointMulAdd2_d32g3v0_EIP150...ok
   - pointMulAdd2_d32g3v0_EIP158...ok
   - pointMulAdd2_d32g3v0_Frontier...ok
   - pointMulAdd2_d32g3v0_Homestead...ok
   - ecmul_0-3_9935_28000_128_d0g3v0_Byzantium...ok
   - ecmul_0-3_9935_28000_128_d0g3v0_EIP150...ok
   - ecmul_0-3_9935_28000_128_d0g3v0_EIP158...ok
   - ecmul_0-3_9935_28000_128_d0g3v0_Frontier...ok
   - ecmul_0-3_9935_28000_128_d0g3v0_Homestead...ok
   - ecadd_0-0_1-2_21000_192_d0g0v0_Byzantium...ok
   - ecadd_0-0_1-2_21000_192_d0g0v0_EIP150...ok
   - ecadd_0-0_1-2_21000_192_d0g0v0_EIP158...ok
   - ecadd_0-0_1-2_21000_192_d0g0v0_Frontier...ok
   - ecadd_0-0_1-2_21000_192_d0g0v0_Homestead...ok
   - ecmul_7827-6598_9935_28000_128_d0g1v0_Byzantium...ok
   - ecmul_7827-6598_9935_28000_128_d0g1v0_EIP150...ok
   - ecmul_7827-6598_9935_28000_128_d0g1v0_EIP158...ok
   - ecmul_7827-6598_9935_28000_128_d0g1v0_Frontier...ok
   - ecmul_7827-6598_9935_28000_128_d0g1v0_Homestead...ok
   - ecpairing_perturb_zeropoint_by_curve_order_d0g1v0_Byzantium...ok
   - ecpairing_perturb_zeropoint_by_curve_order_d0g1v0_EIP150...ok
   - ecpairing_perturb_zeropoint_by_curve_order_d0g1v0_EIP158...ok
   - ecpairing_perturb_zeropoint_by_curve_order_d0g1v0_Frontier...ok
   - ecpairing_perturb_zeropoint_by_curve_order_d0g1v0_Homestead...ok
   - pointAdd_d1g2v0_Byzantium...ok
   - pointAdd_d1g2v0_EIP150...ok
   - pointAdd_d1g2v0_EIP158...ok
   - pointAdd_d1g2v0_Frontier...ok
   - pointAdd_d1g2v0_Homestead...ok
   - ecmul_0-0_340282366920938463463374607431768211456_21000_128_d0g2v0_Byzantium...ok
   - ecmul_0-0_340282366920938463463374607431768211456_21000_128_d0g2v0_EIP150...ok
   - ecmul_0-0_340282366920938463463374607431768211456_21000_128_d0g2v0_EIP158...ok
   - ecmul_0-0_340282366920938463463374607431768211456_21000_128_d0g2v0_Frontier...ok
   - ecmul_0-0_340282366920938463463374607431768211456_21000_128_d0g2v0_Homestead...ok
   - ecpairing_two_points_with_one_g2_zero_d0g0v0_Byzantium...ok
   - ecpairing_two_points_with_one_g2_zero_d0g0v0_EIP150...ok
   - ecpairing_two_points_with_one_g2_zero_d0g0v0_EIP158...ok
   - ecpairing_two_points_with_one_g2_zero_d0g0v0_Frontier...ok
   - ecpairing_two_points_with_one_g2_zero_d0g0v0_Homestead...ok
   - ecmul_1-3_0_21000_128_d0g0v0_Byzantium...ok
   - ecmul_1-3_0_21000_128_d0g0v0_EIP150...ok
   - ecmul_1-3_0_21000_128_d0g0v0_EIP158...ok
   - ecmul_1-3_0_21000_128_d0g0v0_Frontier...ok
   - ecmul_1-3_0_21000_128_d0g0v0_Homestead...ok
   - ecmul_0-0_9_28000_128_d0g0v0_Byzantium...ok
   - ecmul_0-0_9_28000_128_d0g0v0_EIP150...ok
   - ecmul_0-0_9_28000_128_d0g0v0_EIP158...ok
   - ecmul_0-0_9_28000_128_d0g0v0_Frontier...ok
   - ecmul_0-0_9_28000_128_d0g0v0_Homestead...ok
   - ecmul_1-3_2_21000_128_d0g1v0_Byzantium...ok
   - ecmul_1-3_2_21000_128_d0g1v0_EIP150...ok
   - ecmul_1-3_2_21000_128_d0g1v0_EIP158...ok
   - ecmul_1-3_2_21000_128_d0g1v0_Frontier...ok
   - ecmul_1-3_2_21000_128_d0g1v0_Homestead...ok
   - ecmul_1-2_340282366920938463463374607431768211456_21000_96_d0g3v0_Byzantium...ok
   - ecmul_1-2_340282366920938463463374607431768211456_21000_96_d0g3v0_EIP150...ok
   - ecmul_1-2_340282366920938463463374607431768211456_21000_96_d0g3v0_EIP158...ok
   - ecmul_1-2_340282366920938463463374607431768211456_21000_96_d0g3v0_Frontier...ok
   - ecmul_1-2_340282366920938463463374607431768211456_21000_96_d0g3v0_Homestead...ok
   - ecadd_1-3_0-0_21000_80_d0g0v0_Byzantium...ok
   - ecadd_1-3_0-0_21000_80_d0g0v0_EIP150...ok
   - ecadd_1-3_0-0_21000_80_d0g0v0_EIP158...ok
   - ecadd_1-3_0-0_21000_80_d0g0v0_Frontier...ok
   - ecadd_1-3_0-0_21000_80_d0g0v0_Homestead...ok
   - ecmul_1-3_340282366920938463463374607431768211456_28000_128_d0g0v0_Byzantium...ok
   - ecmul_1-3_340282366920938463463374607431768211456_28000_128_d0g0v0_EIP150...ok
   - ecmul_1-3_340282366920938463463374607431768211456_28000_128_d0g0v0_EIP158...ok
   - ecmul_1-3_340282366920938463463374607431768211456_28000_128_d0g0v0_Frontier...ok
   - ecmul_1-3_340282366920938463463374607431768211456_28000_128_d0g0v0_Homestead...ok
   - ecmul_0-0_340282366920938463463374607431768211456_21000_80_d0g0v0_Byzantium...ok
   - ecmul_0-0_340282366920938463463374607431768211456_21000_80_d0g0v0_EIP150...ok
   - ecmul_0-0_340282366920938463463374607431768211456_21000_80_d0g0v0_EIP158...ok
   - ecmul_0-0_340282366920938463463374607431768211456_21000_80_d0g0v0_Frontier...ok
   - ecmul_0-0_340282366920938463463374607431768211456_21000_80_d0g0v0_Homestead...ok
   - pointMulAdd2_d7g1v0_Byzantium...ok
   - pointMulAdd2_d7g1v0_EIP150...ok
   - pointMulAdd2_d7g1v0_EIP158...ok
   - pointMulAdd2_d7g1v0_Frontier...ok
   - pointMulAdd2_d7g1v0_Homestead...ok
   - pointMulAdd2_d8g0v0_Byzantium...ok
   - pointMulAdd2_d8g0v0_EIP150...ok
   - pointMulAdd2_d8g0v0_EIP158...ok
   - pointMulAdd2_d8g0v0_Frontier...ok
   - pointMulAdd2_d8g0v0_Homestead...ok
   - ecmul_1-2_2_21000_128_d0g2v0_Byzantium...ok
   - ecmul_1-2_2_21000_128_d0g2v0_EIP150...ok
   - ecmul_1-2_2_21000_128_d0g2v0_EIP158...ok
   - ecmul_1-2_2_21000_128_d0g2v0_Frontier...ok
   - ecmul_1-2_2_21000_128_d0g2v0_Homestead...ok
   - pointMulAdd2_d26g1v0_Byzantium...ok
   - pointMulAdd2_d26g1v0_EIP150...ok
   - pointMulAdd2_d26g1v0_EIP158...ok
   - pointMulAdd2_d26g1v0_Frontier...ok
   - pointMulAdd2_d26g1v0_Homestead...ok
   - ecmul_0-0_5617_21000_96_d0g1v0_Byzantium...ok
   - ecmul_0-0_5617_21000_96_d0g1v0_EIP150...ok
   - ecmul_0-0_5617_21000_96_d0g1v0_EIP158...ok
   - ecmul_0-0_5617_21000_96_d0g1v0_Frontier...ok
   - ecmul_0-0_5617_21000_96_d0g1v0_Homestead...ok
   - ecmul_0-3_0_21000_128_d0g1v0_Byzantium...ok
   - ecmul_0-3_0_21000_128_d0g1v0_EIP150...ok
   - ecmul_0-3_0_21000_128_d0g1v0_EIP158...ok
   - ecmul_0-3_0_21000_128_d0g1v0_Frontier...ok
   - ecmul_0-3_0_21000_128_d0g1v0_Homestead...ok
   - ecmul_1-3_0_21000_128_d0g1v0_Byzantium...ok
   - ecmul_1-3_0_21000_128_d0g1v0_EIP150...ok
   - ecmul_1-3_0_21000_128_d0g1v0_EIP158...ok
   - ecmul_1-3_0_21000_128_d0g1v0_Frontier...ok
   - ecmul_1-3_0_21000_128_d0g1v0_Homestead...ok
   - ecadd_1-2_1-2_21000_128_d0g0v0_Byzantium...ok
   - ecadd_1-2_1-2_21000_128_d0g0v0_EIP150...ok
   - ecadd_1-2_1-2_21000_128_d0g0v0_EIP158...ok
   - ecadd_1-2_1-2_21000_128_d0g0v0_Frontier...ok
   - ecadd_1-2_1-2_21000_128_d0g0v0_Homestead...ok
   - pointMulAdd2_d30g2v0_Byzantium...ok
   - pointMulAdd2_d30g2v0_EIP150...ok
   - pointMulAdd2_d30g2v0_EIP158...ok
   - pointMulAdd2_d30g2v0_Frontier...ok
   - pointMulAdd2_d30g2v0_Homestead...ok
   - ecmul_0-0_0_21000_96_d0g1v0_Byzantium...ok
   - ecmul_0-0_0_21000_96_d0g1v0_EIP150...ok
   - ecmul_0-0_0_21000_96_d0g1v0_EIP158...ok
   - ecmul_0-0_0_21000_96_d0g1v0_Frontier...ok
   - ecmul_0-0_0_21000_96_d0g1v0_Homestead...ok
   - ecadd_0-0_0-0_25000_192_d0g3v0_Byzantium...ok
   - ecadd_0-0_0-0_25000_192_d0g3v0_EIP150...ok
   - ecadd_0-0_0-0_25000_192_d0g3v0_EIP158...ok
   - ecadd_0-0_0-0_25000_192_d0g3v0_Frontier...ok
   - ecadd_0-0_0-0_25000_192_d0g3v0_Homestead...ok
   - ecmul_0-3_340282366920938463463374607431768211456_28000_80_d0g3v0_Byzantium...ok
   - ecmul_0-3_340282366920938463463374607431768211456_28000_80_d0g3v0_EIP150...ok
   - ecmul_0-3_340282366920938463463374607431768211456_28000_80_d0g3v0_EIP158...ok
   - ecmul_0-3_340282366920938463463374607431768211456_28000_80_d0g3v0_Frontier...ok
   - ecmul_0-3_340282366920938463463374607431768211456_28000_80_d0g3v0_Homestead...ok
   - ecmul_1-2_2_21000_96_d0g3v0_Byzantium...ok
   - ecmul_1-2_2_21000_96_d0g3v0_EIP150...ok
   - ecmul_1-2_2_21000_96_d0g3v0_EIP158...ok
   - ecmul_1-2_2_21000_96_d0g3v0_Frontier...ok
   - ecmul_1-2_2_21000_96_d0g3v0_Homestead...ok
   - ecmul_1-2_340282366920938463463374607431768211456_28000_128_d0g1v0_Byzantium...ok
   - ecmul_1-2_340282366920938463463374607431768211456_28000_128_d0g1v0_EIP150...ok
   - ecmul_1-2_340282366920938463463374607431768211456_28000_128_d0g1v0_EIP158...ok
   - ecmul_1-2_340282366920938463463374607431768211456_28000_128_d0g1v0_Frontier...ok
   - ecmul_1-2_340282366920938463463374607431768211456_28000_128_d0g1v0_Homestead...ok
   - ecmul_1-2_616_28000_96_d0g3v0_Byzantium...ok
   - ecmul_1-2_616_28000_96_d0g3v0_EIP150...ok
   - ecmul_1-2_616_28000_96_d0g3v0_EIP158...ok
   - ecmul_1-2_616_28000_96_d0g3v0_Frontier...ok
   - ecmul_1-2_616_28000_96_d0g3v0_Homestead...ok
   - pointMulAdd2_d9g2v0_Byzantium...ok
   - pointMulAdd2_d9g2v0_EIP150...ok
   - pointMulAdd2_d9g2v0_EIP158...ok
   - pointMulAdd2_d9g2v0_Frontier...ok
   - pointMulAdd2_d9g2v0_Homestead...ok
   - ecmul_0-0_0_28000_0_d0g3v0_Byzantium...ok
   - ecmul_0-0_0_28000_0_d0g3v0_EIP150...ok
   - ecmul_0-0_0_28000_0_d0g3v0_EIP158...ok
   - ecmul_0-0_0_28000_0_d0g3v0_Frontier...ok
   - ecmul_0-0_0_28000_0_d0g3v0_Homestead...ok
   - ecmul_7827-6598_0_28000_128_d0g0v0_Byzantium...ok
   - ecmul_7827-6598_0_28000_128_d0g0v0_EIP150...ok
   - ecmul_7827-6598_0_28000_128_d0g0v0_EIP158...ok
   - ecmul_7827-6598_0_28000_128_d0g0v0_Frontier...ok
   - ecmul_7827-6598_0_28000_128_d0g0v0_Homestead...ok
   - ecmul_1-3_340282366920938463463374607431768211456_28000_80_d0g2v0_Byzantium...ok
   - ecmul_1-3_340282366920938463463374607431768211456_28000_80_d0g2v0_EIP150...ok
   - ecmul_1-3_340282366920938463463374607431768211456_28000_80_d0g2v0_EIP158...ok
   - ecmul_1-3_340282366920938463463374607431768211456_28000_80_d0g2v0_Frontier...ok
   - ecmul_1-3_340282366920938463463374607431768211456_28000_80_d0g2v0_Homestead...ok
   - ecadd_1-2_1-2_25000_192_d0g3v0_Byzantium...ok
   - ecadd_1-2_1-2_25000_192_d0g3v0_EIP150...ok
   - ecadd_1-2_1-2_25000_192_d0g3v0_EIP158...ok
   - ecadd_1-2_1-2_25000_192_d0g3v0_Frontier...ok
   - ecadd_1-2_1-2_25000_192_d0g3v0_Homestead...ok
   - ecmul_1-3_0_28000_80_d0g1v0_Byzantium...ok
   - ecmul_1-3_0_28000_80_d0g1v0_EIP150...ok
   - ecmul_1-3_0_28000_80_d0g1v0_EIP158...ok
   - ecmul_1-3_0_28000_80_d0g1v0_Frontier...ok
   - ecmul_1-3_0_28000_80_d0g1v0_Homestead...ok
   - ecmul_1-3_0_21000_64_d0g3v0_Byzantium...ok
   - ecmul_1-3_0_21000_64_d0g3v0_EIP150...ok
   - ecmul_1-3_0_21000_64_d0g3v0_EIP158...ok
   - ecmul_1-3_0_21000_64_d0g3v0_Frontier...ok
   - ecmul_1-3_0_21000_64_d0g3v0_Homestead...ok
   - ecmul_1-2_0_21000_64_d0g3v0_Byzantium...ok
   - ecmul_1-2_0_21000_64_d0g3v0_EIP150...ok
   - ecmul_1-2_0_21000_64_d0g3v0_EIP158...ok
   - ecmul_1-2_0_21000_64_d0g3v0_Frontier...ok
   - ecmul_1-2_0_21000_64_d0g3v0_Homestead...ok
   - ecadd_1-2_0-0_21000_192_d0g3v0_Byzantium...ok
   - ecadd_1-2_0-0_21000_192_d0g3v0_EIP150...ok
   - ecadd_1-2_0-0_21000_192_d0g3v0_EIP158...ok
   - ecadd_1-2_0-0_21000_192_d0g3v0_Frontier...ok
   - ecadd_1-2_0-0_21000_192_d0g3v0_Homestead...ok
   - ecpairing_two_point_match_2_d0g1v0_Byzantium...ok
   - ecpairing_two_point_match_2_d0g1v0_EIP150...ok
   - ecpairing_two_point_match_2_d0g1v0_EIP158...ok
   - ecpairing_two_point_match_2_d0g1v0_Frontier...ok
   - ecpairing_two_point_match_2_d0g1v0_Homestead...ok
   - ecmul_1-3_9_21000_96_d0g1v0_Byzantium...ok
   - ecmul_1-3_9_21000_96_d0g1v0_EIP150...ok
   - ecmul_1-3_9_21000_96_d0g1v0_EIP158...ok
   - ecmul_1-3_9_21000_96_d0g1v0_Frontier...ok
   - ecmul_1-3_9_21000_96_d0g1v0_Homestead...ok
   - ecmul_7827-6598_1_21000_128_d0g1v0_Byzantium...ok
   - ecmul_7827-6598_1_21000_128_d0g1v0_EIP150...ok
   - ecmul_7827-6598_1_21000_128_d0g1v0_EIP158...ok
   - ecmul_7827-6598_1_21000_128_d0g1v0_Frontier...ok
   - ecmul_7827-6598_1_21000_128_d0g1v0_Homestead...ok
   - ecmul_0-3_0_28000_80_d0g2v0_Byzantium...ok
   - ecmul_0-3_0_28000_80_d0g2v0_EIP150...ok
   - ecmul_0-3_0_28000_80_d0g2v0_EIP158...ok
   - ecmul_0-3_0_28000_80_d0g2v0_Frontier...ok
   - ecmul_0-3_0_28000_80_d0g2v0_Homestead...ok
   - pointMulAdd_d7g0v0_Byzantium...ok
   - pointMulAdd_d7g0v0_EIP150...ok
   - pointMulAdd_d7g0v0_EIP158...ok
   - pointMulAdd_d7g0v0_Frontier...ok
   - pointMulAdd_d7g0v0_Homestead...ok
   - ecmul_7827-6598_0_28000_64_d0g1v0_Byzantium...ok
   - ecmul_7827-6598_0_28000_64_d0g1v0_EIP150...ok
   - ecmul_7827-6598_0_28000_64_d0g1v0_EIP158...ok
   - ecmul_7827-6598_0_28000_64_d0g1v0_Frontier...ok
   - ecmul_7827-6598_0_28000_64_d0g1v0_Homestead...ok
   - ecmul_1-2_5616_28000_128_d0g0v0_Byzantium...ok
   - ecmul_1-2_5616_28000_128_d0g0v0_EIP150...ok
   - ecmul_1-2_5616_28000_128_d0g0v0_EIP158...ok
   - ecmul_1-2_5616_28000_128_d0g0v0_Frontier...ok
   - ecmul_1-2_5616_28000_128_d0g0v0_Homestead...ok
   - ecpairing_perturb_g2_by_one_d0g0v0_Byzantium...ok
   - ecpairing_perturb_g2_by_one_d0g0v0_EIP150...ok
   - ecpairing_perturb_g2_by_one_d0g0v0_EIP158...ok
   - ecpairing_perturb_g2_by_one_d0g0v0_Frontier...ok
   - ecpairing_perturb_g2_by_one_d0g0v0_Homestead...ok
   - ecpairing_empty_data_d0g2v0_Byzantium...ok
   - ecpairing_empty_data_d0g2v0_EIP150...ok
   - ecpairing_empty_data_d0g2v0_EIP158...ok
   - ecpairing_empty_data_d0g2v0_Frontier...ok
   - ecpairing_empty_data_d0g2v0_Homestead...ok
   - ecmul_1-2_5617_21000_128_d0g3v0_Byzantium...ok
   - ecmul_1-2_5617_21000_128_d0g3v0_EIP150...ok
   - ecmul_1-2_5617_21000_128_d0g3v0_EIP158...ok
   - ecmul_1-2_5617_21000_128_d0g3v0_Frontier...ok
   - ecmul_1-2_5617_21000_128_d0g3v0_Homestead...ok
   - ecmul_1-3_9_21000_128_d0g3v0_Byzantium...ok
   - ecmul_1-3_9_21000_128_d0g3v0_EIP150...ok
   - ecmul_1-3_9_21000_128_d0g3v0_EIP158...ok
   - ecmul_1-3_9_21000_128_d0g3v0_Frontier...ok
   - ecmul_1-3_9_21000_128_d0g3v0_Homestead...ok
   - ecmul_7827-6598_9935_21000_96_d0g0v0_Byzantium...ok
   - ecmul_7827-6598_9935_21000_96_d0g0v0_EIP150...ok
   - ecmul_7827-6598_9935_21000_96_d0g0v0_EIP158...ok
   - ecmul_7827-6598_9935_21000_96_d0g0v0_Frontier...ok
   - ecmul_7827-6598_9935_21000_96_d0g0v0_Homestead...ok
   - ecmul_0-0_340282366920938463463374607431768211456_21000_80_d0g3v0_Byzantium...ok
   - ecmul_0-0_340282366920938463463374607431768211456_21000_80_d0g3v0_EIP150...ok
   - ecmul_0-0_340282366920938463463374607431768211456_21000_80_d0g3v0_EIP158...ok
   - ecmul_0-0_340282366920938463463374607431768211456_21000_80_d0g3v0_Frontier...ok
   - ecmul_0-0_340282366920938463463374607431768211456_21000_80_d0g3v0_Homestead...ok
   - ecmul_7827-6598_5617_28000_128_d0g1v0_Byzantium...ok
   - ecmul_7827-6598_5617_28000_128_d0g1v0_EIP150...ok
   - ecmul_7827-6598_5617_28000_128_d0g1v0_EIP158...ok
   - ecmul_7827-6598_5617_28000_128_d0g1v0_Frontier...ok
   - ecmul_7827-6598_5617_28000_128_d0g1v0_Homestead...ok
   - ecmul_7827-6598_0_21000_80_d0g1v0_Byzantium...ok
   - ecmul_7827-6598_0_21000_80_d0g1v0_EIP150...ok
   - ecmul_7827-6598_0_21000_80_d0g1v0_EIP158...ok
   - ecmul_7827-6598_0_21000_80_d0g1v0_Frontier...ok
   - ecmul_7827-6598_0_21000_80_d0g1v0_Homestead...ok
   - ecmul_1-2_9_21000_96_d0g0v0_Byzantium...ok
   - ecmul_1-2_9_21000_96_d0g0v0_EIP150...ok
   - ecmul_1-2_9_21000_96_d0g0v0_EIP158...ok
   - ecmul_1-2_9_21000_96_d0g0v0_Frontier...ok
   - ecmul_1-2_9_21000_96_d0g0v0_Homestead...ok
   - ecmul_1-3_5617_28000_128_d0g1v0_Byzantium...ok
   - ecmul_1-3_5617_28000_128_d0g1v0_EIP150...ok
   - ecmul_1-3_5617_28000_128_d0g1v0_EIP158...ok
   - ecmul_1-3_5617_28000_128_d0g1v0_Frontier...ok
   - ecmul_1-3_5617_28000_128_d0g1v0_Homestead...ok
   - ecadd_0-0_0-0_25000_0_d0g3v0_Byzantium...ok
   - ecadd_0-0_0-0_25000_0_d0g3v0_EIP150...ok
   - ecadd_0-0_0-0_25000_0_d0g3v0_EIP158...ok
   - ecadd_0-0_0-0_25000_0_d0g3v0_Frontier...ok
   - ecadd_0-0_0-0_25000_0_d0g3v0_Homestead...ok
   - ecmul_7827-6598_9935_28000_128_d0g3v0_Byzantium...ok
   - ecmul_7827-6598_9935_28000_128_d0g3v0_EIP150...ok
   - ecmul_7827-6598_9935_28000_128_d0g3v0_EIP158...ok
   - ecmul_7827-6598_9935_28000_128_d0g3v0_Frontier...ok
   - ecmul_7827-6598_9935_28000_128_d0g3v0_Homestead...ok
   - ecadd_0-0_0-0_25000_192_d0g1v0_Byzantium...ok
   - ecadd_0-0_0-0_25000_192_d0g1v0_EIP150...ok
   - ecadd_0-0_0-0_25000_192_d0g1v0_EIP158...ok
   - ecadd_0-0_0-0_25000_192_d0g1v0_Frontier...ok
   - ecadd_0-0_0-0_25000_192_d0g1v0_Homestead...ok
   - ecmul_1-2_340282366920938463463374607431768211456_28000_128_d0g2v0_Byzantium...ok
   - ecmul_1-2_340282366920938463463374607431768211456_28000_128_d0g2v0_EIP150...ok
   - ecmul_1-2_340282366920938463463374607431768211456_28000_128_d0g2v0_EIP158...ok
   - ecmul_1-2_340282366920938463463374607431768211456_28000_128_d0g2v0_Frontier...ok
   - ecmul_1-2_340282366920938463463374607431768211456_28000_128_d0g2v0_Homestead...ok
   - ecmul_1-2_1_21000_96_d0g0v0_Byzantium...ok
   - ecmul_1-2_1_21000_96_d0g0v0_EIP150...ok
   - ecmul_1-2_1_21000_96_d0g0v0_EIP158...ok
   - ecmul_1-2_1_21000_96_d0g0v0_Frontier...ok
   - ecmul_1-2_1_21000_96_d0g0v0_Homestead...ok
   - ecmul_7827-6598_2_28000_96_d0g1v0_Byzantium...ok
   - ecmul_7827-6598_2_28000_96_d0g1v0_EIP150...ok
   - ecmul_7827-6598_2_28000_96_d0g1v0_EIP158...ok
   - ecmul_7827-6598_2_28000_96_d0g1v0_Frontier...ok
   - ecmul_7827-6598_2_28000_96_d0g1v0_Homestead...ok
   - ecpairing_perturb_zeropoint_by_one_d0g0v0_Byzantium...ok
   - ecpairing_perturb_zeropoint_by_one_d0g0v0_EIP150...ok
   - ecpairing_perturb_zeropoint_by_one_d0g0v0_EIP158...ok
   - ecpairing_perturb_zeropoint_by_one_d0g0v0_Frontier...ok
   - ecpairing_perturb_zeropoint_by_one_d0g0v0_Homestead...ok
   - ecpairing_three_point_match_1_d0g2v0_Byzantium...ok
   - ecpairing_three_point_match_1_d0g2v0_EIP150...ok
   - ecpairing_three_point_match_1_d0g2v0_EIP158...ok
   - ecpairing_three_point_match_1_d0g2v0_Frontier...ok
   - ecpairing_three_point_match_1_d0g2v0_Homestead...ok
   - ecmul_7827-6598_2_21000_128_d0g0v0_Byzantium...ok
   - ecmul_7827-6598_2_21000_128_d0g0v0_EIP150...ok
   - ecmul_7827-6598_2_21000_128_d0g0v0_EIP158...ok
   - ecmul_7827-6598_2_21000_128_d0g0v0_Frontier...ok
   - ecmul_7827-6598_2_21000_128_d0g0v0_Homestead...ok
   - ecmul_7827-6598_5617_21000_96_d0g1v0_Byzantium...ok
   - ecmul_7827-6598_5617_21000_96_d0g1v0_EIP150...ok
   - ecmul_7827-6598_5617_21000_96_d0g1v0_EIP158...ok
   - ecmul_7827-6598_5617_21000_96_d0g1v0_Frontier...ok
   - ecmul_7827-6598_5617_21000_96_d0g1v0_Homestead...ok
   - ecmul_7827-6598_9935_21000_96_d0g2v0_Byzantium...ok
   - ecmul_7827-6598_9935_21000_96_d0g2v0_EIP150...ok
   - ecmul_7827-6598_9935_21000_96_d0g2v0_EIP158...ok
   - ecmul_7827-6598_9935_21000_96_d0g2v0_Frontier...ok
   - ecmul_7827-6598_9935_21000_96_d0g2v0_Homestead...ok
   - ecmul_7827-6598_9_28000_128_d0g0v0_Byzantium...ok
   - ecmul_7827-6598_9_28000_128_d0g0v0_EIP150...ok
   - ecmul_7827-6598_9_28000_128_d0g0v0_EIP158...ok
   - ecmul_7827-6598_9_28000_128_d0g0v0_Frontier...ok
   - ecmul_7827-6598_9_28000_128_d0g0v0_Homestead...ok
   - pointMulAdd2_d27g2v0_Byzantium...ok
   - pointMulAdd2_d27g2v0_EIP150...ok
   - pointMulAdd2_d27g2v0_EIP158...ok
   - pointMulAdd2_d27g2v0_Frontier...ok
   - pointMulAdd2_d27g2v0_Homestead...ok
   - ecmul_1-2_0_21000_128_d0g1v0_Byzantium...ok
   - ecmul_1-2_0_21000_128_d0g1v0_EIP150...ok
   - ecmul_1-2_0_21000_128_d0g1v0_EIP158...ok
   - ecmul_1-2_0_21000_128_d0g1v0_Frontier...ok
   - ecmul_1-2_0_21000_128_d0g1v0_Homestead...ok
   - ecadd_0-0_1-2_25000_128_d0g0v0_Byzantium...ok
   - ecadd_0-0_1-2_25000_128_d0g0v0_EIP150...ok
   - ecadd_0-0_1-2_25000_128_d0g0v0_EIP158...ok
   - ecadd_0-0_1-2_25000_128_d0g0v0_Frontier...ok
   - ecadd_0-0_1-2_25000_128_d0g0v0_Homestead...ok
   - pointMulAdd2_d1g0v0_Byzantium...ok
   - pointMulAdd2_d1g0v0_EIP150...ok
   - pointMulAdd2_d1g0v0_EIP158...ok
   - pointMulAdd2_d1g0v0_Frontier...ok
   - pointMulAdd2_d1g0v0_Homestead...ok
   - pointAdd_d0g0v0_Byzantium...ok
   - pointAdd_d0g0v0_EIP150...ok
   - pointAdd_d0g0v0_EIP158...ok
   - pointAdd_d0g0v0_Frontier...ok
   - pointAdd_d0g0v0_Homestead...ok
   - ecadd_1-3_0-0_25000_80_d0g3v0_Byzantium...ok
   - ecadd_1-3_0-0_25000_80_d0g3v0_EIP150...ok
   - ecadd_1-3_0-0_25000_80_d0g3v0_EIP158...ok
   - ecadd_1-3_0-0_25000_80_d0g3v0_Frontier...ok
   - ecadd_1-3_0-0_25000_80_d0g3v0_Homestead...ok
   - ecmul_7827-6598_5616_28000_96_d0g0v0_Byzantium...ok
   - ecmul_7827-6598_5616_28000_96_d0g0v0_EIP150...ok
   - ecmul_7827-6598_5616_28000_96_d0g0v0_EIP158...ok
   - ecmul_7827-6598_5616_28000_96_d0g0v0_Frontier...ok
   - ecmul_7827-6598_5616_28000_96_d0g0v0_Homestead...ok
   - ecmul_1-3_5616_28000_128_d0g2v0_Byzantium...ok
   - ecmul_1-3_5616_28000_128_d0g2v0_EIP150...ok
   - ecmul_1-3_5616_28000_128_d0g2v0_EIP158...ok
   - ecmul_1-3_5616_28000_128_d0g2v0_Frontier...ok
   - ecmul_1-3_5616_28000_128_d0g2v0_Homestead...ok
   - pointMulAdd2_d5g2v0_Byzantium...ok
   - pointMulAdd2_d5g2v0_EIP150...ok
   - pointMulAdd2_d5g2v0_EIP158...ok
   - pointMulAdd2_d5g2v0_Frontier...ok
   - pointMulAdd2_d5g2v0_Homestead...ok
   - ecadd_1145-3932_1145-4651_21000_192_d0g3v0_Byzantium...ok
   - ecadd_1145-3932_1145-4651_21000_192_d0g3v0_EIP150...ok
   - ecadd_1145-3932_1145-4651_21000_192_d0g3v0_EIP158...ok
   - ecadd_1145-3932_1145-4651_21000_192_d0g3v0_Frontier...ok
   - ecadd_1145-3932_1145-4651_21000_192_d0g3v0_Homestead...ok
   - ecmul_1-2_0_28000_80_d0g2v0_Byzantium...ok
   - ecmul_1-2_0_28000_80_d0g2v0_EIP150...ok
   - ecmul_1-2_0_28000_80_d0g2v0_EIP158...ok
   - ecmul_1-2_0_28000_80_d0g2v0_Frontier...ok
   - ecmul_1-2_0_28000_80_d0g2v0_Homestead...ok
   - pointMulAdd2_d33g2v0_Byzantium...ok
   - pointMulAdd2_d33g2v0_EIP150...ok
   - pointMulAdd2_d33g2v0_EIP158...ok
   - pointMulAdd2_d33g2v0_Frontier...ok
   - pointMulAdd2_d33g2v0_Homestead...ok
   - pointAdd_d7g3v0_Byzantium...ok
   - pointAdd_d7g3v0_EIP150...ok
   - pointAdd_d7g3v0_EIP158...ok
   - pointAdd_d7g3v0_Frontier...ok
   - pointAdd_d7g3v0_Homestead...ok
   - pointMulAdd2_d4g0v0_Byzantium...ok
   - pointMulAdd2_d4g0v0_EIP150...ok
   - pointMulAdd2_d4g0v0_EIP158...ok
   - pointMulAdd2_d4g0v0_Frontier...ok
   - pointMulAdd2_d4g0v0_Homestead...ok
   - ecmul_0-3_0_28000_128_d0g1v0_Byzantium...ok
   - ecmul_0-3_0_28000_128_d0g1v0_EIP150...ok
   - ecmul_0-3_0_28000_128_d0g1v0_EIP158...ok
   - ecmul_0-3_0_28000_128_d0g1v0_Frontier...ok
   - ecmul_0-3_0_28000_128_d0g1v0_Homestead...ok
   - ecmul_0-0_340282366920938463463374607431768211456_28000_80_d0g2v0_Byzantium...ok
   - ecmul_0-0_340282366920938463463374607431768211456_28000_80_d0g2v0_EIP150...ok
   - ecmul_0-0_340282366920938463463374607431768211456_28000_80_d0g2v0_EIP158...ok
   - ecmul_0-0_340282366920938463463374607431768211456_28000_80_d0g2v0_Frontier...ok
   - ecmul_0-0_340282366920938463463374607431768211456_28000_80_d0g2v0_Homestead...ok
   - ecadd_0-3_1-2_25000_128_d0g1v0_Byzantium...ok
   - ecadd_0-3_1-2_25000_128_d0g1v0_EIP150...ok
   - ecadd_0-3_1-2_25000_128_d0g1v0_EIP158...ok
   - ecadd_0-3_1-2_25000_128_d0g1v0_Frontier...ok
   - ecadd_0-3_1-2_25000_128_d0g1v0_Homestead...ok
   - ecmul_0-3_340282366920938463463374607431768211456_28000_96_d0g3v0_Byzantium...ok
   - ecmul_0-3_340282366920938463463374607431768211456_28000_96_d0g3v0_EIP150...ok
   - ecmul_0-3_340282366920938463463374607431768211456_28000_96_d0g3v0_EIP158...ok
   - ecmul_0-3_340282366920938463463374607431768211456_28000_96_d0g3v0_Frontier...ok
   - ecmul_0-3_340282366920938463463374607431768211456_28000_96_d0g3v0_Homestead...ok
   - ecpairing_perturb_g2_by_one_d0g1v0_Byzantium...ok
   - ecpairing_perturb_g2_by_one_d0g1v0_EIP150...ok
   - ecpairing_perturb_g2_by_one_d0g1v0_EIP158...ok
   - ecpairing_perturb_g2_by_one_d0g1v0_Frontier...ok
   - ecpairing_perturb_g2_by_one_d0g1v0_Homestead...ok
   - pointMulAdd2_d32g2v0_Byzantium...ok
   - pointMulAdd2_d32g2v0_EIP150...ok
   - pointMulAdd2_d32g2v0_EIP158...ok
   - pointMulAdd2_d32g2v0_Frontier...ok
   - pointMulAdd2_d32g2v0_Homestead...ok
   - ecmul_0-3_0_28000_96_d0g3v0_Byzantium...ok
   - ecmul_0-3_0_28000_96_d0g3v0_EIP150...ok
   - ecmul_0-3_0_28000_96_d0g3v0_EIP158...ok
   - ecmul_0-3_0_28000_96_d0g3v0_Frontier...ok
   - ecmul_0-3_0_28000_96_d0g3v0_Homestead...ok
   - pointMulAdd2_d37g0v0_Byzantium...ok
   - pointMulAdd2_d37g0v0_EIP150...ok
   - pointMulAdd2_d37g0v0_EIP158...ok
   - pointMulAdd2_d37g0v0_Frontier...ok
   - pointMulAdd2_d37g0v0_Homestead...ok
   - pairingTest_d3g0v0_Byzantium...ok
   - pairingTest_d3g0v0_EIP150...ok
   - pairingTest_d3g0v0_EIP158...ok
   - pairingTest_d3g0v0_Frontier...ok
   - pairingTest_d3g0v0_Homestead...ok
   - ecmul_0-0_0_28000_64_d0g2v0_Byzantium...ok
   - ecmul_0-0_0_28000_64_d0g2v0_EIP150...ok
   - ecmul_0-0_0_28000_64_d0g2v0_EIP158...ok
   - ecmul_0-0_0_28000_64_d0g2v0_Frontier...ok
   - ecmul_0-0_0_28000_64_d0g2v0_Homestead...ok
   - ecmul_0-0_5617_28000_128_d0g0v0_Byzantium...ok
   - ecmul_0-0_5617_28000_128_d0g0v0_EIP150...ok
   - ecmul_0-0_5617_28000_128_d0g0v0_EIP158...ok
   - ecmul_0-0_5617_28000_128_d0g0v0_Frontier...ok
   - ecmul_0-0_5617_28000_128_d0g0v0_Homestead...ok
   - ecpairing_one_point_with_g2_zero_d0g2v0_Byzantium...ok
   - ecpairing_one_point_with_g2_zero_d0g2v0_EIP150...ok
   - ecpairing_one_point_with_g2_zero_d0g2v0_EIP158...ok
   - ecpairing_one_point_with_g2_zero_d0g2v0_Frontier...ok
   - ecpairing_one_point_with_g2_zero_d0g2v0_Homestead...ok
   - pointMulAdd_d8g3v0_Byzantium...ok
   - pointMulAdd_d8g3v0_EIP150...ok
   - pointMulAdd_d8g3v0_EIP158...ok
   - pointMulAdd_d8g3v0_Frontier...ok
   - pointMulAdd_d8g3v0_Homestead...ok
   - pointAdd_d1g1v0_Byzantium...ok
   - pointAdd_d1g1v0_EIP150...ok
   - pointAdd_d1g1v0_EIP158...ok
   - pointAdd_d1g1v0_Frontier...ok
   - pointAdd_d1g1v0_Homestead...ok
   - ecpairing_perturb_zeropoint_by_curve_order_d0g2v0_Byzantium...ok
   - ecpairing_perturb_zeropoint_by_curve_order_d0g2v0_EIP150...ok
   - ecpairing_perturb_zeropoint_by_curve_order_d0g2v0_EIP158...ok
   - ecpairing_perturb_zeropoint_by_curve_order_d0g2v0_Frontier...ok
   - ecpairing_perturb_zeropoint_by_curve_order_d0g2v0_Homestead...ok
   - pointMulAdd_d2g0v0_Byzantium...ok
   - pointMulAdd_d2g0v0_EIP150...ok
   - pointMulAdd_d2g0v0_EIP158...ok
   - pointMulAdd_d2g0v0_Frontier...ok
   - pointMulAdd_d2g0v0_Homestead...ok
   - ecadd_1-2_0-0_25000_192_d0g0v0_Byzantium...ok
   - ecadd_1-2_0-0_25000_192_d0g0v0_EIP150...ok
   - ecadd_1-2_0-0_25000_192_d0g0v0_EIP158...ok
   - ecadd_1-2_0-0_25000_192_d0g0v0_Frontier...ok
   - ecadd_1-2_0-0_25000_192_d0g0v0_Homestead...ok
   - pointAddTrunc_d3g3v0_Byzantium...ok
   - pointAddTrunc_d3g3v0_EIP150...ok
   - pointAddTrunc_d3g3v0_EIP158...ok
   - pointAddTrunc_d3g3v0_Frontier...ok
   - pointAddTrunc_d3g3v0_Homestead...ok
   - ecmul_1-3_5617_21000_96_d0g3v0_Byzantium...ok
   - ecmul_1-3_5617_21000_96_d0g3v0_EIP150...ok
   - ecmul_1-3_5617_21000_96_d0g3v0_EIP158...ok
   - ecmul_1-3_5617_21000_96_d0g3v0_Frontier...ok
   - ecmul_1-3_5617_21000_96_d0g3v0_Homestead...ok
   - ecmul_7827-6598_1_28000_96_d0g1v0_Byzantium...ok
   - ecmul_7827-6598_1_28000_96_d0g1v0_EIP150...ok
   - ecmul_7827-6598_1_28000_96_d0g1v0_EIP158...ok
   - ecmul_7827-6598_1_28000_96_d0g1v0_Frontier...ok
   - ecmul_7827-6598_1_28000_96_d0g1v0_Homestead...ok
   - ecmul_0-3_9_21000_96_d0g1v0_Byzantium...ok
   - ecmul_0-3_9_21000_96_d0g1v0_EIP150...ok
   - ecmul_0-3_9_21000_96_d0g1v0_EIP158...ok
   - ecmul_0-3_9_21000_96_d0g1v0_Frontier...ok
   - ecmul_0-3_9_21000_96_d0g1v0_Homestead...ok
   - ecmul_7827-6598_9_28000_128_d0g1v0_Byzantium...ok
   - ecmul_7827-6598_9_28000_128_d0g1v0_EIP150...ok
   - ecmul_7827-6598_9_28000_128_d0g1v0_EIP158...ok
   - ecmul_7827-6598_9_28000_128_d0g1v0_Frontier...ok
   - ecmul_7827-6598_9_28000_128_d0g1v0_Homestead...ok
   - ecadd_0-0_0-0_25000_64_d0g2v0_Byzantium...ok
   - ecadd_0-0_0-0_25000_64_d0g2v0_EIP150...ok
   - ecadd_0-0_0-0_25000_64_d0g2v0_EIP158...ok
   - ecadd_0-0_0-0_25000_64_d0g2v0_Frontier...ok
   - ecadd_0-0_0-0_25000_64_d0g2v0_Homestead...ok
   - pointMulAdd2_d29g1v0_Byzantium...ok
   - pointMulAdd2_d29g1v0_EIP150...ok
   - pointMulAdd2_d29g1v0_EIP158...ok
   - pointMulAdd2_d29g1v0_Frontier...ok
   - pointMulAdd2_d29g1v0_Homestead...ok
   - ecmul_0-0_5616_28000_128_d0g3v0_Byzantium...ok
   - ecmul_0-0_5616_28000_128_d0g3v0_EIP150...ok
   - ecmul_0-0_5616_28000_128_d0g3v0_EIP158...ok
   - ecmul_0-0_5616_28000_128_d0g3v0_Frontier...ok
   - ecmul_0-0_5616_28000_128_d0g3v0_Homestead...ok
   - ecmul_1-2_0_28000_128_d0g0v0_Byzantium...ok
   - ecmul_1-2_0_28000_128_d0g0v0_EIP150...ok
   - ecmul_1-2_0_28000_128_d0g0v0_EIP158...ok
   - ecmul_1-2_0_28000_128_d0g0v0_Frontier...ok
   - ecmul_1-2_0_28000_128_d0g0v0_Homestead...ok
   - pairingTest_d2g1v0_Byzantium...ok
   - pairingTest_d2g1v0_EIP150...ok
   - pairingTest_d2g1v0_EIP158...ok
   - pairingTest_d2g1v0_Frontier...ok
   - pairingTest_d2g1v0_Homestead...ok
   - pointMulAdd2_d11g0v0_Byzantium...ok
   - pointMulAdd2_d11g0v0_EIP150...ok
   - pointMulAdd2_d11g0v0_EIP158...ok
   - pointMulAdd2_d11g0v0_Frontier...ok
   - pointMulAdd2_d11g0v0_Homestead...ok
   - ecmul_0-0_340282366920938463463374607431768211456_28000_128_d0g0v0_Byzantium...ok
   - ecmul_0-0_340282366920938463463374607431768211456_28000_128_d0g0v0_EIP150...ok
   - ecmul_0-0_340282366920938463463374607431768211456_28000_128_d0g0v0_EIP158...ok
   - ecmul_0-0_340282366920938463463374607431768211456_28000_128_d0g0v0_Frontier...ok
   - ecmul_0-0_340282366920938463463374607431768211456_28000_128_d0g0v0_Homestead...ok
   - pointAddTrunc_d8g0v0_Byzantium...ok
   - pointAddTrunc_d8g0v0_EIP150...ok
   - pointAddTrunc_d8g0v0_EIP158...ok
   - pointAddTrunc_d8g0v0_Frontier...ok
   - pointAddTrunc_d8g0v0_Homestead...ok
   - ecmul_7827-6598_2_28000_128_d0g2v0_Byzantium...ok
   - ecmul_7827-6598_2_28000_128_d0g2v0_EIP150...ok
   - ecmul_7827-6598_2_28000_128_d0g2v0_EIP158...ok
   - ecmul_7827-6598_2_28000_128_d0g2v0_Frontier...ok
   - ecmul_7827-6598_2_28000_128_d0g2v0_Homestead...ok
   - ecpairing_one_point_fail_d0g0v0_Byzantium...ok
   - ecpairing_one_point_fail_d0g0v0_EIP150...ok
   - ecpairing_one_point_fail_d0g0v0_EIP158...ok
   - ecpairing_one_point_fail_d0g0v0_Frontier...ok
   - ecpairing_one_point_fail_d0g0v0_Homestead...ok
   - pointAdd_d2g0v0_Byzantium...ok
   - pointAdd_d2g0v0_EIP150...ok
   - pointAdd_d2g0v0_EIP158...ok
   - pointAdd_d2g0v0_Frontier...ok
   - pointAdd_d2g0v0_Homestead...ok
   - ecmul_1-3_9935_28000_96_d0g0v0_Byzantium...ok
   - ecmul_1-3_9935_28000_96_d0g0v0_EIP150...ok
   - ecmul_1-3_9935_28000_96_d0g0v0_EIP158...ok
   - ecmul_1-3_9935_28000_96_d0g0v0_Frontier...ok
   - ecmul_1-3_9935_28000_96_d0g0v0_Homestead...ok
   - pointAddTrunc_d4g2v0_Byzantium...ok
   - pointAddTrunc_d4g2v0_EIP150...ok
   - pointAddTrunc_d4g2v0_EIP158...ok
   - pointAddTrunc_d4g2v0_Frontier...ok
   - pointAddTrunc_d4g2v0_Homestead...ok
   - ecmul_7827-6598_2_28000_96_d0g3v0_Byzantium...ok
   - ecmul_7827-6598_2_28000_96_d0g3v0_EIP150...ok
   - ecmul_7827-6598_2_28000_96_d0g3v0_EIP158...ok
   - ecmul_7827-6598_2_28000_96_d0g3v0_Frontier...ok
   - ecmul_7827-6598_2_28000_96_d0g3v0_Homestead...ok
   - ecmul_0-0_2_28000_96_d0g1v0_Byzantium...ok
   - ecmul_0-0_2_28000_96_d0g1v0_EIP150...ok
   - ecmul_0-0_2_28000_96_d0g1v0_EIP158...ok
   - ecmul_0-0_2_28000_96_d0g1v0_Frontier...ok
   - ecmul_0-0_2_28000_96_d0g1v0_Homestead...ok
   - ecadd_0-0_1-3_25000_128_d0g1v0_Byzantium...ok
   - ecadd_0-0_1-3_25000_128_d0g1v0_EIP150...ok
   - ecadd_0-0_1-3_25000_128_d0g1v0_EIP158...ok
   - ecadd_0-0_1-3_25000_128_d0g1v0_Frontier...ok
   - ecadd_0-0_1-3_25000_128_d0g1v0_Homestead...ok
   - ecmul_1-2_0_21000_64_d0g0v0_Byzantium...ok
   - ecmul_1-2_0_21000_64_d0g0v0_EIP150...ok
   - ecmul_1-2_0_21000_64_d0g0v0_EIP158...ok
   - ecmul_1-2_0_21000_64_d0g0v0_Frontier...ok
   - ecmul_1-2_0_21000_64_d0g0v0_Homestead...ok
   - ecmul_1-2_5617_28000_96_d0g2v0_Byzantium...ok
   - ecmul_1-2_5617_28000_96_d0g2v0_EIP150...ok
   - ecmul_1-2_5617_28000_96_d0g2v0_EIP158...ok
   - ecmul_1-2_5617_28000_96_d0g2v0_Frontier...ok
   - ecmul_1-2_5617_28000_96_d0g2v0_Homestead...ok
   - pointMulAdd2_d6g0v0_Byzantium...ok
   - pointMulAdd2_d6g0v0_EIP150...ok
   - pointMulAdd2_d6g0v0_EIP158...ok
   - pointMulAdd2_d6g0v0_Frontier...ok
   - pointMulAdd2_d6g0v0_Homestead...ok
   - ecmul_1-2_9935_21000_128_d0g3v0_Byzantium...ok
   - ecmul_1-2_9935_21000_128_d0g3v0_EIP150...ok
   - ecmul_1-2_9935_21000_128_d0g3v0_EIP158...ok
   - ecmul_1-2_9935_21000_128_d0g3v0_Frontier...ok
   - ecmul_1-2_9935_21000_128_d0g3v0_Homestead...ok
   - ecpairing_two_point_match_1_d0g0v0_Byzantium...ok
   - ecpairing_two_point_match_1_d0g0v0_EIP150...ok
   - ecpairing_two_point_match_1_d0g0v0_EIP158...ok
   - ecpairing_two_point_match_1_d0g0v0_Frontier...ok
   - ecpairing_two_point_match_1_d0g0v0_Homestead...ok
   - ecadd_0-0_0-0_21000_192_d0g0v0_Byzantium...ok
   - ecadd_0-0_0-0_21000_192_d0g0v0_EIP150...ok
   - ecadd_0-0_0-0_21000_192_d0g0v0_EIP158...ok
   - ecadd_0-0_0-0_21000_192_d0g0v0_Frontier...ok
   - ecadd_0-0_0-0_21000_192_d0g0v0_Homestead...ok
   - pointAddTrunc_d9g1v0_Byzantium...ok
   - pointAddTrunc_d9g1v0_EIP150...ok
   - pointAddTrunc_d9g1v0_EIP158...ok
   - pointAddTrunc_d9g1v0_Frontier...ok
   - pointAddTrunc_d9g1v0_Homestead...ok
   - ecadd_1145-3932_2969-1336_21000_128_d0g0v0_Byzantium...ok
   - ecadd_1145-3932_2969-1336_21000_128_d0g0v0_EIP150...ok
   - ecadd_1145-3932_2969-1336_21000_128_d0g0v0_EIP158...ok
   - ecadd_1145-3932_2969-1336_21000_128_d0g0v0_Frontier...ok
   - ecadd_1145-3932_2969-1336_21000_128_d0g0v0_Homestead...ok
   - ecmul_0-0_0_28000_96_d0g1v0_Byzantium...ok
   - ecmul_0-0_0_28000_96_d0g1v0_EIP150...ok
   - ecmul_0-0_0_28000_96_d0g1v0_EIP158...ok
   - ecmul_0-0_0_28000_96_d0g1v0_Frontier...ok
   - ecmul_0-0_0_28000_96_d0g1v0_Homestead...ok
   - ecmul_1-2_9_28000_96_d0g0v0_Byzantium...ok
   - ecmul_1-2_9_28000_96_d0g0v0_EIP150...ok
   - ecmul_1-2_9_28000_96_d0g0v0_EIP158...ok
   - ecmul_1-2_9_28000_96_d0g0v0_Frontier...ok
   - ecmul_1-2_9_28000_96_d0g0v0_Homestead...ok
   - pairingTest_d3g1v0_Byzantium...ok
   - pairingTest_d3g1v0_EIP150...ok
   - pairingTest_d3g1v0_EIP158...ok
   - pairingTest_d3g1v0_Frontier...ok
   - pairingTest_d3g1v0_Homestead...ok
   - pointMulAdd_d0g3v0_Byzantium...ok
   - pointMulAdd_d0g3v0_EIP150...ok
   - pointMulAdd_d0g3v0_EIP158...ok
   - pointMulAdd_d0g3v0_Frontier...ok
   - pointMulAdd_d0g3v0_Homestead...ok
   - ecmul_1-3_2_21000_96_d0g3v0_Byzantium...ok
   - ecmul_1-3_2_21000_96_d0g3v0_EIP150...ok
   - ecmul_1-3_2_21000_96_d0g3v0_EIP158...ok
   - ecmul_1-3_2_21000_96_d0g3v0_Frontier...ok
   - ecmul_1-3_2_21000_96_d0g3v0_Homestead...ok
   - ecmul_0-0_340282366920938463463374607431768211456_21000_80_d0g2v0_Byzantium...ok
   - ecmul_0-0_340282366920938463463374607431768211456_21000_80_d0g2v0_EIP150...ok
   - ecmul_0-0_340282366920938463463374607431768211456_21000_80_d0g2v0_EIP158...ok
   - ecmul_0-0_340282366920938463463374607431768211456_21000_80_d0g2v0_Frontier...ok
   - ecmul_0-0_340282366920938463463374607431768211456_21000_80_d0g2v0_Homestead...ok
   - pointMulAdd2_d12g1v0_Byzantium...ok
   - pointMulAdd2_d12g1v0_EIP150...ok
   - pointMulAdd2_d12g1v0_EIP158...ok
   - pointMulAdd2_d12g1v0_Frontier...ok
   - pointMulAdd2_d12g1v0_Homestead...ok
   - ecmul_0-0_9935_28000_96_d0g0v0_Byzantium...ok
   - ecmul_0-0_9935_28000_96_d0g0v0_EIP150...ok
   - ecmul_0-0_9935_28000_96_d0g0v0_EIP158...ok
   - ecmul_0-0_9935_28000_96_d0g0v0_Frontier...ok
   - ecmul_0-0_9935_28000_96_d0g0v0_Homestead...ok
   - ecmul_1-3_2_21000_128_d0g0v0_Byzantium...ok
   - ecmul_1-3_2_21000_128_d0g0v0_EIP150...ok
   - ecmul_1-3_2_21000_128_d0g0v0_EIP158...ok
   - ecmul_1-3_2_21000_128_d0g0v0_Frontier...ok
   - ecmul_1-3_2_21000_128_d0g0v0_Homestead...ok
   - ecpairing_two_point_oog_d0g3v0_Byzantium...ok
   - ecpairing_two_point_oog_d0g3v0_EIP150...ok
   - ecpairing_two_point_oog_d0g3v0_EIP158...ok
   - ecpairing_two_point_oog_d0g3v0_Frontier...ok
   - ecpairing_two_point_oog_d0g3v0_Homestead...ok
   - ecmul_0-3_2_21000_128_d0g2v0_Byzantium...ok
   - ecmul_0-3_2_21000_128_d0g2v0_EIP150...ok
   - ecmul_0-3_2_21000_128_d0g2v0_EIP158...ok
   - ecmul_0-3_2_21000_128_d0g2v0_Frontier...ok
   - ecmul_0-3_2_21000_128_d0g2v0_Homestead...ok
   - pointMulAdd2_d19g3v0_Byzantium...ok
   - pointMulAdd2_d19g3v0_EIP150...ok
   - pointMulAdd2_d19g3v0_EIP158...ok
   - pointMulAdd2_d19g3v0_Frontier...ok
   - pointMulAdd2_d19g3v0_Homestead...ok
   - pointMulAdd_d7g2v0_Byzantium...ok
   - pointMulAdd_d7g2v0_EIP150...ok
   - pointMulAdd_d7g2v0_EIP158...ok
   - pointMulAdd_d7g2v0_Frontier...ok
   - pointMulAdd_d7g2v0_Homestead...ok
   - pointMulAdd2_d22g2v0_Byzantium...ok
   - pointMulAdd2_d22g2v0_EIP150...ok
   - pointMulAdd2_d22g2v0_EIP158...ok
   - pointMulAdd2_d22g2v0_Frontier...ok
   - pointMulAdd2_d22g2v0_Homestead...ok
   - ecmul_1-3_2_28000_128_d0g0v0_Byzantium...ok
   - ecmul_1-3_2_28000_128_d0g0v0_EIP150...ok
   - ecmul_1-3_2_28000_128_d0g0v0_EIP158...ok
   - ecmul_1-3_2_28000_128_d0g0v0_Frontier...ok
   - ecmul_1-3_2_28000_128_d0g0v0_Homestead...ok
   - ecmul_7827-6598_1456_28000_128_d0g3v0_Byzantium...ok
   - ecmul_7827-6598_1456_28000_128_d0g3v0_EIP150...ok
   - ecmul_7827-6598_1456_28000_128_d0g3v0_EIP158...ok
   - ecmul_7827-6598_1456_28000_128_d0g3v0_Frontier...ok
   - ecmul_7827-6598_1456_28000_128_d0g3v0_Homestead...ok
   - pointMulAdd_d5g0v0_Byzantium...ok
   - pointMulAdd_d5g0v0_EIP150...ok
   - pointMulAdd_d5g0v0_EIP158...ok
   - pointMulAdd_d5g0v0_Frontier...ok
   - pointMulAdd_d5g0v0_Homestead...ok
   - ecmul_7827-6598_0_21000_128_d0g1v0_Byzantium...ok
   - ecmul_7827-6598_0_21000_128_d0g1v0_EIP150...ok
   - ecmul_7827-6598_0_21000_128_d0g1v0_EIP158...ok
   - ecmul_7827-6598_0_21000_128_d0g1v0_Frontier...ok
   - ecmul_7827-6598_0_21000_128_d0g1v0_Homestead...ok
   - ecmul_0-3_0_28000_64_d0g2v0_Byzantium...ok
   - ecmul_0-3_0_28000_64_d0g2v0_EIP150...ok
   - ecmul_0-3_0_28000_64_d0g2v0_EIP158...ok
   - ecmul_0-3_0_28000_64_d0g2v0_Frontier...ok
   - ecmul_0-3_0_28000_64_d0g2v0_Homestead...ok
   - ecmul_0-0_0_21000_80_d0g2v0_Byzantium...ok
   - ecmul_0-0_0_21000_80_d0g2v0_EIP150...ok
   - ecmul_0-0_0_21000_80_d0g2v0_EIP158...ok
   - ecmul_0-0_0_21000_80_d0g2v0_Frontier...ok
   - ecmul_0-0_0_21000_80_d0g2v0_Homestead...ok
   - ecmul_0-3_5617_28000_96_d0g0v0_Byzantium...ok
   - ecmul_0-3_5617_28000_96_d0g0v0_EIP150...ok
   - ecmul_0-3_5617_28000_96_d0g0v0_EIP158...ok
   - ecmul_0-3_5617_28000_96_d0g0v0_Frontier...ok
   - ecmul_0-3_5617_28000_96_d0g0v0_Homestead...ok
   - ecmul_1-2_0_21000_64_d0g1v0_Byzantium...ok
   - ecmul_1-2_0_21000_64_d0g1v0_EIP150...ok
   - ecmul_1-2_0_21000_64_d0g1v0_EIP158...ok
   - ecmul_1-2_0_21000_64_d0g1v0_Frontier...ok
   - ecmul_1-2_0_21000_64_d0g1v0_Homestead...ok
   - ecmul_1-3_5616_28000_128_d0g0v0_Byzantium...ok
   - ecmul_1-3_5616_28000_128_d0g0v0_EIP150...ok
   - ecmul_1-3_5616_28000_128_d0g0v0_EIP158...ok
   - ecmul_1-3_5616_28000_128_d0g0v0_Frontier...ok
   - ecmul_1-3_5616_28000_128_d0g0v0_Homestead...ok
   - ecmul_1-3_0_28000_128_d0g0v0_Byzantium...ok
   - ecmul_1-3_0_28000_128_d0g0v0_EIP150...ok
   - ecmul_1-3_0_28000_128_d0g0v0_EIP158...ok
   - ecmul_1-3_0_28000_128_d0g0v0_Frontier...ok
   - ecmul_1-3_0_28000_128_d0g0v0_Homestead...ok
   - pointMulAdd2_d10g2v0_Byzantium...ok
   - pointMulAdd2_d10g2v0_EIP150...ok
   - pointMulAdd2_d10g2v0_EIP158...ok
   - pointMulAdd2_d10g2v0_Frontier...ok
   - pointMulAdd2_d10g2v0_Homestead...ok
   - pointAdd_d2g1v0_Byzantium...ok
   - pointAdd_d2g1v0_EIP150...ok
   - pointAdd_d2g1v0_EIP158...ok
   - pointAdd_d2g1v0_Frontier...ok
   - pointAdd_d2g1v0_Homestead...ok
   - ecadd_0-0_0-0_21000_64_d0g2v0_Byzantium...ok
   - ecadd_0-0_0-0_21000_64_d0g2v0_EIP150...ok
   - ecadd_0-0_0-0_21000_64_d0g2v0_EIP158...ok
   - ecadd_0-0_0-0_21000_64_d0g2v0_Frontier...ok
   - ecadd_0-0_0-0_21000_64_d0g2v0_Homestead...ok
   - ecmul_7827-6598_5617_21000_96_d0g3v0_Byzantium...ok
   - ecmul_7827-6598_5617_21000_96_d0g3v0_EIP150...ok
   - ecmul_7827-6598_5617_21000_96_d0g3v0_EIP158...ok
   - ecmul_7827-6598_5617_21000_96_d0g3v0_Frontier...ok
   - ecmul_7827-6598_5617_21000_96_d0g3v0_Homestead...ok
   - ecmul_7827-6598_9935_21000_128_d0g0v0_Byzantium...ok
   - ecmul_7827-6598_9935_21000_128_d0g0v0_EIP150...ok
   - ecmul_7827-6598_9935_21000_128_d0g0v0_EIP158...ok
   - ecmul_7827-6598_9935_21000_128_d0g0v0_Frontier...ok
   - ecmul_7827-6598_9935_21000_128_d0g0v0_Homestead...ok
   - ecmul_7827-6598_9_21000_96_d0g3v0_Byzantium...ok
   - ecmul_7827-6598_9_21000_96_d0g3v0_EIP150...ok
   - ecmul_7827-6598_9_21000_96_d0g3v0_EIP158...ok
   - ecmul_7827-6598_9_21000_96_d0g3v0_Frontier...ok
   - ecmul_7827-6598_9_21000_96_d0g3v0_Homestead...ok
   - ecmul_1-3_9_21000_96_d0g0v0_Byzantium...ok
   - ecmul_1-3_9_21000_96_d0g0v0_EIP150...ok
   - ecmul_1-3_9_21000_96_d0g0v0_EIP158...ok
   - ecmul_1-3_9_21000_96_d0g0v0_Frontier...ok
   - ecmul_1-3_9_21000_96_d0g0v0_Homestead...ok
   - pointMulAdd2_d12g2v0_Byzantium...ok
   - pointMulAdd2_d12g2v0_EIP150...ok
   - pointMulAdd2_d12g2v0_EIP158...ok
   - pointMulAdd2_d12g2v0_Frontier...ok
   - pointMulAdd2_d12g2v0_Homestead...ok
   - ecmul_0-0_9935_21000_128_d0g1v0_Byzantium...ok
   - ecmul_0-0_9935_21000_128_d0g1v0_EIP150...ok
   - ecmul_0-0_9935_21000_128_d0g1v0_EIP158...ok
   - ecmul_0-0_9935_21000_128_d0g1v0_Frontier...ok
   - ecmul_0-0_9935_21000_128_d0g1v0_Homestead...ok
   - ecmul_1-2_1_28000_96_d0g2v0_Byzantium...ok
   - ecmul_1-2_1_28000_96_d0g2v0_EIP150...ok
   - ecmul_1-2_1_28000_96_d0g2v0_EIP158...ok
   - ecmul_1-2_1_28000_96_d0g2v0_Frontier...ok
   - ecmul_1-2_1_28000_96_d0g2v0_Homestead...ok
   - ecmul_7827-6598_9_21000_128_d0g3v0_Byzantium...ok
   - ecmul_7827-6598_9_21000_128_d0g3v0_EIP150...ok
   - ecmul_7827-6598_9_21000_128_d0g3v0_EIP158...ok
   - ecmul_7827-6598_9_21000_128_d0g3v0_Frontier...ok
   - ecmul_7827-6598_9_21000_128_d0g3v0_Homestead...ok
   - pointMulAdd2_d4g2v0_Byzantium...ok
   - pointMulAdd2_d4g2v0_EIP150...ok
   - pointMulAdd2_d4g2v0_EIP158...ok
   - pointMulAdd2_d4g2v0_Frontier...ok
   - pointMulAdd2_d4g2v0_Homestead...ok
   - ecmul_1-2_9935_28000_96_d0g3v0_Byzantium...ok
   - ecmul_1-2_9935_28000_96_d0g3v0_EIP150...ok
   - ecmul_1-2_9935_28000_96_d0g3v0_EIP158...ok
   - ecmul_1-2_9935_28000_96_d0g3v0_Frontier...ok
   - ecmul_1-2_9935_28000_96_d0g3v0_Homestead...ok
   - ecmul_1-2_0_21000_128_d0g0v0_Byzantium...ok
   - ecmul_1-2_0_21000_128_d0g0v0_EIP150...ok
   - ecmul_1-2_0_21000_128_d0g0v0_EIP158...ok
   - ecmul_1-2_0_21000_128_d0g0v0_Frontier...ok
   - ecmul_1-2_0_21000_128_d0g0v0_Homestead...ok
   - pointAddTrunc_d9g2v0_Byzantium...ok
   - pointAddTrunc_d9g2v0_EIP150...ok
   - pointAddTrunc_d9g2v0_EIP158...ok
   - pointAddTrunc_d9g2v0_Frontier...ok
   - pointAddTrunc_d9g2v0_Homestead...ok
   - ecpairing_two_point_match_3_d0g2v0_Byzantium...ok
   - ecpairing_two_point_match_3_d0g2v0_EIP150...ok
   - ecpairing_two_point_match_3_d0g2v0_EIP158...ok
   - ecpairing_two_point_match_3_d0g2v0_Frontier...ok
   - ecpairing_two_point_match_3_d0g2v0_Homestead...ok
   - ecmul_7827-6598_1_21000_128_d0g0v0_Byzantium...ok
   - ecmul_7827-6598_1_21000_128_d0g0v0_EIP150...ok
   - ecmul_7827-6598_1_21000_128_d0g0v0_EIP158...ok
   - ecmul_7827-6598_1_21000_128_d0g0v0_Frontier...ok
   - ecmul_7827-6598_1_21000_128_d0g0v0_Homestead...ok
   - ecmul_1-3_5616_21000_128_d0g1v0_Byzantium...ok
   - ecmul_1-3_5616_21000_128_d0g1v0_EIP150...ok
   - ecmul_1-3_5616_21000_128_d0g1v0_EIP158...ok
   - ecmul_1-3_5616_21000_128_d0g1v0_Frontier...ok
   - ecmul_1-3_5616_21000_128_d0g1v0_Homestead...ok
   - ecmul_1-3_5616_21000_128_d0g2v0_Byzantium...ok
   - ecmul_1-3_5616_21000_128_d0g2v0_EIP150...ok
   - ecmul_1-3_5616_21000_128_d0g2v0_EIP158...ok
   - ecmul_1-3_5616_21000_128_d0g2v0_Frontier...ok
   - ecmul_1-3_5616_21000_128_d0g2v0_Homestead...ok
   - pointMulAdd_d1g2v0_Byzantium...ok
   - pointMulAdd_d1g2v0_EIP150...ok
   - pointMulAdd_d1g2v0_EIP158...ok
   - pointMulAdd_d1g2v0_Frontier...ok
   - pointMulAdd_d1g2v0_Homestead...ok
   - pointAdd_d8g0v0_Byzantium...ok
   - pointAdd_d8g0v0_EIP150...ok
   - pointAdd_d8g0v0_EIP158...ok
   - pointAdd_d8g0v0_Frontier...ok
   - pointAdd_d8g0v0_Homestead...ok
   - pointAdd_d1g3v0_Byzantium...ok
   - pointAdd_d1g3v0_EIP150...ok
   - pointAdd_d1g3v0_EIP158...ok
   - pointAdd_d1g3v0_Frontier...ok
   - pointAdd_d1g3v0_Homestead...ok
   - ecmul_1-3_0_21000_96_d0g2v0_Byzantium...ok
   - ecmul_1-3_0_21000_96_d0g2v0_EIP150...ok
   - ecmul_1-3_0_21000_96_d0g2v0_EIP158...ok
   - ecmul_1-3_0_21000_96_d0g2v0_Frontier...ok
   - ecmul_1-3_0_21000_96_d0g2v0_Homestead...ok
   - ecmul_7827-6598_0_21000_64_d0g1v0_Byzantium...ok
   - ecmul_7827-6598_0_21000_64_d0g1v0_EIP150...ok
   - ecmul_7827-6598_0_21000_64_d0g1v0_EIP158...ok
   - ecmul_7827-6598_0_21000_64_d0g1v0_Frontier...ok
   - ecmul_7827-6598_0_21000_64_d0g1v0_Homestead...ok
   - ecmul_0-3_5616_28000_96_d0g3v0_Byzantium...ok
   - ecmul_0-3_5616_28000_96_d0g3v0_EIP150...ok
   - ecmul_0-3_5616_28000_96_d0g3v0_EIP158...ok
   - ecmul_0-3_5616_28000_96_d0g3v0_Frontier...ok
   - ecmul_0-3_5616_28000_96_d0g3v0_Homestead...ok
   - ecmul_1-2_340282366920938463463374607431768211456_28000_80_d0g2v0_Byzantium...ok
   - ecmul_1-2_340282366920938463463374607431768211456_28000_80_d0g2v0_EIP150...ok
   - ecmul_1-2_340282366920938463463374607431768211456_28000_80_d0g2v0_EIP158...ok
   - ecmul_1-2_340282366920938463463374607431768211456_28000_80_d0g2v0_Frontier...ok
   - ecmul_1-2_340282366920938463463374607431768211456_28000_80_d0g2v0_Homestead...ok
   - pointAddTrunc_d4g0v0_Byzantium...ok
   - pointAddTrunc_d4g0v0_EIP150...ok
   - pointAddTrunc_d4g0v0_EIP158...ok
   - pointAddTrunc_d4g0v0_Frontier...ok
   - pointAddTrunc_d4g0v0_Homestead...ok
   - ecmul_1-3_5617_28000_96_d0g0v0_Byzantium...ok
   - ecmul_1-3_5617_28000_96_d0g0v0_EIP150...ok
   - ecmul_1-3_5617_28000_96_d0g0v0_EIP158...ok
   - ecmul_1-3_5617_28000_96_d0g0v0_Frontier...ok
   - ecmul_1-3_5617_28000_96_d0g0v0_Homestead...ok
   - ecmul_0-3_0_21000_80_d0g3v0_Byzantium...ok
   - ecmul_0-3_0_21000_80_d0g3v0_EIP150...ok
   - ecmul_0-3_0_21000_80_d0g3v0_EIP158...ok
   - ecmul_0-3_0_21000_80_d0g3v0_Frontier...ok
   - ecmul_0-3_0_21000_80_d0g3v0_Homestead...ok
   - pointMulAdd2_d30g3v0_Byzantium...ok
   - pointMulAdd2_d30g3v0_EIP150...ok
   - pointMulAdd2_d30g3v0_EIP158...ok
   - pointMulAdd2_d30g3v0_Frontier...ok
   - pointMulAdd2_d30g3v0_Homestead...ok
   - ecadd_1-2_1-2_21000_128_d0g3v0_Byzantium...ok
   - ecadd_1-2_1-2_21000_128_d0g3v0_EIP150...ok
   - ecadd_1-2_1-2_21000_128_d0g3v0_EIP158...ok
   - ecadd_1-2_1-2_21000_128_d0g3v0_Frontier...ok
   - ecadd_1-2_1-2_21000_128_d0g3v0_Homestead...ok
   - ecmul_7827-6598_1_28000_96_d0g0v0_Byzantium...ok
   - ecmul_7827-6598_1_28000_96_d0g0v0_EIP150...ok
   - ecmul_7827-6598_1_28000_96_d0g0v0_EIP158...ok
   - ecmul_7827-6598_1_28000_96_d0g0v0_Frontier...ok
   - ecmul_7827-6598_1_28000_96_d0g0v0_Homestead...ok
   - ecadd_0-0_0-0_25000_128_d0g2v0_Byzantium...ok
   - ecadd_0-0_0-0_25000_128_d0g2v0_EIP150...ok
   - ecadd_0-0_0-0_25000_128_d0g2v0_EIP158...ok
   - ecadd_0-0_0-0_25000_128_d0g2v0_Frontier...ok
   - ecadd_0-0_0-0_25000_128_d0g2v0_Homestead...ok
   - ecpairing_two_point_match_4_d0g2v0_Byzantium...ok
   - ecpairing_two_point_match_4_d0g2v0_EIP150...ok
   - ecpairing_two_point_match_4_d0g2v0_EIP158...ok
   - ecpairing_two_point_match_4_d0g2v0_Frontier...ok
   - ecpairing_two_point_match_4_d0g2v0_Homestead...ok
   - ecmul_7827-6598_1456_28000_80_d0g1v0_Byzantium...ok
   - ecmul_7827-6598_1456_28000_80_d0g1v0_EIP150...ok
   - ecmul_7827-6598_1456_28000_80_d0g1v0_EIP158...ok
   - ecmul_7827-6598_1456_28000_80_d0g1v0_Frontier...ok
   - ecmul_7827-6598_1456_28000_80_d0g1v0_Homestead...ok
   - ecmul_0-3_9935_21000_128_d0g0v0_Byzantium...ok
   - ecmul_0-3_9935_21000_128_d0g0v0_EIP150...ok
   - ecmul_0-3_9935_21000_128_d0g0v0_EIP158...ok
   - ecmul_0-3_9935_21000_128_d0g0v0_Frontier...ok
   - ecmul_0-3_9935_21000_128_d0g0v0_Homestead...ok
   - ecmul_0-0_1_21000_96_d0g1v0_Byzantium...ok
   - ecmul_0-0_1_21000_96_d0g1v0_EIP150...ok
   - ecmul_0-0_1_21000_96_d0g1v0_EIP158...ok
   - ecmul_0-0_1_21000_96_d0g1v0_Frontier...ok
   - ecmul_0-0_1_21000_96_d0g1v0_Homestead...ok
   - pointMulAdd2_d29g2v0_Byzantium...ok
   - pointMulAdd2_d29g2v0_EIP150...ok
   - pointMulAdd2_d29g2v0_EIP158...ok
   - pointMulAdd2_d29g2v0_Frontier...ok
   - pointMulAdd2_d29g2v0_Homestead...ok
   - ecmul_0-3_1_28000_128_d0g1v0_Byzantium...ok
   - ecmul_0-3_1_28000_128_d0g1v0_EIP150...ok
   - ecmul_0-3_1_28000_128_d0g1v0_EIP158...ok
   - ecmul_0-3_1_28000_128_d0g1v0_Frontier...ok
   - ecmul_0-3_1_28000_128_d0g1v0_Homestead...ok
   - ecadd_1-2_0-0_21000_64_d0g3v0_Byzantium...ok
   - ecadd_1-2_0-0_21000_64_d0g3v0_EIP150...ok
   - ecadd_1-2_0-0_21000_64_d0g3v0_EIP158...ok
   - ecadd_1-2_0-0_21000_64_d0g3v0_Frontier...ok
   - ecadd_1-2_0-0_21000_64_d0g3v0_Homestead...ok
   - ecpairing_three_point_fail_1_d0g1v0_Byzantium...ok
   - ecpairing_three_point_fail_1_d0g1v0_EIP150...ok
   - ecpairing_three_point_fail_1_d0g1v0_EIP158...ok
   - ecpairing_three_point_fail_1_d0g1v0_Frontier...ok
   - ecpairing_three_point_fail_1_d0g1v0_Homestead...ok
   - ecmul_0-0_0_21000_64_d0g0v0_Byzantium...ok
   - ecmul_0-0_0_21000_64_d0g0v0_EIP150...ok
   - ecmul_0-0_0_21000_64_d0g0v0_EIP158...ok
   - ecmul_0-0_0_21000_64_d0g0v0_Frontier...ok
   - ecmul_0-0_0_21000_64_d0g0v0_Homestead...ok
   - ecmul_0-0_5617_21000_96_d0g2v0_Byzantium...ok
   - ecmul_0-0_5617_21000_96_d0g2v0_EIP150...ok
   - ecmul_0-0_5617_21000_96_d0g2v0_EIP158...ok
   - ecmul_0-0_5617_21000_96_d0g2v0_Frontier...ok
   - ecmul_0-0_5617_21000_96_d0g2v0_Homestead...ok
   - pairingTest_d4g2v0_Byzantium...ok
   - pairingTest_d4g2v0_EIP150...ok
   - pairingTest_d4g2v0_EIP158...ok
   - pairingTest_d4g2v0_Frontier...ok
   - pairingTest_d4g2v0_Homestead...ok
   - ecadd_0-0_0-0_21000_192_d0g2v0_Byzantium...ok
   - ecadd_0-0_0-0_21000_192_d0g2v0_EIP150...ok
   - ecadd_0-0_0-0_21000_192_d0g2v0_EIP158...ok
   - ecadd_0-0_0-0_21000_192_d0g2v0_Frontier...ok
   - ecadd_0-0_0-0_21000_192_d0g2v0_Homestead...ok
   - ecmul_1-2_2_21000_128_d0g3v0_Byzantium...ok
   - ecmul_1-2_2_21000_128_d0g3v0_EIP150...ok
   - ecmul_1-2_2_21000_128_d0g3v0_EIP158...ok
   - ecmul_1-2_2_21000_128_d0g3v0_Frontier...ok
   - ecmul_1-2_2_21000_128_d0g3v0_Homestead...ok
   - ecmul_1-3_5617_21000_128_d0g3v0_Byzantium...ok
   - ecmul_1-3_5617_21000_128_d0g3v0_EIP150...ok
   - ecmul_1-3_5617_21000_128_d0g3v0_EIP158...ok
   - ecmul_1-3_5617_21000_128_d0g3v0_Frontier...ok
   - ecmul_1-3_5617_21000_128_d0g3v0_Homestead...ok
   - ecmul_1-3_9_28000_96_d0g3v0_Byzantium...ok
   - ecmul_1-3_9_28000_96_d0g3v0_EIP150...ok
   - ecmul_1-3_9_28000_96_d0g3v0_EIP158...ok
   - ecmul_1-3_9_28000_96_d0g3v0_Frontier...ok
   - ecmul_1-3_9_28000_96_d0g3v0_Homestead...ok
   - pointAdd_d7g2v0_Byzantium...ok
   - pointAdd_d7g2v0_EIP150...ok
   - pointAdd_d7g2v0_EIP158...ok
   - pointAdd_d7g2v0_Frontier...ok
   - pointAdd_d7g2v0_Homestead...ok
   - ecmul_0-3_1_28000_128_d0g3v0_Byzantium...ok
   - ecmul_0-3_1_28000_128_d0g3v0_EIP150...ok
   - ecmul_0-3_1_28000_128_d0g3v0_EIP158...ok
   - ecmul_0-3_1_28000_128_d0g3v0_Frontier...ok
   - ecmul_0-3_1_28000_128_d0g3v0_Homestead...ok
   - ecmul_0-3_0_21000_80_d0g2v0_Byzantium...ok
   - ecmul_0-3_0_21000_80_d0g2v0_EIP150...ok
   - ecmul_0-3_0_21000_80_d0g2v0_EIP158...ok
   - ecmul_0-3_0_21000_80_d0g2v0_Frontier...ok
   - ecmul_0-3_0_21000_80_d0g2v0_Homestead...ok
   - ecmul_1-2_340282366920938463463374607431768211456_28000_96_d0g0v0_Byzantium...ok
   - ecmul_1-2_340282366920938463463374607431768211456_28000_96_d0g0v0_EIP150...ok
   - ecmul_1-2_340282366920938463463374607431768211456_28000_96_d0g0v0_EIP158...ok
   - ecmul_1-2_340282366920938463463374607431768211456_28000_96_d0g0v0_Frontier...ok
   - ecmul_1-2_340282366920938463463374607431768211456_28000_96_d0g0v0_Homestead...ok
   - ecmul_0-0_9_21000_128_d0g0v0_Byzantium...ok
   - ecmul_0-0_9_21000_128_d0g0v0_EIP150...ok
   - ecmul_0-0_9_21000_128_d0g0v0_EIP158...ok
   - ecmul_0-0_9_21000_128_d0g0v0_Frontier...ok
   - ecmul_0-0_9_21000_128_d0g0v0_Homestead...ok
   - ecmul_1-2_2_21000_128_d0g0v0_Byzantium...ok
   - ecmul_1-2_2_21000_128_d0g0v0_EIP150...ok
   - ecmul_1-2_2_21000_128_d0g0v0_EIP158...ok
   - ecmul_1-2_2_21000_128_d0g0v0_Frontier...ok
   - ecmul_1-2_2_21000_128_d0g0v0_Homestead...ok
   - ecmul_0-3_5616_21000_96_d0g2v0_Byzantium...ok
   - ecmul_0-3_5616_21000_96_d0g2v0_EIP150...ok
   - ecmul_0-3_5616_21000_96_d0g2v0_EIP158...ok
   - ecmul_0-3_5616_21000_96_d0g2v0_Frontier...ok
   - ecmul_0-3_5616_21000_96_d0g2v0_Homestead...ok
   - ecmul_0-3_340282366920938463463374607431768211456_28000_96_d0g0v0_Byzantium...ok
   - ecmul_0-3_340282366920938463463374607431768211456_28000_96_d0g0v0_EIP150...ok
   - ecmul_0-3_340282366920938463463374607431768211456_28000_96_d0g0v0_EIP158...ok
   - ecmul_0-3_340282366920938463463374607431768211456_28000_96_d0g0v0_Frontier...ok
   - ecmul_0-3_340282366920938463463374607431768211456_28000_96_d0g0v0_Homestead...ok
   - ecmul_0-3_1_21000_96_d0g2v0_Byzantium...ok
   - ecmul_0-3_1_21000_96_d0g2v0_EIP150...ok
   - ecmul_0-3_1_21000_96_d0g2v0_EIP158...ok
   - ecmul_0-3_1_21000_96_d0g2v0_Frontier...ok
   - ecmul_0-3_1_21000_96_d0g2v0_Homestead...ok
   - ecmul_0-3_0_21000_96_d0g3v0_Byzantium...ok
   - ecmul_0-3_0_21000_96_d0g3v0_EIP150...ok
   - ecmul_0-3_0_21000_96_d0g3v0_EIP158...ok
   - ecmul_0-3_0_21000_96_d0g3v0_Frontier...ok
   - ecmul_0-3_0_21000_96_d0g3v0_Homestead...ok
   - pointMulAdd2_d19g0v0_Byzantium...ok
   - pointMulAdd2_d19g0v0_EIP150...ok
   - pointMulAdd2_d19g0v0_EIP158...ok
   - pointMulAdd2_d19g0v0_Frontier...ok
   - pointMulAdd2_d19g0v0_Homestead...ok
   - ecmul_0-0_9_21000_96_d0g1v0_Byzantium...ok
   - ecmul_0-0_9_21000_96_d0g1v0_EIP150...ok
   - ecmul_0-0_9_21000_96_d0g1v0_EIP158...ok
   - ecmul_0-0_9_21000_96_d0g1v0_Frontier...ok
   - ecmul_0-0_9_21000_96_d0g1v0_Homestead...ok
   - pointMulAdd2_d31g3v0_Byzantium...ok
   - pointMulAdd2_d31g3v0_EIP150...ok
   - pointMulAdd2_d31g3v0_EIP158...ok
   - pointMulAdd2_d31g3v0_Frontier...ok
   - pointMulAdd2_d31g3v0_Homestead...ok
   - ecpairing_perturb_g2_by_one_d0g3v0_Byzantium...ok
   - ecpairing_perturb_g2_by_one_d0g3v0_EIP150...ok
   - ecpairing_perturb_g2_by_one_d0g3v0_EIP158...ok
   - ecpairing_perturb_g2_by_one_d0g3v0_Frontier...ok
   - ecpairing_perturb_g2_by_one_d0g3v0_Homestead...ok
   - ecpairing_three_point_fail_1_d0g3v0_Byzantium...ok
   - ecpairing_three_point_fail_1_d0g3v0_EIP150...ok
   - ecpairing_three_point_fail_1_d0g3v0_EIP158...ok
   - ecpairing_three_point_fail_1_d0g3v0_Frontier...ok
   - ecpairing_three_point_fail_1_d0g3v0_Homestead...ok
   - pointAddTrunc_d5g1v0_Byzantium...ok
   - pointAddTrunc_d5g1v0_EIP150...ok
   - pointAddTrunc_d5g1v0_EIP158...ok
   - pointAddTrunc_d5g1v0_Frontier...ok
   - pointAddTrunc_d5g1v0_Homestead...ok
   - ecmul_7827-6598_2_28000_128_d0g1v0_Byzantium...ok
   - ecmul_7827-6598_2_28000_128_d0g1v0_EIP150...ok
   - ecmul_7827-6598_2_28000_128_d0g1v0_EIP158...ok
   - ecmul_7827-6598_2_28000_128_d0g1v0_Frontier...ok
   - ecmul_7827-6598_2_28000_128_d0g1v0_Homestead...ok
   - ecmul_0-0_0_28000_128_d0g0v0_Byzantium...ok
   - ecmul_0-0_0_28000_128_d0g0v0_EIP150...ok
   - ecmul_0-0_0_28000_128_d0g0v0_EIP158...ok
   - ecmul_0-0_0_28000_128_d0g0v0_Frontier...ok
   - ecmul_0-0_0_28000_128_d0g0v0_Homestead...ok
   - ecmul_1-3_2_28000_128_d0g3v0_Byzantium...ok
   - ecmul_1-3_2_28000_128_d0g3v0_EIP150...ok
   - ecmul_1-3_2_28000_128_d0g3v0_EIP158...ok
   - ecmul_1-3_2_28000_128_d0g3v0_Frontier...ok
   - ecmul_1-3_2_28000_128_d0g3v0_Homestead...ok
   - ecpairing_three_point_match_1_d0g1v0_Byzantium...ok
   - ecpairing_three_point_match_1_d0g1v0_EIP150...ok
   - ecpairing_three_point_match_1_d0g1v0_EIP158...ok
   - ecpairing_three_point_match_1_d0g1v0_Frontier...ok
   - ecpairing_three_point_match_1_d0g1v0_Homestead...ok
   - ecmul_7827-6598_1456_28000_128_d0g1v0_Byzantium...ok
   - ecmul_7827-6598_1456_28000_128_d0g1v0_EIP150...ok
   - ecmul_7827-6598_1456_28000_128_d0g1v0_EIP158...ok
   - ecmul_7827-6598_1456_28000_128_d0g1v0_Frontier...ok
   - ecmul_7827-6598_1456_28000_128_d0g1v0_Homestead...ok
   - ecmul_0-0_9935_21000_96_d0g3v0_Byzantium...ok
   - ecmul_0-0_9935_21000_96_d0g3v0_EIP150...ok
   - ecmul_0-0_9935_21000_96_d0g3v0_EIP158...ok
   - ecmul_0-0_9935_21000_96_d0g3v0_Frontier...ok
   - ecmul_0-0_9935_21000_96_d0g3v0_Homestead...ok
   - pointAddTrunc_d5g0v0_Byzantium...ok
   - pointAddTrunc_d5g0v0_EIP150...ok
   - pointAddTrunc_d5g0v0_EIP158...ok
   - pointAddTrunc_d5g0v0_Frontier...ok
   - pointAddTrunc_d5g0v0_Homestead...ok
   - ecpairing_two_point_match_1_d0g3v0_Byzantium...ok
   - ecpairing_two_point_match_1_d0g3v0_EIP150...ok
   - ecpairing_two_point_match_1_d0g3v0_EIP158...ok
   - ecpairing_two_point_match_1_d0g3v0_Frontier...ok
   - ecpairing_two_point_match_1_d0g3v0_Homestead...ok
   - pointMulAdd2_d6g1v0_Byzantium...ok
   - pointMulAdd2_d6g1v0_EIP150...ok
   - pointMulAdd2_d6g1v0_EIP158...ok
   - pointMulAdd2_d6g1v0_Frontier...ok
   - pointMulAdd2_d6g1v0_Homestead...ok
   - ecmul_0-3_5617_21000_128_d0g1v0_Byzantium...ok
   - ecmul_0-3_5617_21000_128_d0g1v0_EIP150...ok
   - ecmul_0-3_5617_21000_128_d0g1v0_EIP158...ok
   - ecmul_0-3_5617_21000_128_d0g1v0_Frontier...ok
   - ecmul_0-3_5617_21000_128_d0g1v0_Homestead...ok
   - pointMulAdd_d7g3v0_Byzantium...ok
   - pointMulAdd_d7g3v0_EIP150...ok
   - pointMulAdd_d7g3v0_EIP158...ok
   - pointMulAdd_d7g3v0_Frontier...ok
   - pointMulAdd_d7g3v0_Homestead...ok
   - ecmul_1-2_5616_21000_96_d0g2v0_Byzantium...ok
   - ecmul_1-2_5616_21000_96_d0g2v0_EIP150...ok
   - ecmul_1-2_5616_21000_96_d0g2v0_EIP158...ok
   - ecmul_1-2_5616_21000_96_d0g2v0_Frontier...ok
   - ecmul_1-2_5616_21000_96_d0g2v0_Homestead...ok
   - ecmul_0-3_9_28000_128_d0g0v0_Byzantium...ok
   - ecmul_0-3_9_28000_128_d0g0v0_EIP150...ok
   - ecmul_0-3_9_28000_128_d0g0v0_EIP158...ok
   - ecmul_0-3_9_28000_128_d0g0v0_Frontier...ok
   - ecmul_0-3_9_28000_128_d0g0v0_Homestead...ok
   - ecmul_0-0_340282366920938463463374607431768211456_21000_96_d0g3v0_Byzantium...ok
   - ecmul_0-0_340282366920938463463374607431768211456_21000_96_d0g3v0_EIP150...ok
   - ecmul_0-0_340282366920938463463374607431768211456_21000_96_d0g3v0_EIP158...ok
   - ecmul_0-0_340282366920938463463374607431768211456_21000_96_d0g3v0_Frontier...ok
   - ecmul_0-0_340282366920938463463374607431768211456_21000_96_d0g3v0_Homestead...ok
   - ecadd_1145-3932_2969-1336_21000_128_d0g2v0_Byzantium...ok
   - ecadd_1145-3932_2969-1336_21000_128_d0g2v0_EIP150...ok
   - ecadd_1145-3932_2969-1336_21000_128_d0g2v0_EIP158...ok
   - ecadd_1145-3932_2969-1336_21000_128_d0g2v0_Frontier...ok
   - ecadd_1145-3932_2969-1336_21000_128_d0g2v0_Homestead...ok
   - ecmul_0-3_5616_21000_128_d0g1v0_Byzantium...ok
   - ecmul_0-3_5616_21000_128_d0g1v0_EIP150...ok
   - ecmul_0-3_5616_21000_128_d0g1v0_EIP158...ok
   - ecmul_0-3_5616_21000_128_d0g1v0_Frontier...ok
   - ecmul_0-3_5616_21000_128_d0g1v0_Homestead...ok
   - pointAddTrunc_d0g0v0_Byzantium...ok
   - pointAddTrunc_d0g0v0_EIP150...ok
   - pointAddTrunc_d0g0v0_EIP158...ok
   - pointAddTrunc_d0g0v0_Frontier...ok
   - pointAddTrunc_d0g0v0_Homestead...ok
   - ecmul_1-3_9_28000_128_d0g3v0_Byzantium...ok
   - ecmul_1-3_9_28000_128_d0g3v0_EIP150...ok
   - ecmul_1-3_9_28000_128_d0g3v0_EIP158...ok
   - ecmul_1-3_9_28000_128_d0g3v0_Frontier...ok
   - ecmul_1-3_9_28000_128_d0g3v0_Homestead...ok
   - ecmul_1-3_1_21000_96_d0g0v0_Byzantium...ok
   - ecmul_1-3_1_21000_96_d0g0v0_EIP150...ok
   - ecmul_1-3_1_21000_96_d0g0v0_EIP158...ok
   - ecmul_1-3_1_21000_96_d0g0v0_Frontier...ok
   - ecmul_1-3_1_21000_96_d0g0v0_Homestead...ok
   - ecmul_7827-6598_0_28000_128_d0g3v0_Byzantium...ok
   - ecmul_7827-6598_0_28000_128_d0g3v0_EIP150...ok
   - ecmul_7827-6598_0_28000_128_d0g3v0_EIP158...ok
   - ecmul_7827-6598_0_28000_128_d0g3v0_Frontier...ok
   - ecmul_7827-6598_0_28000_128_d0g3v0_Homestead...ok
   - ecmul_1-2_9935_21000_128_d0g2v0_Byzantium...ok
   - ecmul_1-2_9935_21000_128_d0g2v0_EIP150...ok
   - ecmul_1-2_9935_21000_128_d0g2v0_EIP158...ok
   - ecmul_1-2_9935_21000_128_d0g2v0_Frontier...ok
   - ecmul_1-2_9935_21000_128_d0g2v0_Homestead...ok
   - pointAdd_d7g0v0_Byzantium...ok
   - pointAdd_d7g0v0_EIP150...ok
   - pointAdd_d7g0v0_EIP158...ok
   - pointAdd_d7g0v0_Frontier...ok
   - pointAdd_d7g0v0_Homestead...ok
   - ecmul_1-2_2_28000_128_d0g2v0_Byzantium...ok
   - ecmul_1-2_2_28000_128_d0g2v0_EIP150...ok
   - ecmul_1-2_2_28000_128_d0g2v0_EIP158...ok
   - ecmul_1-2_2_28000_128_d0g2v0_Frontier...ok
   - ecmul_1-2_2_28000_128_d0g2v0_Homestead...ok
   - ecmul_7827-6598_1_21000_128_d0g3v0_Byzantium...ok
   - ecmul_7827-6598_1_21000_128_d0g3v0_EIP150...ok
   - ecmul_7827-6598_1_21000_128_d0g3v0_EIP158...ok
   - ecmul_7827-6598_1_21000_128_d0g3v0_Frontier...ok
   - ecmul_7827-6598_1_21000_128_d0g3v0_Homestead...ok
   - ecadd_6-9_19274124-124124_21000_128_d0g0v0_Byzantium...ok
   - ecadd_6-9_19274124-124124_21000_128_d0g0v0_EIP150...ok
   - ecadd_6-9_19274124-124124_21000_128_d0g0v0_EIP158...ok
   - ecadd_6-9_19274124-124124_21000_128_d0g0v0_Frontier...ok
   - ecadd_6-9_19274124-124124_21000_128_d0g0v0_Homestead...ok
   - pointMulAdd2_d34g3v0_Byzantium...ok
   - pointMulAdd2_d34g3v0_EIP150...ok
   - pointMulAdd2_d34g3v0_EIP158...ok
   - pointMulAdd2_d34g3v0_Frontier...ok
   - pointMulAdd2_d34g3v0_Homestead...ok
   - ecmul_0-3_9_28000_96_d0g3v0_Byzantium...ok
   - ecmul_0-3_9_28000_96_d0g3v0_EIP150...ok
   - ecmul_0-3_9_28000_96_d0g3v0_EIP158...ok
   - ecmul_0-3_9_28000_96_d0g3v0_Frontier...ok
   - ecmul_0-3_9_28000_96_d0g3v0_Homestead...ok
   - ecmul_0-3_0_28000_96_d0g2v0_Byzantium...ok
   - ecmul_0-3_0_28000_96_d0g2v0_EIP150...ok
   - ecmul_0-3_0_28000_96_d0g2v0_EIP158...ok
   - ecmul_0-3_0_28000_96_d0g2v0_Frontier...ok
   - ecmul_0-3_0_28000_96_d0g2v0_Homestead...ok
   - ecmul_0-3_5617_21000_96_d0g0v0_Byzantium...ok
   - ecmul_0-3_5617_21000_96_d0g0v0_EIP150...ok
   - ecmul_0-3_5617_21000_96_d0g0v0_EIP158...ok
   - ecmul_0-3_5617_21000_96_d0g0v0_Frontier...ok
   - ecmul_0-3_5617_21000_96_d0g0v0_Homestead...ok
   - ecmul_0-3_9935_28000_96_d0g0v0_Byzantium...ok
   - ecmul_0-3_9935_28000_96_d0g0v0_EIP150...ok
   - ecmul_0-3_9935_28000_96_d0g0v0_EIP158...ok
   - ecmul_0-3_9935_28000_96_d0g0v0_Frontier...ok
   - ecmul_0-3_9935_28000_96_d0g0v0_Homestead...ok
   - pairingTest_d2g3v0_Byzantium...ok
   - pairingTest_d2g3v0_EIP150...ok
   - pairingTest_d2g3v0_EIP158...ok
   - pairingTest_d2g3v0_Frontier...ok
   - pairingTest_d2g3v0_Homestead...ok
   - pointMulAdd_d6g3v0_Byzantium...ok
   - pointMulAdd_d6g3v0_EIP150...ok
   - pointMulAdd_d6g3v0_EIP158...ok
   - pointMulAdd_d6g3v0_Frontier...ok
   - pointMulAdd_d6g3v0_Homestead...ok
   - ecmul_1-2_9_21000_128_d0g1v0_Byzantium...ok
   - ecmul_1-2_9_21000_128_d0g1v0_EIP150...ok
   - ecmul_1-2_9_21000_128_d0g1v0_EIP158...ok
   - ecmul_1-2_9_21000_128_d0g1v0_Frontier...ok
   - ecmul_1-2_9_21000_128_d0g1v0_Homestead...ok
   - ecmul_7827-6598_5617_28000_128_d0g0v0_Byzantium...ok
   - ecmul_7827-6598_5617_28000_128_d0g0v0_EIP150...ok
   - ecmul_7827-6598_5617_28000_128_d0g0v0_EIP158...ok
   - ecmul_7827-6598_5617_28000_128_d0g0v0_Frontier...ok
   - ecmul_7827-6598_5617_28000_128_d0g0v0_Homestead...ok
   - pointAdd_d9g1v0_Byzantium...ok
   - pointAdd_d9g1v0_EIP150...ok
   - pointAdd_d9g1v0_EIP158...ok
   - pointAdd_d9g1v0_Frontier...ok
   - pointAdd_d9g1v0_Homestead...ok
   - ecmul_1-3_5617_28000_128_d0g3v0_Byzantium...ok
   - ecmul_1-3_5617_28000_128_d0g3v0_EIP150...ok
   - ecmul_1-3_5617_28000_128_d0g3v0_EIP158...ok
   - ecmul_1-3_5617_28000_128_d0g3v0_Frontier...ok
   - ecmul_1-3_5617_28000_128_d0g3v0_Homestead...ok
   - pointMulAdd2_d37g3v0_Byzantium...ok
   - pointMulAdd2_d37g3v0_EIP150...ok
   - pointMulAdd2_d37g3v0_EIP158...ok
   - pointMulAdd2_d37g3v0_Frontier...ok
   - pointMulAdd2_d37g3v0_Homestead...ok
   - ecmul_0-0_0_21000_0_d0g3v0_Byzantium...ok
   - ecmul_0-0_0_21000_0_d0g3v0_EIP150...ok
   - ecmul_0-0_0_21000_0_d0g3v0_EIP158...ok
   - ecmul_0-0_0_21000_0_d0g3v0_Frontier...ok
   - ecmul_0-0_0_21000_0_d0g3v0_Homestead...ok
   - pointMulAdd2_d8g3v0_Byzantium...ok
   - pointMulAdd2_d8g3v0_EIP150...ok
   - pointMulAdd2_d8g3v0_EIP158...ok
   - pointMulAdd2_d8g3v0_Frontier...ok
   - pointMulAdd2_d8g3v0_Homestead...ok
   - ecmul_1-3_2_28000_128_d0g1v0_Byzantium...ok
   - ecmul_1-3_2_28000_128_d0g1v0_EIP150...ok
   - ecmul_1-3_2_28000_128_d0g1v0_EIP158...ok
   - ecmul_1-3_2_28000_128_d0g1v0_Frontier...ok
   - ecmul_1-3_2_28000_128_d0g1v0_Homestead...ok
   - ecmul_1-3_2_28000_96_d0g3v0_Byzantium...ok
   - ecmul_1-3_2_28000_96_d0g3v0_EIP150...ok
   - ecmul_1-3_2_28000_96_d0g3v0_EIP158...ok
   - ecmul_1-3_2_28000_96_d0g3v0_Frontier...ok
   - ecmul_1-3_2_28000_96_d0g3v0_Homestead...ok
   - ecmul_1-2_5617_21000_96_d0g0v0_Byzantium...ok
   - ecmul_1-2_5617_21000_96_d0g0v0_EIP150...ok
   - ecmul_1-2_5617_21000_96_d0g0v0_EIP158...ok
   - ecmul_1-2_5617_21000_96_d0g0v0_Frontier...ok
   - ecmul_1-2_5617_21000_96_d0g0v0_Homestead...ok
   - ecmul_0-3_340282366920938463463374607431768211456_21000_128_d0g1v0_Byzantium...ok
   - ecmul_0-3_340282366920938463463374607431768211456_21000_128_d0g1v0_EIP150...ok
   - ecmul_0-3_340282366920938463463374607431768211456_21000_128_d0g1v0_EIP158...ok
   - ecmul_0-3_340282366920938463463374607431768211456_21000_128_d0g1v0_Frontier...ok
   - ecmul_0-3_340282366920938463463374607431768211456_21000_128_d0g1v0_Homestead...ok
   - ecmul_1-2_0_21000_80_d0g3v0_Byzantium...ok
   - ecmul_1-2_0_21000_80_d0g3v0_EIP150...ok
   - ecmul_1-2_0_21000_80_d0g3v0_EIP158...ok
   - ecmul_1-2_0_21000_80_d0g3v0_Frontier...ok
   - ecmul_1-2_0_21000_80_d0g3v0_Homestead...ok
   - ecmul_0-3_0_21000_96_d0g1v0_Byzantium...ok
   - ecmul_0-3_0_21000_96_d0g1v0_EIP150...ok
   - ecmul_0-3_0_21000_96_d0g1v0_EIP158...ok
   - ecmul_0-3_0_21000_96_d0g1v0_Frontier...ok
   - ecmul_0-3_0_21000_96_d0g1v0_Homestead...ok
   - ecmul_0-3_9935_28000_128_d0g2v0_Byzantium...ok
   - ecmul_0-3_9935_28000_128_d0g2v0_EIP150...ok
   - ecmul_0-3_9935_28000_128_d0g2v0_EIP158...ok
   - ecmul_0-3_9935_28000_128_d0g2v0_Frontier...ok
   - ecmul_0-3_9935_28000_128_d0g2v0_Homestead...ok
   - ecmul_0-3_5617_28000_128_d0g0v0_Byzantium...ok
   - ecmul_0-3_5617_28000_128_d0g0v0_EIP150...ok
   - ecmul_0-3_5617_28000_128_d0g0v0_EIP158...ok
   - ecmul_0-3_5617_28000_128_d0g0v0_Frontier...ok
   - ecmul_0-3_5617_28000_128_d0g0v0_Homestead...ok
   - ecmul_0-3_1_21000_128_d0g2v0_Byzantium...ok
   - ecmul_0-3_1_21000_128_d0g2v0_EIP150...ok
   - ecmul_0-3_1_21000_128_d0g2v0_EIP158...ok
   - ecmul_0-3_1_21000_128_d0g2v0_Frontier...ok
   - ecmul_0-3_1_21000_128_d0g2v0_Homestead...ok
   - ecmul_7827-6598_0_21000_80_d0g3v0_Byzantium...ok
   - ecmul_7827-6598_0_21000_80_d0g3v0_EIP150...ok
   - ecmul_7827-6598_0_21000_80_d0g3v0_EIP158...ok
   - ecmul_7827-6598_0_21000_80_d0g3v0_Frontier...ok
   - ecmul_7827-6598_0_21000_80_d0g3v0_Homestead...ok
   - ecmul_0-3_1_28000_96_d0g3v0_Byzantium...ok
   - ecmul_0-3_1_28000_96_d0g3v0_EIP150...ok
   - ecmul_0-3_1_28000_96_d0g3v0_EIP158...ok
   - ecmul_0-3_1_28000_96_d0g3v0_Frontier...ok
   - ecmul_0-3_1_28000_96_d0g3v0_Homestead...ok
   - ecmul_7827-6598_1_28000_96_d0g3v0_Byzantium...ok
   - ecmul_7827-6598_1_28000_96_d0g3v0_EIP150...ok
   - ecmul_7827-6598_1_28000_96_d0g3v0_EIP158...ok
   - ecmul_7827-6598_1_28000_96_d0g3v0_Frontier...ok
   - ecmul_7827-6598_1_28000_96_d0g3v0_Homestead...ok
   - pointMulAdd2_d7g3v0_Byzantium...ok
   - pointMulAdd2_d7g3v0_EIP150...ok
   - pointMulAdd2_d7g3v0_EIP158...ok
   - pointMulAdd2_d7g3v0_Frontier...ok
   - pointMulAdd2_d7g3v0_Homestead...ok
   - ecmul_1-3_0_28000_128_d0g2v0_Byzantium...ok
   - ecmul_1-3_0_28000_128_d0g2v0_EIP150...ok
   - ecmul_1-3_0_28000_128_d0g2v0_EIP158...ok
   - ecmul_1-3_0_28000_128_d0g2v0_Frontier...ok
   - ecmul_1-3_0_28000_128_d0g2v0_Homestead...ok
   - ecmul_0-0_9_28000_96_d0g1v0_Byzantium...ok
   - ecmul_0-0_9_28000_96_d0g1v0_EIP150...ok
   - ecmul_0-0_9_28000_96_d0g1v0_EIP158...ok
   - ecmul_0-0_9_28000_96_d0g1v0_Frontier...ok
   - ecmul_0-0_9_28000_96_d0g1v0_Homestead...ok
   - ecpairing_two_point_fail_2_d0g0v0_Byzantium...ok
   - ecpairing_two_point_fail_2_d0g0v0_EIP150...ok
   - ecpairing_two_point_fail_2_d0g0v0_EIP158...ok
   - ecpairing_two_point_fail_2_d0g0v0_Frontier...ok
   - ecpairing_two_point_fail_2_d0g0v0_Homestead...ok
   - pairingTest_d1g0v0_Byzantium...ok
   - pairingTest_d1g0v0_EIP150...ok
   - pairingTest_d1g0v0_EIP158...ok
   - pairingTest_d1g0v0_Frontier...ok
   - pairingTest_d1g0v0_Homestead...ok
   - ecmul_0-3_9_21000_96_d0g3v0_Byzantium...ok
   - ecmul_0-3_9_21000_96_d0g3v0_EIP150...ok
   - ecmul_0-3_9_21000_96_d0g3v0_EIP158...ok
   - ecmul_0-3_9_21000_96_d0g3v0_Frontier...ok
   - ecmul_0-3_9_21000_96_d0g3v0_Homestead...ok
   - ecmul_0-0_2_28000_128_d0g2v0_Byzantium...ok
   - ecmul_0-0_2_28000_128_d0g2v0_EIP150...ok
   - ecmul_0-0_2_28000_128_d0g2v0_EIP158...ok
   - ecmul_0-0_2_28000_128_d0g2v0_Frontier...ok
   - ecmul_0-0_2_28000_128_d0g2v0_Homestead...ok
   - ecmul_1-2_0_28000_96_d0g2v0_Byzantium...ok
   - ecmul_1-2_0_28000_96_d0g2v0_EIP150...ok
   - ecmul_1-2_0_28000_96_d0g2v0_EIP158...ok
   - ecmul_1-2_0_28000_96_d0g2v0_Frontier...ok
   - ecmul_1-2_0_28000_96_d0g2v0_Homestead...ok
   - ecmul_1-3_9_28000_128_d0g2v0_Byzantium...ok
   - ecmul_1-3_9_28000_128_d0g2v0_EIP150...ok
   - ecmul_1-3_9_28000_128_d0g2v0_EIP158...ok
   - ecmul_1-3_9_28000_128_d0g2v0_Frontier...ok
   - ecmul_1-3_9_28000_128_d0g2v0_Homestead...ok
   - ecmul_0-3_340282366920938463463374607431768211456_28000_80_d0g1v0_Byzantium...ok
   - ecmul_0-3_340282366920938463463374607431768211456_28000_80_d0g1v0_EIP150...ok
   - ecmul_0-3_340282366920938463463374607431768211456_28000_80_d0g1v0_EIP158...ok
   - ecmul_0-3_340282366920938463463374607431768211456_28000_80_d0g1v0_Frontier...ok
   - ecmul_0-3_340282366920938463463374607431768211456_28000_80_d0g1v0_Homestead...ok
   - ecadd_1-2_0-0_21000_128_d0g1v0_Byzantium...ok
   - ecadd_1-2_0-0_21000_128_d0g1v0_EIP150...ok
   - ecadd_1-2_0-0_21000_128_d0g1v0_EIP158...ok
   - ecadd_1-2_0-0_21000_128_d0g1v0_Frontier...ok
   - ecadd_1-2_0-0_21000_128_d0g1v0_Homestead...ok
   - ecmul_1-2_9935_28000_96_d0g1v0_Byzantium...ok
   - ecmul_1-2_9935_28000_96_d0g1v0_EIP150...ok
   - ecmul_1-2_9935_28000_96_d0g1v0_EIP158...ok
   - ecmul_1-2_9935_28000_96_d0g1v0_Frontier...ok
   - ecmul_1-2_9935_28000_96_d0g1v0_Homestead...ok
   - ecmul_0-3_9935_28000_96_d0g3v0_Byzantium...ok
   - ecmul_0-3_9935_28000_96_d0g3v0_EIP150...ok
   - ecmul_0-3_9935_28000_96_d0g3v0_EIP158...ok
   - ecmul_0-3_9935_28000_96_d0g3v0_Frontier...ok
   - ecmul_0-3_9935_28000_96_d0g3v0_Homestead...ok
   - ecmul_1-3_9935_28000_96_d0g1v0_Byzantium...ok
   - ecmul_1-3_9935_28000_96_d0g1v0_EIP150...ok
   - ecmul_1-3_9935_28000_96_d0g1v0_EIP158...ok
   - ecmul_1-3_9935_28000_96_d0g1v0_Frontier...ok
   - ecmul_1-3_9935_28000_96_d0g1v0_Homestead...ok
   - ecmul_7827-6598_9935_28000_128_d0g2v0_Byzantium...ok
   - ecmul_7827-6598_9935_28000_128_d0g2v0_EIP150...ok
   - ecmul_7827-6598_9935_28000_128_d0g2v0_EIP158...ok
   - ecmul_7827-6598_9935_28000_128_d0g2v0_Frontier...ok
   - ecmul_7827-6598_9935_28000_128_d0g2v0_Homestead...ok
   - ecmul_0-0_0_21000_128_d0g2v0_Byzantium...ok
   - ecmul_0-0_0_21000_128_d0g2v0_EIP150...ok
   - ecmul_0-0_0_21000_128_d0g2v0_EIP158...ok
   - ecmul_0-0_0_21000_128_d0g2v0_Frontier...ok
   - ecmul_0-0_0_21000_128_d0g2v0_Homestead...ok
   - ecmul_1-2_5617_28000_96_d0g0v0_Byzantium...ok
   - ecmul_1-2_5617_28000_96_d0g0v0_EIP150...ok
   - ecmul_1-2_5617_28000_96_d0g0v0_EIP158...ok
   - ecmul_1-2_5617_28000_96_d0g0v0_Frontier...ok
   - ecmul_1-2_5617_28000_96_d0g0v0_Homestead...ok
   - ecmul_1-2_340282366920938463463374607431768211456_21000_128_d0g3v0_Byzantium...ok
   - ecmul_1-2_340282366920938463463374607431768211456_21000_128_d0g3v0_EIP150...ok
   - ecmul_1-2_340282366920938463463374607431768211456_21000_128_d0g3v0_EIP158...ok
   - ecmul_1-2_340282366920938463463374607431768211456_21000_128_d0g3v0_Frontier...ok
   - ecmul_1-2_340282366920938463463374607431768211456_21000_128_d0g3v0_Homestead...ok
   - ecmul_0-0_0_28000_64_d0g3v0_Byzantium...ok
   - ecmul_0-0_0_28000_64_d0g3v0_EIP150...ok
   - ecmul_0-0_0_28000_64_d0g3v0_EIP158...ok
   - ecmul_0-0_0_28000_64_d0g3v0_Frontier...ok
   - ecmul_0-0_0_28000_64_d0g3v0_Homestead...ok
   - ecpairing_bad_length_193_d0g2v0_Byzantium...ok
   - ecpairing_bad_length_193_d0g2v0_EIP150...ok
   - ecpairing_bad_length_193_d0g2v0_EIP158...ok
   - ecpairing_bad_length_193_d0g2v0_Frontier...ok
   - ecpairing_bad_length_193_d0g2v0_Homestead...ok
   - pointAddTrunc_d3g1v0_Byzantium...ok
   - pointAddTrunc_d3g1v0_EIP150...ok
   - pointAddTrunc_d3g1v0_EIP158...ok
   - pointAddTrunc_d3g1v0_Frontier...ok
   - pointAddTrunc_d3g1v0_Homestead...ok
   - pointMulAdd2_d19g1v0_Byzantium...ok
   - pointMulAdd2_d19g1v0_EIP150...ok
   - pointMulAdd2_d19g1v0_EIP158...ok
   - pointMulAdd2_d19g1v0_Frontier...ok
   - pointMulAdd2_d19g1v0_Homestead...ok
   - ecmul_7827-6598_1456_21000_128_d0g3v0_Byzantium...ok
   - ecmul_7827-6598_1456_21000_128_d0g3v0_EIP150...ok
   - ecmul_7827-6598_1456_21000_128_d0g3v0_EIP158...ok
   - ecmul_7827-6598_1456_21000_128_d0g3v0_Frontier...ok
   - ecmul_7827-6598_1456_21000_128_d0g3v0_Homestead...ok
   - ecmul_7827-6598_9_28000_128_d0g3v0_Byzantium...ok
   - ecmul_7827-6598_9_28000_128_d0g3v0_EIP150...ok
   - ecmul_7827-6598_9_28000_128_d0g3v0_EIP158...ok
   - ecmul_7827-6598_9_28000_128_d0g3v0_Frontier...ok
   - ecmul_7827-6598_9_28000_128_d0g3v0_Homestead...ok
   - pointMulAdd_d2g1v0_Byzantium...ok
   - pointMulAdd_d2g1v0_EIP150...ok
   - pointMulAdd_d2g1v0_EIP158...ok
   - pointMulAdd_d2g1v0_Frontier...ok
   - pointMulAdd_d2g1v0_Homestead...ok
   - ecpairing_empty_data_insufficient_gas_d0g0v0_Byzantium...ok
   - ecpairing_empty_data_insufficient_gas_d0g0v0_EIP150...ok
   - ecpairing_empty_data_insufficient_gas_d0g0v0_EIP158...ok
   - ecpairing_empty_data_insufficient_gas_d0g0v0_Frontier...ok
   - ecpairing_empty_data_insufficient_gas_d0g0v0_Homestead...ok
   - pointMulAdd2_d24g3v0_Byzantium...ok
   - pointMulAdd2_d24g3v0_EIP150...ok
   - pointMulAdd2_d24g3v0_EIP158...ok
   - pointMulAdd2_d24g3v0_Frontier...ok
   - pointMulAdd2_d24g3v0_Homestead...ok
   - ecadd_0-0_0-0_21000_0_d0g0v0_Byzantium...ok
   - ecadd_0-0_0-0_21000_0_d0g0v0_EIP150...ok
   - ecadd_0-0_0-0_21000_0_d0g0v0_EIP158...ok
   - ecadd_0-0_0-0_21000_0_d0g0v0_Frontier...ok
   - ecadd_0-0_0-0_21000_0_d0g0v0_Homestead...ok
   - ecpairing_perturb_zeropoint_by_field_modulus_d0g3v0_Byzantium...ok
   - ecpairing_perturb_zeropoint_by_field_modulus_d0g3v0_EIP150...ok
   - ecpairing_perturb_zeropoint_by_field_modulus_d0g3v0_EIP158...ok
   - ecpairing_perturb_zeropoint_by_field_modulus_d0g3v0_Frontier...ok
   - ecpairing_perturb_zeropoint_by_field_modulus_d0g3v0_Homestead...ok
   - pointAdd_d6g3v0_Byzantium...ok
   - pointAdd_d6g3v0_EIP150...ok
   - pointAdd_d6g3v0_EIP158...ok
   - pointAdd_d6g3v0_Frontier...ok
   - pointAdd_d6g3v0_Homestead...ok
   - ecadd_0-0_1-2_25000_192_d0g0v0_Byzantium...ok
   - ecadd_0-0_1-2_25000_192_d0g0v0_EIP150...ok
   - ecadd_0-0_1-2_25000_192_d0g0v0_EIP158...ok
   - ecadd_0-0_1-2_25000_192_d0g0v0_Frontier...ok
   - ecadd_0-0_1-2_25000_192_d0g0v0_Homestead...ok
   - ecadd_0-0_0-0_21000_64_d0g0v0_Byzantium...ok
   - ecadd_0-0_0-0_21000_64_d0g0v0_EIP150...ok
   - ecadd_0-0_0-0_21000_64_d0g0v0_EIP158...ok
   - ecadd_0-0_0-0_21000_64_d0g0v0_Frontier...ok
   - ecadd_0-0_0-0_21000_64_d0g0v0_Homestead...ok
   - ecadd_1145-3932_2969-1336_25000_128_d0g1v0_Byzantium...ok
   - ecadd_1145-3932_2969-1336_25000_128_d0g1v0_EIP150...ok
   - ecadd_1145-3932_2969-1336_25000_128_d0g1v0_EIP158...ok
   - ecadd_1145-3932_2969-1336_25000_128_d0g1v0_Frontier...ok
   - ecadd_1145-3932_2969-1336_25000_128_d0g1v0_Homestead...ok
   - ecmul_1-2_340282366920938463463374607431768211456_21000_80_d0g2v0_Byzantium...ok
   - ecmul_1-2_340282366920938463463374607431768211456_21000_80_d0g2v0_EIP150...ok
   - ecmul_1-2_340282366920938463463374607431768211456_21000_80_d0g2v0_EIP158...ok
   - ecmul_1-2_340282366920938463463374607431768211456_21000_80_d0g2v0_Frontier...ok
   - ecmul_1-2_340282366920938463463374607431768211456_21000_80_d0g2v0_Homestead...ok
   - ecmul_1-3_9935_21000_96_d0g3v0_Byzantium...ok
   - ecmul_1-3_9935_21000_96_d0g3v0_EIP150...ok
   - ecmul_1-3_9935_21000_96_d0g3v0_EIP158...ok
   - ecmul_1-3_9935_21000_96_d0g3v0_Frontier...ok
   - ecmul_1-3_9935_21000_96_d0g3v0_Homestead...ok
   - ecmul_1-3_0_21000_64_d0g2v0_Byzantium...ok
   - ecmul_1-3_0_21000_64_d0g2v0_EIP150...ok
   - ecmul_1-3_0_21000_64_d0g2v0_EIP158...ok
   - ecmul_1-3_0_21000_64_d0g2v0_Frontier...ok
   - ecmul_1-3_0_21000_64_d0g2v0_Homestead...ok
   - ecmul_1-3_340282366920938463463374607431768211456_28000_128_d0g3v0_Byzantium...ok
   - ecmul_1-3_340282366920938463463374607431768211456_28000_128_d0g3v0_EIP150...ok
   - ecmul_1-3_340282366920938463463374607431768211456_28000_128_d0g3v0_EIP158...ok
   - ecmul_1-3_340282366920938463463374607431768211456_28000_128_d0g3v0_Frontier...ok
   - ecmul_1-3_340282366920938463463374607431768211456_28000_128_d0g3v0_Homestead...ok
   - pointAddTrunc_d2g3v0_Byzantium...ok
   - pointAddTrunc_d2g3v0_EIP150...ok
   - pointAddTrunc_d2g3v0_EIP158...ok
   - pointAddTrunc_d2g3v0_Frontier...ok
   - pointAddTrunc_d2g3v0_Homestead...ok
   - pointAdd_d8g2v0_Byzantium...ok
   - pointAdd_d8g2v0_EIP150...ok
   - pointAdd_d8g2v0_EIP158...ok
   - pointAdd_d8g2v0_Frontier...ok
   - pointAdd_d8g2v0_Homestead...ok
   - ecmul_1-3_1_28000_96_d0g3v0_Byzantium...ok
   - ecmul_1-3_1_28000_96_d0g3v0_EIP150...ok
   - ecmul_1-3_1_28000_96_d0g3v0_EIP158...ok
   - ecmul_1-3_1_28000_96_d0g3v0_Frontier...ok
   - ecmul_1-3_1_28000_96_d0g3v0_Homestead...ok
   - ecadd_1-3_0-0_25000_80_d0g1v0_Byzantium...ok
   - ecadd_1-3_0-0_25000_80_d0g1v0_EIP150...ok
   - ecadd_1-3_0-0_25000_80_d0g1v0_EIP158...ok
   - ecadd_1-3_0-0_25000_80_d0g1v0_Frontier...ok
   - ecadd_1-3_0-0_25000_80_d0g1v0_Homestead...ok
   - ecmul_0-0_2_21000_96_d0g0v0_Byzantium...ok
   - ecmul_0-0_2_21000_96_d0g0v0_EIP150...ok
   - ecmul_0-0_2_21000_96_d0g0v0_EIP158...ok
   - ecmul_0-0_2_21000_96_d0g0v0_Frontier...ok
   - ecmul_0-0_2_21000_96_d0g0v0_Homestead...ok
   - ecpairing_two_point_oog_d0g1v0_Byzantium...ok
   - ecpairing_two_point_oog_d0g1v0_EIP150...ok
   - ecpairing_two_point_oog_d0g1v0_EIP158...ok
   - ecpairing_two_point_oog_d0g1v0_Frontier...ok
   - ecpairing_two_point_oog_d0g1v0_Homestead...ok
   - ecmul_1-3_1_21000_128_d0g2v0_Byzantium...ok
   - ecmul_1-3_1_21000_128_d0g2v0_EIP150...ok
   - ecmul_1-3_1_21000_128_d0g2v0_EIP158...ok
   - ecmul_1-3_1_21000_128_d0g2v0_Frontier...ok
   - ecmul_1-3_1_21000_128_d0g2v0_Homestead...ok
   - ecmul_0-0_9935_21000_128_d0g0v0_Byzantium...ok
   - ecmul_0-0_9935_21000_128_d0g0v0_EIP150...ok
   - ecmul_0-0_9935_21000_128_d0g0v0_EIP158...ok
   - ecmul_0-0_9935_21000_128_d0g0v0_Frontier...ok
   - ecmul_0-0_9935_21000_128_d0g0v0_Homestead...ok
   - pointMulAdd2_d28g2v0_Byzantium...ok
   - pointMulAdd2_d28g2v0_EIP150...ok
   - pointMulAdd2_d28g2v0_EIP158...ok
   - pointMulAdd2_d28g2v0_Frontier...ok
   - pointMulAdd2_d28g2v0_Homestead...ok
   - pointAddTrunc_d8g1v0_Byzantium...ok
   - pointAddTrunc_d8g1v0_EIP150...ok
   - pointAddTrunc_d8g1v0_EIP158...ok
   - pointAddTrunc_d8g1v0_Frontier...ok
   - pointAddTrunc_d8g1v0_Homestead...ok
   - ecmul_1-2_2_28000_128_d0g1v0_Byzantium...ok
   - ecmul_1-2_2_28000_128_d0g1v0_EIP150...ok
   - ecmul_1-2_2_28000_128_d0g1v0_EIP158...ok
   - ecmul_1-2_2_28000_128_d0g1v0_Frontier...ok
   - ecmul_1-2_2_28000_128_d0g1v0_Homestead...ok
   - ecmul_1-3_0_28000_128_d0g3v0_Byzantium...ok
   - ecmul_1-3_0_28000_128_d0g3v0_EIP150...ok
   - ecmul_1-3_0_28000_128_d0g3v0_EIP158...ok
   - ecmul_1-3_0_28000_128_d0g3v0_Frontier...ok
   - ecmul_1-3_0_28000_128_d0g3v0_Homestead...ok
   - pointMulAdd2_d36g2v0_Byzantium...ok
   - pointMulAdd2_d36g2v0_EIP150...ok
   - pointMulAdd2_d36g2v0_EIP158...ok
   - pointMulAdd2_d36g2v0_Frontier...ok
   - pointMulAdd2_d36g2v0_Homestead...ok
   - ecpairing_one_point_with_g2_zero_and_g1_invalid_d0g1v0_Byzantium...ok
   - ecpairing_one_point_with_g2_zero_and_g1_invalid_d0g1v0_EIP150...ok
   - ecpairing_one_point_with_g2_zero_and_g1_invalid_d0g1v0_EIP158...ok
   - ecpairing_one_point_with_g2_zero_and_g1_invalid_d0g1v0_Frontier...ok
   - ecpairing_one_point_with_g2_zero_and_g1_invalid_d0g1v0_Homestead...ok
   - ecmul_7827-6598_5616_28000_128_d0g3v0_Byzantium...ok
   - ecmul_7827-6598_5616_28000_128_d0g3v0_EIP150...ok
   - ecmul_7827-6598_5616_28000_128_d0g3v0_EIP158...ok
   - ecmul_7827-6598_5616_28000_128_d0g3v0_Frontier...ok
   - ecmul_7827-6598_5616_28000_128_d0g3v0_Homestead...ok
   - ecmul_1-3_5617_28000_128_d0g2v0_Byzantium...ok
   - ecmul_1-3_5617_28000_128_d0g2v0_EIP150...ok
   - ecmul_1-3_5617_28000_128_d0g2v0_EIP158...ok
   - ecmul_1-3_5617_28000_128_d0g2v0_Frontier...ok
   - ecmul_1-3_5617_28000_128_d0g2v0_Homestead...ok
   - ecmul_1-2_340282366920938463463374607431768211456_21000_80_d0g3v0_Byzantium...ok
   - ecmul_1-2_340282366920938463463374607431768211456_21000_80_d0g3v0_EIP150...ok
   - ecmul_1-2_340282366920938463463374607431768211456_21000_80_d0g3v0_EIP158...ok
   - ecmul_1-2_340282366920938463463374607431768211456_21000_80_d0g3v0_Frontier...ok
   - ecmul_1-2_340282366920938463463374607431768211456_21000_80_d0g3v0_Homestead...ok
   - ecmul_0-0_0_21000_128_d0g3v0_Byzantium...ok
   - ecmul_0-0_0_21000_128_d0g3v0_EIP150...ok
   - ecmul_0-0_0_21000_128_d0g3v0_EIP158...ok
   - ecmul_0-0_0_21000_128_d0g3v0_Frontier...ok
   - ecmul_0-0_0_21000_128_d0g3v0_Homestead...ok
   - pointMulAdd2_d9g3v0_Byzantium...ok
   - pointMulAdd2_d9g3v0_EIP150...ok
   - pointMulAdd2_d9g3v0_EIP158...ok
   - pointMulAdd2_d9g3v0_Frontier...ok
   - pointMulAdd2_d9g3v0_Homestead...ok
   - pointMulAdd2_d2g0v0_Byzantium...ok
   - pointMulAdd2_d2g0v0_EIP150...ok
   - pointMulAdd2_d2g0v0_EIP158...ok
   - pointMulAdd2_d2g0v0_Frontier...ok
   - pointMulAdd2_d2g0v0_Homestead...ok
   - ecadd_1-2_1-2_25000_192_d0g2v0_Byzantium...ok
   - ecadd_1-2_1-2_25000_192_d0g2v0_EIP150...ok
   - ecadd_1-2_1-2_25000_192_d0g2v0_EIP158...ok
   - ecadd_1-2_1-2_25000_192_d0g2v0_Frontier...ok
   - ecadd_1-2_1-2_25000_192_d0g2v0_Homestead...ok
   - pointMulAdd_d3g0v0_Byzantium...ok
   - pointMulAdd_d3g0v0_EIP150...ok
   - pointMulAdd_d3g0v0_EIP158...ok
   - pointMulAdd_d3g0v0_Frontier...ok
   - pointMulAdd_d3g0v0_Homestead...ok
   - pointMulAdd2_d1g3v0_Byzantium...ok
   - pointMulAdd2_d1g3v0_EIP150...ok
   - pointMulAdd2_d1g3v0_EIP158...ok
   - pointMulAdd2_d1g3v0_Frontier...ok
   - pointMulAdd2_d1g3v0_Homestead...ok
   - ecmul_1-3_340282366920938463463374607431768211456_28000_80_d0g0v0_Byzantium...ok
   - ecmul_1-3_340282366920938463463374607431768211456_28000_80_d0g0v0_EIP150...ok
   - ecmul_1-3_340282366920938463463374607431768211456_28000_80_d0g0v0_EIP158...ok
   - ecmul_1-3_340282366920938463463374607431768211456_28000_80_d0g0v0_Frontier...ok
   - ecmul_1-3_340282366920938463463374607431768211456_28000_80_d0g0v0_Homestead...ok
   - ecpairing_three_point_match_1_d0g3v0_Byzantium...ok
   - ecpairing_three_point_match_1_d0g3v0_EIP150...ok
   - ecpairing_three_point_match_1_d0g3v0_EIP158...ok
   - ecpairing_three_point_match_1_d0g3v0_Frontier...ok
   - ecpairing_three_point_match_1_d0g3v0_Homestead...ok
   - pairingTest_d3g2v0_Byzantium...ok
   - pairingTest_d3g2v0_EIP150...ok
   - pairingTest_d3g2v0_EIP158...ok
   - pairingTest_d3g2v0_Frontier...ok
   - pairingTest_d3g2v0_Homestead...ok
   - ecmul_1-2_9935_28000_96_d0g2v0_Byzantium...ok
   - ecmul_1-2_9935_28000_96_d0g2v0_EIP150...ok
   - ecmul_1-2_9935_28000_96_d0g2v0_EIP158...ok
   - ecmul_1-2_9935_28000_96_d0g2v0_Frontier...ok
   - ecmul_1-2_9935_28000_96_d0g2v0_Homestead...ok
   - ecmul_1-3_5617_28000_128_d0g0v0_Byzantium...ok
   - ecmul_1-3_5617_28000_128_d0g0v0_EIP150...ok
   - ecmul_1-3_5617_28000_128_d0g0v0_EIP158...ok
   - ecmul_1-3_5617_28000_128_d0g0v0_Frontier...ok
   - ecmul_1-3_5617_28000_128_d0g0v0_Homestead...ok
   - pointMulAdd2_d14g2v0_Byzantium...ok
   - pointMulAdd2_d14g2v0_EIP150...ok
   - pointMulAdd2_d14g2v0_EIP158...ok
   - pointMulAdd2_d14g2v0_Frontier...ok
   - pointMulAdd2_d14g2v0_Homestead...ok
   - ecadd_0-0_0-0_21000_80_d0g3v0_Byzantium...ok
   - ecadd_0-0_0-0_21000_80_d0g3v0_EIP150...ok
   - ecadd_0-0_0-0_21000_80_d0g3v0_EIP158...ok
   - ecadd_0-0_0-0_21000_80_d0g3v0_Frontier...ok
   - ecadd_0-0_0-0_21000_80_d0g3v0_Homestead...ok
   - ecmul_0-0_1_28000_128_d0g0v0_Byzantium...ok
   - ecmul_0-0_1_28000_128_d0g0v0_EIP150...ok
   - ecmul_0-0_1_28000_128_d0g0v0_EIP158...ok
   - ecmul_0-0_1_28000_128_d0g0v0_Frontier...ok
   - ecmul_0-0_1_28000_128_d0g0v0_Homestead...ok
   - ecmul_7827-6598_5617_28000_128_d0g2v0_Byzantium...ok
   - ecmul_7827-6598_5617_28000_128_d0g2v0_EIP150...ok
   - ecmul_7827-6598_5617_28000_128_d0g2v0_EIP158...ok
   - ecmul_7827-6598_5617_28000_128_d0g2v0_Frontier...ok
   - ecmul_7827-6598_5617_28000_128_d0g2v0_Homestead...ok
   - pointMulAdd2_d33g3v0_Byzantium...ok
   - pointMulAdd2_d33g3v0_EIP150...ok
   - pointMulAdd2_d33g3v0_EIP158...ok
   - pointMulAdd2_d33g3v0_Frontier...ok
   - pointMulAdd2_d33g3v0_Homestead...ok
   - pointMulAdd2_d21g3v0_Byzantium...ok
   - pointMulAdd2_d21g3v0_EIP150...ok
   - pointMulAdd2_d21g3v0_EIP158...ok
   - pointMulAdd2_d21g3v0_Frontier...ok
   - pointMulAdd2_d21g3v0_Homestead...ok
   - ecmul_7827-6598_2_21000_96_d0g0v0_Byzantium...ok
   - ecmul_7827-6598_2_21000_96_d0g0v0_EIP150...ok
   - ecmul_7827-6598_2_21000_96_d0g0v0_EIP158...ok
   - ecmul_7827-6598_2_21000_96_d0g0v0_Frontier...ok
   - ecmul_7827-6598_2_21000_96_d0g0v0_Homestead...ok
   - pointMulAdd2_d11g1v0_Byzantium...ok
   - pointMulAdd2_d11g1v0_EIP150...ok
   - pointMulAdd2_d11g1v0_EIP158...ok
   - pointMulAdd2_d11g1v0_Frontier...ok
   - pointMulAdd2_d11g1v0_Homestead...ok
   - ecpairing_one_point_with_g2_zero_and_g1_invalid_d0g2v0_Byzantium...ok
   - ecpairing_one_point_with_g2_zero_and_g1_invalid_d0g2v0_EIP150...ok
   - ecpairing_one_point_with_g2_zero_and_g1_invalid_d0g2v0_EIP158...ok
   - ecpairing_one_point_with_g2_zero_and_g1_invalid_d0g2v0_Frontier...ok
   - ecpairing_one_point_with_g2_zero_and_g1_invalid_d0g2v0_Homestead...ok
   - ecmul_7827-6598_1456_28000_80_d0g2v0_Byzantium...ok
   - ecmul_7827-6598_1456_28000_80_d0g2v0_EIP150...ok
   - ecmul_7827-6598_1456_28000_80_d0g2v0_EIP158...ok
   - ecmul_7827-6598_1456_28000_80_d0g2v0_Frontier...ok
   - ecmul_7827-6598_1456_28000_80_d0g2v0_Homestead...ok
   - pointMulAdd2_d16g3v0_Byzantium...ok
   - pointMulAdd2_d16g3v0_EIP150...ok
   - pointMulAdd2_d16g3v0_EIP158...ok
   - pointMulAdd2_d16g3v0_Frontier...ok
   - pointMulAdd2_d16g3v0_Homestead...ok
   - ecmul_0-0_5616_21000_96_d0g2v0_Byzantium...ok
   - ecmul_0-0_5616_21000_96_d0g2v0_EIP150...ok
   - ecmul_0-0_5616_21000_96_d0g2v0_EIP158...ok
   - ecmul_0-0_5616_21000_96_d0g2v0_Frontier...ok
   - ecmul_0-0_5616_21000_96_d0g2v0_Homestead...ok
   - ecmul_0-0_5616_28000_128_d0g1v0_Byzantium...ok
   - ecmul_0-0_5616_28000_128_d0g1v0_EIP150...ok
   - ecmul_0-0_5616_28000_128_d0g1v0_EIP158...ok
   - ecmul_0-0_5616_28000_128_d0g1v0_Frontier...ok
   - ecmul_0-0_5616_28000_128_d0g1v0_Homestead...ok
   - ecmul_1-3_2_21000_96_d0g0v0_Byzantium...ok
   - ecmul_1-3_2_21000_96_d0g0v0_EIP150...ok
   - ecmul_1-3_2_21000_96_d0g0v0_EIP158...ok
   - ecmul_1-3_2_21000_96_d0g0v0_Frontier...ok
   - ecmul_1-3_2_21000_96_d0g0v0_Homestead...ok
   - ecmul_0-0_5617_28000_96_d0g2v0_Byzantium...ok
   - ecmul_0-0_5617_28000_96_d0g2v0_EIP150...ok
   - ecmul_0-0_5617_28000_96_d0g2v0_EIP158...ok
   - ecmul_0-0_5617_28000_96_d0g2v0_Frontier...ok
   - ecmul_0-0_5617_28000_96_d0g2v0_Homestead...ok
   - ecmul_1-2_9935_21000_96_d0g2v0_Byzantium...ok
   - ecmul_1-2_9935_21000_96_d0g2v0_EIP150...ok
   - ecmul_1-2_9935_21000_96_d0g2v0_EIP158...ok
   - ecmul_1-2_9935_21000_96_d0g2v0_Frontier...ok
   - ecmul_1-2_9935_21000_96_d0g2v0_Homestead...ok
   - ecmul_1-2_340282366920938463463374607431768211456_21000_128_d0g0v0_Byzantium...ok
   - ecmul_1-2_340282366920938463463374607431768211456_21000_128_d0g0v0_EIP150...ok
   - ecmul_1-2_340282366920938463463374607431768211456_21000_128_d0g0v0_EIP158...ok
   - ecmul_1-2_340282366920938463463374607431768211456_21000_128_d0g0v0_Frontier...ok
   - ecmul_1-2_340282366920938463463374607431768211456_21000_128_d0g0v0_Homestead...ok
   - pointMulAdd_d4g0v0_Byzantium...ok
   - pointMulAdd_d4g0v0_EIP150...ok
   - pointMulAdd_d4g0v0_EIP158...ok
   - pointMulAdd_d4g0v0_Frontier...ok
   - pointMulAdd_d4g0v0_Homestead...ok
   - pointMulAdd2_d25g2v0_Byzantium...ok
   - pointMulAdd2_d25g2v0_EIP150...ok
   - pointMulAdd2_d25g2v0_EIP158...ok
   - pointMulAdd2_d25g2v0_Frontier...ok
   - pointMulAdd2_d25g2v0_Homestead...ok
   - ecmul_0-0_0_28000_80_d0g2v0_Byzantium...ok
   - ecmul_0-0_0_28000_80_d0g2v0_EIP150...ok
   - ecmul_0-0_0_28000_80_d0g2v0_EIP158...ok
   - ecmul_0-0_0_28000_80_d0g2v0_Frontier...ok
   - ecmul_0-0_0_28000_80_d0g2v0_Homestead...ok
   - ecmul_1-2_0_21000_96_d0g1v0_Byzantium...ok
   - ecmul_1-2_0_21000_96_d0g1v0_EIP150...ok
   - ecmul_1-2_0_21000_96_d0g1v0_EIP158...ok
   - ecmul_1-2_0_21000_96_d0g1v0_Frontier...ok
   - ecmul_1-2_0_21000_96_d0g1v0_Homestead...ok
   - ecmul_0-3_340282366920938463463374607431768211456_28000_80_d0g2v0_Byzantium...ok
   - ecmul_0-3_340282366920938463463374607431768211456_28000_80_d0g2v0_EIP150...ok
   - ecmul_0-3_340282366920938463463374607431768211456_28000_80_d0g2v0_EIP158...ok
   - ecmul_0-3_340282366920938463463374607431768211456_28000_80_d0g2v0_Frontier...ok
   - ecmul_0-3_340282366920938463463374607431768211456_28000_80_d0g2v0_Homestead...ok
   - ecmul_1-3_340282366920938463463374607431768211456_28000_128_d0g2v0_Byzantium...ok
   - ecmul_1-3_340282366920938463463374607431768211456_28000_128_d0g2v0_EIP150...ok
   - ecmul_1-3_340282366920938463463374607431768211456_28000_128_d0g2v0_EIP158...ok
   - ecmul_1-3_340282366920938463463374607431768211456_28000_128_d0g2v0_Frontier...ok
   - ecmul_1-3_340282366920938463463374607431768211456_28000_128_d0g2v0_Homestead...ok
   - ecmul_1-2_5616_21000_128_d0g3v0_Byzantium...ok
   - ecmul_1-2_5616_21000_128_d0g3v0_EIP150...ok
   - ecmul_1-2_5616_21000_128_d0g3v0_EIP158...ok
   - ecmul_1-2_5616_21000_128_d0g3v0_Frontier...ok
   - ecmul_1-2_5616_21000_128_d0g3v0_Homestead...ok
   - ecmul_1-3_9_28000_96_d0g0v0_Byzantium...ok
   - ecmul_1-3_9_28000_96_d0g0v0_EIP150...ok
   - ecmul_1-3_9_28000_96_d0g0v0_EIP158...ok
   - ecmul_1-3_9_28000_96_d0g0v0_Frontier...ok
   - ecmul_1-3_9_28000_96_d0g0v0_Homestead...ok
   - ecmul_0-3_9935_28000_128_d0g0v0_Byzantium...ok
   - ecmul_0-3_9935_28000_128_d0g0v0_EIP150...ok
   - ecmul_0-3_9935_28000_128_d0g0v0_EIP158...ok
   - ecmul_0-3_9935_28000_128_d0g0v0_Frontier...ok
   - ecmul_0-3_9935_28000_128_d0g0v0_Homestead...ok
   - ecpairing_empty_data_d0g1v0_Byzantium...ok
   - ecpairing_empty_data_d0g1v0_EIP150...ok
   - ecpairing_empty_data_d0g1v0_EIP158...ok
   - ecpairing_empty_data_d0g1v0_Frontier...ok
   - ecpairing_empty_data_d0g1v0_Homestead...ok
   - ecmul_1-2_340282366920938463463374607431768211456_21000_128_d0g2v0_Byzantium...ok
   - ecmul_1-2_340282366920938463463374607431768211456_21000_128_d0g2v0_EIP150...ok
   - ecmul_1-2_340282366920938463463374607431768211456_21000_128_d0g2v0_EIP158...ok
   - ecmul_1-2_340282366920938463463374607431768211456_21000_128_d0g2v0_Frontier...ok
   - ecmul_1-2_340282366920938463463374607431768211456_21000_128_d0g2v0_Homestead...ok
   - ecmul_0-3_2_21000_128_d0g0v0_Byzantium...ok
   - ecmul_0-3_2_21000_128_d0g0v0_EIP150...ok
   - ecmul_0-3_2_21000_128_d0g0v0_EIP158...ok
   - ecmul_0-3_2_21000_128_d0g0v0_Frontier...ok
   - ecmul_0-3_2_21000_128_d0g0v0_Homestead...ok
   - ecmul_1-3_5616_21000_96_d0g2v0_Byzantium...ok
   - ecmul_1-3_5616_21000_96_d0g2v0_EIP150...ok
   - ecmul_1-3_5616_21000_96_d0g2v0_EIP158...ok
   - ecmul_1-3_5616_21000_96_d0g2v0_Frontier...ok
   - ecmul_1-3_5616_21000_96_d0g2v0_Homestead...ok
   - ecpairing_two_point_match_3_d0g1v0_Byzantium...ok
   - ecpairing_two_point_match_3_d0g1v0_EIP150...ok
   - ecpairing_two_point_match_3_d0g1v0_EIP158...ok
   - ecpairing_two_point_match_3_d0g1v0_Frontier...ok
   - ecpairing_two_point_match_3_d0g1v0_Homestead...ok
   - ecmul_1-2_340282366920938463463374607431768211456_21000_96_d0g0v0_Byzantium...ok
   - ecmul_1-2_340282366920938463463374607431768211456_21000_96_d0g0v0_EIP150...ok
   - ecmul_1-2_340282366920938463463374607431768211456_21000_96_d0g0v0_EIP158...ok
   - ecmul_1-2_340282366920938463463374607431768211456_21000_96_d0g0v0_Frontier...ok
   - ecmul_1-2_340282366920938463463374607431768211456_21000_96_d0g0v0_Homestead...ok
   - ecmul_7827-6598_5616_21000_128_d0g0v0_Byzantium...ok
   - ecmul_7827-6598_5616_21000_128_d0g0v0_EIP150...ok
   - ecmul_7827-6598_5616_21000_128_d0g0v0_EIP158...ok
   - ecmul_7827-6598_5616_21000_128_d0g0v0_Frontier...ok
   - ecmul_7827-6598_5616_21000_128_d0g0v0_Homestead...ok
   - pointMulAdd2_d2g2v0_Byzantium...ok
   - pointMulAdd2_d2g2v0_EIP150...ok
   - pointMulAdd2_d2g2v0_EIP158...ok
   - pointMulAdd2_d2g2v0_Frontier...ok
   - pointMulAdd2_d2g2v0_Homestead...ok
   - ecadd_1-2_0-0_21000_128_d0g0v0_Byzantium...ok
   - ecadd_1-2_0-0_21000_128_d0g0v0_EIP150...ok
   - ecadd_1-2_0-0_21000_128_d0g0v0_EIP158...ok
   - ecadd_1-2_0-0_21000_128_d0g0v0_Frontier...ok
   - ecadd_1-2_0-0_21000_128_d0g0v0_Homestead...ok
   - ecmul_0-3_9_28000_128_d0g1v0_Byzantium...ok
   - ecmul_0-3_9_28000_128_d0g1v0_EIP150...ok
   - ecmul_0-3_9_28000_128_d0g1v0_EIP158...ok
   - ecmul_0-3_9_28000_128_d0g1v0_Frontier...ok
   - ecmul_0-3_9_28000_128_d0g1v0_Homestead...ok
   - ecmul_0-0_5617_28000_128_d0g1v0_Byzantium...ok
   - ecmul_0-0_5617_28000_128_d0g1v0_EIP150...ok
   - ecmul_0-0_5617_28000_128_d0g1v0_EIP158...ok
   - ecmul_0-0_5617_28000_128_d0g1v0_Frontier...ok
   - ecmul_0-0_5617_28000_128_d0g1v0_Homestead...ok
   - ecadd_0-0_0-0_21000_128_d0g1v0_Byzantium...ok
   - ecadd_0-0_0-0_21000_128_d0g1v0_EIP150...ok
   - ecadd_0-0_0-0_21000_128_d0g1v0_EIP158...ok
   - ecadd_0-0_0-0_21000_128_d0g1v0_Frontier...ok
   - ecadd_0-0_0-0_21000_128_d0g1v0_Homestead...ok
   - ecmul_0-3_0_28000_64_d0g1v0_Byzantium...ok
   - ecmul_0-3_0_28000_64_d0g1v0_EIP150...ok
   - ecmul_0-3_0_28000_64_d0g1v0_EIP158...ok
   - ecmul_0-3_0_28000_64_d0g1v0_Frontier...ok
   - ecmul_0-3_0_28000_64_d0g1v0_Homestead...ok
   - ecmul_7827-6598_0_21000_80_d0g0v0_Byzantium...ok
   - ecmul_7827-6598_0_21000_80_d0g0v0_EIP150...ok
   - ecmul_7827-6598_0_21000_80_d0g0v0_EIP158...ok
   - ecmul_7827-6598_0_21000_80_d0g0v0_Frontier...ok
   - ecmul_7827-6598_0_21000_80_d0g0v0_Homestead...ok
   - pointMulAdd2_d6g2v0_Byzantium...ok
   - pointMulAdd2_d6g2v0_EIP150...ok
   - pointMulAdd2_d6g2v0_EIP158...ok
   - pointMulAdd2_d6g2v0_Frontier...ok
   - pointMulAdd2_d6g2v0_Homestead...ok
   - ecmul_0-0_5616_28000_128_d0g0v0_Byzantium...ok
   - ecmul_0-0_5616_28000_128_d0g0v0_EIP150...ok
   - ecmul_0-0_5616_28000_128_d0g0v0_EIP158...ok
   - ecmul_0-0_5616_28000_128_d0g0v0_Frontier...ok
   - ecmul_0-0_5616_28000_128_d0g0v0_Homestead...ok
   - pointAddTrunc_d7g1v0_Byzantium...ok
   - pointAddTrunc_d7g1v0_EIP150...ok
   - pointAddTrunc_d7g1v0_EIP158...ok
   - pointAddTrunc_d7g1v0_Frontier...ok
   - pointAddTrunc_d7g1v0_Homestead...ok
   - ecmul_7827-6598_1_21000_96_d0g0v0_Byzantium...ok
   - ecmul_7827-6598_1_21000_96_d0g0v0_EIP150...ok
   - ecmul_7827-6598_1_21000_96_d0g0v0_EIP158...ok
   - ecmul_7827-6598_1_21000_96_d0g0v0_Frontier...ok
   - ecmul_7827-6598_1_21000_96_d0g0v0_Homestead...ok
   - pointMulAdd2_d32g0v0_Byzantium...ok
   - pointMulAdd2_d32g0v0_EIP150...ok
   - pointMulAdd2_d32g0v0_EIP158...ok
   - pointMulAdd2_d32g0v0_Frontier...ok
   - pointMulAdd2_d32g0v0_Homestead...ok
   - pointMulAdd2_d14g0v0_Byzantium...ok
   - pointMulAdd2_d14g0v0_EIP150...ok
   - pointMulAdd2_d14g0v0_EIP158...ok
   - pointMulAdd2_d14g0v0_Frontier...ok
   - pointMulAdd2_d14g0v0_Homestead...ok
   - ecmul_1-3_0_28000_64_d0g3v0_Byzantium...ok
   - ecmul_1-3_0_28000_64_d0g3v0_EIP150...ok
   - ecmul_1-3_0_28000_64_d0g3v0_EIP158...ok
   - ecmul_1-3_0_28000_64_d0g3v0_Frontier...ok
   - ecmul_1-3_0_28000_64_d0g3v0_Homestead...ok
   - ecmul_0-0_340282366920938463463374607431768211456_28000_96_d0g2v0_Byzantium...ok
   - ecmul_0-0_340282366920938463463374607431768211456_28000_96_d0g2v0_EIP150...ok
   - ecmul_0-0_340282366920938463463374607431768211456_28000_96_d0g2v0_EIP158...ok
   - ecmul_0-0_340282366920938463463374607431768211456_28000_96_d0g2v0_Frontier...ok
   - ecmul_0-0_340282366920938463463374607431768211456_28000_96_d0g2v0_Homestead...ok
   - ecmul_7827-6598_0_28000_128_d0g2v0_Byzantium...ok
   - ecmul_7827-6598_0_28000_128_d0g2v0_EIP150...ok
   - ecmul_7827-6598_0_28000_128_d0g2v0_EIP158...ok
   - ecmul_7827-6598_0_28000_128_d0g2v0_Frontier...ok
   - ecmul_7827-6598_0_28000_128_d0g2v0_Homestead...ok
   - ecmul_1-3_9935_21000_96_d0g1v0_Byzantium...ok
   - ecmul_1-3_9935_21000_96_d0g1v0_EIP150...ok
   - ecmul_1-3_9935_21000_96_d0g1v0_EIP158...ok
   - ecmul_1-3_9935_21000_96_d0g1v0_Frontier...ok
   - ecmul_1-3_9935_21000_96_d0g1v0_Homestead...ok
   - ecmul_0-3_9_28000_96_d0g2v0_Byzantium...ok
   - ecmul_0-3_9_28000_96_d0g2v0_EIP150...ok
   - ecmul_0-3_9_28000_96_d0g2v0_EIP158...ok
   - ecmul_0-3_9_28000_96_d0g2v0_Frontier...ok
   - ecmul_0-3_9_28000_96_d0g2v0_Homestead...ok
   - ecmul_1-2_9_28000_128_d0g3v0_Byzantium...ok
   - ecmul_1-2_9_28000_128_d0g3v0_EIP150...ok
   - ecmul_1-2_9_28000_128_d0g3v0_EIP158...ok
   - ecmul_1-2_9_28000_128_d0g3v0_Frontier...ok
   - ecmul_1-2_9_28000_128_d0g3v0_Homestead...ok
   - pointMulAdd_d5g3v0_Byzantium...ok
   - pointMulAdd_d5g3v0_EIP150...ok
   - pointMulAdd_d5g3v0_EIP158...ok
   - pointMulAdd_d5g3v0_Frontier...ok
   - pointMulAdd_d5g3v0_Homestead...ok
   - pointMulAdd2_d33g1v0_Byzantium...ok
   - pointMulAdd2_d33g1v0_EIP150...ok
   - pointMulAdd2_d33g1v0_EIP158...ok
   - pointMulAdd2_d33g1v0_Frontier...ok
   - pointMulAdd2_d33g1v0_Homestead...ok
   - pointMulAdd2_d20g0v0_Byzantium...ok
   - pointMulAdd2_d20g0v0_EIP150...ok
   - pointMulAdd2_d20g0v0_EIP158...ok
   - pointMulAdd2_d20g0v0_Frontier...ok
   - pointMulAdd2_d20g0v0_Homestead...ok
   - ecmul_1-3_9935_21000_96_d0g2v0_Byzantium...ok
   - ecmul_1-3_9935_21000_96_d0g2v0_EIP150...ok
   - ecmul_1-3_9935_21000_96_d0g2v0_EIP158...ok
   - ecmul_1-3_9935_21000_96_d0g2v0_Frontier...ok
   - ecmul_1-3_9935_21000_96_d0g2v0_Homestead...ok
   - ecmul_0-0_340282366920938463463374607431768211456_28000_128_d0g3v0_Byzantium...ok
   - ecmul_0-0_340282366920938463463374607431768211456_28000_128_d0g3v0_EIP150...ok
   - ecmul_0-0_340282366920938463463374607431768211456_28000_128_d0g3v0_EIP158...ok
   - ecmul_0-0_340282366920938463463374607431768211456_28000_128_d0g3v0_Frontier...ok
   - ecmul_0-0_340282366920938463463374607431768211456_28000_128_d0g3v0_Homestead...ok
   - ecmul_1-3_5617_28000_96_d0g1v0_Byzantium...ok
   - ecmul_1-3_5617_28000_96_d0g1v0_EIP150...ok
   - ecmul_1-3_5617_28000_96_d0g1v0_EIP158...ok
   - ecmul_1-3_5617_28000_96_d0g1v0_Frontier...ok
   - ecmul_1-3_5617_28000_96_d0g1v0_Homestead...ok
   - ecmul_1-2_340282366920938463463374607431768211456_28000_80_d0g3v0_Byzantium...ok
   - ecmul_1-2_340282366920938463463374607431768211456_28000_80_d0g3v0_EIP150...ok
   - ecmul_1-2_340282366920938463463374607431768211456_28000_80_d0g3v0_EIP158...ok
   - ecmul_1-2_340282366920938463463374607431768211456_28000_80_d0g3v0_Frontier...ok
   - ecmul_1-2_340282366920938463463374607431768211456_28000_80_d0g3v0_Homestead...ok
   - ecpairing_perturb_g2_by_curve_order_d0g3v0_Byzantium...ok
   - ecpairing_perturb_g2_by_curve_order_d0g3v0_EIP150...ok
   - ecpairing_perturb_g2_by_curve_order_d0g3v0_EIP158...ok
   - ecpairing_perturb_g2_by_curve_order_d0g3v0_Frontier...ok
   - ecpairing_perturb_g2_by_curve_order_d0g3v0_Homestead...ok
   - ecmul_7827-6598_0_21000_96_d0g1v0_Byzantium...ok
   - ecmul_7827-6598_0_21000_96_d0g1v0_EIP150...ok
   - ecmul_7827-6598_0_21000_96_d0g1v0_EIP158...ok
   - ecmul_7827-6598_0_21000_96_d0g1v0_Frontier...ok
   - ecmul_7827-6598_0_21000_96_d0g1v0_Homestead...ok
   - ecmul_0-3_5617_28000_128_d0g2v0_Byzantium...ok
   - ecmul_0-3_5617_28000_128_d0g2v0_EIP150...ok
   - ecmul_0-3_5617_28000_128_d0g2v0_EIP158...ok
   - ecmul_0-3_5617_28000_128_d0g2v0_Frontier...ok
   - ecmul_0-3_5617_28000_128_d0g2v0_Homestead...ok
   - ecpairing_perturb_zeropoint_by_curve_order_d0g0v0_Byzantium...ok
   - ecpairing_perturb_zeropoint_by_curve_order_d0g0v0_EIP150...ok
   - ecpairing_perturb_zeropoint_by_curve_order_d0g0v0_EIP158...ok
   - ecpairing_perturb_zeropoint_by_curve_order_d0g0v0_Frontier...ok
   - ecpairing_perturb_zeropoint_by_curve_order_d0g0v0_Homestead...ok
   - pointMulAdd2_d12g0v0_Byzantium...ok
   - pointMulAdd2_d12g0v0_EIP150...ok
   - pointMulAdd2_d12g0v0_EIP158...ok
   - pointMulAdd2_d12g0v0_Frontier...ok
   - pointMulAdd2_d12g0v0_Homestead...ok
   - ecadd_0-0_1-2_25000_128_d0g3v0_Byzantium...ok
   - ecadd_0-0_1-2_25000_128_d0g3v0_EIP150...ok
   - ecadd_0-0_1-2_25000_128_d0g3v0_EIP158...ok
   - ecadd_0-0_1-2_25000_128_d0g3v0_Frontier...ok
   - ecadd_0-0_1-2_25000_128_d0g3v0_Homestead...ok
   - ecmul_1-2_0_21000_128_d0g3v0_Byzantium...ok
   - ecmul_1-2_0_21000_128_d0g3v0_EIP150...ok
   - ecmul_1-2_0_21000_128_d0g3v0_EIP158...ok
   - ecmul_1-2_0_21000_128_d0g3v0_Frontier...ok
   - ecmul_1-2_0_21000_128_d0g3v0_Homestead...ok
   - pointMulAdd2_d24g0v0_Byzantium...ok
   - pointMulAdd2_d24g0v0_EIP150...ok
   - pointMulAdd2_d24g0v0_EIP158...ok
   - pointMulAdd2_d24g0v0_Frontier...ok
   - pointMulAdd2_d24g0v0_Homestead...ok
   - ecmul_1-3_5617_28000_96_d0g2v0_Byzantium...ok
   - ecmul_1-3_5617_28000_96_d0g2v0_EIP150...ok
   - ecmul_1-3_5617_28000_96_d0g2v0_EIP158...ok
   - ecmul_1-3_5617_28000_96_d0g2v0_Frontier...ok
   - ecmul_1-3_5617_28000_96_d0g2v0_Homestead...ok
   - ecadd_0-0_0-0_21000_0_d0g1v0_Byzantium...ok
   - ecadd_0-0_0-0_21000_0_d0g1v0_EIP150...ok
   - ecadd_0-0_0-0_21000_0_d0g1v0_EIP158...ok
   - ecadd_0-0_0-0_21000_0_d0g1v0_Frontier...ok
   - ecadd_0-0_0-0_21000_0_d0g1v0_Homestead...ok
   - ecadd_0-0_0-0_21000_0_d0g3v0_Byzantium...ok
   - ecadd_0-0_0-0_21000_0_d0g3v0_EIP150...ok
   - ecadd_0-0_0-0_21000_0_d0g3v0_EIP158...ok
   - ecadd_0-0_0-0_21000_0_d0g3v0_Frontier...ok
   - ecadd_0-0_0-0_21000_0_d0g3v0_Homestead...ok
   - pointMulAdd2_d1g1v0_Byzantium...ok
   - pointMulAdd2_d1g1v0_EIP150...ok
   - pointMulAdd2_d1g1v0_EIP158...ok
   - pointMulAdd2_d1g1v0_Frontier...ok
   - pointMulAdd2_d1g1v0_Homestead...ok
   - ecmul_7827-6598_1456_21000_80_d0g3v0_Byzantium...ok
   - ecmul_7827-6598_1456_21000_80_d0g3v0_EIP150...ok
   - ecmul_7827-6598_1456_21000_80_d0g3v0_EIP158...ok
   - ecmul_7827-6598_1456_21000_80_d0g3v0_Frontier...ok
   - ecmul_7827-6598_1456_21000_80_d0g3v0_Homestead...ok
   - ecmul_1-2_9_21000_96_d0g3v0_Byzantium...ok
   - ecmul_1-2_9_21000_96_d0g3v0_EIP150...ok
   - ecmul_1-2_9_21000_96_d0g3v0_EIP158...ok
   - ecmul_1-2_9_21000_96_d0g3v0_Frontier...ok
   - ecmul_1-2_9_21000_96_d0g3v0_Homestead...ok
   - ecmul_0-3_340282366920938463463374607431768211456_21000_96_d0g1v0_Byzantium...ok
   - ecmul_0-3_340282366920938463463374607431768211456_21000_96_d0g1v0_EIP150...ok
   - ecmul_0-3_340282366920938463463374607431768211456_21000_96_d0g1v0_EIP158...ok
   - ecmul_0-3_340282366920938463463374607431768211456_21000_96_d0g1v0_Frontier...ok
   - ecmul_0-3_340282366920938463463374607431768211456_21000_96_d0g1v0_Homestead...ok
   - ecmul_7827-6598_9_28000_96_d0g0v0_Byzantium...ok
   - ecmul_7827-6598_9_28000_96_d0g0v0_EIP150...ok
   - ecmul_7827-6598_9_28000_96_d0g0v0_EIP158...ok
   - ecmul_7827-6598_9_28000_96_d0g0v0_Frontier...ok
   - ecmul_7827-6598_9_28000_96_d0g0v0_Homestead...ok
   - ecmul_0-0_1_28000_96_d0g2v0_Byzantium...ok
   - ecmul_0-0_1_28000_96_d0g2v0_EIP150...ok
   - ecmul_0-0_1_28000_96_d0g2v0_EIP158...ok
   - ecmul_0-0_1_28000_96_d0g2v0_Frontier...ok
   - ecmul_0-0_1_28000_96_d0g2v0_Homestead...ok
   - ecmul_0-0_0_28000_96_d0g2v0_Byzantium...ok
   - ecmul_0-0_0_28000_96_d0g2v0_EIP150...ok
   - ecmul_0-0_0_28000_96_d0g2v0_EIP158...ok
   - ecmul_0-0_0_28000_96_d0g2v0_Frontier...ok
   - ecmul_0-0_0_28000_96_d0g2v0_Homestead...ok
   - ecmul_7827-6598_1456_28000_128_d0g0v0_Byzantium...ok
   - ecmul_7827-6598_1456_28000_128_d0g0v0_EIP150...ok
   - ecmul_7827-6598_1456_28000_128_d0g0v0_EIP158...ok
   - ecmul_7827-6598_1456_28000_128_d0g0v0_Frontier...ok
   - ecmul_7827-6598_1456_28000_128_d0g0v0_Homestead...ok
   - ecmul_0-3_0_28000_80_d0g3v0_Byzantium...ok
   - ecmul_0-3_0_28000_80_d0g3v0_EIP150...ok
   - ecmul_0-3_0_28000_80_d0g3v0_EIP158...ok
   - ecmul_0-3_0_28000_80_d0g3v0_Frontier...ok
   - ecmul_0-3_0_28000_80_d0g3v0_Homestead...ok
   - pointMulAdd2_d5g0v0_Byzantium...ok
   - pointMulAdd2_d5g0v0_EIP150...ok
   - pointMulAdd2_d5g0v0_EIP158...ok
   - pointMulAdd2_d5g0v0_Frontier...ok
   - pointMulAdd2_d5g0v0_Homestead...ok
   - ecadd_1-2_0-0_21000_128_d0g2v0_Byzantium...ok
   - ecadd_1-2_0-0_21000_128_d0g2v0_EIP150...ok
   - ecadd_1-2_0-0_21000_128_d0g2v0_EIP158...ok
   - ecadd_1-2_0-0_21000_128_d0g2v0_Frontier...ok
   - ecadd_1-2_0-0_21000_128_d0g2v0_Homestead...ok
   - ecpairing_bad_length_191_d0g3v0_Byzantium...ok
   - ecpairing_bad_length_191_d0g3v0_EIP150...ok
   - ecpairing_bad_length_191_d0g3v0_EIP158...ok
   - ecpairing_bad_length_191_d0g3v0_Frontier...ok
   - ecpairing_bad_length_191_d0g3v0_Homestead...ok
   - ecadd_1-2_0-0_25000_64_d0g0v0_Byzantium...ok
   - ecadd_1-2_0-0_25000_64_d0g0v0_EIP150...ok
   - ecadd_1-2_0-0_25000_64_d0g0v0_EIP158...ok
   - ecadd_1-2_0-0_25000_64_d0g0v0_Frontier...ok
   - ecadd_1-2_0-0_25000_64_d0g0v0_Homestead...ok
   - ecmul_0-0_340282366920938463463374607431768211456_28000_96_d0g1v0_Byzantium...ok
   - ecmul_0-0_340282366920938463463374607431768211456_28000_96_d0g1v0_EIP150...ok
   - ecmul_0-0_340282366920938463463374607431768211456_28000_96_d0g1v0_EIP158...ok
   - ecmul_0-0_340282366920938463463374607431768211456_28000_96_d0g1v0_Frontier...ok
   - ecmul_0-0_340282366920938463463374607431768211456_28000_96_d0g1v0_Homestead...ok
   - ecmul_0-0_1_28000_128_d0g1v0_Byzantium...ok
   - ecmul_0-0_1_28000_128_d0g1v0_EIP150...ok
   - ecmul_0-0_1_28000_128_d0g1v0_EIP158...ok
   - ecmul_0-0_1_28000_128_d0g1v0_Frontier...ok
   - ecmul_0-0_1_28000_128_d0g1v0_Homestead...ok
   - ecmul_1-3_0_28000_128_d0g1v0_Byzantium...ok
   - ecmul_1-3_0_28000_128_d0g1v0_EIP150...ok
   - ecmul_1-3_0_28000_128_d0g1v0_EIP158...ok
   - ecmul_1-3_0_28000_128_d0g1v0_Frontier...ok
   - ecmul_1-3_0_28000_128_d0g1v0_Homestead...ok
   - ecmul_0-0_2_28000_128_d0g0v0_Byzantium...ok
   - ecmul_0-0_2_28000_128_d0g0v0_EIP150...ok
   - ecmul_0-0_2_28000_128_d0g0v0_EIP158...ok
   - ecmul_0-0_2_28000_128_d0g0v0_Frontier...ok
   - ecmul_0-0_2_28000_128_d0g0v0_Homestead...ok
   - ecadd_0-0_0-0_25000_80_d0g0v0_Byzantium...ok
   - ecadd_0-0_0-0_25000_80_d0g0v0_EIP150...ok
   - ecadd_0-0_0-0_25000_80_d0g0v0_EIP158...ok
   - ecadd_0-0_0-0_25000_80_d0g0v0_Frontier...ok
   - ecadd_0-0_0-0_25000_80_d0g0v0_Homestead...ok
   - pointMulAdd2_d30g0v0_Byzantium...ok
   - pointMulAdd2_d30g0v0_EIP150...ok
   - pointMulAdd2_d30g0v0_EIP158...ok
   - pointMulAdd2_d30g0v0_Frontier...ok
   - pointMulAdd2_d30g0v0_Homestead...ok
   - pointMulAdd2_d29g3v0_Byzantium...ok
   - pointMulAdd2_d29g3v0_EIP150...ok
   - pointMulAdd2_d29g3v0_EIP158...ok
   - pointMulAdd2_d29g3v0_Frontier...ok
   - pointMulAdd2_d29g3v0_Homestead...ok
   - ecpairing_two_point_match_1_d0g2v0_Byzantium...ok
   - ecpairing_two_point_match_1_d0g2v0_EIP150...ok
   - ecpairing_two_point_match_1_d0g2v0_EIP158...ok
   - ecpairing_two_point_match_1_d0g2v0_Frontier...ok
   - ecpairing_two_point_match_1_d0g2v0_Homestead...ok
   - ecmul_0-3_0_21000_128_d0g3v0_Byzantium...ok
   - ecmul_0-3_0_21000_128_d0g3v0_EIP150...ok
   - ecmul_0-3_0_21000_128_d0g3v0_EIP158...ok
   - ecmul_0-3_0_21000_128_d0g3v0_Frontier...ok
   - ecmul_0-3_0_21000_128_d0g3v0_Homestead...ok
   - ecadd_1-2_1-2_25000_192_d0g1v0_Byzantium...ok
   - ecadd_1-2_1-2_25000_192_d0g1v0_EIP150...ok
   - ecadd_1-2_1-2_25000_192_d0g1v0_EIP158...ok
   - ecadd_1-2_1-2_25000_192_d0g1v0_Frontier...ok
   - ecadd_1-2_1-2_25000_192_d0g1v0_Homestead...ok
   - ecmul_1-2_1_21000_96_d0g3v0_Byzantium...ok
   - ecmul_1-2_1_21000_96_d0g3v0_EIP150...ok
   - ecmul_1-2_1_21000_96_d0g3v0_EIP158...ok
   - ecmul_1-2_1_21000_96_d0g3v0_Frontier...ok
   - ecmul_1-2_1_21000_96_d0g3v0_Homestead...ok
   - ecmul_0-3_5617_21000_128_d0g2v0_Byzantium...ok
   - ecmul_0-3_5617_21000_128_d0g2v0_EIP150...ok
   - ecmul_0-3_5617_21000_128_d0g2v0_EIP158...ok
   - ecmul_0-3_5617_21000_128_d0g2v0_Frontier...ok
   - ecmul_0-3_5617_21000_128_d0g2v0_Homestead...ok
   - pointMulAdd2_d26g3v0_Byzantium...ok
   - pointMulAdd2_d26g3v0_EIP150...ok
   - pointMulAdd2_d26g3v0_EIP158...ok
   - pointMulAdd2_d26g3v0_Frontier...ok
   - pointMulAdd2_d26g3v0_Homestead...ok
   - pointMulAdd2_d35g1v0_Byzantium...ok
   - pointMulAdd2_d35g1v0_EIP150...ok
   - pointMulAdd2_d35g1v0_EIP158...ok
   - pointMulAdd2_d35g1v0_Frontier...ok
   - pointMulAdd2_d35g1v0_Homestead...ok
   - ecmul_1-3_1_21000_128_d0g3v0_Byzantium...ok
   - ecmul_1-3_1_21000_128_d0g3v0_EIP150...ok
   - ecmul_1-3_1_21000_128_d0g3v0_EIP158...ok
   - ecmul_1-3_1_21000_128_d0g3v0_Frontier...ok
   - ecmul_1-3_1_21000_128_d0g3v0_Homestead...ok
   - ecmul_0-0_1_21000_128_d0g2v0_Byzantium...ok
   - ecmul_0-0_1_21000_128_d0g2v0_EIP150...ok
   - ecmul_0-0_1_21000_128_d0g2v0_EIP158...ok
   - ecmul_0-0_1_21000_128_d0g2v0_Frontier...ok
   - ecmul_0-0_1_21000_128_d0g2v0_Homestead...ok
   - ecmul_0-3_9_21000_96_d0g0v0_Byzantium...ok
   - ecmul_0-3_9_21000_96_d0g0v0_EIP150...ok
   - ecmul_0-3_9_21000_96_d0g0v0_EIP158...ok
   - ecmul_0-3_9_21000_96_d0g0v0_Frontier...ok
   - ecmul_0-3_9_21000_96_d0g0v0_Homestead...ok
   - ecmul_0-0_5617_28000_96_d0g1v0_Byzantium...ok
   - ecmul_0-0_5617_28000_96_d0g1v0_EIP150...ok
   - ecmul_0-0_5617_28000_96_d0g1v0_EIP158...ok
   - ecmul_0-0_5617_28000_96_d0g1v0_Frontier...ok
   - ecmul_0-0_5617_28000_96_d0g1v0_Homestead...ok
   - ecadd_1145-3932_2969-1336_25000_128_d0g0v0_Byzantium...ok
   - ecadd_1145-3932_2969-1336_25000_128_d0g0v0_EIP150...ok
   - ecadd_1145-3932_2969-1336_25000_128_d0g0v0_EIP158...ok
   - ecadd_1145-3932_2969-1336_25000_128_d0g0v0_Frontier...ok
   - ecadd_1145-3932_2969-1336_25000_128_d0g0v0_Homestead...ok
   - ecmul_1-2_1_21000_128_d0g3v0_Byzantium...ok
   - ecmul_1-2_1_21000_128_d0g3v0_EIP150...ok
   - ecmul_1-2_1_21000_128_d0g3v0_EIP158...ok
   - ecmul_1-2_1_21000_128_d0g3v0_Frontier...ok
   - ecmul_1-2_1_21000_128_d0g3v0_Homestead...ok
   - ecmul_1-2_9935_21000_128_d0g1v0_Byzantium...ok
   - ecmul_1-2_9935_21000_128_d0g1v0_EIP150...ok
   - ecmul_1-2_9935_21000_128_d0g1v0_EIP158...ok
   - ecmul_1-2_9935_21000_128_d0g1v0_Frontier...ok
   - ecmul_1-2_9935_21000_128_d0g1v0_Homestead...ok
   - pairingTest_d1g2v0_Byzantium...ok
   - pairingTest_d1g2v0_EIP150...ok
   - pairingTest_d1g2v0_EIP158...ok
   - pairingTest_d1g2v0_Frontier...ok
   - pairingTest_d1g2v0_Homestead...ok
   - ecmul_0-3_9_28000_96_d0g1v0_Byzantium...ok
   - ecmul_0-3_9_28000_96_d0g1v0_EIP150...ok
   - ecmul_0-3_9_28000_96_d0g1v0_EIP158...ok
   - ecmul_0-3_9_28000_96_d0g1v0_Frontier...ok
   - ecmul_0-3_9_28000_96_d0g1v0_Homestead...ok
   - ecmul_0-0_9935_21000_128_d0g3v0_Byzantium...ok
   - ecmul_0-0_9935_21000_128_d0g3v0_EIP150...ok
   - ecmul_0-0_9935_21000_128_d0g3v0_EIP158...ok
   - ecmul_0-0_9935_21000_128_d0g3v0_Frontier...ok
   - ecmul_0-0_9935_21000_128_d0g3v0_Homestead...ok
   - pointAdd_d9g0v0_Byzantium...ok
   - pointAdd_d9g0v0_EIP150...ok
   - pointAdd_d9g0v0_EIP158...ok
   - pointAdd_d9g0v0_Frontier...ok
   - pointAdd_d9g0v0_Homestead...ok
   - ecmul_7827-6598_5617_28000_128_d0g3v0_Byzantium...ok
   - ecmul_7827-6598_5617_28000_128_d0g3v0_EIP150...ok
   - ecmul_7827-6598_5617_28000_128_d0g3v0_EIP158...ok
   - ecmul_7827-6598_5617_28000_128_d0g3v0_Frontier...ok
   - ecmul_7827-6598_5617_28000_128_d0g3v0_Homestead...ok
   - ecmul_7827-6598_9935_21000_128_d0g1v0_Byzantium...ok
   - ecmul_7827-6598_9935_21000_128_d0g1v0_EIP150...ok
   - ecmul_7827-6598_9935_21000_128_d0g1v0_EIP158...ok
   - ecmul_7827-6598_9935_21000_128_d0g1v0_Frontier...ok
   - ecmul_7827-6598_9935_21000_128_d0g1v0_Homestead...ok
   - ecmul_7827-6598_5616_28000_96_d0g3v0_Byzantium...ok
   - ecmul_7827-6598_5616_28000_96_d0g3v0_EIP150...ok
   - ecmul_7827-6598_5616_28000_96_d0g3v0_EIP158...ok
   - ecmul_7827-6598_5616_28000_96_d0g3v0_Frontier...ok
   - ecmul_7827-6598_5616_28000_96_d0g3v0_Homestead...ok
   - ecmul_1-3_340282366920938463463374607431768211456_21000_80_d0g1v0_Byzantium...ok
   - ecmul_1-3_340282366920938463463374607431768211456_21000_80_d0g1v0_EIP150...ok
   - ecmul_1-3_340282366920938463463374607431768211456_21000_80_d0g1v0_EIP158...ok
   - ecmul_1-3_340282366920938463463374607431768211456_21000_80_d0g1v0_Frontier...ok
   - ecmul_1-3_340282366920938463463374607431768211456_21000_80_d0g1v0_Homestead...ok
   - ecadd_1145-3932_1145-4651_25000_192_d0g3v0_Byzantium...ok
   - ecadd_1145-3932_1145-4651_25000_192_d0g3v0_EIP150...ok
   - ecadd_1145-3932_1145-4651_25000_192_d0g3v0_EIP158...ok
   - ecadd_1145-3932_1145-4651_25000_192_d0g3v0_Frontier...ok
   - ecadd_1145-3932_1145-4651_25000_192_d0g3v0_Homestead...ok
   - ecmul_0-0_9_28000_128_d0g3v0_Byzantium...ok
   - ecmul_0-0_9_28000_128_d0g3v0_EIP150...ok
   - ecmul_0-0_9_28000_128_d0g3v0_EIP158...ok
   - ecmul_0-0_9_28000_128_d0g3v0_Frontier...ok
   - ecmul_0-0_9_28000_128_d0g3v0_Homestead...ok
   - pointMulAdd2_d3g3v0_Byzantium...ok
   - pointMulAdd2_d3g3v0_EIP150...ok
   - pointMulAdd2_d3g3v0_EIP158...ok
   - pointMulAdd2_d3g3v0_Frontier...ok
   - pointMulAdd2_d3g3v0_Homestead...ok
   - ecpairing_perturb_zeropoint_by_one_d0g1v0_Byzantium...ok
   - ecpairing_perturb_zeropoint_by_one_d0g1v0_EIP150...ok
   - ecpairing_perturb_zeropoint_by_one_d0g1v0_EIP158...ok
   - ecpairing_perturb_zeropoint_by_one_d0g1v0_Frontier...ok
   - ecpairing_perturb_zeropoint_by_one_d0g1v0_Homestead...ok
   - ecmul_7827-6598_1456_28000_96_d0g2v0_Byzantium...ok
   - ecmul_7827-6598_1456_28000_96_d0g2v0_EIP150...ok
   - ecmul_7827-6598_1456_28000_96_d0g2v0_EIP158...ok
   - ecmul_7827-6598_1456_28000_96_d0g2v0_Frontier...ok
   - ecmul_7827-6598_1456_28000_96_d0g2v0_Homestead...ok
   - ecmul_1-2_1_28000_128_d0g2v0_Byzantium...ok
   - ecmul_1-2_1_28000_128_d0g2v0_EIP150...ok
   - ecmul_1-2_1_28000_128_d0g2v0_EIP158...ok
   - ecmul_1-2_1_28000_128_d0g2v0_Frontier...ok
   - ecmul_1-2_1_28000_128_d0g2v0_Homestead...ok
   - ecmul_7827-6598_1456_21000_128_d0g1v0_Byzantium...ok
   - ecmul_7827-6598_1456_21000_128_d0g1v0_EIP150...ok
   - ecmul_7827-6598_1456_21000_128_d0g1v0_EIP158...ok
   - ecmul_7827-6598_1456_21000_128_d0g1v0_Frontier...ok
   - ecmul_7827-6598_1456_21000_128_d0g1v0_Homestead...ok
   - ecmul_0-3_2_28000_128_d0g0v0_Byzantium...ok
   - ecmul_0-3_2_28000_128_d0g0v0_EIP150...ok
   - ecmul_0-3_2_28000_128_d0g0v0_EIP158...ok
   - ecmul_0-3_2_28000_128_d0g0v0_Frontier...ok
   - ecmul_0-3_2_28000_128_d0g0v0_Homestead...ok
   - ecmul_0-0_0_28000_96_d0g3v0_Byzantium...ok
   - ecmul_0-0_0_28000_96_d0g3v0_EIP150...ok
   - ecmul_0-0_0_28000_96_d0g3v0_EIP158...ok
   - ecmul_0-0_0_28000_96_d0g3v0_Frontier...ok
   - ecmul_0-0_0_28000_96_d0g3v0_Homestead...ok
   - ecmul_1-3_340282366920938463463374607431768211456_28000_80_d0g1v0_Byzantium...ok
   - ecmul_1-3_340282366920938463463374607431768211456_28000_80_d0g1v0_EIP150...ok
   - ecmul_1-3_340282366920938463463374607431768211456_28000_80_d0g1v0_EIP158...ok
   - ecmul_1-3_340282366920938463463374607431768211456_28000_80_d0g1v0_Frontier...ok
   - ecmul_1-3_340282366920938463463374607431768211456_28000_80_d0g1v0_Homestead...ok
   - ecmul_1-3_5617_21000_128_d0g2v0_Byzantium...ok
   - ecmul_1-3_5617_21000_128_d0g2v0_EIP150...ok
   - ecmul_1-3_5617_21000_128_d0g2v0_EIP158...ok
   - ecmul_1-3_5617_21000_128_d0g2v0_Frontier...ok
   - ecmul_1-3_5617_21000_128_d0g2v0_Homestead...ok
   - ecmul_7827-6598_9935_21000_128_d0g2v0_Byzantium...ok
   - ecmul_7827-6598_9935_21000_128_d0g2v0_EIP150...ok
   - ecmul_7827-6598_9935_21000_128_d0g2v0_EIP158...ok
   - ecmul_7827-6598_9935_21000_128_d0g2v0_Frontier...ok
   - ecmul_7827-6598_9935_21000_128_d0g2v0_Homestead...ok
   - ecadd_0-0_0-0_21000_64_d0g1v0_Byzantium...ok
   - ecadd_0-0_0-0_21000_64_d0g1v0_EIP150...ok
   - ecadd_0-0_0-0_21000_64_d0g1v0_EIP158...ok
   - ecadd_0-0_0-0_21000_64_d0g1v0_Frontier...ok
   - ecadd_0-0_0-0_21000_64_d0g1v0_Homestead...ok
   - pointAddTrunc_d6g3v0_Byzantium...ok
   - pointAddTrunc_d6g3v0_EIP150...ok
   - pointAddTrunc_d6g3v0_EIP158...ok
   - pointAddTrunc_d6g3v0_Frontier...ok
   - pointAddTrunc_d6g3v0_Homestead...ok
   - pointMulAdd2_d23g1v0_Byzantium...ok
   - pointMulAdd2_d23g1v0_EIP150...ok
   - pointMulAdd2_d23g1v0_EIP158...ok
   - pointMulAdd2_d23g1v0_Frontier...ok
   - pointMulAdd2_d23g1v0_Homestead...ok
   - ecmul_1-2_0_28000_64_d0g2v0_Byzantium...ok
   - ecmul_1-2_0_28000_64_d0g2v0_EIP150...ok
   - ecmul_1-2_0_28000_64_d0g2v0_EIP158...ok
   - ecmul_1-2_0_28000_64_d0g2v0_Frontier...ok
   - ecmul_1-2_0_28000_64_d0g2v0_Homestead...ok
   - pointMulAdd2_d0g3v0_Byzantium...ok
   - pointMulAdd2_d0g3v0_EIP150...ok
   - pointMulAdd2_d0g3v0_EIP158...ok
   - pointMulAdd2_d0g3v0_Frontier...ok
   - pointMulAdd2_d0g3v0_Homestead...ok
   - ecmul_7827-6598_0_21000_64_d0g0v0_Byzantium...ok
   - ecmul_7827-6598_0_21000_64_d0g0v0_EIP150...ok
   - ecmul_7827-6598_0_21000_64_d0g0v0_EIP158...ok
   - ecmul_7827-6598_0_21000_64_d0g0v0_Frontier...ok
   - ecmul_7827-6598_0_21000_64_d0g0v0_Homestead...ok
   - ecmul_1-2_5617_21000_128_d0g2v0_Byzantium...ok
   - ecmul_1-2_5617_21000_128_d0g2v0_EIP150...ok
   - ecmul_1-2_5617_21000_128_d0g2v0_EIP158...ok
   - ecmul_1-2_5617_21000_128_d0g2v0_Frontier...ok
   - ecmul_1-2_5617_21000_128_d0g2v0_Homestead...ok
   - pointMulAdd2_d15g0v0_Byzantium...ok
   - pointMulAdd2_d15g0v0_EIP150...ok
   - pointMulAdd2_d15g0v0_EIP158...ok
   - pointMulAdd2_d15g0v0_Frontier...ok
   - pointMulAdd2_d15g0v0_Homestead...ok
   - ecmul_7827-6598_9935_28000_128_d0g0v0_Byzantium...ok
   - ecmul_7827-6598_9935_28000_128_d0g0v0_EIP150...ok
   - ecmul_7827-6598_9935_28000_128_d0g0v0_EIP158...ok
   - ecmul_7827-6598_9935_28000_128_d0g0v0_Frontier...ok
   - ecmul_7827-6598_9935_28000_128_d0g0v0_Homestead...ok
   - ecadd_0-0_0-0_25000_192_d0g2v0_Byzantium...ok
   - ecadd_0-0_0-0_25000_192_d0g2v0_EIP150...ok
   - ecadd_0-0_0-0_25000_192_d0g2v0_EIP158...ok
   - ecadd_0-0_0-0_25000_192_d0g2v0_Frontier...ok
   - ecadd_0-0_0-0_25000_192_d0g2v0_Homestead...ok
   - pointAdd_d5g3v0_Byzantium...ok
   - pointAdd_d5g3v0_EIP150...ok
   - pointAdd_d5g3v0_EIP158...ok
   - pointAdd_d5g3v0_Frontier...ok
   - pointAdd_d5g3v0_Homestead...ok
   - ecmul_0-3_2_28000_128_d0g2v0_Byzantium...ok
   - ecmul_0-3_2_28000_128_d0g2v0_EIP150...ok
   - ecmul_0-3_2_28000_128_d0g2v0_EIP158...ok
   - ecmul_0-3_2_28000_128_d0g2v0_Frontier...ok
   - ecmul_0-3_2_28000_128_d0g2v0_Homestead...ok
   - ecmul_0-3_5617_21000_128_d0g3v0_Byzantium...ok
   - ecmul_0-3_5617_21000_128_d0g3v0_EIP150...ok
   - ecmul_0-3_5617_21000_128_d0g3v0_EIP158...ok
   - ecmul_0-3_5617_21000_128_d0g3v0_Frontier...ok
   - ecmul_0-3_5617_21000_128_d0g3v0_Homestead...ok
   - ecadd_1-2_1-2_21000_128_d0g2v0_Byzantium...ok
   - ecadd_1-2_1-2_21000_128_d0g2v0_EIP150...ok
   - ecadd_1-2_1-2_21000_128_d0g2v0_EIP158...ok
   - ecadd_1-2_1-2_21000_128_d0g2v0_Frontier...ok
   - ecadd_1-2_1-2_21000_128_d0g2v0_Homestead...ok
   - ecmul_0-0_5616_28000_128_d0g2v0_Byzantium...ok
   - ecmul_0-0_5616_28000_128_d0g2v0_EIP150...ok
   - ecmul_0-0_5616_28000_128_d0g2v0_EIP158...ok
   - ecmul_0-0_5616_28000_128_d0g2v0_Frontier...ok
   - ecmul_0-0_5616_28000_128_d0g2v0_Homestead...ok
   - ecmul_1-2_2_28000_96_d0g2v0_Byzantium...ok
   - ecmul_1-2_2_28000_96_d0g2v0_EIP150...ok
   - ecmul_1-2_2_28000_96_d0g2v0_EIP158...ok
   - ecmul_1-2_2_28000_96_d0g2v0_Frontier...ok
   - ecmul_1-2_2_28000_96_d0g2v0_Homestead...ok
   - pointMulAdd_d5g1v0_Byzantium...ok
   - pointMulAdd_d5g1v0_EIP150...ok
   - pointMulAdd_d5g1v0_EIP158...ok
   - pointMulAdd_d5g1v0_Frontier...ok
   - pointMulAdd_d5g1v0_Homestead...ok
   - pointMulAdd2_d22g1v0_Byzantium...ok
   - pointMulAdd2_d22g1v0_EIP150...ok
   - pointMulAdd2_d22g1v0_EIP158...ok
   - pointMulAdd2_d22g1v0_Frontier...ok
   - pointMulAdd2_d22g1v0_Homestead...ok
   - ecmul_0-0_340282366920938463463374607431768211456_28000_128_d0g2v0_Byzantium...ok
   - ecmul_0-0_340282366920938463463374607431768211456_28000_128_d0g2v0_EIP150...ok
   - ecmul_0-0_340282366920938463463374607431768211456_28000_128_d0g2v0_EIP158...ok
   - ecmul_0-0_340282366920938463463374607431768211456_28000_128_d0g2v0_Frontier...ok
   - ecmul_0-0_340282366920938463463374607431768211456_28000_128_d0g2v0_Homestead...ok
   - ecadd_0-0_1-2_21000_128_d0g1v0_Byzantium...ok
   - ecadd_0-0_1-2_21000_128_d0g1v0_EIP150...ok
   - ecadd_0-0_1-2_21000_128_d0g1v0_EIP158...ok
   - ecadd_0-0_1-2_21000_128_d0g1v0_Frontier...ok
   - ecadd_0-0_1-2_21000_128_d0g1v0_Homestead...ok
   - ecmul_0-0_9935_28000_128_d0g3v0_Byzantium...ok
   - ecmul_0-0_9935_28000_128_d0g3v0_EIP150...ok
   - ecmul_0-0_9935_28000_128_d0g3v0_EIP158...ok
   - ecmul_0-0_9935_28000_128_d0g3v0_Frontier...ok
   - ecmul_0-0_9935_28000_128_d0g3v0_Homestead...ok
   - ecmul_0-3_5616_28000_128_d0g3v0_Byzantium...ok
   - ecmul_0-3_5616_28000_128_d0g3v0_EIP150...ok
   - ecmul_0-3_5616_28000_128_d0g3v0_EIP158...ok
   - ecmul_0-3_5616_28000_128_d0g3v0_Frontier...ok
   - ecmul_0-3_5616_28000_128_d0g3v0_Homestead...ok
   - ecmul_0-3_5617_21000_96_d0g3v0_Byzantium...ok
   - ecmul_0-3_5617_21000_96_d0g3v0_EIP150...ok
   - ecmul_0-3_5617_21000_96_d0g3v0_EIP158...ok
   - ecmul_0-3_5617_21000_96_d0g3v0_Frontier...ok
   - ecmul_0-3_5617_21000_96_d0g3v0_Homestead...ok
   - pointAdd_d2g3v0_Byzantium...ok
   - pointAdd_d2g3v0_EIP150...ok
   - pointAdd_d2g3v0_EIP158...ok
   - pointAdd_d2g3v0_Frontier...ok
   - pointAdd_d2g3v0_Homestead...ok
   - ecmul_0-3_0_21000_96_d0g0v0_Byzantium...ok
   - ecmul_0-3_0_21000_96_d0g0v0_EIP150...ok
   - ecmul_0-3_0_21000_96_d0g0v0_EIP158...ok
   - ecmul_0-3_0_21000_96_d0g0v0_Frontier...ok
   - ecmul_0-3_0_21000_96_d0g0v0_Homestead...ok
   - ecmul_0-0_0_28000_0_d0g2v0_Byzantium...ok
   - ecmul_0-0_0_28000_0_d0g2v0_EIP150...ok
   - ecmul_0-0_0_28000_0_d0g2v0_EIP158...ok
   - ecmul_0-0_0_28000_0_d0g2v0_Frontier...ok
   - ecmul_0-0_0_28000_0_d0g2v0_Homestead...ok
   - ecmul_1-2_2_21000_96_d0g1v0_Byzantium...ok
   - ecmul_1-2_2_21000_96_d0g1v0_EIP150...ok
   - ecmul_1-2_2_21000_96_d0g1v0_EIP158...ok
   - ecmul_1-2_2_21000_96_d0g1v0_Frontier...ok
   - ecmul_1-2_2_21000_96_d0g1v0_Homestead...ok
   - pointMulAdd2_d7g0v0_Byzantium...ok
   - pointMulAdd2_d7g0v0_EIP150...ok
   - pointMulAdd2_d7g0v0_EIP158...ok
   - pointMulAdd2_d7g0v0_Frontier...ok
   - pointMulAdd2_d7g0v0_Homestead...ok
   - pointMulAdd2_d20g1v0_Byzantium...ok
   - pointMulAdd2_d20g1v0_EIP150...ok
   - pointMulAdd2_d20g1v0_EIP158...ok
   - pointMulAdd2_d20g1v0_Frontier...ok
   - pointMulAdd2_d20g1v0_Homestead...ok
   - ecmul_7827-6598_5616_21000_96_d0g2v0_Byzantium...ok
   - ecmul_7827-6598_5616_21000_96_d0g2v0_EIP150...ok
   - ecmul_7827-6598_5616_21000_96_d0g2v0_EIP158...ok
   - ecmul_7827-6598_5616_21000_96_d0g2v0_Frontier...ok
   - ecmul_7827-6598_5616_21000_96_d0g2v0_Homestead...ok
   - ecmul_0-3_5616_21000_96_d0g1v0_Byzantium...ok
   - ecmul_0-3_5616_21000_96_d0g1v0_EIP150...ok
   - ecmul_0-3_5616_21000_96_d0g1v0_EIP158...ok
   - ecmul_0-3_5616_21000_96_d0g1v0_Frontier...ok
   - ecmul_0-3_5616_21000_96_d0g1v0_Homestead...ok
   - ecmul_0-3_9935_21000_96_d0g0v0_Byzantium...ok
   - ecmul_0-3_9935_21000_96_d0g0v0_EIP150...ok
   - ecmul_0-3_9935_21000_96_d0g0v0_EIP158...ok
   - ecmul_0-3_9935_21000_96_d0g0v0_Frontier...ok
   - ecmul_0-3_9935_21000_96_d0g0v0_Homestead...ok
   - ecadd_0-0_0-0_21000_128_d0g0v0_Byzantium...ok
   - ecadd_0-0_0-0_21000_128_d0g0v0_EIP150...ok
   - ecadd_0-0_0-0_21000_128_d0g0v0_EIP158...ok
   - ecadd_0-0_0-0_21000_128_d0g0v0_Frontier...ok
   - ecadd_0-0_0-0_21000_128_d0g0v0_Homestead...ok
   - ecmul_7827-6598_0_21000_64_d0g3v0_Byzantium...ok
   - ecmul_7827-6598_0_21000_64_d0g3v0_EIP150...ok
   - ecmul_7827-6598_0_21000_64_d0g3v0_EIP158...ok
   - ecmul_7827-6598_0_21000_64_d0g3v0_Frontier...ok
   - ecmul_7827-6598_0_21000_64_d0g3v0_Homestead...ok
   - ecmul_0-0_1_28000_96_d0g3v0_Byzantium...ok
   - ecmul_0-0_1_28000_96_d0g3v0_EIP150...ok
   - ecmul_0-0_1_28000_96_d0g3v0_EIP158...ok
   - ecmul_0-0_1_28000_96_d0g3v0_Frontier...ok
   - ecmul_0-0_1_28000_96_d0g3v0_Homestead...ok
   - ecmul_1-2_9_21000_128_d0g0v0_Byzantium...ok
   - ecmul_1-2_9_21000_128_d0g0v0_EIP150...ok
   - ecmul_1-2_9_21000_128_d0g0v0_EIP158...ok
   - ecmul_1-2_9_21000_128_d0g0v0_Frontier...ok
   - ecmul_1-2_9_21000_128_d0g0v0_Homestead...ok
   - ecmul_1-3_0_21000_80_d0g0v0_Byzantium...ok
   - ecmul_1-3_0_21000_80_d0g0v0_EIP150...ok
   - ecmul_1-3_0_21000_80_d0g0v0_EIP158...ok
   - ecmul_1-3_0_21000_80_d0g0v0_Frontier...ok
   - ecmul_1-3_0_21000_80_d0g0v0_Homestead...ok
   - pointMulAdd_d0g0v0_Byzantium...ok
   - pointMulAdd_d0g0v0_EIP150...ok
   - pointMulAdd_d0g0v0_EIP158...ok
   - pointMulAdd_d0g0v0_Frontier...ok
   - pointMulAdd_d0g0v0_Homestead...ok
   - pointAdd_d0g1v0_Byzantium...ok
   - pointAdd_d0g1v0_EIP150...ok
   - pointAdd_d0g1v0_EIP158...ok
   - pointAdd_d0g1v0_Frontier...ok
   - pointAdd_d0g1v0_Homestead...ok
   - ecadd_0-0_1-2_25000_128_d0g1v0_Byzantium...ok
   - ecadd_0-0_1-2_25000_128_d0g1v0_EIP150...ok
   - ecadd_0-0_1-2_25000_128_d0g1v0_EIP158...ok
   - ecadd_0-0_1-2_25000_128_d0g1v0_Frontier...ok
   - ecadd_0-0_1-2_25000_128_d0g1v0_Homestead...ok
   - ecmul_7827-6598_5616_21000_128_d0g3v0_Byzantium...ok
   - ecmul_7827-6598_5616_21000_128_d0g3v0_EIP150...ok
   - ecmul_7827-6598_5616_21000_128_d0g3v0_EIP158...ok
   - ecmul_7827-6598_5616_21000_128_d0g3v0_Frontier...ok
   - ecmul_7827-6598_5616_21000_128_d0g3v0_Homestead...ok
   - ecmul_1-3_9935_21000_128_d0g3v0_Byzantium...ok
   - ecmul_1-3_9935_21000_128_d0g3v0_EIP150...ok
   - ecmul_1-3_9935_21000_128_d0g3v0_EIP158...ok
   - ecmul_1-3_9935_21000_128_d0g3v0_Frontier...ok
   - ecmul_1-3_9935_21000_128_d0g3v0_Homestead...ok
   - ecmul_1-2_9_28000_128_d0g1v0_Byzantium...ok
   - ecmul_1-2_9_28000_128_d0g1v0_EIP150...ok
   - ecmul_1-2_9_28000_128_d0g1v0_EIP158...ok
   - ecmul_1-2_9_28000_128_d0g1v0_Frontier...ok
   - ecmul_1-2_9_28000_128_d0g1v0_Homestead...ok
   - ecmul_7827-6598_0_21000_80_d0g2v0_Byzantium...ok
   - ecmul_7827-6598_0_21000_80_d0g2v0_EIP150...ok
   - ecmul_7827-6598_0_21000_80_d0g2v0_EIP158...ok
   - ecmul_7827-6598_0_21000_80_d0g2v0_Frontier...ok
   - ecmul_7827-6598_0_21000_80_d0g2v0_Homestead...ok
   - ecmul_1-3_9_21000_128_d0g0v0_Byzantium...ok
   - ecmul_1-3_9_21000_128_d0g0v0_EIP150...ok
   - ecmul_1-3_9_21000_128_d0g0v0_EIP158...ok
   - ecmul_1-3_9_21000_128_d0g0v0_Frontier...ok
   - ecmul_1-3_9_21000_128_d0g0v0_Homestead...ok
   - ecmul_1-3_9935_28000_128_d0g0v0_Byzantium...ok
   - ecmul_1-3_9935_28000_128_d0g0v0_EIP150...ok
   - ecmul_1-3_9935_28000_128_d0g0v0_EIP158...ok
   - ecmul_1-3_9935_28000_128_d0g0v0_Frontier...ok
   - ecmul_1-3_9935_28000_128_d0g0v0_Homestead...ok
   - pointMulAdd_d2g3v0_Byzantium...ok
   - pointMulAdd_d2g3v0_EIP150...ok
   - pointMulAdd_d2g3v0_EIP158...ok
   - pointMulAdd_d2g3v0_Frontier...ok
   - pointMulAdd_d2g3v0_Homestead...ok
   - ecmul_7827-6598_0_28000_64_d0g2v0_Byzantium...ok
   - ecmul_7827-6598_0_28000_64_d0g2v0_EIP150...ok
   - ecmul_7827-6598_0_28000_64_d0g2v0_EIP158...ok
   - ecmul_7827-6598_0_28000_64_d0g2v0_Frontier...ok
   - ecmul_7827-6598_0_28000_64_d0g2v0_Homestead...ok
   - ecmul_1-2_340282366920938463463374607431768211456_21000_128_d0g1v0_Byzantium...ok
   - ecmul_1-2_340282366920938463463374607431768211456_21000_128_d0g1v0_EIP150...ok
   - ecmul_1-2_340282366920938463463374607431768211456_21000_128_d0g1v0_EIP158...ok
   - ecmul_1-2_340282366920938463463374607431768211456_21000_128_d0g1v0_Frontier...ok
   - ecmul_1-2_340282366920938463463374607431768211456_21000_128_d0g1v0_Homestead...ok
   - pointMulAdd2_d17g1v0_Byzantium...ok
   - pointMulAdd2_d17g1v0_EIP150...ok
   - pointMulAdd2_d17g1v0_EIP158...ok
   - pointMulAdd2_d17g1v0_Frontier...ok
   - pointMulAdd2_d17g1v0_Homestead...ok
   - ecmul_0-0_9935_28000_96_d0g1v0_Byzantium...ok
   - ecmul_0-0_9935_28000_96_d0g1v0_EIP150...ok
   - ecmul_0-0_9935_28000_96_d0g1v0_EIP158...ok
   - ecmul_0-0_9935_28000_96_d0g1v0_Frontier...ok
   - ecmul_0-0_9935_28000_96_d0g1v0_Homestead...ok
   - ecmul_0-3_9_21000_128_d0g0v0_Byzantium...ok
   - ecmul_0-3_9_21000_128_d0g0v0_EIP150...ok
   - ecmul_0-3_9_21000_128_d0g0v0_EIP158...ok
   - ecmul_0-3_9_21000_128_d0g0v0_Frontier...ok
   - ecmul_0-3_9_21000_128_d0g0v0_Homestead...ok
   - ecmul_0-0_9_28000_96_d0g3v0_Byzantium...ok
   - ecmul_0-0_9_28000_96_d0g3v0_EIP150...ok
   - ecmul_0-0_9_28000_96_d0g3v0_EIP158...ok
   - ecmul_0-0_9_28000_96_d0g3v0_Frontier...ok
   - ecmul_0-0_9_28000_96_d0g3v0_Homestead...ok
   - ecpairing_one_point_not_in_subgroup_d0g3v0_Byzantium...ok
   - ecpairing_one_point_not_in_subgroup_d0g3v0_EIP150...ok
   - ecpairing_one_point_not_in_subgroup_d0g3v0_EIP158...ok
   - ecpairing_one_point_not_in_subgroup_d0g3v0_Frontier...ok
   - ecpairing_one_point_not_in_subgroup_d0g3v0_Homestead...ok
   - ecmul_1-2_5617_21000_96_d0g2v0_Byzantium...ok
   - ecmul_1-2_5617_21000_96_d0g2v0_EIP150...ok
   - ecmul_1-2_5617_21000_96_d0g2v0_EIP158...ok
   - ecmul_1-2_5617_21000_96_d0g2v0_Frontier...ok
   - ecmul_1-2_5617_21000_96_d0g2v0_Homestead...ok
   - ecmul_0-0_9935_21000_96_d0g0v0_Byzantium...ok
   - ecmul_0-0_9935_21000_96_d0g0v0_EIP150...ok
   - ecmul_0-0_9935_21000_96_d0g0v0_EIP158...ok
   - ecmul_0-0_9935_21000_96_d0g0v0_Frontier...ok
   - ecmul_0-0_9935_21000_96_d0g0v0_Homestead...ok
   - ecmul_1-3_9_28000_96_d0g1v0_Byzantium...ok
   - ecmul_1-3_9_28000_96_d0g1v0_EIP150...ok
   - ecmul_1-3_9_28000_96_d0g1v0_EIP158...ok
   - ecmul_1-3_9_28000_96_d0g1v0_Frontier...ok
   - ecmul_1-3_9_28000_96_d0g1v0_Homestead...ok
   - ecmul_0-0_5616_28000_96_d0g1v0_Byzantium...ok
   - ecmul_0-0_5616_28000_96_d0g1v0_EIP150...ok
   - ecmul_0-0_5616_28000_96_d0g1v0_EIP158...ok
   - ecmul_0-0_5616_28000_96_d0g1v0_Frontier...ok
   - ecmul_0-0_5616_28000_96_d0g1v0_Homestead...ok
   - ecmul_1-2_9935_21000_96_d0g3v0_Byzantium...ok
   - ecmul_1-2_9935_21000_96_d0g3v0_EIP150...ok
   - ecmul_1-2_9935_21000_96_d0g3v0_EIP158...ok
   - ecmul_1-2_9935_21000_96_d0g3v0_Frontier...ok
   - ecmul_1-2_9935_21000_96_d0g3v0_Homestead...ok
   - ecpairing_perturb_g2_by_curve_order_d0g0v0_Byzantium...ok
   - ecpairing_perturb_g2_by_curve_order_d0g0v0_EIP150...ok
   - ecpairing_perturb_g2_by_curve_order_d0g0v0_EIP158...ok
   - ecpairing_perturb_g2_by_curve_order_d0g0v0_Frontier...ok
   - ecpairing_perturb_g2_by_curve_order_d0g0v0_Homestead...ok
   - pairingTest_d0g0v0_Byzantium...ok
   - pairingTest_d0g0v0_EIP150...ok
   - pairingTest_d0g0v0_EIP158...ok
   - pairingTest_d0g0v0_Frontier...ok
   - pairingTest_d0g0v0_Homestead...ok
   - pointMulAdd2_d33g0v0_Byzantium...ok
   - pointMulAdd2_d33g0v0_EIP150...ok
   - pointMulAdd2_d33g0v0_EIP158...ok
   - pointMulAdd2_d33g0v0_Frontier...ok
   - pointMulAdd2_d33g0v0_Homestead...ok
   - pointAddTrunc_d3g0v0_Byzantium...ok
   - pointAddTrunc_d3g0v0_EIP150...ok
   - pointAddTrunc_d3g0v0_EIP158...ok
   - pointAddTrunc_d3g0v0_Frontier...ok
   - pointAddTrunc_d3g0v0_Homestead...ok
   - pointMulAdd2_d23g0v0_Byzantium...ok
   - pointMulAdd2_d23g0v0_EIP150...ok
   - pointMulAdd2_d23g0v0_EIP158...ok
   - pointMulAdd2_d23g0v0_Frontier...ok
   - pointMulAdd2_d23g0v0_Homestead...ok
   - ecmul_0-3_5617_21000_128_d0g0v0_Byzantium...ok
   - ecmul_0-3_5617_21000_128_d0g0v0_EIP150...ok
   - ecmul_0-3_5617_21000_128_d0g0v0_EIP158...ok
   - ecmul_0-3_5617_21000_128_d0g0v0_Frontier...ok
   - ecmul_0-3_5617_21000_128_d0g0v0_Homestead...ok
   - ecmul_0-3_9_21000_128_d0g1v0_Byzantium...ok
   - ecmul_0-3_9_21000_128_d0g1v0_EIP150...ok
   - ecmul_0-3_9_21000_128_d0g1v0_EIP158...ok
   - ecmul_0-3_9_21000_128_d0g1v0_Frontier...ok
   - ecmul_0-3_9_21000_128_d0g1v0_Homestead...ok
   - ecmul_1-2_5617_28000_128_d0g1v0_Byzantium...ok
   - ecmul_1-2_5617_28000_128_d0g1v0_EIP150...ok
   - ecmul_1-2_5617_28000_128_d0g1v0_EIP158...ok
   - ecmul_1-2_5617_28000_128_d0g1v0_Frontier...ok
   - ecmul_1-2_5617_28000_128_d0g1v0_Homestead...ok
   - ecmul_1-3_5616_21000_96_d0g1v0_Byzantium...ok
   - ecmul_1-3_5616_21000_96_d0g1v0_EIP150...ok
   - ecmul_1-3_5616_21000_96_d0g1v0_EIP158...ok
   - ecmul_1-3_5616_21000_96_d0g1v0_Frontier...ok
   - ecmul_1-3_5616_21000_96_d0g1v0_Homestead...ok
   - ecmul_7827-6598_1456_28000_80_d0g3v0_Byzantium...ok
   - ecmul_7827-6598_1456_28000_80_d0g3v0_EIP150...ok
   - ecmul_7827-6598_1456_28000_80_d0g3v0_EIP158...ok
   - ecmul_7827-6598_1456_28000_80_d0g3v0_Frontier...ok
   - ecmul_7827-6598_1456_28000_80_d0g3v0_Homestead...ok
   - ecadd_6-9_19274124-124124_25000_128_d0g0v0_Byzantium...ok
   - ecadd_6-9_19274124-124124_25000_128_d0g0v0_EIP150...ok
   - ecadd_6-9_19274124-124124_25000_128_d0g0v0_EIP158...ok
   - ecadd_6-9_19274124-124124_25000_128_d0g0v0_Frontier...ok
   - ecadd_6-9_19274124-124124_25000_128_d0g0v0_Homestead...ok
   - ecmul_1-3_340282366920938463463374607431768211456_28000_128_d0g1v0_Byzantium...ok
   - ecmul_1-3_340282366920938463463374607431768211456_28000_128_d0g1v0_EIP150...ok
   - ecmul_1-3_340282366920938463463374607431768211456_28000_128_d0g1v0_EIP158...ok
   - ecmul_1-3_340282366920938463463374607431768211456_28000_128_d0g1v0_Frontier...ok
   - ecmul_1-3_340282366920938463463374607431768211456_28000_128_d0g1v0_Homestead...ok
   - ecadd_0-0_1-2_25000_128_d0g2v0_Byzantium...ok
   - ecadd_0-0_1-2_25000_128_d0g2v0_EIP150...ok
   - ecadd_0-0_1-2_25000_128_d0g2v0_EIP158...ok
   - ecadd_0-0_1-2_25000_128_d0g2v0_Frontier...ok
   - ecadd_0-0_1-2_25000_128_d0g2v0_Homestead...ok
   - ecadd_1145-3932_1145-4651_25000_192_d0g1v0_Byzantium...ok
   - ecadd_1145-3932_1145-4651_25000_192_d0g1v0_EIP150...ok
   - ecadd_1145-3932_1145-4651_25000_192_d0g1v0_EIP158...ok
   - ecadd_1145-3932_1145-4651_25000_192_d0g1v0_Frontier...ok
   - ecadd_1145-3932_1145-4651_25000_192_d0g1v0_Homestead...ok
   - ecmul_0-3_9_21000_128_d0g2v0_Byzantium...ok
   - ecmul_0-3_9_21000_128_d0g2v0_EIP150...ok
   - ecmul_0-3_9_21000_128_d0g2v0_EIP158...ok
   - ecmul_0-3_9_21000_128_d0g2v0_Frontier...ok
   - ecmul_0-3_9_21000_128_d0g2v0_Homestead...ok
   - ecmul_7827-6598_2_21000_96_d0g3v0_Byzantium...ok
   - ecmul_7827-6598_2_21000_96_d0g3v0_EIP150...ok
   - ecmul_7827-6598_2_21000_96_d0g3v0_EIP158...ok
   - ecmul_7827-6598_2_21000_96_d0g3v0_Frontier...ok
   - ecmul_7827-6598_2_21000_96_d0g3v0_Homestead...ok
   - ecmul_1-3_340282366920938463463374607431768211456_28000_96_d0g0v0_Byzantium...ok
   - ecmul_1-3_340282366920938463463374607431768211456_28000_96_d0g0v0_EIP150...ok
   - ecmul_1-3_340282366920938463463374607431768211456_28000_96_d0g0v0_EIP158...ok
   - ecmul_1-3_340282366920938463463374607431768211456_28000_96_d0g0v0_Frontier...ok
   - ecmul_1-3_340282366920938463463374607431768211456_28000_96_d0g0v0_Homestead...ok
   - ecmul_7827-6598_0_28000_96_d0g2v0_Byzantium...ok
   - ecmul_7827-6598_0_28000_96_d0g2v0_EIP150...ok
   - ecmul_7827-6598_0_28000_96_d0g2v0_EIP158...ok
   - ecmul_7827-6598_0_28000_96_d0g2v0_Frontier...ok
   - ecmul_7827-6598_0_28000_96_d0g2v0_Homestead...ok
   - pointMulAdd2_d31g0v0_Byzantium...ok
   - pointMulAdd2_d31g0v0_EIP150...ok
   - pointMulAdd2_d31g0v0_EIP158...ok
   - pointMulAdd2_d31g0v0_Frontier...ok
   - pointMulAdd2_d31g0v0_Homestead...ok
   - ecmul_0-3_5617_28000_128_d0g3v0_Byzantium...ok
   - ecmul_0-3_5617_28000_128_d0g3v0_EIP150...ok
   - ecmul_0-3_5617_28000_128_d0g3v0_EIP158...ok
   - ecmul_0-3_5617_28000_128_d0g3v0_Frontier...ok
   - ecmul_0-3_5617_28000_128_d0g3v0_Homestead...ok
   - ecmul_7827-6598_9935_28000_96_d0g3v0_Byzantium...ok
   - ecmul_7827-6598_9935_28000_96_d0g3v0_EIP150...ok
   - ecmul_7827-6598_9935_28000_96_d0g3v0_EIP158...ok
   - ecmul_7827-6598_9935_28000_96_d0g3v0_Frontier...ok
   - ecmul_7827-6598_9935_28000_96_d0g3v0_Homestead...ok
   - ecmul_7827-6598_5617_28000_96_d0g2v0_Byzantium...ok
   - ecmul_7827-6598_5617_28000_96_d0g2v0_EIP150...ok
   - ecmul_7827-6598_5617_28000_96_d0g2v0_EIP158...ok
   - ecmul_7827-6598_5617_28000_96_d0g2v0_Frontier...ok
   - ecmul_7827-6598_5617_28000_96_d0g2v0_Homestead...ok
   - pointMulAdd2_d2g1v0_Byzantium...ok
   - pointMulAdd2_d2g1v0_EIP150...ok
   - pointMulAdd2_d2g1v0_EIP158...ok
   - pointMulAdd2_d2g1v0_Frontier...ok
   - pointMulAdd2_d2g1v0_Homestead...ok
   - ecmul_0-0_1_21000_128_d0g3v0_Byzantium...ok
   - ecmul_0-0_1_21000_128_d0g3v0_EIP150...ok
   - ecmul_0-0_1_21000_128_d0g3v0_EIP158...ok
   - ecmul_0-0_1_21000_128_d0g3v0_Frontier...ok
   - ecmul_0-0_1_21000_128_d0g3v0_Homestead...ok
   - pointMulAdd_d0g2v0_Byzantium...ok
   - pointMulAdd_d0g2v0_EIP150...ok
   - pointMulAdd_d0g2v0_EIP158...ok
   - pointMulAdd_d0g2v0_Frontier...ok
   - pointMulAdd_d0g2v0_Homestead...ok
   - ecmul_0-0_0_28000_96_d0g0v0_Byzantium...ok
   - ecmul_0-0_0_28000_96_d0g0v0_EIP150...ok
   - ecmul_0-0_0_28000_96_d0g0v0_EIP158...ok
   - ecmul_0-0_0_28000_96_d0g0v0_Frontier...ok
   - ecmul_0-0_0_28000_96_d0g0v0_Homestead...ok
   - ecmul_1-3_1_21000_96_d0g1v0_Byzantium...ok
   - ecmul_1-3_1_21000_96_d0g1v0_EIP150...ok
   - ecmul_1-3_1_21000_96_d0g1v0_EIP158...ok
   - ecmul_1-3_1_21000_96_d0g1v0_Frontier...ok
   - ecmul_1-3_1_21000_96_d0g1v0_Homestead...ok
   - pointAdd_d5g0v0_Byzantium...ok
   - pointAdd_d5g0v0_EIP150...ok
   - pointAdd_d5g0v0_EIP158...ok
   - pointAdd_d5g0v0_Frontier...ok
   - pointAdd_d5g0v0_Homestead...ok
   - ecadd_0-3_1-2_25000_128_d0g3v0_Byzantium...ok
   - ecadd_0-3_1-2_25000_128_d0g3v0_EIP150...ok
   - ecadd_0-3_1-2_25000_128_d0g3v0_EIP158...ok
   - ecadd_0-3_1-2_25000_128_d0g3v0_Frontier...ok
   - ecadd_0-3_1-2_25000_128_d0g3v0_Homestead...ok
   - ecmul_0-3_5617_21000_96_d0g2v0_Byzantium...ok
   - ecmul_0-3_5617_21000_96_d0g2v0_EIP150...ok
   - ecmul_0-3_5617_21000_96_d0g2v0_EIP158...ok
   - ecmul_0-3_5617_21000_96_d0g2v0_Frontier...ok
   - ecmul_0-3_5617_21000_96_d0g2v0_Homestead...ok
   - pointMulAdd2_d17g3v0_Byzantium...ok
   - pointMulAdd2_d17g3v0_EIP150...ok
   - pointMulAdd2_d17g3v0_EIP158...ok
   - pointMulAdd2_d17g3v0_Frontier...ok
   - pointMulAdd2_d17g3v0_Homestead...ok
   - ecmul_1-3_0_28000_80_d0g2v0_Byzantium...ok
   - ecmul_1-3_0_28000_80_d0g2v0_EIP150...ok
   - ecmul_1-3_0_28000_80_d0g2v0_EIP158...ok
   - ecmul_1-3_0_28000_80_d0g2v0_Frontier...ok
   - ecmul_1-3_0_28000_80_d0g2v0_Homestead...ok
   - pairingTest_d4g3v0_Byzantium...ok
   - pairingTest_d4g3v0_EIP150...ok
   - pairingTest_d4g3v0_EIP158...ok
   - pairingTest_d4g3v0_Frontier...ok
   - pairingTest_d4g3v0_Homestead...ok
   - pointMulAdd2_d20g3v0_Byzantium...ok
   - pointMulAdd2_d20g3v0_EIP150...ok
   - pointMulAdd2_d20g3v0_EIP158...ok
   - pointMulAdd2_d20g3v0_Frontier...ok
   - pointMulAdd2_d20g3v0_Homestead...ok
   - ecadd_0-0_0-0_25000_0_d0g1v0_Byzantium...ok
   - ecadd_0-0_0-0_25000_0_d0g1v0_EIP150...ok
   - ecadd_0-0_0-0_25000_0_d0g1v0_EIP158...ok
   - ecadd_0-0_0-0_25000_0_d0g1v0_Frontier...ok
   - ecadd_0-0_0-0_25000_0_d0g1v0_Homestead...ok
   - ecmul_7827-6598_9935_28000_96_d0g0v0_Byzantium...ok
   - ecmul_7827-6598_9935_28000_96_d0g0v0_EIP150...ok
   - ecmul_7827-6598_9935_28000_96_d0g0v0_EIP158...ok
   - ecmul_7827-6598_9935_28000_96_d0g0v0_Frontier...ok
   - ecmul_7827-6598_9935_28000_96_d0g0v0_Homestead...ok
   - ecadd_0-0_0-0_25000_80_d0g1v0_Byzantium...ok
   - ecadd_0-0_0-0_25000_80_d0g1v0_EIP150...ok
   - ecadd_0-0_0-0_25000_80_d0g1v0_EIP158...ok
   - ecadd_0-0_0-0_25000_80_d0g1v0_Frontier...ok
   - ecadd_0-0_0-0_25000_80_d0g1v0_Homestead...ok
   - ecmul_1-3_5616_28000_128_d0g1v0_Byzantium...ok
   - ecmul_1-3_5616_28000_128_d0g1v0_EIP150...ok
   - ecmul_1-3_5616_28000_128_d0g1v0_EIP158...ok
   - ecmul_1-3_5616_28000_128_d0g1v0_Frontier...ok
   - ecmul_1-3_5616_28000_128_d0g1v0_Homestead...ok
   - ecmul_1-2_340282366920938463463374607431768211456_28000_80_d0g1v0_Byzantium...ok
   - ecmul_1-2_340282366920938463463374607431768211456_28000_80_d0g1v0_EIP150...ok
   - ecmul_1-2_340282366920938463463374607431768211456_28000_80_d0g1v0_EIP158...ok
   - ecmul_1-2_340282366920938463463374607431768211456_28000_80_d0g1v0_Frontier...ok
   - ecmul_1-2_340282366920938463463374607431768211456_28000_80_d0g1v0_Homestead...ok
   - pointMulAdd2_d27g3v0_Byzantium...ok
   - pointMulAdd2_d27g3v0_EIP150...ok
   - pointMulAdd2_d27g3v0_EIP158...ok
   - pointMulAdd2_d27g3v0_Frontier...ok
   - pointMulAdd2_d27g3v0_Homestead...ok
   - ecmul_0-0_5617_21000_128_d0g3v0_Byzantium...ok
   - ecmul_0-0_5617_21000_128_d0g3v0_EIP150...ok
   - ecmul_0-0_5617_21000_128_d0g3v0_EIP158...ok
   - ecmul_0-0_5617_21000_128_d0g3v0_Frontier...ok
   - ecmul_0-0_5617_21000_128_d0g3v0_Homestead...ok
   - ecmul_1-2_616_28000_96_d0g2v0_Byzantium...ok
   - ecmul_1-2_616_28000_96_d0g2v0_EIP150...ok
   - ecmul_1-2_616_28000_96_d0g2v0_EIP158...ok
   - ecmul_1-2_616_28000_96_d0g2v0_Frontier...ok
   - ecmul_1-2_616_28000_96_d0g2v0_Homestead...ok
   - pointAdd_d4g1v0_Byzantium...ok
   - pointAdd_d4g1v0_EIP150...ok
   - pointAdd_d4g1v0_EIP158...ok
   - pointAdd_d4g1v0_Frontier...ok
   - pointAdd_d4g1v0_Homestead...ok
   - ecmul_1-3_1_21000_96_d0g3v0_Byzantium...ok
   - ecmul_1-3_1_21000_96_d0g3v0_EIP150...ok
   - ecmul_1-3_1_21000_96_d0g3v0_EIP158...ok
   - ecmul_1-3_1_21000_96_d0g3v0_Frontier...ok
   - ecmul_1-3_1_21000_96_d0g3v0_Homestead...ok
   - pointMulAdd2_d17g0v0_Byzantium...ok
   - pointMulAdd2_d17g0v0_EIP150...ok
   - pointMulAdd2_d17g0v0_EIP158...ok
   - pointMulAdd2_d17g0v0_Frontier...ok
   - pointMulAdd2_d17g0v0_Homestead...ok
   - ecmul_1-3_340282366920938463463374607431768211456_28000_96_d0g2v0_Byzantium...ok
   - ecmul_1-3_340282366920938463463374607431768211456_28000_96_d0g2v0_EIP150...ok
   - ecmul_1-3_340282366920938463463374607431768211456_28000_96_d0g2v0_EIP158...ok
   - ecmul_1-3_340282366920938463463374607431768211456_28000_96_d0g2v0_Frontier...ok
   - ecmul_1-3_340282366920938463463374607431768211456_28000_96_d0g2v0_Homestead...ok
   - ecmul_7827-6598_5616_28000_128_d0g2v0_Byzantium...ok
   - ecmul_7827-6598_5616_28000_128_d0g2v0_EIP150...ok
   - ecmul_7827-6598_5616_28000_128_d0g2v0_EIP158...ok
   - ecmul_7827-6598_5616_28000_128_d0g2v0_Frontier...ok
   - ecmul_7827-6598_5616_28000_128_d0g2v0_Homestead...ok
   - pointMulAdd_d1g0v0_Byzantium...ok
   - pointMulAdd_d1g0v0_EIP150...ok
   - pointMulAdd_d1g0v0_EIP158...ok
   - pointMulAdd_d1g0v0_Frontier...ok
   - pointMulAdd_d1g0v0_Homestead...ok
   - ecpairing_two_point_fail_1_d0g0v0_Byzantium...ok
   - ecpairing_two_point_fail_1_d0g0v0_EIP150...ok
   - ecpairing_two_point_fail_1_d0g0v0_EIP158...ok
   - ecpairing_two_point_fail_1_d0g0v0_Frontier...ok
   - ecpairing_two_point_fail_1_d0g0v0_Homestead...ok
   - ecmul_1-3_1_28000_128_d0g2v0_Byzantium...ok
   - ecmul_1-3_1_28000_128_d0g2v0_EIP150...ok
   - ecmul_1-3_1_28000_128_d0g2v0_EIP158...ok
   - ecmul_1-3_1_28000_128_d0g2v0_Frontier...ok
   - ecmul_1-3_1_28000_128_d0g2v0_Homestead...ok
   - ecmul_1-2_2_28000_128_d0g3v0_Byzantium...ok
   - ecmul_1-2_2_28000_128_d0g3v0_EIP150...ok
   - ecmul_1-2_2_28000_128_d0g3v0_EIP158...ok
   - ecmul_1-2_2_28000_128_d0g3v0_Frontier...ok
   - ecmul_1-2_2_28000_128_d0g3v0_Homestead...ok
   - ecpairing_one_point_fail_d0g1v0_Byzantium...ok
   - ecpairing_one_point_fail_d0g1v0_EIP150...ok
   - ecpairing_one_point_fail_d0g1v0_EIP158...ok
   - ecpairing_one_point_fail_d0g1v0_Frontier...ok
   - ecpairing_one_point_fail_d0g1v0_Homestead...ok
   - pointAdd_d3g1v0_Byzantium...ok
   - pointAdd_d3g1v0_EIP150...ok
   - pointAdd_d3g1v0_EIP158...ok
   - pointAdd_d3g1v0_Frontier...ok
   - pointAdd_d3g1v0_Homestead...ok
   - pointAdd_d0g2v0_Byzantium...ok
   - pointAdd_d0g2v0_EIP150...ok
   - pointAdd_d0g2v0_EIP158...ok
   - pointAdd_d0g2v0_Frontier...ok
   - pointAdd_d0g2v0_Homestead...ok
   - ecmul_1-2_0_21000_96_d0g0v0_Byzantium...ok
   - ecmul_1-2_0_21000_96_d0g0v0_EIP150...ok
   - ecmul_1-2_0_21000_96_d0g0v0_EIP158...ok
   - ecmul_1-2_0_21000_96_d0g0v0_Frontier...ok
   - ecmul_1-2_0_21000_96_d0g0v0_Homestead...ok
   - ecmul_7827-6598_1_28000_128_d0g3v0_Byzantium...ok
   - ecmul_7827-6598_1_28000_128_d0g3v0_EIP150...ok
   - ecmul_7827-6598_1_28000_128_d0g3v0_EIP158...ok
   - ecmul_7827-6598_1_28000_128_d0g3v0_Frontier...ok
   - ecmul_7827-6598_1_28000_128_d0g3v0_Homestead...ok
   - ecmul_1-2_0_21000_96_d0g2v0_Byzantium...ok
   - ecmul_1-2_0_21000_96_d0g2v0_EIP150...ok
   - ecmul_1-2_0_21000_96_d0g2v0_EIP158...ok
   - ecmul_1-2_0_21000_96_d0g2v0_Frontier...ok
   - ecmul_1-2_0_21000_96_d0g2v0_Homestead...ok
   - ecmul_0-3_0_28000_80_d0g1v0_Byzantium...ok
   - ecmul_0-3_0_28000_80_d0g1v0_EIP150...ok
   - ecmul_0-3_0_28000_80_d0g1v0_EIP158...ok
   - ecmul_0-3_0_28000_80_d0g1v0_Frontier...ok
   - ecmul_0-3_0_28000_80_d0g1v0_Homestead...ok
   - ecmul_1-3_9935_28000_128_d0g3v0_Byzantium...ok
   - ecmul_1-3_9935_28000_128_d0g3v0_EIP150...ok
   - ecmul_1-3_9935_28000_128_d0g3v0_EIP158...ok
   - ecmul_1-3_9935_28000_128_d0g3v0_Frontier...ok
   - ecmul_1-3_9935_28000_128_d0g3v0_Homestead...ok
   - ecmul_0-3_0_28000_80_d0g0v0_Byzantium...ok
   - ecmul_0-3_0_28000_80_d0g0v0_EIP150...ok
   - ecmul_0-3_0_28000_80_d0g0v0_EIP158...ok
   - ecmul_0-3_0_28000_80_d0g0v0_Frontier...ok
   - ecmul_0-3_0_28000_80_d0g0v0_Homestead...ok
   - ecadd_1-2_1-2_25000_128_d0g1v0_Byzantium...ok
   - ecadd_1-2_1-2_25000_128_d0g1v0_EIP150...ok
   - ecadd_1-2_1-2_25000_128_d0g1v0_EIP158...ok
   - ecadd_1-2_1-2_25000_128_d0g1v0_Frontier...ok
   - ecadd_1-2_1-2_25000_128_d0g1v0_Homestead...ok
   - ecadd_0-0_0-0_21000_192_d0g1v0_Byzantium...ok
   - ecadd_0-0_0-0_21000_192_d0g1v0_EIP150...ok
   - ecadd_0-0_0-0_21000_192_d0g1v0_EIP158...ok
   - ecadd_0-0_0-0_21000_192_d0g1v0_Frontier...ok
   - ecadd_0-0_0-0_21000_192_d0g1v0_Homestead...ok
   - ecmul_0-0_1_21000_96_d0g2v0_Byzantium...ok
   - ecmul_0-0_1_21000_96_d0g2v0_EIP150...ok
   - ecmul_0-0_1_21000_96_d0g2v0_EIP158...ok
   - ecmul_0-0_1_21000_96_d0g2v0_Frontier...ok
   - ecmul_0-0_1_21000_96_d0g2v0_Homestead...ok
   - ecmul_0-3_340282366920938463463374607431768211456_21000_96_d0g0v0_Byzantium...ok
   - ecmul_0-3_340282366920938463463374607431768211456_21000_96_d0g0v0_EIP150...ok
   - ecmul_0-3_340282366920938463463374607431768211456_21000_96_d0g0v0_EIP158...ok
   - ecmul_0-3_340282366920938463463374607431768211456_21000_96_d0g0v0_Frontier...ok
   - ecmul_0-3_340282366920938463463374607431768211456_21000_96_d0g0v0_Homestead...ok
   - ecmul_1-3_1_21000_96_d0g2v0_Byzantium...ok
   - ecmul_1-3_1_21000_96_d0g2v0_EIP150...ok
   - ecmul_1-3_1_21000_96_d0g2v0_EIP158...ok
   - ecmul_1-3_1_21000_96_d0g2v0_Frontier...ok
   - ecmul_1-3_1_21000_96_d0g2v0_Homestead...ok
   - pointMulAdd2_d27g1v0_Byzantium...ok
   - pointMulAdd2_d27g1v0_EIP150...ok
   - pointMulAdd2_d27g1v0_EIP158...ok
   - pointMulAdd2_d27g1v0_Frontier...ok
   - pointMulAdd2_d27g1v0_Homestead...ok
   - ecmul_0-3_9_28000_128_d0g2v0_Byzantium...ok
   - ecmul_0-3_9_28000_128_d0g2v0_EIP150...ok
   - ecmul_0-3_9_28000_128_d0g2v0_EIP158...ok
   - ecmul_0-3_9_28000_128_d0g2v0_Frontier...ok
   - ecmul_0-3_9_28000_128_d0g2v0_Homestead...ok
   - ecmul_1-2_9_21000_96_d0g1v0_Byzantium...ok
   - ecmul_1-2_9_21000_96_d0g1v0_EIP150...ok
   - ecmul_1-2_9_21000_96_d0g1v0_EIP158...ok
   - ecmul_1-2_9_21000_96_d0g1v0_Frontier...ok
   - ecmul_1-2_9_21000_96_d0g1v0_Homestead...ok
   - ecmul_0-0_9_28000_96_d0g2v0_Byzantium...ok
   - ecmul_0-0_9_28000_96_d0g2v0_EIP150...ok
   - ecmul_0-0_9_28000_96_d0g2v0_EIP158...ok
   - ecmul_0-0_9_28000_96_d0g2v0_Frontier...ok
   - ecmul_0-0_9_28000_96_d0g2v0_Homestead...ok
   - ecmul_1-2_9_28000_96_d0g2v0_Byzantium...ok
   - ecmul_1-2_9_28000_96_d0g2v0_EIP150...ok
   - ecmul_1-2_9_28000_96_d0g2v0_EIP158...ok
   - ecmul_1-2_9_28000_96_d0g2v0_Frontier...ok
   - ecmul_1-2_9_28000_96_d0g2v0_Homestead...ok
   - ecpairing_two_point_match_5_d0g2v0_Byzantium...ok
   - ecpairing_two_point_match_5_d0g2v0_EIP150...ok
   - ecpairing_two_point_match_5_d0g2v0_EIP158...ok
   - ecpairing_two_point_match_5_d0g2v0_Frontier...ok
   - ecpairing_two_point_match_5_d0g2v0_Homestead...ok
   - ecmul_0-3_9935_28000_96_d0g2v0_Byzantium...ok
   - ecmul_0-3_9935_28000_96_d0g2v0_EIP150...ok
   - ecmul_0-3_9935_28000_96_d0g2v0_EIP158...ok
   - ecmul_0-3_9935_28000_96_d0g2v0_Frontier...ok
   - ecmul_0-3_9935_28000_96_d0g2v0_Homestead...ok
   - ecmul_0-0_340282366920938463463374607431768211456_28000_80_d0g3v0_Byzantium...ok
   - ecmul_0-0_340282366920938463463374607431768211456_28000_80_d0g3v0_EIP150...ok
   - ecmul_0-0_340282366920938463463374607431768211456_28000_80_d0g3v0_EIP158...ok
   - ecmul_0-0_340282366920938463463374607431768211456_28000_80_d0g3v0_Frontier...ok
   - ecmul_0-0_340282366920938463463374607431768211456_28000_80_d0g3v0_Homestead...ok
   - ecmul_0-3_340282366920938463463374607431768211456_28000_80_d0g0v0_Byzantium...ok
   - ecmul_0-3_340282366920938463463374607431768211456_28000_80_d0g0v0_EIP150...ok
   - ecmul_0-3_340282366920938463463374607431768211456_28000_80_d0g0v0_EIP158...ok
   - ecmul_0-3_340282366920938463463374607431768211456_28000_80_d0g0v0_Frontier...ok
   - ecmul_0-3_340282366920938463463374607431768211456_28000_80_d0g0v0_Homestead...ok
   - pointAdd_d6g2v0_Byzantium...ok
   - pointAdd_d6g2v0_EIP150...ok
   - pointAdd_d6g2v0_EIP158...ok
   - pointAdd_d6g2v0_Frontier...ok
   - pointAdd_d6g2v0_Homestead...ok
   - ecpairing_two_point_match_2_d0g3v0_Byzantium...ok
   - ecpairing_two_point_match_2_d0g3v0_EIP150...ok
   - ecpairing_two_point_match_2_d0g3v0_EIP158...ok
   - ecpairing_two_point_match_2_d0g3v0_Frontier...ok
   - ecpairing_two_point_match_2_d0g3v0_Homestead...ok
   - ecmul_0-3_1_21000_128_d0g1v0_Byzantium...ok
   - ecmul_0-3_1_21000_128_d0g1v0_EIP150...ok
   - ecmul_0-3_1_21000_128_d0g1v0_EIP158...ok
   - ecmul_0-3_1_21000_128_d0g1v0_Frontier...ok
   - ecmul_0-3_1_21000_128_d0g1v0_Homestead...ok
   - ecpairing_two_point_match_5_d0g3v0_Byzantium...ok
   - ecpairing_two_point_match_5_d0g3v0_EIP150...ok
   - ecpairing_two_point_match_5_d0g3v0_EIP158...ok
   - ecpairing_two_point_match_5_d0g3v0_Frontier...ok
   - ecpairing_two_point_match_5_d0g3v0_Homestead...ok
   - ecmul_7827-6598_9_21000_128_d0g2v0_Byzantium...ok
   - ecmul_7827-6598_9_21000_128_d0g2v0_EIP150...ok
   - ecmul_7827-6598_9_21000_128_d0g2v0_EIP158...ok
   - ecmul_7827-6598_9_21000_128_d0g2v0_Frontier...ok
   - ecmul_7827-6598_9_21000_128_d0g2v0_Homestead...ok
   - ecpairing_one_point_not_in_subgroup_d0g1v0_Byzantium...ok
   - ecpairing_one_point_not_in_subgroup_d0g1v0_EIP150...ok
   - ecpairing_one_point_not_in_subgroup_d0g1v0_EIP158...ok
   - ecpairing_one_point_not_in_subgroup_d0g1v0_Frontier...ok
   - ecpairing_one_point_not_in_subgroup_d0g1v0_Homestead...ok
   - ecadd_0-3_1-2_25000_128_d0g0v0_Byzantium...ok
   - ecadd_0-3_1-2_25000_128_d0g0v0_EIP150...ok
   - ecadd_0-3_1-2_25000_128_d0g0v0_EIP158...ok
   - ecadd_0-3_1-2_25000_128_d0g0v0_Frontier...ok
   - ecadd_0-3_1-2_25000_128_d0g0v0_Homestead...ok
   - pointAdd_d1g0v0_Byzantium...ok
   - pointAdd_d1g0v0_EIP150...ok
   - pointAdd_d1g0v0_EIP158...ok
   - pointAdd_d1g0v0_Frontier...ok
   - pointAdd_d1g0v0_Homestead...ok
   - ecadd_0-0_0-0_25000_128_d0g0v0_Byzantium...ok
   - ecadd_0-0_0-0_25000_128_d0g0v0_EIP150...ok
   - ecadd_0-0_0-0_25000_128_d0g0v0_EIP158...ok
   - ecadd_0-0_0-0_25000_128_d0g0v0_Frontier...ok
   - ecadd_0-0_0-0_25000_128_d0g0v0_Homestead...ok
   - ecmul_1-2_1_28000_128_d0g3v0_Byzantium...ok
   - ecmul_1-2_1_28000_128_d0g3v0_EIP150...ok
   - ecmul_1-2_1_28000_128_d0g3v0_EIP158...ok
   - ecmul_1-2_1_28000_128_d0g3v0_Frontier...ok
   - ecmul_1-2_1_28000_128_d0g3v0_Homestead...ok
   - ecmul_0-0_0_21000_96_d0g2v0_Byzantium...ok
   - ecmul_0-0_0_21000_96_d0g2v0_EIP150...ok
   - ecmul_0-0_0_21000_96_d0g2v0_EIP158...ok
   - ecmul_0-0_0_21000_96_d0g2v0_Frontier...ok
   - ecmul_0-0_0_21000_96_d0g2v0_Homestead...ok
   - ecmul_7827-6598_2_21000_128_d0g2v0_Byzantium...ok
   - ecmul_7827-6598_2_21000_128_d0g2v0_EIP150...ok
   - ecmul_7827-6598_2_21000_128_d0g2v0_EIP158...ok
   - ecmul_7827-6598_2_21000_128_d0g2v0_Frontier...ok
   - ecmul_7827-6598_2_21000_128_d0g2v0_Homestead...ok
   - pointMulAdd2_d8g2v0_Byzantium...ok
   - pointMulAdd2_d8g2v0_EIP150...ok
   - pointMulAdd2_d8g2v0_EIP158...ok
   - pointMulAdd2_d8g2v0_Frontier...ok
   - pointMulAdd2_d8g2v0_Homestead...ok
   - ecmul_0-0_340282366920938463463374607431768211456_28000_128_d0g1v0_Byzantium...ok
   - ecmul_0-0_340282366920938463463374607431768211456_28000_128_d0g1v0_EIP150...ok
   - ecmul_0-0_340282366920938463463374607431768211456_28000_128_d0g1v0_EIP158...ok
   - ecmul_0-0_340282366920938463463374607431768211456_28000_128_d0g1v0_Frontier...ok
   - ecmul_0-0_340282366920938463463374607431768211456_28000_128_d0g1v0_Homestead...ok
   - ecadd_0-0_0-0_21000_64_d0g3v0_Byzantium...ok
   - ecadd_0-0_0-0_21000_64_d0g3v0_EIP150...ok
   - ecadd_0-0_0-0_21000_64_d0g3v0_EIP158...ok
   - ecadd_0-0_0-0_21000_64_d0g3v0_Frontier...ok
   - ecadd_0-0_0-0_21000_64_d0g3v0_Homestead...ok
   - ecadd_1-2_0-0_25000_128_d0g1v0_Byzantium...ok
   - ecadd_1-2_0-0_25000_128_d0g1v0_EIP150...ok
   - ecadd_1-2_0-0_25000_128_d0g1v0_EIP158...ok
   - ecadd_1-2_0-0_25000_128_d0g1v0_Frontier...ok
   - ecadd_1-2_0-0_25000_128_d0g1v0_Homestead...ok
   - pairingTest_d2g0v0_Byzantium...ok
   - pairingTest_d2g0v0_EIP150...ok
   - pairingTest_d2g0v0_EIP158...ok
   - pairingTest_d2g0v0_Frontier...ok
   - pairingTest_d2g0v0_Homestead...ok
   - ecadd_1145-3932_1145-4651_25000_192_d0g2v0_Byzantium...ok
   - ecadd_1145-3932_1145-4651_25000_192_d0g2v0_EIP150...ok
   - ecadd_1145-3932_1145-4651_25000_192_d0g2v0_EIP158...ok
   - ecadd_1145-3932_1145-4651_25000_192_d0g2v0_Frontier...ok
   - ecadd_1145-3932_1145-4651_25000_192_d0g2v0_Homestead...ok
   - ecmul_1-3_1_28000_96_d0g1v0_Byzantium...ok
   - ecmul_1-3_1_28000_96_d0g1v0_EIP150...ok
   - ecmul_1-3_1_28000_96_d0g1v0_EIP158...ok
   - ecmul_1-3_1_28000_96_d0g1v0_Frontier...ok
   - ecmul_1-3_1_28000_96_d0g1v0_Homestead...ok
   - ecmul_7827-6598_5616_21000_96_d0g0v0_Byzantium...ok
   - ecmul_7827-6598_5616_21000_96_d0g0v0_EIP150...ok
   - ecmul_7827-6598_5616_21000_96_d0g0v0_EIP158...ok
   - ecmul_7827-6598_5616_21000_96_d0g0v0_Frontier...ok
   - ecmul_7827-6598_5616_21000_96_d0g0v0_Homestead...ok
   - ecmul_1-2_9_28000_128_d0g0v0_Byzantium...ok
   - ecmul_1-2_9_28000_128_d0g0v0_EIP150...ok
   - ecmul_1-2_9_28000_128_d0g0v0_EIP158...ok
   - ecmul_1-2_9_28000_128_d0g0v0_Frontier...ok
   - ecmul_1-2_9_28000_128_d0g0v0_Homestead...ok
   - ecadd_1-3_0-0_21000_80_d0g2v0_Byzantium...ok
   - ecadd_1-3_0-0_21000_80_d0g2v0_EIP150...ok
   - ecadd_1-3_0-0_21000_80_d0g2v0_EIP158...ok
   - ecadd_1-3_0-0_21000_80_d0g2v0_Frontier...ok
   - ecadd_1-3_0-0_21000_80_d0g2v0_Homestead...ok
   - pointAddTrunc_d7g3v0_Byzantium...ok
   - pointAddTrunc_d7g3v0_EIP150...ok
   - pointAddTrunc_d7g3v0_EIP158...ok
   - pointAddTrunc_d7g3v0_Frontier...ok
   - pointAddTrunc_d7g3v0_Homestead...ok
   - ecmul_1-3_0_28000_96_d0g2v0_Byzantium...ok
   - ecmul_1-3_0_28000_96_d0g2v0_EIP150...ok
   - ecmul_1-3_0_28000_96_d0g2v0_EIP158...ok
   - ecmul_1-3_0_28000_96_d0g2v0_Frontier...ok
   - ecmul_1-3_0_28000_96_d0g2v0_Homestead...ok
   - pointMulAdd2_d10g0v0_Byzantium...ok
   - pointMulAdd2_d10g0v0_EIP150...ok
   - pointMulAdd2_d10g0v0_EIP158...ok
   - pointMulAdd2_d10g0v0_Frontier...ok
   - pointMulAdd2_d10g0v0_Homestead...ok
   - ecpairing_bad_length_193_d0g0v0_Byzantium...ok
   - ecpairing_bad_length_193_d0g0v0_EIP150...ok
   - ecpairing_bad_length_193_d0g0v0_EIP158...ok
   - ecpairing_bad_length_193_d0g0v0_Frontier...ok
   - ecpairing_bad_length_193_d0g0v0_Homestead...ok
   - ecmul_7827-6598_1456_21000_96_d0g3v0_Byzantium...ok
   - ecmul_7827-6598_1456_21000_96_d0g3v0_EIP150...ok
   - ecmul_7827-6598_1456_21000_96_d0g3v0_EIP158...ok
   - ecmul_7827-6598_1456_21000_96_d0g3v0_Frontier...ok
   - ecmul_7827-6598_1456_21000_96_d0g3v0_Homestead...ok
   - ecpairing_bad_length_193_d0g3v0_Byzantium...ok
   - ecpairing_bad_length_193_d0g3v0_EIP150...ok
   - ecpairing_bad_length_193_d0g3v0_EIP158...ok
   - ecpairing_bad_length_193_d0g3v0_Frontier...ok
   - ecpairing_bad_length_193_d0g3v0_Homestead...ok
   - ecmul_0-0_5616_21000_128_d0g2v0_Byzantium...ok
   - ecmul_0-0_5616_21000_128_d0g2v0_EIP150...ok
   - ecmul_0-0_5616_21000_128_d0g2v0_EIP158...ok
   - ecmul_0-0_5616_21000_128_d0g2v0_Frontier...ok
   - ecmul_0-0_5616_21000_128_d0g2v0_Homestead...ok
   - ecadd_0-3_1-2_21000_128_d0g0v0_Byzantium...ok
   - ecadd_0-3_1-2_21000_128_d0g0v0_EIP150...ok
   - ecadd_0-3_1-2_21000_128_d0g0v0_EIP158...ok
   - ecadd_0-3_1-2_21000_128_d0g0v0_Frontier...ok
   - ecadd_0-3_1-2_21000_128_d0g0v0_Homestead...ok
   - ecmul_0-3_5616_21000_128_d0g0v0_Byzantium...ok
   - ecmul_0-3_5616_21000_128_d0g0v0_EIP150...ok
   - ecmul_0-3_5616_21000_128_d0g0v0_EIP158...ok
   - ecmul_0-3_5616_21000_128_d0g0v0_Frontier...ok
   - ecmul_0-3_5616_21000_128_d0g0v0_Homestead...ok
   - ecadd_1-2_0-0_25000_128_d0g3v0_Byzantium...ok
   - ecadd_1-2_0-0_25000_128_d0g3v0_EIP150...ok
   - ecadd_1-2_0-0_25000_128_d0g3v0_EIP158...ok
   - ecadd_1-2_0-0_25000_128_d0g3v0_Frontier...ok
   - ecadd_1-2_0-0_25000_128_d0g3v0_Homestead...ok
   - ecadd_1-2_0-0_21000_128_d0g3v0_Byzantium...ok
   - ecadd_1-2_0-0_21000_128_d0g3v0_EIP150...ok
   - ecadd_1-2_0-0_21000_128_d0g3v0_EIP158...ok
   - ecadd_1-2_0-0_21000_128_d0g3v0_Frontier...ok
   - ecadd_1-2_0-0_21000_128_d0g3v0_Homestead...ok
   - pointMulAdd_d8g2v0_Byzantium...ok
   - pointMulAdd_d8g2v0_EIP150...ok
   - pointMulAdd_d8g2v0_EIP158...ok
   - pointMulAdd_d8g2v0_Frontier...ok
   - pointMulAdd_d8g2v0_Homestead...ok
   - ecmul_0-0_1_28000_96_d0g0v0_Byzantium...ok
   - ecmul_0-0_1_28000_96_d0g0v0_EIP150...ok
   - ecmul_0-0_1_28000_96_d0g0v0_EIP158...ok
   - ecmul_0-0_1_28000_96_d0g0v0_Frontier...ok
   - ecmul_0-0_1_28000_96_d0g0v0_Homestead...ok
   - ecpairing_perturb_g2_by_one_d0g2v0_Byzantium...ok
   - ecpairing_perturb_g2_by_one_d0g2v0_EIP150...ok
   - ecpairing_perturb_g2_by_one_d0g2v0_EIP158...ok
   - ecpairing_perturb_g2_by_one_d0g2v0_Frontier...ok
   - ecpairing_perturb_g2_by_one_d0g2v0_Homestead...ok
   - ecadd_1-2_0-0_25000_64_d0g3v0_Byzantium...ok
   - ecadd_1-2_0-0_25000_64_d0g3v0_EIP150...ok
   - ecadd_1-2_0-0_25000_64_d0g3v0_EIP158...ok
   - ecadd_1-2_0-0_25000_64_d0g3v0_Frontier...ok
   - ecadd_1-2_0-0_25000_64_d0g3v0_Homestead...ok
   - ecmul_7827-6598_5617_28000_96_d0g0v0_Byzantium...ok
   - ecmul_7827-6598_5617_28000_96_d0g0v0_EIP150...ok
   - ecmul_7827-6598_5617_28000_96_d0g0v0_EIP158...ok
   - ecmul_7827-6598_5617_28000_96_d0g0v0_Frontier...ok
   - ecmul_7827-6598_5617_28000_96_d0g0v0_Homestead...ok
   - ecmul_0-3_2_28000_128_d0g1v0_Byzantium...ok
   - ecmul_0-3_2_28000_128_d0g1v0_EIP150...ok
   - ecmul_0-3_2_28000_128_d0g1v0_EIP158...ok
   - ecmul_0-3_2_28000_128_d0g1v0_Frontier...ok
   - ecmul_0-3_2_28000_128_d0g1v0_Homestead...ok
   - ecmul_0-0_5616_28000_96_d0g0v0_Byzantium...ok
   - ecmul_0-0_5616_28000_96_d0g0v0_EIP150...ok
   - ecmul_0-0_5616_28000_96_d0g0v0_EIP158...ok
   - ecmul_0-0_5616_28000_96_d0g0v0_Frontier...ok
   - ecmul_0-0_5616_28000_96_d0g0v0_Homestead...ok
   - ecmul_0-3_340282366920938463463374607431768211456_21000_80_d0g0v0_Byzantium...ok
   - ecmul_0-3_340282366920938463463374607431768211456_21000_80_d0g0v0_EIP150...ok
   - ecmul_0-3_340282366920938463463374607431768211456_21000_80_d0g0v0_EIP158...ok
   - ecmul_0-3_340282366920938463463374607431768211456_21000_80_d0g0v0_Frontier...ok
   - ecmul_0-3_340282366920938463463374607431768211456_21000_80_d0g0v0_Homestead...ok
   - ecmul_1-2_5617_21000_96_d0g1v0_Byzantium...ok
   - ecmul_1-2_5617_21000_96_d0g1v0_EIP150...ok
   - ecmul_1-2_5617_21000_96_d0g1v0_EIP158...ok
   - ecmul_1-2_5617_21000_96_d0g1v0_Frontier...ok
   - ecmul_1-2_5617_21000_96_d0g1v0_Homestead...ok
   - pointAddTrunc_d1g3v0_Byzantium...ok
   - pointAddTrunc_d1g3v0_EIP150...ok
   - pointAddTrunc_d1g3v0_EIP158...ok
   - pointAddTrunc_d1g3v0_Frontier...ok
   - pointAddTrunc_d1g3v0_Homestead...ok
   - ecmul_0-3_2_21000_128_d0g3v0_Byzantium...ok
   - ecmul_0-3_2_21000_128_d0g3v0_EIP150...ok
   - ecmul_0-3_2_21000_128_d0g3v0_EIP158...ok
   - ecmul_0-3_2_21000_128_d0g3v0_Frontier...ok
   - ecmul_0-3_2_21000_128_d0g3v0_Homestead...ok
   - ecmul_1-2_340282366920938463463374607431768211456_21000_96_d0g1v0_Byzantium...ok
   - ecmul_1-2_340282366920938463463374607431768211456_21000_96_d0g1v0_EIP150...ok
   - ecmul_1-2_340282366920938463463374607431768211456_21000_96_d0g1v0_EIP158...ok
   - ecmul_1-2_340282366920938463463374607431768211456_21000_96_d0g1v0_Frontier...ok
   - ecmul_1-2_340282366920938463463374607431768211456_21000_96_d0g1v0_Homestead...ok
   - pointAddTrunc_d3g2v0_Byzantium...ok
   - pointAddTrunc_d3g2v0_EIP150...ok
   - pointAddTrunc_d3g2v0_EIP158...ok
   - pointAddTrunc_d3g2v0_Frontier...ok
   - pointAddTrunc_d3g2v0_Homestead...ok
   - ecmul_1-2_0_21000_96_d0g3v0_Byzantium...ok
   - ecmul_1-2_0_21000_96_d0g3v0_EIP150...ok
   - ecmul_1-2_0_21000_96_d0g3v0_EIP158...ok
   - ecmul_1-2_0_21000_96_d0g3v0_Frontier...ok
   - ecmul_1-2_0_21000_96_d0g3v0_Homestead...ok
   - ecadd_1-2_0-0_21000_192_d0g2v0_Byzantium...ok
   - ecadd_1-2_0-0_21000_192_d0g2v0_EIP150...ok
   - ecadd_1-2_0-0_21000_192_d0g2v0_EIP158...ok
   - ecadd_1-2_0-0_21000_192_d0g2v0_Frontier...ok
   - ecadd_1-2_0-0_21000_192_d0g2v0_Homestead...ok
   - ecmul_7827-6598_2_28000_128_d0g3v0_Byzantium...ok
   - ecmul_7827-6598_2_28000_128_d0g3v0_EIP150...ok
   - ecmul_7827-6598_2_28000_128_d0g3v0_EIP158...ok
   - ecmul_7827-6598_2_28000_128_d0g3v0_Frontier...ok
   - ecmul_7827-6598_2_28000_128_d0g3v0_Homestead...ok
   - pointMulAdd2_d31g2v0_Byzantium...ok
   - pointMulAdd2_d31g2v0_EIP150...ok
   - pointMulAdd2_d31g2v0_EIP158...ok
   - pointMulAdd2_d31g2v0_Frontier...ok
   - pointMulAdd2_d31g2v0_Homestead...ok
   - ecadd_1-2_0-0_25000_192_d0g3v0_Byzantium...ok
   - ecadd_1-2_0-0_25000_192_d0g3v0_EIP150...ok
   - ecadd_1-2_0-0_25000_192_d0g3v0_EIP158...ok
   - ecadd_1-2_0-0_25000_192_d0g3v0_Frontier...ok
   - ecadd_1-2_0-0_25000_192_d0g3v0_Homestead...ok
   - ecpairing_bad_length_191_d0g2v0_Byzantium...ok
   - ecpairing_bad_length_191_d0g2v0_EIP150...ok
   - ecpairing_bad_length_191_d0g2v0_EIP158...ok
   - ecpairing_bad_length_191_d0g2v0_Frontier...ok
   - ecpairing_bad_length_191_d0g2v0_Homestead...ok
   - ecmul_1-3_5616_21000_96_d0g3v0_Byzantium...ok
   - ecmul_1-3_5616_21000_96_d0g3v0_EIP150...ok
   - ecmul_1-3_5616_21000_96_d0g3v0_EIP158...ok
   - ecmul_1-3_5616_21000_96_d0g3v0_Frontier...ok
   - ecmul_1-3_5616_21000_96_d0g3v0_Homestead...ok
   - ecadd_1145-3932_1145-4651_21000_192_d0g2v0_Byzantium...ok
   - ecadd_1145-3932_1145-4651_21000_192_d0g2v0_EIP150...ok
   - ecadd_1145-3932_1145-4651_21000_192_d0g2v0_EIP158...ok
   - ecadd_1145-3932_1145-4651_21000_192_d0g2v0_Frontier...ok
   - ecadd_1145-3932_1145-4651_21000_192_d0g2v0_Homestead...ok
   - ecpairing_one_point_with_g2_zero_d0g1v0_Byzantium...ok
   - ecpairing_one_point_with_g2_zero_d0g1v0_EIP150...ok
   - ecpairing_one_point_with_g2_zero_d0g1v0_EIP158...ok
   - ecpairing_one_point_with_g2_zero_d0g1v0_Frontier...ok
   - ecpairing_one_point_with_g2_zero_d0g1v0_Homestead...ok
   - ecadd_0-0_1-3_21000_128_d0g2v0_Byzantium...ok
   - ecadd_0-0_1-3_21000_128_d0g2v0_EIP150...ok
   - ecadd_0-0_1-3_21000_128_d0g2v0_EIP158...ok
   - ecadd_0-0_1-3_21000_128_d0g2v0_Frontier...ok
   - ecadd_0-0_1-3_21000_128_d0g2v0_Homestead...ok
   - ecmul_1-3_9_28000_96_d0g2v0_Byzantium...ok
   - ecmul_1-3_9_28000_96_d0g2v0_EIP150...ok
   - ecmul_1-3_9_28000_96_d0g2v0_EIP158...ok
   - ecmul_1-3_9_28000_96_d0g2v0_Frontier...ok
   - ecmul_1-3_9_28000_96_d0g2v0_Homestead...ok
   - ecmul_0-0_340282366920938463463374607431768211456_21000_128_d0g3v0_Byzantium...ok
   - ecmul_0-0_340282366920938463463374607431768211456_21000_128_d0g3v0_EIP150...ok
   - ecmul_0-0_340282366920938463463374607431768211456_21000_128_d0g3v0_EIP158...ok
   - ecmul_0-0_340282366920938463463374607431768211456_21000_128_d0g3v0_Frontier...ok
   - ecmul_0-0_340282366920938463463374607431768211456_21000_128_d0g3v0_Homestead...ok
   - pointMulAdd2_d34g2v0_Byzantium...ok
   - pointMulAdd2_d34g2v0_EIP150...ok
   - pointMulAdd2_d34g2v0_EIP158...ok
   - pointMulAdd2_d34g2v0_Frontier...ok
   - pointMulAdd2_d34g2v0_Homestead...ok
   - ecmul_1-2_0_21000_80_d0g2v0_Byzantium...ok
   - ecmul_1-2_0_21000_80_d0g2v0_EIP150...ok
   - ecmul_1-2_0_21000_80_d0g2v0_EIP158...ok
   - ecmul_1-2_0_21000_80_d0g2v0_Frontier...ok
   - ecmul_1-2_0_21000_80_d0g2v0_Homestead...ok
   - ecmul_1-3_2_28000_128_d0g2v0_Byzantium...ok
   - ecmul_1-3_2_28000_128_d0g2v0_EIP150...ok
   - ecmul_1-3_2_28000_128_d0g2v0_EIP158...ok
   - ecmul_1-3_2_28000_128_d0g2v0_Frontier...ok
   - ecmul_1-3_2_28000_128_d0g2v0_Homestead...ok
   - ecmul_0-0_0_28000_0_d0g1v0_Byzantium...ok
   - ecmul_0-0_0_28000_0_d0g1v0_EIP150...ok
   - ecmul_0-0_0_28000_0_d0g1v0_EIP158...ok
   - ecmul_0-0_0_28000_0_d0g1v0_Frontier...ok
   - ecmul_0-0_0_28000_0_d0g1v0_Homestead...ok
   - ecmul_0-0_9935_28000_128_d0g0v0_Byzantium...ok
   - ecmul_0-0_9935_28000_128_d0g0v0_EIP150...ok
   - ecmul_0-0_9935_28000_128_d0g0v0_EIP158...ok
   - ecmul_0-0_9935_28000_128_d0g0v0_Frontier...ok
   - ecmul_0-0_9935_28000_128_d0g0v0_Homestead...ok
   - ecpairing_two_point_fail_2_d0g2v0_Byzantium...ok
   - ecpairing_two_point_fail_2_d0g2v0_EIP150...ok
   - ecpairing_two_point_fail_2_d0g2v0_EIP158...ok
   - ecpairing_two_point_fail_2_d0g2v0_Frontier...ok
   - ecpairing_two_point_fail_2_d0g2v0_Homestead...ok
   - pointMulAdd2_d14g1v0_Byzantium...ok
   - pointMulAdd2_d14g1v0_EIP150...ok
   - pointMulAdd2_d14g1v0_EIP158...ok
   - pointMulAdd2_d14g1v0_Frontier...ok
   - pointMulAdd2_d14g1v0_Homestead...ok
   - ecmul_0-3_0_21000_128_d0g0v0_Byzantium...ok
   - ecmul_0-3_0_21000_128_d0g0v0_EIP150...ok
   - ecmul_0-3_0_21000_128_d0g0v0_EIP158...ok
   - ecmul_0-3_0_21000_128_d0g0v0_Frontier...ok
   - ecmul_0-3_0_21000_128_d0g0v0_Homestead...ok
   - pointAddTrunc_d2g2v0_Byzantium...ok
   - pointAddTrunc_d2g2v0_EIP150...ok
   - pointAddTrunc_d2g2v0_EIP158...ok
   - pointAddTrunc_d2g2v0_Frontier...ok
   - pointAddTrunc_d2g2v0_Homestead...ok
   - ecmul_7827-6598_9_21000_96_d0g0v0_Byzantium...ok
   - ecmul_7827-6598_9_21000_96_d0g0v0_EIP150...ok
   - ecmul_7827-6598_9_21000_96_d0g0v0_EIP158...ok
   - ecmul_7827-6598_9_21000_96_d0g0v0_Frontier...ok
   - ecmul_7827-6598_9_21000_96_d0g0v0_Homestead...ok
   - ecadd_0-0_1-3_21000_128_d0g0v0_Byzantium...ok
   - ecadd_0-0_1-3_21000_128_d0g0v0_EIP150...ok
   - ecadd_0-0_1-3_21000_128_d0g0v0_EIP158...ok
   - ecadd_0-0_1-3_21000_128_d0g0v0_Frontier...ok
   - ecadd_0-0_1-3_21000_128_d0g0v0_Homestead...ok
   - pointMulAdd2_d25g1v0_Byzantium...ok
   - pointMulAdd2_d25g1v0_EIP150...ok
   - pointMulAdd2_d25g1v0_EIP158...ok
   - pointMulAdd2_d25g1v0_Frontier...ok
   - pointMulAdd2_d25g1v0_Homestead...ok
   - pointMulAdd_d4g3v0_Byzantium...ok
   - pointMulAdd_d4g3v0_EIP150...ok
   - pointMulAdd_d4g3v0_EIP158...ok
   - pointMulAdd_d4g3v0_Frontier...ok
   - pointMulAdd_d4g3v0_Homestead...ok
   - ecmul_0-0_0_28000_64_d0g1v0_Byzantium...ok
   - ecmul_0-0_0_28000_64_d0g1v0_EIP150...ok
   - ecmul_0-0_0_28000_64_d0g1v0_EIP158...ok
   - ecmul_0-0_0_28000_64_d0g1v0_Frontier...ok
   - ecmul_0-0_0_28000_64_d0g1v0_Homestead...ok
   - pointMulAdd2_d0g0v0_Byzantium...ok
   - pointMulAdd2_d0g0v0_EIP150...ok
   - pointMulAdd2_d0g0v0_EIP158...ok
   - pointMulAdd2_d0g0v0_Frontier...ok
   - pointMulAdd2_d0g0v0_Homestead...ok
   - ecmul_1-2_1_21000_128_d0g1v0_Byzantium...ok
   - ecmul_1-2_1_21000_128_d0g1v0_EIP150...ok
   - ecmul_1-2_1_21000_128_d0g1v0_EIP158...ok
   - ecmul_1-2_1_21000_128_d0g1v0_Frontier...ok
   - ecmul_1-2_1_21000_128_d0g1v0_Homestead...ok
   - ecmul_1-2_340282366920938463463374607431768211456_21000_96_d0g2v0_Byzantium...ok
   - ecmul_1-2_340282366920938463463374607431768211456_21000_96_d0g2v0_EIP150...ok
   - ecmul_1-2_340282366920938463463374607431768211456_21000_96_d0g2v0_EIP158...ok
   - ecmul_1-2_340282366920938463463374607431768211456_21000_96_d0g2v0_Frontier...ok
   - ecmul_1-2_340282366920938463463374607431768211456_21000_96_d0g2v0_Homestead...ok
   - ecmul_7827-6598_2_28000_96_d0g0v0_Byzantium...ok
   - ecmul_7827-6598_2_28000_96_d0g0v0_EIP150...ok
   - ecmul_7827-6598_2_28000_96_d0g0v0_EIP158...ok
   - ecmul_7827-6598_2_28000_96_d0g0v0_Frontier...ok
   - ecmul_7827-6598_2_28000_96_d0g0v0_Homestead...ok
   - ecmul_7827-6598_0_28000_96_d0g1v0_Byzantium...ok
   - ecmul_7827-6598_0_28000_96_d0g1v0_EIP150...ok
   - ecmul_7827-6598_0_28000_96_d0g1v0_EIP158...ok
   - ecmul_7827-6598_0_28000_96_d0g1v0_Frontier...ok
   - ecmul_7827-6598_0_28000_96_d0g1v0_Homestead...ok
   - pairingTest_d0g3v0_Byzantium...ok
   - pairingTest_d0g3v0_EIP150...ok
   - pairingTest_d0g3v0_EIP158...ok
   - pairingTest_d0g3v0_Frontier...ok
   - pairingTest_d0g3v0_Homestead...ok
   - ecmul_1-2_1_21000_128_d0g0v0_Byzantium...ok
   - ecmul_1-2_1_21000_128_d0g0v0_EIP150...ok
   - ecmul_1-2_1_21000_128_d0g0v0_EIP158...ok
   - ecmul_1-2_1_21000_128_d0g0v0_Frontier...ok
   - ecmul_1-2_1_21000_128_d0g0v0_Homestead...ok
   - ecmul_1-3_5617_21000_96_d0g1v0_Byzantium...ok
   - ecmul_1-3_5617_21000_96_d0g1v0_EIP150...ok
   - ecmul_1-3_5617_21000_96_d0g1v0_EIP158...ok
   - ecmul_1-3_5617_21000_96_d0g1v0_Frontier...ok
   - ecmul_1-3_5617_21000_96_d0g1v0_Homestead...ok
   - ecmul_0-3_9935_21000_96_d0g2v0_Byzantium...ok
   - ecmul_0-3_9935_21000_96_d0g2v0_EIP150...ok
   - ecmul_0-3_9935_21000_96_d0g2v0_EIP158...ok
   - ecmul_0-3_9935_21000_96_d0g2v0_Frontier...ok
   - ecmul_0-3_9935_21000_96_d0g2v0_Homestead...ok
   - ecadd_1-2_1-2_25000_128_d0g3v0_Byzantium...ok
   - ecadd_1-2_1-2_25000_128_d0g3v0_EIP150...ok
   - ecadd_1-2_1-2_25000_128_d0g3v0_EIP158...ok
   - ecadd_1-2_1-2_25000_128_d0g3v0_Frontier...ok
   - ecadd_1-2_1-2_25000_128_d0g3v0_Homestead...ok
   - ecmul_1-3_2_21000_128_d0g3v0_Byzantium...ok
   - ecmul_1-3_2_21000_128_d0g3v0_EIP150...ok
   - ecmul_1-3_2_21000_128_d0g3v0_EIP158...ok
   - ecmul_1-3_2_21000_128_d0g3v0_Frontier...ok
   - ecmul_1-3_2_21000_128_d0g3v0_Homestead...ok
   - ecmul_0-3_5616_21000_128_d0g3v0_Byzantium...ok
   - ecmul_0-3_5616_21000_128_d0g3v0_EIP150...ok
   - ecmul_0-3_5616_21000_128_d0g3v0_EIP158...ok
   - ecmul_0-3_5616_21000_128_d0g3v0_Frontier...ok
   - ecmul_0-3_5616_21000_128_d0g3v0_Homestead...ok
   - ecmul_0-3_5616_28000_128_d0g2v0_Byzantium...ok
   - ecmul_0-3_5616_28000_128_d0g2v0_EIP150...ok
   - ecmul_0-3_5616_28000_128_d0g2v0_EIP158...ok
   - ecmul_0-3_5616_28000_128_d0g2v0_Frontier...ok
   - ecmul_0-3_5616_28000_128_d0g2v0_Homestead...ok
   - ecmul_7827-6598_1456_21000_96_d0g0v0_Byzantium...ok
   - ecmul_7827-6598_1456_21000_96_d0g0v0_EIP150...ok
   - ecmul_7827-6598_1456_21000_96_d0g0v0_EIP158...ok
   - ecmul_7827-6598_1456_21000_96_d0g0v0_Frontier...ok
   - ecmul_7827-6598_1456_21000_96_d0g0v0_Homestead...ok
   - ecpairing_bad_length_191_d0g1v0_Byzantium...ok
   - ecpairing_bad_length_191_d0g1v0_EIP150...ok
   - ecpairing_bad_length_191_d0g1v0_EIP158...ok
   - ecpairing_bad_length_191_d0g1v0_Frontier...ok
   - ecpairing_bad_length_191_d0g1v0_Homestead...ok
   - ecmul_0-0_2_28000_96_d0g3v0_Byzantium...ok
   - ecmul_0-0_2_28000_96_d0g3v0_EIP150...ok
   - ecmul_0-0_2_28000_96_d0g3v0_EIP158...ok
   - ecmul_0-0_2_28000_96_d0g3v0_Frontier...ok
   - ecmul_0-0_2_28000_96_d0g3v0_Homestead...ok
   - ecpairing_two_point_match_1_d0g1v0_Byzantium...ok
   - ecpairing_two_point_match_1_d0g1v0_EIP150...ok
   - ecpairing_two_point_match_1_d0g1v0_EIP158...ok
   - ecpairing_two_point_match_1_d0g1v0_Frontier...ok
   - ecpairing_two_point_match_1_d0g1v0_Homestead...ok
   - ecmul_7827-6598_9_28000_96_d0g1v0_Byzantium...ok
   - ecmul_7827-6598_9_28000_96_d0g1v0_EIP150...ok
   - ecmul_7827-6598_9_28000_96_d0g1v0_EIP158...ok
   - ecmul_7827-6598_9_28000_96_d0g1v0_Frontier...ok
   - ecmul_7827-6598_9_28000_96_d0g1v0_Homestead...ok
   - ecadd_0-0_1-2_21000_192_d0g2v0_Byzantium...ok
   - ecadd_0-0_1-2_21000_192_d0g2v0_EIP150...ok
   - ecadd_0-0_1-2_21000_192_d0g2v0_EIP158...ok
   - ecadd_0-0_1-2_21000_192_d0g2v0_Frontier...ok
   - ecadd_0-0_1-2_21000_192_d0g2v0_Homestead...ok
   - ecpairing_perturb_zeropoint_by_field_modulus_d0g0v0_Byzantium...ok
   - ecpairing_perturb_zeropoint_by_field_modulus_d0g0v0_EIP150...ok
   - ecpairing_perturb_zeropoint_by_field_modulus_d0g0v0_EIP158...ok
   - ecpairing_perturb_zeropoint_by_field_modulus_d0g0v0_Frontier...ok
   - ecpairing_perturb_zeropoint_by_field_modulus_d0g0v0_Homestead...ok
   - ecmul_0-3_340282366920938463463374607431768211456_28000_128_d0g1v0_Byzantium...ok
   - ecmul_0-3_340282366920938463463374607431768211456_28000_128_d0g1v0_EIP150...ok
   - ecmul_0-3_340282366920938463463374607431768211456_28000_128_d0g1v0_EIP158...ok
   - ecmul_0-3_340282366920938463463374607431768211456_28000_128_d0g1v0_Frontier...ok
   - ecmul_0-3_340282366920938463463374607431768211456_28000_128_d0g1v0_Homestead...ok
   - ecadd_0-0_0-0_25000_0_d0g0v0_Byzantium...ok
   - ecadd_0-0_0-0_25000_0_d0g0v0_EIP150...ok
   - ecadd_0-0_0-0_25000_0_d0g0v0_EIP158...ok
   - ecadd_0-0_0-0_25000_0_d0g0v0_Frontier...ok
   - ecadd_0-0_0-0_25000_0_d0g0v0_Homestead...ok
   - ecmul_1-2_0_28000_64_d0g1v0_Byzantium...ok
   - ecmul_1-2_0_28000_64_d0g1v0_EIP150...ok
   - ecmul_1-2_0_28000_64_d0g1v0_EIP158...ok
   - ecmul_1-2_0_28000_64_d0g1v0_Frontier...ok
   - ecmul_1-2_0_28000_64_d0g1v0_Homestead...ok
   - ecmul_7827-6598_0_28000_80_d0g0v0_Byzantium...ok
   - ecmul_7827-6598_0_28000_80_d0g0v0_EIP150...ok
   - ecmul_7827-6598_0_28000_80_d0g0v0_EIP158...ok
   - ecmul_7827-6598_0_28000_80_d0g0v0_Frontier...ok
   - ecmul_7827-6598_0_28000_80_d0g0v0_Homestead...ok
   - pointMulAdd2_d23g3v0_Byzantium...ok
   - pointMulAdd2_d23g3v0_EIP150...ok
   - pointMulAdd2_d23g3v0_EIP158...ok
   - pointMulAdd2_d23g3v0_Frontier...ok
   - pointMulAdd2_d23g3v0_Homestead...ok
   - ecmul_1-3_1_28000_128_d0g3v0_Byzantium...ok
   - ecmul_1-3_1_28000_128_d0g3v0_EIP150...ok
   - ecmul_1-3_1_28000_128_d0g3v0_EIP158...ok
   - ecmul_1-3_1_28000_128_d0g3v0_Frontier...ok
   - ecmul_1-3_1_28000_128_d0g3v0_Homestead...ok
   - ecmul_0-0_340282366920938463463374607431768211456_21000_96_d0g1v0_Byzantium...ok
   - ecmul_0-0_340282366920938463463374607431768211456_21000_96_d0g1v0_EIP150...ok
   - ecmul_0-0_340282366920938463463374607431768211456_21000_96_d0g1v0_EIP158...ok
   - ecmul_0-0_340282366920938463463374607431768211456_21000_96_d0g1v0_Frontier...ok
   - ecmul_0-0_340282366920938463463374607431768211456_21000_96_d0g1v0_Homestead...ok
   - pairingTest_d1g1v0_Byzantium...ok
   - pairingTest_d1g1v0_EIP150...ok
   - pairingTest_d1g1v0_EIP158...ok
   - pairingTest_d1g1v0_Frontier...ok
   - pairingTest_d1g1v0_Homestead...ok
   - ecmul_7827-6598_1456_21000_80_d0g0v0_Byzantium...ok
   - ecmul_7827-6598_1456_21000_80_d0g0v0_EIP150...ok
   - ecmul_7827-6598_1456_21000_80_d0g0v0_EIP158...ok
   - ecmul_7827-6598_1456_21000_80_d0g0v0_Frontier...ok
   - ecmul_7827-6598_1456_21000_80_d0g0v0_Homestead...ok
   - pointMulAdd2_d22g3v0_Byzantium...ok
   - pointMulAdd2_d22g3v0_EIP150...ok
   - pointMulAdd2_d22g3v0_EIP158...ok
   - pointMulAdd2_d22g3v0_Frontier...ok
   - pointMulAdd2_d22g3v0_Homestead...ok
   - ecadd_1-3_0-0_25000_80_d0g0v0_Byzantium...ok
   - ecadd_1-3_0-0_25000_80_d0g0v0_EIP150...ok
   - ecadd_1-3_0-0_25000_80_d0g0v0_EIP158...ok
   - ecadd_1-3_0-0_25000_80_d0g0v0_Frontier...ok
   - ecadd_1-3_0-0_25000_80_d0g0v0_Homestead...ok
   - pointAddTrunc_d6g0v0_Byzantium...ok
   - pointAddTrunc_d6g0v0_EIP150...ok
   - pointAddTrunc_d6g0v0_EIP158...ok
   - pointAddTrunc_d6g0v0_Frontier...ok
   - pointAddTrunc_d6g0v0_Homestead...ok
   - pointAddTrunc_d1g2v0_Byzantium...ok
   - pointAddTrunc_d1g2v0_EIP150...ok
   - pointAddTrunc_d1g2v0_EIP158...ok
   - pointAddTrunc_d1g2v0_Frontier...ok
   - pointAddTrunc_d1g2v0_Homestead...ok
   - ecmul_0-0_9_21000_96_d0g0v0_Byzantium...ok
   - ecmul_0-0_9_21000_96_d0g0v0_EIP150...ok
   - ecmul_0-0_9_21000_96_d0g0v0_EIP158...ok
   - ecmul_0-0_9_21000_96_d0g0v0_Frontier...ok
   - ecmul_0-0_9_21000_96_d0g0v0_Homestead...ok
   - ecmul_7827-6598_5617_21000_128_d0g0v0_Byzantium...ok
   - ecmul_7827-6598_5617_21000_128_d0g0v0_EIP150...ok
   - ecmul_7827-6598_5617_21000_128_d0g0v0_EIP158...ok
   - ecmul_7827-6598_5617_21000_128_d0g0v0_Frontier...ok
   - ecmul_7827-6598_5617_21000_128_d0g0v0_Homestead...ok
   - ecmul_1-2_2_28000_96_d0g3v0_Byzantium...ok
   - ecmul_1-2_2_28000_96_d0g3v0_EIP150...ok
   - ecmul_1-2_2_28000_96_d0g3v0_EIP158...ok
   - ecmul_1-2_2_28000_96_d0g3v0_Frontier...ok
   - ecmul_1-2_2_28000_96_d0g3v0_Homestead...ok
   - ecmul_0-3_9935_28000_128_d0g1v0_Byzantium...ok
   - ecmul_0-3_9935_28000_128_d0g1v0_EIP150...ok
   - ecmul_0-3_9935_28000_128_d0g1v0_EIP158...ok
   - ecmul_0-3_9935_28000_128_d0g1v0_Frontier...ok
   - ecmul_0-3_9935_28000_128_d0g1v0_Homestead...ok
   - pointAddTrunc_d0g1v0_Byzantium...ok
   - pointAddTrunc_d0g1v0_EIP150...ok
   - pointAddTrunc_d0g1v0_EIP158...ok
   - pointAddTrunc_d0g1v0_Frontier...ok
   - pointAddTrunc_d0g1v0_Homestead...ok
   - ecpairing_one_point_with_g1_zero_d0g0v0_Byzantium...ok
   - ecpairing_one_point_with_g1_zero_d0g0v0_EIP150...ok
   - ecpairing_one_point_with_g1_zero_d0g0v0_EIP158...ok
   - ecpairing_one_point_with_g1_zero_d0g0v0_Frontier...ok
   - ecpairing_one_point_with_g1_zero_d0g0v0_Homestead...ok
   - ecmul_0-0_0_28000_40_d0g3v0_Byzantium...ok
   - ecmul_0-0_0_28000_40_d0g3v0_EIP150...ok
   - ecmul_0-0_0_28000_40_d0g3v0_EIP158...ok
   - ecmul_0-0_0_28000_40_d0g3v0_Frontier...ok
   - ecmul_0-0_0_28000_40_d0g3v0_Homestead...ok
   - pointAddTrunc_d6g1v0_Byzantium...ok
   - pointAddTrunc_d6g1v0_EIP150...ok
   - pointAddTrunc_d6g1v0_EIP158...ok
   - pointAddTrunc_d6g1v0_Frontier...ok
   - pointAddTrunc_d6g1v0_Homestead...ok
   - ecadd_1-2_0-0_21000_192_d0g0v0_Byzantium...ok
   - ecadd_1-2_0-0_21000_192_d0g0v0_EIP150...ok
   - ecadd_1-2_0-0_21000_192_d0g0v0_EIP158...ok
   - ecadd_1-2_0-0_21000_192_d0g0v0_Frontier...ok
   - ecadd_1-2_0-0_21000_192_d0g0v0_Homestead...ok
   - pointMulAdd2_d20g2v0_Byzantium...ok
   - pointMulAdd2_d20g2v0_EIP150...ok
   - pointMulAdd2_d20g2v0_EIP158...ok
   - pointMulAdd2_d20g2v0_Frontier...ok
   - pointMulAdd2_d20g2v0_Homestead...ok
   - ecmul_1-3_0_28000_80_d0g3v0_Byzantium...ok
   - ecmul_1-3_0_28000_80_d0g3v0_EIP150...ok
   - ecmul_1-3_0_28000_80_d0g3v0_EIP158...ok
   - ecmul_1-3_0_28000_80_d0g3v0_Frontier...ok
   - ecmul_1-3_0_28000_80_d0g3v0_Homestead...ok
   - pointMulAdd2_d36g1v0_Byzantium...ok
   - pointMulAdd2_d36g1v0_EIP150...ok
   - pointMulAdd2_d36g1v0_EIP158...ok
   - pointMulAdd2_d36g1v0_Frontier...ok
   - pointMulAdd2_d36g1v0_Homestead...ok
   - ecmul_1-3_0_28000_96_d0g1v0_Byzantium...ok
   - ecmul_1-3_0_28000_96_d0g1v0_EIP150...ok
   - ecmul_1-3_0_28000_96_d0g1v0_EIP158...ok
   - ecmul_1-3_0_28000_96_d0g1v0_Frontier...ok
   - ecmul_1-3_0_28000_96_d0g1v0_Homestead...ok
   - pointMulAdd2_d1g2v0_Byzantium...ok
   - pointMulAdd2_d1g2v0_EIP150...ok
   - pointMulAdd2_d1g2v0_EIP158...ok
   - pointMulAdd2_d1g2v0_Frontier...ok
   - pointMulAdd2_d1g2v0_Homestead...ok
   - ecmul_0-0_9_21000_128_d0g2v0_Byzantium...ok
   - ecmul_0-0_9_21000_128_d0g2v0_EIP150...ok
   - ecmul_0-0_9_21000_128_d0g2v0_EIP158...ok
   - ecmul_0-0_9_21000_128_d0g2v0_Frontier...ok
   - ecmul_0-0_9_21000_128_d0g2v0_Homestead...ok
   - ecmul_7827-6598_1456_28000_128_d0g2v0_Byzantium...ok
   - ecmul_7827-6598_1456_28000_128_d0g2v0_EIP150...ok
   - ecmul_7827-6598_1456_28000_128_d0g2v0_EIP158...ok
   - ecmul_7827-6598_1456_28000_128_d0g2v0_Frontier...ok
   - ecmul_7827-6598_1456_28000_128_d0g2v0_Homestead...ok
   - ecmul_0-3_2_28000_96_d0g3v0_Byzantium...ok
   - ecmul_0-3_2_28000_96_d0g3v0_EIP150...ok
   - ecmul_0-3_2_28000_96_d0g3v0_EIP158...ok
   - ecmul_0-3_2_28000_96_d0g3v0_Frontier...ok
   - ecmul_0-3_2_28000_96_d0g3v0_Homestead...ok
   - ecmul_1-2_340282366920938463463374607431768211456_28000_80_d0g0v0_Byzantium...ok
   - ecmul_1-2_340282366920938463463374607431768211456_28000_80_d0g0v0_EIP150...ok
   - ecmul_1-2_340282366920938463463374607431768211456_28000_80_d0g0v0_EIP158...ok
   - ecmul_1-2_340282366920938463463374607431768211456_28000_80_d0g0v0_Frontier...ok
   - ecmul_1-2_340282366920938463463374607431768211456_28000_80_d0g0v0_Homestead...ok
   - pointMulAdd_d6g0v0_Byzantium...ok
   - pointMulAdd_d6g0v0_EIP150...ok
   - pointMulAdd_d6g0v0_EIP158...ok
   - pointMulAdd_d6g0v0_Frontier...ok
   - pointMulAdd_d6g0v0_Homestead...ok
   - ecmul_0-0_2_21000_128_d0g1v0_Byzantium...ok
   - ecmul_0-0_2_21000_128_d0g1v0_EIP150...ok
   - ecmul_0-0_2_21000_128_d0g1v0_EIP158...ok
   - ecmul_0-0_2_21000_128_d0g1v0_Frontier...ok
   - ecmul_0-0_2_21000_128_d0g1v0_Homestead...ok
   - ecmul_0-0_340282366920938463463374607431768211456_21000_80_d0g1v0_Byzantium...ok
   - ecmul_0-0_340282366920938463463374607431768211456_21000_80_d0g1v0_EIP150...ok
   - ecmul_0-0_340282366920938463463374607431768211456_21000_80_d0g1v0_EIP158...ok
   - ecmul_0-0_340282366920938463463374607431768211456_21000_80_d0g1v0_Frontier...ok
   - ecmul_0-0_340282366920938463463374607431768211456_21000_80_d0g1v0_Homestead...ok
   - ecmul_0-3_0_28000_64_d0g0v0_Byzantium...ok
   - ecmul_0-3_0_28000_64_d0g0v0_EIP150...ok
   - ecmul_0-3_0_28000_64_d0g0v0_EIP158...ok
   - ecmul_0-3_0_28000_64_d0g0v0_Frontier...ok
   - ecmul_0-3_0_28000_64_d0g0v0_Homestead...ok
   - ecadd_1-2_0-0_25000_192_d0g1v0_Byzantium...ok
   - ecadd_1-2_0-0_25000_192_d0g1v0_EIP150...ok
   - ecadd_1-2_0-0_25000_192_d0g1v0_EIP158...ok
   - ecadd_1-2_0-0_25000_192_d0g1v0_Frontier...ok
   - ecadd_1-2_0-0_25000_192_d0g1v0_Homestead...ok
   - ecadd_1145-3932_2969-1336_21000_128_d0g1v0_Byzantium...ok
   - ecadd_1145-3932_2969-1336_21000_128_d0g1v0_EIP150...ok
   - ecadd_1145-3932_2969-1336_21000_128_d0g1v0_EIP158...ok
   - ecadd_1145-3932_2969-1336_21000_128_d0g1v0_Frontier...ok
   - ecadd_1145-3932_2969-1336_21000_128_d0g1v0_Homestead...ok
   - ecmul_1-3_0_21000_80_d0g1v0_Byzantium...ok
   - ecmul_1-3_0_21000_80_d0g1v0_EIP150...ok
   - ecmul_1-3_0_21000_80_d0g1v0_EIP158...ok
   - ecmul_1-3_0_21000_80_d0g1v0_Frontier...ok
   - ecmul_1-3_0_21000_80_d0g1v0_Homestead...ok
   - ecmul_1-3_0_28000_80_d0g0v0_Byzantium...ok
   - ecmul_1-3_0_28000_80_d0g0v0_EIP150...ok
   - ecmul_1-3_0_28000_80_d0g0v0_EIP158...ok
   - ecmul_1-3_0_28000_80_d0g0v0_Frontier...ok
   - ecmul_1-3_0_28000_80_d0g0v0_Homestead...ok
   - ecmul_1-2_340282366920938463463374607431768211456_28000_96_d0g3v0_Byzantium...ok
   - ecmul_1-2_340282366920938463463374607431768211456_28000_96_d0g3v0_EIP150...ok
   - ecmul_1-2_340282366920938463463374607431768211456_28000_96_d0g3v0_EIP158...ok
   - ecmul_1-2_340282366920938463463374607431768211456_28000_96_d0g3v0_Frontier...ok
   - ecmul_1-2_340282366920938463463374607431768211456_28000_96_d0g3v0_Homestead...ok
   - ecmul_0-3_0_21000_64_d0g1v0_Byzantium...ok
   - ecmul_0-3_0_21000_64_d0g1v0_EIP150...ok
   - ecmul_0-3_0_21000_64_d0g1v0_EIP158...ok
   - ecmul_0-3_0_21000_64_d0g1v0_Frontier...ok
   - ecmul_0-3_0_21000_64_d0g1v0_Homestead...ok
   - ecmul_0-0_9_28000_128_d0g1v0_Byzantium...ok
   - ecmul_0-0_9_28000_128_d0g1v0_EIP150...ok
   - ecmul_0-0_9_28000_128_d0g1v0_EIP158...ok
   - ecmul_0-0_9_28000_128_d0g1v0_Frontier...ok
   - ecmul_0-0_9_28000_128_d0g1v0_Homestead...ok
   - ecmul_0-3_9_28000_96_d0g0v0_Byzantium...ok
   - ecmul_0-3_9_28000_96_d0g0v0_EIP150...ok
   - ecmul_0-3_9_28000_96_d0g0v0_EIP158...ok
   - ecmul_0-3_9_28000_96_d0g0v0_Frontier...ok
   - ecmul_0-3_9_28000_96_d0g0v0_Homestead...ok
   - ecmul_1-2_0_21000_80_d0g1v0_Byzantium...ok
   - ecmul_1-2_0_21000_80_d0g1v0_EIP150...ok
   - ecmul_1-2_0_21000_80_d0g1v0_EIP158...ok
   - ecmul_1-2_0_21000_80_d0g1v0_Frontier...ok
   - ecmul_1-2_0_21000_80_d0g1v0_Homestead...ok
   - ecadd_1145-3932_1145-4651_21000_192_d0g1v0_Byzantium...ok
   - ecadd_1145-3932_1145-4651_21000_192_d0g1v0_EIP150...ok
   - ecadd_1145-3932_1145-4651_21000_192_d0g1v0_EIP158...ok
   - ecadd_1145-3932_1145-4651_21000_192_d0g1v0_Frontier...ok
   - ecadd_1145-3932_1145-4651_21000_192_d0g1v0_Homestead...ok
   - ecmul_0-3_2_21000_96_d0g0v0_Byzantium...ok
   - ecmul_0-3_2_21000_96_d0g0v0_EIP150...ok
   - ecmul_0-3_2_21000_96_d0g0v0_EIP158...ok
   - ecmul_0-3_2_21000_96_d0g0v0_Frontier...ok
   - ecmul_0-3_2_21000_96_d0g0v0_Homestead...ok
   - ecmul_0-3_1_21000_128_d0g0v0_Byzantium...ok
   - ecmul_0-3_1_21000_128_d0g0v0_EIP150...ok
   - ecmul_0-3_1_21000_128_d0g0v0_EIP158...ok
   - ecmul_0-3_1_21000_128_d0g0v0_Frontier...ok
   - ecmul_0-3_1_21000_128_d0g0v0_Homestead...ok
   - ecadd_1145-3932_2969-1336_25000_128_d0g2v0_Byzantium...ok
   - ecadd_1145-3932_2969-1336_25000_128_d0g2v0_EIP150...ok
   - ecadd_1145-3932_2969-1336_25000_128_d0g2v0_EIP158...ok
   - ecadd_1145-3932_2969-1336_25000_128_d0g2v0_Frontier...ok
   - ecadd_1145-3932_2969-1336_25000_128_d0g2v0_Homestead...ok
   - ecmul_1-3_9935_21000_128_d0g2v0_Byzantium...ok
   - ecmul_1-3_9935_21000_128_d0g2v0_EIP150...ok
   - ecmul_1-3_9935_21000_128_d0g2v0_EIP158...ok
   - ecmul_1-3_9935_21000_128_d0g2v0_Frontier...ok
   - ecmul_1-3_9935_21000_128_d0g2v0_Homestead...ok
   - ecmul_7827-6598_1_21000_96_d0g3v0_Byzantium...ok
   - ecmul_7827-6598_1_21000_96_d0g3v0_EIP150...ok
   - ecmul_7827-6598_1_21000_96_d0g3v0_EIP158...ok
   - ecmul_7827-6598_1_21000_96_d0g3v0_Frontier...ok
   - ecmul_7827-6598_1_21000_96_d0g3v0_Homestead...ok
   - ecadd_1-2_0-0_21000_64_d0g0v0_Byzantium...ok
   - ecadd_1-2_0-0_21000_64_d0g0v0_EIP150...ok
   - ecadd_1-2_0-0_21000_64_d0g0v0_EIP158...ok
   - ecadd_1-2_0-0_21000_64_d0g0v0_Frontier...ok
   - ecadd_1-2_0-0_21000_64_d0g0v0_Homestead...ok
   - ecmul_7827-6598_9_28000_128_d0g2v0_Byzantium...ok
   - ecmul_7827-6598_9_28000_128_d0g2v0_EIP150...ok
   - ecmul_7827-6598_9_28000_128_d0g2v0_EIP158...ok
   - ecmul_7827-6598_9_28000_128_d0g2v0_Frontier...ok
   - ecmul_7827-6598_9_28000_128_d0g2v0_Homestead...ok
   - ecmul_1-3_0_28000_64_d0g0v0_Byzantium...ok
   - ecmul_1-3_0_28000_64_d0g0v0_EIP150...ok
   - ecmul_1-3_0_28000_64_d0g0v0_EIP158...ok
   - ecmul_1-3_0_28000_64_d0g0v0_Frontier...ok
   - ecmul_1-3_0_28000_64_d0g0v0_Homestead...ok
   - pointAddTrunc_d1g1v0_Byzantium...ok
   - pointAddTrunc_d1g1v0_EIP150...ok
   - pointAddTrunc_d1g1v0_EIP158...ok
   - pointAddTrunc_d1g1v0_Frontier...ok
   - pointAddTrunc_d1g1v0_Homestead...ok
   - ecpairing_two_point_fail_1_d0g1v0_Byzantium...ok
   - ecpairing_two_point_fail_1_d0g1v0_EIP150...ok
   - ecpairing_two_point_fail_1_d0g1v0_EIP158...ok
   - ecpairing_two_point_fail_1_d0g1v0_Frontier...ok
   - ecpairing_two_point_fail_1_d0g1v0_Homestead...ok
   - pointMulAdd2_d35g2v0_Byzantium...ok
   - pointMulAdd2_d35g2v0_EIP150...ok
   - pointMulAdd2_d35g2v0_EIP158...ok
   - pointMulAdd2_d35g2v0_Frontier...ok
   - pointMulAdd2_d35g2v0_Homestead...ok
   - ecmul_1-2_0_21000_128_d0g2v0_Byzantium...ok
   - ecmul_1-2_0_21000_128_d0g2v0_EIP150...ok
   - ecmul_1-2_0_21000_128_d0g2v0_EIP158...ok
   - ecmul_1-2_0_21000_128_d0g2v0_Frontier...ok
   - ecmul_1-2_0_21000_128_d0g2v0_Homestead...ok
   - pointMulAdd2_d11g3v0_Byzantium...ok
   - pointMulAdd2_d11g3v0_EIP150...ok
   - pointMulAdd2_d11g3v0_EIP158...ok
   - pointMulAdd2_d11g3v0_Frontier...ok
   - pointMulAdd2_d11g3v0_Homestead...ok
   - pointMulAdd2_d37g1v0_Byzantium...ok
   - pointMulAdd2_d37g1v0_EIP150...ok
   - pointMulAdd2_d37g1v0_EIP158...ok
   - pointMulAdd2_d37g1v0_Frontier...ok
   - pointMulAdd2_d37g1v0_Homestead...ok
   - ecpairing_bad_length_193_d0g1v0_Byzantium...ok
   - ecpairing_bad_length_193_d0g1v0_EIP150...ok
   - ecpairing_bad_length_193_d0g1v0_EIP158...ok
   - ecpairing_bad_length_193_d0g1v0_Frontier...ok
   - ecpairing_bad_length_193_d0g1v0_Homestead...ok
   - ecadd_0-0_0-0_25000_64_d0g0v0_Byzantium...ok
   - ecadd_0-0_0-0_25000_64_d0g0v0_EIP150...ok
   - ecadd_0-0_0-0_25000_64_d0g0v0_EIP158...ok
   - ecadd_0-0_0-0_25000_64_d0g0v0_Frontier...ok
   - ecadd_0-0_0-0_25000_64_d0g0v0_Homestead...ok
   - ecmul_1-3_9935_21000_128_d0g0v0_Byzantium...ok
   - ecmul_1-3_9935_21000_128_d0g0v0_EIP150...ok
   - ecmul_1-3_9935_21000_128_d0g0v0_EIP158...ok
   - ecmul_1-3_9935_21000_128_d0g0v0_Frontier...ok
   - ecmul_1-3_9935_21000_128_d0g0v0_Homestead...ok
   - ecmul_1-2_0_28000_128_d0g2v0_Byzantium...ok
   - ecmul_1-2_0_28000_128_d0g2v0_EIP150...ok
   - ecmul_1-2_0_28000_128_d0g2v0_EIP158...ok
   - ecmul_1-2_0_28000_128_d0g2v0_Frontier...ok
   - ecmul_1-2_0_28000_128_d0g2v0_Homestead...ok
   - ecmul_0-0_5616_21000_96_d0g1v0_Byzantium...ok
   - ecmul_0-0_5616_21000_96_d0g1v0_EIP150...ok
   - ecmul_0-0_5616_21000_96_d0g1v0_EIP158...ok
   - ecmul_0-0_5616_21000_96_d0g1v0_Frontier...ok
   - ecmul_0-0_5616_21000_96_d0g1v0_Homestead...ok
   - pairingTest_d0g1v0_Byzantium...ok
   - pairingTest_d0g1v0_EIP150...ok
   - pairingTest_d0g1v0_EIP158...ok
   - pairingTest_d0g1v0_Frontier...ok
   - pairingTest_d0g1v0_Homestead...ok
   - ecmul_1-2_0_28000_80_d0g0v0_Byzantium...ok
   - ecmul_1-2_0_28000_80_d0g0v0_EIP150...ok
   - ecmul_1-2_0_28000_80_d0g0v0_EIP158...ok
   - ecmul_1-2_0_28000_80_d0g0v0_Frontier...ok
   - ecmul_1-2_0_28000_80_d0g0v0_Homestead...ok
   - ecmul_0-3_0_21000_80_d0g0v0_Byzantium...ok
   - ecmul_0-3_0_21000_80_d0g0v0_EIP150...ok
   - ecmul_0-3_0_21000_80_d0g0v0_EIP158...ok
   - ecmul_0-3_0_21000_80_d0g0v0_Frontier...ok
   - ecmul_0-3_0_21000_80_d0g0v0_Homestead...ok
   - ecmul_1-2_0_28000_128_d0g1v0_Byzantium...ok
   - ecmul_1-2_0_28000_128_d0g1v0_EIP150...ok
   - ecmul_1-2_0_28000_128_d0g1v0_EIP158...ok
   - ecmul_1-2_0_28000_128_d0g1v0_Frontier...ok
   - ecmul_1-2_0_28000_128_d0g1v0_Homestead...ok
   - ecmul_7827-6598_5617_21000_128_d0g3v0_Byzantium...ok
   - ecmul_7827-6598_5617_21000_128_d0g3v0_EIP150...ok
   - ecmul_7827-6598_5617_21000_128_d0g3v0_EIP158...ok
   - ecmul_7827-6598_5617_21000_128_d0g3v0_Frontier...ok
   - ecmul_7827-6598_5617_21000_128_d0g3v0_Homestead...ok
   - ecadd_1-2_0-0_21000_192_d0g1v0_Byzantium...ok
   - ecadd_1-2_0-0_21000_192_d0g1v0_EIP150...ok
   - ecadd_1-2_0-0_21000_192_d0g1v0_EIP158...ok
   - ecadd_1-2_0-0_21000_192_d0g1v0_Frontier...ok
   - ecadd_1-2_0-0_21000_192_d0g1v0_Homestead...ok
   - ecpairing_three_point_fail_1_d0g0v0_Byzantium...ok
   - ecpairing_three_point_fail_1_d0g0v0_EIP150...ok
   - ecpairing_three_point_fail_1_d0g0v0_EIP158...ok
   - ecpairing_three_point_fail_1_d0g0v0_Frontier...ok
   - ecpairing_three_point_fail_1_d0g0v0_Homestead...ok
   - ecmul_0-3_9935_21000_96_d0g1v0_Byzantium...ok
   - ecmul_0-3_9935_21000_96_d0g1v0_EIP150...ok
   - ecmul_0-3_9935_21000_96_d0g1v0_EIP158...ok
   - ecmul_0-3_9935_21000_96_d0g1v0_Frontier...ok
   - ecmul_0-3_9935_21000_96_d0g1v0_Homestead...ok
   - ecmul_1-3_1_28000_96_d0g0v0_Byzantium...ok
   - ecmul_1-3_1_28000_96_d0g0v0_EIP150...ok
   - ecmul_1-3_1_28000_96_d0g0v0_EIP158...ok
   - ecmul_1-3_1_28000_96_d0g0v0_Frontier...ok
   - ecmul_1-3_1_28000_96_d0g0v0_Homestead...ok
   - ecmul_0-3_1_21000_128_d0g3v0_Byzantium...ok
   - ecmul_0-3_1_21000_128_d0g3v0_EIP150...ok
   - ecmul_0-3_1_21000_128_d0g3v0_EIP158...ok
   - ecmul_0-3_1_21000_128_d0g3v0_Frontier...ok
   - ecmul_0-3_1_21000_128_d0g3v0_Homestead...ok
   - ecmul_1-2_9935_28000_128_d0g0v0_Byzantium...ok
   - ecmul_1-2_9935_28000_128_d0g0v0_EIP150...ok
   - ecmul_1-2_9935_28000_128_d0g0v0_EIP158...ok
   - ecmul_1-2_9935_28000_128_d0g0v0_Frontier...ok
   - ecmul_1-2_9935_28000_128_d0g0v0_Homestead...ok
   - ecadd_1-2_1-2_21000_192_d0g0v0_Byzantium...ok
   - ecadd_1-2_1-2_21000_192_d0g0v0_EIP150...ok
   - ecadd_1-2_1-2_21000_192_d0g0v0_EIP158...ok
   - ecadd_1-2_1-2_21000_192_d0g0v0_Frontier...ok
   - ecadd_1-2_1-2_21000_192_d0g0v0_Homestead...ok
   - ecpairing_two_point_fail_2_d0g3v0_Byzantium...ok
   - ecpairing_two_point_fail_2_d0g3v0_EIP150...ok
   - ecpairing_two_point_fail_2_d0g3v0_EIP158...ok
   - ecpairing_two_point_fail_2_d0g3v0_Frontier...ok
   - ecpairing_two_point_fail_2_d0g3v0_Homestead...ok
   - pointMulAdd2_d7g2v0_Byzantium...ok
   - pointMulAdd2_d7g2v0_EIP150...ok
   - pointMulAdd2_d7g2v0_EIP158...ok
   - pointMulAdd2_d7g2v0_Frontier...ok
   - pointMulAdd2_d7g2v0_Homestead...ok
   - ecmul_0-3_5616_28000_128_d0g1v0_Byzantium...ok
   - ecmul_0-3_5616_28000_128_d0g1v0_EIP150...ok
   - ecmul_0-3_5616_28000_128_d0g1v0_EIP158...ok
   - ecmul_0-3_5616_28000_128_d0g1v0_Frontier...ok
   - ecmul_0-3_5616_28000_128_d0g1v0_Homestead...ok
   - ecpairing_empty_data_insufficient_gas_d0g2v0_Byzantium...ok
   - ecpairing_empty_data_insufficient_gas_d0g2v0_EIP150...ok
   - ecpairing_empty_data_insufficient_gas_d0g2v0_EIP158...ok
   - ecpairing_empty_data_insufficient_gas_d0g2v0_Frontier...ok
   - ecpairing_empty_data_insufficient_gas_d0g2v0_Homestead...ok
   - pointAdd_d8g1v0_Byzantium...ok
   - pointAdd_d8g1v0_EIP150...ok
   - pointAdd_d8g1v0_EIP158...ok
   - pointAdd_d8g1v0_Frontier...ok
   - pointAdd_d8g1v0_Homestead...ok
   - ecmul_1-2_340282366920938463463374607431768211456_21000_80_d0g0v0_Byzantium...ok
   - ecmul_1-2_340282366920938463463374607431768211456_21000_80_d0g0v0_EIP150...ok
   - ecmul_1-2_340282366920938463463374607431768211456_21000_80_d0g0v0_EIP158...ok
   - ecmul_1-2_340282366920938463463374607431768211456_21000_80_d0g0v0_Frontier...ok
   - ecmul_1-2_340282366920938463463374607431768211456_21000_80_d0g0v0_Homestead...ok
   - ecmul_1-2_1_28000_96_d0g1v0_Byzantium...ok
   - ecmul_1-2_1_28000_96_d0g1v0_EIP150...ok
   - ecmul_1-2_1_28000_96_d0g1v0_EIP158...ok
   - ecmul_1-2_1_28000_96_d0g1v0_Frontier...ok
   - ecmul_1-2_1_28000_96_d0g1v0_Homestead...ok
   - ecmul_0-0_0_21000_80_d0g1v0_Byzantium...ok
   - ecmul_0-0_0_21000_80_d0g1v0_EIP150...ok
   - ecmul_0-0_0_21000_80_d0g1v0_EIP158...ok
   - ecmul_0-0_0_21000_80_d0g1v0_Frontier...ok
   - ecmul_0-0_0_21000_80_d0g1v0_Homestead...ok
   - ecmul_1-3_2_28000_96_d0g0v0_Byzantium...ok
   - ecmul_1-3_2_28000_96_d0g0v0_EIP150...ok
   - ecmul_1-3_2_28000_96_d0g0v0_EIP158...ok
   - ecmul_1-3_2_28000_96_d0g0v0_Frontier...ok
   - ecmul_1-3_2_28000_96_d0g0v0_Homestead...ok
   - ecmul_1-3_0_21000_96_d0g1v0_Byzantium...ok
   - ecmul_1-3_0_21000_96_d0g1v0_EIP150...ok
   - ecmul_1-3_0_21000_96_d0g1v0_EIP158...ok
   - ecmul_1-3_0_21000_96_d0g1v0_Frontier...ok
   - ecmul_1-3_0_21000_96_d0g1v0_Homestead...ok
   - ecmul_1-3_340282366920938463463374607431768211456_21000_128_d0g1v0_Byzantium...ok
   - ecmul_1-3_340282366920938463463374607431768211456_21000_128_d0g1v0_EIP150...ok
   - ecmul_1-3_340282366920938463463374607431768211456_21000_128_d0g1v0_EIP158...ok
   - ecmul_1-3_340282366920938463463374607431768211456_21000_128_d0g1v0_Frontier...ok
   - ecmul_1-3_340282366920938463463374607431768211456_21000_128_d0g1v0_Homestead...ok
   - ecmul_7827-6598_9_21000_96_d0g1v0_Byzantium...ok
   - ecmul_7827-6598_9_21000_96_d0g1v0_EIP150...ok
   - ecmul_7827-6598_9_21000_96_d0g1v0_EIP158...ok
   - ecmul_7827-6598_9_21000_96_d0g1v0_Frontier...ok
   - ecmul_7827-6598_9_21000_96_d0g1v0_Homestead...ok
   - ecpairing_two_point_match_3_d0g0v0_Byzantium...ok
   - ecpairing_two_point_match_3_d0g0v0_EIP150...ok
   - ecpairing_two_point_match_3_d0g0v0_EIP158...ok
   - ecpairing_two_point_match_3_d0g0v0_Frontier...ok
   - ecpairing_two_point_match_3_d0g0v0_Homestead...ok
   - pointAdd_d2g2v0_Byzantium...ok
   - pointAdd_d2g2v0_EIP150...ok
   - pointAdd_d2g2v0_EIP158...ok
   - pointAdd_d2g2v0_Frontier...ok
   - pointAdd_d2g2v0_Homestead...ok
   - ecmul_1-2_0_28000_64_d0g3v0_Byzantium...ok
   - ecmul_1-2_0_28000_64_d0g3v0_EIP150...ok
   - ecmul_1-2_0_28000_64_d0g3v0_EIP158...ok
   - ecmul_1-2_0_28000_64_d0g3v0_Frontier...ok
   - ecmul_1-2_0_28000_64_d0g3v0_Homestead...ok
   - ecadd_0-0_0-0_25000_128_d0g3v0_Byzantium...ok
   - ecadd_0-0_0-0_25000_128_d0g3v0_EIP150...ok
   - ecadd_0-0_0-0_25000_128_d0g3v0_EIP158...ok
   - ecadd_0-0_0-0_25000_128_d0g3v0_Frontier...ok
   - ecadd_0-0_0-0_25000_128_d0g3v0_Homestead...ok
   - ecmul_1-3_9935_28000_128_d0g2v0_Byzantium...ok
   - ecmul_1-3_9935_28000_128_d0g2v0_EIP150...ok
   - ecmul_1-3_9935_28000_128_d0g2v0_EIP158...ok
   - ecmul_1-3_9935_28000_128_d0g2v0_Frontier...ok
   - ecmul_1-3_9935_28000_128_d0g2v0_Homestead...ok
test json_tests::chain::block_tests::BlockchainTests_GeneralStateTest_stZeroKnowledge ... ok

test result: ok. 450 passed; 0 failed; 0 ignored; 0 measured; 0 filtered out

     Running target/release/deps/ethcore_bloom_journal-2d8a12a95b6b916d

running 5 tests
test tests::get_set ... ok
test tests::hash_backward_compatibility_for_from_parts ... ok
test tests::hash_backward_compatibility_for_new ... ok
test tests::saturation ... ok
test tests::journalling ... ok

test result: ok. 5 passed; 0 failed; 0 ignored; 0 measured; 0 filtered out

     Running target/release/deps/ethcore_devtools-7a333917beaef7b8

running 0 tests

test result: ok. 0 passed; 0 failed; 0 ignored; 0 measured; 0 filtered out

     Running target/release/deps/ethcore_io-6668fc2b371b983f

running 3 tests
test tests::send_message_to_handler ... ignored
test tests::multi_timeout_working ... ok
test tests::timeout_working ... ok

test result: ok. 2 passed; 0 failed; 1 ignored; 0 measured; 0 filtered out

     Running target/release/deps/ethcore_light-9c3c5151351a3824

running 83 tests
test cht::tests::size_is_lt_usize ... ok
test cht::tests::block_to_cht_number ... ok
test cache::tests::corpus_inaccessible ... ok
test cht::tests::start_number ... ok
test client::header_chain::tests::earliest_is_latest ... ok
test client::header_chain::tests::genesis_header_available ... ok
test client::header_chain::tests::reorganize ... ok
test client::header_chain::tests::basic_chain ... ok
test client::header_chain::tests::restore_from_db ... ok
test client::header_chain::tests::restore_higher_non_canonical ... ok
test net::load_timer::tests::file_store ... ok
test net::load_timer::tests::hardcoded_before_data ... ok
test net::load_timer::tests::moving_average ... ok
test client::service::tests::it_works ... ok
test net::request_credits::tests::scale_by_load_share_and_time ... ok
test net::request_credits::tests::should_serialize_cost_table ... ok
test net::request_set::tests::cumulative_cost ... ok
test net::request_set::tests::multi_timeout ... ok
test net::status::tests::announcement_roundtrip ... ok
test net::status::tests::full_handshake ... ok
test net::status::tests::keys_out_of_order ... ok
test net::status::tests::optional_flow ... ok
test net::status::tests::partial_handshake ... ok
test net::status::tests::skip_unknown_keys ... ok
test net::tests::credit_overflow ... ok
test net::tests::epoch_signal ... ok
test net::tests::genesis_mismatch ... ok
test net::tests::get_block_bodies ... ok
test net::tests::get_block_headers ... ok
test net::tests::get_block_receipts ... ok
test net::tests::get_contract_code ... ok
test net::tests::get_state_proofs ... ok
test net::tests::get_transaction_index ... ok
test client::header_chain::tests::hardcoded_sync_gen ... ok
test net::tests::id_guard ... ok
test net::tests::proof_of_execution ... ok
test on_demand::request::tests::check_body ... ok
test on_demand::request::tests::check_code ... ok
test on_demand::request::tests::check_header_by_hash ... ok
test net::tests::handshake_expected ... ok
test on_demand::request::tests::check_receipts ... ok
test on_demand::request::tests::check_state_proof ... ok
test on_demand::request::tests::no_invalid_header_by_number ... ok
test on_demand::tests::back_references ... ok
test on_demand::tests::bad_back_reference ... ok
test on_demand::tests::detects_hangup ... ok
test on_demand::tests::fill_from_cache ... ok
test on_demand::tests::no_capabilities ... ok
test on_demand::tests::part_bad_part_good ... ok
test on_demand::tests::partial_response ... ok
test on_demand::tests::reassign ... ok
test on_demand::tests::single_request ... ok
test on_demand::tests::wrong_kind ... ok
test client::header_chain::tests::epoch_transitions_available_after_cht ... ok
test transaction_queue::tests::conditional ... ok
test transaction_queue::tests::cull_from_future ... ok
test transaction_queue::tests::current_to_future ... ok
test transaction_queue::tests::future_transactions ... ok
test transaction_queue::tests::import_old ... ok
test transaction_queue::tests::next_nonce ... ok
test transaction_queue::tests::queued_senders ... ok
test transaction_queue::tests::replace_is_removed ... ok
test types::request::batch::tests::all_scalar ... ok
test types::request::batch::tests::good_backreference ... ok
test types::request::batch::tests::missing_backref ... ok
test types::request::batch::tests::wrong_kind ... ok
test types::request::tests::account_roundtrip ... ok
test types::request::tests::body_roundtrip ... ok
test types::request::tests::code_roundtrip ... ok
test types::request::tests::epoch_signal_roundtrip ... ok
test types::request::tests::execution_roundtrip ... ok
test types::request::tests::field_roundtrip ... ok
test types::request::tests::hash_or_number_roundtrip ... ok
test types::request::tests::header_proof_roundtrip ... ok
test types::request::tests::headers_roundtrip ... ok
test types::request::tests::receipts_roundtrip ... ok
test types::request::tests::responses_vec ... ok
test types::request::tests::storage_roundtrip ... ok
test types::request::tests::transaction_index_roundtrip ... ok
test types::request::tests::vec_test ... ok
test provider::tests::cht_proof ... ok
test on_demand::request::tests::check_header_proof ... ok
test net::request_credits::tests::credits_mechanism ... ok

test result: ok. 83 passed; 0 failed; 0 ignored; 0 measured; 0 filtered out

     Running target/release/deps/ethcore_logger-ea10263e1d991a35

running 4 tests
test rotating::test::should_return_latest_logs ... ok
test rotating::test::should_return_log_levels ... ok
test should_remove_colour ... ok
test should_remove_multiple_colour ... ok

test result: ok. 4 passed; 0 failed; 0 ignored; 0 measured; 0 filtered out

     Running target/release/deps/ethcore_miner-91b064a56efdc6cd

running 56 tests
test external::tests::should_sum_up_hashrate ... ok
test pool::listener::tests::should_notify_listeners ... ok
test pool::queue::tests::should_get_pending_transactions ... ok
test pool::ready::tests::should_check_readiness_of_condition ... ok
test pool::local_transactions::tests::should_add_transaction_as_pending ... ok
test pool::local_transactions::tests::should_clear_old_transactions ... ok
test pool::ready::tests::should_return_future_if_nonce_cap_reached ... ok
test pool::ready::tests::should_return_stale_if_nonce_does_not_match ... ok
test pool::ready::tests::should_return_stale_for_old_transactions ... ok
test pool::ready::tests::should_return_correct_state_readiness ... ok
test pool::scoring::tests::should_calculate_score_correctly ... ok
test pool::scoring::tests::should_replace_same_sender_by_nonce ... ok
test pool::scoring::tests::should_replace_different_sender_by_priority_and_gas_price ... ok
test pool::tests::should_accept_local_service_transaction ... ok
test pool::tests::should_accept_local_transactions_below_min_gas_price ... ok
test pool::tests::should_avoid_reverifying_recently_rejected_transactions ... ok
test pool::tests::should_accept_same_transaction_twice_if_removed ... ok
test pool::tests::should_avoid_verifying_transaction_already_in_pool ... ok
test pool::tests::should_clear_cache_after_timeout_for_local ... ok
test pool::tests::should_clear_queue ... ok
test pool::tests::should_drop_transactions_from_senders_without_balance ... ok
test pool::tests::should_correctly_update_futures_when_removing ... ok
test pool::tests::should_handle_min_block ... ok
test pool::tests::should_handle_same_transaction_imported_twice_with_different_state_nonces ... ok
test pool::tests::should_drop_transactions_with_old_nonces ... ok
test pool::tests::should_import_transaction_below_min_gas_price_threshold_if_local ... ok
test pool::tests::should_move_all_transactions_from_future ... ok
test pool::tests::should_import_txs_from_same_sender ... ok
test pool::tests::should_include_local_transaction_to_a_full_pool ... ok
test pool::tests::should_move_transactions_if_gap_filled ... ok
test pool::tests::should_move_transactions_to_future_if_gap_introduced ... ok
test pool::tests::should_not_import_transaction_below_min_gas_price_threshold_if_external ... ok
test pool::tests::should_not_accept_external_service_transaction_if_sender_not_certified ... ok
test pool::tests::should_not_insert_same_transaction_twice ... ok
test pool::tests::should_never_drop_local_transactions_from_different_senders ... ok
test pool::tests::should_not_reject_early_in_case_gas_price_is_less_than_min_effective ... ok
test pool::tests::should_not_replace_same_transaction_if_the_fee_is_less_than_minimal_bump ... ok
test pool::tests::should_not_prioritize_local_transactions_with_different_nonce_height ... ok
test pool::tests::should_not_return_transactions_over_nonce_cap ... ok
test pool::tests::should_prefer_current_transactions_when_hitting_the_limit ... ok
test pool::tests::should_prioritize_reimported_transactions_within_same_nonce_height ... ok
test pool::tests::should_prioritize_local_transactions_within_same_nonce_height ... ok
test pool::tests::should_put_transaction_to_futures_if_gap_detected ... ok
test pool::tests::should_reject_big_transaction ... ok
test pool::tests::should_reject_transactions_below_base_gas ... ok
test pool::tests::should_reject_early_in_case_gas_price_is_less_than_min_effective ... ok
test pool::tests::should_remove_transaction ... ok
test pool::tests::should_return_correct_nonce_when_transactions_from_given_address_exist ... ok
test pool::tests::should_return_correct_nonces_when_dropped_because_of_limit ... ok
test pool::tests::should_return_none_when_transaction_from_given_address_does_not_exist ... ok
test pool::tests::should_return_cached_pending_even_if_unordered_is_requested ... ok
test pool::tests::should_return_true_if_there_is_local_transaction_pending ... ok
test pool::tests::should_return_unordered_and_not_populate_the_cache ... ok
test pool::tests::should_return_valid_last_nonce_after_cull ... ok
test pool::tests::should_remove_out_of_date_transactions_occupying_queue ... ok
test external::tests::it_should_forget_old_hashrates ... ok

test result: ok. 56 passed; 0 failed; 0 ignored; 0 measured; 0 filtered out

     Running target/release/deps/ethcore_network-a6a201652b03dc88

running 2 tests
test error::test_errors ... ok
test error::test_io_errors ... ok

test result: ok. 2 passed; 0 failed; 0 ignored; 0 measured; 0 filtered out

     Running target/release/deps/ethcore_network_devp2p-74ae2021648f15a4

running 48 tests
test connection::tests::connection_read ... ok
test connection::test_encryption ... ok
test connection::tests::connection_read_from_broken ... ok
test connection::tests::connection_expect ... ok
test connection::tests::connection_write ... ok
test connection::tests::connection_read_full ... ok
test connection::tests::connection_write_empty ... ok
test connection::tests::connection_read_nothing ... ok
test connection::tests::connection_write_to_broken ... ok
test connection::tests::connection_write_is_buffered ... ok
test discovery::tests::find_node ... ok
test discovery::tests::find_nearest_saturated ... ok
test discovery::tests::packets ... ok
test discovery::tests::ping_queue ... ok
test discovery::tests::test_ping ... ok
test discovery::tests::discovery ... ok
test handshake::test::test_handshake_ack_eip8 ... ok
test handshake::test::test_handshake_ack_eip8_2 ... ok
test handshake::test::test_handshake_auth_eip8 ... ok
test handshake::test::test_handshake_ack_plain ... ok
test handshake::test::test_handshake_auth_plain ... ok
test handshake::test::test_handshake_auth_eip8_2 ... ok
test host::host_client_url ... ok
test host::key_save_load ... ok
test ip_utils::can_map_external_address_or_fail ... ignored
test ip_utils::can_select_public_address ... ok
test ip_utils::ipv4_future_use ... ok
test ip_utils::ipv4_properties ... ok
test ip_utils::ipv4_shared_space ... ok
test ip_utils::ipv4_special_purpose ... ok
test ip_utils::ipv4_usable_private ... ok
test ip_utils::ipv4_usable_public ... ok
test ip_utils::ipv6_properties ... ok
test node_table::tests::custom_allow ... ok
test node_table::tests::custom_allow_ipv6 ... ok
test node_table::tests::custom_block ... ok
test node_table::tests::custom_block_ipv6 ... ok
test node_table::tests::endpoint_parse ... ok
test node_table::tests::endpoint_parse_empty_ip_string_returns_error ... ok
test node_table::tests::endpoint_parse_invalid_ip_string_returns_error ... ok
test node_table::tests::endpoint_parse_valid_ip_without_port_returns_error ... ok
test node_table::tests::node_parse ... ok
test node_table::tests::node_parse_fails_for_invalid_urls ... ok
test node_table::tests::table_last_contact_order ... ok
test node_table::tests::table_save_load ... ok
test discovery::tests::routing_table_insertions_lookups ... ok
test ip_utils::ipv4_benchmarking ... ok
test discovery::tests::removes_expired ... ok

test result: ok. 47 passed; 0 failed; 1 ignored; 0 measured; 0 filtered out

     Running target/release/deps/tests-d6877c75ef6ad910

running 4 tests
test net_start_stop ... ok
test net_service ... ok
test net_timeout ... ok
thread 'IO Worker #0' panicked at 'called `Result::unwrap()` on an `Err` value: Error(Expired, State { next_error: None, backtrace: InternalBacktrace { backtrace: None } })', libcore/result.rs:945:5
note: Run with `RUST_BACKTRACE=1` for a backtrace.
test net_disconnect ... ok

test result: ok. 4 passed; 0 failed; 0 ignored; 0 measured; 0 filtered out

     Running target/release/deps/ethcore_private_tx-f980be1656774954

running 0 tests

test result: ok. 0 passed; 0 failed; 0 ignored; 0 measured; 0 filtered out

     Running target/release/deps/private_contract-9aa92308164dc44f

running 1 test
test private_contract ... ok

test result: ok. 1 passed; 0 failed; 0 ignored; 0 measured; 0 filtered out

     Running target/release/deps/ethcore_secretstore-026c978063be1c23

running 288 tests
test key_server::tests::document_key_generation_and_retrievement_works_over_network_with_single_node ... ok
test key_server::tests::decryption_session_is_delegated_when_node_does_not_have_key_share ... ok
test key_server::tests::schnorr_signing_session_is_delegated_when_node_does_not_have_key_share ... ok
test key_server::tests::ecdsa_signing_session_is_delegated_when_node_does_not_have_key_share ... ok
test key_server::tests::servers_set_change_session_works_over_network ... ok
test key_server_cluster::admin_sessions::key_version_negotiation_session::tests::fast_negotiation_does_not_completes_instantly_when_enough_share_owners_are_connected ... ok
test key_server_cluster::admin_sessions::key_version_negotiation_session::tests::fastest_computer_returns_missing_share_if_no_versions_returned ... ok
test key_server_cluster::admin_sessions::key_version_negotiation_session::tests::fatal_error_is_broadcasted_if_started_with_origin ... ok
test key_server_cluster::admin_sessions::key_version_negotiation_session::tests::fatal_error_is_not_broadcasted_if_started_without_origin ... ok
test key_server_cluster::admin_sessions::key_version_negotiation_session::tests::largest_computer_returns_missing_share_if_no_versions_returned ... ok
test key_server_cluster::admin_sessions::key_version_negotiation_session::tests::negotiation_does_not_fails_if_versions_received_after_completion ... ok
test key_server_cluster::admin_sessions::key_version_negotiation_session::tests::negotiation_fails_if_initialized_twice ... ok
test key_server_cluster::admin_sessions::key_version_negotiation_session::tests::negotiation_fails_if_message_contains_wrong_nonce ... ok
test key_server_cluster::admin_sessions::key_version_negotiation_session::tests::negotiation_fails_if_threshold_empty_when_versions_are_not_empty ... ok
test key_server_cluster::admin_sessions::key_version_negotiation_session::tests::negotiation_fails_if_versions_received_before_initialization ... ok
test key_server_cluster::admin_sessions::key_version_negotiation_session::tests::negotiation_fails_if_versions_request_received_from_non_master ... ok
test key_server_cluster::admin_sessions::key_version_negotiation_session::tests::negotiation_fails_if_versions_request_received_twice ... ok
test key_server_cluster::admin_sessions::key_version_negotiation_session::tests::negotiation_fails_if_wrong_threshold_sent ... ok
test key_server_cluster::admin_sessions::servers_set_change_session::tests::adding_node_that_has_lost_its_database_works ... ok
test key_server_cluster::admin_sessions::servers_set_change_session::tests::having_less_than_required_nodes_after_change_does_not_fail_change_session ... ok
test key_server_cluster::admin_sessions::servers_set_change_session::tests::isolated_node_removed_using_servers_set_change ... ok
test key_server_cluster::admin_sessions::servers_set_change_session::tests::node_added_using_server_set_change_from_this_node ... ok
test key_server_cluster::admin_sessions::servers_set_change_session::tests::node_added_using_servers_set_change ... ok
test key_server_cluster::admin_sessions::servers_set_change_session::tests::node_moved_using_servers_set_change ... ok
test key_server_cluster::admin_sessions::servers_set_change_session::tests::node_removed_using_servers_set_change ... ok
test key_server_cluster::admin_sessions::servers_set_change_session::tests::removing_node_from_cluster_of_2_works ... ok
test key_server_cluster::admin_sessions::share_add_session::tests::node_add_fails_if_initialized_twice ... ok
test key_server_cluster::admin_sessions::share_add_session::tests::node_add_fails_if_no_nodes_added ... ok
test key_server_cluster::admin_sessions::share_add_session::tests::node_add_fails_if_nodes_removed ... ok
test key_server_cluster::admin_sessions::share_add_session::tests::node_add_fails_if_started_on_adding_node ... ok
test key_server::tests::document_key_generation_and_retrievement_works_over_network_with_3_nodes ... ok
test key_server_cluster::admin_sessions::share_add_session::tests::node_add_fails_if_started_without_signatures ... ok
test key_server_cluster::admin_sessions::share_add_session::tests::nodes_add_fails_when_not_enough_share_owners_are_connected ... ok
test key_server_cluster::admin_sessions::share_add_session::tests::nodes_add_to_the_node_with_obsolete_version ... ok
test key_server_cluster::admin_sessions::share_add_session::tests::nodes_added_using_share_add ... ok
test key_server_cluster::admin_sessions::share_change_session::tests::share_change_plan_adds_new_nodes ... ok
test key_server_cluster::admin_sessions::share_change_session::tests::share_change_plan_creates_empty_plan ... ok
test key_server_cluster::client_sessions::decryption_session::tests::complete_dec_session ... ok
test key_server_cluster::client_sessions::decryption_session::tests::complete_dec_session_with_acl_check_failed_on_master ... ok
test key_server_cluster::client_sessions::decryption_session::tests::complete_shadow_dec_session ... ok
test key_server_cluster::client_sessions::decryption_session::tests::constructs_in_cluster_of_single_node ... ok
test key_server_cluster::admin_sessions::share_add_session::tests::nodes_added_using_share_add_with_isolated_nodes ... ok
test key_server_cluster::client_sessions::decryption_session::tests::decryption_message_fails_when_nonce_is_wrong ... ok
test key_server_cluster::client_sessions::decryption_session::tests::decryption_fails_on_session_timeout ... ok
test key_server_cluster::client_sessions::decryption_session::tests::decryption_result_restored_on_all_nodes_if_broadcast_session_is_completed ... ok
test key_server_cluster::client_sessions::decryption_session::tests::decryption_session_origin_is_known_to_all_initialized_nodes ... ok
test key_server::tests::server_key_generation_and_storing_document_key_works_over_network_with_3_nodes ... ok
test key_server_cluster::client_sessions::decryption_session::tests::decryption_shadows_restored_on_all_nodes_if_shadow_broadcast_session_is_completed ... ok
test key_server_cluster::client_sessions::decryption_session::tests::failed_dec_session ... ok
test key_server_cluster::client_sessions::decryption_session::tests::decryption_works_when_delegated_to_other_node ... ok
test key_server_cluster::client_sessions::decryption_session::tests::fails_to_accept_partial_decrypt_if_not_waiting ... ok
test key_server_cluster::client_sessions::decryption_session::tests::fails_to_accept_initialization_when_already_initialized ... ok
test key_server_cluster::client_sessions::decryption_session::tests::fails_to_initialize_if_does_not_have_a_share ... ok
test key_server_cluster::client_sessions::decryption_session::tests::decryption_works_when_share_owners_are_isolated ... ok
test key_server_cluster::client_sessions::decryption_session::tests::fails_to_initialize_when_already_initialized ... ok
test key_server_cluster::client_sessions::decryption_session::tests::fails_to_partial_decrypt_if_requested_by_slave ... ok
test key_server_cluster::client_sessions::decryption_session::tests::fails_to_accept_partial_decrypt_twice ... ok
test key_server_cluster::client_sessions::decryption_session::tests::fails_to_initialize_if_threshold_is_wrong ... ok
test key_server_cluster::client_sessions::decryption_session::tests::fails_to_partial_decrypt_if_wrong_number_of_nodes_participating ... ok
test key_server_cluster::client_sessions::decryption_session::tests::node_is_marked_rejected_when_timed_out_during_initialization_confirmation ... ok
test key_server_cluster::client_sessions::decryption_session::tests::session_does_not_fail_if_node_with_shadow_point_disconnects ... ok
test key_server_cluster::client_sessions::decryption_session::tests::session_does_not_fail_if_non_master_node_disconnects_from_non_master_node ... ok
test key_server::tests::server_key_generation_and_message_signing_works_over_network_with_3_nodes ... ok
test key_server_cluster::client_sessions::decryption_session::tests::session_does_not_fail_if_rejected_node_disconnects ... ok
test key_server_cluster::client_sessions::decryption_session::tests::session_restarts_if_confirmed_node_disconnects ... ok
test key_server_cluster::client_sessions::generation_session::tests::encryption_fails_on_node_timeout ... ok
test key_server_cluster::client_sessions::decryption_session::tests::session_does_not_fail_if_requested_node_disconnects ... ok
test key_server_cluster::client_sessions::generation_session::tests::encryption_fails_on_session_timeout ... ok
test key_server_cluster::client_sessions::generation_session::tests::fails_to_accept_initialization_confirmation_if_initialization_already_completed ... ok
test key_server_cluster::client_sessions::generation_session::tests::fails_to_accept_initialization_when_already_initialized ... ok
test key_server_cluster::client_sessions::generation_session::tests::fails_to_accept_initialization_confirmation_if_already_accepted_from_the_same_node ... ok
test key_server_cluster::client_sessions::generation_session::tests::fails_to_accept_keys_dissemination_if_not_waiting_for_it ... ok
test key_server_cluster::client_sessions::generation_session::tests::fails_to_accept_keys_dissemination_if_wrong_number_of_publics_passed ... ok
test key_server_cluster::client_sessions::generation_session::tests::fails_to_accept_keys_dissemination_second_time_from_the_same_node ... ok
test key_server_cluster::client_sessions::generation_session::tests::fails_to_complete_initialization_from_non_master_node ... ok
test key_server_cluster::client_sessions::generation_session::tests::fails_to_complete_initialization_if_not_waiting_for_it ... ok
test key_server_cluster::client_sessions::generation_session::tests::fails_to_initialize_if_threshold_is_wrong ... ok
test key_server_cluster::client_sessions::generation_session::tests::fails_to_complete_initialization_if_threshold_is_wrong ... ok
test key_server_cluster::client_sessions::generation_session::tests::generation_message_fails_when_nonce_is_wrong ... ok
test key_server_cluster::client_sessions::generation_session::tests::fails_to_initialize_when_already_initialized ... ok
test key_server_cluster::client_sessions::generation_session::tests::master_updates_derived_point_on_initialization_completion ... ok
test key_server_cluster::client_sessions::generation_session::tests::should_not_accept_public_key_share_when_is_not_waiting_for_it ... ok
test key_server_cluster::client_sessions::generation_session::tests::initializes_in_cluster_of_single_node ... ok
test key_server_cluster::client_sessions::generation_session::tests::should_not_accept_public_key_share_when_receiving_twice ... ok
test key_server_cluster::client_sessions::generation_session::tests::slave_updates_derived_point_on_initialization ... ok
test key_server_cluster::client_sessions::generation_session::tests::encryption_session_works_over_network ... ok
test key_server_cluster::client_sessions::generation_session::tests::complete_enc_dec_session ... ok
test key_server_cluster::client_sessions::signing_session_ecdsa::tests::ecdsa_complete_signing_session_with_acl_check_failed_on_master ... ok
test key_server_cluster::client_sessions::signing_session_ecdsa::tests::ecdsa_signing_works_when_delegated_to_other_node ... ok
test key_server_cluster::client_sessions::signing_session_ecdsa::tests::ecdsa_complete_signing_session_with_single_node_failing ... ok
test key_server_cluster::client_sessions::signing_session_ecdsa::tests::ecdsa_signing_works_when_share_owners_are_isolated ... ok
test key_server_cluster::client_sessions::signing_session_schnorr::tests::schnorr_complete_signing_session_with_acl_check_failed_on_master ... ok
test key_server_cluster::client_sessions::signing_session_schnorr::tests::schnorr_complete_signing_session_with_single_node_failing ... ok
test key_server_cluster::client_sessions::signing_session_schnorr::tests::schnorr_constructs_in_cluster_of_single_node ... ok
test key_server_cluster::client_sessions::signing_session_schnorr::tests::schnorr_does_not_fail_when_consensus_message_received_after_consensus_established ... ok
test key_server_cluster::client_sessions::signing_session_schnorr::tests::schnorr_failed_signing_session ... ok
test key_server_cluster::client_sessions::signing_session_schnorr::tests::schnorr_fails_to_initialize_if_does_not_have_a_share ... ok
test key_server_cluster::client_sessions::signing_session_schnorr::tests::schnorr_fails_to_initialize_if_threshold_is_wrong ... ok
test key_server_cluster::client_sessions::signing_session_schnorr::tests::schnorr_fails_to_initialize_when_already_initialized ... ok
test key_server_cluster::client_sessions::signing_session_schnorr::tests::schnorr_complete_gen_sign_session ... ok
test key_server_cluster::client_sessions::signing_session_schnorr::tests::schnorr_fails_when_consensus_message_is_received_when_not_initialized ... ok
test key_server_cluster::client_sessions::signing_session_schnorr::tests::schnorr_fails_when_generation_message_is_received_when_not_initialized ... ok
test key_server_cluster::client_sessions::signing_session_ecdsa::tests::failed_gen_ecdsa_sign_session_when_threshold_is_too_low ... ok
test key_server_cluster::client_sessions::signing_session_schnorr::tests::schnorr_fails_when_generation_sesson_is_initialized_by_slave_node ... ok
test key_server_cluster::client_sessions::signing_session_schnorr::tests::schnorr_fails_when_signature_requested_by_slave_node ... ok
test key_server_cluster::client_sessions::signing_session_schnorr::tests::schnorr_fails_when_signature_requested_when_not_initialized ... ok
test key_server_cluster::client_sessions::signing_session_schnorr::tests::schnorr_signing_message_fails_when_nonce_is_wrong ... ok
test key_server_cluster::client_sessions::signing_session_schnorr::tests::schnorr_signing_works_when_delegated_to_other_node ... ok
test key_server_cluster::client_sessions::signing_session_schnorr::tests::schnorr_signing_works_when_share_owners_are_isolated ... ok
test key_server_cluster::cluster::tests::cluster_wont_start_generation_session_if_not_fully_connected ... ok
test key_server_cluster::cluster::tests::cluster_connects_to_other_nodes ... ok
test key_server_cluster::cluster::tests::error_in_generation_session_broadcasted_to_all_other_nodes ... ok
test key_server_cluster::cluster::tests::generation_session_completion_signalled_if_failed_on_master ... ok
test key_server_cluster::cluster::tests::generation_session_is_removed_when_succeeded ... ok
test key_server_cluster::cluster::tests::sessions_are_removed_when_initialization_fails ... ok
test key_server_cluster::cluster_sessions::tests::cluster_session_cannot_be_started_if_exclusive_session_is_active ... ok
test key_server_cluster::cluster_sessions::tests::exclusive_session_cannot_be_started_if_other_session_is_active ... ok
test key_server_cluster::cluster_sessions::tests::last_session_removal_by_node_timeout_sets_container_state_to_idle ... ok
test key_server_cluster::cluster_sessions::tests::last_session_removal_by_timeout_sets_container_state_to_idle ... ok
test key_server_cluster::cluster_sessions::tests::last_session_removal_sets_container_state_to_idle ... ok
test key_server_cluster::cluster_sessions::tests::session_listener_works ... ok
test key_server_cluster::connection_trigger::tests::adjust_connections_connects_to_new_nodes ... ok
test key_server_cluster::connection_trigger::tests::adjust_connections_disconnects_from_all_nodes_if_not_a_part_of_key_server ... ok
test key_server_cluster::connection_trigger::tests::adjust_connections_disconnects_from_removed_nodes ... ok
test key_server_cluster::connection_trigger::tests::adjust_connections_does_not_connects_to_self ... ok
test key_server_cluster::connection_trigger::tests::adjust_connections_reconnects_from_changed_nodes ... ok
test key_server_cluster::connection_trigger::tests::disconnect_if_address_has_changed ... ok
test key_server_cluster::connection_trigger::tests::disconnect_if_node_has_removed ... ok
test key_server_cluster::connection_trigger::tests::do_not_disconnect_if_set_is_not_changed ... ok
test key_server_cluster::connection_trigger::tests::does_not_disconnect_if_node_has_added ... ok
test key_server_cluster::connection_trigger::tests::maintain_connects_to_current_set_works ... ok
test key_server_cluster::connection_trigger::tests::maintain_connects_to_migration_set_works ... ok
test key_server_cluster::connection_trigger::tests::simple_connections_trigger_only_maintains_connections ... ok
test key_server_cluster::connection_trigger_with_migration::tests::existing_master_is_selected_when_migration_has_started ... ok
test key_server_cluster::connection_trigger_with_migration::tests::maintain_connections_connects_to_current_and_old_set_when_migration_is_required ... ok
test key_server_cluster::connection_trigger_with_migration::tests::maintain_connections_connects_to_current_and_old_set_when_migration_is_started ... ok
test key_server_cluster::connection_trigger_with_migration::tests::maintain_connections_connects_to_current_set_when_no_migration ... ok
test key_server_cluster::connection_trigger_with_migration::tests::maintain_connections_returns_none_when_session_is_active ... ok
test key_server_cluster::connection_trigger_with_migration::tests::maintain_session_confirms_migration_when_active_and_session_has_finished_on_new_node ... ok
test key_server_cluster::connection_trigger_with_migration::tests::maintain_session_detects_abnormal_when_active_migration_and_active_session_with_different_id ... ok
test key_server_cluster::connection_trigger_with_migration::tests::maintain_session_detects_abnormal_when_active_migration_and_failed_session_with_different_id ... ok
test key_server_cluster::connection_trigger_with_migration::tests::maintain_session_detects_abnormal_when_active_migration_and_finished_session_with_different_id ... ok
test key_server_cluster::connection_trigger_with_migration::tests::maintain_session_detects_abnormal_when_no_migration_and_active_session ... ok
test key_server_cluster::connection_trigger_with_migration::tests::maintain_session_detects_abnormal_when_no_migration_and_failed_session ... ok
test key_server_cluster::connection_trigger_with_migration::tests::maintain_session_detects_abnormal_when_no_migration_and_finished_session ... ok
test key_server_cluster::connection_trigger_with_migration::tests::maintain_session_detects_abnormal_when_required_migration_and_active_session ... ok
test key_server_cluster::connection_trigger_with_migration::tests::maintain_session_detects_abnormal_when_required_migration_and_failed_session ... ok
test key_server_cluster::connection_trigger_with_migration::tests::maintain_session_detects_abnormal_when_required_migration_and_finished_session ... ok
test key_server_cluster::connection_trigger_with_migration::tests::maintain_session_does_nothing_when_both_migration_and_session_are_started ... ok
test key_server_cluster::connection_trigger_with_migration::tests::maintain_session_does_nothing_when_migration_required_on_slave_node_and_no_session ... ok
test key_server_cluster::connection_trigger_with_migration::tests::maintain_session_does_nothing_when_migration_started_on_master_node_and_no_session_and_not_connected_to_migration_nodes ... ok
test key_server_cluster::connection_trigger_with_migration::tests::maintain_session_does_nothing_when_migration_started_on_slave_node_and_no_session ... ok
test key_server_cluster::connection_trigger_with_migration::tests::maintain_session_drops_session_when_active_and_session_has_failed ... ok
test key_server_cluster::connection_trigger_with_migration::tests::maintain_session_drops_session_when_active_and_session_has_finished_on_removed_node ... ok
test key_server_cluster::connection_trigger_with_migration::tests::maintain_session_starts_session_when_migration_started_on_master_node_and_no_session ... ok
test key_server_cluster::connection_trigger_with_migration::tests::maintain_sessions_does_nothing_if_no_session_and_no_migration ... ok
test key_server_cluster::connection_trigger_with_migration::tests::migration_state_is_idle_when_only_address_changes ... ok
test key_server_cluster::connection_trigger_with_migration::tests::migration_state_is_idle_when_required_but_this_node_is_not_on_the_list ... ok
test key_server_cluster::connection_trigger_with_migration::tests::migration_state_is_idle_when_sets_are_equal ... ok
test key_server_cluster::connection_trigger_with_migration::tests::migration_state_is_required_when_node_is_added ... ok
test key_server_cluster::connection_trigger_with_migration::tests::migration_state_is_required_when_node_is_removed ... ok
test key_server_cluster::connection_trigger_with_migration::tests::migration_state_is_started_when_migration_is_some ... ok
test key_server_cluster::connection_trigger_with_migration::tests::new_master_is_selected_in_worst_case ... ok
test key_server_cluster::connection_trigger_with_migration::tests::persistent_master_is_selected_when_migration_has_not_started_yet ... ok
test key_server_cluster::io::deadline::tests::deadline_result_works ... ok
test key_server_cluster::io::handshake::tests::active_handshake_works ... ok
test key_server_cluster::io::handshake::tests::passive_handshake_works ... ok
test key_server_cluster::io::message::tests::deserializing_header_of_wrong_version_fails ... ok
test key_server_cluster::io::message::tests::header_serialization_works ... ok
test key_server_cluster::jobs::consensus_session::tests::consensus_session_complete_2_of_4 ... ok
test key_server_cluster::jobs::consensus_session::tests::consensus_session_complete_2_of_4_after_restart ... ok
test key_server_cluster::jobs::consensus_session::tests::consensus_session_computation_request_is_ignored_when_wrong ... ok
test key_server_cluster::jobs::consensus_session::tests::consensus_session_computation_request_is_processed_when_correct ... ok
test key_server_cluster::jobs::consensus_session::tests::consensus_session_computation_request_is_rejected_when_received_before_consensus_is_established ... ok
test key_server_cluster::jobs::consensus_session::tests::consensus_session_computation_request_is_rejected_when_received_by_master_node ... ok
test key_server_cluster::jobs::consensus_session::tests::consensus_session_computation_response_is_ignored_when_consensus_is_not_reached ... ok
test key_server_cluster::jobs::consensus_session::tests::consensus_session_consensus_is_failed_by_master_node ... ok
test key_server_cluster::jobs::consensus_session::tests::consensus_session_consensus_is_failed_by_slave_node ... ok
test key_server_cluster::jobs::consensus_session::tests::consensus_session_consensus_is_not_reached_when_initializes_with_non_zero_threshold ... ok
test key_server_cluster::jobs::consensus_session::tests::consensus_session_consensus_is_not_reached_when_initializes_with_zero_threshold_and_master_rejects ... ok
test key_server_cluster::jobs::consensus_session::tests::consensus_session_consensus_is_reached_when_initializes_with_zero_threshold ... ok
test key_server_cluster::jobs::consensus_session::tests::consensus_session_continues_if_node2_error_received_by_master_after_consensus_established_and_enough_nodes_left ... ok
test key_server_cluster::jobs::consensus_session::tests::consensus_session_continues_if_node3_error_received_by_master_after_consensus_established_and_enough_nodes_left ... ok
test key_server_cluster::jobs::consensus_session::tests::consensus_session_continues_if_node_error_received_by_master_during_establish_and_enough_nodes_left ... ok
test key_server_cluster::jobs::consensus_session::tests::consensus_session_continues_if_node_error_received_from_slave_not_participating_in_computation ... ok
test key_server_cluster::jobs::consensus_session::tests::consensus_session_continues_if_session_timeouts_and_enough_nodes_left_for_computation ... ok
test key_server_cluster::jobs::consensus_session::tests::consensus_session_continues_if_session_timeouts_and_not_enough_nodes_left_for_computation ... ok
test key_server_cluster::jobs::consensus_session::tests::consensus_session_fails_if_node_error_received_by_master_after_consensus_established_and_not_enough_nodes_left ... ok
test key_server_cluster::jobs::consensus_session::tests::consensus_session_fails_if_node_error_received_by_master_during_establish_and_not_enough_nodes_left ... ok
test key_server_cluster::jobs::consensus_session::tests::consensus_session_fails_if_node_error_received_by_uninitialized_master ... ok
test key_server_cluster::jobs::consensus_session::tests::consensus_session_fails_if_node_error_received_by_uninitialized_slave_from_master ... ok
test key_server_cluster::jobs::consensus_session::tests::consensus_session_fails_if_node_error_received_from_slave_participating_in_computation_and_not_enough_nodes_left ... ok
test key_server_cluster::cluster::tests::schnorr_signing_session_completes_if_node_does_not_have_a_share ... ok
test key_server_cluster::jobs::consensus_session::tests::consensus_session_job_dissemination_does_not_select_master_node_if_rejected ... ok
test key_server_cluster::jobs::consensus_session::tests::consensus_session_fails_if_uninitialized_session_timeouts ... ok
test key_server_cluster::jobs::consensus_session::tests::consensus_session_job_dissemination_fails_if_consensus_is_not_reached ... ok
test key_server_cluster::jobs::consensus_session::tests::consensus_session_job_dissemination_selects_master_node_if_agreed ... ok
test key_server_cluster::jobs::consensus_session::tests::consensus_session_restarts_if_node_error_received_from_slave_participating_in_computation_and_enough_nodes_left ... ok
test key_server_cluster::jobs::consensus_session::tests::consessus_session_completion_is_accepted ... ok
test key_server_cluster::jobs::consensus_session::tests::consessus_session_completion_is_ignored_when_consensus_is_not_established ... ok
test key_server_cluster::jobs::consensus_session::tests::consessus_session_completion_is_ignored_when_received_from_non_master_node ... ok
test key_server_cluster::jobs::consensus_session::tests::same_consensus_group_returned_after_second_selection ... ok
test key_server_cluster::jobs::job_session::tests::job_broadcasts_self_response ... ok
test key_server_cluster::jobs::consensus_session::tests::consensus_sessions_fails_with_temp_error_if_node_error_received_by_uninitialized_slave_from_master ... ok
test key_server_cluster::jobs::job_session::tests::job_fails_if_more_than_half_rejects_are_non_temp ... ok
test key_server_cluster::jobs::job_session::tests::job_fails_with_temp_error_if_more_than_half_nodes_respond_with_temp_error ... ok
test key_server_cluster::jobs::job_session::tests::job_fails_with_temp_error_if_more_than_half_rejects_are_temp ... ok
test key_server_cluster::jobs::job_session::tests::job_fails_with_temp_error_when_temp_error_is_reported_by_master_node ... ok
test key_server_cluster::jobs::job_session::tests::job_initialization_does_not_leads_to_finish_if_single_other_node_is_required ... ok
test key_server_cluster::jobs::job_session::tests::job_initialization_leads_to_finish_if_single_node_is_required ... ok
test key_server_cluster::jobs::job_session::tests::job_initialize_fails_if_not_enough_nodes_for_threshold_connected ... ok
test key_server_cluster::jobs::job_session::tests::job_initialize_fails_if_not_enough_nodes_for_threshold_total ... ok
test key_server_cluster::jobs::job_session::tests::job_initialize_fails_if_not_inactive ... ok
test key_server_cluster::jobs::job_session::tests::job_node_error_ignored_when_disconnects_from_rejected ... ok
test key_server_cluster::jobs::job_session::tests::job_does_not_broadcasts_self_response ... ok
test key_server_cluster::jobs::job_session::tests::job_node_error_ignored_when_disconnects_from_unknown ... ok
test key_server_cluster::jobs::job_session::tests::job_node_error_ignored_when_slave_disconnects_from_slave ... ok
test key_server_cluster::jobs::job_session::tests::job_node_error_leads_to_fail_when_disconnects_from_requested_and_not_enough_nodes_left ... ok
test key_server_cluster::jobs::job_session::tests::job_node_error_leads_to_fail_when_slave_disconnects_from_master ... ok
test key_server_cluster::jobs::job_session::tests::job_request_fails_if_comes_from_non_master_node ... ok
test key_server_cluster::jobs::job_session::tests::job_request_fails_if_comes_to_failed_state ... ok
test key_server_cluster::jobs::job_session::tests::job_request_fails_if_comes_to_master_node ... ok
test key_server_cluster::jobs::job_session::tests::job_request_succeeds_if_comes_to_finished_state ... ok
test key_server_cluster::jobs::job_session::tests::job_response_fails_if_comes_from_unknown_node ... ok
test key_server_cluster::jobs::job_session::tests::job_response_fails_if_comes_to_failed_state ... ok
test key_server_cluster::jobs::job_session::tests::job_response_fails_if_comes_to_slave_node ... ok
test key_server_cluster::jobs::job_session::tests::job_response_leads_to_failure_if_too_few_nodes_left ... ok
test key_server_cluster::jobs::job_session::tests::job_response_leads_to_finish ... ok
test key_server_cluster::jobs::job_session::tests::job_response_succeeds ... ok
test key_server_cluster::jobs::job_session::tests::job_node_error_ignored_when_disconnects_from_requested_and_enough_nodes_left ... ok
test key_server_cluster::cluster::tests::ecdsa_signing_session_completes_if_node_does_not_have_a_share ... ok
test key_server_cluster::client_sessions::signing_session_ecdsa::tests::complete_gen_ecdsa_sign_session ... ok
test key_server_cluster::math::tests::full_generation_math_session_with_decreasing_threshold ... ok
test key_server_cluster::math::tests::full_generation_math_session_with_adding_new_nodes ... ok
test key_server_cluster::math::tests::full_generation_math_session_with_refreshing_shares ... ok
test key_server_cluster::math::tests::full_generation_with_multiplication ... ok
test key_server_cluster::math::tests::full_ecdsa_signature_math_session ... ok
test key_server_cluster::math::tests::full_generation_with_reciprocal ... ok
test key_server_cluster::math::tests::local_signature_works ... ok
test key_server_set::tests::future_set_is_initialized ... ok
test key_server_set::tests::future_set_is_not_updated_when_set_is_the_same ... ok
test key_server_set::tests::future_set_is_updated_to_none_when_migration_has_already_started ... ok
test key_server_set::tests::future_set_is_updated_to_none_when_no_migration_is_required ... ok
test key_server_set::tests::future_set_is_updated_when_set_differs ... ok
test key_server_set::tests::when_updating_confirmations_migration_is_not_scheduled_when_not_enough_confirmations ... ok
test key_server_set::tests::when_updating_confirmations_migration_is_reset_when_reorganized ... ok
test key_server_set::tests::when_updating_confirmations_migration_is_scheduled ... ok
test key_server_set::tests::when_updating_confirmations_nothing_is_changed_if_no_future_set ... ok
test key_server_cluster::math::tests::full_zero_secret_generation_math_session ... ok
test key_storage::tests::upgrade_db_from_0 ... ok
test key_storage::tests::persistent_key_storage ... ok
test key_storage::tests::upgrade_db_from_2 ... ok
test key_storage::tests::upgrade_db_from_1 ... ok
test listener::http_listener::tests::http_listener_successfully_drops ... ok
test listener::http_listener::tests::parse_request_failed ... ok
test listener::http_listener::tests::parse_request_successful ... ok
test listener::service_contract_listener::tests::document_key_is_stored_when_processing_store_document_key_task ... ok
test listener::service_contract_listener::tests::document_key_shadow_common_retrieval_failure_reported_when_access_denied ... ok
test listener::service_contract_listener::tests::document_key_shadow_common_retrieval_failure_reported_when_no_document_key ... ok
test listener::service_contract_listener::tests::document_key_shadow_common_is_retrieved_when_processing_document_key_shadow_common_retrieval_task ... ok
test listener::service_contract_listener::tests::document_key_shadow_common_retrieval_is_scheduled_when_requested ... ok
test listener::service_contract_listener::tests::document_key_shadow_common_retrieval_is_scheduled_when_requested_and_request_belongs_to_other_key_server ... ok
test listener::service_contract_listener::tests::document_key_shadow_common_retrieval_failure_reported_when_no_server_key ... ok
test listener::service_contract_listener::tests::document_key_store_failure_reported_when_document_key_already_set ... ok
test listener::service_contract_listener::tests::document_key_store_failure_reported_when_author_differs ... ok
test listener::service_contract_listener::tests::document_key_store_is_scheduled_when_requested ... ok
test listener::service_contract_listener::tests::document_key_store_failure_reported_when_no_server_key ... ok
test listener::service_contract_listener::tests::generation_session_is_created_when_processing_generate_server_key_task ... ok
test listener::service_contract_listener::tests::document_key_store_is_scheduled_when_requested_and_request_belongs_to_other_key_server ... ok
test listener::service_contract_listener::tests::is_not_processed_by_this_key_server_when_not_a_part_of_servers_set ... ok
test listener::service_contract_listener::tests::is_processed_by_this_key_server_in_set_of_3 ... ok
test listener::service_contract_listener::tests::is_processed_by_this_key_server_in_set_of_4 ... ok
test listener::service_contract_listener::tests::is_not_processed_by_this_key_server_with_zero_servers ... ok
test listener::service_contract_listener::tests::no_new_tasks_scheduled_when_server_key_generation_requested_and_request_belongs_to_other_key_server ... ok
test listener::service_contract_listener::tests::no_tasks_scheduled_when_no_contract_events ... ok
test listener::service_contract_listener::tests::server_key_generation_is_not_retried_if_tried_in_the_same_cycle ... ok
test listener::service_contract_listener::tests::server_key_generation_is_scheduled_when_requested ... ok
test listener::service_contract_listener::tests::server_key_is_retrieved_when_processing_retrieve_server_key_task ... ok
test listener::service_contract_listener::tests::server_key_retrieval_failure_is_reported_when_processing_retrieve_server_key_task_and_key_is_unknown ... ok
test listener::service_contract_listener::tests::server_key_retrieval_is_not_retried_if_tried_in_the_same_cycle ... ok
test listener::service_contract_listener::tests::server_key_retrieval_is_scheduled_when_requested ... ok
test listener::service_contract_listener::tests::server_key_retrieval_is_scheduled_when_requested_and_request_belongs_to_other_key_server ... ok
test listener::service_contract_listener::tests::tasks_are_not_scheduled_on_isolated_node ... ok
test serialization::tests::serialize_and_deserialize_bytes ... ok
test serialization::tests::serialize_and_deserialize_public ... ok
test listener::service_contract_listener::tests::is_processed_by_this_key_server_with_single_server ... ok
test key_server_cluster::math::tests::full_encryption_math_session ... ok
test key_server_cluster::math::tests::full_schnorr_signature_math_session ... ok

test result: ok. 288 passed; 0 failed; 0 ignored; 0 measured; 0 filtered out

     Running target/release/deps/ethcore_service-ea40d2f2ff9bc8db

running 1 test
test service::tests::it_can_be_started ... ok

test result: ok. 1 passed; 0 failed; 0 ignored; 0 measured; 0 filtered out

     Running target/release/deps/ethcore_stratum-88be458212e7f8fd

running 5 tests
test tests::can_be_started ... ok
test tests::can_authorize ... ok
test tests::records_subscriber ... ok
test tests::receives_initial_paylaod ... ok
test tests::can_push_work ... ok

test result: ok. 5 passed; 0 failed; 0 ignored; 0 measured; 0 filtered out

     Running target/release/deps/ethcore_sync-1fb6385fd2a775b3

running 65 tests
test blocks::test::create_clear ... ok
test blocks::test::insert_headers_with_gap ... ok
test blocks::test::insert_headers_no_gap ... ok
test chain::handler::tests::handles_peer_new_block ... ok
test chain::handler::tests::handles_peer_new_block_empty ... ok
test chain::handler::tests::handles_peer_new_hashes ... ok
test chain::handler::tests::handles_peer_new_hashes_empty ... ok
test blocks::test::insert_headers ... ok
test chain::handler::tests::handles_peer_new_block_malformed ... ok
test chain::propagator::tests::propagates_transactions ... ok
test chain::propagator::tests::does_not_fail_for_no_peers ... ok
test chain::propagator::tests::does_not_propagate_new_transactions_after_new_block ... ok
test chain::propagator::tests::propagates_transactions_without_alternating ... ok
test chain::propagator::tests::sends_proposed_block ... ok
test chain::propagator::tests::sends_sealed_block ... ok
test chain::propagator::tests::sends_latest_block_to_lagging_peer ... ok
test chain::propagator::tests::sends_new_hashes_to_lagging_peer ... ok
test chain::propagator::tests::should_propagate_service_transaction_to_selected_peers_only ... ok
test chain::propagator::tests::should_propagate_service_transaction_is_sent_as_separate_message ... ok
test chain::propagator::tests::should_maintain_transations_propagation_stats ... ok
test chain::supplier::test::return_receipts ... ok
test chain::supplier::test::return_nodes ... ok
test chain::supplier::test::return_receipts_empty ... ok
test chain::tests::calculates_tree_for_lagging_peer ... ok
test chain::tests::block_rlp_mutually_acceptable ... ok
test chain::tests::is_still_verifying ... ok
test chain::tests::is_synced_state ... ok
test chain::tests::finds_lagging_peers ... ok
test chain::tests::hashes_rlp_mutually_acceptable ... ok
test light_sync::response::tests::sequential_backward ... ok
test light_sync::response::tests::sequential_forward ... ok
test chain::supplier::test::return_block_headers ... ok
test light_sync::response::tests::too_many ... ok
test light_sync::sync_round::tests::scaffold_config ... ok
test light_sync::response::tests::wrong_skip ... ok
test chain::tests::should_add_transactions_to_queue ... ok
test chain::tests::should_not_add_transactions_to_queue_if_not_synced ... ok
test snapshot::test::tracks_known_bad ... ok
test snapshot::test::validate_chunks ... ok
test snapshot::test::create_clear ... ok
test light_sync::tests::fork_post_cht ... ok
test tests::chain::forked ... ok
test tests::chain::disconnect_on_unrelated_chain ... ok
test tests::chain::high_td_attach ... ok
test tests::chain::forked_with_misbehaving_peer ... ok
test tests::chain::net_hard_fork ... ok
test tests::chain::propagate_blocks ... ok
test tests::chain::propagate_hashes ... ok
test tests::chain::empty_blocks ... ok
test tests::chain::restart_on_broken_chain ... ok
test tests::chain::restart_on_malformed_block ... ok
test tests::chain::restart ... ok
test tests::chain::status_empty ... ok
test tests::chain::status_packet ... ok
test tests::chain::status_after_sync ... ok
test tests::chain::takes_few_steps ... ok
test tests::consensus::authority_round ... ok
test tests::chain::two_peers ... ok
test light_sync::tests::basic_sync ... ok
test tests::snapshot::snapshot_sync ... ok
test transactions_stats::tests::should_keep_track_of_propagations ... ok
test transactions_stats::tests::should_remove_hash_from_tracking ... ok
test tests::private::send_private_transaction ... ok
test tests::consensus::tendermint ... ok
test tests::chain::long_chain ... ok

test result: ok. 65 passed; 0 failed; 0 ignored; 0 measured; 0 filtered out

     Running target/release/deps/ethcore_transaction-a9b2243cb20bdb14

running 5 tests
test transaction::tests::fake_signing ... ok
test transaction::tests::sender_test ... ok
test transaction::tests::signing ... ok
test transaction::tests::should_recover_from_chain_specific_signing ... ok
test transaction::tests::should_agree_with_vitalik ... ok

test result: ok. 5 passed; 0 failed; 0 ignored; 0 measured; 0 filtered out

     Running target/release/deps/ethjson-e282aa6726a5bdbf

running 49 tests
test blockchain::account::tests::account_deserialization ... ok
test bytes::test::bytes_deserialization ... ok
test bytes::test::bytes_into ... ok
test hash::test::hash_deserialization ... ok
test hash::test::hash_into ... ok
test maybe::tests::maybe_deserialization ... ok
test spec::account::tests::account_balance_missing_not_empty ... ok
test blockchain::header::tests::header_deserialization ... ok
test spec::account::tests::account_code_missing_not_empty ... ok
test blockchain::block::tests::block_deserialization ... ok
test spec::account::tests::account_nonce_missing_not_empty ... ok
test spec::account::tests::account_storage_deserialization ... ok
test spec::account::tests::account_storage_missing_not_empty ... ok
test spec::authority_round::tests::authority_round_deserialization ... ok
test spec::basic_authority::tests::basic_authority_deserialization ... ok
test blockchain::blockchain::tests::blockchain_deserialization ... ok
test spec::builtin::tests::activate_at ... ok
test spec::account::tests::account_deserialization ... ok
test spec::builtin::tests::builtin_deserialization ... ok
test spec::account::tests::account_empty ... ok
test spec::engine::tests::engine_deserialization ... ok
test spec::ethash::tests::ethash_deserialization ... ok
test spec::genesis::tests::genesis_deserialization ... ok
test spec::ethash::tests::ethash_deserialization_missing_optionals ... ok
test spec::hardcoded_sync::tests::hardcoded_sync_deserialization ... ok
test spec::null_engine::tests::null_engine_deserialization ... ok
test spec::seal::tests::seal_deserialization ... ok
test spec::ethash::tests::test_zero_value_divisor ... ok
test spec::tendermint::tests::tendermint_deserialization ... ok
test spec::validator_set::tests::validator_set_deserialization ... ok
test state::log::tests::log_deserialization ... ok
test state::state::tests::state_deserialization ... ok
test state::test::tests::multi_transaction_deserialization ... ok
test state::test::tests::state_deserialization ... ok
test state::transaction::tests::transaction_deserialization ... ok
test spec::params::tests::params_deserialization ... ok
test spec::params::tests::test_zero_value_divisor ... ok
test spec::spec::tests::spec_deserialization ... ok
test transaction::txtest::tests::transaction_deserialization ... ok
test trie::input::tests::input_deserialization_from_map ... ok
test trie::input::tests::input_deserialization_from_array ... ok
test uint::test::uint_deserialization ... ok
test uint::test::uint_into ... ok
test vm::call::tests::call_deserialization_empty_dest ... ok
test vm::call::tests::call_deserialization_full_dest ... ok
test vm::env::tests::env_deserialization ... ok
test vm::transaction::tests::transaction_deserialization ... ok
test vm::vm::tests::vm_deserialization ... ok
test transaction::transaction::tests::transaction_deserialization ... ok

test result: ok. 49 passed; 0 failed; 0 ignored; 0 measured; 0 filtered out

     Running target/release/deps/ethkey-3162e60dac54ba0e

running 24 tests
test brain_recover::tests::should_generate_possible_combinations ... ok
test extended::tests::h256_hard ... ok
test extended::tests::h256_soft_match ... ok
test crypto::tests::ecies_shared ... ok
test extended::tests::match_ ... ok
test extended::tests::test_seeds ... ok
test extended::tests::test_vector_1 ... ok
test extended::tests::test_vector_2 ... ok
test keypair::tests::from_secret ... ok
test keypair::tests::keypair_display ... ok
test math::tests::public_addition_is_commutative ... ok
test extended::tests::smoky ... ok
test math::tests::public_addition_is_reversible_with_subtraction ... ok
test secret::tests::multiplicating_secret_inversion_with_secret_gives_one ... ok
test secret::tests::secret_inversion_is_reversible_with_inversion ... ok
test secret::tests::secret_pow ... ok
test signature::tests::sign_and_recover_public ... ok
test signature::tests::sign_and_verify_address ... ok
test signature::tests::sign_and_verify_public ... ok
test signature::tests::signature_to_and_from_str ... ok
test brain_prefix::tests::prefix_generator ... ok
test signature::tests::vrs_conversion ... ok
test brain::tests::test_brain ... ok
test prefix::tests::prefix_generator ... ok

test result: ok. 24 passed; 0 failed; 0 ignored; 0 measured; 0 filtered out

     Running target/release/deps/ethkey-a4be7ce41273aa7d

running 9 tests
test tests::info ... ok
test tests::brain ... ok
test tests::sign ... ok
test tests::verify_invalid ... ok
test tests::verify_valid_address ... ok
test tests::verify_valid_public ... ok
test tests::public ... ok
test tests::address ... ok
test tests::secret ... ok

test result: ok. 9 passed; 0 failed; 0 ignored; 0 measured; 0 filtered out

     Running target/release/deps/ethstore-387a3b02fb1821e1

running 55 tests
test account::crypto::tests::crypto_with_huge_plain_data ... ok
test account::crypto::tests::crypto_with_null_plain_data ... ok
test account::crypto::tests::crypto_with_tiny_plain_data ... ok
test account::crypto::tests::crypto_with_secret_create ... ok
test account::crypto::tests::crypto_with_secret_invalid_password ... ok
test accounts_dir::disk::test::hash_of_files ... ok
test accounts_dir::disk::test::should_handle_duplicate_filenames ... ok
test accounts_dir::disk::test::should_list_vaults ... ok
test accounts_dir::disk::test::should_manage_vaults ... ok
test accounts_dir::vault::test::check_vault_name_fails ... ok
test accounts_dir::vault::test::check_vault_name_succeeds ... ok
test accounts_dir::disk::test::should_create_new_account ... ok
test accounts_dir::vault::test::make_vault_dir_path_fails ... ok
test accounts_dir::vault::test::make_vault_dir_path_succeeds ... ok
test accounts_dir::vault::test::create_vault_file_succeeds ... ok
test accounts_dir::vault::test::read_vault_file_succeeds ... ok
test accounts_dir::vault::test::vault_directory_can_be_created ... ok
test accounts_dir::vault::test::vault_directory_cannot_be_created_if_already_exists ... ok
test accounts_dir::vault::test::read_vault_file_fails ... ok
test account::safe_account::tests::sign_and_verify_public ... ok
test accounts_dir::vault::test::vault_directory_cannot_be_opened_if_not_exists ... ok
test account::safe_account::tests::change_password ... ok
test ethstore::tests::multistore_should_be_able_to_have_the_same_account_twice ... ok
test ethstore::tests::should_copy_account ... ok
test ethstore::tests::should_export_account ... ok
test ethstore::tests::should_insert_account_successfully ... ok
test ethstore::tests::should_list_opened_vaults ... ok
test ethstore::tests::should_have_different_passwords_for_vault_secret_and_meta ... ok
test ethstore::tests::should_manage_vaults_meta ... ok
test ethstore::tests::should_change_vault_password ... ok
test ethstore::tests::should_not_remove_account_when_moving_to_self ... ok
test ethstore::tests::should_create_and_open_vaults ... ok
test ethstore::tests::should_not_remove_account_from_vault_when_password_is_incorrect ... ok
test ethstore::tests::should_remove_account ... ok
test ethstore::tests::should_return_true_if_password_is_correct ... ok
test ethstore::tests::should_remove_account_from_vault ... ok
test ethstore::tests::should_update_meta_and_name ... ok
test json::id::tests::uuid_from_and_to_str ... ok
test json::id::tests::uuid_from_str ... ok
test json::key_file::tests::basic_keyfile ... ok
test json::key_file::tests::capital_crypto_keyfile ... ok
test ethstore::tests::should_save_meta_when_setting_before_password ... ok
test json::presale::tests::long_presale_wallet ... ok
test json::presale::tests::presale_wallet ... ok
test json::vault_file::test::to_and_from_json ... ok
test json::key_file::tests::to_and_from_json ... ok
test json::vault_key_file::test::to_and_from_json ... ok
test json::vault_key_file::test::vault_name_inserted_to_json_meta ... ok
test json::vault_file::test::to_and_from_json_no_meta ... ok
test json::vault_key_file::test::vault_name_not_inserted_to_json_meta ... ok
test json::vault_key_file::test::vault_name_removed_from_json_meta ... ok
test presale::tests::test ... ok
test json::vault_key_file::test::vault_name_not_removed_from_json_meta ... ok
test ethstore::tests::should_move_vault_acounts ... ok
test ethstore::tests::should_store_derived_keys ... ok

test result: ok. 55 passed; 0 failed; 0 ignored; 0 measured; 0 filtered out

     Running target/release/deps/api-e02aae4a787e536d

running 9 tests
test secret_store_create ... ok
test secret_store_laod_geth_files ... ok
test secret_store_open_not_existing ... ok
test secret_store_load_pat_files ... ok
test secret_store_create_account ... ok
test test_decrypting_files_with_short_ciphertext ... ok
test secret_store_remove_account ... ok
test secret_store_sign ... ok
test secret_store_change_password ... ok

test result: ok. 9 passed; 0 failed; 0 ignored; 0 measured; 0 filtered out

     Running target/release/deps/ethstore-513705d3a9bceb30

running 0 tests

test result: ok. 0 passed; 0 failed; 0 ignored; 0 measured; 0 filtered out

     Running target/release/deps/cli-7b488fc298e5b5a3

running 1 test
test cli_cmd ... ok

test result: ok. 1 passed; 0 failed; 0 ignored; 0 measured; 0 filtered out

     Running target/release/deps/evm-d83e200ae6b2b1d7

running 55 tests
test evm::tests::should_calculate_overflow_mul_shr_without_overflow ... ok
test evm::tests::should_calculate_overflow_mul_shr_with_overflow ... ok
test factory::test_create_vm ... ok
test instructions::tests::test_get_dup_position ... ok
test instructions::tests::test_get_log_topics ... ok
test instructions::tests::test_get_push_bytes ... ok
test instructions::tests::test_get_swap_position ... ok
test evm::tests::should_validate_u256_to_usize_conversion ... ok
test interpreter::gasometer::test_calculate_mem_cost ... ok
test interpreter::memory::tests::test_memory_read_and_write_byte ... ok
test interpreter::memory::tests::test_memory_read_and_write ... ok
test interpreter::gasometer::test_mem_gas_cost ... ok
test instructions::tests::test_is_push ... ok
test interpreter::memory::tests::test_memory_read_slice_and_write_slice ... ok
test interpreter::shared_cache::test_find_jump_destinations ... ok
test interpreter::tests::should_not_overflow_returndata ... ok
test tests::test_add_int ... ok
test tests::test_addmod_mulmod_int ... ok
test tests::test_address_int ... ok
test tests::test_author_int ... ok
test interpreter::tests::should_not_fail_on_tracing_mem ... ok
test tests::test_badinstruction_int ... ok
test tests::test_blockhash_int ... ok
test tests::test_byte_int ... ok
test tests::test_calldataload_int ... ok
test tests::test_calls_int ... ok
test tests::test_create_in_staticcall_int ... ok
test tests::test_comparison_int ... ok
test tests::test_bitops_int ... ok
test tests::test_div_zero_int ... ok
test tests::test_exp_int ... ok
test tests::test_extcodecopy_int ... ok
test tests::test_extops_int ... ok
test tests::test_gas_limit_int ... ok
test tests::test_log_empty_int ... ok
test tests::test_jumps_int ... ok
test tests::test_log_sender_int ... ok
test tests::test_mod_int ... ok
test tests::test_number_int ... ok
test tests::test_mul_int ... ok
test tests::test_origin_int ... ok
test tests::test_pop_int ... ok
test tests::test_difficulty_int ... ok
test tests::test_sdiv_int ... ok
test tests::test_sender_int ... ok
test tests::test_sar_int ... ok
test tests::test_shl_int ... ok
test tests::test_shr_int ... ok
test tests::test_signed_comparison_int ... ok
test tests::test_signextend_int ... ok
test tests::test_smod_int ... ok
test tests::test_timestamp_int ... ok
test tests::test_sha3_int ... ok
test tests::test_sub_int ... ok
test tests::test_div_int ... ok

test result: ok. 55 passed; 0 failed; 0 ignored; 0 measured; 0 filtered out

     Running target/release/deps/parity_evm-9b29a613a48e4af2

running 6 tests
test display::json::tests::should_trace_create_correctly ... ok
test tests::should_parse_all_the_options ... ok
test tests::should_parse_state_test_command ... ok
test display::std_json::tests::should_trace_create_correctly ... ok
test display::std_json::tests::should_trace_failure ... ok
test display::json::tests::should_trace_failure ... ok

test result: ok. 6 passed; 0 failed; 0 ignored; 0 measured; 0 filtered out

     Running target/release/deps/fake_fetch-db69ca56fab3662d

running 0 tests

test result: ok. 0 passed; 0 failed; 0 ignored; 0 measured; 0 filtered out

     Running target/release/deps/fake_hardware_wallet-f8d95e3bceeb961a

running 0 tests

test result: ok. 0 passed; 0 failed; 0 ignored; 0 measured; 0 filtered out

     Running target/release/deps/fetch-e730901d672f689d

running 8 tests
test client::test::it_should_fetch ... ok
test client::test::it_should_follow_redirects ... ok
test client::test::it_should_follow_relative_redirects ... ok
test client::test::it_should_not_follow_too_many_redirects ... ok
test client::test::it_should_read_data ... ok
test client::test::it_should_not_read_too_much_data ... ok
test client::test::it_should_not_read_too_much_data_sync ... ok
test client::test::it_should_timeout ... ok

test result: ok. 8 passed; 0 failed; 0 ignored; 0 measured; 0 filtered out

     Running target/release/deps/hardware_wallet-e9f5902185fd5c62

running 3 tests
test ledger::tests::sign_personal_message ... ignored
test ledger::tests::smoke ... ignored
test trezor::test_signature ... ignored

test result: ok. 0 passed; 0 failed; 3 ignored; 0 measured; 0 filtered out

     Running target/release/deps/journaldb-4e997b49bdd977d6

running 63 tests
test archivedb::tests::fork ... ok
test archivedb::tests::fork_same_key ... ok
test archivedb::tests::insert_same_in_fork ... ok
test archivedb::tests::inject ... ok
test archivedb::tests::long_history ... ok
test archivedb::tests::multiple_owed_removal_not_allowed ... ok
test archivedb::tests::reopen ... ok
test archivedb::tests::reopen_fork ... ok
test archivedb::tests::overwrite ... ok
test archivedb::tests::reopen_remove ... ok
test earlymergedb::tests::broken_assert ... ok
test earlymergedb::tests::fork ... ok
test earlymergedb::tests::complex ... ok
test earlymergedb::tests::fork_ins_del_ins ... ok
test earlymergedb::tests::fork_same_key_one ... ok
test earlymergedb::tests::forked_insert_delete_insert_delete_insert_expunge ... ok
test earlymergedb::tests::inject ... ok
test earlymergedb::tests::insert_delete_insert_delete_insert_expunge ... ok
test earlymergedb::tests::insert_older_era ... ok
test earlymergedb::tests::insert_same_in_fork ... ok
test earlymergedb::tests::long_history ... ok
test earlymergedb::tests::overwrite ... ok
test earlymergedb::tests::reopen ... ok
test earlymergedb::tests::reopen_fork ... ok
test earlymergedb::tests::reopen_remove_three ... ok
test earlymergedb::tests::reopen_test ... ok
test overlaydb::overlaydb_backing_insert_revert ... ok
test overlaydb::overlaydb_backing_remove ... ok
test overlaydb::overlaydb_backing_remove_revert ... ok
test overlaydb::overlaydb_complex ... ok
test overlaydb::overlaydb_negative ... ok
test overlaydb::overlaydb_overlay_insert_and_remove ... ok
test overlaydb::overlaydb_revert ... ok
test overlayrecentdb::tests::broken_assert ... ok
test archivedb::tests::returns_state ... ok
test earlymergedb::tests::fork_same_key_other ... ok
test archivedb::tests::complex ... ok
test overlayrecentdb::tests::earliest_era ... ok
test overlayrecentdb::tests::fork_ins_del_ins ... ok
test overlayrecentdb::tests::fork_same_key_one ... ok
test overlayrecentdb::tests::fork ... ok
test overlayrecentdb::tests::fork_same_key_other ... ok
test overlayrecentdb::tests::inject ... ok
test overlayrecentdb::tests::insert_delete_insert_delete_insert_expunge ... ok
test overlayrecentdb::tests::insert_older_era ... ok
test overlayrecentdb::tests::insert_same_in_fork ... ok
test overlayrecentdb::tests::long_history ... ok
test overlayrecentdb::tests::reopen ... ok
test overlayrecentdb::tests::reopen_fork ... ok
test overlayrecentdb::tests::reopen_remove_three ... ok
test overlayrecentdb::tests::reopen_test ... ok
test refcounteddb::tests::complex ... ok
test refcounteddb::tests::fork ... ok
test refcounteddb::tests::inject ... ok
test refcounteddb::tests::latest_era_should_work ... ok
test refcounteddb::tests::long_history ... ok
test tests::test_journal_algorithm_all_types ... ok
test tests::test_journal_algorithm_is_stable ... ok
test tests::test_journal_algorithm_parsing ... ok
test tests::test_journal_algorithm_printing ... ok
test overlayrecentdb::tests::overwrite ... ok
test overlayrecentdb::tests::forked_insert_delete_insert_delete_insert_expunge ... ok
test overlayrecentdb::tests::complex ... ok

test result: ok. 63 passed; 0 failed; 0 ignored; 0 measured; 0 filtered out

     Running target/release/deps/keccak_hasher-6d408b4528be30fd

running 0 tests

test result: ok. 0 passed; 0 failed; 0 ignored; 0 measured; 0 filtered out

     Running target/release/deps/macros-ba2e9239960392c5

running 1 test
hello_world 1
test test_flush ... ok

test result: ok. 1 passed; 0 failed; 0 ignored; 0 measured; 0 filtered out

     Running target/release/deps/mem-1ea91d84d7e30a3b

running 0 tests

test result: ok. 0 passed; 0 failed; 0 ignored; 0 measured; 0 filtered out

     Running target/release/deps/memory_cache-afa5928394fc4d9b

running 1 test
test tests::it_works ... ok

test result: ok. 1 passed; 0 failed; 0 ignored; 0 measured; 0 filtered out

     Running target/release/deps/migration_rocksdb-94cdff91dc947d18

running 0 tests

test result: ok. 0 passed; 0 failed; 0 ignored; 0 measured; 0 filtered out

     Running target/release/deps/tests-f6ce6da310974f32

running 10 tests
test is_migration_needed ... ok
test no_migration_needed ... ok
test first_and_noop_migration ... ok
test multiple_migrations ... ok
test noop_and_second_migration ... ok
test change_columns ... ok
test one_simple_migration ... ok
test wrong_adding_order ... ok
test pre_columns ... ok
test second_migration ... ok

test result: ok. 10 passed; 0 failed; 0 ignored; 0 measured; 0 filtered out

     Running target/release/deps/node_filter-b1f615d2af4326a1

running 1 test
test test::node_filter ... ok

test result: ok. 1 passed; 0 failed; 0 ignored; 0 measured; 0 filtered out

     Running target/release/deps/panic_hook-020a96b92815a33b

running 0 tests

test result: ok. 0 passed; 0 failed; 0 ignored; 0 measured; 0 filtered out

     Running target/release/deps/parity-9fe70f79c5a41969

running 0 tests

test result: ok. 0 passed; 0 failed; 0 ignored; 0 measured; 0 filtered out

     Running target/release/deps/parity_ethereum-a300cd2cfc1e6581

running 92 tests
test blockchain::test::test_data_format_parsing ... ok
test cache::tests::test_cache_config_default ... ok
test cache::tests::test_cache_config_constructor ... ok
test cache::tests::test_cache_config_db_cache_sizes ... ok
test cli::tests::should_deserialize_toml_file ... ok
test cli::tests::should_not_accept_min_peers_bigger_than_max_peers ... ok
test cli::tests::should_exit_gracefully_on_unknown_argument ... ok
test cli::tests::should_accept_max_peers_equal_or_bigger_than_min_peers ... ok
test cli::tests::should_not_use_config_if_cli_is_provided ... ok
test cli::tests::should_parse_args_and_include_config ... ok
test cli::tests::should_not_crash_on_warp ... ok
test cli::tests::should_parse_config_and_return_errors ... ok
test cli::tests::should_accept_any_argument_order ... ok
test cli::tests::should_parse_global_args_with_subcommand ... ok
test cli::tests::should_parse_full_config ... ok
test cli::tests::should_parse_args_and_flags ... ok
test cli::tests::should_use_config_if_cli_is_missing ... ok
test cli::usages_valid ... ok
test cli::tests::should_reject_invalid_values ... ok
test cli::tests::should_parse_multiple_values ... ok
test configuration::tests::should_expose_all_servers ... ok
test configuration::tests::should_apply_ports_shift ... ok
test configuration::tests::should_fail_on_force_reseal_and_reseal_min_period ... ok
test configuration::tests::allow_ips ... ok
test configuration::tests::should_ignore_comments_in_reserved_peers ... ok
test configuration::tests::should_not_bail_on_empty_line_in_reserved_peers ... ok
test cli::tests::should_use_subcommand_arg_default ... ok
test configuration::tests::should_parse_network_settings ... ok
test configuration::tests::should_parse_ipfs_cors ... ok
test configuration::tests::should_parse_ipfs_hosts ... ok
test configuration::tests::should_parse_mining_options ... ok
test configuration::tests::should_parse_rpc_settings_with_geth_compatiblity ... ok
test configuration::tests::should_parse_rpc_hosts ... ok
test configuration::tests::should_respect_only_max_peers_and_default ... ok
test configuration::tests::should_respect_only_max_peers_less_than_default ... ok
test configuration::tests::should_respect_only_min_peers_and_default ... ok
test configuration::tests::should_parse_updater_options ... ok
test configuration::tests::should_respect_only_min_peers_and_greater_than_default ... ok
test configuration::tests::should_parse_ui_configuration ... ok
test configuration::tests::test_command_account_list ... ok
test configuration::tests::should_use_correct_cache_path_if_base_is_set ... ok
test configuration::tests::test_command_blockchain_export_with_custom_format ... ok
test configuration::tests::test_command_account_new ... ok
test configuration::tests::test_command_blockchain_export ... ok
test configuration::tests::test_command_account_import ... ok
test configuration::tests::test_command_signer_new_token ... ok
test configuration::tests::test_command_version ... ok
test configuration::tests::test_command_state_export ... ok
test configuration::tests::test_command_blockchain_import ... ok
test configuration::tests::test_dev_insecure_preset ... ok
test configuration::tests::test_dev_preset ... ok
test configuration::tests::test_command_wallet_import ... ok
test configuration::tests::test_identity_arg ... ok
test configuration::tests::test_mining_preset ... ok
test configuration::tests::test_non_standard_ports_preset ... ok
test configuration::tests::test_insecure_preset ... ok
test deprecated::tests::test_find_deprecated ... ok
test helpers::tests::test_geth_ipc_path ... ok
test helpers::tests::test_password ... ok
test helpers::tests::test_password_multiline ... ok
test configuration::tests::test_override_preset ... ok
test helpers::tests::test_pending_set ... ok
test helpers::tests::test_to_address ... ok
test helpers::tests::test_to_block_id ... ok
test helpers::tests::test_to_addresses ... ok
test helpers::tests::test_to_bootnodes ... ok
test configuration::tests::test_run_cmd ... ok
test helpers::tests::test_to_price ... ok
test helpers::tests::test_to_duration ... ok
test helpers::tests::test_to_u256 ... ok
test params::tests::test_pruning_default ... ok
test params::tests::test_pruning_parsing ... ok
test params::tests::test_reseal_policy_default ... ok
test params::tests::test_spec_type_default ... ok
test params::tests::test_reseal_policy_parsing ... ok
test params::tests::test_spec_type_display ... ok
test params::tests::test_spec_type_parsing ... ok
test params::tests::test_switch_parsing ... ok
test params::tests::test_switch_to_bool ... ok
test params::tests::test_switch_default ... ok
test helpers::tests::test_to_mode ... ok
test rpc::tests::should_return_proper_address ... ok
test rpc_apis::test::test_all_apis ... ok
test rpc_apis::test::test_api_parsing ... ok
test rpc_apis::test::test_api_set_ipc_context ... ok
test rpc_apis::test::test_api_set_default ... ok
test rpc_apis::test::test_api_set_safe_context ... ok
test rpc_apis::test::test_api_set_parsing ... ok
test rpc_apis::test::test_safe_parsing ... ok
test rpc_apis::test::test_all_without_personal_apis ... ok
test rpc_apis::test::test_api_set_unsafe_context ... ok
test configuration::tests::test_ws_max_connections ... ok

test result: ok. 92 passed; 0 failed; 0 ignored; 0 measured; 0 filtered out

     Running target/release/deps/parity-5768fdba16bc3f3b

running 0 tests

test result: ok. 0 passed; 0 failed; 0 ignored; 0 measured; 0 filtered out

     Running target/release/deps/parity_hash_fetch-f7bb90a1cc1a082f

running 9 tests
test client::tests::should_return_error_if_hash_not_found ... ok
test client::tests::should_return_error_if_response_is_not_successful ... ok
test client::tests::should_return_hash_mismatch ... ok
test urlhint::tests::should_decode_urlhint_content_output ... ok
test urlhint::tests::should_guess_mime_type_from_url ... ok
test urlhint::tests::should_call_registrar_and_urlhint_contracts ... ok
test urlhint::tests::should_return_valid_url ... ok
test client::tests::should_return_path_if_hash_matches ... ok
test urlhint::tests::should_decode_urlhint_output ... ok

test result: ok. 9 passed; 0 failed; 0 ignored; 0 measured; 0 filtered out

     Running target/release/deps/parity_ipfs_api-10cecd8cc621ee27

running 12 tests
test route::tests::cid_route_block_list ... ok
test route::tests::cid_route_block ... ok
test route::tests::cid_route_contract_code ... ok
test route::tests::cid_route_invalid_codec ... ok
test route::tests::cid_route_tx ... ok
test route::tests::cid_route_state_trie ... ok
test route::tests::route_block ... ok
test route::tests::route_block_invalid_query ... ok
test route::tests::route_block_missing_query ... ok
test route::tests::test_get_param ... ok
test route::tests::route_invalid_route ... ok
test route::tests::cid_route_invalid_hash ... ok

test result: ok. 12 passed; 0 failed; 0 ignored; 0 measured; 0 filtered out

     Running target/release/deps/parity_local_store-aa3c0621e5c1fca3

running 3 tests
test tests::twice_empty ... ok
test tests::with_condition ... ok
test tests::skips_bad_transactions ... ok

test result: ok. 3 passed; 0 failed; 0 ignored; 0 measured; 0 filtered out

     Running target/release/deps/parity_machine-a784a7f6a87de45d

running 0 tests

test result: ok. 0 passed; 0 failed; 0 ignored; 0 measured; 0 filtered out

     Running target/release/deps/parity_reactor-2cc428d0c090d273

running 0 tests

test result: ok. 0 passed; 0 failed; 0 ignored; 0 measured; 0 filtered out

     Running target/release/deps/parity_rpc-a0b8f5dd2e3df188

running 287 tests
test authcodes::tests::should_read_old_format_from_file ... ok
test authcodes::tests::should_remove_old_unused_tokens ... ok
test authcodes::tests::should_return_false_if_code_is_unknown ... ok
test authcodes::tests::should_return_true_if_hash_is_valid ... ok
test authcodes::tests::should_return_true_if_code_is_initial_and_store_is_empty ... ok
test authcodes::tests::should_return_false_if_hash_is_valid_but_time_is_invalid ... ok
test tests::rpc::testsing::should_extract_dapp_origin ... ok
test tests::rpc::testsing::should_extract_dapp_origin_from_extension ... ok
test tests::rpc::testsing::should_extract_rpc_origin ... ok
test tests::ws::testing::should_block_if_authorization_is_incorrect ... ok
test tests::ws::testing::should_not_redirect_to_parity_host ... ok
test v1::extractors::tests::should_dapps_origin ... ok
test v1::extractors::tests::should_extract_rpc_origin ... ok
test v1::helpers::block_import::tests::is_still_verifying ... ok
test v1::helpers::block_import::tests::is_synced_state ... ok
test v1::helpers::nonce::tests::should_reserve_a_set_of_nonces_and_resolve_them ... ok
test v1::helpers::nonce::tests::should_return_prospective_nonce ... ok
test v1::helpers::poll_manager::tests::test_poll_indexer ... ok
test v1::helpers::secretstore::tests::encrypt_and_decrypt_document ... ok
test tests::rpc::testsing::should_extract_rpc_origin_with_service ... ok
test v1::helpers::signing_queue::test::should_add_transactions ... ok
test v1::helpers::signing_queue::test::should_receive_notification ... ok
test v1::helpers::signing_queue::test::should_wait_for_hash ... ok
test v1::helpers::subscription_manager::tests::should_poll_subscribed_method ... ok
test v1::informant::tests::should_approximate_median ... ok
test v1::informant::tests::should_be_sync_and_send ... ok
test v1::informant::tests::should_calculate_rate ... ok
test v1::informant::tests::should_count_rpc_stats ... ok
test v1::helpers::secretstore::tests::encrypt_and_shadow_decrypt_document ... ok
test v1::tests::eth::eth_get_balance ... ok
test v1::tests::eth::eth_block_number ... ok
test v1::tests::eth::eth_get_block ... ok
test v1::tests::eth::eth_transaction_count ... ok
test v1::tests::eth::eth_transaction_count_1 ... ok
test v1::tests::eth::eth_get_block_by_hash ... ok
test v1::tests::eth::eth_transaction_count_2 ... ok
test v1::tests::eth::harness_works ... ok
test v1::tests::eth::starting_nonce_test ... ok
test v1::tests::mocked::eth::rpc_blocks_filter ... ok
test v1::tests::mocked::eth::rpc_eth_accounts ... ok
test v1::tests::eth::eth_transaction_count_3 ... ok
test v1::tests::mocked::eth::rpc_eth_balance ... ok
test v1::tests::mocked::eth::rpc_eth_balance_pending ... ok
test v1::tests::mocked::eth::rpc_eth_block_number ... ok
test v1::tests::mocked::eth::rpc_eth_block_transaction_count_by_hash ... ok
test v1::tests::mocked::eth::rpc_eth_call ... ok
test v1::tests::mocked::eth::rpc_eth_call_default_block ... ok
test v1::tests::mocked::eth::rpc_eth_call_latest ... ok
test v1::tests::mocked::eth::rpc_eth_code ... ok
test v1::tests::mocked::eth::rpc_eth_compile_lll ... ignored
test v1::tests::mocked::eth::rpc_eth_compile_serpent ... ignored
test v1::tests::mocked::eth::rpc_eth_compile_solidity ... ignored
test v1::tests::mocked::eth::rpc_eth_compilers ... ignored
test v1::tests::mocked::eth::rpc_eth_estimate_gas ... ok
test v1::tests::mocked::eth::rpc_eth_estimate_gas_default_block ... ok
test v1::tests::mocked::eth::rpc_eth_gas_price ... ok
test v1::tests::mocked::eth::rpc_eth_hashrate ... ok
test v1::tests::mocked::eth::rpc_eth_logs ... ok
test v1::tests::mocked::eth::rpc_eth_mining ... ok
test v1::tests::mocked::eth::rpc_eth_pending_transaction_by_hash ... ok
test v1::tests::mocked::eth::rpc_eth_protocol_version ... ok
test v1::tests::mocked::eth::rpc_eth_send_raw_transaction ... ok
test v1::tests::mocked::eth::rpc_eth_send_raw_transaction_error ... ok
test v1::tests::mocked::eth::rpc_eth_author ... ok
test v1::tests::mocked::eth::rpc_eth_send_transaction_error ... ok
test v1::tests::mocked::eth::rpc_eth_send_transaction_with_bad_to ... ok
test v1::tests::mocked::eth::rpc_eth_send_transaction ... ok
test v1::tests::mocked::eth::rpc_eth_sign ... ok
test v1::tests::mocked::eth::rpc_eth_storage_at ... ok
test v1::tests::mocked::eth::rpc_eth_submit_hashrate ... ok
test v1::tests::mocked::eth::rpc_eth_sign_transaction ... ok
test v1::tests::mocked::eth::rpc_eth_transaction_count ... ok
test v1::tests::mocked::eth::rpc_eth_transaction_count_by_number ... ok
test v1::tests::mocked::eth::rpc_eth_transaction_count_by_number_pending ... ok
test v1::tests::mocked::eth::rpc_eth_transaction_count_next_nonce ... ok
test v1::tests::mocked::eth::rpc_eth_transaction_receipt ... ok
test v1::tests::mocked::eth::rpc_eth_transaction_receipt_null ... ok
test v1::tests::mocked::eth::rpc_eth_uncle_count_by_block_hash ... ok
test v1::tests::mocked::eth::rpc_eth_uncle_count_by_block_number ... ok
test v1::tests::mocked::eth::rpc_get_work_returns_correct_work_package ... ok
test v1::tests::mocked::eth::rpc_get_work_returns_no_work_if_cant_mine ... ok
test v1::tests::mocked::eth::rpc_get_work_should_not_return_block_number ... ok
test v1::tests::mocked::eth::rpc_get_work_should_timeout ... ok
test v1::tests::mocked::eth::rpc_logs_filter ... ok
test v1::tests::mocked::eth_pubsub::should_return_unimplemented ... ok
test v1::tests::mocked::eth_pubsub::should_subscribe_to_logs ... ok
test v1::tests::mocked::eth_pubsub::should_subscribe_to_new_heads ... ok
test v1::tests::mocked::eth_pubsub::should_subscribe_to_pending_transactions ... ok
test v1::tests::mocked::net::rpc_net_listening ... ok
test v1::tests::mocked::eth::rpc_eth_syncing ... ok
test v1::tests::mocked::net::rpc_net_version ... ok
test v1::tests::mocked::net::rpc_net_peer_count ... ok
test v1::tests::mocked::parity::rpc_parity_call ... ok
test v1::tests::mocked::parity::rpc_parity_chain ... ok
test v1::tests::mocked::parity::rpc_parity_chain_id ... ok
test v1::tests::mocked::parity::rpc_parity_chain_status ... ok
test v1::tests::mocked::parity::rpc_parity_cid ... ok
test v1::tests::mocked::parity::rpc_parity_consensus_capability ... ok
test v1::tests::mocked::parity::rpc_parity_accounts_info ... ok
test v1::tests::mocked::parity::rpc_parity_default_extra_data ... ok
test v1::tests::mocked::parity::rpc_parity_dev_logs ... ok
test v1::tests::mocked::parity::rpc_parity_dev_logs_levels ... ok
test v1::tests::mocked::parity::rpc_parity_encrypt ... ok
test v1::tests::mocked::parity::rpc_parity_extra_data ... ok
test v1::tests::mocked::parity::rpc_parity_default_account ... ok
test v1::tests::mocked::parity::rpc_parity_gas_floor_target ... ok
test v1::tests::mocked::parity::rpc_parity_local_transactions ... ok
test v1::tests::mocked::parity::rpc_parity_min_gas_price ... ok
test v1::tests::mocked::parity::rpc_parity_net_chain ... ok
test v1::tests::mocked::parity::rpc_parity_net_peers ... ok
test v1::tests::mocked::parity::rpc_parity_net_port ... ok
test v1::tests::mocked::parity::rpc_parity_node_kind ... ok
test v1::tests::mocked::parity::rpc_parity_next_nonce ... ok
test v1::tests::mocked::parity::rpc_parity_node_name ... ok
test v1::tests::mocked::parity::rpc_parity_pending_transactions ... ok
test v1::tests::mocked::parity::rpc_parity_releases_info ... ok
test v1::tests::mocked::parity::rpc_parity_transactions_limit ... ok
test v1::tests::mocked::parity::rpc_parity_rpc_settings ... ok
test v1::tests::mocked::parity::rpc_parity_transactions_stats ... ok
test v1::tests::mocked::parity::rpc_parity_unsigned_transactions_count ... ok
test v1::tests::mocked::parity::rpc_parity_unsigned_transactions_count_when_signer_disabled ... ok
test v1::tests::mocked::parity::rpc_parity_version_info ... ok
test v1::tests::mocked::parity::rpc_parity_ws_address ... ok
test v1::tests::mocked::parity_accounts::derive_key_index ... ok
test v1::tests::mocked::parity_accounts::derive_key_hash ... ok
test v1::tests::mocked::parity_accounts::rpc_parity_change_vault ... ok
test v1::tests::mocked::parity_accounts::rpc_parity_close_vault ... ok
test v1::tests::mocked::parity_accounts::rpc_parity_change_vault_password ... ok
test v1::tests::mocked::parity_accounts::rpc_parity_get_set_vault_meta ... ok
test v1::tests::mocked::parity_accounts::rpc_parity_list_opened_vaults ... ok
test v1::tests::mocked::parity_accounts::rpc_parity_list_vaults ... ok
test v1::tests::mocked::parity_accounts::rpc_parity_new_vault ... ok
test v1::tests::mocked::parity_accounts::rpc_parity_recent_dapps ... ok
test v1::tests::mocked::parity_accounts::rpc_parity_set_and_get_dapp_default_address ... ok
test v1::tests::mocked::parity_accounts::rpc_parity_set_and_get_dapps_accounts ... ok
test v1::tests::mocked::parity_accounts::rpc_parity_set_and_get_new_dapps_default_address ... ok
test v1::tests::mocked::parity_accounts::rpc_parity_set_and_get_new_dapps_whitelist ... ok
test v1::tests::mocked::parity_accounts::rpc_parity_open_vault ... ok
test v1::tests::mocked::parity_accounts::should_be_able_to_get_account_info ... ok
test v1::tests::mocked::parity_accounts::should_be_able_to_kill_account ... ok
test v1::tests::mocked::parity_accounts::should_be_able_to_remove_address ... ok
test v1::tests::mocked::parity_accounts::should_be_able_to_set_meta ... ok
test v1::tests::mocked::parity_accounts::should_be_able_to_set_name ... ok
test v1::tests::mocked::parity_accounts::rpc_parity_vault_adds_vault_field_to_acount_meta ... ok
test v1::tests::mocked::parity_accounts::should_import_wallet ... ok
test v1::tests::mocked::parity_accounts::should_export_account ... ok
test v1::tests::mocked::parity_set::rpc_parity_execute_upgrade ... ok
test v1::tests::mocked::parity_set::rpc_parity_remove_transaction ... ok
test v1::tests::mocked::parity_set::rpc_parity_set_author ... ok
test v1::tests::mocked::parity_set::rpc_parity_set_engine_signer ... ok
test v1::tests::mocked::parity_accounts::should_sign_message ... ok
test v1::tests::mocked::parity_set::rpc_parity_set_extra_data ... ok
test v1::tests::mocked::parity_set::rpc_parity_set_gas_floor_target ... ok
test v1::tests::mocked::parity_set::rpc_parity_set_min_gas_price ... ok
test v1::tests::mocked::parity_set::rpc_parity_set_hash_content ... ok
test v1::tests::mocked::parity_set::rpc_parity_set_transactions_limit ... ok
test v1::tests::mocked::parity_set::rpc_parity_upgrade_ready ... ok
test v1::tests::mocked::personal::accounts ... ok
test v1::tests::mocked::personal::ec_recover_invalid_signature ... ok
test v1::tests::mocked::personal::ec_recover ... ok
test v1::tests::mocked::personal::new_account ... ok
test v1::tests::mocked::personal::should_unlock_account_permanently ... ok
test v1::tests::mocked::personal::should_unlock_not_account_temporarily_if_allow_perm_is_disabled ... ok
test v1::tests::mocked::personal::sign ... ok
test v1::tests::mocked::personal::send_transaction ... ok
test v1::tests::mocked::personal::sign_and_send_transaction_with_invalid_password ... ok
test v1::tests::mocked::personal::sign_transaction_with_invalid_password ... ok
test v1::tests::mocked::personal::sign_with_invalid_password ... ok
test v1::tests::mocked::personal::sign_and_send_transaction ... ok
test v1::tests::mocked::rpc::modules ... ok
test v1::tests::mocked::rpc::rpc_modules ... ok
test v1::tests::mocked::secretstore::rpc_secretstore_encrypt_and_decrypt ... ok
test v1::tests::mocked::secretstore::rpc_secretstore_generate_document_key ... ok
test v1::tests::mocked::secretstore::rpc_secretstore_servers_set_hash ... ok
test v1::tests::mocked::secretstore::rpc_secretstore_shadow_decrypt ... ok
test v1::tests::mocked::secretstore::rpc_secretstore_sign_raw_hash ... ok
test v1::tests::mocked::signer::should_alter_the_sender_and_nonce ... ok
test v1::tests::mocked::signer::should_confirm_data_sign_with_signature ... ok
test v1::tests::mocked::signer::should_confirm_decrypt_with_phrase ... ok
test v1::tests::mocked::signer::should_confirm_sign_transaction_with_rlp ... ok
test v1::tests::mocked::signer::should_confirm_transaction_and_dispatch ... ok
test v1::tests::mocked::signer::should_confirm_transaction_with_rlp ... ok
test v1::tests::mocked::signer::should_confirm_transaction_with_token ... ok
test v1::tests::mocked::signer::should_generate_new_token ... ok
test v1::tests::mocked::signer::should_generate_new_web_proxy_token ... ok
test v1::tests::mocked::signer::should_not_remove_sign_if_password_is_invalid ... ok
test v1::tests::mocked::signer::should_not_remove_transaction_if_password_is_invalid ... ok
test v1::tests::mocked::signer::should_reject_transaction_from_queue_without_dispatching ... ok
test v1::tests::mocked::signer::should_return_error_when_sender_does_not_match ... ok
test v1::tests::mocked::signer::should_return_list_of_items_to_confirm ... ok
test v1::tests::mocked::signing::should_add_decryption_to_the_queue ... ok
test v1::tests::mocked::signing::should_add_sign_to_queue ... ok
test v1::tests::mocked::signing::should_add_sign_transaction_to_the_queue ... ok
test v1::tests::mocked::signing::should_add_transaction_to_queue ... ok
test v1::tests::mocked::signing::should_check_status_of_request ... ok
test v1::tests::mocked::signing::should_check_status_of_request_when_its_resolved ... ok
test v1::tests::mocked::signing::should_compose_transaction ... ok
test v1::tests::mocked::signing::should_decrypt_message_if_account_is_unlocked ... ok
test v1::tests::mocked::signing::should_dispatch_transaction_if_account_is_unlock ... ok
test v1::tests::mocked::signing::should_post_sign_to_queue ... ok
test v1::tests::mocked::signing::should_sign_if_account_is_unlocked ... ok
test v1::tests::mocked::traces::rpc_trace_block ... ok
test v1::tests::mocked::traces::rpc_trace_block_missing_traces ... ok
test v1::tests::mocked::traces::rpc_trace_call ... ok
test v1::tests::mocked::traces::rpc_trace_call_state_pruned ... ok
test v1::tests::mocked::traces::rpc_trace_filter ... ok
test v1::tests::mocked::traces::rpc_trace_filter_missing_trace ... ok
test v1::tests::mocked::traces::rpc_trace_get ... ok
test v1::tests::mocked::traces::rpc_trace_get_missing_trace ... ok
test v1::tests::mocked::traces::rpc_trace_multi_call ... ok
test v1::tests::mocked::traces::rpc_trace_raw_transaction ... ok
test v1::tests::mocked::traces::rpc_trace_raw_transaction_state_pruned ... ok
test v1::tests::mocked::traces::rpc_trace_replay_block_transactions ... ok
test v1::tests::mocked::traces::rpc_trace_replay_transaction ... ok
test v1::tests::mocked::traces::rpc_trace_replay_transaction_state_pruned ... ok
test v1::tests::mocked::traces::rpc_trace_transaction ... ok
test v1::tests::mocked::traces::rpc_trace_transaction_missing_trace ... ok
test v1::tests::mocked::web3::rpc_web3_sha3 ... ok
test v1::tests::mocked::web3::rpc_web3_sha3_wiki ... ok
test v1::tests::mocked::web3::rpc_web3_version ... ok
test v1::types::block::tests::none_size_null ... ok
test v1::types::block::tests::test_serialize_block ... ok
test v1::types::block::tests::test_serialize_block_transactions ... ok
test v1::types::block::tests::test_serialize_header ... ok
test v1::types::block_number::tests::block_number_deserialization ... ok
test v1::types::block_number::tests::normal_block_number_to_id ... ok
test v1::types::block_number::tests::pending_block_number_to_id ... ok
test v1::types::block_number::tests::should_not_deserialize_decimal ... ok
test v1::types::bytes::tests::test_bytes_deserialize ... ok
test v1::types::bytes::tests::test_bytes_serialize ... ok
test v1::types::call_request::tests::call_request_deserialize ... ok
test v1::types::call_request::tests::call_request_deserialize2 ... ok
test v1::types::call_request::tests::call_request_deserialize_empty ... ok
test v1::types::confirmations::tests::should_deserialize_modification ... ok
test v1::types::confirmations::tests::should_serialize_confirmation_response_with_token ... ok
test v1::types::confirmations::tests::should_serialize_decrypt_confirmation ... ok
test v1::types::confirmations::tests::should_serialize_sign_confirmation ... ok
test v1::types::confirmations::tests::should_serialize_sign_transaction_confirmation ... ok
test v1::types::confirmations::tests::should_serialize_transaction_confirmation ... ok
test v1::types::filter::tests::filter_conversion ... ok
test v1::types::filter::tests::filter_deserialization ... ok
test v1::types::filter::tests::topic_deserialization ... ok
test v1::types::index::tests::block_number_deserialization ... ok
test v1::types::log::tests::log_serialization ... ok
test v1::types::node_kind::tests::availability ... ok
test v1::types::node_kind::tests::capability ... ok
test v1::types::node_kind::tests::node_kind ... ok
test v1::types::provenance::tests::should_deserialize_dapp_id ... ok
test v1::types::provenance::tests::should_serialize_dapp_id ... ok
test v1::types::provenance::tests::should_serialize_origin ... ok
test v1::types::pubsub::tests::should_deserialize_kind ... ok
test v1::types::pubsub::tests::should_deserialize_logs ... ok
test v1::types::pubsub::tests::should_serialize_header ... ok
test v1::types::receipt::tests::receipt_serialization ... ok
test v1::types::secretstore::tests::test_serialize_encrypted_document_key ... ok
test v1::types::sync::tests::test_serialize_block_gap ... ok
test v1::types::sync::tests::test_serialize_peers ... ok
test v1::types::sync::tests::test_serialize_sync_info ... ok
test v1::types::sync::tests::test_serialize_sync_status ... ok
test v1::types::sync::tests::test_serialize_transaction_stats ... ok
test v1::types::trace::tests::should_serialize_trace_results ... ok
test v1::types::trace::tests::test_statediff_serialize ... ok
test v1::types::trace::tests::test_trace_call_serialize ... ok
test v1::types::trace::tests::test_trace_create_serialize ... ok
test v1::types::trace::tests::test_trace_failed_call_serialize ... ok
test v1::types::trace::tests::test_trace_failed_create_serialize ... ok
test v1::types::trace::tests::test_trace_reward_serialize ... ok
test v1::types::trace::tests::test_trace_suicide_serialize ... ok
test v1::types::trace::tests::test_vmtrace_serialize ... ok
test v1::types::trace_filter::tests::test_empty_trace_filter_deserialize ... ok
test v1::types::trace_filter::tests::test_trace_filter_deserialize ... ok
test v1::types::transaction::tests::test_local_transaction_status_serialize ... ok
test v1::types::transaction::tests::test_transaction_serialize ... ok
test v1::types::transaction_condition::tests::condition_deserialization ... ok
test v1::types::transaction_condition::tests::condition_into ... ok
test v1::types::transaction_request::tests::test_format_ether ... ok
test v1::types::transaction_request::tests::transaction_request_deserialize ... ok
test v1::types::transaction_request::tests::transaction_request_deserialize2 ... ok
test v1::types::transaction_request::tests::transaction_request_deserialize_empty ... ok
test v1::types::transaction_request::tests::transaction_request_deserialize_error ... ok
test v1::types::transaction_request::tests::transaction_request_deserialize_test ... ok
test v1::types::uint::tests::should_deserialize_u256 ... ok
test v1::types::uint::tests::should_fail_to_deserialize_decimals ... ok
test v1::types::uint::tests::should_serialize_u256 ... ok
test tests::ws::testing::should_allow_if_authorization_is_correct ... ok
test tests::ws::testing::should_allow_initial_connection_but_only_once ... ok
test v1::tests::mocked::pubsub::should_subscribe_to_a_method ... ok

test result: ok. 283 passed; 0 failed; 4 ignored; 0 measured; 0 filtered out

     Running target/release/deps/parity_rpc_client-94a230e1220a80be

running 3 tests
test tests::test_authcode_fail ... ok
test tests::test_authcode_correct ... ok
test tests::test_connection_refused ... ok

test result: ok. 3 passed; 0 failed; 0 ignored; 0 measured; 0 filtered out

     Running target/release/deps/parity_updater-251357fc493c6547

running 16 tests
test types::release_track::tests::test_release_track_from ... ok
test types::release_track::tests::test_release_track_from_str ... ok
test types::release_track::tests::test_release_track_into_str ... ok
test types::release_track::tests::test_release_track_into ... ok
test updater::tests::should_detect_already_downloaded_releases ... ok
test updater::tests::should_check_for_updates_with_configured_frequency ... ok
test updater::tests::should_backoff_retry_when_update_fails ... ok
test updater::tests::should_ignore_current_fetch_on_new_release ... ok
test updater::tests::should_auto_install_updates_if_update_policy_allows ... ok
test updater::tests::should_quit_backoff_on_new_release ... ok
test updater::tests::should_randomly_delay_new_updates ... ok
test updater::tests::should_stay_idle_when_no_release ... ok
test updater::tests::should_update_capability ... ok
test updater::tests::should_update_on_new_release ... ok
test updater::tests::should_stay_disabled_after_fatal_error ... ok
test updater::tests::should_not_delay_old_updates ... ok

test result: ok. 16 passed; 0 failed; 0 ignored; 0 measured; 0 filtered out

     Running target/release/deps/parity_version-8b4b6c21d2725c98

running 0 tests

test result: ok. 0 passed; 0 failed; 0 ignored; 0 measured; 0 filtered out

     Running target/release/deps/parity_whisper-f496bf23dfd094d5

running 24 tests
test message::tests::future_message ... ok
test message::tests::passes_checks ... ok
test message::tests::pre_epoch ... ok
test message::tests::round_trip_multitopic ... ok
test message::tests::round_trip ... ok
test rpc::crypto::tests::encrypt_broadcast ... ok
test rpc::crypto::tests::encrypt_symmetric ... ok
test rpc::filter::tests::basic_match ... ok
test net::tests::message_gets_relayed ... ok
test rpc::filter::tests::rejects_empty_topics ... ok
test rpc::key_store::tests::generated_key_should_exist ... ok
test rpc::filter::tests::decrypt_and_decode ... ok
test rpc::payload::tests::encode_decode_roundtrip ... ok
test rpc::key_store::tests::rejects_invalid_secret ... ok
test rpc::payload::tests::encode_with_padding ... ok
test rpc::payload::tests::encode_with_padding_and_signature ... ok
test rpc::payload::tests::encode_with_signature ... ok
test rpc::payload::tests::padding_len_bytes_sanity ... ok
test rpc::types::tests::deserialize_topic ... ok
test rpc::types::tests::test_bytes_deserialize ... ok
test rpc::types::tests::test_bytes_serialize ... ok
test rpc::crypto::tests::encrypt_asymmetric ... ok
test rpc::payload::tests::encode_empty ... ok
test message::tests::create_message ... ok

test result: ok. 24 passed; 0 failed; 0 ignored; 0 measured; 0 filtered out

     Running target/release/deps/patricia_trie_ethereum-d96f2061259d7f9c

running 0 tests

test result: ok. 0 passed; 0 failed; 0 ignored; 0 measured; 0 filtered out

     Running target/release/deps/price_info-09e92d8b60c07d72

running 3 tests
test test::should_not_call_set_price_if_response_is_malformed ... ok
test test::should_not_call_set_price_if_response_is_invalid ... ok
test test::should_get_price_info ... ok

test result: ok. 3 passed; 0 failed; 0 ignored; 0 measured; 0 filtered out

     Running target/release/deps/pwasm_run_test-2078dfc4c431cc5d

running 0 tests

test result: ok. 0 passed; 0 failed; 0 ignored; 0 measured; 0 filtered out

     Running target/release/deps/registrar-7c16d1e40281e78f

running 0 tests

test result: ok. 0 passed; 0 failed; 0 ignored; 0 measured; 0 filtered out

     Running target/release/deps/rlp_compress-63956b443e5b7de3

running 0 tests

test result: ok. 0 passed; 0 failed; 0 ignored; 0 measured; 0 filtered out

     Running target/release/deps/compress-6733a16b44932781

running 5 tests
test invalid_rlp_swapper ... ok
test malformed_rlp ... ok
test nested_list_rlp ... ok
test large_block ... ok
test simple_compression ... ok

test result: ok. 5 passed; 0 failed; 0 ignored; 0 measured; 0 filtered out

     Running target/release/deps/rlp_derive-032a0e088b4ff0a9

running 0 tests

test result: ok. 0 passed; 0 failed; 0 ignored; 0 measured; 0 filtered out

     Running target/release/deps/rlp-ec0ad89bb31dd034

running 2 tests
test test_encode_foo_wrapper ... ok
test test_encode_foo ... ok

test result: ok. 2 passed; 0 failed; 0 ignored; 0 measured; 0 filtered out

     Running target/release/deps/rpc_cli-111468a7c93bf03b

running 0 tests

test result: ok. 0 passed; 0 failed; 0 ignored; 0 measured; 0 filtered out

     Running target/release/deps/stats-74a78f0f05b6c7c6

running 6 tests
test tests::check_corpus ... ok
test tests::check_histogram ... ok
test tests::data_range_is_not_multiple_of_bucket_range ... ok
test tests::data_range_is_multiple_of_bucket_range ... ok
test tests::none_when_too_few_data ... ok
test tests::smaller_data_range_than_bucket_range ... ok

test result: ok. 6 passed; 0 failed; 0 ignored; 0 measured; 0 filtered out

     Running target/release/deps/stop_guard-6bb2ee9ea9a85c23

running 0 tests

test result: ok. 0 passed; 0 failed; 0 ignored; 0 measured; 0 filtered out

     Running target/release/deps/trace_time-05b97f71634b70ed

running 0 tests

test result: ok. 0 passed; 0 failed; 0 ignored; 0 measured; 0 filtered out

     Running target/release/deps/transaction_pool-c425e6c141dc6d75

running 22 tests
test tests::listener::clear_queue ... ok
test tests::listener::cull_stalled ... ok
test tests::listener::insert_transaction ... ok
test tests::should_clear_queue ... ok
test tests::listener::remove_transaction ... ok
test tests::should_cull_stalled_transactions ... ok
test tests::should_construct_pending ... ok
test tests::should_import_even_if_limit_is_reached_and_should_replace_returns_insert_new ... ok
test tests::should_import_even_if_sender_limit_is_reached ... ok
test tests::should_not_import_even_if_limit_is_reached_and_should_replace_returns_false ... ok
test tests::should_re_insert_after_cull ... ok
test tests::should_reject_if_above_count ... ok
test tests::should_not_allow_same_transaction_twice ... ok
test tests::should_reject_if_above_mem_usage ... ok
test tests::should_reject_if_above_sender_count ... ok
test tests::should_replace_transaction ... ok
test tests::should_remove_transaction ... ok
test tests::should_return_worst_transaction ... ok
test tests::should_return_is_full ... ok
test tests::should_update_scoring_correctly ... ok
test tests::should_return_unordered_iterator ... ok
test tests::should_cull_stalled_transactions_from_a_sender ... ok

test result: ok. 22 passed; 0 failed; 0 ignored; 0 measured; 0 filtered out

     Running target/release/deps/triehash_ethereum-3c3db549030eebcf

running 2 tests
test tests::simple_test ... ok
test tests::proxy_works ... ok

test result: ok. 2 passed; 0 failed; 0 ignored; 0 measured; 0 filtered out

     Running target/release/deps/unexpected-cdbbbcff2b4bc77e

running 0 tests

test result: ok. 0 passed; 0 failed; 0 ignored; 0 measured; 0 filtered out

     Running target/release/deps/using_queue-4dccd9a5b0d32ccd

running 17 tests
test should_find_again_when_pushed_and_cloned ... ok
test should_find_when_others_used ... ok
test should_find_when_pushed_and_used ... ok
test should_find_when_pushed_and_used_with_clone ... ok
test should_have_same_semantics_for_get_take_clone ... ok
test should_not_find_again_when_pushed_and_taken ... ok
test should_not_find_when_not_used_and_then_pushed ... ok
test should_not_find_when_not_used_peeked_and_then_pushed ... ok
test should_not_find_when_pushed_with_clone ... ok
test should_not_find_when_pushed ... ok
test should_not_find_when_too_many_used ... ok
test should_not_pop_unused_before_used ... ok
test should_not_remove_used_popped ... ok
test should_peek_correctly_after_push ... ok
test should_pop_unused ... ok
test should_pop_used ... ok
test should_inspect_correctly ... ok

test result: ok. 17 passed; 0 failed; 0 ignored; 0 measured; 0 filtered out

     Running target/release/deps/vm-2f760f107a8096f3

running 5 tests
test call_type::tests::should_encode_and_decode_call_type ... ok
test env_info::tests::it_can_be_created_as_default ... ok
test call_type::tests::encode_call_type ... ok
test schedule::schedule_evm_assumptions ... ok
test env_info::tests::it_serializes_from_json ... ok

test result: ok. 5 passed; 0 failed; 0 ignored; 0 measured; 0 filtered out

     Running target/release/deps/wasm-cb1b986e2e7db102

running 29 tests
test panic_payload::tests::empty_str_is_none ... ok
test panic_payload::tests::invalid_utf8 ... ok
test panic_payload::tests::only_msg ... ok
test panic_payload::tests::it_works ... ok
test panic_payload::tests::trailing_data ... ok
test tests::call_msg ... ok
test tests::call_code ... ok
test tests::dispersion ... ok
test tests::call_static ... ok
test tests::create ... ok
test tests::embedded_keccak ... ok
test tests::events ... ok
test tests::identity ... ok
test tests::externs ... ok
test tests::keccak ... ok
test tests::logger ... ok
test tests::math_add ... ok
test tests::math_mul ... ok
test tests::empty ... ok
test tests::math_sub_with_overflow ... ok
test tests::math_sub ... ok
test tests::math_div ... ok
test tests::realloc ... ok
test tests::storage_read ... ok
test tests::suicide ... ok
test tests::suicide_not ... ok
test tests::storage_metering ... ok
test tests::recursive ... ok
test tests::alloc ... ok

test result: ok. 29 passed; 0 failed; 0 ignored; 0 measured; 0 filtered out

     Running target/release/deps/whisper-6253f0ac9108cbd9

running 4 tests
test tests::privileged_port ... ignored
test tests::invalid_argument ... ok
test tests::invalid_whisper_pool_size ... ok
test tests::invalid_ip_address ... ok

test result: ok. 3 passed; 0 failed; 1 ignored; 0 measured; 0 filtered out

   Doc-tests ethjson

running 0 tests

test result: ok. 0 passed; 0 failed; 0 ignored; 0 measured; 0 filtered out

   Doc-tests ethcore-logger

running 0 tests

test result: ok. 0 passed; 0 failed; 0 ignored; 0 measured; 0 filtered out

   Doc-tests vm

running 0 tests

test result: ok. 0 passed; 0 failed; 0 ignored; 0 measured; 0 filtered out

   Doc-tests common-types

running 0 tests

test result: ok. 0 passed; 0 failed; 0 ignored; 0 measured; 0 filtered out

   Doc-tests rlp_derive

running 0 tests

test result: ok. 0 passed; 0 failed; 0 ignored; 0 measured; 0 filtered out

   Doc-tests patricia-trie-ethereum

running 0 tests

test result: ok. 0 passed; 0 failed; 0 ignored; 0 measured; 0 filtered out

   Doc-tests keccak-hasher

running 0 tests

test result: ok. 0 passed; 0 failed; 0 ignored; 0 measured; 0 filtered out

   Doc-tests wasm

running 0 tests

test result: ok. 0 passed; 0 failed; 0 ignored; 0 measured; 0 filtered out

   Doc-tests ethkey

running 0 tests

test result: ok. 0 passed; 0 failed; 0 ignored; 0 measured; 0 filtered out

   Doc-tests mem

running 0 tests

test result: ok. 0 passed; 0 failed; 0 ignored; 0 measured; 0 filtered out

   Doc-tests panic_hook

running 0 tests

test result: ok. 0 passed; 0 failed; 0 ignored; 0 measured; 0 filtered out

   Doc-tests dir

running 0 tests

test result: ok. 0 passed; 0 failed; 0 ignored; 0 measured; 0 filtered out

   Doc-tests journaldb

running 0 tests

test result: ok. 0 passed; 0 failed; 0 ignored; 0 measured; 0 filtered out

   Doc-tests ethstore

running 0 tests

test result: ok. 0 passed; 0 failed; 0 ignored; 0 measured; 0 filtered out

   Doc-tests ethcore

running 4 tests
test src/views/header.rs - views::header::HeaderView<'a>::new (line 37) ... ok
test src/views/block.rs - views::block::BlockView<'a>::new (line 38) ... ok
test src/views/body.rs - views::body::BodyView<'a>::new (line 38) ... ok
test src/views/transaction.rs - views::transaction::TransactionView<'a>::new (line 35) ... ok

test result: ok. 4 passed; 0 failed; 0 ignored; 0 measured; 0 filtered out

   Doc-tests blooms-db

running 0 tests

test result: ok. 0 passed; 0 failed; 0 ignored; 0 measured; 0 filtered out

   Doc-tests ethash

running 0 tests

test result: ok. 0 passed; 0 failed; 0 ignored; 0 measured; 0 filtered out

   Doc-tests ethcore-bloom-journal

running 0 tests

test result: ok. 0 passed; 0 failed; 0 ignored; 0 measured; 0 filtered out

   Doc-tests ethcore-io

running 1 test
test src/lib.rs -  (line 21) ... ok

test result: ok. 1 passed; 0 failed; 0 ignored; 0 measured; 0 filtered out

   Doc-tests ethcore-miner

running 0 tests

test result: ok. 0 passed; 0 failed; 0 ignored; 0 measured; 0 filtered out

   Doc-tests ethcore-transaction

running 0 tests

test result: ok. 0 passed; 0 failed; 0 ignored; 0 measured; 0 filtered out

   Doc-tests evm

running 0 tests

test result: ok. 0 passed; 0 failed; 0 ignored; 0 measured; 0 filtered out

   Doc-tests memory-cache

running 0 tests

test result: ok. 0 passed; 0 failed; 0 ignored; 0 measured; 0 filtered out

   Doc-tests unexpected

running 0 tests

test result: ok. 0 passed; 0 failed; 0 ignored; 0 measured; 0 filtered out

   Doc-tests fetch

running 0 tests

test result: ok. 0 passed; 0 failed; 0 ignored; 0 measured; 0 filtered out

   Doc-tests parity-reactor

running 0 tests

test result: ok. 0 passed; 0 failed; 0 ignored; 0 measured; 0 filtered out

   Doc-tests price-info

running 0 tests

test result: ok. 0 passed; 0 failed; 0 ignored; 0 measured; 0 filtered out

   Doc-tests fake-fetch

running 0 tests

test result: ok. 0 passed; 0 failed; 0 ignored; 0 measured; 0 filtered out

   Doc-tests trace-time

running 0 tests

test result: ok. 0 passed; 0 failed; 0 ignored; 0 measured; 0 filtered out

   Doc-tests transaction-pool

running 0 tests

test result: ok. 0 passed; 0 failed; 0 ignored; 0 measured; 0 filtered out

   Doc-tests ethcore-stratum

running 0 tests

test result: ok. 0 passed; 0 failed; 0 ignored; 0 measured; 0 filtered out

   Doc-tests macros

running 0 tests

test result: ok. 0 passed; 0 failed; 0 ignored; 0 measured; 0 filtered out

   Doc-tests parity-machine

running 0 tests

test result: ok. 0 passed; 0 failed; 0 ignored; 0 measured; 0 filtered out

   Doc-tests rlp_compress

running 0 tests

test result: ok. 0 passed; 0 failed; 0 ignored; 0 measured; 0 filtered out

   Doc-tests stats

running 0 tests

test result: ok. 0 passed; 0 failed; 0 ignored; 0 measured; 0 filtered out

   Doc-tests stop-guard

running 0 tests

test result: ok. 0 passed; 0 failed; 0 ignored; 0 measured; 0 filtered out

   Doc-tests triehash-ethereum

running 0 tests

test result: ok. 0 passed; 0 failed; 0 ignored; 0 measured; 0 filtered out

   Doc-tests using_queue

running 0 tests

test result: ok. 0 passed; 0 failed; 0 ignored; 0 measured; 0 filtered out

   Doc-tests hardware-wallet

running 0 tests

test result: ok. 0 passed; 0 failed; 0 ignored; 0 measured; 0 filtered out

   Doc-tests fake-hardware-wallet

running 0 tests

test result: ok. 0 passed; 0 failed; 0 ignored; 0 measured; 0 filtered out

   Doc-tests parity-ethereum

running 1 test
test parity/configuration.rs - configuration::Configuration::parse_cli (line 104) ... ok

test result: ok. 1 passed; 0 failed; 0 ignored; 0 measured; 0 filtered out

   Doc-tests ethcore-light

running 0 tests

test result: ok. 0 passed; 0 failed; 0 ignored; 0 measured; 0 filtered out

   Doc-tests ethcore-network

running 0 tests

test result: ok. 0 passed; 0 failed; 0 ignored; 0 measured; 0 filtered out

   Doc-tests ethcore-private-tx

running 0 tests

test result: ok. 0 passed; 0 failed; 0 ignored; 0 measured; 0 filtered out

   Doc-tests ethcore-secretstore

running 0 tests

test result: ok. 0 passed; 0 failed; 0 ignored; 0 measured; 0 filtered out

   Doc-tests ethcore-sync

running 0 tests

test result: ok. 0 passed; 0 failed; 0 ignored; 0 measured; 0 filtered out

   Doc-tests ethcore-network-devp2p

running 1 test
test src/lib.rs -  (line 21) ... ok

test result: ok. 1 passed; 0 failed; 0 ignored; 0 measured; 0 filtered out

   Doc-tests ethcore-service

running 0 tests

test result: ok. 0 passed; 0 failed; 0 ignored; 0 measured; 0 filtered out

   Doc-tests migration-rocksdb

running 0 tests

test result: ok. 0 passed; 0 failed; 0 ignored; 0 measured; 0 filtered out

   Doc-tests node-filter

running 0 tests

test result: ok. 0 passed; 0 failed; 0 ignored; 0 measured; 0 filtered out

   Doc-tests parity-hash-fetch

running 0 tests

test result: ok. 0 passed; 0 failed; 0 ignored; 0 measured; 0 filtered out

   Doc-tests registrar

running 0 tests

test result: ok. 0 passed; 0 failed; 0 ignored; 0 measured; 0 filtered out

   Doc-tests parity-ipfs-api

running 0 tests

test result: ok. 0 passed; 0 failed; 0 ignored; 0 measured; 0 filtered out

   Doc-tests parity-local-store

running 0 tests

test result: ok. 0 passed; 0 failed; 0 ignored; 0 measured; 0 filtered out

   Doc-tests parity-rpc

running 0 tests

test result: ok. 0 passed; 0 failed; 0 ignored; 0 measured; 0 filtered out

   Doc-tests ethcore-devtools

running 0 tests

test result: ok. 0 passed; 0 failed; 0 ignored; 0 measured; 0 filtered out

   Doc-tests parity-updater

running 0 tests

test result: ok. 0 passed; 0 failed; 0 ignored; 0 measured; 0 filtered out

   Doc-tests parity-version

running 0 tests

test result: ok. 0 passed; 0 failed; 0 ignored; 0 measured; 0 filtered out

   Doc-tests parity-rpc-client

running 0 tests

test result: ok. 0 passed; 0 failed; 0 ignored; 0 measured; 0 filtered out

   Doc-tests parity-whisper

running 0 tests

test result: ok. 0 passed; 0 failed; 0 ignored; 0 measured; 0 filtered out

   Doc-tests rpc-cli

running 0 tests

test result: ok. 0 passed; 0 failed; 0 ignored; 0 measured; 0 filtered out

